Java HotSpot(TM) 64-Bit Server VM (25.171-b11) for linux-amd64 JRE (1.8.0_171-b11), built on Mar 28 2018 17:07:08 by "java_re" with gcc 4.3.0 20080428 (Red Hat 4.3.0-8)
Memory: 4k page, physical 526961020k(113303956k free), swap 4882428k(4620988k free)
CommandLine flags: -XX:+AlwaysPreTouch -XX:+CITime -XX:+DisableExplicitGC -XX:+HeapDumpOnOutOfMemoryError -XX:HeapDumpPath=/ssd/work/75d1344eba795f19/ldbc/neo4j-connectors/results/profiles/3ad555a6-0c04-4a68-a2c4-beda2d96f98f/gc-profiled-run/LdbcSnbInteractive-Write.Summary__api-EMBEDDED_CORE___planner-DEFAULT___runtime-DEFAULT___scale_factor-100___store_format-STANDARD_.hprof -XX:InitialHeapSize=8589934592 -XX:LogFile=/ssd/work/75d1344eba795f19/ldbc/neo4j-connectors/results/profiles/3ad555a6-0c04-4a68-a2c4-beda2d96f98f/gc-profiled-run/LdbcSnbInteractive-Write.Summary__api-EMBEDDED_CORE___planner-DEFAULT___runtime-DEFAULT___scale_factor-100___store_format-STANDARD_-jvm.log -XX:+LogVMOutput -XX:MaxHeapSize=8589934592 -XX:-OmitStackTraceInFastThrow -XX:+PrintGC -XX:+PrintGCApplicationConcurrentTime -XX:+PrintGCApplicationStoppedTime -XX:+PrintGCDateStamps -XX:+PrintGCDetails -XX:+PrintGCTimeStamps -XX:+PrintSafepointStatistics -XX:PrintSafepointStatisticsCount=1 -XX:PrintSafepointStatisticsTimeout=500 -XX:+PrintTenuringDistribution -XX:+TrustFinalNonStaticFields -XX:+UnlockDiagnosticVMOptions -XX:+UnlockExperimentalVMOptions -XX:+UseCompressedClassPointers -XX:+UseCompressedOops -XX:+UseG1GC
2018-04-30T04:27:20.081+0200: 2.418: Application time: 0.1126086 seconds
2018-04-30T04:27:20.082+0200: 2.418: Total time for which application threads were stopped: 0.0001667 seconds, Stopping threads took: 0.0000337 seconds
2018-04-30T04:27:20.160+0200: 2.497: Application time: 0.0787950 seconds
2018-04-30T04:27:20.161+0200: 2.497: Total time for which application threads were stopped: 0.0002610 seconds, Stopping threads took: 0.0001391 seconds
2018-04-30T04:27:20.166+0200: 2.502: Application time: 0.0054275 seconds
2018-04-30T04:27:20.166+0200: 2.503: Total time for which application threads were stopped: 0.0001103 seconds, Stopping threads took: 0.0000320 seconds
2018-04-30T04:27:20.360+0200: 2.696: Application time: 0.1937827 seconds
2018-04-30T04:27:20.361+0200: 2.697: Total time for which application threads were stopped: 0.0005202 seconds, Stopping threads took: 0.0000252 seconds
2018-04-30T04:27:20.832+0200: 3.169: Application time: 0.4717807 seconds
2018-04-30T04:27:20.832+0200: 3.169: [GC pause (G1 Evacuation Pause) (young)
Desired survivor size 27262976 bytes, new threshold 15 (max 15)
, 0.1373133 secs]
   [Parallel Time: 132.5 ms, GC Workers: 30]
      [GC Worker Start (ms): Min: 3169.0, Avg: 3170.6, Max: 3175.8, Diff: 6.8]
      [Ext Root Scanning (ms): Min: 0.0, Avg: 0.2, Max: 1.4, Diff: 1.4, Sum: 5.4]
      [Update RS (ms): Min: 0.0, Avg: 3.4, Max: 6.3, Diff: 6.3, Sum: 101.8]
         [Processed Buffers: Min: 0, Avg: 2.2, Max: 5, Diff: 5, Sum: 67]
      [Scan RS (ms): Min: 0.0, Avg: 20.1, Max: 33.4, Diff: 33.4, Sum: 604.2]
      [Code Root Scanning (ms): Min: 0.0, Avg: 1.4, Max: 22.3, Diff: 22.3, Sum: 41.4]
      [Object Copy (ms): Min: 93.2, Avg: 105.3, Max: 106.8, Diff: 13.6, Sum: 3160.1]
      [Termination (ms): Min: 0.0, Avg: 0.2, Max: 0.2, Diff: 0.2, Sum: 5.8]
         [Termination Attempts: Min: 1, Avg: 88.6, Max: 111, Diff: 110, Sum: 2658]
      [GC Worker Other (ms): Min: 0.0, Avg: 0.1, Max: 0.7, Diff: 0.7, Sum: 3.5]
      [GC Worker Total (ms): Min: 125.5, Avg: 130.7, Max: 132.4, Diff: 6.9, Sum: 3922.3]
      [GC Worker End (ms): Min: 3301.3, Avg: 3301.3, Max: 3301.4, Diff: 0.1]
   [Code Root Fixup: 0.0 ms]
   [Code Root Purge: 0.0 ms]
   [Clear CT: 1.1 ms]
   [Other: 3.7 ms]
      [Choose CSet: 0.0 ms]
      [Ref Proc: 1.5 ms]
      [Ref Enq: 0.0 ms]
      [Redirty Cards: 1.5 ms]
      [Humongous Register: 0.1 ms]
      [Humongous Reclaim: 0.0 ms]
      [Free CSet: 0.2 ms]
   [Eden: 408.0M(408.0M)->0.0B(356.0M) Survivors: 0.0B->52.0M Heap: 510.5M(8192.0M)->493.3M(8192.0M)]
 [Times: user=3.30 sys=0.06, real=0.13 secs]
2018-04-30T04:27:20.970+0200: 3.306: Total time for which application threads were stopped: 0.1376473 seconds, Stopping threads took: 0.0000964 seconds
2018-04-30T04:27:21.316+0200: 3.652: Application time: 0.3456789 seconds
2018-04-30T04:27:21.316+0200: 3.652: [GC pause (G1 Evacuation Pause) (young)
Desired survivor size 27262976 bytes, new threshold 1 (max 15)
- age   1:   54419768 bytes,   54419768 total
, 0.2499448 secs]
   [Parallel Time: 245.9 ms, GC Workers: 30]
      [GC Worker Start (ms): Min: 3652.3, Avg: 3652.7, Max: 3653.0, Diff: 0.6]
      [Ext Root Scanning (ms): Min: 0.0, Avg: 0.1, Max: 0.6, Diff: 0.6, Sum: 2.6]
      [Update RS (ms): Min: 1.0, Avg: 1.6, Max: 2.7, Diff: 1.7, Sum: 47.4]
         [Processed Buffers: Min: 1, Avg: 1.2, Max: 2, Diff: 1, Sum: 36]
      [Scan RS (ms): Min: 63.2, Avg: 64.3, Max: 64.9, Diff: 1.7, Sum: 1927.6]
      [Code Root Scanning (ms): Min: 0.0, Avg: 0.1, Max: 2.7, Diff: 2.7, Sum: 2.9]
      [Object Copy (ms): Min: 175.8, Avg: 178.6, Max: 179.3, Diff: 3.5, Sum: 5357.0]
      [Termination (ms): Min: 0.0, Avg: 0.6, Max: 0.7, Diff: 0.7, Sum: 19.0]
         [Termination Attempts: Min: 1, Avg: 445.2, Max: 498, Diff: 497, Sum: 13357]
      [GC Worker Other (ms): Min: 0.0, Avg: 0.0, Max: 0.1, Diff: 0.1, Sum: 1.3]
      [GC Worker Total (ms): Min: 245.0, Avg: 245.3, Max: 245.7, Diff: 0.7, Sum: 7357.7]
      [GC Worker End (ms): Min: 3897.9, Avg: 3897.9, Max: 3898.0, Diff: 0.1]
   [Code Root Fixup: 0.0 ms]
   [Code Root Purge: 0.0 ms]
   [Clear CT: 0.4 ms]
   [Other: 3.6 ms]
      [Choose CSet: 0.0 ms]
      [Ref Proc: 0.4 ms]
      [Ref Enq: 0.0 ms]
      [Redirty Cards: 2.7 ms]
      [Humongous Register: 0.1 ms]
      [Humongous Reclaim: 0.0 ms]
      [Free CSet: 0.2 ms]
   [Eden: 356.0M(356.0M)->0.0B(356.0M) Survivors: 52.0M->52.0M Heap: 849.3M(8192.0M)->884.5M(8192.0M)]
 [Times: user=6.62 sys=0.09, real=0.25 secs]
2018-04-30T04:27:21.566+0200: 3.902: Total time for which application threads were stopped: 0.2502720 seconds, Stopping threads took: 0.0001135 seconds
2018-04-30T04:27:21.919+0200: 4.255: Application time: 0.3526800 seconds
2018-04-30T04:27:21.919+0200: 4.255: [GC pause (G1 Evacuation Pause) (young)
Desired survivor size 27262976 bytes, new threshold 1 (max 15)
- age   1:   47162776 bytes,   47162776 total
, 0.1019532 secs]
   [Parallel Time: 99.2 ms, GC Workers: 30]
      [GC Worker Start (ms): Min: 4255.3, Avg: 4255.5, Max: 4255.7, Diff: 0.4]
      [Ext Root Scanning (ms): Min: 0.0, Avg: 0.1, Max: 0.3, Diff: 0.3, Sum: 3.6]
      [Update RS (ms): Min: 1.6, Avg: 2.5, Max: 4.0, Diff: 2.5, Sum: 75.9]
         [Processed Buffers: Min: 1, Avg: 1.7, Max: 2, Diff: 1, Sum: 50]
      [Scan RS (ms): Min: 8.2, Avg: 9.9, Max: 11.1, Diff: 2.9, Sum: 296.7]
      [Code Root Scanning (ms): Min: 0.0, Avg: 0.0, Max: 0.0, Diff: 0.0, Sum: 0.0]
      [Object Copy (ms): Min: 85.2, Avg: 85.6, Max: 86.6, Diff: 1.4, Sum: 2567.8]
      [Termination (ms): Min: 0.0, Avg: 0.7, Max: 0.8, Diff: 0.8, Sum: 20.7]
         [Termination Attempts: Min: 1, Avg: 476.1, Max: 544, Diff: 543, Sum: 14282]
      [GC Worker Other (ms): Min: 0.0, Avg: 0.0, Max: 0.1, Diff: 0.1, Sum: 1.5]
      [GC Worker Total (ms): Min: 98.7, Avg: 98.9, Max: 99.1, Diff: 0.4, Sum: 2966.2]
      [GC Worker End (ms): Min: 4354.3, Avg: 4354.3, Max: 4354.4, Diff: 0.1]
   [Code Root Fixup: 0.0 ms]
   [Code Root Purge: 0.0 ms]
   [Clear CT: 0.3 ms]
   [Other: 2.4 ms]
      [Choose CSet: 0.0 ms]
      [Ref Proc: 0.3 ms]
      [Ref Enq: 0.0 ms]
      [Redirty Cards: 1.6 ms]
      [Humongous Register: 0.1 ms]
      [Humongous Reclaim: 0.0 ms]
      [Free CSet: 0.1 ms]
   [Eden: 356.0M(356.0M)->0.0B(356.0M) Survivors: 52.0M->52.0M Heap: 1240.5M(8192.0M)->1274.5M(8192.0M)]
 [Times: user=2.86 sys=0.02, real=0.10 secs]
2018-04-30T04:27:22.021+0200: 4.357: Total time for which application threads were stopped: 0.1022328 seconds, Stopping threads took: 0.0001014 seconds
2018-04-30T04:27:22.365+0200: 4.702: Application time: 0.3444575 seconds
2018-04-30T04:27:22.365+0200: 4.702: [GC pause (G1 Evacuation Pause) (young)
Desired survivor size 27262976 bytes, new threshold 1 (max 15)
- age   1:   42445312 bytes,   42445312 total
, 0.1132230 secs]
   [Parallel Time: 110.5 ms, GC Workers: 30]
      [GC Worker Start (ms): Min: 4701.9, Avg: 4702.1, Max: 4702.3, Diff: 0.4]
      [Ext Root Scanning (ms): Min: 0.0, Avg: 0.1, Max: 0.3, Diff: 0.3, Sum: 4.4]
      [Update RS (ms): Min: 1.6, Avg: 2.1, Max: 4.4, Diff: 2.8, Sum: 63.1]
         [Processed Buffers: Min: 1, Avg: 1.5, Max: 2, Diff: 1, Sum: 45]
      [Scan RS (ms): Min: 7.8, Avg: 10.1, Max: 11.4, Diff: 3.6, Sum: 303.7]
      [Code Root Scanning (ms): Min: 0.0, Avg: 0.0, Max: 0.0, Diff: 0.0, Sum: 0.0]
      [Object Copy (ms): Min: 96.4, Avg: 97.2, Max: 97.7, Diff: 1.3, Sum: 2916.7]
      [Termination (ms): Min: 0.0, Avg: 0.4, Max: 0.5, Diff: 0.5, Sum: 12.3]
         [Termination Attempts: Min: 1, Avg: 274.0, Max: 308, Diff: 307, Sum: 8220]
      [GC Worker Other (ms): Min: 0.0, Avg: 0.1, Max: 0.1, Diff: 0.1, Sum: 1.6]
      [GC Worker Total (ms): Min: 109.8, Avg: 110.1, Max: 110.3, Diff: 0.5, Sum: 3301.9]
      [GC Worker End (ms): Min: 4812.1, Avg: 4812.2, Max: 4812.3, Diff: 0.1]
   [Code Root Fixup: 0.0 ms]
   [Code Root Purge: 0.0 ms]
   [Clear CT: 0.3 ms]
   [Other: 2.4 ms]
      [Choose CSet: 0.0 ms]
      [Ref Proc: 0.5 ms]
      [Ref Enq: 0.0 ms]
      [Redirty Cards: 1.4 ms]
      [Humongous Register: 0.1 ms]
      [Humongous Reclaim: 0.0 ms]
      [Free CSet: 0.1 ms]
   [Eden: 356.0M(356.0M)->0.0B(356.0M) Survivors: 52.0M->52.0M Heap: 1630.5M(8192.0M)->1668.5M(8192.0M)]
 [Times: user=3.19 sys=0.01, real=0.11 secs]
2018-04-30T04:27:22.479+0200: 4.815: Total time for which application threads were stopped: 0.1135461 seconds, Stopping threads took: 0.0001011 seconds
2018-04-30T04:27:22.686+0200: 5.023: Application time: 0.2076432 seconds
2018-04-30T04:27:22.687+0200: 5.023: Total time for which application threads were stopped: 0.0002608 seconds, Stopping threads took: 0.0001018 seconds
2018-04-30T04:27:22.733+0200: 5.070: Application time: 0.0464734 seconds
2018-04-30T04:27:22.733+0200: 5.070: Total time for which application threads were stopped: 0.0002301 seconds, Stopping threads took: 0.0000877 seconds
2018-04-30T04:27:22.742+0200: 5.079: Application time: 0.0088419 seconds
2018-04-30T04:27:22.742+0200: 5.079: Total time for which application threads were stopped: 0.0001667 seconds, Stopping threads took: 0.0000637 seconds
2018-04-30T04:27:22.752+0200: 5.088: Application time: 0.0096269 seconds
2018-04-30T04:27:22.752+0200: 5.089: Total time for which application threads were stopped: 0.0001838 seconds, Stopping threads took: 0.0000946 seconds
2018-04-30T04:27:22.862+0200: 5.198: Application time: 0.1098457 seconds
2018-04-30T04:27:22.862+0200: 5.199: Total time for which application threads were stopped: 0.0001512 seconds, Stopping threads took: 0.0000260 seconds
2018-04-30T04:27:23.010+0200: 5.347: Application time: 0.1482111 seconds
2018-04-30T04:27:23.011+0200: 5.347: Total time for which application threads were stopped: 0.0004023 seconds, Stopping threads took: 0.0001091 seconds
2018-04-30T04:27:23.037+0200: 5.373: Application time: 0.0258567 seconds
2018-04-30T04:27:23.037+0200: 5.374: Total time for which application threads were stopped: 0.0004093 seconds, Stopping threads took: 0.0001250 seconds
2018-04-30T04:27:23.975+0200: 6.312: Application time: 0.9381736 seconds
2018-04-30T04:27:23.976+0200: 6.312: Total time for which application threads were stopped: 0.0004943 seconds, Stopping threads took: 0.0001434 seconds
2018-04-30T04:27:24.976+0200: 7.312: Application time: 1.0001494 seconds
2018-04-30T04:27:24.976+0200: 7.313: Total time for which application threads were stopped: 0.0001834 seconds, Stopping threads took: 0.0001112 seconds
2018-04-30T04:28:28.472+0200: 70.808: Application time: 63.4956000 seconds
2018-04-30T04:28:28.472+0200: 70.808: [GC pause (G1 Evacuation Pause) (young)
Desired survivor size 27262976 bytes, new threshold 1 (max 15)
- age   1:   38200448 bytes,   38200448 total
, 0.0449361 secs]
   [Parallel Time: 38.7 ms, GC Workers: 30]
      [GC Worker Start (ms): Min: 70808.6, Avg: 70809.0, Max: 70809.5, Diff: 0.9]
      [Ext Root Scanning (ms): Min: 0.0, Avg: 0.4, Max: 1.8, Diff: 1.8, Sum: 11.4]
      [Update RS (ms): Min: 2.9, Avg: 3.6, Max: 6.3, Diff: 3.4, Sum: 107.2]
         [Processed Buffers: Min: 1, Avg: 1.9, Max: 4, Diff: 3, Sum: 58]
      [Scan RS (ms): Min: 0.6, Avg: 3.3, Max: 4.0, Diff: 3.4, Sum: 97.6]
      [Code Root Scanning (ms): Min: 0.0, Avg: 0.0, Max: 0.6, Diff: 0.6, Sum: 1.2]
      [Object Copy (ms): Min: 30.0, Avg: 30.6, Max: 30.9, Diff: 0.9, Sum: 918.0]
      [Termination (ms): Min: 0.0, Avg: 0.0, Max: 0.0, Diff: 0.0, Sum: 0.1]
         [Termination Attempts: Min: 1, Avg: 1.0, Max: 2, Diff: 1, Sum: 31]
      [GC Worker Other (ms): Min: 0.0, Avg: 0.1, Max: 0.2, Diff: 0.1, Sum: 2.1]
      [GC Worker Total (ms): Min: 37.4, Avg: 37.9, Max: 38.3, Diff: 0.9, Sum: 1137.6]
      [GC Worker End (ms): Min: 70846.8, Avg: 70846.9, Max: 70847.0, Diff: 0.1]
   [Code Root Fixup: 0.0 ms]
   [Code Root Purge: 0.1 ms]
   [Clear CT: 1.6 ms]
   [Other: 4.6 ms]
      [Choose CSet: 0.0 ms]
      [Ref Proc: 2.9 ms]
      [Ref Enq: 0.1 ms]
      [Redirty Cards: 0.8 ms]
      [Humongous Register: 0.1 ms]
      [Humongous Reclaim: 0.0 ms]
      [Free CSet: 0.2 ms]
   [Eden: 356.0M(356.0M)->0.0B(356.0M) Survivors: 52.0M->52.0M Heap: 2024.5M(8192.0M)->1978.5M(8192.0M)]
 [Times: user=1.13 sys=0.03, real=0.04 secs]
2018-04-30T04:28:28.517+0200: 70.853: Total time for which application threads were stopped: 0.0453349 seconds, Stopping threads took: 0.0001059 seconds
2018-04-30T04:28:28.687+0200: 71.024: Application time: 0.1702624 seconds
2018-04-30T04:28:28.688+0200: 71.024: Total time for which application threads were stopped: 0.0004370 seconds, Stopping threads took: 0.0001199 seconds
2018-04-30T04:28:28.780+0200: 71.116: Application time: 0.0920227 seconds
2018-04-30T04:28:28.780+0200: 71.116: [GC pause (Metadata GC Threshold) (young) (initial-mark)
Desired survivor size 27262976 bytes, new threshold 1 (max 15)
- age   1:   51569000 bytes,   51569000 total
, 0.0308054 secs]
   [Parallel Time: 25.0 ms, GC Workers: 30]
      [GC Worker Start (ms): Min: 71116.6, Avg: 71117.1, Max: 71117.6, Diff: 1.0]
      [Ext Root Scanning (ms): Min: 0.1, Avg: 0.6, Max: 1.1, Diff: 1.0, Sum: 19.4]
      [Update RS (ms): Min: 0.7, Avg: 1.1, Max: 1.5, Diff: 0.8, Sum: 32.3]
         [Processed Buffers: Min: 1, Avg: 1.7, Max: 6, Diff: 5, Sum: 52]
      [Scan RS (ms): Min: 0.4, Avg: 0.9, Max: 1.3, Diff: 0.8, Sum: 27.7]
      [Code Root Scanning (ms): Min: 0.0, Avg: 0.0, Max: 0.2, Diff: 0.2, Sum: 0.9]
      [Object Copy (ms): Min: 21.1, Avg: 21.3, Max: 21.7, Diff: 0.6, Sum: 637.7]
      [Termination (ms): Min: 0.0, Avg: 0.3, Max: 0.4, Diff: 0.4, Sum: 9.5]
         [Termination Attempts: Min: 1, Avg: 192.7, Max: 215, Diff: 214, Sum: 5780]
      [GC Worker Other (ms): Min: 0.0, Avg: 0.1, Max: 0.1, Diff: 0.1, Sum: 1.8]
      [GC Worker Total (ms): Min: 23.8, Avg: 24.3, Max: 24.8, Diff: 1.0, Sum: 729.2]
      [GC Worker End (ms): Min: 71141.4, Avg: 71141.4, Max: 71141.5, Diff: 0.1]
   [Code Root Fixup: 0.0 ms]
   [Code Root Purge: 0.0 ms]
   [Clear CT: 2.8 ms]
   [Other: 3.0 ms]
      [Choose CSet: 0.0 ms]
      [Ref Proc: 1.6 ms]
      [Ref Enq: 0.0 ms]
      [Redirty Cards: 0.8 ms]
      [Humongous Register: 0.0 ms]
      [Humongous Reclaim: 0.0 ms]
      [Free CSet: 0.1 ms]
   [Eden: 72.0M(356.0M)->0.0B(356.0M) Survivors: 52.0M->52.0M Heap: 2050.5M(8192.0M)->2068.5M(8192.0M)]
 [Times: user=0.72 sys=0.01, real=0.03 secs]
2018-04-30T04:28:28.811+0200: 71.147: [GC concurrent-root-region-scan-start]
2018-04-30T04:28:28.811+0200: 71.147: Total time for which application threads were stopped: 0.0312443 seconds, Stopping threads took: 0.0000936 seconds
2018-04-30T04:28:28.812+0200: 71.149: Application time: 0.0011963 seconds
2018-04-30T04:28:28.812+0200: 71.149: Total time for which application threads were stopped: 0.0001383 seconds, Stopping threads took: 0.0000530 seconds
2018-04-30T04:28:28.813+0200: 71.150: [GC concurrent-root-region-scan-end, 0.0021970 secs]
2018-04-30T04:28:28.813+0200: 71.150: [GC concurrent-mark-start]
2018-04-30T04:28:28.813+0200: 71.150: Application time: 0.0009030 seconds
2018-04-30T04:28:28.813+0200: 71.150: Total time for which application threads were stopped: 0.0000792 seconds, Stopping threads took: 0.0000282 seconds
2018-04-30T04:28:29.935+0200: 72.271: Application time: 1.1211817 seconds
2018-04-30T04:28:29.935+0200: 72.271: Total time for which application threads were stopped: 0.0005246 seconds, Stopping threads took: 0.0001114 seconds
2018-04-30T04:28:29.935+0200: 72.272: [GC concurrent-mark-reset-for-overflow]
2018-04-30T04:28:30.148+0200: 72.485: Application time: 0.2133395 seconds
2018-04-30T04:28:30.149+0200: 72.485: Total time for which application threads were stopped: 0.0003538 seconds, Stopping threads took: 0.0001192 seconds
2018-04-30T04:28:30.168+0200: 72.504: Application time: 0.0191220 seconds
2018-04-30T04:28:30.168+0200: 72.505: Total time for which application threads were stopped: 0.0002686 seconds, Stopping threads took: 0.0000317 seconds
2018-04-30T04:28:30.193+0200: 72.529: Application time: 0.0247107 seconds
2018-04-30T04:28:30.193+0200: 72.530: Total time for which application threads were stopped: 0.0003153 seconds, Stopping threads took: 0.0000805 seconds
2018-04-30T04:28:30.211+0200: 72.547: Application time: 0.0175803 seconds
2018-04-30T04:28:30.211+0200: 72.548: Total time for which application threads were stopped: 0.0003247 seconds, Stopping threads took: 0.0001037 seconds
2018-04-30T04:28:30.246+0200: 72.582: Application time: 0.0349646 seconds
2018-04-30T04:28:30.247+0200: 72.583: Total time for which application threads were stopped: 0.0004647 seconds, Stopping threads took: 0.0001217 seconds
2018-04-30T04:28:30.348+0200: 72.684: [GC concurrent-mark-end, 1.5348042 secs]
2018-04-30T04:28:30.348+0200: 72.684: Application time: 0.1014308 seconds
2018-04-30T04:28:30.348+0200: 72.685: [GC remark 2018-04-30T04:28:30.348+0200: 72.685: [Finalize Marking, 0.0018271 secs] 2018-04-30T04:28:30.350+0200: 72.687: [GC ref-proc, 0.0007088 secs] 2018-04-30T04:28:30.351+0200: 72.687: [Unloading, 0.0041050 secs], 0.0084915 secs]
 [Times: user=0.20 sys=0.00, real=0.01 secs]
2018-04-30T04:28:30.357+0200: 72.693: Total time for which application threads were stopped: 0.0087761 seconds, Stopping threads took: 0.0000529 seconds
2018-04-30T04:28:30.357+0200: 72.693: Application time: 0.0000569 seconds
2018-04-30T04:28:30.357+0200: 72.693: [GC cleanup 2088M->2084M(8192M), 0.0025543 secs]
 [Times: user=0.03 sys=0.01, real=0.00 secs]
2018-04-30T04:28:30.360+0200: 72.696: Total time for which application threads were stopped: 0.0026698 seconds, Stopping threads took: 0.0000532 seconds
2018-04-30T04:28:30.360+0200: 72.696: [GC concurrent-cleanup-start]
2018-04-30T04:28:30.360+0200: 72.696: [GC concurrent-cleanup-end, 0.0000137 secs]
2018-04-30T04:28:31.010+0200: 73.346: Application time: 0.6499997 seconds
2018-04-30T04:28:31.010+0200: 73.346: Total time for which application threads were stopped: 0.0001695 seconds, Stopping threads took: 0.0000252 seconds
2018-04-30T04:28:31.016+0200: 73.352: Application time: 0.0061328 seconds
2018-04-30T04:28:31.016+0200: 73.352: Total time for which application threads were stopped: 0.0001096 seconds, Stopping threads took: 0.0000558 seconds
2018-04-30T04:28:31.292+0200: 73.628: Application time: 0.2759748 seconds
2018-04-30T04:28:31.292+0200: 73.629: [GC pause (G1 Evacuation Pause) (young) (initial-mark)
Desired survivor size 27262976 bytes, new threshold 1 (max 15)
- age   1:   27954696 bytes,   27954696 total
, 0.0069811 secs]
   [Parallel Time: 4.0 ms, GC Workers: 30]
      [GC Worker Start (ms): Min: 73628.8, Avg: 73629.2, Max: 73629.5, Diff: 0.7]
      [Ext Root Scanning (ms): Min: 0.3, Avg: 0.6, Max: 0.9, Diff: 0.6, Sum: 18.3]
      [Update RS (ms): Min: 0.4, Avg: 0.7, Max: 1.4, Diff: 1.0, Sum: 20.7]
         [Processed Buffers: Min: 1, Avg: 1.9, Max: 5, Diff: 4, Sum: 58]
      [Scan RS (ms): Min: 0.0, Avg: 0.0, Max: 0.2, Diff: 0.2, Sum: 1.1]
      [Code Root Scanning (ms): Min: 0.0, Avg: 0.1, Max: 0.5, Diff: 0.5, Sum: 1.6]
      [Object Copy (ms): Min: 1.3, Avg: 2.0, Max: 2.1, Diff: 0.8, Sum: 59.3]
      [Termination (ms): Min: 0.0, Avg: 0.0, Max: 0.0, Diff: 0.0, Sum: 0.2]
         [Termination Attempts: Min: 1, Avg: 1.1, Max: 2, Diff: 1, Sum: 33]
      [GC Worker Other (ms): Min: 0.0, Avg: 0.1, Max: 0.2, Diff: 0.2, Sum: 1.9]
      [GC Worker Total (ms): Min: 3.1, Avg: 3.4, Max: 3.8, Diff: 0.7, Sum: 103.1]
      [GC Worker End (ms): Min: 73632.6, Avg: 73632.6, Max: 73632.7, Diff: 0.2]
   [Code Root Fixup: 0.0 ms]
   [Code Root Purge: 0.0 ms]
   [Clear CT: 0.5 ms]
   [Other: 2.4 ms]
      [Choose CSet: 0.0 ms]
      [Ref Proc: 1.1 ms]
      [Ref Enq: 0.0 ms]
      [Redirty Cards: 0.4 ms]
      [Humongous Register: 0.1 ms]
      [Humongous Reclaim: 0.3 ms]
      [Free CSet: 0.1 ms]
   [Eden: 356.0M(356.0M)->0.0B(364.0M) Survivors: 52.0M->44.0M Heap: 3270.4M(8192.0M)->2399.0M(8192.0M)]
 [Times: user=0.10 sys=0.00, real=0.00 secs]
2018-04-30T04:28:31.299+0200: 73.636: [GC concurrent-root-region-scan-start]
2018-04-30T04:28:31.299+0200: 73.636: Total time for which application threads were stopped: 0.0073440 seconds, Stopping threads took: 0.0000989 seconds
2018-04-30T04:28:31.300+0200: 73.636: [GC concurrent-root-region-scan-end, 0.0007374 secs]
2018-04-30T04:28:31.300+0200: 73.636: [GC concurrent-mark-start]
2018-04-30T04:28:31.301+0200: 73.637: Application time: 0.0017044 seconds
2018-04-30T04:28:31.301+0200: 73.638: Total time for which application threads were stopped: 0.0001794 seconds, Stopping threads took: 0.0000645 seconds
2018-04-30T04:28:32.363+0200: 74.700: Application time: 1.0622976 seconds
2018-04-30T04:28:32.364+0200: 74.700: Total time for which application threads were stopped: 0.0002744 seconds, Stopping threads took: 0.0000959 seconds
2018-04-30T04:28:32.364+0200: 74.700: [GC concurrent-mark-reset-for-overflow]
2018-04-30T04:28:32.572+0200: 74.909: Application time: 0.2086657 seconds
2018-04-30T04:28:32.573+0200: 74.910: Total time for which application threads were stopped: 0.0009661 seconds, Stopping threads took: 0.0000701 seconds
2018-04-30T04:28:32.643+0200: 74.980: [GC concurrent-mark-end, 1.3433807 secs]
2018-04-30T04:28:32.643+0200: 74.980: Application time: 0.0700769 seconds
2018-04-30T04:28:32.644+0200: 74.980: [GC remark 2018-04-30T04:28:32.644+0200: 74.980: [Finalize Marking, 0.0008494 secs] 2018-04-30T04:28:32.645+0200: 74.981: [GC ref-proc, 0.0012811 secs] 2018-04-30T04:28:32.646+0200: 74.982: [Unloading, 0.0052803 secs], 0.0098101 secs]
 [Times: user=0.20 sys=0.00, real=0.01 secs]
2018-04-30T04:28:32.653+0200: 74.990: Total time for which application threads were stopped: 0.0099938 seconds, Stopping threads took: 0.0000719 seconds
2018-04-30T04:28:32.654+0200: 74.990: Application time: 0.0000694 seconds
2018-04-30T04:28:32.654+0200: 74.990: [GC cleanup 2610M->2610M(8192M), 0.0022837 secs]
 [Times: user=0.04 sys=0.00, real=0.00 secs]
2018-04-30T04:28:32.656+0200: 74.992: Total time for which application threads were stopped: 0.0024037 seconds, Stopping threads took: 0.0000544 seconds
2018-04-30T04:28:32.926+0200: 75.262: Application time: 0.2701747 seconds
2018-04-30T04:28:32.926+0200: 75.263: [GC pause (G1 Evacuation Pause) (young)
Desired survivor size 27262976 bytes, new threshold 15 (max 15)
- age   1:   12481096 bytes,   12481096 total
, 0.0080802 secs]
   [Parallel Time: 5.6 ms, GC Workers: 30]
      [GC Worker Start (ms): Min: 75262.8, Avg: 75263.3, Max: 75263.8, Diff: 1.0]
      [Ext Root Scanning (ms): Min: 0.0, Avg: 0.2, Max: 0.9, Diff: 0.9, Sum: 6.3]
      [Update RS (ms): Min: 0.0, Avg: 0.6, Max: 4.5, Diff: 4.5, Sum: 19.2]
         [Processed Buffers: Min: 0, Avg: 1.2, Max: 3, Diff: 3, Sum: 37]
      [Scan RS (ms): Min: 0.0, Avg: 0.0, Max: 0.0, Diff: 0.0, Sum: 0.5]
      [Code Root Scanning (ms): Min: 0.0, Avg: 0.2, Max: 0.7, Diff: 0.7, Sum: 4.7]
      [Object Copy (ms): Min: 0.0, Avg: 1.8, Max: 2.2, Diff: 2.2, Sum: 53.7]
      [Termination (ms): Min: 0.0, Avg: 1.9, Max: 2.3, Diff: 2.3, Sum: 57.0]
         [Termination Attempts: Min: 1, Avg: 1.9, Max: 3, Diff: 2, Sum: 58]
      [GC Worker Other (ms): Min: 0.0, Avg: 0.0, Max: 0.1, Diff: 0.1, Sum: 1.0]
      [GC Worker Total (ms): Min: 4.2, Avg: 4.7, Max: 5.2, Diff: 1.0, Sum: 142.4]
      [GC Worker End (ms): Min: 75268.0, Avg: 75268.1, Max: 75268.4, Diff: 0.4]
   [Code Root Fixup: 0.0 ms]
   [Code Root Purge: 0.0 ms]
   [Clear CT: 0.6 ms]
   [Other: 1.9 ms]
      [Choose CSet: 0.0 ms]
      [Ref Proc: 0.8 ms]
      [Ref Enq: 0.0 ms]
      [Redirty Cards: 0.5 ms]
      [Humongous Register: 0.1 ms]
      [Humongous Reclaim: 0.0 ms]
      [Free CSet: 0.1 ms]
   [Eden: 364.0M(364.0M)->0.0B(384.0M) Survivors: 44.0M->24.0M Heap: 2763.0M(8192.0M)->2376.5M(8192.0M)]
 [Times: user=0.15 sys=0.00, real=0.01 secs]
2018-04-30T04:28:32.934+0200: 75.271: Total time for which application threads were stopped: 0.0083499 seconds, Stopping threads took: 0.0001089 seconds
2018-04-30T04:28:33.495+0200: 75.831: Application time: 0.5604327 seconds
2018-04-30T04:28:33.495+0200: 75.831: [GC pause (G1 Evacuation Pause) (young)
Desired survivor size 27262976 bytes, new threshold 15 (max 15)
- age   1:    1294000 bytes,    1294000 total
- age   2:   12438432 bytes,   13732432 total
, 0.0048181 secs]
   [Parallel Time: 2.5 ms, GC Workers: 30]
      [GC Worker Start (ms): Min: 75831.6, Avg: 75832.1, Max: 75832.6, Diff: 1.1]
      [Ext Root Scanning (ms): Min: 0.0, Avg: 0.2, Max: 0.6, Diff: 0.6, Sum: 6.6]
      [Update RS (ms): Min: 0.0, Avg: 0.2, Max: 0.9, Diff: 0.9, Sum: 5.1]
         [Processed Buffers: Min: 0, Avg: 1.2, Max: 3, Diff: 3, Sum: 35]
      [Scan RS (ms): Min: 0.0, Avg: 0.0, Max: 0.1, Diff: 0.1, Sum: 0.7]
      [Code Root Scanning (ms): Min: 0.0, Avg: 0.1, Max: 0.8, Diff: 0.8, Sum: 1.6]
      [Object Copy (ms): Min: 0.5, Avg: 1.1, Max: 1.3, Diff: 0.8, Sum: 33.7]
      [Termination (ms): Min: 0.0, Avg: 0.1, Max: 0.1, Diff: 0.1, Sum: 2.6]
         [Termination Attempts: Min: 1, Avg: 1.0, Max: 1, Diff: 0, Sum: 30]
      [GC Worker Other (ms): Min: 0.0, Avg: 0.0, Max: 0.1, Diff: 0.1, Sum: 1.1]
      [GC Worker Total (ms): Min: 1.2, Avg: 1.7, Max: 2.2, Diff: 1.0, Sum: 51.4]
      [GC Worker End (ms): Min: 75833.7, Avg: 75833.8, Max: 75833.8, Diff: 0.1]
   [Code Root Fixup: 0.0 ms]
   [Code Root Purge: 0.0 ms]
   [Clear CT: 0.5 ms]
   [Other: 1.7 ms]
      [Choose CSet: 0.0 ms]
      [Ref Proc: 0.7 ms]
      [Ref Enq: 0.0 ms]
      [Redirty Cards: 0.5 ms]
      [Humongous Register: 0.1 ms]
      [Humongous Reclaim: 0.0 ms]
      [Free CSet: 0.1 ms]
   [Eden: 384.0M(384.0M)->0.0B(388.0M) Survivors: 24.0M->20.0M Heap: 2760.5M(8192.0M)->2373.7M(8192.0M)]
 [Times: user=0.05 sys=0.02, real=0.00 secs]
2018-04-30T04:28:33.500+0200: 75.836: Total time for which application threads were stopped: 0.0050711 seconds, Stopping threads took: 0.0000931 seconds
2018-04-30T04:28:34.051+0200: 76.388: Application time: 0.5514811 seconds
2018-04-30T04:28:34.052+0200: 76.388: [GC pause (G1 Evacuation Pause) (young)
Desired survivor size 27262976 bytes, new threshold 15 (max 15)
- age   1:      67728 bytes,      67728 total
- age   2:    1227432 bytes,    1295160 total
- age   3:   12438432 bytes,   13733592 total
, 0.0055381 secs]
   [Parallel Time: 3.3 ms, GC Workers: 30]
      [GC Worker Start (ms): Min: 76388.1, Avg: 76388.7, Max: 76389.2, Diff: 1.1]
      [Ext Root Scanning (ms): Min: 0.0, Avg: 0.2, Max: 0.8, Diff: 0.8, Sum: 6.1]
      [Update RS (ms): Min: 0.0, Avg: 0.2, Max: 0.7, Diff: 0.7, Sum: 6.0]
         [Processed Buffers: Min: 0, Avg: 1.1, Max: 3, Diff: 3, Sum: 34]
      [Scan RS (ms): Min: 0.0, Avg: 0.0, Max: 0.1, Diff: 0.1, Sum: 0.6]
      [Code Root Scanning (ms): Min: 0.0, Avg: 0.0, Max: 1.1, Diff: 1.1, Sum: 1.1]
      [Object Copy (ms): Min: 0.8, Avg: 1.7, Max: 1.9, Diff: 1.1, Sum: 52.3]
      [Termination (ms): Min: 0.0, Avg: 0.0, Max: 0.1, Diff: 0.1, Sum: 1.4]
         [Termination Attempts: Min: 1, Avg: 14.8, Max: 21, Diff: 20, Sum: 443]
      [GC Worker Other (ms): Min: 0.0, Avg: 0.1, Max: 0.1, Diff: 0.1, Sum: 2.1]
      [GC Worker Total (ms): Min: 1.8, Avg: 2.3, Max: 2.9, Diff: 1.1, Sum: 69.6]
      [GC Worker End (ms): Min: 76391.0, Avg: 76391.1, Max: 76391.1, Diff: 0.1]
   [Code Root Fixup: 0.0 ms]
   [Code Root Purge: 0.0 ms]
   [Clear CT: 0.5 ms]
   [Other: 1.7 ms]
      [Choose CSet: 0.0 ms]
      [Ref Proc: 0.8 ms]
      [Ref Enq: 0.0 ms]
      [Redirty Cards: 0.5 ms]
      [Humongous Register: 0.1 ms]
      [Humongous Reclaim: 0.0 ms]
      [Free CSet: 0.1 ms]
   [Eden: 388.0M(388.0M)->0.0B(388.0M) Survivors: 20.0M->20.0M Heap: 2761.7M(8192.0M)->2373.7M(8192.0M)]
 [Times: user=0.07 sys=0.01, real=0.00 secs]
2018-04-30T04:28:34.057+0200: 76.394: Total time for which application threads were stopped: 0.0057984 seconds, Stopping threads took: 0.0000903 seconds
2018-04-30T04:28:34.602+0200: 76.939: Application time: 0.5451201 seconds
2018-04-30T04:28:34.603+0200: 76.939: [GC pause (G1 Evacuation Pause) (young)
Desired survivor size 27262976 bytes, new threshold 15 (max 15)
- age   1:      67072 bytes,      67072 total
- age   2:       3728 bytes,      70800 total
- age   3:    1227432 bytes,    1298232 total
- age   4:   12438432 bytes,   13736664 total
, 0.0051630 secs]
   [Parallel Time: 2.8 ms, GC Workers: 30]
      [GC Worker Start (ms): Min: 76939.2, Avg: 76940.0, Max: 76940.7, Diff: 1.4]
      [Ext Root Scanning (ms): Min: 0.0, Avg: 0.2, Max: 1.0, Diff: 1.0, Sum: 6.2]
      [Update RS (ms): Min: 0.0, Avg: 0.2, Max: 0.9, Diff: 0.9, Sum: 5.7]
         [Processed Buffers: Min: 0, Avg: 1.1, Max: 4, Diff: 4, Sum: 34]
      [Scan RS (ms): Min: 0.0, Avg: 0.0, Max: 0.0, Diff: 0.0, Sum: 0.4]
      [Code Root Scanning (ms): Min: 0.0, Avg: 0.0, Max: 1.1, Diff: 1.1, Sum: 1.2]
      [Object Copy (ms): Min: 0.3, Avg: 1.2, Max: 1.3, Diff: 1.1, Sum: 34.6]
      [Termination (ms): Min: 0.0, Avg: 0.0, Max: 0.0, Diff: 0.0, Sum: 0.2]
         [Termination Attempts: Min: 1, Avg: 1.0, Max: 1, Diff: 0, Sum: 30]
      [GC Worker Other (ms): Min: 0.0, Avg: 0.1, Max: 0.2, Diff: 0.2, Sum: 2.4]
      [GC Worker Total (ms): Min: 0.9, Avg: 1.7, Max: 2.4, Diff: 1.5, Sum: 50.8]
      [GC Worker End (ms): Min: 76941.6, Avg: 76941.7, Max: 76941.7, Diff: 0.2]
   [Code Root Fixup: 0.0 ms]
   [Code Root Purge: 0.0 ms]
   [Clear CT: 0.5 ms]
   [Other: 1.8 ms]
      [Choose CSet: 0.0 ms]
      [Ref Proc: 0.8 ms]
      [Ref Enq: 0.0 ms]
      [Redirty Cards: 0.5 ms]
      [Humongous Register: 0.1 ms]
      [Humongous Reclaim: 0.0 ms]
      [Free CSet: 0.1 ms]
   [Eden: 388.0M(388.0M)->0.0B(560.0M) Survivors: 20.0M->20.0M Heap: 2761.7M(8192.0M)->2374.0M(8192.0M)]
 [Times: user=0.07 sys=0.00, real=0.01 secs]
2018-04-30T04:28:34.608+0200: 76.944: Total time for which application threads were stopped: 0.0055548 seconds, Stopping threads took: 0.0001058 seconds
2018-04-30T04:28:35.405+0200: 77.742: Application time: 0.7972120 seconds
2018-04-30T04:28:35.405+0200: 77.742: [GC pause (G1 Evacuation Pause) (young)
Desired survivor size 39845888 bytes, new threshold 15 (max 15)
- age   1:      67136 bytes,      67136 total
- age   2:       3024 bytes,      70160 total
- age   3:       3728 bytes,      73888 total
- age   4:    1227432 bytes,    1301320 total
- age   5:   12438432 bytes,   13739752 total
, 0.0060379 secs]
   [Parallel Time: 3.0 ms, GC Workers: 30]
      [GC Worker Start (ms): Min: 77742.0, Avg: 77742.8, Max: 77743.4, Diff: 1.4]
      [Ext Root Scanning (ms): Min: 0.0, Avg: 0.2, Max: 0.9, Diff: 0.9, Sum: 6.3]
      [Update RS (ms): Min: 0.0, Avg: 0.3, Max: 1.1, Diff: 1.1, Sum: 8.5]
         [Processed Buffers: Min: 0, Avg: 1.2, Max: 5, Diff: 5, Sum: 35]
      [Scan RS (ms): Min: 0.0, Avg: 0.0, Max: 0.1, Diff: 0.1, Sum: 0.8]
      [Code Root Scanning (ms): Min: 0.0, Avg: 0.0, Max: 0.6, Diff: 0.6, Sum: 0.7]
      [Object Copy (ms): Min: 0.5, Avg: 1.2, Max: 1.5, Diff: 1.0, Sum: 36.7]
      [Termination (ms): Min: 0.0, Avg: 0.0, Max: 0.0, Diff: 0.0, Sum: 0.2]
         [Termination Attempts: Min: 1, Avg: 1.0, Max: 1, Diff: 0, Sum: 30]
      [GC Worker Other (ms): Min: 0.0, Avg: 0.1, Max: 0.2, Diff: 0.2, Sum: 2.7]
      [GC Worker Total (ms): Min: 1.2, Avg: 1.9, Max: 2.6, Diff: 1.4, Sum: 55.8]
      [GC Worker End (ms): Min: 77744.6, Avg: 77744.6, Max: 77744.8, Diff: 0.2]
   [Code Root Fixup: 0.0 ms]
   [Code Root Purge: 0.0 ms]
   [Clear CT: 0.6 ms]
   [Other: 2.4 ms]
      [Choose CSet: 0.0 ms]
      [Ref Proc: 0.9 ms]
      [Ref Enq: 0.0 ms]
      [Redirty Cards: 0.8 ms]
      [Humongous Register: 0.1 ms]
      [Humongous Reclaim: 0.1 ms]
      [Free CSet: 0.2 ms]
   [Eden: 560.0M(560.0M)->0.0B(4880.0M) Survivors: 20.0M->20.0M Heap: 2934.0M(8192.0M)->2373.3M(8192.0M)]
 [Times: user=0.07 sys=0.00, real=0.01 secs]
2018-04-30T04:28:35.412+0200: 77.748: Total time for which application threads were stopped: 0.0065380 seconds, Stopping threads took: 0.0000966 seconds
2018-04-30T04:28:38.412+0200: 80.748: Application time: 3.0004024 seconds
2018-04-30T04:28:38.412+0200: 80.749: Total time for which application threads were stopped: 0.0001878 seconds, Stopping threads took: 0.0001329 seconds
2018-04-30T04:28:40.413+0200: 82.749: Application time: 2.0002534 seconds
2018-04-30T04:28:40.413+0200: 82.749: Total time for which application threads were stopped: 0.0001884 seconds, Stopping threads took: 0.0001181 seconds
2018-04-30T04:28:41.413+0200: 83.749: Application time: 1.0001507 seconds
2018-04-30T04:28:41.413+0200: 83.749: Total time for which application threads were stopped: 0.0001944 seconds, Stopping threads took: 0.0001353 seconds
2018-04-30T04:28:42.238+0200: 84.574: Application time: 0.8248081 seconds
2018-04-30T04:28:42.238+0200: 84.574: [GC pause (G1 Evacuation Pause) (young)
Desired survivor size 322961408 bytes, new threshold 15 (max 15)
- age   1:      68344 bytes,      68344 total
- age   2:       3088 bytes,      71432 total
- age   3:       3024 bytes,      74456 total
- age   4:       3728 bytes,      78184 total
- age   5:    1227432 bytes,    1305616 total
- age   6:   12438432 bytes,   13744048 total
, 0.0101503 secs]
   [Parallel Time: 4.6 ms, GC Workers: 30]
      [GC Worker Start (ms): Min: 84575.1, Avg: 84575.9, Max: 84576.6, Diff: 1.5]
      [Ext Root Scanning (ms): Min: 0.0, Avg: 0.2, Max: 1.0, Diff: 1.0, Sum: 7.4]
      [Update RS (ms): Min: 0.0, Avg: 1.3, Max: 2.0, Diff: 2.0, Sum: 40.4]
         [Processed Buffers: Min: 0, Avg: 1.9, Max: 5, Diff: 5, Sum: 57]
      [Scan RS (ms): Min: 0.1, Avg: 0.2, Max: 0.8, Diff: 0.7, Sum: 7.1]
      [Code Root Scanning (ms): Min: 0.0, Avg: 0.1, Max: 1.5, Diff: 1.5, Sum: 1.5]
      [Object Copy (ms): Min: 0.6, Avg: 1.3, Max: 1.7, Diff: 1.0, Sum: 38.2]
      [Termination (ms): Min: 0.0, Avg: 0.1, Max: 0.1, Diff: 0.1, Sum: 1.7]
         [Termination Attempts: Min: 1, Avg: 1.4, Max: 3, Diff: 2, Sum: 42]
      [GC Worker Other (ms): Min: 0.0, Avg: 0.2, Max: 0.4, Diff: 0.4, Sum: 5.8]
      [GC Worker Total (ms): Min: 2.6, Avg: 3.4, Max: 4.1, Diff: 1.5, Sum: 102.1]
      [GC Worker End (ms): Min: 84579.1, Avg: 84579.3, Max: 84579.5, Diff: 0.4]
   [Code Root Fixup: 0.0 ms]
   [Code Root Purge: 0.0 ms]
   [Clear CT: 1.2 ms]
   [Other: 4.3 ms]
      [Choose CSet: 0.0 ms]
      [Ref Proc: 0.9 ms]
      [Ref Enq: 0.0 ms]
      [Redirty Cards: 0.9 ms]
      [Humongous Register: 0.1 ms]
      [Humongous Reclaim: 0.1 ms]
      [Free CSet: 1.8 ms]
   [Eden: 4880.0M(4880.0M)->0.0B(4892.0M) Survivors: 20.0M->20.0M Heap: 7253.3M(8192.0M)->2373.6M(8192.0M)]
 [Times: user=0.13 sys=0.01, real=0.01 secs]
2018-04-30T04:28:42.249+0200: 84.585: Total time for which application threads were stopped: 0.0106344 seconds, Stopping threads took: 0.0000968 seconds
2018-04-30T04:28:43.249+0200: 85.585: Application time: 1.0001621 seconds
2018-04-30T04:28:43.249+0200: 85.585: Total time for which application threads were stopped: 0.0001916 seconds, Stopping threads took: 0.0001344 seconds
2018-04-30T04:28:44.249+0200: 86.585: Application time: 1.0001562 seconds
2018-04-30T04:28:44.249+0200: 86.586: Total time for which application threads were stopped: 0.0002034 seconds, Stopping threads took: 0.0001133 seconds
2018-04-30T04:28:48.985+0200: 91.322: Application time: 4.7360087 seconds
2018-04-30T04:28:48.985+0200: 91.322: [GC pause (G1 Evacuation Pause) (young)
Desired survivor size 322961408 bytes, new threshold 15 (max 15)
- age   1:     118120 bytes,     118120 total
- age   2:       4320 bytes,     122440 total
- age   3:       3088 bytes,     125528 total
- age   4:       3024 bytes,     128552 total
- age   5:       3728 bytes,     132280 total
- age   6:    1227432 bytes,    1359712 total
- age   7:   12438408 bytes,   13798120 total
, 0.0101049 secs]
   [Parallel Time: 4.9 ms, GC Workers: 30]
      [GC Worker Start (ms): Min: 91322.1, Avg: 91322.8, Max: 91323.6, Diff: 1.5]
      [Ext Root Scanning (ms): Min: 0.0, Avg: 0.2, Max: 0.9, Diff: 0.9, Sum: 6.5]
      [Update RS (ms): Min: 0.7, Avg: 1.7, Max: 2.9, Diff: 2.1, Sum: 51.8]
         [Processed Buffers: Min: 1, Avg: 2.0, Max: 4, Diff: 3, Sum: 59]
      [Scan RS (ms): Min: 0.1, Avg: 0.2, Max: 0.8, Diff: 0.7, Sum: 6.0]
      [Code Root Scanning (ms): Min: 0.0, Avg: 0.0, Max: 0.7, Diff: 0.7, Sum: 1.4]
      [Object Copy (ms): Min: 0.3, Avg: 1.3, Max: 1.8, Diff: 1.5, Sum: 38.8]
      [Termination (ms): Min: 0.0, Avg: 0.0, Max: 0.0, Diff: 0.0, Sum: 0.3]
         [Termination Attempts: Min: 1, Avg: 1.0, Max: 1, Diff: 0, Sum: 30]
      [GC Worker Other (ms): Min: 0.0, Avg: 0.2, Max: 0.5, Diff: 0.4, Sum: 6.6]
      [GC Worker Total (ms): Min: 2.8, Avg: 3.7, Max: 4.6, Diff: 1.8, Sum: 111.4]
      [GC Worker End (ms): Min: 91326.3, Avg: 91326.5, Max: 91326.7, Diff: 0.4]
   [Code Root Fixup: 0.0 ms]
   [Code Root Purge: 0.0 ms]
   [Clear CT: 1.1 ms]
   [Other: 4.0 ms]
      [Choose CSet: 0.0 ms]
      [Ref Proc: 1.0 ms]
      [Ref Enq: 0.0 ms]
      [Redirty Cards: 0.9 ms]
      [Humongous Register: 0.1 ms]
      [Humongous Reclaim: 0.1 ms]
      [Free CSet: 1.8 ms]
   [Eden: 4892.0M(4892.0M)->0.0B(4892.0M) Survivors: 20.0M->20.0M Heap: 7265.6M(8192.0M)->2374.3M(8192.0M)]
 [Times: user=0.13 sys=0.01, real=0.01 secs]
2018-04-30T04:28:48.996+0200: 91.332: Total time for which application threads were stopped: 0.0106018 seconds, Stopping threads took: 0.0000775 seconds
2018-04-30T04:28:55.871+0200: 98.207: Application time: 6.8746131 seconds
2018-04-30T04:28:55.871+0200: 98.207: [GC pause (G1 Evacuation Pause) (young)
Desired survivor size 322961408 bytes, new threshold 15 (max 15)
- age   1:     118208 bytes,     118208 total
- age   2:      53984 bytes,     172192 total
- age   3:       4320 bytes,     176512 total
- age   4:       3088 bytes,     179600 total
- age   5:       3024 bytes,     182624 total
- age   6:       3728 bytes,     186352 total
- age   7:    1227432 bytes,    1413784 total
- age   8:   12438408 bytes,   13852192 total
, 0.0106202 secs]
   [Parallel Time: 5.6 ms, GC Workers: 30]
      [GC Worker Start (ms): Min: 98207.3, Avg: 98208.0, Max: 98208.6, Diff: 1.3]
      [Ext Root Scanning (ms): Min: 0.0, Avg: 0.2, Max: 1.0, Diff: 1.0, Sum: 6.5]
      [Update RS (ms): Min: 0.7, Avg: 1.9, Max: 2.6, Diff: 1.9, Sum: 57.7]
         [Processed Buffers: Min: 1, Avg: 2.2, Max: 5, Diff: 4, Sum: 66]
      [Scan RS (ms): Min: 0.1, Avg: 0.2, Max: 0.8, Diff: 0.7, Sum: 7.3]
      [Code Root Scanning (ms): Min: 0.0, Avg: 0.0, Max: 0.7, Diff: 0.7, Sum: 0.8]
      [Object Copy (ms): Min: 1.4, Avg: 1.9, Max: 2.3, Diff: 0.9, Sum: 55.5]
      [Termination (ms): Min: 0.0, Avg: 0.0, Max: 0.0, Diff: 0.0, Sum: 0.4]
         [Termination Attempts: Min: 1, Avg: 2.4, Max: 5, Diff: 4, Sum: 71]
      [GC Worker Other (ms): Min: 0.0, Avg: 0.2, Max: 0.5, Diff: 0.5, Sum: 7.3]
      [GC Worker Total (ms): Min: 3.7, Avg: 4.5, Max: 5.4, Diff: 1.6, Sum: 135.5]
      [GC Worker End (ms): Min: 98212.3, Avg: 98212.5, Max: 98212.7, Diff: 0.5]
   [Code Root Fixup: 0.0 ms]
   [Code Root Purge: 0.0 ms]
   [Clear CT: 1.2 ms]
   [Other: 3.8 ms]
      [Choose CSet: 0.0 ms]
      [Ref Proc: 0.9 ms]
      [Ref Enq: 0.0 ms]
      [Redirty Cards: 0.8 ms]
      [Humongous Register: 0.1 ms]
      [Humongous Reclaim: 0.1 ms]
      [Free CSet: 1.8 ms]
   [Eden: 4892.0M(4892.0M)->0.0B(4892.0M) Survivors: 20.0M->20.0M Heap: 7266.3M(8192.0M)->2373.9M(8192.0M)]
 [Times: user=0.16 sys=0.00, real=0.01 secs]
2018-04-30T04:28:55.882+0200: 98.218: Total time for which application threads were stopped: 0.0111082 seconds, Stopping threads took: 0.0000989 seconds
2018-04-30T04:29:02.749+0200: 105.085: Application time: 6.8668753 seconds
2018-04-30T04:29:02.749+0200: 105.085: [GC pause (G1 Evacuation Pause) (young)
Desired survivor size 322961408 bytes, new threshold 15 (max 15)
- age   1:     101704 bytes,     101704 total
- age   2:      54160 bytes,     155864 total
- age   3:      53984 bytes,     209848 total
- age   4:       4320 bytes,     214168 total
- age   5:       3088 bytes,     217256 total
- age   6:       3024 bytes,     220280 total
- age   7:       3728 bytes,     224008 total
- age   8:    1227432 bytes,    1451440 total
- age   9:   12438408 bytes,   13889848 total
, 0.0105645 secs]
   [Parallel Time: 5.8 ms, GC Workers: 30]
      [GC Worker Start (ms): Min: 105085.3, Avg: 105086.2, Max: 105086.9, Diff: 1.6]
      [Ext Root Scanning (ms): Min: 0.0, Avg: 0.2, Max: 0.9, Diff: 0.9, Sum: 5.6]
      [Update RS (ms): Min: 0.9, Avg: 2.0, Max: 2.8, Diff: 1.9, Sum: 59.5]
         [Processed Buffers: Min: 1, Avg: 2.7, Max: 6, Diff: 5, Sum: 81]
      [Scan RS (ms): Min: 0.1, Avg: 0.3, Max: 0.8, Diff: 0.7, Sum: 7.8]
      [Code Root Scanning (ms): Min: 0.0, Avg: 0.1, Max: 1.7, Diff: 1.7, Sum: 2.0]
      [Object Copy (ms): Min: 0.3, Avg: 1.6, Max: 1.9, Diff: 1.6, Sum: 48.8]
      [Termination (ms): Min: 0.0, Avg: 0.0, Max: 0.0, Diff: 0.0, Sum: 0.2]
         [Termination Attempts: Min: 1, Avg: 1.0, Max: 1, Diff: 0, Sum: 30]
      [GC Worker Other (ms): Min: 0.0, Avg: 0.2, Max: 0.5, Diff: 0.5, Sum: 7.2]
      [GC Worker Total (ms): Min: 3.6, Avg: 4.4, Max: 5.5, Diff: 1.9, Sum: 131.2]
      [GC Worker End (ms): Min: 105090.3, Avg: 105090.6, Max: 105090.8, Diff: 0.5]
   [Code Root Fixup: 0.0 ms]
   [Code Root Purge: 0.0 ms]
   [Clear CT: 1.1 ms]
   [Other: 3.6 ms]
      [Choose CSet: 0.0 ms]
      [Ref Proc: 0.9 ms]
      [Ref Enq: 0.0 ms]
      [Redirty Cards: 0.6 ms]
      [Humongous Register: 0.1 ms]
      [Humongous Reclaim: 0.1 ms]
      [Free CSet: 1.8 ms]
   [Eden: 4892.0M(4892.0M)->0.0B(4892.0M) Survivors: 20.0M->20.0M Heap: 7265.9M(8192.0M)->2375.2M(8192.0M)]
 [Times: user=0.14 sys=0.01, real=0.01 secs]
2018-04-30T04:29:02.760+0200: 105.096: Total time for which application threads were stopped: 0.0111276 seconds, Stopping threads took: 0.0001305 seconds
2018-04-30T04:29:09.635+0200: 111.971: Application time: 6.8749963 seconds
2018-04-30T04:29:09.635+0200: 111.971: [GC pause (G1 Evacuation Pause) (young)
Desired survivor size 322961408 bytes, new threshold 15 (max 15)
- age   1:     118208 bytes,     118208 total
- age   2:      37680 bytes,     155888 total
- age   3:      54128 bytes,     210016 total
- age   4:      53984 bytes,     264000 total
- age   5:       4320 bytes,     268320 total
- age   6:       3088 bytes,     271408 total
- age   7:       3024 bytes,     274432 total
- age   8:       3728 bytes,     278160 total
- age   9:    1227432 bytes,    1505592 total
- age  10:   12438408 bytes,   13944000 total
, 0.0108945 secs]
   [Parallel Time: 6.3 ms, GC Workers: 30]
      [GC Worker Start (ms): Min: 111971.5, Avg: 111972.0, Max: 111972.7, Diff: 1.2]
      [Ext Root Scanning (ms): Min: 0.0, Avg: 0.2, Max: 1.0, Diff: 1.0, Sum: 6.2]
      [Update RS (ms): Min: 1.3, Avg: 2.4, Max: 3.2, Diff: 1.9, Sum: 70.8]
         [Processed Buffers: Min: 2, Avg: 2.8, Max: 6, Diff: 4, Sum: 84]
      [Scan RS (ms): Min: 0.1, Avg: 0.3, Max: 0.7, Diff: 0.6, Sum: 8.0]
      [Code Root Scanning (ms): Min: 0.0, Avg: 0.1, Max: 2.0, Diff: 2.0, Sum: 2.1]
      [Object Copy (ms): Min: 0.4, Avg: 1.9, Max: 2.4, Diff: 1.9, Sum: 58.0]
      [Termination (ms): Min: 0.0, Avg: 0.2, Max: 0.3, Diff: 0.3, Sum: 6.0]
         [Termination Attempts: Min: 1, Avg: 2.4, Max: 3, Diff: 2, Sum: 71]
      [GC Worker Other (ms): Min: 0.0, Avg: 0.2, Max: 0.3, Diff: 0.3, Sum: 4.6]
      [GC Worker Total (ms): Min: 4.6, Avg: 5.2, Max: 5.9, Diff: 1.3, Sum: 155.8]
      [GC Worker End (ms): Min: 111977.1, Avg: 111977.2, Max: 111977.4, Diff: 0.4]
   [Code Root Fixup: 0.0 ms]
   [Code Root Purge: 0.0 ms]
   [Clear CT: 1.1 ms]
   [Other: 3.4 ms]
      [Choose CSet: 0.0 ms]
      [Ref Proc: 0.8 ms]
      [Ref Enq: 0.0 ms]
      [Redirty Cards: 0.7 ms]
      [Humongous Register: 0.1 ms]
      [Humongous Reclaim: 0.1 ms]
      [Free CSet: 1.6 ms]
   [Eden: 4892.0M(4892.0M)->0.0B(4892.0M) Survivors: 20.0M->20.0M Heap: 7267.2M(8192.0M)->2373.3M(8192.0M)]
 [Times: user=0.17 sys=0.01, real=0.01 secs]
2018-04-30T04:29:09.646+0200: 111.982: Total time for which application threads were stopped: 0.0113859 seconds, Stopping threads took: 0.0001259 seconds
2018-04-30T04:29:16.536+0200: 118.872: Application time: 6.8898602 seconds
2018-04-30T04:29:16.536+0200: 118.872: [GC pause (G1 Evacuation Pause) (young)
Desired survivor size 322961408 bytes, new threshold 15 (max 15)
- age   1:     118256 bytes,     118256 total
- age   2:      54128 bytes,     172384 total
- age   3:      37680 bytes,     210064 total
- age   4:      54128 bytes,     264192 total
- age   5:      53984 bytes,     318176 total
- age   6:       4320 bytes,     322496 total
- age   7:       3088 bytes,     325584 total
- age   8:       3024 bytes,     328608 total
- age   9:       3728 bytes,     332336 total
- age  10:    1227432 bytes,    1559768 total
- age  11:   12438408 bytes,   13998176 total
, 0.0122733 secs]
   [Parallel Time: 7.3 ms, GC Workers: 30]
      [GC Worker Start (ms): Min: 118872.7, Avg: 118873.4, Max: 118874.2, Diff: 1.5]
      [Ext Root Scanning (ms): Min: 0.0, Avg: 0.2, Max: 0.9, Diff: 0.9, Sum: 6.0]
      [Update RS (ms): Min: 1.9, Avg: 2.8, Max: 3.4, Diff: 1.5, Sum: 82.9]
         [Processed Buffers: Min: 2, Avg: 3.3, Max: 8, Diff: 6, Sum: 98]
      [Scan RS (ms): Min: 0.1, Avg: 0.2, Max: 0.9, Diff: 0.8, Sum: 7.2]
      [Code Root Scanning (ms): Min: 0.0, Avg: 0.1, Max: 1.1, Diff: 1.1, Sum: 2.2]
      [Object Copy (ms): Min: 1.2, Avg: 1.9, Max: 2.3, Diff: 1.1, Sum: 55.8]
      [Termination (ms): Min: 0.0, Avg: 0.6, Max: 0.7, Diff: 0.7, Sum: 18.4]
         [Termination Attempts: Min: 1, Avg: 1.6, Max: 4, Diff: 3, Sum: 48]
      [GC Worker Other (ms): Min: 0.0, Avg: 0.2, Max: 0.4, Diff: 0.4, Sum: 4.6]
      [GC Worker Total (ms): Min: 5.1, Avg: 5.9, Max: 6.6, Diff: 1.5, Sum: 177.1]
      [GC Worker End (ms): Min: 118879.1, Avg: 118879.3, Max: 118879.6, Diff: 0.4]
   [Code Root Fixup: 0.0 ms]
   [Code Root Purge: 0.0 ms]
   [Clear CT: 1.3 ms]
   [Other: 3.6 ms]
      [Choose CSet: 0.0 ms]
      [Ref Proc: 0.8 ms]
      [Ref Enq: 0.0 ms]
      [Redirty Cards: 0.6 ms]
      [Humongous Register: 0.1 ms]
      [Humongous Reclaim: 0.1 ms]
      [Free CSet: 1.8 ms]
   [Eden: 4892.0M(4892.0M)->0.0B(4892.0M) Survivors: 20.0M->20.0M Heap: 7265.3M(8192.0M)->2373.6M(8192.0M)]
 [Times: user=0.19 sys=0.01, real=0.01 secs]
2018-04-30T04:29:16.549+0200: 118.885: Total time for which application threads were stopped: 0.0127662 seconds, Stopping threads took: 0.0000992 seconds
2018-04-30T04:29:23.420+0200: 125.757: Application time: 6.8715611 seconds
2018-04-30T04:29:23.420+0200: 125.757: [GC pause (G1 Evacuation Pause) (young)
Desired survivor size 322961408 bytes, new threshold 15 (max 15)
- age   1:     118248 bytes,     118248 total
- age   2:      54080 bytes,     172328 total
- age   3:      54128 bytes,     226456 total
- age   4:      37680 bytes,     264136 total
- age   5:      54128 bytes,     318264 total
- age   6:      53984 bytes,     372248 total
- age   7:       4320 bytes,     376568 total
- age   8:       3088 bytes,     379656 total
- age   9:       3024 bytes,     382680 total
- age  10:       3728 bytes,     386408 total
- age  11:    1227432 bytes,    1613840 total
- age  12:   12438408 bytes,   14052248 total
, 0.0123786 secs]
   [Parallel Time: 7.5 ms, GC Workers: 30]
      [GC Worker Start (ms): Min: 125757.0, Avg: 125757.7, Max: 125758.4, Diff: 1.4]
      [Ext Root Scanning (ms): Min: 0.0, Avg: 0.2, Max: 0.9, Diff: 0.9, Sum: 6.7]
      [Update RS (ms): Min: 2.1, Avg: 3.0, Max: 3.8, Diff: 1.7, Sum: 90.2]
         [Processed Buffers: Min: 2, Avg: 3.5, Max: 11, Diff: 9, Sum: 105]
      [Scan RS (ms): Min: 0.1, Avg: 0.2, Max: 0.8, Diff: 0.8, Sum: 7.3]
      [Code Root Scanning (ms): Min: 0.0, Avg: 0.1, Max: 2.0, Diff: 2.0, Sum: 2.1]
      [Object Copy (ms): Min: 0.4, Avg: 2.2, Max: 2.8, Diff: 2.3, Sum: 66.4]
      [Termination (ms): Min: 0.0, Avg: 0.3, Max: 0.5, Diff: 0.5, Sum: 9.9]
         [Termination Attempts: Min: 1, Avg: 2.6, Max: 7, Diff: 6, Sum: 79]
      [GC Worker Other (ms): Min: 0.0, Avg: 0.1, Max: 0.4, Diff: 0.3, Sum: 4.4]
      [GC Worker Total (ms): Min: 5.5, Avg: 6.2, Max: 7.1, Diff: 1.6, Sum: 186.9]
      [GC Worker End (ms): Min: 125763.8, Avg: 125764.0, Max: 125764.2, Diff: 0.4]
   [Code Root Fixup: 0.0 ms]
   [Code Root Purge: 0.0 ms]
   [Clear CT: 1.1 ms]
   [Other: 3.7 ms]
      [Choose CSet: 0.0 ms]
      [Ref Proc: 0.9 ms]
      [Ref Enq: 0.0 ms]
      [Redirty Cards: 0.7 ms]
      [Humongous Register: 0.1 ms]
      [Humongous Reclaim: 0.1 ms]
      [Free CSet: 1.8 ms]
   [Eden: 4892.0M(4892.0M)->0.0B(4892.0M) Survivors: 20.0M->20.0M Heap: 7265.6M(8192.0M)->2373.8M(8192.0M)]
 [Times: user=0.22 sys=0.01, real=0.02 secs]
2018-04-30T04:29:23.433+0200: 125.769: Total time for which application threads were stopped: 0.0128638 seconds, Stopping threads took: 0.0000773 seconds
2018-04-30T04:29:30.321+0200: 132.657: Application time: 6.8879541 seconds
2018-04-30T04:29:30.321+0200: 132.658: [GC pause (G1 Evacuation Pause) (young)
Desired survivor size 322961408 bytes, new threshold 15 (max 15)
- age   1:     118128 bytes,     118128 total
- age   2:      54128 bytes,     172256 total
- age   3:      54080 bytes,     226336 total
- age   4:      54128 bytes,     280464 total
- age   5:      37680 bytes,     318144 total
- age   6:      54128 bytes,     372272 total
- age   7:      53984 bytes,     426256 total
- age   8:       4320 bytes,     430576 total
- age   9:       3088 bytes,     433664 total
- age  10:       3024 bytes,     436688 total
- age  11:       3728 bytes,     440416 total
- age  12:    1227432 bytes,    1667848 total
- age  13:   12438408 bytes,   14106256 total
, 0.0125902 secs]
   [Parallel Time: 7.7 ms, GC Workers: 30]
      [GC Worker Start (ms): Min: 132657.9, Avg: 132658.7, Max: 132659.4, Diff: 1.6]
      [Ext Root Scanning (ms): Min: 0.0, Avg: 0.2, Max: 0.9, Diff: 0.9, Sum: 5.8]
      [Update RS (ms): Min: 1.9, Avg: 3.3, Max: 4.1, Diff: 2.2, Sum: 99.6]
         [Processed Buffers: Min: 2, Avg: 3.9, Max: 8, Diff: 6, Sum: 116]
      [Scan RS (ms): Min: 0.1, Avg: 0.3, Max: 0.9, Diff: 0.9, Sum: 8.1]
      [Code Root Scanning (ms): Min: 0.0, Avg: 0.1, Max: 1.5, Diff: 1.5, Sum: 2.2]
      [Object Copy (ms): Min: 1.4, Avg: 2.4, Max: 2.8, Diff: 1.4, Sum: 72.7]
      [Termination (ms): Min: 0.0, Avg: 0.0, Max: 0.0, Diff: 0.0, Sum: 0.6]
         [Termination Attempts: Min: 1, Avg: 5.0, Max: 7, Diff: 6, Sum: 151]
      [GC Worker Other (ms): Min: 0.0, Avg: 0.2, Max: 0.5, Diff: 0.4, Sum: 6.7]
      [GC Worker Total (ms): Min: 5.8, Avg: 6.5, Max: 7.5, Diff: 1.7, Sum: 195.6]
      [GC Worker End (ms): Min: 132665.0, Avg: 132665.2, Max: 132665.4, Diff: 0.4]
   [Code Root Fixup: 0.0 ms]
   [Code Root Purge: 0.0 ms]
   [Clear CT: 1.4 ms]
   [Other: 3.5 ms]
      [Choose CSet: 0.0 ms]
      [Ref Proc: 0.6 ms]
      [Ref Enq: 0.0 ms]
      [Redirty Cards: 0.7 ms]
      [Humongous Register: 0.1 ms]
      [Humongous Reclaim: 0.1 ms]
      [Free CSet: 1.8 ms]
   [Eden: 4892.0M(4892.0M)->0.0B(4892.0M) Survivors: 20.0M->20.0M Heap: 7265.8M(8192.0M)->2374.7M(8192.0M)]
 [Times: user=0.23 sys=0.00, real=0.02 secs]
2018-04-30T04:29:30.334+0200: 132.670: Total time for which application threads were stopped: 0.0130842 seconds, Stopping threads took: 0.0000993 seconds
2018-04-30T04:29:37.002+0200: 139.339: Application time: 6.6680987 seconds
2018-04-30T04:29:37.002+0200: 139.339: [GC pause (G1 Evacuation Pause) (young)
Desired survivor size 322961408 bytes, new threshold 15 (max 15)
- age   1:     118256 bytes,     118256 total
- age   2:      54080 bytes,     172336 total
- age   3:      54128 bytes,     226464 total
- age   4:      54080 bytes,     280544 total
- age   5:      54128 bytes,     334672 total
- age   6:      37680 bytes,     372352 total
- age   7:      54128 bytes,     426480 total
- age   8:      53984 bytes,     480464 total
- age   9:       4320 bytes,     484784 total
- age  10:       3088 bytes,     487872 total
- age  11:       3024 bytes,     490896 total
- age  12:       3696 bytes,     494592 total
- age  13:    1227432 bytes,    1722024 total
- age  14:   12438408 bytes,   14160432 total
, 0.0134651 secs]
   [Parallel Time: 8.6 ms, GC Workers: 30]
      [GC Worker Start (ms): Min: 139339.1, Avg: 139339.7, Max: 139340.4, Diff: 1.3]
      [Ext Root Scanning (ms): Min: 0.0, Avg: 0.3, Max: 0.9, Diff: 0.9, Sum: 7.9]
      [Update RS (ms): Min: 2.6, Avg: 3.7, Max: 4.3, Diff: 1.7, Sum: 110.3]
         [Processed Buffers: Min: 3, Avg: 4.2, Max: 8, Diff: 5, Sum: 127]
      [Scan RS (ms): Min: 0.1, Avg: 0.2, Max: 0.8, Diff: 0.7, Sum: 6.5]
      [Code Root Scanning (ms): Min: 0.0, Avg: 0.0, Max: 0.7, Diff: 0.7, Sum: 1.0]
      [Object Copy (ms): Min: 2.3, Avg: 2.9, Max: 3.3, Diff: 1.0, Sum: 86.3]
      [Termination (ms): Min: 0.0, Avg: 0.2, Max: 0.2, Diff: 0.2, Sum: 5.8]
         [Termination Attempts: Min: 1, Avg: 11.3, Max: 17, Diff: 16, Sum: 339]
      [GC Worker Other (ms): Min: 0.0, Avg: 0.1, Max: 0.4, Diff: 0.4, Sum: 4.3]
      [GC Worker Total (ms): Min: 6.7, Avg: 7.4, Max: 8.1, Diff: 1.5, Sum: 222.1]
      [GC Worker End (ms): Min: 139347.0, Avg: 139347.1, Max: 139347.4, Diff: 0.4]
   [Code Root Fixup: 0.0 ms]
   [Code Root Purge: 0.0 ms]
   [Clear CT: 1.1 ms]
   [Other: 3.7 ms]
      [Choose CSet: 0.0 ms]
      [Ref Proc: 0.9 ms]
      [Ref Enq: 0.0 ms]
      [Redirty Cards: 0.6 ms]
      [Humongous Register: 0.1 ms]
      [Humongous Reclaim: 0.1 ms]
      [Free CSet: 1.9 ms]
   [Eden: 4892.0M(4892.0M)->0.0B(4892.0M) Survivors: 20.0M->20.0M Heap: 7266.7M(8192.0M)->2374.1M(8192.0M)]
 [Times: user=0.24 sys=0.01, real=0.02 secs]
2018-04-30T04:29:37.016+0200: 139.353: Total time for which application threads were stopped: 0.0139663 seconds, Stopping threads took: 0.0000988 seconds
2018-04-30T04:29:43.470+0200: 145.807: Application time: 6.4542789 seconds
2018-04-30T04:29:43.471+0200: 145.807: [GC pause (G1 Evacuation Pause) (young)
Desired survivor size 322961408 bytes, new threshold 15 (max 15)
- age   1:     118216 bytes,     118216 total
- age   2:      54160 bytes,     172376 total
- age   3:      54080 bytes,     226456 total
- age   4:      54128 bytes,     280584 total
- age   5:      54080 bytes,     334664 total
- age   6:      54128 bytes,     388792 total
- age   7:      37680 bytes,     426472 total
- age   8:      54128 bytes,     480600 total
- age   9:      53984 bytes,     534584 total
- age  10:       4320 bytes,     538904 total
- age  11:       3088 bytes,     541992 total
- age  12:       3024 bytes,     545016 total
- age  13:       3696 bytes,     548712 total
- age  14:    1227432 bytes,    1776144 total
- age  15:   12438408 bytes,   14214552 total
, 0.0150265 secs]
   [Parallel Time: 10.4 ms, GC Workers: 30]
      [GC Worker Start (ms): Min: 145807.3, Avg: 145808.0, Max: 145808.9, Diff: 1.6]
      [Ext Root Scanning (ms): Min: 0.0, Avg: 0.2, Max: 1.0, Diff: 1.0, Sum: 7.3]
      [Update RS (ms): Min: 2.6, Avg: 3.7, Max: 4.5, Diff: 2.0, Sum: 112.1]
         [Processed Buffers: Min: 2, Avg: 4.4, Max: 9, Diff: 7, Sum: 132]
      [Scan RS (ms): Min: 0.1, Avg: 0.2, Max: 0.9, Diff: 0.8, Sum: 6.8]
      [Code Root Scanning (ms): Min: 0.0, Avg: 0.1, Max: 1.0, Diff: 1.0, Sum: 1.7]
      [Object Copy (ms): Min: 4.3, Avg: 4.8, Max: 5.2, Diff: 0.9, Sum: 143.7]
      [Termination (ms): Min: 0.0, Avg: 0.2, Max: 0.3, Diff: 0.3, Sum: 5.3]
         [Termination Attempts: Min: 1, Avg: 1.2, Max: 2, Diff: 1, Sum: 36]
      [GC Worker Other (ms): Min: 0.0, Avg: 0.1, Max: 0.2, Diff: 0.2, Sum: 2.9]
      [GC Worker Total (ms): Min: 8.5, Avg: 9.3, Max: 10.0, Diff: 1.5, Sum: 279.9]
      [GC Worker End (ms): Min: 145817.2, Avg: 145817.4, Max: 145817.5, Diff: 0.3]
   [Code Root Fixup: 0.0 ms]
   [Code Root Purge: 0.0 ms]
   [Clear CT: 1.1 ms]
   [Other: 3.5 ms]
      [Choose CSet: 0.0 ms]
      [Ref Proc: 0.7 ms]
      [Ref Enq: 0.0 ms]
      [Redirty Cards: 0.7 ms]
      [Humongous Register: 0.1 ms]
      [Humongous Reclaim: 0.1 ms]
      [Free CSet: 1.8 ms]
   [Eden: 4892.0M(4892.0M)->0.0B(4900.0M) Survivors: 20.0M->12.0M Heap: 7266.1M(8192.0M)->2377.6M(8192.0M)]
 [Times: user=0.23 sys=0.01, real=0.02 secs]
2018-04-30T04:29:43.486+0200: 145.822: Total time for which application threads were stopped: 0.0155386 seconds, Stopping threads took: 0.0001047 seconds
2018-04-30T04:29:49.487+0200: 151.823: Application time: 6.0007496 seconds
2018-04-30T04:29:49.487+0200: 151.823: Total time for which application threads were stopped: 0.0001867 seconds, Stopping threads took: 0.0001161 seconds
2018-04-30T04:29:49.582+0200: 151.918: Application time: 0.0947725 seconds
2018-04-30T04:29:49.583+0200: 151.919: Total time for which application threads were stopped: 0.0008160 seconds, Stopping threads took: 0.0001132 seconds
2018-04-30T04:29:49.586+0200: 151.923: Application time: 0.0036914 seconds
2018-04-30T04:29:49.586+0200: 151.923: Total time for which application threads were stopped: 0.0001680 seconds, Stopping threads took: 0.0000739 seconds
2018-04-30T04:29:49.617+0200: 151.953: Application time: 0.0301783 seconds
2018-04-30T04:29:49.617+0200: 151.954: Total time for which application threads were stopped: 0.0006088 seconds, Stopping threads took: 0.0001108 seconds
2018-04-30T04:29:49.855+0200: 152.191: Application time: 0.2377740 seconds
2018-04-30T04:29:49.855+0200: 152.192: Total time for which application threads were stopped: 0.0001629 seconds, Stopping threads took: 0.0001030 seconds
2018-04-30T04:29:49.864+0200: 152.200: Application time: 0.0084407 seconds
2018-04-30T04:29:49.864+0200: 152.200: Total time for which application threads were stopped: 0.0001715 seconds, Stopping threads took: 0.0000984 seconds
2018-04-30T04:29:49.889+0200: 152.225: Application time: 0.0251215 seconds
2018-04-30T04:29:49.889+0200: 152.225: Total time for which application threads were stopped: 0.0002243 seconds, Stopping threads took: 0.0001097 seconds
2018-04-30T04:29:49.903+0200: 152.239: Application time: 0.0138817 seconds
2018-04-30T04:29:49.904+0200: 152.240: Total time for which application threads were stopped: 0.0007367 seconds, Stopping threads took: 0.0001047 seconds
2018-04-30T04:29:49.910+0200: 152.246: Application time: 0.0061729 seconds
2018-04-30T04:29:49.910+0200: 152.246: Total time for which application threads were stopped: 0.0001449 seconds, Stopping threads took: 0.0000847 seconds
2018-04-30T04:29:49.911+0200: 152.248: Application time: 0.0012773 seconds
2018-04-30T04:29:49.912+0200: 152.248: Total time for which application threads were stopped: 0.0005783 seconds, Stopping threads took: 0.0000297 seconds
2018-04-30T04:29:50.011+0200: 152.347: Application time: 0.0989310 seconds
2018-04-30T04:29:50.011+0200: 152.347: Total time for which application threads were stopped: 0.0002329 seconds, Stopping threads took: 0.0001106 seconds
2018-04-30T04:29:50.139+0200: 152.476: Application time: 0.1282541 seconds
2018-04-30T04:29:50.140+0200: 152.476: Total time for which application threads were stopped: 0.0001562 seconds, Stopping threads took: 0.0000327 seconds
2018-04-30T04:29:50.146+0200: 152.482: Application time: 0.0059803 seconds
2018-04-30T04:29:50.146+0200: 152.482: Total time for which application threads were stopped: 0.0001234 seconds, Stopping threads took: 0.0000697 seconds
2018-04-30T04:29:50.152+0200: 152.489: Application time: 0.0066184 seconds
2018-04-30T04:29:50.152+0200: 152.489: Total time for which application threads were stopped: 0.0000795 seconds, Stopping threads took: 0.0000273 seconds
2018-04-30T04:29:50.153+0200: 152.489: Application time: 0.0003870 seconds
2018-04-30T04:29:50.153+0200: 152.489: Total time for which application threads were stopped: 0.0000467 seconds, Stopping threads took: 0.0000150 seconds
2018-04-30T04:29:50.176+0200: 152.512: Application time: 0.0230298 seconds
2018-04-30T04:29:50.176+0200: 152.512: Total time for which application threads were stopped: 0.0001252 seconds, Stopping threads took: 0.0000731 seconds
2018-04-30T04:29:50.202+0200: 152.538: Application time: 0.0257779 seconds
2018-04-30T04:29:50.202+0200: 152.538: Total time for which application threads were stopped: 0.0000875 seconds, Stopping threads took: 0.0000272 seconds
2018-04-30T04:29:50.256+0200: 152.592: Application time: 0.0536561 seconds
2018-04-30T04:29:50.256+0200: 152.592: Total time for which application threads were stopped: 0.0001895 seconds, Stopping threads took: 0.0000946 seconds
2018-04-30T04:29:50.381+0200: 152.717: Application time: 0.1249429 seconds
2018-04-30T04:29:50.382+0200: 152.718: Total time for which application threads were stopped: 0.0007788 seconds, Stopping threads took: 0.0001029 seconds
2018-04-30T04:29:50.827+0200: 153.164: Application time: 0.4459088 seconds
2018-04-30T04:29:50.828+0200: 153.165: Total time for which application threads were stopped: 0.0007825 seconds, Stopping threads took: 0.0001175 seconds
2018-04-30T04:29:51.828+0200: 154.165: Application time: 1.0001510 seconds
2018-04-30T04:29:51.829+0200: 154.165: Total time for which application threads were stopped: 0.0002730 seconds, Stopping threads took: 0.0001182 seconds
2018-04-30T04:29:52.829+0200: 155.165: Application time: 1.0000876 seconds
2018-04-30T04:29:52.829+0200: 155.165: Total time for which application threads were stopped: 0.0001116 seconds, Stopping threads took: 0.0000807 seconds
2018-04-30T04:29:53.829+0200: 156.165: Application time: 1.0001331 seconds
2018-04-30T04:29:53.829+0200: 156.165: Total time for which application threads were stopped: 0.0001303 seconds, Stopping threads took: 0.0001043 seconds
2018-04-30T04:29:54.675+0200: 157.012: Application time: 0.8461155 seconds
2018-04-30T04:29:54.675+0200: 157.012: [GC pause (G1 Humongous Allocation) (young)
Desired survivor size 322961408 bytes, new threshold 15 (max 15)
- age   1:     118136 bytes,     118136 total
- age   2:      54080 bytes,     172216 total
- age   3:      54160 bytes,     226376 total
- age   4:      54080 bytes,     280456 total
- age   5:      54128 bytes,     334584 total
- age   6:      54080 bytes,     388664 total
- age   7:      54128 bytes,     442792 total
- age   8:      37680 bytes,     480472 total
- age   9:      54128 bytes,     534600 total
- age  10:      53984 bytes,     588584 total
- age  11:       4320 bytes,     592904 total
- age  12:       3088 bytes,     595992 total
- age  13:       3024 bytes,     599016 total
- age  14:       3696 bytes,     602712 total
- age  15:    1227432 bytes,    1830144 total
 (to-space exhausted), 0.1671794 secs]
   [Parallel Time: 133.6 ms, GC Workers: 30]
      [GC Worker Start (ms): Min: 157012.0, Avg: 157012.5, Max: 157013.0, Diff: 1.0]
      [Ext Root Scanning (ms): Min: 0.0, Avg: 4.8, Max: 132.8, Diff: 132.8, Sum: 143.4]
      [Update RS (ms): Min: 0.0, Avg: 4.3, Max: 5.8, Diff: 5.8, Sum: 130.2]
         [Processed Buffers: Min: 0, Avg: 5.2, Max: 11, Diff: 11, Sum: 155]
      [Scan RS (ms): Min: 0.1, Avg: 0.2, Max: 0.6, Diff: 0.6, Sum: 5.2]
      [Code Root Scanning (ms): Min: 0.0, Avg: 6.2, Max: 92.4, Diff: 92.4, Sum: 185.3]
      [Object Copy (ms): Min: 0.0, Avg: 115.6, Max: 128.2, Diff: 128.2, Sum: 3467.5]
      [Termination (ms): Min: 0.0, Avg: 1.6, Max: 1.9, Diff: 1.9, Sum: 47.9]
         [Termination Attempts: Min: 1, Avg: 1.3, Max: 2, Diff: 1, Sum: 39]
      [GC Worker Other (ms): Min: 0.0, Avg: 0.0, Max: 0.1, Diff: 0.0, Sum: 0.7]
      [GC Worker Total (ms): Min: 132.0, Avg: 132.7, Max: 133.2, Diff: 1.2, Sum: 3980.2]
      [GC Worker End (ms): Min: 157144.9, Avg: 157145.2, Max: 157145.5, Diff: 0.6]
   [Code Root Fixup: 0.0 ms]
   [Code Root Purge: 0.1 ms]
   [Clear CT: 2.2 ms]
   [Other: 31.3 ms]
      [Evacuation Failure: 25.0 ms]
      [Choose CSet: 0.0 ms]
      [Ref Proc: 2.5 ms]
      [Ref Enq: 0.0 ms]
      [Redirty Cards: 1.9 ms]
      [Humongous Register: 0.1 ms]
      [Humongous Reclaim: 0.1 ms]
      [Free CSet: 1.6 ms]
   [Eden: 4704.0M(4900.0M)->0.0B(3672.0M) Survivors: 12.0M->0.0B Heap: 7627.6M(8192.0M)->3124.4M(8192.0M)]
 [Times: user=0.86 sys=0.02, real=0.16 secs]
2018-04-30T04:29:54.843+0200: 157.179: Total time for which application threads were stopped: 0.1677548 seconds, Stopping threads took: 0.0001244 seconds
2018-04-30T04:29:54.843+0200: 157.180: Application time: 0.0002044 seconds
2018-04-30T04:29:54.843+0200: 157.180: Total time for which application threads were stopped: 0.0001255 seconds, Stopping threads took: 0.0000804 seconds
2018-04-30T04:29:54.844+0200: 157.180: Application time: 0.0008264 seconds
2018-04-30T04:29:54.844+0200: 157.181: Total time for which application threads were stopped: 0.0001209 seconds, Stopping threads took: 0.0000784 seconds
2018-04-30T04:29:54.845+0200: 157.181: Application time: 0.0004155 seconds
2018-04-30T04:29:54.845+0200: 157.181: Total time for which application threads were stopped: 0.0000908 seconds, Stopping threads took: 0.0000602 seconds
2018-04-30T04:29:54.845+0200: 157.181: Application time: 0.0001157 seconds
2018-04-30T04:29:54.845+0200: 157.181: Total time for which application threads were stopped: 0.0000759 seconds, Stopping threads took: 0.0000442 seconds
2018-04-30T04:29:54.845+0200: 157.182: Application time: 0.0003802 seconds
2018-04-30T04:29:54.845+0200: 157.182: [GC pause (G1 Humongous Allocation) (young) (initial-mark)
Desired survivor size 241172480 bytes, new threshold 15 (max 15)
, 0.0061197 secs]
   [Parallel Time: 4.5 ms, GC Workers: 30]
      [GC Worker Start (ms): Min: 157182.0, Avg: 157182.3, Max: 157182.5, Diff: 0.5]
      [Ext Root Scanning (ms): Min: 1.5, Avg: 1.9, Max: 2.4, Diff: 0.9, Sum: 58.1]
      [Update RS (ms): Min: 1.2, Avg: 1.6, Max: 2.1, Diff: 0.8, Sum: 48.5]
         [Processed Buffers: Min: 1, Avg: 4.4, Max: 9, Diff: 8, Sum: 132]
      [Scan RS (ms): Min: 0.0, Avg: 0.0, Max: 0.0, Diff: 0.0, Sum: 0.0]
      [Code Root Scanning (ms): Min: 0.0, Avg: 0.0, Max: 0.0, Diff: 0.0, Sum: 0.0]
      [Object Copy (ms): Min: 0.0, Avg: 0.1, Max: 0.3, Diff: 0.3, Sum: 3.6]
      [Termination (ms): Min: 0.0, Avg: 0.2, Max: 0.2, Diff: 0.2, Sum: 4.6]
         [Termination Attempts: Min: 1, Avg: 1.0, Max: 1, Diff: 0, Sum: 30]
      [GC Worker Other (ms): Min: 0.0, Avg: 0.0, Max: 0.1, Diff: 0.1, Sum: 1.0]
      [GC Worker Total (ms): Min: 3.6, Avg: 3.9, Max: 4.1, Diff: 0.5, Sum: 115.8]
      [GC Worker End (ms): Min: 157186.1, Avg: 157186.1, Max: 157186.2, Diff: 0.1]
   [Code Root Fixup: 0.0 ms]
   [Code Root Purge: 0.0 ms]
   [Clear CT: 0.3 ms]
   [Other: 1.3 ms]
      [Choose CSet: 0.0 ms]
      [Ref Proc: 0.5 ms]
      [Ref Enq: 0.0 ms]
      [Redirty Cards: 0.3 ms]
      [Humongous Register: 0.1 ms]
      [Humongous Reclaim: 0.0 ms]
      [Free CSet: 0.1 ms]
   [Eden: 4096.0K(3672.0M)->0.0B(3508.0M) Survivors: 0.0B->4096.0K Heap: 3130.4M(8192.0M)->3127.1M(8192.0M)]
 [Times: user=0.08 sys=0.01, real=0.01 secs]
2018-04-30T04:29:54.852+0200: 157.188: [GC concurrent-root-region-scan-start]
2018-04-30T04:29:54.852+0200: 157.188: Total time for which application threads were stopped: 0.0063592 seconds, Stopping threads took: 0.0000353 seconds
2018-04-30T04:29:54.853+0200: 157.190: [GC concurrent-root-region-scan-end, 0.0015707 secs]
2018-04-30T04:29:54.853+0200: 157.190: [GC concurrent-mark-start]
2018-04-30T04:29:55.852+0200: 158.188: Application time: 1.0002715 seconds
2018-04-30T04:29:55.852+0200: 158.188: Total time for which application threads were stopped: 0.0001590 seconds, Stopping threads took: 0.0001038 seconds
2018-04-30T04:29:56.648+0200: 158.984: Application time: 0.7954046 seconds
2018-04-30T04:29:56.648+0200: 158.984: [GC pause (G1 Evacuation Pause) (young)
Desired survivor size 77594624 bytes, new threshold 15 (max 15)
- age   1:     398352 bytes,     398352 total
, 0.6024074 secs]
   [Parallel Time: 595.4 ms, GC Workers: 30]
      [GC Worker Start (ms): Min: 158984.8, Avg: 158985.3, Max: 158985.8, Diff: 1.1]
      [Ext Root Scanning (ms): Min: 0.0, Avg: 0.2, Max: 1.1, Diff: 1.1, Sum: 5.3]
      [Update RS (ms): Min: 9.3, Avg: 10.8, Max: 12.1, Diff: 2.8, Sum: 323.7]
         [Processed Buffers: Min: 3, Avg: 5.9, Max: 10, Diff: 7, Sum: 176]
      [Scan RS (ms): Min: 118.6, Avg: 120.4, Max: 122.0, Diff: 3.4, Sum: 3613.3]
      [Code Root Scanning (ms): Min: 0.0, Avg: 0.0, Max: 0.0, Diff: 0.0, Sum: 0.1]
      [Object Copy (ms): Min: 460.8, Avg: 461.6, Max: 463.0, Diff: 2.1, Sum: 13849.4]
      [Termination (ms): Min: 0.0, Avg: 1.3, Max: 1.5, Diff: 1.5, Sum: 40.2]
         [Termination Attempts: Min: 1, Avg: 1089.0, Max: 1189, Diff: 1188, Sum: 32669]
      [GC Worker Other (ms): Min: 0.0, Avg: 0.1, Max: 0.2, Diff: 0.2, Sum: 2.8]
      [GC Worker Total (ms): Min: 593.9, Avg: 594.5, Max: 595.0, Diff: 1.1, Sum: 17834.8]
      [GC Worker End (ms): Min: 159579.7, Avg: 159579.8, Max: 159579.9, Diff: 0.2]
   [Code Root Fixup: 0.0 ms]
   [Code Root Purge: 0.0 ms]
   [Clear CT: 0.3 ms]
   [Other: 6.7 ms]
      [Choose CSet: 0.0 ms]
      [Ref Proc: 0.7 ms]
      [Ref Enq: 0.0 ms]
      [Redirty Cards: 4.7 ms]
      [Humongous Register: 0.5 ms]
      [Humongous Reclaim: 0.1 ms]
      [Free CSet: 0.4 ms]
   [Eden: 1372.0M(1152.0M)->0.0B(760.0M) Survivors: 4096.0K->148.0M Heap: 4621.6M(8192.0M)->4626.5M(8192.0M)]
 [Times: user=14.69 sys=0.23, real=0.60 secs]
2018-04-30T04:29:57.250+0200: 159.587: Total time for which application threads were stopped: 0.6027469 seconds, Stopping threads took: 0.0000953 seconds
2018-04-30T04:29:57.251+0200: 159.587: Application time: 0.0002095 seconds
2018-04-30T04:29:57.251+0200: 159.587: Total time for which application threads were stopped: 0.0000542 seconds, Stopping threads took: 0.0000158 seconds
2018-04-30T04:29:57.251+0200: 159.587: Application time: 0.0001031 seconds
2018-04-30T04:29:57.251+0200: 159.587: Total time for which application threads were stopped: 0.0000314 seconds, Stopping threads took: 0.0000121 seconds
2018-04-30T04:29:57.655+0200: 159.991: Application time: 0.4039075 seconds
2018-04-30T04:29:57.655+0200: 159.991: [GC pause (G1 Evacuation Pause) (young)
Desired survivor size 27262976 bytes, new threshold 1 (max 15)
- age   1:  154698432 bytes,  154698432 total
- age   2:       8600 bytes,  154707032 total
, 0.2643240 secs]
   [Parallel Time: 257.1 ms, GC Workers: 30]
      [GC Worker Start (ms): Min: 159991.5, Avg: 159991.8, Max: 159992.0, Diff: 0.5]
      [Ext Root Scanning (ms): Min: 0.0, Avg: 0.2, Max: 1.0, Diff: 1.0, Sum: 5.9]
      [Update RS (ms): Min: 5.7, Avg: 6.4, Max: 7.7, Diff: 2.0, Sum: 192.6]
         [Processed Buffers: Min: 4, Avg: 5.3, Max: 7, Diff: 3, Sum: 159]
      [Scan RS (ms): Min: 110.7, Avg: 112.5, Max: 113.4, Diff: 2.7, Sum: 3375.7]
      [Code Root Scanning (ms): Min: 0.0, Avg: 0.0, Max: 0.0, Diff: 0.0, Sum: 0.0]
      [Object Copy (ms): Min: 137.0, Avg: 137.2, Max: 137.6, Diff: 0.6, Sum: 4115.9]
      [Termination (ms): Min: 0.0, Avg: 0.3, Max: 0.4, Diff: 0.4, Sum: 10.1]
         [Termination Attempts: Min: 1, Avg: 246.7, Max: 284, Diff: 283, Sum: 7402]
      [GC Worker Other (ms): Min: 0.0, Avg: 0.1, Max: 0.1, Diff: 0.1, Sum: 1.6]
      [GC Worker Total (ms): Min: 256.5, Avg: 256.7, Max: 257.0, Diff: 0.5, Sum: 7701.7]
      [GC Worker End (ms): Min: 160248.5, Avg: 160248.5, Max: 160248.6, Diff: 0.1]
   [Code Root Fixup: 0.0 ms]
   [Code Root Purge: 0.0 ms]
   [Clear CT: 0.3 ms]
   [Other: 6.9 ms]
      [Choose CSet: 0.0 ms]
      [Ref Proc: 0.7 ms]
      [Ref Enq: 0.0 ms]
      [Redirty Cards: 5.4 ms]
      [Humongous Register: 0.3 ms]
      [Humongous Reclaim: 0.1 ms]
      [Free CSet: 0.2 ms]
   [Eden: 260.0M(260.0M)->0.0B(356.0M) Survivors: 148.0M->52.0M Heap: 4886.5M(8192.0M)->4914.9M(8192.0M)]
 [Times: user=6.91 sys=0.31, real=0.26 secs]
2018-04-30T04:29:57.919+0200: 160.256: Total time for which application threads were stopped: 0.2646021 seconds, Stopping threads took: 0.0000973 seconds
2018-04-30T04:29:57.981+0200: 160.317: Application time: 0.0613094 seconds
2018-04-30T04:29:57.981+0200: 160.317: Total time for which application threads were stopped: 0.0001472 seconds, Stopping threads took: 0.0000494 seconds
2018-04-30T04:29:57.982+0200: 160.319: [GC concurrent-mark-end, 3.1292365 secs]
2018-04-30T04:29:57.983+0200: 160.319: Application time: 0.0019602 seconds
2018-04-30T04:29:57.983+0200: 160.319: [GC remark 2018-04-30T04:29:57.983+0200: 160.319: [Finalize Marking, 0.0005028 secs] 2018-04-30T04:29:57.983+0200: 160.320: [GC ref-proc, 0.0026915 secs] 2018-04-30T04:29:57.986+0200: 160.322: [Unloading, 0.0048150 secs], 0.0095599 secs]
 [Times: user=0.17 sys=0.00, real=0.02 secs]
2018-04-30T04:29:57.992+0200: 160.329: Total time for which application threads were stopped: 0.0096855 seconds, Stopping threads took: 0.0000491 seconds
2018-04-30T04:29:57.992+0200: 160.329: Application time: 0.0001334 seconds
2018-04-30T04:29:57.993+0200: 160.329: [GC cleanup 4934M->4607M(8192M), 0.0025327 secs]
 [Times: user=0.04 sys=0.00, real=0.00 secs]
2018-04-30T04:29:57.995+0200: 160.331: Total time for which application threads were stopped: 0.0026518 seconds, Stopping threads took: 0.0000317 seconds
2018-04-30T04:29:57.995+0200: 160.331: [GC concurrent-cleanup-start]
2018-04-30T04:29:57.995+0200: 160.332: [GC concurrent-cleanup-end, 0.0001606 secs]
2018-04-30T04:29:58.017+0200: 160.353: Application time: 0.0217374 seconds
2018-04-30T04:29:58.017+0200: 160.353: Total time for which application threads were stopped: 0.0001939 seconds, Stopping threads took: 0.0001228 seconds
2018-04-30T04:29:58.651+0200: 160.988: Application time: 0.6344455 seconds
2018-04-30T04:29:58.652+0200: 160.988: Total time for which application threads were stopped: 0.0003386 seconds, Stopping threads took: 0.0000320 seconds
2018-04-30T04:29:58.758+0200: 161.094: Application time: 0.1060667 seconds
2018-04-30T04:29:58.758+0200: 161.095: [GC pause (G1 Evacuation Pause) (young)
Desired survivor size 27262976 bytes, new threshold 1 (max 15)
- age   1:   54524288 bytes,   54524288 total
, 0.0217375 secs]
   [Parallel Time: 19.3 ms, GC Workers: 30]
      [GC Worker Start (ms): Min: 161095.2, Avg: 161096.7, Max: 161100.0, Diff: 4.8]
      [Ext Root Scanning (ms): Min: 0.0, Avg: 0.1, Max: 1.0, Diff: 1.0, Sum: 4.2]
      [Update RS (ms): Min: 0.0, Avg: 2.3, Max: 4.2, Diff: 4.2, Sum: 69.1]
         [Processed Buffers: Min: 0, Avg: 5.9, Max: 17, Diff: 17, Sum: 176]
      [Scan RS (ms): Min: 0.0, Avg: 1.1, Max: 9.1, Diff: 9.1, Sum: 31.9]
      [Code Root Scanning (ms): Min: 0.0, Avg: 0.0, Max: 0.1, Diff: 0.1, Sum: 0.3]
      [Object Copy (ms): Min: 5.5, Avg: 13.2, Max: 14.2, Diff: 8.6, Sum: 397.2]
      [Termination (ms): Min: 0.0, Avg: 0.7, Max: 0.8, Diff: 0.8, Sum: 22.0]
         [Termination Attempts: Min: 1, Avg: 46.4, Max: 56, Diff: 55, Sum: 1393]
      [GC Worker Other (ms): Min: 0.0, Avg: 0.1, Max: 0.1, Diff: 0.1, Sum: 1.9]
      [GC Worker Total (ms): Min: 14.2, Avg: 17.6, Max: 19.1, Diff: 4.8, Sum: 526.6]
      [GC Worker End (ms): Min: 161114.2, Avg: 161114.3, Max: 161114.4, Diff: 0.1]
   [Code Root Fixup: 0.0 ms]
   [Code Root Purge: 0.0 ms]
   [Clear CT: 0.3 ms]
   [Other: 2.1 ms]
      [Choose CSet: 0.0 ms]
      [Ref Proc: 0.5 ms]
      [Ref Enq: 0.0 ms]
      [Redirty Cards: 0.4 ms]
      [Humongous Register: 0.6 ms]
      [Humongous Reclaim: 0.3 ms]
      [Free CSet: 0.2 ms]
   [Eden: 356.0M(356.0M)->0.0B(356.0M) Survivors: 52.0M->52.0M Heap: 5793.5M(8192.0M)->5026.9M(8192.0M)]
 [Times: user=0.55 sys=0.00, real=0.02 secs]
2018-04-30T04:29:58.780+0200: 161.116: Total time for which application threads were stopped: 0.0221195 seconds, Stopping threads took: 0.0001283 seconds
2018-04-30T04:29:58.780+0200: 161.117: Application time: 0.0001747 seconds
2018-04-30T04:29:58.780+0200: 161.117: Total time for which application threads were stopped: 0.0001011 seconds, Stopping threads took: 0.0000256 seconds
2018-04-30T04:29:59.039+0200: 161.375: Application time: 0.2582924 seconds
2018-04-30T04:29:59.039+0200: 161.375: Total time for which application threads were stopped: 0.0002155 seconds, Stopping threads took: 0.0001522 seconds
2018-04-30T04:29:59.039+0200: 161.375: Application time: 0.0000488 seconds
2018-04-30T04:29:59.039+0200: 161.375: Total time for which application threads were stopped: 0.0000810 seconds, Stopping threads took: 0.0000566 seconds
2018-04-30T04:29:59.892+0200: 162.228: Application time: 0.8528987 seconds
2018-04-30T04:29:59.892+0200: 162.228: [GC pause (G1 Evacuation Pause) (mixed)
Desired survivor size 27262976 bytes, new threshold 1 (max 15)
- age   1:   49358368 bytes,   49358368 total
, 0.0161138 secs]
   [Parallel Time: 13.9 ms, GC Workers: 30]
      [GC Worker Start (ms): Min: 162229.2, Avg: 162229.9, Max: 162230.7, Diff: 1.5]
      [Ext Root Scanning (ms): Min: 0.0, Avg: 0.3, Max: 1.0, Diff: 1.0, Sum: 7.5]
      [Update RS (ms): Min: 3.8, Avg: 4.6, Max: 6.0, Diff: 2.2, Sum: 137.2]
         [Processed Buffers: Min: 3, Avg: 6.3, Max: 10, Diff: 7, Sum: 189]
      [Scan RS (ms): Min: 0.0, Avg: 0.0, Max: 0.1, Diff: 0.1, Sum: 0.8]
      [Code Root Scanning (ms): Min: 0.0, Avg: 0.0, Max: 0.2, Diff: 0.2, Sum: 0.8]
      [Object Copy (ms): Min: 6.5, Avg: 7.8, Max: 8.2, Diff: 1.7, Sum: 234.0]
      [Termination (ms): Min: 0.0, Avg: 0.2, Max: 0.3, Diff: 0.3, Sum: 6.1]
         [Termination Attempts: Min: 1, Avg: 72.9, Max: 87, Diff: 86, Sum: 2188]
      [GC Worker Other (ms): Min: 0.0, Avg: 0.1, Max: 0.1, Diff: 0.1, Sum: 1.7]
      [GC Worker Total (ms): Min: 12.3, Avg: 12.9, Max: 13.7, Diff: 1.4, Sum: 388.2]
      [GC Worker End (ms): Min: 162242.8, Avg: 162242.9, Max: 162243.0, Diff: 0.1]
   [Code Root Fixup: 0.0 ms]
   [Code Root Purge: 0.0 ms]
   [Clear CT: 0.3 ms]
   [Other: 1.9 ms]
      [Choose CSet: 0.0 ms]
      [Ref Proc: 0.5 ms]
      [Ref Enq: 0.0 ms]
      [Redirty Cards: 0.3 ms]
      [Humongous Register: 0.6 ms]
      [Humongous Reclaim: 0.1 ms]
      [Free CSet: 0.2 ms]
   [Eden: 356.0M(356.0M)->0.0B(356.0M) Survivors: 52.0M->52.0M Heap: 5382.9M(8192.0M)->5028.9M(8192.0M)]
 [Times: user=0.40 sys=0.00, real=0.01 secs]
2018-04-30T04:29:59.908+0200: 162.245: Total time for which application threads were stopped: 0.0165213 seconds, Stopping threads took: 0.0001078 seconds
2018-04-30T04:30:00.037+0200: 162.373: Application time: 0.1283764 seconds
2018-04-30T04:30:00.037+0200: 162.373: Total time for which application threads were stopped: 0.0001550 seconds, Stopping threads took: 0.0001014 seconds
2018-04-30T04:30:00.037+0200: 162.373: Application time: 0.0000250 seconds
2018-04-30T04:30:00.037+0200: 162.373: Total time for which application threads were stopped: 0.0000284 seconds, Stopping threads took: 0.0000097 seconds
2018-04-30T04:30:00.037+0200: 162.373: Application time: 0.0000157 seconds
2018-04-30T04:30:00.037+0200: 162.373: Total time for which application threads were stopped: 0.0000172 seconds, Stopping threads took: 0.0000066 seconds
2018-04-30T04:30:00.037+0200: 162.373: Application time: 0.0000152 seconds
2018-04-30T04:30:00.037+0200: 162.373: Total time for which application threads were stopped: 0.0000166 seconds, Stopping threads took: 0.0000067 seconds
2018-04-30T04:30:00.037+0200: 162.373: Application time: 0.0000154 seconds
2018-04-30T04:30:00.037+0200: 162.373: Total time for which application threads were stopped: 0.0000168 seconds, Stopping threads took: 0.0000067 seconds
2018-04-30T04:30:00.037+0200: 162.373: Application time: 0.0000146 seconds
2018-04-30T04:30:00.037+0200: 162.373: Total time for which application threads were stopped: 0.0000250 seconds, Stopping threads took: 0.0000145 seconds
2018-04-30T04:30:02.037+0200: 164.374: Application time: 2.0001851 seconds
2018-04-30T04:30:02.038+0200: 164.374: Total time for which application threads were stopped: 0.0002667 seconds, Stopping threads took: 0.0002173 seconds
2018-04-30T04:30:05.038+0200: 167.374: Application time: 3.0003169 seconds
2018-04-30T04:30:05.038+0200: 167.374: Total time for which application threads were stopped: 0.0002209 seconds, Stopping threads took: 0.0001589 seconds
2018-04-30T04:30:19.039+0200: 181.376: Application time: 14.0012745 seconds
2018-04-30T04:30:19.040+0200: 181.376: Total time for which application threads were stopped: 0.0003941 seconds, Stopping threads took: 0.0003241 seconds
2018-04-30T04:30:40.042+0200: 202.379: Application time: 21.0025366 seconds
2018-04-30T04:30:40.043+0200: 202.379: Total time for which application threads were stopped: 0.0003596 seconds, Stopping threads took: 0.0002955 seconds
2018-04-30T04:30:45.266+0200: 207.602: Application time: 5.2230671 seconds
2018-04-30T04:30:45.266+0200: 207.603: Total time for which application threads were stopped: 0.0007385 seconds, Stopping threads took: 0.0001125 seconds
2018-04-30T04:30:45.267+0200: 207.603: Application time: 0.0001673 seconds
2018-04-30T04:30:45.267+0200: 207.603: Total time for which application threads were stopped: 0.0000945 seconds, Stopping threads took: 0.0000418 seconds
2018-04-30T04:30:45.267+0200: 207.603: Application time: 0.0000443 seconds
2018-04-30T04:30:45.267+0200: 207.603: Total time for which application threads were stopped: 0.0000756 seconds, Stopping threads took: 0.0000385 seconds
2018-04-30T04:30:45.292+0200: 207.629: Application time: 0.0253286 seconds
2018-04-30T04:30:45.292+0200: 207.629: Total time for which application threads were stopped: 0.0002505 seconds, Stopping threads took: 0.0001466 seconds
2018-04-30T04:30:45.293+0200: 207.629: Application time: 0.0000646 seconds
2018-04-30T04:30:45.293+0200: 207.629: Total time for which application threads were stopped: 0.0000892 seconds, Stopping threads took: 0.0000195 seconds
2018-04-30T04:30:45.302+0200: 207.638: Application time: 0.0092364 seconds
2018-04-30T04:30:45.302+0200: 207.638: Total time for which application threads were stopped: 0.0001443 seconds, Stopping threads took: 0.0000741 seconds
2018-04-30T04:30:45.302+0200: 207.639: Application time: 0.0001887 seconds
2018-04-30T04:30:45.302+0200: 207.639: Total time for which application threads were stopped: 0.0001646 seconds, Stopping threads took: 0.0001120 seconds
2018-04-30T04:30:45.302+0200: 207.639: Application time: 0.0000347 seconds
2018-04-30T04:30:45.303+0200: 207.639: Total time for which application threads were stopped: 0.0000914 seconds, Stopping threads took: 0.0000449 seconds
2018-04-30T04:30:45.303+0200: 207.639: Application time: 0.0003456 seconds
2018-04-30T04:30:45.303+0200: 207.639: Total time for which application threads were stopped: 0.0001192 seconds, Stopping threads took: 0.0000760 seconds
2018-04-30T04:30:45.303+0200: 207.639: Application time: 0.0000342 seconds
2018-04-30T04:30:45.303+0200: 207.639: Total time for which application threads were stopped: 0.0000893 seconds, Stopping threads took: 0.0000482 seconds
2018-04-30T04:30:45.305+0200: 207.641: Application time: 0.0018531 seconds
2018-04-30T04:30:45.305+0200: 207.642: Total time for which application threads were stopped: 0.0002409 seconds, Stopping threads took: 0.0001949 seconds
2018-04-30T04:30:45.305+0200: 207.642: Application time: 0.0000355 seconds
2018-04-30T04:30:45.305+0200: 207.642: Total time for which application threads were stopped: 0.0000859 seconds, Stopping threads took: 0.0000426 seconds
2018-04-30T04:30:45.308+0200: 207.644: Application time: 0.0025114 seconds
2018-04-30T04:30:45.308+0200: 207.644: Total time for which application threads were stopped: 0.0002487 seconds, Stopping threads took: 0.0001685 seconds
2018-04-30T04:30:45.308+0200: 207.645: Application time: 0.0000405 seconds
2018-04-30T04:30:45.308+0200: 207.645: Total time for which application threads were stopped: 0.0001333 seconds, Stopping threads took: 0.0000752 seconds
2018-04-30T04:30:45.309+0200: 207.645: Application time: 0.0002381 seconds
2018-04-30T04:30:45.309+0200: 207.645: Total time for which application threads were stopped: 0.0001205 seconds, Stopping threads took: 0.0000653 seconds
2018-04-30T04:30:45.309+0200: 207.645: Application time: 0.0000376 seconds
2018-04-30T04:30:45.309+0200: 207.645: Total time for which application threads were stopped: 0.0001194 seconds, Stopping threads took: 0.0000656 seconds
2018-04-30T04:30:45.310+0200: 207.646: Application time: 0.0010866 seconds
2018-04-30T04:30:45.310+0200: 207.646: Total time for which application threads were stopped: 0.0001130 seconds, Stopping threads took: 0.0000595 seconds
2018-04-30T04:30:45.310+0200: 207.646: Application time: 0.0000374 seconds
2018-04-30T04:30:45.310+0200: 207.647: Total time for which application threads were stopped: 0.0001052 seconds, Stopping threads took: 0.0000531 seconds
2018-04-30T04:30:45.311+0200: 207.647: Application time: 0.0006488 seconds
2018-04-30T04:30:45.311+0200: 207.647: Total time for which application threads were stopped: 0.0001056 seconds, Stopping threads took: 0.0000465 seconds
2018-04-30T04:30:45.311+0200: 207.647: Application time: 0.0000361 seconds
2018-04-30T04:30:45.311+0200: 207.647: Total time for which application threads were stopped: 0.0001604 seconds, Stopping threads took: 0.0000422 seconds
2018-04-30T04:30:45.328+0200: 207.664: Application time: 0.0165515 seconds
2018-04-30T04:30:45.328+0200: 207.664: Total time for which application threads were stopped: 0.0001817 seconds, Stopping threads took: 0.0000945 seconds
2018-04-30T04:30:45.329+0200: 207.666: Application time: 0.0012836 seconds
2018-04-30T04:30:45.329+0200: 207.666: Total time for which application threads were stopped: 0.0001848 seconds, Stopping threads took: 0.0000684 seconds
2018-04-30T04:30:45.329+0200: 207.666: Application time: 0.0000557 seconds
2018-04-30T04:30:45.330+0200: 207.666: Total time for which application threads were stopped: 0.0002024 seconds, Stopping threads took: 0.0001356 seconds
2018-04-30T04:30:45.330+0200: 207.667: Application time: 0.0006119 seconds
2018-04-30T04:30:45.330+0200: 207.667: Total time for which application threads were stopped: 0.0001766 seconds, Stopping threads took: 0.0000830 seconds
2018-04-30T04:30:45.330+0200: 207.667: Application time: 0.0000465 seconds
2018-04-30T04:30:45.331+0200: 207.667: Total time for which application threads were stopped: 0.0002318 seconds, Stopping threads took: 0.0001559 seconds
2018-04-30T04:30:45.333+0200: 207.669: Application time: 0.0021372 seconds
2018-04-30T04:30:45.333+0200: 207.670: Total time for which application threads were stopped: 0.0004696 seconds, Stopping threads took: 0.0002449 seconds
2018-04-30T04:30:45.333+0200: 207.670: Application time: 0.0000394 seconds
2018-04-30T04:30:45.334+0200: 207.670: Total time for which application threads were stopped: 0.0002071 seconds, Stopping threads took: 0.0000624 seconds
2018-04-30T04:30:45.335+0200: 207.671: Application time: 0.0014042 seconds
2018-04-30T04:30:45.336+0200: 207.672: Total time for which application threads were stopped: 0.0006956 seconds, Stopping threads took: 0.0001078 seconds
2018-04-30T04:30:45.336+0200: 207.672: Application time: 0.0003625 seconds
2018-04-30T04:30:45.337+0200: 207.673: Total time for which application threads were stopped: 0.0006866 seconds, Stopping threads took: 0.0001246 seconds
2018-04-30T04:30:45.345+0200: 207.681: Application time: 0.0083330 seconds
2018-04-30T04:30:45.346+0200: 207.682: Total time for which application threads were stopped: 0.0010711 seconds, Stopping threads took: 0.0001025 seconds
2018-04-30T04:30:45.350+0200: 207.687: Application time: 0.0040401 seconds
2018-04-30T04:30:45.351+0200: 207.688: Total time for which application threads were stopped: 0.0012191 seconds, Stopping threads took: 0.0001071 seconds
2018-04-30T04:30:45.367+0200: 207.703: Application time: 0.0151539 seconds
2018-04-30T04:30:45.367+0200: 207.703: Total time for which application threads were stopped: 0.0005744 seconds, Stopping threads took: 0.0002256 seconds
2018-04-30T04:30:45.367+0200: 207.704: Application time: 0.0001138 seconds
2018-04-30T04:30:45.368+0200: 207.704: Total time for which application threads were stopped: 0.0003330 seconds, Stopping threads took: 0.0001047 seconds
2018-04-30T04:30:45.373+0200: 207.709: Application time: 0.0052422 seconds
2018-04-30T04:30:45.376+0200: 207.712: Total time for which application threads were stopped: 0.0031767 seconds, Stopping threads took: 0.0001885 seconds
2018-04-30T04:30:45.376+0200: 207.712: Application time: 0.0000873 seconds
2018-04-30T04:30:45.377+0200: 207.713: Total time for which application threads were stopped: 0.0004558 seconds, Stopping threads took: 0.0001486 seconds
2018-04-30T04:30:45.384+0200: 207.720: Application time: 0.0071579 seconds
2018-04-30T04:30:45.385+0200: 207.722: Total time for which application threads were stopped: 0.0017458 seconds, Stopping threads took: 0.0001436 seconds
2018-04-30T04:30:45.386+0200: 207.722: Application time: 0.0000926 seconds
2018-04-30T04:30:45.386+0200: 207.722: Total time for which application threads were stopped: 0.0002849 seconds, Stopping threads took: 0.0000558 seconds
2018-04-30T04:30:45.387+0200: 207.724: Application time: 0.0014586 seconds
2018-04-30T04:30:45.388+0200: 207.724: Total time for which application threads were stopped: 0.0005312 seconds, Stopping threads took: 0.0002957 seconds
2018-04-30T04:30:45.388+0200: 207.725: Application time: 0.0004338 seconds
2018-04-30T04:30:45.390+0200: 207.726: Total time for which application threads were stopped: 0.0017764 seconds, Stopping threads took: 0.0002551 seconds
2018-04-30T04:30:45.392+0200: 207.728: Application time: 0.0016469 seconds
2018-04-30T04:30:45.392+0200: 207.729: Total time for which application threads were stopped: 0.0006225 seconds, Stopping threads took: 0.0002822 seconds
2018-04-30T04:30:45.393+0200: 207.729: Application time: 0.0001990 seconds
2018-04-30T04:30:45.393+0200: 207.729: Total time for which application threads were stopped: 0.0004648 seconds, Stopping threads took: 0.0001664 seconds
2018-04-30T04:30:45.393+0200: 207.730: Application time: 0.0003640 seconds
2018-04-30T04:30:45.394+0200: 207.730: Total time for which application threads were stopped: 0.0006162 seconds, Stopping threads took: 0.0002387 seconds
2018-04-30T04:30:45.394+0200: 207.731: Application time: 0.0002029 seconds
2018-04-30T04:30:45.395+0200: 207.731: Total time for which application threads were stopped: 0.0006031 seconds, Stopping threads took: 0.0002339 seconds
2018-04-30T04:30:45.395+0200: 207.731: Application time: 0.0000446 seconds
2018-04-30T04:30:45.395+0200: 207.732: Total time for which application threads were stopped: 0.0003711 seconds, Stopping threads took: 0.0001024 seconds
2018-04-30T04:30:45.395+0200: 207.732: Application time: 0.0000982 seconds
2018-04-30T04:30:45.396+0200: 207.732: Total time for which application threads were stopped: 0.0003128 seconds, Stopping threads took: 0.0001113 seconds
2018-04-30T04:30:45.396+0200: 207.732: Application time: 0.0000906 seconds
2018-04-30T04:30:45.396+0200: 207.732: Total time for which application threads were stopped: 0.0002814 seconds, Stopping threads took: 0.0000811 seconds
2018-04-30T04:30:45.397+0200: 207.733: Application time: 0.0006647 seconds
2018-04-30T04:30:45.397+0200: 207.734: Total time for which application threads were stopped: 0.0007357 seconds, Stopping threads took: 0.0003003 seconds
2018-04-30T04:30:45.398+0200: 207.734: Application time: 0.0006685 seconds
2018-04-30T04:30:45.399+0200: 207.735: Total time for which application threads were stopped: 0.0005921 seconds, Stopping threads took: 0.0002646 seconds
2018-04-30T04:30:45.400+0200: 207.736: Application time: 0.0008866 seconds
2018-04-30T04:30:45.400+0200: 207.737: Total time for which application threads were stopped: 0.0007108 seconds, Stopping threads took: 0.0003464 seconds
2018-04-30T04:30:45.401+0200: 207.737: Application time: 0.0003302 seconds
2018-04-30T04:30:45.403+0200: 207.739: Total time for which application threads were stopped: 0.0021423 seconds, Stopping threads took: 0.0003549 seconds
2018-04-30T04:30:45.405+0200: 207.741: Application time: 0.0020822 seconds
2018-04-30T04:30:45.405+0200: 207.742: Total time for which application threads were stopped: 0.0005647 seconds, Stopping threads took: 0.0001931 seconds
2018-04-30T04:30:45.408+0200: 207.744: Application time: 0.0022382 seconds
2018-04-30T04:30:45.409+0200: 207.745: Total time for which application threads were stopped: 0.0010928 seconds, Stopping threads took: 0.0006866 seconds
2018-04-30T04:30:45.410+0200: 207.746: Application time: 0.0008554 seconds
2018-04-30T04:30:45.410+0200: 207.747: Total time for which application threads were stopped: 0.0005800 seconds, Stopping threads took: 0.0002599 seconds
2018-04-30T04:30:45.411+0200: 207.747: Application time: 0.0006441 seconds
2018-04-30T04:30:45.412+0200: 207.748: Total time for which application threads were stopped: 0.0006872 seconds, Stopping threads took: 0.0003517 seconds
2018-04-30T04:30:45.414+0200: 207.750: Application time: 0.0021510 seconds
2018-04-30T04:30:45.414+0200: 207.751: Total time for which application threads were stopped: 0.0006157 seconds, Stopping threads took: 0.0002709 seconds
2018-04-30T04:30:45.415+0200: 207.752: Application time: 0.0008526 seconds
2018-04-30T04:30:45.416+0200: 207.752: Total time for which application threads were stopped: 0.0004490 seconds, Stopping threads took: 0.0002162 seconds
2018-04-30T04:30:45.416+0200: 207.753: Application time: 0.0006822 seconds
2018-04-30T04:30:45.417+0200: 207.753: Total time for which application threads were stopped: 0.0005768 seconds, Stopping threads took: 0.0002698 seconds
2018-04-30T04:30:45.423+0200: 207.759: Application time: 0.0057027 seconds
2018-04-30T04:30:45.423+0200: 207.760: Total time for which application threads were stopped: 0.0006872 seconds, Stopping threads took: 0.0002430 seconds
2018-04-30T04:30:45.424+0200: 207.761: Application time: 0.0010645 seconds
2018-04-30T04:30:45.425+0200: 207.761: Total time for which application threads were stopped: 0.0005756 seconds, Stopping threads took: 0.0002339 seconds
2018-04-30T04:30:45.425+0200: 207.762: Application time: 0.0003437 seconds
2018-04-30T04:30:45.426+0200: 207.762: Total time for which application threads were stopped: 0.0006923 seconds, Stopping threads took: 0.0003686 seconds
2018-04-30T04:30:45.426+0200: 207.762: Application time: 0.0001502 seconds
2018-04-30T04:30:45.427+0200: 207.763: Total time for which application threads were stopped: 0.0004208 seconds, Stopping threads took: 0.0001587 seconds
2018-04-30T04:30:45.428+0200: 207.764: Application time: 0.0013771 seconds
2018-04-30T04:30:45.428+0200: 207.765: Total time for which application threads were stopped: 0.0004868 seconds, Stopping threads took: 0.0001362 seconds
2018-04-30T04:30:45.432+0200: 207.769: Application time: 0.0039606 seconds
2018-04-30T04:30:45.433+0200: 207.769: Total time for which application threads were stopped: 0.0006975 seconds, Stopping threads took: 0.0003428 seconds
2018-04-30T04:30:45.433+0200: 207.770: Application time: 0.0000407 seconds
2018-04-30T04:30:45.434+0200: 207.770: Total time for which application threads were stopped: 0.0003815 seconds, Stopping threads took: 0.0000841 seconds
2018-04-30T04:30:45.434+0200: 207.770: Application time: 0.0000341 seconds
2018-04-30T04:30:45.434+0200: 207.770: Total time for which application threads were stopped: 0.0003522 seconds, Stopping threads took: 0.0000725 seconds
2018-04-30T04:30:45.434+0200: 207.770: Application time: 0.0000352 seconds
2018-04-30T04:30:45.434+0200: 207.771: Total time for which application threads were stopped: 0.0003549 seconds, Stopping threads took: 0.0000774 seconds
2018-04-30T04:30:45.434+0200: 207.771: Application time: 0.0000435 seconds
2018-04-30T04:30:45.435+0200: 207.771: Total time for which application threads were stopped: 0.0003553 seconds, Stopping threads took: 0.0000808 seconds
2018-04-30T04:30:45.435+0200: 207.771: Application time: 0.0000304 seconds
2018-04-30T04:30:45.435+0200: 207.771: Total time for which application threads were stopped: 0.0003478 seconds, Stopping threads took: 0.0000779 seconds
2018-04-30T04:30:45.435+0200: 207.772: Application time: 0.0000387 seconds
2018-04-30T04:30:45.436+0200: 207.772: Total time for which application threads were stopped: 0.0003896 seconds, Stopping threads took: 0.0000859 seconds
2018-04-30T04:30:45.445+0200: 207.781: Application time: 0.0093408 seconds
2018-04-30T04:30:45.446+0200: 207.782: Total time for which application threads were stopped: 0.0007783 seconds, Stopping threads took: 0.0004310 seconds
2018-04-30T04:30:45.449+0200: 207.786: Application time: 0.0035994 seconds
2018-04-30T04:30:45.450+0200: 207.786: Total time for which application threads were stopped: 0.0007448 seconds, Stopping threads took: 0.0004019 seconds
2018-04-30T04:30:45.451+0200: 207.787: Application time: 0.0006370 seconds
2018-04-30T04:30:45.451+0200: 207.788: Total time for which application threads were stopped: 0.0006223 seconds, Stopping threads took: 0.0002637 seconds
2018-04-30T04:30:45.452+0200: 207.788: Application time: 0.0004751 seconds
2018-04-30T04:30:45.452+0200: 207.789: Total time for which application threads were stopped: 0.0006218 seconds, Stopping threads took: 0.0003304 seconds
2018-04-30T04:30:45.452+0200: 207.789: Application time: 0.0000369 seconds
2018-04-30T04:30:45.453+0200: 207.789: Total time for which application threads were stopped: 0.0002981 seconds, Stopping threads took: 0.0000514 seconds
2018-04-30T04:30:45.454+0200: 207.790: Application time: 0.0013855 seconds
2018-04-30T04:30:45.455+0200: 207.791: Total time for which application threads were stopped: 0.0006026 seconds, Stopping threads took: 0.0003194 seconds
2018-04-30T04:30:45.456+0200: 207.792: Application time: 0.0010563 seconds
2018-04-30T04:30:45.456+0200: 207.793: Total time for which application threads were stopped: 0.0006727 seconds, Stopping threads took: 0.0002597 seconds
2018-04-30T04:30:45.457+0200: 207.794: Application time: 0.0009062 seconds
2018-04-30T04:30:45.458+0200: 207.795: Total time for which application threads were stopped: 0.0007911 seconds, Stopping threads took: 0.0003727 seconds
2018-04-30T04:30:45.459+0200: 207.796: Application time: 0.0011370 seconds
2018-04-30T04:30:45.462+0200: 207.798: Total time for which application threads were stopped: 0.0022190 seconds, Stopping threads took: 0.0004099 seconds
2018-04-30T04:30:45.479+0200: 207.816: Application time: 0.0179435 seconds
2018-04-30T04:30:45.480+0200: 207.817: Total time for which application threads were stopped: 0.0008071 seconds, Stopping threads took: 0.0003837 seconds
2018-04-30T04:30:45.490+0200: 207.827: Application time: 0.0101019 seconds
2018-04-30T04:30:45.491+0200: 207.827: Total time for which application threads were stopped: 0.0006573 seconds, Stopping threads took: 0.0002339 seconds
2018-04-30T04:30:45.516+0200: 207.852: Application time: 0.0245724 seconds
2018-04-30T04:30:45.516+0200: 207.853: Total time for which application threads were stopped: 0.0007357 seconds, Stopping threads took: 0.0002669 seconds
2018-04-30T04:30:45.522+0200: 207.858: Application time: 0.0052399 seconds
2018-04-30T04:30:45.522+0200: 207.859: Total time for which application threads were stopped: 0.0007135 seconds, Stopping threads took: 0.0003151 seconds
2018-04-30T04:30:45.524+0200: 207.860: Application time: 0.0011604 seconds
2018-04-30T04:30:45.524+0200: 207.861: Total time for which application threads were stopped: 0.0006729 seconds, Stopping threads took: 0.0002979 seconds
2018-04-30T04:30:45.527+0200: 207.863: Application time: 0.0026235 seconds
2018-04-30T04:30:45.527+0200: 207.864: Total time for which application threads were stopped: 0.0005887 seconds, Stopping threads took: 0.0002049 seconds
2018-04-30T04:30:45.528+0200: 207.864: Application time: 0.0004751 seconds
2018-04-30T04:30:45.529+0200: 207.865: Total time for which application threads were stopped: 0.0006824 seconds, Stopping threads took: 0.0003128 seconds
2018-04-30T04:30:45.532+0200: 207.868: Application time: 0.0032728 seconds
2018-04-30T04:30:45.533+0200: 207.869: Total time for which application threads were stopped: 0.0006700 seconds, Stopping threads took: 0.0002754 seconds
2018-04-30T04:30:45.547+0200: 207.884: Application time: 0.0147644 seconds
2018-04-30T04:30:45.549+0200: 207.885: Total time for which application threads were stopped: 0.0015951 seconds, Stopping threads took: 0.0003253 seconds
2018-04-30T04:30:45.558+0200: 207.895: Application time: 0.0095071 seconds
2018-04-30T04:30:45.559+0200: 207.895: Total time for which application threads were stopped: 0.0007115 seconds, Stopping threads took: 0.0003672 seconds
2018-04-30T04:30:45.571+0200: 207.908: Application time: 0.0123666 seconds
2018-04-30T04:30:45.572+0200: 207.908: Total time for which application threads were stopped: 0.0006335 seconds, Stopping threads took: 0.0002225 seconds
2018-04-30T04:30:45.572+0200: 207.909: Application time: 0.0000691 seconds
2018-04-30T04:30:45.573+0200: 207.909: Total time for which application threads were stopped: 0.0003690 seconds, Stopping threads took: 0.0000724 seconds
2018-04-30T04:30:45.578+0200: 207.915: Application time: 0.0057928 seconds
2018-04-30T04:30:45.579+0200: 207.915: Total time for which application threads were stopped: 0.0006077 seconds, Stopping threads took: 0.0002657 seconds
2018-04-30T04:30:45.583+0200: 207.920: Application time: 0.0043601 seconds
2018-04-30T04:30:45.585+0200: 207.922: Total time for which application threads were stopped: 0.0020184 seconds, Stopping threads took: 0.0003185 seconds
2018-04-30T04:30:45.588+0200: 207.924: Application time: 0.0022716 seconds
2018-04-30T04:30:45.588+0200: 207.925: Total time for which application threads were stopped: 0.0007602 seconds, Stopping threads took: 0.0003800 seconds
2018-04-30T04:30:45.589+0200: 207.925: Application time: 0.0002431 seconds
2018-04-30T04:30:45.589+0200: 207.926: Total time for which application threads were stopped: 0.0006490 seconds, Stopping threads took: 0.0002089 seconds
2018-04-30T04:30:45.590+0200: 207.926: Application time: 0.0002454 seconds
2018-04-30T04:30:45.590+0200: 207.926: Total time for which application threads were stopped: 0.0004415 seconds, Stopping threads took: 0.0001059 seconds
2018-04-30T04:30:45.617+0200: 207.953: Application time: 0.0267041 seconds
2018-04-30T04:30:45.617+0200: 207.954: Total time for which application threads were stopped: 0.0007386 seconds, Stopping threads took: 0.0003085 seconds
2018-04-30T04:30:45.618+0200: 207.954: Application time: 0.0007042 seconds
2018-04-30T04:30:45.619+0200: 207.955: [GC pause (G1 Evacuation Pause) (young)
Desired survivor size 27262976 bytes, new threshold 15 (max 15)
- age   1:    2807888 bytes,    2807888 total
, 0.0357588 secs]
   [Parallel Time: 31.5 ms, GC Workers: 30]
      [GC Worker Start (ms): Min: 207955.7, Avg: 207956.0, Max: 207956.4, Diff: 0.8]
      [Ext Root Scanning (ms): Min: 0.9, Avg: 1.4, Max: 1.7, Diff: 0.8, Sum: 40.9]
      [Update RS (ms): Min: 6.2, Avg: 6.4, Max: 7.1, Diff: 0.9, Sum: 191.8]
         [Processed Buffers: Min: 8, Avg: 14.4, Max: 27, Diff: 19, Sum: 432]
      [Scan RS (ms): Min: 0.0, Avg: 0.1, Max: 0.2, Diff: 0.2, Sum: 2.0]
      [Code Root Scanning (ms): Min: 0.0, Avg: 0.0, Max: 0.2, Diff: 0.2, Sum: 0.8]
      [Object Copy (ms): Min: 1.6, Avg: 3.4, Max: 8.4, Diff: 6.8, Sum: 103.3]
      [Termination (ms): Min: 14.5, Avg: 19.7, Max: 21.0, Diff: 6.4, Sum: 590.9]
         [Termination Attempts: Min: 8, Avg: 20.8, Max: 33, Diff: 25, Sum: 624]
      [GC Worker Other (ms): Min: 0.0, Avg: 0.0, Max: 0.0, Diff: 0.0, Sum: 0.3]
      [GC Worker Total (ms): Min: 30.5, Avg: 31.0, Max: 31.5, Diff: 1.0, Sum: 930.1]
      [GC Worker End (ms): Min: 207986.9, Avg: 207987.0, Max: 207987.2, Diff: 0.3]
   [Code Root Fixup: 0.0 ms]
   [Code Root Purge: 0.0 ms]
   [Clear CT: 1.0 ms]
   [Other: 3.2 ms]
      [Choose CSet: 0.0 ms]
      [Ref Proc: 1.6 ms]
      [Ref Enq: 0.1 ms]
      [Redirty Cards: 0.3 ms]
      [Humongous Register: 0.4 ms]
      [Humongous Reclaim: 0.1 ms]
      [Free CSet: 0.2 ms]
   [Eden: 356.0M(356.0M)->0.0B(356.0M) Survivors: 52.0M->52.0M Heap: 5384.9M(8192.0M)->5052.9M(8192.0M)]
 [Times: user=0.92 sys=0.01, real=0.04 secs]
2018-04-30T04:30:45.655+0200: 207.991: Total time for which application threads were stopped: 0.0364607 seconds, Stopping threads took: 0.0002315 seconds
2018-04-30T04:30:45.655+0200: 207.992: Application time: 0.0007507 seconds
2018-04-30T04:30:45.656+0200: 207.992: Total time for which application threads were stopped: 0.0006643 seconds, Stopping threads took: 0.0002880 seconds
2018-04-30T04:30:45.656+0200: 207.992: Application time: 0.0000577 seconds
2018-04-30T04:30:45.656+0200: 207.993: Total time for which application threads were stopped: 0.0002768 seconds, Stopping threads took: 0.0000325 seconds
2018-04-30T04:30:45.660+0200: 207.997: Application time: 0.0039934 seconds
2018-04-30T04:30:45.661+0200: 207.997: Total time for which application threads were stopped: 0.0006352 seconds, Stopping threads took: 0.0003030 seconds
2018-04-30T04:30:45.663+0200: 208.000: Application time: 0.0022736 seconds
2018-04-30T04:30:45.664+0200: 208.000: Total time for which application threads were stopped: 0.0006361 seconds, Stopping threads took: 0.0003177 seconds
2018-04-30T04:30:45.664+0200: 208.000: Application time: 0.0000572 seconds
2018-04-30T04:30:45.664+0200: 208.001: Total time for which application threads were stopped: 0.0003063 seconds, Stopping threads took: 0.0000507 seconds
2018-04-30T04:30:45.664+0200: 208.001: Application time: 0.0000453 seconds
2018-04-30T04:30:45.665+0200: 208.001: Total time for which application threads were stopped: 0.0003931 seconds, Stopping threads took: 0.0000891 seconds
2018-04-30T04:30:45.674+0200: 208.011: Application time: 0.0097893 seconds
2018-04-30T04:30:45.676+0200: 208.013: Total time for which application threads were stopped: 0.0019807 seconds, Stopping threads took: 0.0003202 seconds
2018-04-30T04:30:45.681+0200: 208.018: Application time: 0.0048850 seconds
2018-04-30T04:30:45.682+0200: 208.018: Total time for which application threads were stopped: 0.0007337 seconds, Stopping threads took: 0.0003520 seconds
2018-04-30T04:30:45.705+0200: 208.042: Application time: 0.0232310 seconds
2018-04-30T04:30:45.706+0200: 208.042: Total time for which application threads were stopped: 0.0006408 seconds, Stopping threads took: 0.0002657 seconds
2018-04-30T04:30:45.706+0200: 208.042: Application time: 0.0000898 seconds
2018-04-30T04:30:45.706+0200: 208.043: Total time for which application threads were stopped: 0.0002328 seconds, Stopping threads took: 0.0000242 seconds
2018-04-30T04:30:45.706+0200: 208.043: Application time: 0.0000546 seconds
2018-04-30T04:30:45.707+0200: 208.043: Total time for which application threads were stopped: 0.0002019 seconds, Stopping threads took: 0.0000205 seconds
2018-04-30T04:30:45.717+0200: 208.053: Application time: 0.0100261 seconds
2018-04-30T04:30:45.717+0200: 208.054: Total time for which application threads were stopped: 0.0009224 seconds, Stopping threads took: 0.0004720 seconds
2018-04-30T04:30:45.753+0200: 208.090: Application time: 0.0358092 seconds
2018-04-30T04:30:45.754+0200: 208.090: Total time for which application threads were stopped: 0.0008329 seconds, Stopping threads took: 0.0003727 seconds
2018-04-30T04:30:45.756+0200: 208.092: Application time: 0.0018719 seconds
2018-04-30T04:30:45.757+0200: 208.093: Total time for which application threads were stopped: 0.0007783 seconds, Stopping threads took: 0.0004348 seconds
2018-04-30T04:30:45.804+0200: 208.141: Application time: 0.0474454 seconds
2018-04-30T04:30:45.805+0200: 208.141: Total time for which application threads were stopped: 0.0008933 seconds, Stopping threads took: 0.0002916 seconds
2018-04-30T04:30:45.817+0200: 208.154: Application time: 0.0122937 seconds
2018-04-30T04:30:45.818+0200: 208.154: Total time for which application threads were stopped: 0.0007083 seconds, Stopping threads took: 0.0002265 seconds
2018-04-30T04:30:45.818+0200: 208.155: Application time: 0.0001667 seconds
2018-04-30T04:30:45.819+0200: 208.155: Total time for which application threads were stopped: 0.0003461 seconds, Stopping threads took: 0.0000317 seconds
2018-04-30T04:30:45.943+0200: 208.279: Application time: 0.1241568 seconds
2018-04-30T04:30:45.944+0200: 208.281: Total time for which application threads were stopped: 0.0014140 seconds, Stopping threads took: 0.0006786 seconds
2018-04-30T04:30:45.959+0200: 208.295: Application time: 0.0142444 seconds
2018-04-30T04:30:45.960+0200: 208.296: Total time for which application threads were stopped: 0.0013540 seconds, Stopping threads took: 0.0006753 seconds
2018-04-30T04:30:45.960+0200: 208.297: Application time: 0.0003897 seconds
2018-04-30T04:30:45.961+0200: 208.297: Total time for which application threads were stopped: 0.0006572 seconds, Stopping threads took: 0.0001740 seconds
2018-04-30T04:30:45.961+0200: 208.297: Application time: 0.0000451 seconds
2018-04-30T04:30:45.961+0200: 208.298: Total time for which application threads were stopped: 0.0004414 seconds, Stopping threads took: 0.0000756 seconds
2018-04-30T04:30:45.961+0200: 208.298: Application time: 0.0000450 seconds
2018-04-30T04:30:45.962+0200: 208.298: Total time for which application threads were stopped: 0.0003577 seconds, Stopping threads took: 0.0000281 seconds
2018-04-30T04:30:45.962+0200: 208.298: Application time: 0.0000381 seconds
2018-04-30T04:30:45.962+0200: 208.299: Total time for which application threads were stopped: 0.0003466 seconds, Stopping threads took: 0.0000291 seconds
2018-04-30T04:30:45.962+0200: 208.299: Application time: 0.0000389 seconds
2018-04-30T04:30:45.963+0200: 208.299: Total time for which application threads were stopped: 0.0003510 seconds, Stopping threads took: 0.0000284 seconds
2018-04-30T04:30:45.963+0200: 208.299: Application time: 0.0000521 seconds
2018-04-30T04:30:45.963+0200: 208.300: Total time for which application threads were stopped: 0.0004939 seconds, Stopping threads took: 0.0000882 seconds
2018-04-30T04:30:45.963+0200: 208.300: Application time: 0.0000448 seconds
2018-04-30T04:30:45.964+0200: 208.300: Total time for which application threads were stopped: 0.0003581 seconds, Stopping threads took: 0.0000304 seconds
2018-04-30T04:30:45.964+0200: 208.300: Application time: 0.0000461 seconds
2018-04-30T04:30:45.964+0200: 208.300: Total time for which application threads were stopped: 0.0003395 seconds, Stopping threads took: 0.0000251 seconds
2018-04-30T04:30:45.964+0200: 208.300: Application time: 0.0000409 seconds
2018-04-30T04:30:45.964+0200: 208.301: Total time for which application threads were stopped: 0.0003415 seconds, Stopping threads took: 0.0000239 seconds
2018-04-30T04:30:45.964+0200: 208.301: Application time: 0.0000384 seconds
2018-04-30T04:30:45.965+0200: 208.301: Total time for which application threads were stopped: 0.0003404 seconds, Stopping threads took: 0.0000234 seconds
2018-04-30T04:30:45.965+0200: 208.301: Application time: 0.0000384 seconds
2018-04-30T04:30:45.965+0200: 208.301: Total time for which application threads were stopped: 0.0003400 seconds, Stopping threads took: 0.0000233 seconds
2018-04-30T04:30:45.968+0200: 208.305: Application time: 0.0032044 seconds
2018-04-30T04:30:45.970+0200: 208.306: Total time for which application threads were stopped: 0.0011804 seconds, Stopping threads took: 0.0006450 seconds
2018-04-30T04:30:45.970+0200: 208.306: Application time: 0.0000625 seconds
2018-04-30T04:30:45.970+0200: 208.306: Total time for which application threads were stopped: 0.0004374 seconds, Stopping threads took: 0.0000327 seconds
2018-04-30T04:30:45.970+0200: 208.306: Application time: 0.0000409 seconds
2018-04-30T04:30:45.970+0200: 208.307: Total time for which application threads were stopped: 0.0003925 seconds, Stopping threads took: 0.0000656 seconds
2018-04-30T04:30:45.970+0200: 208.307: Application time: 0.0000373 seconds
2018-04-30T04:30:45.971+0200: 208.307: Total time for which application threads were stopped: 0.0003345 seconds, Stopping threads took: 0.0000263 seconds
2018-04-30T04:30:45.971+0200: 208.307: Application time: 0.0000375 seconds
2018-04-30T04:30:45.971+0200: 208.308: Total time for which application threads were stopped: 0.0003665 seconds, Stopping threads took: 0.0000588 seconds
2018-04-30T04:30:45.971+0200: 208.308: Application time: 0.0000714 seconds
2018-04-30T04:30:45.972+0200: 208.308: Total time for which application threads were stopped: 0.0003610 seconds, Stopping threads took: 0.0000441 seconds
2018-04-30T04:30:45.972+0200: 208.308: Application time: 0.0000356 seconds
2018-04-30T04:30:45.972+0200: 208.308: Total time for which application threads were stopped: 0.0003677 seconds, Stopping threads took: 0.0000608 seconds
2018-04-30T04:30:45.972+0200: 208.308: Application time: 0.0000330 seconds
2018-04-30T04:30:45.972+0200: 208.309: Total time for which application threads were stopped: 0.0003274 seconds, Stopping threads took: 0.0000254 seconds
2018-04-30T04:30:45.972+0200: 208.309: Application time: 0.0000336 seconds
2018-04-30T04:30:45.973+0200: 208.309: Total time for which application threads were stopped: 0.0003538 seconds, Stopping threads took: 0.0000400 seconds
2018-04-30T04:30:45.973+0200: 208.309: Application time: 0.0000341 seconds
2018-04-30T04:30:45.973+0200: 208.310: Total time for which application threads were stopped: 0.0003285 seconds, Stopping threads took: 0.0000252 seconds
2018-04-30T04:30:46.001+0200: 208.337: Application time: 0.0274693 seconds
2018-04-30T04:30:46.002+0200: 208.338: Total time for which application threads were stopped: 0.0014775 seconds, Stopping threads took: 0.0007674 seconds
2018-04-30T04:30:46.002+0200: 208.339: Application time: 0.0001112 seconds
2018-04-30T04:30:46.003+0200: 208.339: Total time for which application threads were stopped: 0.0003888 seconds, Stopping threads took: 0.0000309 seconds
2018-04-30T04:30:46.009+0200: 208.345: Application time: 0.0062255 seconds
2018-04-30T04:30:46.010+0200: 208.346: Total time for which application threads were stopped: 0.0007510 seconds, Stopping threads took: 0.0003058 seconds
2018-04-30T04:30:46.012+0200: 208.348: Application time: 0.0023919 seconds
2018-04-30T04:30:46.013+0200: 208.349: Total time for which application threads were stopped: 0.0009836 seconds, Stopping threads took: 0.0004214 seconds
2018-04-30T04:30:46.013+0200: 208.349: Application time: 0.0000535 seconds
2018-04-30T04:30:46.014+0200: 208.350: Total time for which application threads were stopped: 0.0004425 seconds, Stopping threads took: 0.0000370 seconds
2018-04-30T04:30:46.014+0200: 208.350: Application time: 0.0000407 seconds
2018-04-30T04:30:46.014+0200: 208.350: Total time for which application threads were stopped: 0.0004031 seconds, Stopping threads took: 0.0000281 seconds
2018-04-30T04:30:46.015+0200: 208.351: Application time: 0.0005733 seconds
2018-04-30T04:30:46.015+0200: 208.351: Total time for which application threads were stopped: 0.0004307 seconds, Stopping threads took: 0.0000404 seconds
2018-04-30T04:30:46.018+0200: 208.354: Application time: 0.0029271 seconds
2018-04-30T04:30:46.019+0200: 208.355: Total time for which application threads were stopped: 0.0006782 seconds, Stopping threads took: 0.0001315 seconds
2018-04-30T04:30:46.019+0200: 208.355: Application time: 0.0000526 seconds
2018-04-30T04:30:46.019+0200: 208.355: Total time for which application threads were stopped: 0.0004762 seconds, Stopping threads took: 0.0000414 seconds
2018-04-30T04:30:46.019+0200: 208.355: Application time: 0.0000418 seconds
2018-04-30T04:30:46.020+0200: 208.356: Total time for which application threads were stopped: 0.0004592 seconds, Stopping threads took: 0.0000322 seconds
2018-04-30T04:30:46.020+0200: 208.356: Application time: 0.0004812 seconds
2018-04-30T04:30:46.020+0200: 208.357: Total time for which application threads were stopped: 0.0003732 seconds, Stopping threads took: 0.0000347 seconds
2018-04-30T04:30:46.021+0200: 208.357: Application time: 0.0003578 seconds
2018-04-30T04:30:46.021+0200: 208.358: Total time for which application threads were stopped: 0.0005181 seconds, Stopping threads took: 0.0001681 seconds
2018-04-30T04:30:46.021+0200: 208.358: Application time: 0.0000444 seconds
2018-04-30T04:30:46.022+0200: 208.358: Total time for which application threads were stopped: 0.0003410 seconds, Stopping threads took: 0.0000236 seconds
2018-04-30T04:30:46.022+0200: 208.358: Application time: 0.0000393 seconds
2018-04-30T04:30:46.022+0200: 208.359: Total time for which application threads were stopped: 0.0004061 seconds, Stopping threads took: 0.0000781 seconds
2018-04-30T04:30:46.023+0200: 208.359: Application time: 0.0004234 seconds
2018-04-30T04:30:46.023+0200: 208.359: Total time for which application threads were stopped: 0.0004299 seconds, Stopping threads took: 0.0001002 seconds
2018-04-30T04:30:46.045+0200: 208.381: Application time: 0.0216595 seconds
2018-04-30T04:30:46.046+0200: 208.382: Total time for which application threads were stopped: 0.0009627 seconds, Stopping threads took: 0.0002709 seconds
2018-04-30T04:30:46.046+0200: 208.382: Application time: 0.0001186 seconds
2018-04-30T04:30:46.046+0200: 208.383: Total time for which application threads were stopped: 0.0004648 seconds, Stopping threads took: 0.0000453 seconds
2018-04-30T04:30:46.053+0200: 208.389: Application time: 0.0063380 seconds
2018-04-30T04:30:46.054+0200: 208.390: Total time for which application threads were stopped: 0.0009975 seconds, Stopping threads took: 0.0004678 seconds
2018-04-30T04:30:46.055+0200: 208.392: Application time: 0.0017777 seconds
2018-04-30T04:30:46.057+0200: 208.393: Total time for which application threads were stopped: 0.0013617 seconds, Stopping threads took: 0.0008363 seconds
2018-04-30T04:30:46.057+0200: 208.393: Application time: 0.0001608 seconds
2018-04-30T04:30:46.058+0200: 208.394: Total time for which application threads were stopped: 0.0005613 seconds, Stopping threads took: 0.0000801 seconds
2018-04-30T04:30:46.058+0200: 208.394: Application time: 0.0001528 seconds
2018-04-30T04:30:46.058+0200: 208.394: Total time for which application threads were stopped: 0.0003917 seconds, Stopping threads took: 0.0000296 seconds
2018-04-30T04:30:46.058+0200: 208.394: Application time: 0.0000533 seconds
2018-04-30T04:30:46.059+0200: 208.395: Total time for which application threads were stopped: 0.0003810 seconds, Stopping threads took: 0.0000258 seconds
2018-04-30T04:30:46.060+0200: 208.396: Application time: 0.0010192 seconds
2018-04-30T04:30:46.061+0200: 208.397: Total time for which application threads were stopped: 0.0010449 seconds, Stopping threads took: 0.0005769 seconds
2018-04-30T04:30:46.061+0200: 208.397: Application time: 0.0000445 seconds
2018-04-30T04:30:46.061+0200: 208.397: Total time for which application threads were stopped: 0.0003998 seconds, Stopping threads took: 0.0000446 seconds
2018-04-30T04:30:46.063+0200: 208.399: Application time: 0.0018357 seconds
2018-04-30T04:30:46.064+0200: 208.400: Total time for which application threads were stopped: 0.0007498 seconds, Stopping threads took: 0.0002883 seconds
2018-04-30T04:30:46.064+0200: 208.400: Application time: 0.0000912 seconds
2018-04-30T04:30:46.064+0200: 208.400: Total time for which application threads were stopped: 0.0004330 seconds, Stopping threads took: 0.0000657 seconds
2018-04-30T04:30:46.067+0200: 208.404: Application time: 0.0033588 seconds
2018-04-30T04:30:46.069+0200: 208.406: Total time for which application threads were stopped: 0.0017262 seconds, Stopping threads took: 0.0011566 seconds
2018-04-30T04:30:46.070+0200: 208.406: Application time: 0.0008454 seconds
2018-04-30T04:30:46.071+0200: 208.408: Total time for which application threads were stopped: 0.0010845 seconds, Stopping threads took: 0.0006230 seconds
2018-04-30T04:30:46.071+0200: 208.408: Application time: 0.0001245 seconds
2018-04-30T04:30:46.072+0200: 208.408: Total time for which application threads were stopped: 0.0004598 seconds, Stopping threads took: 0.0000775 seconds
2018-04-30T04:30:46.072+0200: 208.408: Application time: 0.0000393 seconds
2018-04-30T04:30:46.072+0200: 208.409: Total time for which application threads were stopped: 0.0003810 seconds, Stopping threads took: 0.0000301 seconds
2018-04-30T04:30:46.072+0200: 208.409: Application time: 0.0000454 seconds
2018-04-30T04:30:46.073+0200: 208.409: Total time for which application threads were stopped: 0.0003766 seconds, Stopping threads took: 0.0000261 seconds
2018-04-30T04:30:46.074+0200: 208.411: Application time: 0.0016403 seconds
2018-04-30T04:30:46.075+0200: 208.412: Total time for which application threads were stopped: 0.0010999 seconds, Stopping threads took: 0.0005982 seconds
2018-04-30T04:30:46.075+0200: 208.412: Application time: 0.0000429 seconds
2018-04-30T04:30:46.076+0200: 208.412: Total time for which application threads were stopped: 0.0004199 seconds, Stopping threads took: 0.0000637 seconds
2018-04-30T04:30:46.077+0200: 208.414: Application time: 0.0015671 seconds
2018-04-30T04:30:46.079+0200: 208.415: Total time for which application threads were stopped: 0.0012134 seconds, Stopping threads took: 0.0007746 seconds
2018-04-30T04:30:46.079+0200: 208.415: Application time: 0.0000817 seconds
2018-04-30T04:30:46.079+0200: 208.415: Total time for which application threads were stopped: 0.0003310 seconds, Stopping threads took: 0.0000267 seconds
2018-04-30T04:30:46.081+0200: 208.417: Application time: 0.0019374 seconds
2018-04-30T04:30:46.082+0200: 208.418: Total time for which application threads were stopped: 0.0006601 seconds, Stopping threads took: 0.0002648 seconds
2018-04-30T04:30:46.082+0200: 208.419: Application time: 0.0006672 seconds
2018-04-30T04:30:46.083+0200: 208.419: Total time for which application threads were stopped: 0.0007881 seconds, Stopping threads took: 0.0003282 seconds
2018-04-30T04:30:46.083+0200: 208.420: Application time: 0.0001679 seconds
2018-04-30T04:30:46.084+0200: 208.420: Total time for which application threads were stopped: 0.0003831 seconds, Stopping threads took: 0.0000576 seconds
2018-04-30T04:30:46.084+0200: 208.420: Application time: 0.0000391 seconds
2018-04-30T04:30:46.084+0200: 208.420: Total time for which application threads were stopped: 0.0003426 seconds, Stopping threads took: 0.0000419 seconds
2018-04-30T04:30:46.084+0200: 208.420: Application time: 0.0000375 seconds
2018-04-30T04:30:46.084+0200: 208.421: Total time for which application threads were stopped: 0.0003548 seconds, Stopping threads took: 0.0000471 seconds
2018-04-30T04:30:46.084+0200: 208.421: Application time: 0.0000359 seconds
2018-04-30T04:30:46.085+0200: 208.421: Total time for which application threads were stopped: 0.0003184 seconds, Stopping threads took: 0.0000246 seconds
2018-04-30T04:30:46.085+0200: 208.421: Application time: 0.0000358 seconds
2018-04-30T04:30:46.085+0200: 208.422: Total time for which application threads were stopped: 0.0003134 seconds, Stopping threads took: 0.0000230 seconds
2018-04-30T04:30:46.088+0200: 208.424: Application time: 0.0023941 seconds
2018-04-30T04:30:46.089+0200: 208.425: Total time for which application threads were stopped: 0.0011160 seconds, Stopping threads took: 0.0006030 seconds
2018-04-30T04:30:46.089+0200: 208.425: Application time: 0.0000474 seconds
2018-04-30T04:30:46.089+0200: 208.425: Total time for which application threads were stopped: 0.0003430 seconds, Stopping threads took: 0.0000260 seconds
2018-04-30T04:30:46.089+0200: 208.425: Application time: 0.0000404 seconds
2018-04-30T04:30:46.089+0200: 208.426: Total time for which application threads were stopped: 0.0003338 seconds, Stopping threads took: 0.0000221 seconds
2018-04-30T04:30:46.089+0200: 208.426: Application time: 0.0000379 seconds
2018-04-30T04:30:46.090+0200: 208.426: Total time for which application threads were stopped: 0.0003758 seconds, Stopping threads took: 0.0000588 seconds
2018-04-30T04:30:46.097+0200: 208.433: Application time: 0.0068273 seconds
2018-04-30T04:30:46.098+0200: 208.434: Total time for which application threads were stopped: 0.0011057 seconds, Stopping threads took: 0.0006433 seconds
2018-04-30T04:30:46.098+0200: 208.434: Application time: 0.0000569 seconds
2018-04-30T04:30:46.098+0200: 208.434: Total time for which application threads were stopped: 0.0002915 seconds, Stopping threads took: 0.0000215 seconds
2018-04-30T04:30:46.122+0200: 208.458: Application time: 0.0237529 seconds
2018-04-30T04:30:46.124+0200: 208.460: Total time for which application threads were stopped: 0.0019705 seconds, Stopping threads took: 0.0012948 seconds
2018-04-30T04:30:46.125+0200: 208.461: Application time: 0.0008078 seconds
2018-04-30T04:30:46.127+0200: 208.464: Total time for which application threads were stopped: 0.0024593 seconds, Stopping threads took: 0.0002614 seconds
2018-04-30T04:30:46.128+0200: 208.464: Application time: 0.0006350 seconds
2018-04-30T04:30:46.128+0200: 208.465: Total time for which application threads were stopped: 0.0005931 seconds, Stopping threads took: 0.0001743 seconds
2018-04-30T04:30:46.129+0200: 208.465: Application time: 0.0004068 seconds
2018-04-30T04:30:46.129+0200: 208.466: Total time for which application threads were stopped: 0.0004752 seconds, Stopping threads took: 0.0000758 seconds
2018-04-30T04:30:46.129+0200: 208.466: Application time: 0.0000425 seconds
2018-04-30T04:30:46.130+0200: 208.466: Total time for which application threads were stopped: 0.0004723 seconds, Stopping threads took: 0.0000578 seconds
2018-04-30T04:30:46.130+0200: 208.466: Application time: 0.0001703 seconds
2018-04-30T04:30:46.132+0200: 208.468: Total time for which application threads were stopped: 0.0021269 seconds, Stopping threads took: 0.0000459 seconds
2018-04-30T04:30:46.137+0200: 208.474: Application time: 0.0053134 seconds
2018-04-30T04:30:46.138+0200: 208.475: Total time for which application threads were stopped: 0.0007590 seconds, Stopping threads took: 0.0003049 seconds
2018-04-30T04:30:46.139+0200: 208.475: Application time: 0.0005016 seconds
2018-04-30T04:30:46.139+0200: 208.476: Total time for which application threads were stopped: 0.0007833 seconds, Stopping threads took: 0.0002836 seconds
2018-04-30T04:30:46.142+0200: 208.478: Application time: 0.0021498 seconds
2018-04-30T04:30:46.142+0200: 208.479: Total time for which application threads were stopped: 0.0007245 seconds, Stopping threads took: 0.0003135 seconds
2018-04-30T04:30:46.159+0200: 208.495: Application time: 0.0161377 seconds
2018-04-30T04:30:46.160+0200: 208.496: Total time for which application threads were stopped: 0.0011730 seconds, Stopping threads took: 0.0005517 seconds
2018-04-30T04:30:46.160+0200: 208.497: Application time: 0.0004768 seconds
2018-04-30T04:30:46.161+0200: 208.497: Total time for which application threads were stopped: 0.0006907 seconds, Stopping threads took: 0.0001937 seconds
2018-04-30T04:30:46.161+0200: 208.497: Application time: 0.0000342 seconds
2018-04-30T04:30:46.161+0200: 208.498: Total time for which application threads were stopped: 0.0004516 seconds, Stopping threads took: 0.0000560 seconds
2018-04-30T04:30:46.163+0200: 208.500: Application time: 0.0018125 seconds
2018-04-30T04:30:46.164+0200: 208.501: Total time for which application threads were stopped: 0.0010759 seconds, Stopping threads took: 0.0003454 seconds
2018-04-30T04:30:46.170+0200: 208.506: Application time: 0.0057028 seconds
2018-04-30T04:30:46.171+0200: 208.507: Total time for which application threads were stopped: 0.0010009 seconds, Stopping threads took: 0.0003944 seconds
2018-04-30T04:30:46.171+0200: 208.508: Application time: 0.0005231 seconds
2018-04-30T04:30:46.172+0200: 208.509: Total time for which application threads were stopped: 0.0007377 seconds, Stopping threads took: 0.0003102 seconds
2018-04-30T04:30:46.179+0200: 208.515: Application time: 0.0067241 seconds
2018-04-30T04:30:46.180+0200: 208.516: Total time for which application threads were stopped: 0.0009580 seconds, Stopping threads took: 0.0003662 seconds
2018-04-30T04:30:46.180+0200: 208.516: Application time: 0.0001579 seconds
2018-04-30T04:30:46.180+0200: 208.517: Total time for which application threads were stopped: 0.0003843 seconds, Stopping threads took: 0.0000370 seconds
2018-04-30T04:30:46.182+0200: 208.518: Application time: 0.0014527 seconds
2018-04-30T04:30:46.183+0200: 208.519: Total time for which application threads were stopped: 0.0010440 seconds, Stopping threads took: 0.0005260 seconds
2018-04-30T04:30:46.183+0200: 208.519: Application time: 0.0001295 seconds
2018-04-30T04:30:46.184+0200: 208.520: Total time for which application threads were stopped: 0.0005104 seconds, Stopping threads took: 0.0001135 seconds
2018-04-30T04:30:46.185+0200: 208.521: Application time: 0.0012898 seconds
2018-04-30T04:30:46.186+0200: 208.522: Total time for which application threads were stopped: 0.0010858 seconds, Stopping threads took: 0.0006019 seconds
2018-04-30T04:30:46.186+0200: 208.522: Application time: 0.0000777 seconds
2018-04-30T04:30:46.187+0200: 208.523: Total time for which application threads were stopped: 0.0004227 seconds, Stopping threads took: 0.0000828 seconds
2018-04-30T04:30:46.188+0200: 208.525: Application time: 0.0017756 seconds
2018-04-30T04:30:46.189+0200: 208.525: Total time for which application threads were stopped: 0.0008269 seconds, Stopping threads took: 0.0003476 seconds
2018-04-30T04:30:46.193+0200: 208.529: Application time: 0.0038583 seconds
2018-04-30T04:30:46.194+0200: 208.530: Total time for which application threads were stopped: 0.0008388 seconds, Stopping threads took: 0.0002436 seconds
2018-04-30T04:30:46.194+0200: 208.530: Application time: 0.0003084 seconds
2018-04-30T04:30:46.195+0200: 208.531: Total time for which application threads were stopped: 0.0005415 seconds, Stopping threads took: 0.0001013 seconds
2018-04-30T04:30:46.196+0200: 208.532: Application time: 0.0008676 seconds
2018-04-30T04:30:46.197+0200: 208.533: Total time for which application threads were stopped: 0.0015041 seconds, Stopping threads took: 0.0009719 seconds
2018-04-30T04:30:46.197+0200: 208.534: Application time: 0.0001334 seconds
2018-04-30T04:30:46.198+0200: 208.534: Total time for which application threads were stopped: 0.0005720 seconds, Stopping threads took: 0.0001471 seconds
2018-04-30T04:30:46.198+0200: 208.534: Application time: 0.0000414 seconds
2018-04-30T04:30:46.198+0200: 208.535: Total time for which application threads were stopped: 0.0004223 seconds, Stopping threads took: 0.0000221 seconds
2018-04-30T04:30:46.199+0200: 208.535: Application time: 0.0005353 seconds
2018-04-30T04:30:46.199+0200: 208.536: Total time for which application threads were stopped: 0.0004290 seconds, Stopping threads took: 0.0000327 seconds
2018-04-30T04:30:46.207+0200: 208.544: Application time: 0.0081857 seconds
2018-04-30T04:30:46.210+0200: 208.546: Total time for which application threads were stopped: 0.0024268 seconds, Stopping threads took: 0.0017745 seconds
2018-04-30T04:30:46.210+0200: 208.547: Application time: 0.0003636 seconds
2018-04-30T04:30:46.211+0200: 208.547: Total time for which application threads were stopped: 0.0005928 seconds, Stopping threads took: 0.0001788 seconds
2018-04-30T04:30:46.212+0200: 208.549: Application time: 0.0014328 seconds
2018-04-30T04:30:46.213+0200: 208.550: Total time for which application threads were stopped: 0.0009749 seconds, Stopping threads took: 0.0003344 seconds
2018-04-30T04:30:46.213+0200: 208.550: Application time: 0.0001510 seconds
2018-04-30T04:30:46.214+0200: 208.550: Total time for which application threads were stopped: 0.0005296 seconds, Stopping threads took: 0.0000689 seconds
2018-04-30T04:30:46.214+0200: 208.550: Application time: 0.0000525 seconds
2018-04-30T04:30:46.214+0200: 208.551: Total time for which application threads were stopped: 0.0004812 seconds, Stopping threads took: 0.0000323 seconds
2018-04-30T04:30:46.215+0200: 208.552: Application time: 0.0009559 seconds
2018-04-30T04:30:46.216+0200: 208.553: Total time for which application threads were stopped: 0.0008015 seconds, Stopping threads took: 0.0002898 seconds
2018-04-30T04:30:46.217+0200: 208.553: Application time: 0.0006762 seconds
2018-04-30T04:30:46.217+0200: 208.554: Total time for which application threads were stopped: 0.0005879 seconds, Stopping threads took: 0.0001178 seconds
2018-04-30T04:30:46.227+0200: 208.563: Application time: 0.0094267 seconds
2018-04-30T04:30:46.228+0200: 208.564: Total time for which application threads were stopped: 0.0009697 seconds, Stopping threads took: 0.0002745 seconds
2018-04-30T04:30:46.229+0200: 208.566: Application time: 0.0015203 seconds
2018-04-30T04:30:46.230+0200: 208.567: Total time for which application threads were stopped: 0.0009138 seconds, Stopping threads took: 0.0003650 seconds
2018-04-30T04:30:46.248+0200: 208.585: Application time: 0.0180436 seconds
2018-04-30T04:30:46.250+0200: 208.586: Total time for which application threads were stopped: 0.0013310 seconds, Stopping threads took: 0.0003348 seconds
2018-04-30T04:30:46.251+0200: 208.587: Application time: 0.0011163 seconds
2018-04-30T04:30:46.252+0200: 208.588: Total time for which application threads were stopped: 0.0010542 seconds, Stopping threads took: 0.0002504 seconds
2018-04-30T04:30:46.252+0200: 208.588: Application time: 0.0002311 seconds
2018-04-30T04:30:46.253+0200: 208.589: Total time for which application threads were stopped: 0.0007547 seconds, Stopping threads took: 0.0001133 seconds
2018-04-30T04:30:46.253+0200: 208.589: Application time: 0.0001081 seconds
2018-04-30T04:30:46.254+0200: 208.590: Total time for which application threads were stopped: 0.0007087 seconds, Stopping threads took: 0.0000734 seconds
2018-04-30T04:30:46.259+0200: 208.596: Application time: 0.0056013 seconds
2018-04-30T04:30:46.261+0200: 208.597: Total time for which application threads were stopped: 0.0014181 seconds, Stopping threads took: 0.0006711 seconds
2018-04-30T04:30:46.261+0200: 208.597: Application time: 0.0000912 seconds
2018-04-30T04:30:46.261+0200: 208.598: Total time for which application threads were stopped: 0.0005564 seconds, Stopping threads took: 0.0000543 seconds
2018-04-30T04:30:46.264+0200: 208.601: Application time: 0.0028717 seconds
2018-04-30T04:30:46.265+0200: 208.601: Total time for which application threads were stopped: 0.0006834 seconds, Stopping threads took: 0.0002493 seconds
2018-04-30T04:30:46.265+0200: 208.601: Application time: 0.0000420 seconds
2018-04-30T04:30:46.265+0200: 208.602: Total time for which application threads were stopped: 0.0004247 seconds, Stopping threads took: 0.0000830 seconds
2018-04-30T04:30:46.266+0200: 208.602: Application time: 0.0002993 seconds
2018-04-30T04:30:46.266+0200: 208.603: Total time for which application threads were stopped: 0.0005473 seconds, Stopping threads took: 0.0001865 seconds
2018-04-30T04:30:46.266+0200: 208.603: Application time: 0.0000494 seconds
2018-04-30T04:30:46.267+0200: 208.603: Total time for which application threads were stopped: 0.0003880 seconds, Stopping threads took: 0.0000547 seconds
2018-04-30T04:30:46.267+0200: 208.603: Application time: 0.0000378 seconds
2018-04-30T04:30:46.267+0200: 208.603: Total time for which application threads were stopped: 0.0004167 seconds, Stopping threads took: 0.0000723 seconds
2018-04-30T04:30:46.267+0200: 208.604: Application time: 0.0002856 seconds
2018-04-30T04:30:46.268+0200: 208.604: Total time for which application threads were stopped: 0.0004791 seconds, Stopping threads took: 0.0001447 seconds
2018-04-30T04:30:46.268+0200: 208.604: Application time: 0.0000305 seconds
2018-04-30T04:30:46.268+0200: 208.605: Total time for which application threads were stopped: 0.0003522 seconds, Stopping threads took: 0.0000289 seconds
2018-04-30T04:30:46.268+0200: 208.605: Application time: 0.0001270 seconds
2018-04-30T04:30:46.269+0200: 208.605: Total time for which application threads were stopped: 0.0003720 seconds, Stopping threads took: 0.0000399 seconds
2018-04-30T04:30:46.269+0200: 208.605: Application time: 0.0000387 seconds
2018-04-30T04:30:46.269+0200: 208.606: Total time for which application threads were stopped: 0.0003424 seconds, Stopping threads took: 0.0000298 seconds
2018-04-30T04:30:46.275+0200: 208.611: Application time: 0.0056377 seconds
2018-04-30T04:30:46.276+0200: 208.612: Total time for which application threads were stopped: 0.0010492 seconds, Stopping threads took: 0.0004610 seconds
2018-04-30T04:30:46.279+0200: 208.615: Application time: 0.0029721 seconds
2018-04-30T04:30:46.280+0200: 208.616: Total time for which application threads were stopped: 0.0007812 seconds, Stopping threads took: 0.0002060 seconds
2018-04-30T04:30:46.280+0200: 208.616: Application time: 0.0000787 seconds
2018-04-30T04:30:46.280+0200: 208.617: Total time for which application threads were stopped: 0.0004869 seconds, Stopping threads took: 0.0000562 seconds
2018-04-30T04:30:46.281+0200: 208.618: Application time: 0.0012769 seconds
2018-04-30T04:30:46.283+0200: 208.619: Total time for which application threads were stopped: 0.0011488 seconds, Stopping threads took: 0.0006369 seconds
2018-04-30T04:30:46.283+0200: 208.619: Application time: 0.0000347 seconds
2018-04-30T04:30:46.283+0200: 208.619: Total time for which application threads were stopped: 0.0004515 seconds, Stopping threads took: 0.0000741 seconds
2018-04-30T04:30:46.283+0200: 208.620: Application time: 0.0001257 seconds
2018-04-30T04:30:46.284+0200: 208.620: Total time for which application threads were stopped: 0.0004367 seconds, Stopping threads took: 0.0000523 seconds
2018-04-30T04:30:46.284+0200: 208.620: Application time: 0.0000388 seconds
2018-04-30T04:30:46.284+0200: 208.620: Total time for which application threads were stopped: 0.0003940 seconds, Stopping threads took: 0.0000298 seconds
2018-04-30T04:30:46.287+0200: 208.624: Application time: 0.0032874 seconds
2018-04-30T04:30:46.288+0200: 208.625: Total time for which application threads were stopped: 0.0009024 seconds, Stopping threads took: 0.0003895 seconds
2018-04-30T04:30:46.289+0200: 208.625: Application time: 0.0006158 seconds
2018-04-30T04:30:46.290+0200: 208.626: Total time for which application threads were stopped: 0.0006900 seconds, Stopping threads took: 0.0002647 seconds
2018-04-30T04:30:46.290+0200: 208.626: Application time: 0.0000646 seconds
2018-04-30T04:30:46.290+0200: 208.626: Total time for which application threads were stopped: 0.0004358 seconds, Stopping threads took: 0.0000655 seconds
2018-04-30T04:30:46.290+0200: 208.627: Application time: 0.0000465 seconds
2018-04-30T04:30:46.291+0200: 208.627: Total time for which application threads were stopped: 0.0003663 seconds, Stopping threads took: 0.0000307 seconds
2018-04-30T04:30:46.291+0200: 208.627: Application time: 0.0000848 seconds
2018-04-30T04:30:46.291+0200: 208.627: Total time for which application threads were stopped: 0.0003805 seconds, Stopping threads took: 0.0000333 seconds
2018-04-30T04:30:46.291+0200: 208.627: Application time: 0.0000519 seconds
2018-04-30T04:30:46.291+0200: 208.628: Total time for which application threads were stopped: 0.0004038 seconds, Stopping threads took: 0.0000497 seconds
2018-04-30T04:30:46.293+0200: 208.630: Application time: 0.0017662 seconds
2018-04-30T04:30:46.294+0200: 208.630: Total time for which application threads were stopped: 0.0008098 seconds, Stopping threads took: 0.0003298 seconds
2018-04-30T04:30:46.294+0200: 208.630: Application time: 0.0000768 seconds
2018-04-30T04:30:46.295+0200: 208.631: Total time for which application threads were stopped: 0.0004317 seconds, Stopping threads took: 0.0000342 seconds
2018-04-30T04:30:46.295+0200: 208.631: Application time: 0.0003512 seconds
2018-04-30T04:30:46.295+0200: 208.632: Total time for which application threads were stopped: 0.0005650 seconds, Stopping threads took: 0.0001096 seconds
2018-04-30T04:30:46.296+0200: 208.632: Application time: 0.0003742 seconds
2018-04-30T04:30:46.296+0200: 208.633: Total time for which application threads were stopped: 0.0005495 seconds, Stopping threads took: 0.0001197 seconds
2018-04-30T04:30:46.297+0200: 208.633: Application time: 0.0007152 seconds
2018-04-30T04:30:46.298+0200: 208.634: Total time for which application threads were stopped: 0.0009574 seconds, Stopping threads took: 0.0004752 seconds
2018-04-30T04:30:46.298+0200: 208.635: Application time: 0.0000771 seconds
2018-04-30T04:30:46.299+0200: 208.635: Total time for which application threads were stopped: 0.0006812 seconds, Stopping threads took: 0.0000921 seconds
2018-04-30T04:30:46.299+0200: 208.635: Application time: 0.0001204 seconds
2018-04-30T04:30:46.300+0200: 208.636: Total time for which application threads were stopped: 0.0005476 seconds, Stopping threads took: 0.0000832 seconds
2018-04-30T04:30:46.300+0200: 208.636: Application time: 0.0001719 seconds
2018-04-30T04:30:46.302+0200: 208.638: Total time for which application threads were stopped: 0.0023763 seconds, Stopping threads took: 0.0000757 seconds
2018-04-30T04:30:46.302+0200: 208.639: Application time: 0.0001093 seconds
2018-04-30T04:30:46.303+0200: 208.639: Total time for which application threads were stopped: 0.0004534 seconds, Stopping threads took: 0.0000354 seconds
2018-04-30T04:30:46.303+0200: 208.640: Application time: 0.0005352 seconds
2018-04-30T04:30:46.304+0200: 208.640: Total time for which application threads were stopped: 0.0004799 seconds, Stopping threads took: 0.0000713 seconds
2018-04-30T04:30:46.305+0200: 208.641: Application time: 0.0008075 seconds
2018-04-30T04:30:46.307+0200: 208.643: Total time for which application threads were stopped: 0.0022911 seconds, Stopping threads took: 0.0001071 seconds
2018-04-30T04:30:46.308+0200: 208.645: Application time: 0.0014828 seconds
2018-04-30T04:30:46.309+0200: 208.645: Total time for which application threads were stopped: 0.0006945 seconds, Stopping threads took: 0.0002137 seconds
2018-04-30T04:30:46.313+0200: 208.649: Application time: 0.0037272 seconds
2018-04-30T04:30:46.314+0200: 208.651: Total time for which application threads were stopped: 0.0017229 seconds, Stopping threads took: 0.0003859 seconds
2018-04-30T04:30:46.321+0200: 208.658: Application time: 0.0069345 seconds
2018-04-30T04:30:46.323+0200: 208.659: Total time for which application threads were stopped: 0.0011725 seconds, Stopping threads took: 0.0004886 seconds
2018-04-30T04:30:46.323+0200: 208.659: Application time: 0.0001820 seconds
2018-04-30T04:30:46.323+0200: 208.660: Total time for which application threads were stopped: 0.0005560 seconds, Stopping threads took: 0.0000877 seconds
2018-04-30T04:30:46.323+0200: 208.660: Application time: 0.0001809 seconds
2018-04-30T04:30:46.324+0200: 208.660: Total time for which application threads were stopped: 0.0004685 seconds, Stopping threads took: 0.0000398 seconds
2018-04-30T04:30:46.326+0200: 208.662: Application time: 0.0019281 seconds
2018-04-30T04:30:46.327+0200: 208.663: Total time for which application threads were stopped: 0.0009598 seconds, Stopping threads took: 0.0003467 seconds
2018-04-30T04:30:46.327+0200: 208.663: Application time: 0.0000630 seconds
2018-04-30T04:30:46.327+0200: 208.664: Total time for which application threads were stopped: 0.0005154 seconds, Stopping threads took: 0.0000391 seconds
2018-04-30T04:30:46.328+0200: 208.664: Application time: 0.0000674 seconds
2018-04-30T04:30:46.328+0200: 208.664: Total time for which application threads were stopped: 0.0004621 seconds, Stopping threads took: 0.0000249 seconds
2018-04-30T04:30:46.328+0200: 208.664: Application time: 0.0000367 seconds
2018-04-30T04:30:46.329+0200: 208.665: Total time for which application threads were stopped: 0.0004969 seconds, Stopping threads took: 0.0000691 seconds
2018-04-30T04:30:46.329+0200: 208.665: Application time: 0.0000631 seconds
2018-04-30T04:30:46.329+0200: 208.665: Total time for which application threads were stopped: 0.0004630 seconds, Stopping threads took: 0.0000246 seconds
2018-04-30T04:30:46.329+0200: 208.665: Application time: 0.0000680 seconds
2018-04-30T04:30:46.330+0200: 208.666: Total time for which application threads were stopped: 0.0004755 seconds, Stopping threads took: 0.0000451 seconds
2018-04-30T04:30:46.330+0200: 208.666: Application time: 0.0000670 seconds
2018-04-30T04:30:46.330+0200: 208.666: Total time for which application threads were stopped: 0.0004624 seconds, Stopping threads took: 0.0000312 seconds
2018-04-30T04:30:46.330+0200: 208.667: Application time: 0.0000605 seconds
2018-04-30T04:30:46.331+0200: 208.667: Total time for which application threads were stopped: 0.0004779 seconds, Stopping threads took: 0.0000537 seconds
2018-04-30T04:30:46.338+0200: 208.674: Application time: 0.0073464 seconds
2018-04-30T04:30:46.340+0200: 208.676: Total time for which application threads were stopped: 0.0015914 seconds, Stopping threads took: 0.0008420 seconds
2018-04-30T04:30:46.340+0200: 208.676: Application time: 0.0000736 seconds
2018-04-30T04:30:46.340+0200: 208.677: Total time for which application threads were stopped: 0.0005056 seconds, Stopping threads took: 0.0000615 seconds
2018-04-30T04:30:46.340+0200: 208.677: Application time: 0.0000846 seconds
2018-04-30T04:30:46.341+0200: 208.677: Total time for which application threads were stopped: 0.0004090 seconds, Stopping threads took: 0.0000297 seconds
2018-04-30T04:30:46.341+0200: 208.677: Application time: 0.0000517 seconds
2018-04-30T04:30:46.341+0200: 208.678: Total time for which application threads were stopped: 0.0004029 seconds, Stopping threads took: 0.0000285 seconds
2018-04-30T04:30:46.343+0200: 208.680: Application time: 0.0019952 seconds
2018-04-30T04:30:46.344+0200: 208.680: Total time for which application threads were stopped: 0.0007349 seconds, Stopping threads took: 0.0002428 seconds
2018-04-30T04:30:46.344+0200: 208.680: Application time: 0.0000453 seconds
2018-04-30T04:30:46.344+0200: 208.681: Total time for which application threads were stopped: 0.0004616 seconds, Stopping threads took: 0.0000670 seconds
2018-04-30T04:30:46.348+0200: 208.684: Application time: 0.0035689 seconds
2018-04-30T04:30:46.349+0200: 208.686: Total time for which application threads were stopped: 0.0013260 seconds, Stopping threads took: 0.0007966 seconds
2018-04-30T04:30:46.349+0200: 208.686: Application time: 0.0000582 seconds
2018-04-30T04:30:46.350+0200: 208.686: Total time for which application threads were stopped: 0.0004236 seconds, Stopping threads took: 0.0000314 seconds
2018-04-30T04:30:46.351+0200: 208.687: Application time: 0.0012288 seconds
2018-04-30T04:30:46.352+0200: 208.688: Total time for which application threads were stopped: 0.0007914 seconds, Stopping threads took: 0.0002845 seconds
2018-04-30T04:30:46.352+0200: 208.688: Application time: 0.0000808 seconds
2018-04-30T04:30:46.352+0200: 208.689: Total time for which application threads were stopped: 0.0004035 seconds, Stopping threads took: 0.0000431 seconds
2018-04-30T04:30:46.354+0200: 208.690: Application time: 0.0013079 seconds
2018-04-30T04:30:46.354+0200: 208.691: Total time for which application threads were stopped: 0.0007100 seconds, Stopping threads took: 0.0002535 seconds
2018-04-30T04:30:46.355+0200: 208.691: Application time: 0.0001562 seconds
2018-04-30T04:30:46.355+0200: 208.691: Total time for which application threads were stopped: 0.0005369 seconds, Stopping threads took: 0.0001350 seconds
2018-04-30T04:30:46.355+0200: 208.691: Application time: 0.0000451 seconds
2018-04-30T04:30:46.356+0200: 208.692: Total time for which application threads were stopped: 0.0004210 seconds, Stopping threads took: 0.0000281 seconds
2018-04-30T04:30:46.356+0200: 208.692: Application time: 0.0004399 seconds
2018-04-30T04:30:46.357+0200: 208.693: Total time for which application threads were stopped: 0.0006394 seconds, Stopping threads took: 0.0002169 seconds
2018-04-30T04:30:46.357+0200: 208.693: Application time: 0.0000492 seconds
2018-04-30T04:30:46.357+0200: 208.693: Total time for which application threads were stopped: 0.0004443 seconds, Stopping threads took: 0.0000679 seconds
2018-04-30T04:30:46.357+0200: 208.694: Application time: 0.0000613 seconds
2018-04-30T04:30:46.358+0200: 208.694: Total time for which application threads were stopped: 0.0004007 seconds, Stopping threads took: 0.0000437 seconds
2018-04-30T04:30:46.358+0200: 208.694: Application time: 0.0000408 seconds
2018-04-30T04:30:46.358+0200: 208.694: Total time for which application threads were stopped: 0.0003883 seconds, Stopping threads took: 0.0000261 seconds
2018-04-30T04:30:46.362+0200: 208.698: Application time: 0.0037837 seconds
2018-04-30T04:30:46.363+0200: 208.699: Total time for which application threads were stopped: 0.0009491 seconds, Stopping threads took: 0.0004148 seconds
2018-04-30T04:30:46.364+0200: 208.700: Application time: 0.0012541 seconds
2018-04-30T04:30:46.365+0200: 208.701: Total time for which application threads were stopped: 0.0005743 seconds, Stopping threads took: 0.0001002 seconds
2018-04-30T04:30:46.366+0200: 208.702: Application time: 0.0010844 seconds
2018-04-30T04:30:46.368+0200: 208.705: Total time for which application threads were stopped: 0.0026812 seconds, Stopping threads took: 0.0002328 seconds
2018-04-30T04:30:46.368+0200: 208.705: Application time: 0.0000670 seconds
2018-04-30T04:30:46.369+0200: 208.705: Total time for which application threads were stopped: 0.0004882 seconds, Stopping threads took: 0.0000604 seconds
2018-04-30T04:30:46.369+0200: 208.705: Application time: 0.0001673 seconds
2018-04-30T04:30:46.371+0200: 208.707: Total time for which application threads were stopped: 0.0020338 seconds, Stopping threads took: 0.0000322 seconds
2018-04-30T04:30:46.375+0200: 208.712: Application time: 0.0041695 seconds
2018-04-30T04:30:46.376+0200: 208.713: Total time for which application threads were stopped: 0.0009651 seconds, Stopping threads took: 0.0003245 seconds
2018-04-30T04:30:46.376+0200: 208.713: Application time: 0.0000947 seconds
2018-04-30T04:30:46.377+0200: 208.713: Total time for which application threads were stopped: 0.0004670 seconds, Stopping threads took: 0.0000302 seconds
2018-04-30T04:30:46.378+0200: 208.715: Application time: 0.0015478 seconds
2018-04-30T04:30:46.379+0200: 208.715: Total time for which application threads were stopped: 0.0006203 seconds, Stopping threads took: 0.0002192 seconds
2018-04-30T04:30:46.380+0200: 208.716: Application time: 0.0011462 seconds
2018-04-30T04:30:46.381+0200: 208.717: Total time for which application threads were stopped: 0.0009528 seconds, Stopping threads took: 0.0003868 seconds
2018-04-30T04:30:46.387+0200: 208.723: Application time: 0.0056205 seconds
2018-04-30T04:30:46.388+0200: 208.724: Total time for which application threads were stopped: 0.0009529 seconds, Stopping threads took: 0.0003110 seconds
2018-04-30T04:30:46.388+0200: 208.724: Application time: 0.0000474 seconds
2018-04-30T04:30:46.390+0200: 208.726: Total time for which application threads were stopped: 0.0023132 seconds, Stopping threads took: 0.0000888 seconds
2018-04-30T04:30:46.390+0200: 208.726: Application time: 0.0001247 seconds
2018-04-30T04:30:46.391+0200: 208.727: Total time for which application threads were stopped: 0.0004175 seconds, Stopping threads took: 0.0000458 seconds
2018-04-30T04:30:46.391+0200: 208.727: Application time: 0.0000797 seconds
2018-04-30T04:30:46.391+0200: 208.727: Total time for which application threads were stopped: 0.0003667 seconds, Stopping threads took: 0.0000225 seconds
2018-04-30T04:30:46.391+0200: 208.727: Application time: 0.0000671 seconds
2018-04-30T04:30:46.391+0200: 208.728: Total time for which application threads were stopped: 0.0003830 seconds, Stopping threads took: 0.0000222 seconds
2018-04-30T04:30:46.393+0200: 208.730: Application time: 0.0019775 seconds
2018-04-30T04:30:46.394+0200: 208.731: Total time for which application threads were stopped: 0.0008730 seconds, Stopping threads took: 0.0004377 seconds
2018-04-30T04:30:46.394+0200: 208.731: Application time: 0.0000713 seconds
2018-04-30T04:30:46.395+0200: 208.731: Total time for which application threads were stopped: 0.0002991 seconds, Stopping threads took: 0.0000314 seconds
2018-04-30T04:30:46.397+0200: 208.734: Application time: 0.0024731 seconds
2018-04-30T04:30:46.398+0200: 208.734: Total time for which application threads were stopped: 0.0008421 seconds, Stopping threads took: 0.0003752 seconds
2018-04-30T04:30:46.402+0200: 208.738: Application time: 0.0037568 seconds
2018-04-30T04:30:46.403+0200: 208.739: Total time for which application threads were stopped: 0.0009341 seconds, Stopping threads took: 0.0003389 seconds
2018-04-30T04:30:46.403+0200: 208.739: Application time: 0.0001021 seconds
2018-04-30T04:30:46.403+0200: 208.740: Total time for which application threads were stopped: 0.0004608 seconds, Stopping threads took: 0.0000400 seconds
2018-04-30T04:30:46.409+0200: 208.745: Application time: 0.0056791 seconds
2018-04-30T04:30:46.410+0200: 208.746: Total time for which application threads were stopped: 0.0007625 seconds, Stopping threads took: 0.0002483 seconds
2018-04-30T04:30:46.410+0200: 208.746: Application time: 0.0001138 seconds
2018-04-30T04:30:46.410+0200: 208.747: Total time for which application threads were stopped: 0.0004667 seconds, Stopping threads took: 0.0000804 seconds
2018-04-30T04:30:46.411+0200: 208.748: Application time: 0.0010050 seconds
2018-04-30T04:30:46.412+0200: 208.748: Total time for which application threads were stopped: 0.0007747 seconds, Stopping threads took: 0.0002927 seconds
2018-04-30T04:30:46.413+0200: 208.750: Application time: 0.0010153 seconds
2018-04-30T04:30:46.414+0200: 208.750: Total time for which application threads were stopped: 0.0009637 seconds, Stopping threads took: 0.0003110 seconds
2018-04-30T04:30:46.414+0200: 208.751: Application time: 0.0000771 seconds
2018-04-30T04:30:46.417+0200: 208.753: Total time for which application threads were stopped: 0.0024669 seconds, Stopping threads took: 0.0001357 seconds
2018-04-30T04:30:46.419+0200: 208.755: Application time: 0.0019930 seconds
2018-04-30T04:30:46.420+0200: 208.756: Total time for which application threads were stopped: 0.0011362 seconds, Stopping threads took: 0.0006433 seconds
2018-04-30T04:30:46.423+0200: 208.759: Application time: 0.0032392 seconds
2018-04-30T04:30:46.424+0200: 208.760: Total time for which application threads were stopped: 0.0009506 seconds, Stopping threads took: 0.0004383 seconds
2018-04-30T04:30:46.424+0200: 208.761: Application time: 0.0001412 seconds
2018-04-30T04:30:46.425+0200: 208.761: Total time for which application threads were stopped: 0.0004026 seconds, Stopping threads took: 0.0000421 seconds
2018-04-30T04:30:46.426+0200: 208.763: Application time: 0.0017957 seconds
2018-04-30T04:30:46.427+0200: 208.764: Total time for which application threads were stopped: 0.0008564 seconds, Stopping threads took: 0.0003414 seconds
2018-04-30T04:30:46.431+0200: 208.767: Application time: 0.0038369 seconds
2018-04-30T04:30:46.434+0200: 208.770: Total time for which application threads were stopped: 0.0027969 seconds, Stopping threads took: 0.0003116 seconds
2018-04-30T04:30:46.443+0200: 208.779: Application time: 0.0087775 seconds
2018-04-30T04:30:46.444+0200: 208.780: Total time for which application threads were stopped: 0.0010414 seconds, Stopping threads took: 0.0003880 seconds
2018-04-30T04:30:46.448+0200: 208.784: Application time: 0.0039334 seconds
2018-04-30T04:30:46.451+0200: 208.787: Total time for which application threads were stopped: 0.0030060 seconds, Stopping threads took: 0.0002887 seconds
2018-04-30T04:30:46.451+0200: 208.787: Application time: 0.0003904 seconds
2018-04-30T04:30:46.454+0200: 208.790: Total time for which application threads were stopped: 0.0024924 seconds, Stopping threads took: 0.0000814 seconds
2018-04-30T04:30:46.454+0200: 208.790: Application time: 0.0002823 seconds
2018-04-30T04:30:46.456+0200: 208.792: Total time for which application threads were stopped: 0.0022502 seconds, Stopping threads took: 0.0000536 seconds
2018-04-30T04:30:46.463+0200: 208.799: Application time: 0.0068312 seconds
2018-04-30T04:30:46.465+0200: 208.801: Total time for which application threads were stopped: 0.0020065 seconds, Stopping threads took: 0.0013208 seconds
2018-04-30T04:30:46.465+0200: 208.801: Application time: 0.0000961 seconds
2018-04-30T04:30:46.466+0200: 208.802: Total time for which application threads were stopped: 0.0005176 seconds, Stopping threads took: 0.0000754 seconds
2018-04-30T04:30:46.467+0200: 208.803: Application time: 0.0011850 seconds
2018-04-30T04:30:46.468+0200: 208.804: Total time for which application threads were stopped: 0.0014363 seconds, Stopping threads took: 0.0008520 seconds
2018-04-30T04:30:46.479+0200: 208.815: Application time: 0.0105217 seconds
2018-04-30T04:30:46.480+0200: 208.817: Total time for which application threads were stopped: 0.0015037 seconds, Stopping threads took: 0.0008353 seconds
2018-04-30T04:30:46.480+0200: 208.817: Application time: 0.0001105 seconds
2018-04-30T04:30:46.481+0200: 208.817: Total time for which application threads were stopped: 0.0004146 seconds, Stopping threads took: 0.0000399 seconds
2018-04-30T04:30:46.481+0200: 208.818: Application time: 0.0006047 seconds
2018-04-30T04:30:46.482+0200: 208.819: Total time for which application threads were stopped: 0.0008280 seconds, Stopping threads took: 0.0002945 seconds
2018-04-30T04:30:46.487+0200: 208.823: Application time: 0.0049794 seconds
2018-04-30T04:30:46.488+0200: 208.825: Total time for which application threads were stopped: 0.0012643 seconds, Stopping threads took: 0.0006377 seconds
2018-04-30T04:30:46.496+0200: 208.832: Application time: 0.0074622 seconds
2018-04-30T04:30:46.497+0200: 208.833: Total time for which application threads were stopped: 0.0010776 seconds, Stopping threads took: 0.0003908 seconds
2018-04-30T04:30:46.498+0200: 208.834: Application time: 0.0010329 seconds
2018-04-30T04:30:46.499+0200: 208.836: Total time for which application threads were stopped: 0.0011520 seconds, Stopping threads took: 0.0006393 seconds
2018-04-30T04:30:46.499+0200: 208.836: Application time: 0.0000804 seconds
2018-04-30T04:30:46.500+0200: 208.836: Total time for which application threads were stopped: 0.0004429 seconds, Stopping threads took: 0.0000497 seconds
2018-04-30T04:30:46.507+0200: 208.844: Application time: 0.0077991 seconds
2018-04-30T04:30:46.508+0200: 208.845: [GC pause (G1 Evacuation Pause) (young) (initial-mark)
Desired survivor size 27262976 bytes, new threshold 1 (max 15)
- age   1:   41616808 bytes,   41616808 total
- age   2:    2684192 bytes,   44301000 total
, 0.0220828 secs]
   [Parallel Time: 13.0 ms, GC Workers: 30]
      [GC Worker Start (ms): Min: 208845.9, Avg: 208846.2, Max: 208846.5, Diff: 0.6]
      [Ext Root Scanning (ms): Min: 2.1, Avg: 2.5, Max: 3.1, Diff: 1.0, Sum: 75.0]
      [Update RS (ms): Min: 3.2, Avg: 3.5, Max: 3.8, Diff: 0.6, Sum: 105.7]
         [Processed Buffers: Min: 3, Avg: 6.0, Max: 13, Diff: 10, Sum: 180]
      [Scan RS (ms): Min: 0.0, Avg: 0.0, Max: 0.1, Diff: 0.1, Sum: 0.6]
      [Code Root Scanning (ms): Min: 0.0, Avg: 0.1, Max: 0.5, Diff: 0.5, Sum: 1.8]
      [Object Copy (ms): Min: 5.3, Avg: 5.6, Max: 6.0, Diff: 0.7, Sum: 169.1]
      [Termination (ms): Min: 0.0, Avg: 0.3, Max: 0.4, Diff: 0.4, Sum: 7.9]
         [Termination Attempts: Min: 1, Avg: 1.0, Max: 1, Diff: 0, Sum: 30]
      [GC Worker Other (ms): Min: 0.0, Avg: 0.0, Max: 0.1, Diff: 0.1, Sum: 0.9]
      [GC Worker Total (ms): Min: 11.8, Avg: 12.0, Max: 12.3, Diff: 0.6, Sum: 361.0]
      [GC Worker End (ms): Min: 208858.1, Avg: 208858.2, Max: 208858.3, Diff: 0.1]
   [Code Root Fixup: 0.0 ms]
   [Code Root Purge: 0.1 ms]
   [Clear CT: 2.5 ms]
   [Other: 6.5 ms]
      [Choose CSet: 0.0 ms]
      [Ref Proc: 2.5 ms]
      [Ref Enq: 0.2 ms]
      [Redirty Cards: 2.0 ms]
      [Humongous Register: 0.5 ms]
      [Humongous Reclaim: 0.1 ms]
      [Free CSet: 0.6 ms]
   [Eden: 356.0M(356.0M)->0.0B(388.0M) Survivors: 52.0M->20.0M Heap: 5408.9M(8192.0M)->5081.9M(8192.0M)]
 [Times: user=0.36 sys=0.01, real=0.02 secs]
2018-04-30T04:30:46.531+0200: 2018-04-30T04:30:46.531+0200: 208.867: Total time for which application threads were stopped: 0.0233991 seconds, Stopping threads took: 0.0003201 seconds
208.867: [GC concurrent-root-region-scan-start]
2018-04-30T04:30:46.531+0200: 208.867: Application time: 0.0001188 seconds
2018-04-30T04:30:46.532+0200: 208.868: Total time for which application threads were stopped: 0.0008648 seconds, Stopping threads took: 0.0001390 seconds
2018-04-30T04:30:46.537+0200: 208.873: Application time: 0.0046255 seconds
2018-04-30T04:30:46.539+0200: 208.876: [GC concurrent-root-region-scan-end, 0.0084471 secs]
2018-04-30T04:30:46.539+0200: 208.876: [GC concurrent-mark-start]
2018-04-30T04:30:46.541+0200: 208.877: Total time for which application threads were stopped: 0.0040435 seconds, Stopping threads took: 0.0013151 seconds
2018-04-30T04:30:46.542+0200: 208.878: Application time: 0.0009541 seconds
2018-04-30T04:30:46.543+0200: 208.879: Total time for which application threads were stopped: 0.0009942 seconds, Stopping threads took: 0.0003627 seconds
2018-04-30T04:30:46.543+0200: 208.879: Application time: 0.0001871 seconds
2018-04-30T04:30:46.543+0200: 208.880: Total time for which application threads were stopped: 0.0004749 seconds, Stopping threads took: 0.0000392 seconds
2018-04-30T04:30:46.564+0200: 208.901: Application time: 0.0211223 seconds
2018-04-30T04:30:46.566+0200: 208.902: Total time for which application threads were stopped: 0.0012314 seconds, Stopping threads took: 0.0004586 seconds
2018-04-30T04:30:46.566+0200: 208.902: Application time: 0.0002966 seconds
2018-04-30T04:30:46.566+0200: 208.903: Total time for which application threads were stopped: 0.0005308 seconds, Stopping threads took: 0.0000785 seconds
2018-04-30T04:30:46.572+0200: 208.908: Application time: 0.0053401 seconds
2018-04-30T04:30:46.573+0200: 208.909: Total time for which application threads were stopped: 0.0013291 seconds, Stopping threads took: 0.0006570 seconds
2018-04-30T04:30:46.575+0200: 208.912: Application time: 0.0023023 seconds
2018-04-30T04:30:46.577+0200: 208.913: Total time for which application threads were stopped: 0.0014651 seconds, Stopping threads took: 0.0008249 seconds
2018-04-30T04:30:46.577+0200: 208.913: Application time: 0.0002897 seconds
2018-04-30T04:30:46.578+0200: 208.914: Total time for which application threads were stopped: 0.0005302 seconds, Stopping threads took: 0.0001143 seconds
2018-04-30T04:30:46.582+0200: 208.918: Application time: 0.0040094 seconds
2018-04-30T04:30:46.582+0200: 208.919: Total time for which application threads were stopped: 0.0008085 seconds, Stopping threads took: 0.0002641 seconds
2018-04-30T04:30:46.593+0200: 208.929: Application time: 0.0104311 seconds
2018-04-30T04:30:46.594+0200: 208.931: Total time for which application threads were stopped: 0.0014563 seconds, Stopping threads took: 0.0006620 seconds
2018-04-30T04:30:46.595+0200: 208.931: Application time: 0.0001670 seconds
2018-04-30T04:30:46.595+0200: 208.931: Total time for which application threads were stopped: 0.0005532 seconds, Stopping threads took: 0.0000749 seconds
2018-04-30T04:30:46.596+0200: 208.933: Application time: 0.0011899 seconds
2018-04-30T04:30:46.597+0200: 208.934: Total time for which application threads were stopped: 0.0008904 seconds, Stopping threads took: 0.0003442 seconds
2018-04-30T04:30:46.597+0200: 208.934: Application time: 0.0002050 seconds
2018-04-30T04:30:46.598+0200: 208.934: Total time for which application threads were stopped: 0.0004625 seconds, Stopping threads took: 0.0000757 seconds
2018-04-30T04:30:46.608+0200: 208.945: Application time: 0.0106021 seconds
2018-04-30T04:30:46.610+0200: 208.946: Total time for which application threads were stopped: 0.0011827 seconds, Stopping threads took: 0.0005629 seconds
2018-04-30T04:30:46.613+0200: 208.949: Application time: 0.0033574 seconds
2018-04-30T04:30:46.614+0200: 208.951: Total time for which application threads were stopped: 0.0012040 seconds, Stopping threads took: 0.0005808 seconds
2018-04-30T04:30:46.615+0200: 208.951: Application time: 0.0004425 seconds
2018-04-30T04:30:46.616+0200: 208.952: Total time for which application threads were stopped: 0.0008688 seconds, Stopping threads took: 0.0002921 seconds
2018-04-30T04:30:46.618+0200: 208.955: Application time: 0.0026702 seconds
2018-04-30T04:30:46.619+0200: 208.956: Total time for which application threads were stopped: 0.0009918 seconds, Stopping threads took: 0.0004054 seconds
2018-04-30T04:30:46.623+0200: 208.959: Application time: 0.0039047 seconds
2018-04-30T04:30:46.624+0200: 208.961: Total time for which application threads were stopped: 0.0012643 seconds, Stopping threads took: 0.0007041 seconds
2018-04-30T04:30:46.625+0200: 208.961: Application time: 0.0002169 seconds
2018-04-30T04:30:46.627+0200: 208.963: Total time for which application threads were stopped: 0.0021434 seconds, Stopping threads took: 0.0000828 seconds
2018-04-30T04:30:46.628+0200: 208.965: Application time: 0.0016835 seconds
2018-04-30T04:30:46.629+0200: 208.966: Total time for which application threads were stopped: 0.0007499 seconds, Stopping threads took: 0.0003033 seconds
2018-04-30T04:30:46.644+0200: 208.981: Application time: 0.0151030 seconds
2018-04-30T04:30:46.646+0200: 208.982: Total time for which application threads were stopped: 0.0013780 seconds, Stopping threads took: 0.0007722 seconds
2018-04-30T04:30:46.656+0200: 208.993: Application time: 0.0107254 seconds
2018-04-30T04:30:46.657+0200: 208.994: Total time for which application threads were stopped: 0.0008515 seconds, Stopping threads took: 0.0002324 seconds
2018-04-30T04:30:46.661+0200: 208.998: Application time: 0.0040489 seconds
2018-04-30T04:30:46.662+0200: 208.998: Total time for which application threads were stopped: 0.0007433 seconds, Stopping threads took: 0.0002295 seconds
2018-04-30T04:30:47.759+0200: 210.095: Application time: 1.0965862 seconds
2018-04-30T04:30:47.762+0200: 210.098: Total time for which application threads were stopped: 0.0034376 seconds, Stopping threads took: 0.0001857 seconds
2018-04-30T04:30:47.762+0200: 210.099: Application time: 0.0002098 seconds
2018-04-30T04:30:47.763+0200: 210.100: Total time for which application threads were stopped: 0.0008817 seconds, Stopping threads took: 0.0001598 seconds
2018-04-30T04:30:47.763+0200: 210.100: [GC concurrent-mark-reset-for-overflow]
2018-04-30T04:30:47.765+0200: 210.102: Application time: 0.0021138 seconds
2018-04-30T04:30:47.768+0200: 210.104: Total time for which application threads were stopped: 0.0025188 seconds, Stopping threads took: 0.0003114 seconds
2018-04-30T04:30:48.014+0200: 210.350: Application time: 0.2459629 seconds
2018-04-30T04:30:48.015+0200: 210.351: Total time for which application threads were stopped: 0.0008343 seconds, Stopping threads took: 0.0001932 seconds
2018-04-30T04:30:48.075+0200: 210.411: Application time: 0.0599567 seconds
2018-04-30T04:30:48.076+0200: 210.412: Total time for which application threads were stopped: 0.0013141 seconds, Stopping threads took: 0.0006269 seconds
2018-04-30T04:30:48.198+0200: 210.535: Application time: 0.1225576 seconds
2018-04-30T04:30:48.200+0200: 210.536: [GC pause (G1 Evacuation Pause) (young)
Desired survivor size 27262976 bytes, new threshold 15 (max 15)
- age   1:   11714144 bytes,   11714144 total
, 0.0120285 secs]
   [Parallel Time: 8.4 ms, GC Workers: 30]
      [GC Worker Start (ms): Min: 210537.1, Avg: 210537.5, Max: 210537.9, Diff: 0.8]
      [Ext Root Scanning (ms): Min: 0.4, Avg: 0.8, Max: 1.3, Diff: 0.8, Sum: 23.6]
      [Update RS (ms): Min: 2.9, Avg: 3.9, Max: 4.9, Diff: 2.0, Sum: 117.0]
         [Processed Buffers: Min: 4, Avg: 6.5, Max: 11, Diff: 7, Sum: 194]
      [Scan RS (ms): Min: 0.0, Avg: 0.0, Max: 0.0, Diff: 0.0, Sum: 0.4]
      [Code Root Scanning (ms): Min: 0.0, Avg: 0.1, Max: 1.0, Diff: 1.0, Sum: 2.4]
      [Object Copy (ms): Min: 1.9, Avg: 2.8, Max: 3.0, Diff: 1.1, Sum: 84.0]
      [Termination (ms): Min: 0.0, Avg: 0.0, Max: 0.0, Diff: 0.0, Sum: 0.2]
         [Termination Attempts: Min: 1, Avg: 1.0, Max: 1, Diff: 0, Sum: 30]
      [GC Worker Other (ms): Min: 0.0, Avg: 0.1, Max: 0.1, Diff: 0.1, Sum: 1.6]
      [GC Worker Total (ms): Min: 7.3, Avg: 7.7, Max: 8.1, Diff: 0.8, Sum: 230.1]
      [GC Worker End (ms): Min: 210545.2, Avg: 210545.2, Max: 210545.3, Diff: 0.1]
   [Code Root Fixup: 0.0 ms]
   [Code Root Purge: 0.1 ms]
   [Clear CT: 0.4 ms]
   [Other: 3.1 ms]
      [Choose CSet: 0.0 ms]
      [Ref Proc: 1.3 ms]
      [Ref Enq: 0.1 ms]
      [Redirty Cards: 0.4 ms]
      [Humongous Register: 0.4 ms]
      [Humongous Reclaim: 0.1 ms]
      [Free CSet: 0.4 ms]
   [Eden: 388.0M(388.0M)->0.0B(388.0M) Survivors: 20.0M->20.0M Heap: 5469.9M(8192.0M)->5081.6M(8192.0M)]
 [Times: user=0.27 sys=0.00, real=0.02 secs]
2018-04-30T04:30:48.212+0200: 210.549: Total time for which application threads were stopped: 0.0139704 seconds, Stopping threads took: 0.0009426 seconds
2018-04-30T04:30:48.215+0200: 210.552: Application time: 0.0029698 seconds
2018-04-30T04:30:48.216+0200: 210.553: Total time for which application threads were stopped: 0.0010066 seconds, Stopping threads took: 0.0004951 seconds
2018-04-30T04:30:48.226+0200: 210.562: Application time: 0.0094049 seconds
2018-04-30T04:30:48.226+0200: 210.563: Total time for which application threads were stopped: 0.0006003 seconds, Stopping threads took: 0.0001294 seconds
2018-04-30T04:30:48.227+0200: 210.563: Application time: 0.0000956 seconds
2018-04-30T04:30:48.227+0200: 210.563: Total time for which application threads were stopped: 0.0003733 seconds, Stopping threads took: 0.0000560 seconds
2018-04-30T04:30:48.228+0200: 210.564: Application time: 0.0006002 seconds
2018-04-30T04:30:48.229+0200: 210.565: Total time for which application threads were stopped: 0.0015558 seconds, Stopping threads took: 0.0012069 seconds
2018-04-30T04:30:48.232+0200: 210.568: Application time: 0.0029167 seconds
2018-04-30T04:30:48.232+0200: 210.569: Total time for which application threads were stopped: 0.0004615 seconds, Stopping threads took: 0.0000976 seconds
2018-04-30T04:30:48.233+0200: 210.569: Application time: 0.0001057 seconds
2018-04-30T04:30:48.233+0200: 210.569: Total time for which application threads were stopped: 0.0003414 seconds, Stopping threads took: 0.0000292 seconds
2018-04-30T04:30:48.234+0200: 210.570: Application time: 0.0011382 seconds
2018-04-30T04:30:48.235+0200: 210.571: Total time for which application threads were stopped: 0.0004836 seconds, Stopping threads took: 0.0001651 seconds
2018-04-30T04:30:48.237+0200: 210.573: Application time: 0.0020836 seconds
2018-04-30T04:30:48.238+0200: 210.574: Total time for which application threads were stopped: 0.0012454 seconds, Stopping threads took: 0.0008780 seconds
2018-04-30T04:30:48.238+0200: 210.574: Application time: 0.0001131 seconds
2018-04-30T04:30:48.238+0200: 210.575: Total time for which application threads were stopped: 0.0004067 seconds, Stopping threads took: 0.0001419 seconds
2018-04-30T04:30:48.238+0200: 210.575: Application time: 0.0000965 seconds
2018-04-30T04:30:48.239+0200: 210.575: Total time for which application threads were stopped: 0.0002668 seconds, Stopping threads took: 0.0000215 seconds
2018-04-30T04:30:48.239+0200: 210.575: Application time: 0.0000987 seconds
2018-04-30T04:30:48.239+0200: 210.575: Total time for which application threads were stopped: 0.0002652 seconds, Stopping threads took: 0.0000208 seconds
2018-04-30T04:30:48.239+0200: 210.576: Application time: 0.0000995 seconds
2018-04-30T04:30:48.240+0200: 210.576: Total time for which application threads were stopped: 0.0002736 seconds, Stopping threads took: 0.0000210 seconds
2018-04-30T04:30:48.240+0200: 210.576: Application time: 0.0000972 seconds
2018-04-30T04:30:48.240+0200: 210.576: Total time for which application threads were stopped: 0.0002706 seconds, Stopping threads took: 0.0000249 seconds
2018-04-30T04:30:48.240+0200: 210.576: Application time: 0.0000964 seconds
2018-04-30T04:30:48.240+0200: 210.577: Total time for which application threads were stopped: 0.0002715 seconds, Stopping threads took: 0.0000256 seconds
2018-04-30T04:30:48.240+0200: 210.577: Application time: 0.0000988 seconds
2018-04-30T04:30:48.241+0200: 210.577: Total time for which application threads were stopped: 0.0002698 seconds, Stopping threads took: 0.0000228 seconds
2018-04-30T04:30:48.241+0200: 210.577: Application time: 0.0000947 seconds
2018-04-30T04:30:48.241+0200: 210.577: Total time for which application threads were stopped: 0.0002674 seconds, Stopping threads took: 0.0000217 seconds
2018-04-30T04:30:48.241+0200: 210.577: Application time: 0.0001009 seconds
2018-04-30T04:30:48.241+0200: 210.578: Total time for which application threads were stopped: 0.0003353 seconds, Stopping threads took: 0.0000665 seconds
2018-04-30T04:30:48.301+0200: 210.638: [GC concurrent-mark-end, 1.7618853 secs]
2018-04-30T04:30:48.301+0200: 210.638: Application time: 0.0599116 seconds
2018-04-30T04:30:48.302+0200: 210.639: [GC remark 2018-04-30T04:30:48.302+0200: 210.639: [Finalize Marking, 0.0016401 secs] 2018-04-30T04:30:48.304+0200: 210.640: [GC ref-proc, 0.1478050 secs] 2018-04-30T04:30:48.452+0200: 210.788: [Unloading, 0.0121977 secs], 0.1649055 secs]
 [Times: user=0.72 sys=0.01, real=0.17 secs]
2018-04-30T04:30:48.467+0200: 210.804: Total time for which application threads were stopped: 0.1658432 seconds, Stopping threads took: 0.0001986 seconds
2018-04-30T04:30:48.467+0200: 210.804: Application time: 0.0000912 seconds
2018-04-30T04:30:48.468+0200: 210.804: [GC cleanup 5191M->3379M(8192M), 0.0042733 secs]
 [Times: user=0.04 sys=0.01, real=0.01 secs]
2018-04-30T04:30:48.472+0200: 210.809: Total time for which application threads were stopped: 0.0050234 seconds, Stopping threads took: 0.0000777 seconds
2018-04-30T04:30:48.472+0200: 210.809: [GC concurrent-cleanup-start]
2018-04-30T04:30:48.475+0200: 210.812: [GC concurrent-cleanup-end, 0.0029923 secs]
2018-04-30T04:30:48.482+0200: 210.818: Application time: 0.0096177 seconds
2018-04-30T04:30:48.483+0200: 210.819: Total time for which application threads were stopped: 0.0007838 seconds, Stopping threads took: 0.0001967 seconds
2018-04-30T04:30:48.483+0200: 210.819: Application time: 0.0000504 seconds
2018-04-30T04:30:48.483+0200: 210.819: Total time for which application threads were stopped: 0.0003961 seconds, Stopping threads took: 0.0000399 seconds
2018-04-30T04:30:48.483+0200: 210.820: Application time: 0.0000440 seconds
2018-04-30T04:30:48.485+0200: 210.821: Total time for which application threads were stopped: 0.0019480 seconds, Stopping threads took: 0.0000441 seconds
2018-04-30T04:30:48.652+0200: 210.988: Application time: 0.1664202 seconds
2018-04-30T04:30:48.653+0200: 210.990: Total time for which application threads were stopped: 0.0017299 seconds, Stopping threads took: 0.0006483 seconds
2018-04-30T04:30:48.684+0200: 211.020: Application time: 0.0307389 seconds
2018-04-30T04:30:48.685+0200: 211.021: [GC pause (G1 Evacuation Pause) (young)
Desired survivor size 27262976 bytes, new threshold 15 (max 15)
- age   1:    5221744 bytes,    5221744 total
- age   2:    6926752 bytes,   12148496 total
, 0.0182417 secs]
   [Parallel Time: 14.1 ms, GC Workers: 30]
      [GC Worker Start (ms): Min: 211021.7, Avg: 211021.9, Max: 211022.1, Diff: 0.3]
      [Ext Root Scanning (ms): Min: 0.5, Avg: 0.9, Max: 2.1, Diff: 1.5, Sum: 26.7]
      [Update RS (ms): Min: 0.7, Avg: 2.2, Max: 6.5, Diff: 5.8, Sum: 65.0]
         [Processed Buffers: Min: 1, Avg: 5.7, Max: 18, Diff: 17, Sum: 171]
      [Scan RS (ms): Min: 0.0, Avg: 0.0, Max: 0.0, Diff: 0.0, Sum: 0.4]
      [Code Root Scanning (ms): Min: 0.0, Avg: 0.0, Max: 0.3, Diff: 0.3, Sum: 1.0]
      [Object Copy (ms): Min: 0.0, Avg: 3.6, Max: 10.4, Diff: 10.4, Sum: 109.0]
      [Termination (ms): Min: 0.0, Avg: 6.7, Max: 7.1, Diff: 7.1, Sum: 199.9]
         [Termination Attempts: Min: 1, Avg: 1.0, Max: 1, Diff: 0, Sum: 30]
      [GC Worker Other (ms): Min: 0.0, Avg: 0.0, Max: 0.2, Diff: 0.2, Sum: 1.2]
      [GC Worker Total (ms): Min: 13.1, Avg: 13.4, Max: 13.7, Diff: 0.6, Sum: 403.2]
      [GC Worker End (ms): Min: 211035.2, Avg: 211035.3, Max: 211035.5, Diff: 0.3]
   [Code Root Fixup: 0.0 ms]
   [Code Root Purge: 0.0 ms]
   [Clear CT: 0.4 ms]
   [Other: 3.7 ms]
      [Choose CSet: 0.0 ms]
      [Ref Proc: 2.2 ms]
      [Ref Enq: 0.1 ms]
      [Redirty Cards: 0.4 ms]
      [Humongous Register: 0.3 ms]
      [Humongous Reclaim: 0.1 ms]
      [Free CSet: 0.3 ms]
   [Eden: 388.0M(388.0M)->0.0B(384.0M) Survivors: 20.0M->24.0M Heap: 3657.6M(8192.0M)->3271.7M(8192.0M)]
 [Times: user=0.47 sys=0.01, real=0.01 secs]
2018-04-30T04:30:48.703+0200: 211.040: Total time for which application threads were stopped: 0.0192307 seconds, Stopping threads took: 0.0001739 seconds
2018-04-30T04:30:48.704+0200: 211.041: Application time: 0.0011266 seconds
2018-04-30T04:30:48.707+0200: 211.043: Total time for which application threads were stopped: 0.0023177 seconds, Stopping threads took: 0.0003453 seconds
2018-04-30T04:30:48.890+0200: 211.226: Application time: 0.1829325 seconds
2018-04-30T04:30:48.891+0200: 211.227: Total time for which application threads were stopped: 0.0012621 seconds, Stopping threads took: 0.0002840 seconds
2018-04-30T04:30:48.991+0200: 211.327: Application time: 0.0997176 seconds
2018-04-30T04:30:48.992+0200: 211.328: [GC pause (G1 Evacuation Pause) (mixed)
Desired survivor size 27262976 bytes, new threshold 15 (max 15)
- age   1:    5545720 bytes,    5545720 total
- age   2:    3196560 bytes,    8742280 total
- age   3:    5162992 bytes,   13905272 total
, 0.0170580 secs]
   [Parallel Time: 9.8 ms, GC Workers: 30]
      [GC Worker Start (ms): Min: 211328.8, Avg: 211329.3, Max: 211330.1, Diff: 1.3]
      [Ext Root Scanning (ms): Min: 0.0, Avg: 0.7, Max: 2.0, Diff: 2.0, Sum: 22.4]
      [Update RS (ms): Min: 1.7, Avg: 2.4, Max: 2.8, Diff: 1.0, Sum: 72.9]
         [Processed Buffers: Min: 2, Avg: 5.5, Max: 15, Diff: 13, Sum: 164]
      [Scan RS (ms): Min: 0.1, Avg: 0.5, Max: 0.8, Diff: 0.7, Sum: 14.8]
      [Code Root Scanning (ms): Min: 0.0, Avg: 0.2, Max: 0.7, Diff: 0.7, Sum: 5.1]
      [Object Copy (ms): Min: 4.9, Avg: 5.0, Max: 5.1, Diff: 0.2, Sum: 149.8]
      [Termination (ms): Min: 0.0, Avg: 0.0, Max: 0.0, Diff: 0.0, Sum: 0.2]
         [Termination Attempts: Min: 1, Avg: 1.0, Max: 1, Diff: 0, Sum: 30]
      [GC Worker Other (ms): Min: 0.0, Avg: 0.1, Max: 0.4, Diff: 0.3, Sum: 3.2]
      [GC Worker Total (ms): Min: 8.2, Avg: 8.9, Max: 9.6, Diff: 1.4, Sum: 268.4]
      [GC Worker End (ms): Min: 211338.2, Avg: 211338.3, Max: 211338.4, Diff: 0.2]
   [Code Root Fixup: 0.1 ms]
   [Code Root Purge: 0.0 ms]
   [Clear CT: 2.2 ms]
   [Other: 4.9 ms]
      [Choose CSet: 0.1 ms]
      [Ref Proc: 1.5 ms]
      [Ref Enq: 0.1 ms]
      [Redirty Cards: 1.9 ms]
      [Humongous Register: 0.3 ms]
      [Humongous Reclaim: 0.1 ms]
      [Free CSet: 0.6 ms]
   [Eden: 384.0M(384.0M)->0.0B(908.0M) Survivors: 24.0M->24.0M Heap: 3655.7M(8192.0M)->3022.8M(8192.0M)]
 [Times: user=0.33 sys=0.01, real=0.01 secs]
2018-04-30T04:30:49.009+0200: 211.346: Total time for which application threads were stopped: 0.0185534 seconds, Stopping threads took: 0.0004332 seconds
2018-04-30T04:30:49.118+0200: 211.455: Application time: 0.1092251 seconds
2018-04-30T04:30:49.120+0200: 211.456: Total time for which application threads were stopped: 0.0011417 seconds, Stopping threads took: 0.0002741 seconds
2018-04-30T04:30:49.322+0200: 211.659: Application time: 0.2026755 seconds
2018-04-30T04:30:49.324+0200: 211.660: Total time for which application threads were stopped: 0.0013346 seconds, Stopping threads took: 0.0003998 seconds
2018-04-30T04:30:49.464+0200: 211.801: Application time: 0.1406783 seconds
2018-04-30T04:30:49.466+0200: 211.802: Total time for which application threads were stopped: 0.0014553 seconds, Stopping threads took: 0.0002898 seconds
2018-04-30T04:30:49.466+0200: 211.802: Application time: 0.0000496 seconds
2018-04-30T04:30:49.467+0200: 211.803: Total time for which application threads were stopped: 0.0008670 seconds, Stopping threads took: 0.0000483 seconds
2018-04-30T04:30:49.467+0200: 211.803: Application time: 0.0004444 seconds
2018-04-30T04:30:49.468+0200: 211.804: Total time for which application threads were stopped: 0.0007740 seconds, Stopping threads took: 0.0000760 seconds
2018-04-30T04:30:49.705+0200: 212.042: Application time: 0.2375988 seconds
2018-04-30T04:30:49.707+0200: 212.043: [GC pause (G1 Evacuation Pause) (young)
Desired survivor size 62914560 bytes, new threshold 15 (max 15)
- age   1:    4635568 bytes,    4635568 total
- age   2:    3804712 bytes,    8440280 total
- age   3:    1727992 bytes,   10168272 total
- age   4:    4112928 bytes,   14281200 total
, 0.0196926 secs]
   [Parallel Time: 10.7 ms, GC Workers: 30]
      [GC Worker Start (ms): Min: 212043.7, Avg: 212044.3, Max: 212045.1, Diff: 1.5]
      [Ext Root Scanning (ms): Min: 0.0, Avg: 0.5, Max: 1.4, Diff: 1.4, Sum: 15.3]
      [Update RS (ms): Min: 4.0, Avg: 4.4, Max: 4.7, Diff: 0.7, Sum: 130.9]
         [Processed Buffers: Min: 4, Avg: 7.1, Max: 15, Diff: 11, Sum: 213]
      [Scan RS (ms): Min: 0.0, Avg: 0.0, Max: 0.1, Diff: 0.1, Sum: 1.5]
      [Code Root Scanning (ms): Min: 0.0, Avg: 0.2, Max: 1.2, Diff: 1.2, Sum: 5.2]
      [Object Copy (ms): Min: 3.6, Avg: 4.5, Max: 4.8, Diff: 1.2, Sum: 134.6]
      [Termination (ms): Min: 0.0, Avg: 0.0, Max: 0.0, Diff: 0.0, Sum: 0.3]
         [Termination Attempts: Min: 1, Avg: 1.0, Max: 1, Diff: 0, Sum: 30]
      [GC Worker Other (ms): Min: 0.0, Avg: 0.2, Max: 0.5, Diff: 0.4, Sum: 5.7]
      [GC Worker Total (ms): Min: 9.0, Avg: 9.8, Max: 10.5, Diff: 1.5, Sum: 293.5]
      [GC Worker End (ms): Min: 212054.0, Avg: 212054.1, Max: 212054.2, Diff: 0.2]
   [Code Root Fixup: 0.1 ms]
   [Code Root Purge: 0.0 ms]
   [Clear CT: 2.5 ms]
   [Other: 6.5 ms]
      [Choose CSet: 0.0 ms]
      [Ref Proc: 2.5 ms]
      [Ref Enq: 0.2 ms]
      [Redirty Cards: 2.4 ms]
      [Humongous Register: 0.3 ms]
      [Humongous Reclaim: 0.1 ms]
      [Free CSet: 0.6 ms]
   [Eden: 908.0M(908.0M)->0.0B(1708.0M) Survivors: 24.0M->28.0M Heap: 3930.8M(8192.0M)->3025.1M(8192.0M)]
 [Times: user=0.35 sys=0.01, real=0.02 secs]
2018-04-30T04:30:49.727+0200: 212.063: Total time for which application threads were stopped: 0.0213331 seconds, Stopping threads took: 0.0005316 seconds
2018-04-30T04:30:49.793+0200: 212.130: Application time: 0.0666436 seconds
2018-04-30T04:30:49.796+0200: 212.132: Total time for which application threads were stopped: 0.0022618 seconds, Stopping threads took: 0.0008198 seconds
2018-04-30T04:30:50.081+0200: 212.418: Application time: 0.2857484 seconds
2018-04-30T04:30:50.083+0200: 212.419: Total time for which application threads were stopped: 0.0015677 seconds, Stopping threads took: 0.0006909 seconds
2018-04-30T04:30:50.415+0200: 212.752: Application time: 0.3321710 seconds
2018-04-30T04:30:50.416+0200: 212.753: Total time for which application threads were stopped: 0.0011355 seconds, Stopping threads took: 0.0001897 seconds
2018-04-30T04:30:50.784+0200: 213.121: Application time: 0.3680994 seconds
2018-04-30T04:30:50.786+0200: 213.122: Total time for which application threads were stopped: 0.0012214 seconds, Stopping threads took: 0.0002608 seconds
2018-04-30T04:30:50.952+0200: 213.288: Application time: 0.1659095 seconds
2018-04-30T04:30:50.953+0200: 213.289: Total time for which application threads were stopped: 0.0015436 seconds, Stopping threads took: 0.0003930 seconds
2018-04-30T04:30:51.029+0200: 213.366: Application time: 0.0761228 seconds
2018-04-30T04:30:51.030+0200: 213.367: [GC pause (G1 Evacuation Pause) (young)
Desired survivor size 115343360 bytes, new threshold 15 (max 15)
- age   1:   10184776 bytes,   10184776 total
- age   2:    1678912 bytes,   11863688 total
- age   3:    2185728 bytes,   14049416 total
- age   4:     663400 bytes,   14712816 total
- age   5:    1632392 bytes,   16345208 total
, 0.0289940 secs]
   [Parallel Time: 17.1 ms, GC Workers: 30]
      [GC Worker Start (ms): Min: 213367.0, Avg: 213367.6, Max: 213368.1, Diff: 1.1]
      [Ext Root Scanning (ms): Min: 0.1, Avg: 0.6, Max: 1.6, Diff: 1.5, Sum: 17.8]
      [Update RS (ms): Min: 0.0, Avg: 6.4, Max: 7.2, Diff: 7.2, Sum: 190.8]
         [Processed Buffers: Min: 0, Avg: 9.2, Max: 16, Diff: 16, Sum: 276]
      [Scan RS (ms): Min: 0.0, Avg: 0.1, Max: 0.3, Diff: 0.2, Sum: 2.5]
      [Code Root Scanning (ms): Min: 0.0, Avg: 0.2, Max: 1.6, Diff: 1.6, Sum: 5.1]
      [Object Copy (ms): Min: 5.5, Avg: 7.1, Max: 13.6, Diff: 8.1, Sum: 211.8]
      [Termination (ms): Min: 0.0, Avg: 2.0, Max: 2.1, Diff: 2.1, Sum: 60.1]
         [Termination Attempts: Min: 1, Avg: 1.0, Max: 1, Diff: 0, Sum: 30]
      [GC Worker Other (ms): Min: 0.0, Avg: 0.1, Max: 0.2, Diff: 0.1, Sum: 1.7]
      [GC Worker Total (ms): Min: 15.8, Avg: 16.3, Max: 16.9, Diff: 1.1, Sum: 489.8]
      [GC Worker End (ms): Min: 213383.8, Avg: 213383.9, Max: 213384.0, Diff: 0.2]
   [Code Root Fixup: 0.1 ms]
   [Code Root Purge: 0.0 ms]
   [Clear CT: 2.4 ms]
   [Other: 9.4 ms]
      [Choose CSet: 0.0 ms]
      [Ref Proc: 5.0 ms]
      [Ref Enq: 0.4 ms]
      [Redirty Cards: 2.3 ms]
      [Humongous Register: 0.3 ms]
      [Humongous Reclaim: 0.1 ms]
      [Free CSet: 0.8 ms]
   [Eden: 1708.0M(1708.0M)->0.0B(2540.0M) Survivors: 28.0M->32.0M Heap: 4733.1M(8192.0M)->3030.7M(8192.0M)]
 [Times: user=0.61 sys=0.00, real=0.03 secs]
2018-04-30T04:30:51.059+0200: 213.396: Total time for which application threads were stopped: 0.0301907 seconds, Stopping threads took: 0.0002395 seconds
2018-04-30T04:30:51.235+0200: 213.572: Application time: 0.1758325 seconds
2018-04-30T04:30:51.237+0200: 213.573: Total time for which application threads were stopped: 0.0013787 seconds, Stopping threads took: 0.0006010 seconds
2018-04-30T04:30:51.831+0200: 214.167: Application time: 0.5941450 seconds
2018-04-30T04:30:51.832+0200: 214.168: Total time for which application threads were stopped: 0.0008912 seconds, Stopping threads took: 0.0001278 seconds
2018-04-30T04:30:52.682+0200: 215.019: Application time: 0.8505670 seconds
2018-04-30T04:30:52.683+0200: 215.020: [GC pause (G1 Evacuation Pause) (young)
Desired survivor size 169869312 bytes, new threshold 15 (max 15)
- age   1:   17960888 bytes,   17960888 total
- age   2:     810856 bytes,   18771744 total
- age   3:     356680 bytes,   19128424 total
- age   4:    1947976 bytes,   21076400 total
- age   5:     563016 bytes,   21639416 total
- age   6:    1362192 bytes,   23001608 total
, 0.0377958 secs]
   [Parallel Time: 26.0 ms, GC Workers: 30]
      [GC Worker Start (ms): Min: 215020.2, Avg: 215020.9, Max: 215021.6, Diff: 1.4]
      [Ext Root Scanning (ms): Min: 0.0, Avg: 0.6, Max: 1.4, Diff: 1.4, Sum: 18.0]
      [Update RS (ms): Min: 7.6, Avg: 8.2, Max: 8.8, Diff: 1.3, Sum: 246.2]
         [Processed Buffers: Min: 6, Avg: 9.6, Max: 16, Diff: 10, Sum: 287]
      [Scan RS (ms): Min: 0.0, Avg: 0.1, Max: 0.5, Diff: 0.4, Sum: 4.0]
      [Code Root Scanning (ms): Min: 0.0, Avg: 0.2, Max: 1.3, Diff: 1.3, Sum: 5.0]
      [Object Copy (ms): Min: 8.0, Avg: 9.2, Max: 15.8, Diff: 7.9, Sum: 274.7]
      [Termination (ms): Min: 0.0, Avg: 6.5, Max: 6.8, Diff: 6.8, Sum: 195.8]
         [Termination Attempts: Min: 1, Avg: 1.0, Max: 1, Diff: 0, Sum: 30]
      [GC Worker Other (ms): Min: 0.0, Avg: 0.1, Max: 0.1, Diff: 0.1, Sum: 1.8]
      [GC Worker Total (ms): Min: 24.2, Avg: 24.9, Max: 25.6, Diff: 1.4, Sum: 745.6]
      [GC Worker End (ms): Min: 215045.6, Avg: 215045.8, Max: 215045.9, Diff: 0.4]
   [Code Root Fixup: 0.1 ms]
   [Code Root Purge: 0.0 ms]
   [Clear CT: 3.2 ms]
   [Other: 8.5 ms]
      [Choose CSet: 0.0 ms]
      [Ref Proc: 3.6 ms]
      [Ref Enq: 0.4 ms]
      [Redirty Cards: 2.6 ms]
      [Humongous Register: 0.4 ms]
      [Humongous Reclaim: 0.1 ms]
      [Free CSet: 1.0 ms]
   [Eden: 2540.0M(2540.0M)->0.0B(3548.0M) Survivors: 32.0M->56.0M Heap: 5573.0M(8192.0M)->3055.2M(8192.0M)]
 [Times: user=0.81 sys=0.00, real=0.04 secs]
2018-04-30T04:30:52.721+0200: 215.058: Total time for which application threads were stopped: 0.0390168 seconds, Stopping threads took: 0.0001711 seconds
2018-04-30T04:30:52.862+0200: 215.199: Application time: 0.1411361 seconds
2018-04-30T04:30:52.863+0200: 215.200: Total time for which application threads were stopped: 0.0008421 seconds, Stopping threads took: 0.0002074 seconds
2018-04-30T04:30:53.863+0200: 216.200: Application time: 1.0001056 seconds
2018-04-30T04:30:53.864+0200: 216.201: Total time for which application threads were stopped: 0.0009236 seconds, Stopping threads took: 0.0003287 seconds
2018-04-30T04:30:54.864+0200: 217.201: Application time: 1.0001497 seconds
2018-04-30T04:30:54.866+0200: 217.202: Total time for which application threads were stopped: 0.0014434 seconds, Stopping threads took: 0.0009019 seconds
2018-04-30T04:30:55.125+0200: 217.461: Application time: 0.2586302 seconds
2018-04-30T04:30:55.125+0200: 217.462: [GC pause (G1 Evacuation Pause) (young)
Desired survivor size 236978176 bytes, new threshold 15 (max 15)
- age   1:   25149432 bytes,   25149432 total
- age   2:    6088536 bytes,   31237968 total
- age   3:     659656 bytes,   31897624 total
- age   4:     310368 bytes,   32207992 total
- age   5:     428024 bytes,   32636016 total
- age   6:     538960 bytes,   33174976 total
- age   7:    1232280 bytes,   34407256 total
, 0.0233529 secs]
   [Parallel Time: 15.6 ms, GC Workers: 30]
      [GC Worker Start (ms): Min: 217462.2, Avg: 217463.0, Max: 217463.7, Diff: 1.5]
      [Ext Root Scanning (ms): Min: 0.0, Avg: 0.4, Max: 1.3, Diff: 1.3, Sum: 12.4]
      [Update RS (ms): Min: 7.2, Avg: 7.8, Max: 8.3, Diff: 1.0, Sum: 234.5]
         [Processed Buffers: Min: 6, Avg: 9.4, Max: 15, Diff: 9, Sum: 282]
      [Scan RS (ms): Min: 0.1, Avg: 0.2, Max: 0.5, Diff: 0.5, Sum: 6.6]
      [Code Root Scanning (ms): Min: 0.0, Avg: 0.2, Max: 0.8, Diff: 0.8, Sum: 4.9]
      [Object Copy (ms): Min: 5.1, Avg: 5.7, Max: 6.0, Diff: 0.9, Sum: 171.2]
      [Termination (ms): Min: 0.0, Avg: 0.0, Max: 0.0, Diff: 0.0, Sum: 0.1]
         [Termination Attempts: Min: 1, Avg: 1.0, Max: 1, Diff: 0, Sum: 30]
      [GC Worker Other (ms): Min: 0.0, Avg: 0.1, Max: 0.3, Diff: 0.2, Sum: 4.0]
      [GC Worker Total (ms): Min: 13.7, Avg: 14.5, Max: 15.3, Diff: 1.6, Sum: 433.7]
      [GC Worker End (ms): Min: 217477.4, Avg: 217477.5, Max: 217477.6, Diff: 0.2]
   [Code Root Fixup: 0.0 ms]
   [Code Root Purge: 0.0 ms]
   [Clear CT: 2.3 ms]
   [Other: 5.4 ms]
      [Choose CSet: 0.0 ms]
      [Ref Proc: 2.9 ms]
      [Ref Enq: 0.3 ms]
      [Redirty Cards: 0.5 ms]
      [Humongous Register: 0.3 ms]
      [Humongous Reclaim: 0.1 ms]
      [Free CSet: 1.0 ms]
   [Eden: 3548.0M(3548.0M)->0.0B(3640.0M) Survivors: 56.0M->48.0M Heap: 6603.2M(8192.0M)->3048.5M(8192.0M)]
 [Times: user=0.44 sys=0.00, real=0.02 secs]
2018-04-30T04:30:55.149+0200: 217.485: Total time for which application threads were stopped: 0.0242594 seconds, Stopping threads took: 0.0002194 seconds
2018-04-30T04:30:56.149+0200: 218.485: Application time: 1.0001518 seconds
2018-04-30T04:30:56.150+0200: 218.486: Total time for which application threads were stopped: 0.0007892 seconds, Stopping threads took: 0.0002790 seconds
2018-04-30T04:30:57.150+0200: 219.486: Application time: 1.0001019 seconds
2018-04-30T04:30:57.151+0200: 219.487: Total time for which application threads were stopped: 0.0007491 seconds, Stopping threads took: 0.0001877 seconds
2018-04-30T04:30:57.630+0200: 219.966: Application time: 0.4791201 seconds
2018-04-30T04:30:57.631+0200: 219.967: [GC pause (G1 Evacuation Pause) (young)
Desired survivor size 243269632 bytes, new threshold 15 (max 15)
- age   1:   17452488 bytes,   17452488 total
- age   2:    9387424 bytes,   26839912 total
- age   3:    1982928 bytes,   28822840 total
- age   4:     659456 bytes,   29482296 total
- age   5:     310368 bytes,   29792664 total
- age   6:     427824 bytes,   30220488 total
- age   7:     538896 bytes,   30759384 total
- age   8:    1232144 bytes,   31991528 total
, 0.0232893 secs]
   [Parallel Time: 16.1 ms, GC Workers: 30]
      [GC Worker Start (ms): Min: 219967.8, Avg: 219968.4, Max: 219968.9, Diff: 1.1]
      [Ext Root Scanning (ms): Min: 0.0, Avg: 0.4, Max: 1.3, Diff: 1.3, Sum: 12.2]
      [Update RS (ms): Min: 6.5, Avg: 7.1, Max: 7.6, Diff: 1.1, Sum: 211.6]
         [Processed Buffers: Min: 6, Avg: 8.3, Max: 12, Diff: 6, Sum: 249]
      [Scan RS (ms): Min: 0.0, Avg: 0.2, Max: 0.5, Diff: 0.5, Sum: 5.5]
      [Code Root Scanning (ms): Min: 0.0, Avg: 0.2, Max: 1.2, Diff: 1.2, Sum: 5.3]
      [Object Copy (ms): Min: 6.4, Avg: 7.3, Max: 7.7, Diff: 1.3, Sum: 219.4]
      [Termination (ms): Min: 0.0, Avg: 0.0, Max: 0.0, Diff: 0.0, Sum: 0.1]
         [Termination Attempts: Min: 1, Avg: 1.0, Max: 1, Diff: 0, Sum: 30]
      [GC Worker Other (ms): Min: 0.0, Avg: 0.1, Max: 0.3, Diff: 0.2, Sum: 4.0]
      [GC Worker Total (ms): Min: 14.7, Avg: 15.3, Max: 15.8, Diff: 1.1, Sum: 458.2]
      [GC Worker End (ms): Min: 219983.6, Avg: 219983.7, Max: 219983.8, Diff: 0.2]
   [Code Root Fixup: 0.0 ms]
   [Code Root Purge: 0.0 ms]
   [Clear CT: 1.6 ms]
   [Other: 5.4 ms]
      [Choose CSet: 0.0 ms]
      [Ref Proc: 3.0 ms]
      [Ref Enq: 0.3 ms]
      [Redirty Cards: 0.3 ms]
      [Humongous Register: 0.4 ms]
      [Humongous Reclaim: 0.1 ms]
      [Free CSet: 1.0 ms]
   [Eden: 3640.0M(3640.0M)->0.0B(3696.0M) Survivors: 48.0M->60.0M Heap: 6688.5M(8192.0M)->3061.5M(8192.0M)]
 [Times: user=0.48 sys=0.02, real=0.03 secs]
2018-04-30T04:30:57.654+0200: 219.991: Total time for which application threads were stopped: 0.0245767 seconds, Stopping threads took: 0.0005652 seconds
2018-04-30T04:30:58.654+0200: 220.991: Application time: 1.0000970 seconds
2018-04-30T04:30:58.655+0200: 220.992: Total time for which application threads were stopped: 0.0008383 seconds, Stopping threads took: 0.0005145 seconds
2018-04-30T04:30:59.655+0200: 221.992: Application time: 1.0000856 seconds
2018-04-30T04:30:59.656+0200: 221.992: Total time for which application threads were stopped: 0.0006715 seconds, Stopping threads took: 0.0002197 seconds
2018-04-30T04:30:59.959+0200: 222.295: Application time: 0.3028251 seconds
2018-04-30T04:30:59.960+0200: 222.296: [GC pause (G1 Evacuation Pause) (young)
Desired survivor size 247463936 bytes, new threshold 15 (max 15)
- age   1:   21382208 bytes,   21382208 total
- age   2:    5519616 bytes,   26901824 total
- age   3:    2269304 bytes,   29171128 total
- age   4:    1981984 bytes,   31153112 total
- age   5:     658928 bytes,   31812040 total
- age   6:     310368 bytes,   32122408 total
- age   7:     427688 bytes,   32550096 total
- age   8:     538496 bytes,   33088592 total
- age   9:    1231320 bytes,   34319912 total
, 0.0223177 secs]
   [Parallel Time: 15.0 ms, GC Workers: 30]
      [GC Worker Start (ms): Min: 222296.5, Avg: 222297.1, Max: 222297.6, Diff: 1.1]
      [Ext Root Scanning (ms): Min: 0.0, Avg: 0.5, Max: 1.2, Diff: 1.2, Sum: 13.8]
      [Update RS (ms): Min: 6.2, Avg: 6.7, Max: 7.4, Diff: 1.2, Sum: 199.9]
         [Processed Buffers: Min: 5, Avg: 8.1, Max: 14, Diff: 9, Sum: 244]
      [Scan RS (ms): Min: 0.0, Avg: 0.2, Max: 0.5, Diff: 0.4, Sum: 4.8]
      [Code Root Scanning (ms): Min: 0.0, Avg: 0.2, Max: 1.0, Diff: 1.0, Sum: 6.7]
      [Object Copy (ms): Min: 5.8, Avg: 6.3, Max: 6.7, Diff: 0.9, Sum: 188.8]
      [Termination (ms): Min: 0.0, Avg: 0.0, Max: 0.0, Diff: 0.0, Sum: 0.1]
         [Termination Attempts: Min: 1, Avg: 1.0, Max: 1, Diff: 0, Sum: 30]
      [GC Worker Other (ms): Min: 0.0, Avg: 0.2, Max: 0.3, Diff: 0.3, Sum: 4.6]
      [GC Worker Total (ms): Min: 13.4, Avg: 14.0, Max: 14.6, Diff: 1.3, Sum: 418.7]
      [GC Worker End (ms): Min: 222310.9, Avg: 222311.0, Max: 222311.2, Diff: 0.3]
   [Code Root Fixup: 0.0 ms]
   [Code Root Purge: 0.0 ms]
   [Clear CT: 1.6 ms]
   [Other: 5.6 ms]
      [Choose CSet: 0.0 ms]
      [Ref Proc: 2.7 ms]
      [Ref Enq: 0.3 ms]
      [Redirty Cards: 0.4 ms]
      [Humongous Register: 0.3 ms]
      [Humongous Reclaim: 0.1 ms]
      [Free CSet: 1.6 ms]
   [Eden: 3696.0M(3696.0M)->0.0B(3756.0M) Survivors: 60.0M->56.0M Heap: 6757.5M(8192.0M)->3055.6M(8192.0M)]
 [Times: user=0.43 sys=0.02, real=0.02 secs]
2018-04-30T04:30:59.982+0200: 222.319: Total time for which application threads were stopped: 0.0233386 seconds, Stopping threads took: 0.0002303 seconds
2018-04-30T04:31:00.983+0200: 223.319: Application time: 1.0006117 seconds
2018-04-30T04:31:00.984+0200: 223.320: Total time for which application threads were stopped: 0.0007327 seconds, Stopping threads took: 0.0001848 seconds
2018-04-30T04:31:01.948+0200: 224.284: Application time: 0.9644304 seconds
2018-04-30T04:31:01.949+0200: 224.286: [GC pause (G1 Evacuation Pause) (young)
Desired survivor size 251658240 bytes, new threshold 15 (max 15)
- age   1:   16175816 bytes,   16175816 total
- age   2:    7530544 bytes,   23706360 total
- age   3:    2699872 bytes,   26406232 total
- age   4:    1212824 bytes,   27619056 total
- age   5:    1981856 bytes,   29600912 total
- age   6:     658656 bytes,   30259568 total
- age   7:     310368 bytes,   30569936 total
- age   8:     427624 bytes,   30997560 total
- age   9:     538496 bytes,   31536056 total
- age  10:    1231320 bytes,   32767376 total
, 0.0257890 secs]
   [Parallel Time: 17.2 ms, GC Workers: 30]
      [GC Worker Start (ms): Min: 224286.1, Avg: 224286.9, Max: 224287.6, Diff: 1.5]
      [Ext Root Scanning (ms): Min: 0.0, Avg: 0.4, Max: 1.2, Diff: 1.2, Sum: 12.5]
      [Update RS (ms): Min: 6.8, Avg: 7.4, Max: 8.0, Diff: 1.2, Sum: 222.4]
         [Processed Buffers: Min: 5, Avg: 8.1, Max: 11, Diff: 6, Sum: 243]
      [Scan RS (ms): Min: 0.0, Avg: 0.2, Max: 0.4, Diff: 0.4, Sum: 4.9]
      [Code Root Scanning (ms): Min: 0.0, Avg: 0.2, Max: 0.9, Diff: 0.9, Sum: 7.1]
      [Object Copy (ms): Min: 7.4, Avg: 7.9, Max: 8.2, Diff: 0.8, Sum: 235.6]
      [Termination (ms): Min: 0.0, Avg: 0.0, Max: 0.0, Diff: 0.0, Sum: 0.1]
         [Termination Attempts: Min: 1, Avg: 1.0, Max: 1, Diff: 0, Sum: 30]
      [GC Worker Other (ms): Min: 0.0, Avg: 0.1, Max: 0.3, Diff: 0.2, Sum: 4.0]
      [GC Worker Total (ms): Min: 15.4, Avg: 16.2, Max: 17.1, Diff: 1.7, Sum: 486.6]
      [GC Worker End (ms): Min: 224303.0, Avg: 224303.1, Max: 224303.2, Diff: 0.2]
   [Code Root Fixup: 0.0 ms]
   [Code Root Purge: 0.0 ms]
   [Clear CT: 1.7 ms]
   [Other: 6.8 ms]
      [Choose CSet: 0.0 ms]
      [Ref Proc: 3.0 ms]
      [Ref Enq: 0.3 ms]
      [Redirty Cards: 1.7 ms]
      [Humongous Register: 0.3 ms]
      [Humongous Reclaim: 0.1 ms]
      [Free CSet: 1.2 ms]
   [Eden: 3756.0M(3756.0M)->0.0B(3788.0M) Survivors: 56.0M->68.0M Heap: 6811.6M(8192.0M)->3068.6M(8192.0M)]
 [Times: user=0.49 sys=0.01, real=0.03 secs]
2018-04-30T04:31:01.975+0200: 224.312: Total time for which application threads were stopped: 0.0272450 seconds, Stopping threads took: 0.0007582 seconds
2018-04-30T04:31:02.976+0200: 225.312: Application time: 1.0004834 seconds
2018-04-30T04:31:02.976+0200: 225.313: Total time for which application threads were stopped: 0.0006486 seconds, Stopping threads took: 0.0001685 seconds
2018-04-30T04:31:03.976+0200: 226.313: Application time: 1.0000909 seconds
2018-04-30T04:31:03.977+0200: 226.314: Total time for which application threads were stopped: 0.0009003 seconds, Stopping threads took: 0.0004252 seconds
2018-04-30T04:31:04.173+0200: 226.509: Application time: 0.1956891 seconds
2018-04-30T04:31:04.174+0200: 226.511: [GC pause (G1 Evacuation Pause) (young)
Desired survivor size 253755392 bytes, new threshold 15 (max 15)
- age   1:   20000424 bytes,   20000424 total
- age   2:    4803472 bytes,   24803896 total
- age   3:    4434416 bytes,   29238312 total
- age   4:    1326368 bytes,   30564680 total
- age   5:    1211656 bytes,   31776336 total
- age   6:    1981104 bytes,   33757440 total
- age   7:     658592 bytes,   34416032 total
- age   8:     310368 bytes,   34726400 total
- age   9:     427576 bytes,   35153976 total
- age  10:     538224 bytes,   35692200 total
- age  11:    1231048 bytes,   36923248 total
, 0.0244889 secs]
   [Parallel Time: 16.5 ms, GC Workers: 30]
      [GC Worker Start (ms): Min: 226511.3, Avg: 226512.0, Max: 226512.8, Diff: 1.5]
      [Ext Root Scanning (ms): Min: 0.0, Avg: 0.5, Max: 1.3, Diff: 1.3, Sum: 16.2]
      [Update RS (ms): Min: 7.9, Avg: 8.4, Max: 9.0, Diff: 1.0, Sum: 252.7]
         [Processed Buffers: Min: 6, Avg: 8.0, Max: 12, Diff: 6, Sum: 241]
      [Scan RS (ms): Min: 0.0, Avg: 0.2, Max: 0.4, Diff: 0.4, Sum: 4.5]
      [Code Root Scanning (ms): Min: 0.0, Avg: 0.2, Max: 0.7, Diff: 0.7, Sum: 5.0]
      [Object Copy (ms): Min: 5.4, Avg: 5.8, Max: 6.2, Diff: 0.8, Sum: 174.9]
      [Termination (ms): Min: 0.0, Avg: 0.0, Max: 0.0, Diff: 0.0, Sum: 0.2]
         [Termination Attempts: Min: 1, Avg: 1.0, Max: 1, Diff: 0, Sum: 30]
      [GC Worker Other (ms): Min: 0.0, Avg: 0.2, Max: 0.3, Diff: 0.3, Sum: 5.0]
      [GC Worker Total (ms): Min: 14.5, Avg: 15.3, Max: 16.1, Diff: 1.7, Sum: 458.4]
      [GC Worker End (ms): Min: 226527.2, Avg: 226527.3, Max: 226527.5, Diff: 0.3]
   [Code Root Fixup: 0.1 ms]
   [Code Root Purge: 0.0 ms]
   [Clear CT: 1.4 ms]
   [Other: 6.5 ms]
      [Choose CSet: 0.0 ms]
      [Ref Proc: 3.6 ms]
      [Ref Enq: 0.3 ms]
      [Redirty Cards: 0.4 ms]
      [Humongous Register: 0.4 ms]
      [Humongous Reclaim: 0.1 ms]
      [Free CSet: 1.2 ms]
   [Eden: 3788.0M(3788.0M)->0.0B(3832.0M) Survivors: 68.0M->56.0M Heap: 6856.6M(8192.0M)->3055.6M(8192.0M)]
 [Times: user=0.48 sys=0.02, real=0.02 secs]
2018-04-30T04:31:04.199+0200: 226.535: Total time for which application threads were stopped: 0.0259550 seconds, Stopping threads took: 0.0007027 seconds
2018-04-30T04:31:05.199+0200: 227.536: Application time: 1.0001461 seconds
2018-04-30T04:31:05.200+0200: 227.537: Total time for which application threads were stopped: 0.0010338 seconds, Stopping threads took: 0.0004277 seconds
2018-04-30T04:31:06.200+0200: 228.537: Application time: 1.0000968 seconds
2018-04-30T04:31:06.201+0200: 228.537: Total time for which application threads were stopped: 0.0006534 seconds, Stopping threads took: 0.0001322 seconds
2018-04-30T04:31:06.416+0200: 228.752: Application time: 0.2148964 seconds
2018-04-30T04:31:06.417+0200: 228.753: [GC pause (G1 Evacuation Pause) (young)
Desired survivor size 255852544 bytes, new threshold 15 (max 15)
- age   1:   17076784 bytes,   17076784 total
- age   2:    4972128 bytes,   22048912 total
- age   3:    2742208 bytes,   24791120 total
- age   4:    1192688 bytes,   25983808 total
- age   5:    1325904 bytes,   27309712 total
- age   6:    1210616 bytes,   28520328 total
- age   7:    1896880 bytes,   30417208 total
- age   8:     657928 bytes,   31075136 total
- age   9:     310304 bytes,   31385440 total
- age  10:     427480 bytes,   31812920 total
- age  11:     537800 bytes,   32350720 total
- age  12:    1228512 bytes,   33579232 total
, 0.0282701 secs]
   [Parallel Time: 16.8 ms, GC Workers: 30]
      [GC Worker Start (ms): Min: 228753.3, Avg: 228754.1, Max: 228754.7, Diff: 1.4]
      [Ext Root Scanning (ms): Min: 0.0, Avg: 0.4, Max: 1.2, Diff: 1.2, Sum: 12.6]
      [Update RS (ms): Min: 7.7, Avg: 8.3, Max: 9.1, Diff: 1.4, Sum: 249.7]
         [Processed Buffers: Min: 6, Avg: 8.8, Max: 19, Diff: 13, Sum: 265]
      [Scan RS (ms): Min: 0.0, Avg: 0.2, Max: 0.4, Diff: 0.4, Sum: 4.9]
      [Code Root Scanning (ms): Min: 0.0, Avg: 0.2, Max: 1.0, Diff: 1.0, Sum: 6.7]
      [Object Copy (ms): Min: 6.0, Avg: 6.6, Max: 6.9, Diff: 0.9, Sum: 197.4]
      [Termination (ms): Min: 0.0, Avg: 0.0, Max: 0.0, Diff: 0.0, Sum: 0.1]
         [Termination Attempts: Min: 1, Avg: 1.0, Max: 1, Diff: 0, Sum: 30]
      [GC Worker Other (ms): Min: 0.0, Avg: 0.1, Max: 0.3, Diff: 0.2, Sum: 3.8]
      [GC Worker Total (ms): Min: 15.2, Avg: 15.8, Max: 16.6, Diff: 1.4, Sum: 475.3]
      [GC Worker End (ms): Min: 228769.9, Avg: 228770.0, Max: 228770.1, Diff: 0.2]
   [Code Root Fixup: 0.1 ms]
   [Code Root Purge: 0.1 ms]
   [Clear CT: 2.1 ms]
   [Other: 9.3 ms]
      [Choose CSet: 0.0 ms]
      [Ref Proc: 4.7 ms]
      [Ref Enq: 0.6 ms]
      [Redirty Cards: 1.9 ms]
      [Humongous Register: 0.3 ms]
      [Humongous Reclaim: 0.1 ms]
      [Free CSet: 1.4 ms]
   [Eden: 3832.0M(3832.0M)->0.0B(3860.0M) Survivors: 56.0M->56.0M Heap: 6889.9M(8192.0M)->3056.7M(8192.0M)]
 [Times: user=0.49 sys=0.00, real=0.03 secs]
2018-04-30T04:31:06.445+0200: 228.781: Total time for which application threads were stopped: 0.0291781 seconds, Stopping threads took: 0.0001814 seconds
2018-04-30T04:31:07.444+0200: 229.780: Application time: 0.9985217 seconds
2018-04-30T04:31:07.445+0200: 229.781: Total time for which application threads were stopped: 0.0009494 seconds, Stopping threads took: 0.0001703 seconds
2018-04-30T04:31:08.283+0200: 230.619: Application time: 0.8380116 seconds
2018-04-30T04:31:08.283+0200: 230.620: [GC pause (G1 Evacuation Pause) (young)
Desired survivor size 257949696 bytes, new threshold 15 (max 15)
- age   1:   22946616 bytes,   22946616 total
- age   2:    3382968 bytes,   26329584 total
- age   3:     464328 bytes,   26793912 total
- age   4:     587600 bytes,   27381512 total
- age   5:     483648 bytes,   27865160 total
- age   6:     510648 bytes,   28375808 total
- age   7:    1031304 bytes,   29407112 total
- age   8:    1896320 bytes,   31303432 total
- age   9:     657928 bytes,   31961360 total
- age  10:     310304 bytes,   32271664 total
- age  11:     427344 bytes,   32699008 total
- age  12:     537800 bytes,   33236808 total
- age  13:    1226880 bytes,   34463688 total
, 0.0254923 secs]
   [Parallel Time: 18.0 ms, GC Workers: 30]
      [GC Worker Start (ms): Min: 230620.3, Avg: 230620.7, Max: 230621.3, Diff: 1.0]
      [Ext Root Scanning (ms): Min: 0.0, Avg: 0.5, Max: 1.2, Diff: 1.2, Sum: 14.0]
      [Update RS (ms): Min: 7.4, Avg: 8.0, Max: 8.7, Diff: 1.3, Sum: 240.4]
         [Processed Buffers: Min: 6, Avg: 8.1, Max: 12, Diff: 6, Sum: 244]
      [Scan RS (ms): Min: 0.0, Avg: 0.2, Max: 0.5, Diff: 0.5, Sum: 5.8]
      [Code Root Scanning (ms): Min: 0.0, Avg: 0.2, Max: 1.0, Diff: 1.0, Sum: 5.9]
      [Object Copy (ms): Min: 7.7, Avg: 8.3, Max: 8.8, Diff: 1.1, Sum: 249.2]
      [Termination (ms): Min: 0.0, Avg: 0.0, Max: 0.0, Diff: 0.0, Sum: 1.0]
         [Termination Attempts: Min: 1, Avg: 13.8, Max: 18, Diff: 17, Sum: 415]
      [GC Worker Other (ms): Min: 0.0, Avg: 0.1, Max: 0.3, Diff: 0.2, Sum: 4.0]
      [GC Worker Total (ms): Min: 16.7, Avg: 17.3, Max: 17.9, Diff: 1.2, Sum: 520.4]
      [GC Worker End (ms): Min: 230638.0, Avg: 230638.1, Max: 230638.2, Diff: 0.2]
   [Code Root Fixup: 0.0 ms]
   [Code Root Purge: 0.0 ms]
   [Clear CT: 2.1 ms]
   [Other: 5.3 ms]
      [Choose CSet: 0.0 ms]
      [Ref Proc: 3.0 ms]
      [Ref Enq: 0.3 ms]
      [Redirty Cards: 0.4 ms]
      [Humongous Register: 0.3 ms]
      [Humongous Reclaim: 0.1 ms]
      [Free CSet: 1.0 ms]
   [Eden: 3860.0M(3860.0M)->0.0B(3880.0M) Survivors: 56.0M->60.0M Heap: 6916.7M(8192.0M)->3060.7M(8192.0M)]
 [Times: user=0.51 sys=0.01, real=0.03 secs]
2018-04-30T04:31:08.309+0200: 230.645: Total time for which application threads were stopped: 0.0265661 seconds, Stopping threads took: 0.0001127 seconds
2018-04-30T04:31:09.309+0200: 231.646: Application time: 1.0000953 seconds
2018-04-30T04:31:09.310+0200: 231.647: Total time for which application threads were stopped: 0.0010351 seconds, Stopping threads took: 0.0006300 seconds
2018-04-30T04:31:10.310+0200: 232.647: Application time: 1.0001369 seconds
2018-04-30T04:31:10.311+0200: 232.647: Total time for which application threads were stopped: 0.0005941 seconds, Stopping threads took: 0.0002120 seconds
2018-04-30T04:31:10.350+0200: 232.686: Application time: 0.0389822 seconds
2018-04-30T04:31:10.351+0200: 232.687: [GC pause (G1 Evacuation Pause) (young)
Desired survivor size 260046848 bytes, new threshold 15 (max 15)
- age   1:   18070008 bytes,   18070008 total
- age   2:    9240432 bytes,   27310440 total
- age   3:     690624 bytes,   28001064 total
- age   4:     464136 bytes,   28465200 total
- age   5:     455792 bytes,   28920992 total
- age   6:     483456 bytes,   29404448 total
- age   7:     510552 bytes,   29915000 total
- age   8:    1031032 bytes,   30946032 total
- age   9:    1896192 bytes,   32842224 total
- age  10:     657928 bytes,   33500152 total
- age  11:     310304 bytes,   33810456 total
- age  12:     426944 bytes,   34237400 total
- age  13:     537736 bytes,   34775136 total
- age  14:    1225520 bytes,   36000656 total
, 0.0275199 secs]
   [Parallel Time: 18.6 ms, GC Workers: 30]
      [GC Worker Start (ms): Min: 232687.9, Avg: 232688.5, Max: 232689.1, Diff: 1.2]
      [Ext Root Scanning (ms): Min: 0.0, Avg: 0.5, Max: 1.2, Diff: 1.2, Sum: 14.9]
      [Update RS (ms): Min: 8.1, Avg: 8.9, Max: 9.6, Diff: 1.5, Sum: 267.7]
         [Processed Buffers: Min: 5, Avg: 7.9, Max: 11, Diff: 6, Sum: 236]
      [Scan RS (ms): Min: 0.0, Avg: 0.1, Max: 0.5, Diff: 0.4, Sum: 4.3]
      [Code Root Scanning (ms): Min: 0.0, Avg: 0.2, Max: 0.8, Diff: 0.8, Sum: 6.1]
      [Object Copy (ms): Min: 7.4, Avg: 7.8, Max: 8.2, Diff: 0.8, Sum: 234.5]
      [Termination (ms): Min: 0.0, Avg: 0.0, Max: 0.0, Diff: 0.0, Sum: 0.1]
         [Termination Attempts: Min: 1, Avg: 1.0, Max: 1, Diff: 0, Sum: 30]
      [GC Worker Other (ms): Min: 0.0, Avg: 0.1, Max: 0.3, Diff: 0.2, Sum: 3.9]
      [GC Worker Total (ms): Min: 17.0, Avg: 17.7, Max: 18.3, Diff: 1.3, Sum: 531.4]
      [GC Worker End (ms): Min: 232706.1, Avg: 232706.2, Max: 232706.4, Diff: 0.2]
   [Code Root Fixup: 0.1 ms]
   [Code Root Purge: 0.0 ms]
   [Clear CT: 1.2 ms]
   [Other: 7.6 ms]
      [Choose CSet: 0.0 ms]
      [Ref Proc: 4.5 ms]
      [Ref Enq: 0.6 ms]
      [Redirty Cards: 0.4 ms]
      [Humongous Register: 0.3 ms]
      [Humongous Reclaim: 0.1 ms]
      [Free CSet: 1.5 ms]
   [Eden: 3880.0M(3880.0M)->0.0B(3888.0M) Survivors: 60.0M->68.0M Heap: 6940.7M(8192.0M)->3068.8M(8192.0M)]
 [Times: user=0.53 sys=0.01, real=0.03 secs]
2018-04-30T04:31:10.379+0200: 232.715: Total time for which application threads were stopped: 0.0288595 seconds, Stopping threads took: 0.0005479 seconds
2018-04-30T04:31:10.383+0200: 232.720: Application time: 0.0044102 seconds
2018-04-30T04:31:10.384+0200: 232.720: Total time for which application threads were stopped: 0.0006083 seconds, Stopping threads took: 0.0001338 seconds
2018-04-30T04:31:12.222+0200: 234.558: Application time: 1.8379998 seconds
2018-04-30T04:31:12.223+0200: 234.559: [GC pause (G1 Evacuation Pause) (young)
Desired survivor size 260046848 bytes, new threshold 15 (max 15)
- age   1:   25047320 bytes,   25047320 total
- age   2:    5493792 bytes,   30541112 total
- age   3:    1379168 bytes,   31920280 total
- age   4:     690232 bytes,   32610512 total
- age   5:     463944 bytes,   33074456 total
- age   6:     455456 bytes,   33529912 total
- age   7:     483328 bytes,   34013240 total
- age   8:     510424 bytes,   34523664 total
- age   9:    1030568 bytes,   35554232 total
- age  10:    1841776 bytes,   37396008 total
- age  11:     657560 bytes,   38053568 total
- age  12:     310304 bytes,   38363872 total
- age  13:     426944 bytes,   38790816 total
- age  14:     537576 bytes,   39328392 total
- age  15:    1223616 bytes,   40552008 total
, 0.0286387 secs]
   [Parallel Time: 18.0 ms, GC Workers: 30]
      [GC Worker Start (ms): Min: 234559.5, Avg: 234560.1, Max: 234560.5, Diff: 1.0]
      [Ext Root Scanning (ms): Min: 0.1, Avg: 0.5, Max: 1.1, Diff: 1.0, Sum: 15.1]
      [Update RS (ms): Min: 8.0, Avg: 8.6, Max: 9.0, Diff: 1.0, Sum: 256.8]
         [Processed Buffers: Min: 5, Avg: 8.1, Max: 13, Diff: 8, Sum: 242]
      [Scan RS (ms): Min: 0.0, Avg: 0.2, Max: 0.5, Diff: 0.4, Sum: 5.1]
      [Code Root Scanning (ms): Min: 0.0, Avg: 0.2, Max: 0.7, Diff: 0.7, Sum: 5.7]
      [Object Copy (ms): Min: 7.1, Avg: 7.5, Max: 8.0, Diff: 0.9, Sum: 225.6]
      [Termination (ms): Min: 0.0, Avg: 0.0, Max: 0.0, Diff: 0.0, Sum: 0.8]
         [Termination Attempts: Min: 1, Avg: 7.9, Max: 11, Diff: 10, Sum: 238]
      [GC Worker Other (ms): Min: 0.0, Avg: 0.1, Max: 0.3, Diff: 0.2, Sum: 3.9]
      [GC Worker Total (ms): Min: 16.7, Avg: 17.1, Max: 17.7, Diff: 1.0, Sum: 513.0]
      [GC Worker End (ms): Min: 234577.1, Avg: 234577.2, Max: 234577.3, Diff: 0.2]
   [Code Root Fixup: 0.1 ms]
   [Code Root Purge: 0.0 ms]
   [Clear CT: 1.8 ms]
   [Other: 8.7 ms]
      [Choose CSet: 0.0 ms]
      [Ref Proc: 4.2 ms]
      [Ref Enq: 0.5 ms]
      [Redirty Cards: 2.1 ms]
      [Humongous Register: 0.3 ms]
      [Humongous Reclaim: 0.1 ms]
      [Free CSet: 1.2 ms]
   [Eden: 3888.0M(3888.0M)->0.0B(3908.0M) Survivors: 68.0M->60.0M Heap: 6956.8M(8192.0M)->3061.0M(8192.0M)]
 [Times: user=0.52 sys=0.00, real=0.04 secs]
2018-04-30T04:31:12.252+0200: 234.588: Total time for which application threads were stopped: 0.0297669 seconds, Stopping threads took: 0.0003898 seconds
2018-04-30T04:31:13.252+0200: 235.588: Application time: 1.0000964 seconds
2018-04-30T04:31:13.253+0200: 235.589: Total time for which application threads were stopped: 0.0012176 seconds, Stopping threads took: 0.0006964 seconds
2018-04-30T04:31:13.992+0200: 236.329: Application time: 0.7392148 seconds
2018-04-30T04:31:13.993+0200: 236.330: [GC pause (G1 Evacuation Pause) (young)
Desired survivor size 260046848 bytes, new threshold 15 (max 15)
- age   1:   22930008 bytes,   22930008 total
- age   2:    5372320 bytes,   28302328 total
- age   3:    1568816 bytes,   29871144 total
- age   4:    1378680 bytes,   31249824 total
- age   5:     689912 bytes,   31939736 total
- age   6:     463880 bytes,   32403616 total
- age   7:     455424 bytes,   32859040 total
- age   8:     483264 bytes,   33342304 total
- age   9:     510360 bytes,   33852664 total
- age  10:    1029488 bytes,   34882152 total
- age  11:    1840752 bytes,   36722904 total
- age  12:     657088 bytes,   37379992 total
- age  13:     310304 bytes,   37690296 total
- age  14:     426672 bytes,   38116968 total
- age  15:     537032 bytes,   38654000 total
, 0.0355965 secs]
   [Parallel Time: 20.8 ms, GC Workers: 30]
      [GC Worker Start (ms): Min: 236330.3, Avg: 236331.0, Max: 236331.6, Diff: 1.4]
      [Ext Root Scanning (ms): Min: 0.0, Avg: 0.6, Max: 1.4, Diff: 1.4, Sum: 17.2]
      [Update RS (ms): Min: 8.6, Avg: 9.3, Max: 9.9, Diff: 1.3, Sum: 279.5]
         [Processed Buffers: Min: 5, Avg: 8.0, Max: 11, Diff: 6, Sum: 241]
      [Scan RS (ms): Min: 0.0, Avg: 0.2, Max: 0.6, Diff: 0.5, Sum: 5.7]
      [Code Root Scanning (ms): Min: 0.0, Avg: 0.2, Max: 0.8, Diff: 0.8, Sum: 6.3]
      [Object Copy (ms): Min: 8.8, Avg: 9.3, Max: 9.7, Diff: 1.0, Sum: 277.5]
      [Termination (ms): Min: 0.0, Avg: 0.0, Max: 0.0, Diff: 0.0, Sum: 0.4]
         [Termination Attempts: Min: 1, Avg: 1.3, Max: 2, Diff: 1, Sum: 40]
      [GC Worker Other (ms): Min: 0.0, Avg: 0.2, Max: 0.3, Diff: 0.3, Sum: 4.6]
      [GC Worker Total (ms): Min: 19.0, Avg: 19.7, Max: 20.5, Diff: 1.5, Sum: 591.3]
      [GC Worker End (ms): Min: 236350.6, Avg: 236350.8, Max: 236350.9, Diff: 0.3]
   [Code Root Fixup: 0.1 ms]
   [Code Root Purge: 0.1 ms]
   [Clear CT: 2.5 ms]
   [Other: 12.2 ms]
      [Choose CSet: 0.0 ms]
      [Ref Proc: 6.0 ms]
      [Ref Enq: 0.8 ms]
      [Redirty Cards: 3.2 ms]
      [Humongous Register: 0.4 ms]
      [Humongous Reclaim: 0.1 ms]
      [Free CSet: 1.6 ms]
   [Eden: 3908.0M(3908.0M)->0.0B(3920.0M) Survivors: 60.0M->60.0M Heap: 6969.0M(8192.0M)->3064.3M(8192.0M)]
 [Times: user=0.60 sys=0.00, real=0.03 secs]
2018-04-30T04:31:14.029+0200: 236.366: Total time for which application threads were stopped: 0.0370813 seconds, Stopping threads took: 0.0006654 seconds
2018-04-30T04:31:15.029+0200: 237.366: Application time: 1.0001017 seconds
2018-04-30T04:31:15.030+0200: 237.366: Total time for which application threads were stopped: 0.0005111 seconds, Stopping threads took: 0.0001794 seconds
2018-04-30T04:31:15.654+0200: 237.991: Application time: 0.6244180 seconds
2018-04-30T04:31:15.655+0200: 237.992: [GC pause (G1 Evacuation Pause) (young)
Desired survivor size 262144000 bytes, new threshold 15 (max 15)
- age   1:   20764744 bytes,   20764744 total
- age   2:    7444184 bytes,   28208928 total
- age   3:    2123176 bytes,   30332104 total
- age   4:    1568272 bytes,   31900376 total
- age   5:    1373632 bytes,   33274008 total
- age   6:     689512 bytes,   33963520 total
- age   7:     463816 bytes,   34427336 total
- age   8:     455328 bytes,   34882664 total
- age   9:     483072 bytes,   35365736 total
- age  10:     510168 bytes,   35875904 total
- age  11:    1023832 bytes,   36899736 total
- age  12:    1798176 bytes,   38697912 total
- age  13:     649752 bytes,   39347664 total
- age  14:     306416 bytes,   39654080 total
- age  15:     423864 bytes,   40077944 total
, 0.0267131 secs]
   [Parallel Time: 18.9 ms, GC Workers: 30]
      [GC Worker Start (ms): Min: 237992.3, Avg: 237992.8, Max: 237993.3, Diff: 1.0]
      [Ext Root Scanning (ms): Min: 0.0, Avg: 0.5, Max: 1.1, Diff: 1.1, Sum: 14.1]
      [Update RS (ms): Min: 8.2, Avg: 8.9, Max: 9.6, Diff: 1.4, Sum: 265.5]
         [Processed Buffers: Min: 5, Avg: 7.7, Max: 14, Diff: 9, Sum: 232]
      [Scan RS (ms): Min: 0.0, Avg: 0.2, Max: 0.5, Diff: 0.4, Sum: 5.0]
      [Code Root Scanning (ms): Min: 0.0, Avg: 0.2, Max: 0.5, Diff: 0.5, Sum: 4.7]
      [Object Copy (ms): Min: 7.7, Avg: 8.2, Max: 8.6, Diff: 0.9, Sum: 247.0]
      [Termination (ms): Min: 0.0, Avg: 0.1, Max: 0.1, Diff: 0.1, Sum: 2.4]
         [Termination Attempts: Min: 1, Avg: 27.4, Max: 34, Diff: 33, Sum: 823]
      [GC Worker Other (ms): Min: 0.0, Avg: 0.1, Max: 0.3, Diff: 0.3, Sum: 4.1]
      [GC Worker Total (ms): Min: 17.5, Avg: 18.1, Max: 18.7, Diff: 1.3, Sum: 542.8]
      [GC Worker End (ms): Min: 238010.8, Avg: 238010.9, Max: 238011.0, Diff: 0.3]
   [Code Root Fixup: 0.0 ms]
   [Code Root Purge: 0.0 ms]
   [Clear CT: 1.1 ms]
   [Other: 6.6 ms]
      [Choose CSet: 0.0 ms]
      [Ref Proc: 4.1 ms]
      [Ref Enq: 0.4 ms]
      [Redirty Cards: 0.3 ms]
      [Humongous Register: 0.3 ms]
      [Humongous Reclaim: 0.1 ms]
      [Free CSet: 1.1 ms]
   [Eden: 3920.0M(3920.0M)->0.0B(3924.0M) Survivors: 60.0M->64.0M Heap: 6984.3M(8192.0M)->3067.7M(8192.0M)]
 [Times: user=0.56 sys=0.01, real=0.02 secs]
2018-04-30T04:31:15.682+0200: 238.019: Total time for which application threads were stopped: 0.0280152 seconds, Stopping threads took: 0.0006126 seconds
2018-04-30T04:31:16.682+0200: 239.019: Application time: 1.0000946 seconds
2018-04-30T04:31:16.683+0200: 239.019: Total time for which application threads were stopped: 0.0006435 seconds, Stopping threads took: 0.0002050 seconds
2018-04-30T04:31:17.326+0200: 239.662: Application time: 0.6429628 seconds
2018-04-30T04:31:17.327+0200: 239.664: [GC pause (G1 Evacuation Pause) (young)
Desired survivor size 262144000 bytes, new threshold 15 (max 15)
- age   1:   27816632 bytes,   27816632 total
- age   2:    3470200 bytes,   31286832 total
- age   3:    1539968 bytes,   32826800 total
- age   4:    2123016 bytes,   34949816 total
- age   5:    1567480 bytes,   36517296 total
- age   6:    1373248 bytes,   37890544 total
- age   7:     689384 bytes,   38579928 total
- age   8:     463480 bytes,   39043408 total
- age   9:     455328 bytes,   39498736 total
- age  10:     483072 bytes,   39981808 total
- age  11:     510104 bytes,   40491912 total
- age  12:    1022944 bytes,   41514856 total
- age  13:    1796000 bytes,   43310856 total
- age  14:     648504 bytes,   43959360 total
- age  15:     306224 bytes,   44265584 total
, 0.0299581 secs]
   [Parallel Time: 19.5 ms, GC Workers: 30]
      [GC Worker Start (ms): Min: 239664.1, Avg: 239664.7, Max: 239665.3, Diff: 1.1]
      [Ext Root Scanning (ms): Min: 0.0, Avg: 0.4, Max: 1.1, Diff: 1.0, Sum: 12.4]
      [Update RS (ms): Min: 8.1, Avg: 8.6, Max: 9.1, Diff: 1.0, Sum: 258.5]
         [Processed Buffers: Min: 5, Avg: 7.8, Max: 15, Diff: 10, Sum: 234]
      [Scan RS (ms): Min: 0.0, Avg: 0.1, Max: 0.4, Diff: 0.4, Sum: 3.4]
      [Code Root Scanning (ms): Min: 0.0, Avg: 0.1, Max: 0.3, Diff: 0.3, Sum: 2.1]
      [Object Copy (ms): Min: 8.8, Avg: 9.1, Max: 9.4, Diff: 0.6, Sum: 274.3]
      [Termination (ms): Min: 0.0, Avg: 0.1, Max: 0.1, Diff: 0.1, Sum: 3.1]
         [Termination Attempts: Min: 1, Avg: 55.5, Max: 69, Diff: 68, Sum: 1664]
      [GC Worker Other (ms): Min: 0.0, Avg: 0.1, Max: 0.3, Diff: 0.3, Sum: 4.4]
      [GC Worker Total (ms): Min: 18.0, Avg: 18.6, Max: 19.1, Diff: 1.2, Sum: 558.3]
      [GC Worker End (ms): Min: 239683.2, Avg: 239683.3, Max: 239683.4, Diff: 0.3]
   [Code Root Fixup: 0.0 ms]
   [Code Root Purge: 0.0 ms]
   [Clear CT: 1.8 ms]
   [Other: 8.6 ms]
      [Choose CSet: 0.0 ms]
      [Ref Proc: 4.5 ms]
      [Ref Enq: 0.6 ms]
      [Redirty Cards: 1.4 ms]
      [Humongous Register: 0.3 ms]
      [Humongous Reclaim: 0.1 ms]
      [Free CSet: 1.4 ms]
   [Eden: 3924.0M(3924.0M)->0.0B(3872.0M) Survivors: 64.0M->96.0M Heap: 6991.7M(8192.0M)->3099.1M(8192.0M)]
 [Times: user=0.60 sys=0.00, real=0.03 secs]
2018-04-30T04:31:17.358+0200: 239.694: Total time for which application threads were stopped: 0.0315193 seconds, Stopping threads took: 0.0007927 seconds
2018-04-30T04:31:18.358+0200: 240.694: Application time: 1.0001057 seconds
2018-04-30T04:31:18.359+0200: 240.695: Total time for which application threads were stopped: 0.0008409 seconds, Stopping threads took: 0.0003798 seconds
2018-04-30T04:31:18.912+0200: 241.248: Application time: 0.5532581 seconds
2018-04-30T04:31:18.913+0200: 241.249: [GC pause (G1 Evacuation Pause) (young)
Desired survivor size 260046848 bytes, new threshold 15 (max 15)
- age   1:   25410936 bytes,   25410936 total
- age   2:    5090376 bytes,   30501312 total
- age   3:    1420088 bytes,   31921400 total
- age   4:    1539528 bytes,   33460928 total
- age   5:    2122880 bytes,   35583808 total
- age   6:    1567480 bytes,   37151288 total
- age   7:    1372904 bytes,   38524192 total
- age   8:     689288 bytes,   39213480 total
- age   9:     463416 bytes,   39676896 total
- age  10:     455192 bytes,   40132088 total
- age  11:     483040 bytes,   40615128 total
- age  12:     509808 bytes,   41124936 total
- age  13:    1021680 bytes,   42146616 total
- age  14:    1795328 bytes,   43941944 total
- age  15:     648504 bytes,   44590448 total
, 0.0278719 secs]
   [Parallel Time: 18.3 ms, GC Workers: 30]
      [GC Worker Start (ms): Min: 241249.4, Avg: 241250.1, Max: 241250.6, Diff: 1.2]
      [Ext Root Scanning (ms): Min: 0.0, Avg: 0.4, Max: 1.1, Diff: 1.1, Sum: 12.2]
      [Update RS (ms): Min: 7.9, Avg: 8.5, Max: 9.0, Diff: 1.0, Sum: 254.1]
         [Processed Buffers: Min: 5, Avg: 7.9, Max: 14, Diff: 9, Sum: 237]
      [Scan RS (ms): Min: 0.0, Avg: 0.1, Max: 0.4, Diff: 0.4, Sum: 4.2]
      [Code Root Scanning (ms): Min: 0.0, Avg: 0.0, Max: 0.2, Diff: 0.2, Sum: 1.0]
      [Object Copy (ms): Min: 7.7, Avg: 8.2, Max: 8.5, Diff: 0.7, Sum: 244.9]
      [Termination (ms): Min: 0.0, Avg: 0.1, Max: 0.1, Diff: 0.1, Sum: 1.9]
         [Termination Attempts: Min: 1, Avg: 25.5, Max: 30, Diff: 29, Sum: 766]
      [GC Worker Other (ms): Min: 0.0, Avg: 0.1, Max: 0.3, Diff: 0.2, Sum: 3.9]
      [GC Worker Total (ms): Min: 16.8, Avg: 17.4, Max: 18.2, Diff: 1.4, Sum: 522.2]
      [GC Worker End (ms): Min: 241267.4, Avg: 241267.5, Max: 241267.6, Diff: 0.3]
   [Code Root Fixup: 0.0 ms]
   [Code Root Purge: 0.0 ms]
   [Clear CT: 1.5 ms]
   [Other: 8.1 ms]
      [Choose CSet: 0.0 ms]
      [Ref Proc: 5.0 ms]
      [Ref Enq: 0.7 ms]
      [Redirty Cards: 0.3 ms]
      [Humongous Register: 0.3 ms]
      [Humongous Reclaim: 0.1 ms]
      [Free CSet: 1.3 ms]
   [Eden: 3872.0M(3872.0M)->0.0B(3872.0M) Survivors: 96.0M->96.0M Heap: 6971.1M(8192.0M)->3099.9M(8192.0M)]
 [Times: user=0.53 sys=0.00, real=0.02 secs]
2018-04-30T04:31:18.941+0200: 241.277: Total time for which application threads were stopped: 0.0289608 seconds, Stopping threads took: 0.0003287 seconds
2018-04-30T04:31:19.941+0200: 242.277: Application time: 1.0000932 seconds
2018-04-30T04:31:19.942+0200: 242.278: Total time for which application threads were stopped: 0.0010540 seconds, Stopping threads took: 0.0006166 seconds
2018-04-30T04:31:20.630+0200: 242.966: Application time: 0.6877473 seconds
2018-04-30T04:31:20.630+0200: 242.967: [GC pause (G1 Evacuation Pause) (young)
Desired survivor size 260046848 bytes, new threshold 15 (max 15)
- age   1:   32215160 bytes,   32215160 total
- age   2:    1707552 bytes,   33922712 total
- age   3:    2091112 bytes,   36013824 total
- age   4:    1419832 bytes,   37433656 total
- age   5:    1539328 bytes,   38972984 total
- age   6:    2122752 bytes,   41095736 total
- age   7:    1567080 bytes,   42662816 total
- age   8:    1372688 bytes,   44035504 total
- age   9:     688960 bytes,   44724464 total
- age  10:     463160 bytes,   45187624 total
- age  11:     455128 bytes,   45642752 total
- age  12:     482216 bytes,   46124968 total
- age  13:     509744 bytes,   46634712 total
- age  14:    1021504 bytes,   47656216 total
- age  15:    1794464 bytes,   49450680 total
, 0.0359787 secs]
   [Parallel Time: 22.8 ms, GC Workers: 30]
      [GC Worker Start (ms): Min: 242967.3, Avg: 242967.9, Max: 242968.4, Diff: 1.1]
      [Ext Root Scanning (ms): Min: 0.0, Avg: 0.4, Max: 1.1, Diff: 1.1, Sum: 11.2]
      [Update RS (ms): Min: 8.8, Avg: 9.4, Max: 10.3, Diff: 1.5, Sum: 283.1]
         [Processed Buffers: Min: 5, Avg: 8.0, Max: 16, Diff: 11, Sum: 240]
      [Scan RS (ms): Min: 0.0, Avg: 0.1, Max: 0.5, Diff: 0.5, Sum: 3.9]
      [Code Root Scanning (ms): Min: 0.0, Avg: 0.0, Max: 0.1, Diff: 0.1, Sum: 0.5]
      [Object Copy (ms): Min: 10.9, Avg: 11.6, Max: 11.9, Diff: 1.0, Sum: 347.6]
      [Termination (ms): Min: 0.0, Avg: 0.1, Max: 0.1, Diff: 0.1, Sum: 3.4]
         [Termination Attempts: Min: 1, Avg: 58.1, Max: 69, Diff: 68, Sum: 1742]
      [GC Worker Other (ms): Min: 0.0, Avg: 0.1, Max: 0.3, Diff: 0.3, Sum: 4.3]
      [GC Worker Total (ms): Min: 21.2, Avg: 21.8, Max: 22.4, Diff: 1.2, Sum: 654.1]
      [GC Worker End (ms): Min: 242989.6, Avg: 242989.7, Max: 242989.8, Diff: 0.3]
   [Code Root Fixup: 0.0 ms]
   [Code Root Purge: 0.0 ms]
   [Clear CT: 2.1 ms]
   [Other: 11.1 ms]
      [Choose CSet: 0.0 ms]
      [Ref Proc: 6.5 ms]
      [Ref Enq: 0.6 ms]
      [Redirty Cards: 2.0 ms]
      [Humongous Register: 0.3 ms]
      [Humongous Reclaim: 0.1 ms]
      [Free CSet: 1.2 ms]
   [Eden: 3872.0M(3872.0M)->0.0B(3860.0M) Survivors: 96.0M->100.0M Heap: 6971.9M(8192.0M)->3106.0M(8192.0M)]
 [Times: user=0.67 sys=0.00, real=0.04 secs]
2018-04-30T04:31:20.667+0200: 243.003: Total time for which application threads were stopped: 0.0369062 seconds, Stopping threads took: 0.0001884 seconds
2018-04-30T04:31:22.174+0200: 244.510: Application time: 1.5073924 seconds
2018-04-30T04:31:22.175+0200: 244.511: [GC pause (G1 Evacuation Pause) (young)
Desired survivor size 260046848 bytes, new threshold 15 (max 15)
- age   1:   37707720 bytes,   37707720 total
- age   2:    8220712 bytes,   45928432 total
- age   3:     557712 bytes,   46486144 total
- age   4:     608040 bytes,   47094184 total
- age   5:     663744 bytes,   47757928 total
- age   6:     538592 bytes,   48296520 total
- age   7:     633784 bytes,   48930304 total
- age   8:     452776 bytes,   49383080 total
- age   9:     615560 bytes,   49998640 total
- age  10:     688896 bytes,   50687536 total
- age  11:     463160 bytes,   51150696 total
- age  12:     455128 bytes,   51605824 total
- age  13:     482080 bytes,   52087904 total
- age  14:     509744 bytes,   52597648 total
- age  15:    1021408 bytes,   53619056 total
, 0.0278490 secs]
   [Parallel Time: 20.5 ms, GC Workers: 30]
      [GC Worker Start (ms): Min: 244511.9, Avg: 244512.4, Max: 244512.9, Diff: 1.0]
      [Ext Root Scanning (ms): Min: 0.0, Avg: 0.4, Max: 1.1, Diff: 1.1, Sum: 12.8]
      [Update RS (ms): Min: 8.5, Avg: 9.0, Max: 9.5, Diff: 1.0, Sum: 269.4]
         [Processed Buffers: Min: 5, Avg: 7.7, Max: 12, Diff: 7, Sum: 232]
      [Scan RS (ms): Min: 0.0, Avg: 0.2, Max: 0.4, Diff: 0.4, Sum: 5.2]
      [Code Root Scanning (ms): Min: 0.0, Avg: 0.0, Max: 0.0, Diff: 0.0, Sum: 0.1]
      [Object Copy (ms): Min: 9.4, Avg: 9.8, Max: 10.1, Diff: 0.8, Sum: 294.5]
      [Termination (ms): Min: 0.0, Avg: 0.1, Max: 0.1, Diff: 0.1, Sum: 3.0]
         [Termination Attempts: Min: 1, Avg: 38.6, Max: 48, Diff: 47, Sum: 1157]
      [GC Worker Other (ms): Min: 0.0, Avg: 0.1, Max: 0.3, Diff: 0.3, Sum: 4.1]
      [GC Worker Total (ms): Min: 19.1, Avg: 19.6, Max: 20.2, Diff: 1.2, Sum: 589.1]
      [GC Worker End (ms): Min: 244532.0, Avg: 244532.1, Max: 244532.2, Diff: 0.3]
   [Code Root Fixup: 0.0 ms]
   [Code Root Purge: 0.0 ms]
   [Clear CT: 1.0 ms]
   [Other: 6.3 ms]
      [Choose CSet: 0.0 ms]
      [Ref Proc: 4.0 ms]
      [Ref Enq: 0.4 ms]
      [Redirty Cards: 0.3 ms]
      [Humongous Register: 0.3 ms]
      [Humongous Reclaim: 0.1 ms]
      [Free CSet: 0.9 ms]
   [Eden: 3860.0M(3860.0M)->0.0B(3884.0M) Survivors: 100.0M->88.0M Heap: 6966.0M(8192.0M)->3095.8M(8192.0M)]
 [Times: user=0.59 sys=0.00, real=0.02 secs]
2018-04-30T04:31:22.203+0200: 244.539: Total time for which application threads were stopped: 0.0291480 seconds, Stopping threads took: 0.0006104 seconds
2018-04-30T04:31:22.211+0200: 244.547: Application time: 0.0076524 seconds
2018-04-30T04:31:22.212+0200: 244.548: Total time for which application threads were stopped: 0.0009864 seconds, Stopping threads took: 0.0006269 seconds
2018-04-30T04:31:23.212+0200: 245.548: Application time: 1.0001018 seconds
2018-04-30T04:31:23.213+0200: 245.550: Total time for which application threads were stopped: 0.0014412 seconds, Stopping threads took: 0.0008167 seconds
2018-04-30T04:31:23.910+0200: 246.246: Application time: 0.6965699 seconds
2018-04-30T04:31:23.911+0200: 246.247: [GC pause (G1 Evacuation Pause) (young)
Desired survivor size 262144000 bytes, new threshold 15 (max 15)
- age   1:   28113976 bytes,   28113976 total
- age   2:   10431224 bytes,   38545200 total
- age   3:    5260280 bytes,   43805480 total
- age   4:     557520 bytes,   44363000 total
- age   5:     607520 bytes,   44970520 total
- age   6:     663520 bytes,   45634040 total
- age   7:     538144 bytes,   46172184 total
- age   8:     633720 bytes,   46805904 total
- age   9:     452712 bytes,   47258616 total
- age  10:     615432 bytes,   47874048 total
- age  11:     688896 bytes,   48562944 total
- age  12:     463096 bytes,   49026040 total
- age  13:     455096 bytes,   49481136 total
- age  14:     482080 bytes,   49963216 total
- age  15:     509744 bytes,   50472960 total
, 0.0345739 secs]
   [Parallel Time: 22.2 ms, GC Workers: 30]
      [GC Worker Start (ms): Min: 246247.3, Avg: 246247.9, Max: 246248.4, Diff: 1.1]
      [Ext Root Scanning (ms): Min: 0.0, Avg: 0.4, Max: 1.1, Diff: 1.1, Sum: 12.2]
      [Update RS (ms): Min: 9.1, Avg: 9.8, Max: 11.0, Diff: 1.9, Sum: 295.5]
         [Processed Buffers: Min: 4, Avg: 7.5, Max: 11, Diff: 7, Sum: 226]
      [Scan RS (ms): Min: 0.0, Avg: 0.2, Max: 0.5, Diff: 0.5, Sum: 5.0]
      [Code Root Scanning (ms): Min: 0.0, Avg: 0.0, Max: 0.0, Diff: 0.0, Sum: 0.1]
      [Object Copy (ms): Min: 9.4, Avg: 10.4, Max: 10.9, Diff: 1.5, Sum: 313.4]
      [Termination (ms): Min: 0.0, Avg: 0.2, Max: 0.2, Diff: 0.2, Sum: 6.1]
         [Termination Attempts: Min: 1, Avg: 109.5, Max: 128, Diff: 127, Sum: 3285]
      [GC Worker Other (ms): Min: 0.0, Avg: 0.1, Max: 0.3, Diff: 0.3, Sum: 4.3]
      [GC Worker Total (ms): Min: 20.8, Avg: 21.2, Max: 21.8, Diff: 1.1, Sum: 636.6]
      [GC Worker End (ms): Min: 246269.0, Avg: 246269.2, Max: 246269.3, Diff: 0.3]
   [Code Root Fixup: 0.0 ms]
   [Code Root Purge: 0.0 ms]
   [Clear CT: 2.3 ms]
   [Other: 10.1 ms]
      [Choose CSet: 0.0 ms]
      [Ref Proc: 5.6 ms]
      [Ref Enq: 0.8 ms]
      [Redirty Cards: 1.8 ms]
      [Humongous Register: 0.3 ms]
      [Humongous Reclaim: 0.1 ms]
      [Free CSet: 1.3 ms]
   [Eden: 3884.0M(3884.0M)->0.0B(3896.0M) Survivors: 88.0M->80.0M Heap: 6979.8M(8192.0M)->3088.7M(8192.0M)]
 [Times: user=0.65 sys=0.00, real=0.04 secs]
2018-04-30T04:31:23.945+0200: 246.282: Total time for which application threads were stopped: 0.0355369 seconds, Stopping threads took: 0.0002312 seconds
2018-04-30T04:31:24.945+0200: 247.282: Application time: 1.0001018 seconds
2018-04-30T04:31:24.946+0200: 247.283: Total time for which application threads were stopped: 0.0008881 seconds, Stopping threads took: 0.0003321 seconds
2018-04-30T04:31:25.336+0200: 247.672: Application time: 0.3891214 seconds
2018-04-30T04:31:25.336+0200: 247.673: [GC pause (G1 Evacuation Pause) (young)
Desired survivor size 262144000 bytes, new threshold 15 (max 15)
- age   1:   23131408 bytes,   23131408 total
- age   2:     976960 bytes,   24108368 total
- age   3:    5731784 bytes,   29840152 total
- age   4:    5259440 bytes,   35099592 total
- age   5:     557096 bytes,   35656688 total
- age   6:     607160 bytes,   36263848 total
- age   7:     662888 bytes,   36926736 total
- age   8:     538016 bytes,   37464752 total
- age   9:     633328 bytes,   38098080 total
- age  10:     452712 bytes,   38550792 total
- age  11:     615432 bytes,   39166224 total
- age  12:     688728 bytes,   39854952 total
- age  13:     463032 bytes,   40317984 total
- age  14:     455064 bytes,   40773048 total
- age  15:     482080 bytes,   41255128 total
, 0.0366667 secs]
   [Parallel Time: 23.9 ms, GC Workers: 30]
      [GC Worker Start (ms): Min: 247673.2, Avg: 247673.9, Max: 247674.5, Diff: 1.3]
      [Ext Root Scanning (ms): Min: 0.0, Avg: 0.6, Max: 1.4, Diff: 1.4, Sum: 18.7]
      [Update RS (ms): Min: 8.4, Avg: 9.3, Max: 10.3, Diff: 1.9, Sum: 277.6]
         [Processed Buffers: Min: 5, Avg: 7.2, Max: 12, Diff: 7, Sum: 217]
      [Scan RS (ms): Min: 0.0, Avg: 0.2, Max: 0.6, Diff: 0.5, Sum: 6.5]
      [Code Root Scanning (ms): Min: 0.0, Avg: 0.0, Max: 0.0, Diff: 0.0, Sum: 0.1]
      [Object Copy (ms): Min: 10.9, Avg: 11.8, Max: 12.9, Diff: 2.1, Sum: 353.9]
      [Termination (ms): Min: 0.1, Avg: 1.0, Max: 1.0, Diff: 0.9, Sum: 28.5]
         [Termination Attempts: Min: 1, Avg: 36.3, Max: 44, Diff: 43, Sum: 1090]
      [GC Worker Other (ms): Min: 0.0, Avg: 0.1, Max: 0.3, Diff: 0.3, Sum: 3.7]
      [GC Worker Total (ms): Min: 22.4, Avg: 23.0, Max: 23.7, Diff: 1.4, Sum: 689.0]
      [GC Worker End (ms): Min: 247696.6, Avg: 247696.8, Max: 247697.0, Diff: 0.4]
   [Code Root Fixup: 0.0 ms]
   [Code Root Purge: 0.0 ms]
   [Clear CT: 1.6 ms]
   [Other: 11.1 ms]
      [Choose CSet: 0.0 ms]
      [Ref Proc: 6.0 ms]
      [Ref Enq: 0.7 ms]
      [Redirty Cards: 2.4 ms]
      [Humongous Register: 0.3 ms]
      [Humongous Reclaim: 0.1 ms]
      [Free CSet: 1.3 ms]
   [Eden: 3896.0M(3896.0M)->0.0B(3864.0M) Survivors: 80.0M->96.0M Heap: 6984.7M(8192.0M)->3105.2M(8192.0M)]
 [Times: user=0.74 sys=0.00, real=0.04 secs]
2018-04-30T04:31:25.373+0200: 247.710: Total time for which application threads were stopped: 0.0377517 seconds, Stopping threads took: 0.0003548 seconds
2018-04-30T04:31:26.373+0200: 248.710: Application time: 1.0001043 seconds
2018-04-30T04:31:26.375+0200: 248.711: Total time for which application threads were stopped: 0.0013388 seconds, Stopping threads took: 0.0008074 seconds
2018-04-30T04:31:27.241+0200: 249.577: Application time: 0.8661597 seconds
2018-04-30T04:31:27.242+0200: 249.578: [GC pause (G1 Evacuation Pause) (young)
Desired survivor size 260046848 bytes, new threshold 15 (max 15)
- age   1:   26427552 bytes,   26427552 total
- age   2:    4008096 bytes,   30435648 total
- age   3:     975448 bytes,   31411096 total
- age   4:    5731576 bytes,   37142672 total
- age   5:    5259312 bytes,   42401984 total
- age   6:     556864 bytes,   42958848 total
- age   7:     606872 bytes,   43565720 total
- age   8:     662792 bytes,   44228512 total
- age   9:     538016 bytes,   44766528 total
- age  10:     632944 bytes,   45399472 total
- age  11:     452584 bytes,   45852056 total
- age  12:     615432 bytes,   46467488 total
- age  13:     688696 bytes,   47156184 total
- age  14:     463032 bytes,   47619216 total
- age  15:     455064 bytes,   48074280 total
, 0.0413829 secs]
   [Parallel Time: 25.9 ms, GC Workers: 30]
      [GC Worker Start (ms): Min: 249578.9, Avg: 249579.7, Max: 249580.3, Diff: 1.4]
      [Ext Root Scanning (ms): Min: 0.0, Avg: 0.5, Max: 1.3, Diff: 1.3, Sum: 15.0]
      [Update RS (ms): Min: 9.8, Avg: 10.5, Max: 11.2, Diff: 1.4, Sum: 314.7]
         [Processed Buffers: Min: 5, Avg: 8.0, Max: 13, Diff: 8, Sum: 239]
      [Scan RS (ms): Min: 0.0, Avg: 0.2, Max: 0.7, Diff: 0.6, Sum: 5.9]
      [Code Root Scanning (ms): Min: 0.0, Avg: 0.0, Max: 0.0, Diff: 0.0, Sum: 0.1]
      [Object Copy (ms): Min: 12.5, Avg: 13.2, Max: 13.5, Diff: 1.0, Sum: 395.2]
      [Termination (ms): Min: 0.0, Avg: 0.1, Max: 0.2, Diff: 0.2, Sum: 4.4]
         [Termination Attempts: Min: 1, Avg: 31.4, Max: 41, Diff: 40, Sum: 942]
      [GC Worker Other (ms): Min: 0.0, Avg: 0.2, Max: 0.4, Diff: 0.3, Sum: 5.8]
      [GC Worker Total (ms): Min: 24.1, Avg: 24.7, Max: 25.6, Diff: 1.5, Sum: 741.0]
      [GC Worker End (ms): Min: 249604.3, Avg: 249604.4, Max: 249604.6, Diff: 0.3]
   [Code Root Fixup: 0.0 ms]
   [Code Root Purge: 0.0 ms]
   [Clear CT: 2.2 ms]
   [Other: 13.2 ms]
      [Choose CSet: 0.0 ms]
      [Ref Proc: 7.6 ms]
      [Ref Enq: 0.8 ms]
      [Redirty Cards: 2.8 ms]
      [Humongous Register: 0.4 ms]
      [Humongous Reclaim: 0.1 ms]
      [Free CSet: 1.2 ms]
   [Eden: 3864.0M(3864.0M)->0.0B(3856.0M) Survivors: 96.0M->100.0M Heap: 6969.2M(8192.0M)->3111.6M(8192.0M)]
 [Times: user=0.76 sys=0.00, real=0.05 secs]
2018-04-30T04:31:27.284+0200: 249.620: Total time for which application threads were stopped: 0.0427063 seconds, Stopping threads took: 0.0005140 seconds
2018-04-30T04:31:28.284+0200: 250.620: Application time: 1.0001074 seconds
2018-04-30T04:31:28.285+0200: 250.621: Total time for which application threads were stopped: 0.0009108 seconds, Stopping threads took: 0.0003615 seconds
2018-04-30T04:31:29.054+0200: 251.390: Application time: 0.7689415 seconds
2018-04-30T04:31:29.054+0200: 251.391: [GC pause (G1 Evacuation Pause) (young)
Desired survivor size 260046848 bytes, new threshold 15 (max 15)
- age   1:   33030240 bytes,   33030240 total
- age   2:    3774384 bytes,   36804624 total
- age   3:     711168 bytes,   37515792 total
- age   4:     671344 bytes,   38187136 total
- age   5:    5200680 bytes,   43387816 total
- age   6:    5258800 bytes,   48646616 total
- age   7:     556576 bytes,   49203192 total
- age   8:     606400 bytes,   49809592 total
- age   9:     654848 bytes,   50464440 total
- age  10:     537528 bytes,   51001968 total
- age  11:     566608 bytes,   51568576 total
- age  12:     452360 bytes,   52020936 total
- age  13:     614664 bytes,   52635600 total
- age  14:     523256 bytes,   53158856 total
- age  15:     462872 bytes,   53621728 total
, 0.0420533 secs]
   [Parallel Time: 25.4 ms, GC Workers: 30]
      [GC Worker Start (ms): Min: 251391.3, Avg: 251391.9, Max: 251392.3, Diff: 1.1]
      [Ext Root Scanning (ms): Min: 0.1, Avg: 0.6, Max: 1.4, Diff: 1.3, Sum: 18.3]
      [Update RS (ms): Min: 9.1, Avg: 10.0, Max: 11.5, Diff: 2.4, Sum: 300.8]
         [Processed Buffers: Min: 4, Avg: 7.9, Max: 14, Diff: 10, Sum: 236]
      [Scan RS (ms): Min: 0.1, Avg: 0.2, Max: 0.6, Diff: 0.5, Sum: 6.5]
      [Code Root Scanning (ms): Min: 0.0, Avg: 0.0, Max: 0.0, Diff: 0.0, Sum: 0.1]
      [Object Copy (ms): Min: 11.9, Avg: 13.2, Max: 13.8, Diff: 1.9, Sum: 395.6]
      [Termination (ms): Min: 0.0, Avg: 0.3, Max: 0.3, Diff: 0.3, Sum: 8.0]
         [Termination Attempts: Min: 1, Avg: 57.2, Max: 68, Diff: 67, Sum: 1715]
      [GC Worker Other (ms): Min: 0.0, Avg: 0.2, Max: 0.4, Diff: 0.3, Sum: 5.6]
      [GC Worker Total (ms): Min: 23.9, Avg: 24.5, Max: 25.2, Diff: 1.3, Sum: 734.8]
      [GC Worker End (ms): Min: 251416.2, Avg: 251416.4, Max: 251416.5, Diff: 0.3]
   [Code Root Fixup: 0.0 ms]
   [Code Root Purge: 0.0 ms]
   [Clear CT: 2.4 ms]
   [Other: 14.2 ms]
      [Choose CSet: 0.0 ms]
      [Ref Proc: 8.3 ms]
      [Ref Enq: 1.0 ms]
      [Redirty Cards: 2.8 ms]
      [Humongous Register: 0.4 ms]
      [Humongous Reclaim: 0.1 ms]
      [Free CSet: 1.3 ms]
   [Eden: 3856.0M(3856.0M)->0.0B(3880.0M) Survivors: 100.0M->88.0M Heap: 6967.6M(8192.0M)->3100.6M(8192.0M)]
 [Times: user=0.75 sys=0.00, real=0.04 secs]
2018-04-30T04:31:29.097+0200: 251.433: Total time for which application threads were stopped: 0.0431765 seconds, Stopping threads took: 0.0002997 seconds
2018-04-30T04:31:30.097+0200: 252.433: Application time: 1.0001099 seconds
2018-04-30T04:31:30.098+0200: 252.434: Total time for which application threads were stopped: 0.0009299 seconds, Stopping threads took: 0.0003298 seconds
2018-04-30T04:31:30.346+0200: 252.682: Application time: 0.2481087 seconds
2018-04-30T04:31:30.347+0200: 252.683: [GC pause (G1 Evacuation Pause) (young)
Desired survivor size 260046848 bytes, new threshold 15 (max 15)
- age   1:   34109832 bytes,   34109832 total
- age   2:    3558296 bytes,   37668128 total
- age   3:    3772792 bytes,   41440920 total
- age   4:     710352 bytes,   42151272 total
- age   5:     671056 bytes,   42822328 total
- age   6:    1464120 bytes,   44286448 total
- age   7:     635720 bytes,   44922168 total
- age   8:     556416 bytes,   45478584 total
- age   9:     606304 bytes,   46084888 total
- age  10:     654560 bytes,   46739448 total
- age  11:     537208 bytes,   47276656 total
- age  12:     566512 bytes,   47843168 total
- age  13:     452168 bytes,   48295336 total
- age  14:     542952 bytes,   48838288 total
- age  15:     523120 bytes,   49361408 total
, 0.0396824 secs]
   [Parallel Time: 23.6 ms, GC Workers: 30]
      [GC Worker Start (ms): Min: 252683.5, Avg: 252684.0, Max: 252684.5, Diff: 1.0]
      [Ext Root Scanning (ms): Min: 0.3, Avg: 0.7, Max: 1.6, Diff: 1.3, Sum: 21.8]
      [Update RS (ms): Min: 8.2, Avg: 9.1, Max: 10.3, Diff: 2.2, Sum: 274.0]
         [Processed Buffers: Min: 4, Avg: 7.1, Max: 16, Diff: 12, Sum: 214]
      [Scan RS (ms): Min: 0.0, Avg: 0.2, Max: 0.7, Diff: 0.6, Sum: 5.6]
      [Code Root Scanning (ms): Min: 0.0, Avg: 0.0, Max: 0.0, Diff: 0.0, Sum: 0.1]
      [Object Copy (ms): Min: 11.2, Avg: 12.3, Max: 12.7, Diff: 1.6, Sum: 368.0]
      [Termination (ms): Min: 0.0, Avg: 0.2, Max: 0.3, Diff: 0.3, Sum: 6.1]
         [Termination Attempts: Min: 1, Avg: 45.4, Max: 55, Diff: 54, Sum: 1363]
      [GC Worker Other (ms): Min: 0.0, Avg: 0.2, Max: 0.3, Diff: 0.3, Sum: 5.1]
      [GC Worker Total (ms): Min: 22.2, Avg: 22.7, Max: 23.3, Diff: 1.0, Sum: 680.7]
      [GC Worker End (ms): Min: 252706.6, Avg: 252706.7, Max: 252706.9, Diff: 0.3]
   [Code Root Fixup: 0.0 ms]
   [Code Root Purge: 0.0 ms]
   [Clear CT: 2.7 ms]
   [Other: 13.4 ms]
      [Choose CSet: 0.0 ms]
      [Ref Proc: 7.9 ms]
      [Ref Enq: 0.7 ms]
      [Redirty Cards: 2.9 ms]
      [Humongous Register: 0.3 ms]
      [Humongous Reclaim: 0.1 ms]
      [Free CSet: 1.3 ms]
   [Eden: 3880.0M(3880.0M)->0.0B(3924.0M) Survivors: 88.0M->68.0M Heap: 6980.6M(8192.0M)->3079.0M(8192.0M)]
 [Times: user=0.69 sys=0.02, real=0.04 secs]
2018-04-30T04:31:30.387+0200: 252.723: Total time for which application threads were stopped: 0.0406179 seconds, Stopping threads took: 0.0001919 seconds
2018-04-30T04:31:30.403+0200: 252.739: Application time: 0.0162327 seconds
2018-04-30T04:31:30.404+0200: 252.740: Total time for which application threads were stopped: 0.0008575 seconds, Stopping threads took: 0.0003160 seconds
2018-04-30T04:31:31.404+0200: 253.740: Application time: 1.0001435 seconds
2018-04-30T04:31:31.405+0200: 253.741: Total time for which application threads were stopped: 0.0009300 seconds, Stopping threads took: 0.0003054 seconds
2018-04-30T04:31:31.726+0200: 254.063: Application time: 0.3217121 seconds
2018-04-30T04:31:31.727+0200: 254.064: [GC pause (G1 Evacuation Pause) (young)
Desired survivor size 262144000 bytes, new threshold 15 (max 15)
- age   1:   22646208 bytes,   22646208 total
- age   2:    1169560 bytes,   23815768 total
- age   3:    1464792 bytes,   25280560 total
- age   4:    3772304 bytes,   29052864 total
- age   5:     709504 bytes,   29762368 total
- age   6:     670664 bytes,   30433032 total
- age   7:    1463832 bytes,   31896864 total
- age   8:     635496 bytes,   32532360 total
- age   9:     556256 bytes,   33088616 total
- age  10:     606240 bytes,   33694856 total
- age  11:     654496 bytes,   34349352 total
- age  12:     537048 bytes,   34886400 total
- age  13:     566384 bytes,   35452784 total
- age  14:     452136 bytes,   35904920 total
- age  15:     537016 bytes,   36441936 total
, 0.0410967 secs]
   [Parallel Time: 23.8 ms, GC Workers: 30]
      [GC Worker Start (ms): Min: 254064.0, Avg: 254064.7, Max: 254065.4, Diff: 1.4]
      [Ext Root Scanning (ms): Min: 0.0, Avg: 0.6, Max: 1.4, Diff: 1.3, Sum: 16.6]
      [Update RS (ms): Min: 8.9, Avg: 9.6, Max: 11.0, Diff: 2.1, Sum: 287.6]
         [Processed Buffers: Min: 5, Avg: 7.4, Max: 11, Diff: 6, Sum: 221]
      [Scan RS (ms): Min: 0.0, Avg: 0.2, Max: 0.5, Diff: 0.4, Sum: 5.8]
      [Code Root Scanning (ms): Min: 0.0, Avg: 0.0, Max: 0.0, Diff: 0.0, Sum: 0.1]
      [Object Copy (ms): Min: 11.0, Avg: 12.2, Max: 12.7, Diff: 1.7, Sum: 366.8]
      [Termination (ms): Min: 0.0, Avg: 0.1, Max: 0.2, Diff: 0.2, Sum: 3.7]
         [Termination Attempts: Min: 1, Avg: 31.6, Max: 41, Diff: 40, Sum: 948]
      [GC Worker Other (ms): Min: 0.0, Avg: 0.2, Max: 0.3, Diff: 0.3, Sum: 4.7]
      [GC Worker Total (ms): Min: 22.1, Avg: 22.8, Max: 23.7, Diff: 1.6, Sum: 685.3]
      [GC Worker End (ms): Min: 254087.4, Avg: 254087.6, Max: 254087.7, Diff: 0.3]
   [Code Root Fixup: 0.0 ms]
   [Code Root Purge: 0.0 ms]
   [Clear CT: 2.5 ms]
   [Other: 14.7 ms]
      [Choose CSet: 0.0 ms]
      [Ref Proc: 8.8 ms]
      [Ref Enq: 0.9 ms]
      [Redirty Cards: 3.0 ms]
      [Humongous Register: 0.4 ms]
      [Humongous Reclaim: 0.1 ms]
      [Free CSet: 1.3 ms]
   [Eden: 3924.0M(3924.0M)->0.0B(3936.0M) Survivors: 68.0M->60.0M Heap: 7003.0M(8192.0M)->3071.0M(8192.0M)]
 [Times: user=0.69 sys=0.01, real=0.04 secs]
2018-04-30T04:31:31.769+0200: 254.105: Total time for which application threads were stopped: 0.0421280 seconds, Stopping threads took: 0.0002812 seconds
2018-04-30T04:31:32.769+0200: 255.105: Application time: 1.0001016 seconds
2018-04-30T04:31:32.770+0200: 255.106: Total time for which application threads were stopped: 0.0010012 seconds, Stopping threads took: 0.0004518 seconds
2018-04-30T04:31:33.013+0200: 255.350: Application time: 0.2437687 seconds
2018-04-30T04:31:33.014+0200: 255.351: [GC pause (G1 Evacuation Pause) (young)
Desired survivor size 262144000 bytes, new threshold 15 (max 15)
- age   1:   26219376 bytes,   26219376 total
- age   2:     968064 bytes,   27187440 total
- age   3:    1167440 bytes,   28354880 total
- age   4:    1464184 bytes,   29819064 total
- age   5:    3771728 bytes,   33590792 total
- age   6:     708984 bytes,   34299776 total
- age   7:     670160 bytes,   34969936 total
- age   8:    1463544 bytes,   36433480 total
- age   9:     634760 bytes,   37068240 total
- age  10:     556000 bytes,   37624240 total
- age  11:     606080 bytes,   38230320 total
- age  12:     654224 bytes,   38884544 total
- age  13:     536760 bytes,   39421304 total
- age  14:     566288 bytes,   39987592 total
- age  15:     452104 bytes,   40439696 total
, 0.0420352 secs]
   [Parallel Time: 25.4 ms, GC Workers: 30]
      [GC Worker Start (ms): Min: 255351.4, Avg: 255352.0, Max: 255352.5, Diff: 1.2]
      [Ext Root Scanning (ms): Min: 0.1, Avg: 0.6, Max: 1.4, Diff: 1.3, Sum: 17.4]
      [Update RS (ms): Min: 8.2, Avg: 9.3, Max: 10.6, Diff: 2.3, Sum: 280.0]
         [Processed Buffers: Min: 4, Avg: 7.1, Max: 12, Diff: 8, Sum: 214]
      [Scan RS (ms): Min: 0.0, Avg: 0.2, Max: 0.8, Diff: 0.7, Sum: 5.8]
      [Code Root Scanning (ms): Min: 0.0, Avg: 0.0, Max: 0.0, Diff: 0.0, Sum: 0.1]
      [Object Copy (ms): Min: 12.8, Avg: 13.9, Max: 14.6, Diff: 1.8, Sum: 417.5]
      [Termination (ms): Min: 0.0, Avg: 0.3, Max: 0.3, Diff: 0.3, Sum: 7.6]
         [Termination Attempts: Min: 1, Avg: 90.6, Max: 102, Diff: 101, Sum: 2719]
      [GC Worker Other (ms): Min: 0.0, Avg: 0.2, Max: 0.3, Diff: 0.3, Sum: 5.0]
      [GC Worker Total (ms): Min: 23.8, Avg: 24.4, Max: 25.0, Diff: 1.2, Sum: 733.4]
      [GC Worker End (ms): Min: 255376.3, Avg: 255376.5, Max: 255376.7, Diff: 0.3]
   [Code Root Fixup: 0.0 ms]
   [Code Root Purge: 0.0 ms]
   [Clear CT: 2.1 ms]
   [Other: 14.5 ms]
      [Choose CSet: 0.0 ms]
      [Ref Proc: 9.1 ms]
      [Ref Enq: 1.0 ms]
      [Redirty Cards: 2.5 ms]
      [Humongous Register: 0.3 ms]
      [Humongous Reclaim: 0.1 ms]
      [Free CSet: 1.2 ms]
   [Eden: 3936.0M(3936.0M)->0.0B(3960.0M) Survivors: 60.0M->48.0M Heap: 7007.0M(8192.0M)->3061.0M(8192.0M)]
 [Times: user=0.76 sys=0.00, real=0.04 secs]
2018-04-30T04:31:33.057+0200: 255.393: Total time for which application threads were stopped: 0.0433473 seconds, Stopping threads took: 0.0005703 seconds
2018-04-30T04:31:34.057+0200: 256.393: Application time: 1.0001003 seconds
2018-04-30T04:31:34.058+0200: 256.394: Total time for which application threads were stopped: 0.0010396 seconds, Stopping threads took: 0.0004833 seconds
2018-04-30T04:31:34.147+0200: 256.483: Application time: 0.0889732 seconds
2018-04-30T04:31:34.148+0200: 256.484: [GC pause (G1 Evacuation Pause) (young)
Desired survivor size 264241152 bytes, new threshold 15 (max 15)
- age   1:   16856424 bytes,   16856424 total
- age   2:     997000 bytes,   17853424 total
- age   3:     959464 bytes,   18812888 total
- age   4:    1012728 bytes,   19825616 total
- age   5:    1460152 bytes,   21285768 total
- age   6:    3769824 bytes,   25055592 total
- age   7:     705400 bytes,   25760992 total
- age   8:     650032 bytes,   26411024 total
- age   9:    1216192 bytes,   27627216 total
- age  10:     634696 bytes,   28261912 total
- age  11:     555008 bytes,   28816920 total
- age  12:     605952 bytes,   29422872 total
- age  13:     653904 bytes,   30076776 total
- age  14:     536696 bytes,   30613472 total
- age  15:     566072 bytes,   31179544 total
, 0.0443284 secs]
   [Parallel Time: 26.6 ms, GC Workers: 30]
      [GC Worker Start (ms): Min: 256484.7, Avg: 256485.2, Max: 256485.9, Diff: 1.2]
      [Ext Root Scanning (ms): Min: 0.0, Avg: 0.6, Max: 1.4, Diff: 1.4, Sum: 16.8]
      [Update RS (ms): Min: 8.3, Avg: 9.3, Max: 10.5, Diff: 2.2, Sum: 280.2]
         [Processed Buffers: Min: 4, Avg: 6.5, Max: 13, Diff: 9, Sum: 195]
      [Scan RS (ms): Min: 0.0, Avg: 0.2, Max: 0.8, Diff: 0.7, Sum: 6.5]
      [Code Root Scanning (ms): Min: 0.0, Avg: 0.0, Max: 0.0, Diff: 0.0, Sum: 0.1]
      [Object Copy (ms): Min: 14.1, Avg: 15.1, Max: 15.7, Diff: 1.6, Sum: 451.9]
      [Termination (ms): Min: 0.0, Avg: 0.2, Max: 0.3, Diff: 0.2, Sum: 6.2]
         [Termination Attempts: Min: 1, Avg: 85.6, Max: 100, Diff: 99, Sum: 2568]
      [GC Worker Other (ms): Min: 0.0, Avg: 0.2, Max: 0.3, Diff: 0.3, Sum: 5.2]
      [GC Worker Total (ms): Min: 25.0, Avg: 25.6, Max: 26.2, Diff: 1.2, Sum: 767.0]
      [GC Worker End (ms): Min: 256510.7, Avg: 256510.8, Max: 256511.0, Diff: 0.3]
   [Code Root Fixup: 0.0 ms]
   [Code Root Purge: 0.0 ms]
   [Clear CT: 2.4 ms]
   [Other: 15.3 ms]
      [Choose CSet: 0.0 ms]
      [Ref Proc: 9.7 ms]
      [Ref Enq: 1.2 ms]
      [Redirty Cards: 2.4 ms]
      [Humongous Register: 0.4 ms]
      [Humongous Reclaim: 0.1 ms]
      [Free CSet: 1.3 ms]
   [Eden: 3960.0M(3960.0M)->0.0B(3936.0M) Survivors: 48.0M->60.0M Heap: 7021.0M(8192.0M)->3072.1M(8192.0M)]
 [Times: user=0.78 sys=0.01, real=0.05 secs]
2018-04-30T04:31:34.192+0200: 256.529: Total time for which application threads were stopped: 0.0454315 seconds, Stopping threads took: 0.0002867 seconds
2018-04-30T04:31:34.224+0200: 256.561: Application time: 0.0321494 seconds
2018-04-30T04:31:34.225+0200: 256.562: Total time for which application threads were stopped: 0.0008969 seconds, Stopping threads took: 0.0003246 seconds
2018-04-30T04:31:35.174+0200: 257.510: Application time: 0.9481642 seconds
2018-04-30T04:31:35.174+0200: 257.511: [GC pause (G1 Evacuation Pause) (young)
Desired survivor size 262144000 bytes, new threshold 15 (max 15)
- age   1:   20052312 bytes,   20052312 total
- age   2:    1480440 bytes,   21532752 total
- age   3:     993928 bytes,   22526680 total
- age   4:     934872 bytes,   23461552 total
- age   5:    1012112 bytes,   24473664 total
- age   6:    1459144 bytes,   25932808 total
- age   7:    3769408 bytes,   29702216 total
- age   8:     704504 bytes,   30406720 total
- age   9:     648528 bytes,   31055248 total
- age  10:     690224 bytes,   31745472 total
- age  11:     634600 bytes,   32380072 total
- age  12:     554680 bytes,   32934752 total
- age  13:     605728 bytes,   33540480 total
- age  14:     603920 bytes,   34144400 total
- age  15:     536568 bytes,   34680968 total
, 0.0427104 secs]
   [Parallel Time: 24.3 ms, GC Workers: 30]
      [GC Worker Start (ms): Min: 257511.5, Avg: 257512.0, Max: 257512.6, Diff: 1.0]
      [Ext Root Scanning (ms): Min: 0.3, Avg: 0.8, Max: 1.4, Diff: 1.1, Sum: 23.2]
      [Update RS (ms): Min: 8.2, Avg: 9.2, Max: 10.4, Diff: 2.3, Sum: 275.0]
         [Processed Buffers: Min: 4, Avg: 6.2, Max: 13, Diff: 9, Sum: 186]
      [Scan RS (ms): Min: 0.0, Avg: 0.2, Max: 0.6, Diff: 0.6, Sum: 5.5]
      [Code Root Scanning (ms): Min: 0.0, Avg: 0.0, Max: 0.0, Diff: 0.0, Sum: 0.1]
      [Object Copy (ms): Min: 11.8, Avg: 13.0, Max: 13.6, Diff: 1.8, Sum: 389.0]
      [Termination (ms): Min: 0.0, Avg: 0.2, Max: 0.3, Diff: 0.2, Sum: 5.2]
         [Termination Attempts: Min: 4, Avg: 29.2, Max: 37, Diff: 33, Sum: 876]
      [GC Worker Other (ms): Min: 0.0, Avg: 0.1, Max: 0.3, Diff: 0.3, Sum: 4.1]
      [GC Worker Total (ms): Min: 22.9, Avg: 23.4, Max: 24.0, Diff: 1.2, Sum: 702.1]
      [GC Worker End (ms): Min: 257535.3, Avg: 257535.4, Max: 257535.6, Diff: 0.3]
   [Code Root Fixup: 0.0 ms]
   [Code Root Purge: 0.0 ms]
   [Clear CT: 2.3 ms]
   [Other: 16.1 ms]
      [Choose CSet: 0.0 ms]
      [Ref Proc: 9.6 ms]
      [Ref Enq: 1.3 ms]
      [Redirty Cards: 2.8 ms]
      [Humongous Register: 0.3 ms]
      [Humongous Reclaim: 0.1 ms]
      [Free CSet: 1.3 ms]
   [Eden: 3936.0M(3936.0M)->0.0B(3928.0M) Survivors: 60.0M->64.0M Heap: 7008.1M(8192.0M)->3078.0M(8192.0M)]
 [Times: user=0.74 sys=0.01, real=0.04 secs]
2018-04-30T04:31:35.217+0200: 257.554: Total time for which application threads were stopped: 0.0437160 seconds, Stopping threads took: 0.0002282 seconds
2018-04-30T04:31:36.103+0200: 258.439: Application time: 0.8856383 seconds
2018-04-30T04:31:36.104+0200: 258.440: [GC pause (G1 Evacuation Pause) (young)
Desired survivor size 262144000 bytes, new threshold 15 (max 15)
- age   1:   18840576 bytes,   18840576 total
- age   2:    2386760 bytes,   21227336 total
- age   3:    1477224 bytes,   22704560 total
- age   4:     992584 bytes,   23697144 total
- age   5:     933944 bytes,   24631088 total
- age   6:    1011216 bytes,   25642304 total
- age   7:    1458504 bytes,   27100808 total
- age   8:    3769120 bytes,   30869928 total
- age   9:     704184 bytes,   31574112 total
- age  10:     648336 bytes,   32222448 total
- age  11:     690000 bytes,   32912448 total
- age  12:     634376 bytes,   33546824 total
- age  13:     554488 bytes,   34101312 total
- age  14:     605440 bytes,   34706752 total
- age  15:     603760 bytes,   35310512 total
, 0.0458776 secs]
   [Parallel Time: 28.3 ms, GC Workers: 30]
      [GC Worker Start (ms): Min: 258440.6, Avg: 258441.2, Max: 258441.7, Diff: 1.1]
      [Ext Root Scanning (ms): Min: 0.0, Avg: 0.5, Max: 1.3, Diff: 1.3, Sum: 15.3]
      [Update RS (ms): Min: 7.2, Avg: 8.1, Max: 9.3, Diff: 2.0, Sum: 243.5]
         [Processed Buffers: Min: 3, Avg: 6.0, Max: 13, Diff: 10, Sum: 179]
      [Scan RS (ms): Min: 0.1, Avg: 0.2, Max: 0.7, Diff: 0.7, Sum: 5.9]
      [Code Root Scanning (ms): Min: 0.0, Avg: 0.0, Max: 0.0, Diff: 0.0, Sum: 0.1]
      [Object Copy (ms): Min: 17.0, Avg: 18.0, Max: 18.5, Diff: 1.4, Sum: 540.6]
      [Termination (ms): Min: 0.0, Avg: 0.3, Max: 0.3, Diff: 0.3, Sum: 8.1]
         [Termination Attempts: Min: 1, Avg: 118.3, Max: 136, Diff: 135, Sum: 3550]
      [GC Worker Other (ms): Min: 0.0, Avg: 0.2, Max: 0.3, Diff: 0.3, Sum: 4.9]
      [GC Worker Total (ms): Min: 26.7, Avg: 27.3, Max: 27.8, Diff: 1.0, Sum: 818.4]
      [GC Worker End (ms): Min: 258468.3, Avg: 258468.4, Max: 258468.6, Diff: 0.3]
   [Code Root Fixup: 0.0 ms]
   [Code Root Purge: 0.0 ms]
   [Clear CT: 1.8 ms]
   [Other: 15.7 ms]
      [Choose CSet: 0.0 ms]
      [Ref Proc: 10.0 ms]
      [Ref Enq: 1.2 ms]
      [Redirty Cards: 2.6 ms]
      [Humongous Register: 0.3 ms]
      [Humongous Reclaim: 0.1 ms]
      [Free CSet: 1.2 ms]
   [Eden: 3928.0M(3928.0M)->0.0B(3936.0M) Survivors: 64.0M->60.0M Heap: 7006.0M(8192.0M)->3074.0M(8192.0M)]
 [Times: user=0.85 sys=0.00, real=0.04 secs]
2018-04-30T04:31:36.150+0200: 258.486: Total time for which application threads were stopped: 0.0469615 seconds, Stopping threads took: 0.0003059 seconds
2018-04-30T04:31:36.985+0200: 259.322: Application time: 0.8354859 seconds
2018-04-30T04:31:36.986+0200: 259.322: [GC pause (G1 Evacuation Pause) (young)
Desired survivor size 262144000 bytes, new threshold 15 (max 15)
- age   1:   22012328 bytes,   22012328 total
- age   2:    1168104 bytes,   23180432 total
- age   3:    2383952 bytes,   25564384 total
- age   4:    1476024 bytes,   27040408 total
- age   5:     991744 bytes,   28032152 total
- age   6:     933304 bytes,   28965456 total
- age   7:    1010832 bytes,   29976288 total
- age   8:    1457960 bytes,   31434248 total
- age   9:    3768864 bytes,   35203112 total
- age  10:     703752 bytes,   35906864 total
- age  11:     648208 bytes,   36555072 total
- age  12:     689872 bytes,   37244944 total
- age  13:     634248 bytes,   37879192 total
- age  14:     554280 bytes,   38433472 total
- age  15:     605280 bytes,   39038752 total
, 0.0430772 secs]
   [Parallel Time: 26.1 ms, GC Workers: 30]
      [GC Worker Start (ms): Min: 259323.0, Avg: 259323.6, Max: 259324.0, Diff: 1.1]
      [Ext Root Scanning (ms): Min: 0.1, Avg: 0.5, Max: 1.3, Diff: 1.3, Sum: 15.7]
      [Update RS (ms): Min: 7.0, Avg: 7.9, Max: 9.1, Diff: 2.1, Sum: 237.1]
         [Processed Buffers: Min: 4, Avg: 5.8, Max: 9, Diff: 5, Sum: 175]
      [Scan RS (ms): Min: 0.0, Avg: 0.2, Max: 0.6, Diff: 0.6, Sum: 5.6]
      [Code Root Scanning (ms): Min: 0.0, Avg: 0.0, Max: 0.0, Diff: 0.0, Sum: 0.1]
      [Object Copy (ms): Min: 15.1, Avg: 16.2, Max: 16.7, Diff: 1.6, Sum: 485.0]
      [Termination (ms): Min: 0.0, Avg: 0.2, Max: 0.3, Diff: 0.2, Sum: 6.0]
         [Termination Attempts: Min: 1, Avg: 53.1, Max: 65, Diff: 64, Sum: 1594]
      [GC Worker Other (ms): Min: 0.0, Avg: 0.2, Max: 0.3, Diff: 0.3, Sum: 4.9]
      [GC Worker Total (ms): Min: 24.5, Avg: 25.1, Max: 25.7, Diff: 1.2, Sum: 754.3]
      [GC Worker End (ms): Min: 259348.6, Avg: 259348.7, Max: 259348.9, Diff: 0.3]
   [Code Root Fixup: 0.0 ms]
   [Code Root Purge: 0.0 ms]
   [Clear CT: 2.2 ms]
   [Other: 14.8 ms]
      [Choose CSet: 0.0 ms]
      [Ref Proc: 9.3 ms]
      [Ref Enq: 1.2 ms]
      [Redirty Cards: 2.3 ms]
      [Humongous Register: 0.3 ms]
      [Humongous Reclaim: 0.1 ms]
      [Free CSet: 1.4 ms]
   [Eden: 3936.0M(3936.0M)->0.0B(3932.0M) Survivors: 60.0M->60.0M Heap: 7010.0M(8192.0M)->3076.2M(8192.0M)]
 [Times: user=0.77 sys=0.00, real=0.04 secs]
2018-04-30T04:31:37.029+0200: 259.366: Total time for which application threads were stopped: 0.0440974 seconds, Stopping threads took: 0.0002498 seconds
2018-04-30T04:31:37.047+0200: 259.384: Application time: 0.0178968 seconds
2018-04-30T04:31:37.048+0200: 259.384: Total time for which application threads were stopped: 0.0007612 seconds, Stopping threads took: 0.0002601 seconds
2018-04-30T04:31:37.780+0200: 260.117: Application time: 0.7321816 seconds
2018-04-30T04:31:37.781+0200: 260.118: [GC pause (G1 Evacuation Pause) (young)
Desired survivor size 262144000 bytes, new threshold 15 (max 15)
- age   1:   21969408 bytes,   21969408 total
- age   2:    1354760 bytes,   23324168 total
- age   3:    1163600 bytes,   24487768 total
- age   4:    2382688 bytes,   26870456 total
- age   5:    1474280 bytes,   28344736 total
- age   6:     990784 bytes,   29335520 total
- age   7:     932888 bytes,   30268408 total
- age   8:    1010448 bytes,   31278856 total
- age   9:    1457864 bytes,   32736720 total
- age  10:    3768608 bytes,   36505328 total
- age  11:     703496 bytes,   37208824 total
- age  12:     648208 bytes,   37857032 total
- age  13:     689680 bytes,   38546712 total
- age  14:     634088 bytes,   39180800 total
- age  15:     554216 bytes,   39735016 total
, 0.0434040 secs]
   [Parallel Time: 25.4 ms, GC Workers: 30]
      [GC Worker Start (ms): Min: 260118.1, Avg: 260118.7, Max: 260119.2, Diff: 1.1]
      [Ext Root Scanning (ms): Min: 0.0, Avg: 0.5, Max: 1.3, Diff: 1.3, Sum: 15.1]
      [Update RS (ms): Min: 6.7, Avg: 7.7, Max: 9.0, Diff: 2.2, Sum: 229.7]
         [Processed Buffers: Min: 4, Avg: 5.8, Max: 11, Diff: 7, Sum: 174]
      [Scan RS (ms): Min: 0.0, Avg: 0.2, Max: 0.6, Diff: 0.6, Sum: 5.5]
      [Code Root Scanning (ms): Min: 0.0, Avg: 0.0, Max: 0.0, Diff: 0.0, Sum: 0.1]
      [Object Copy (ms): Min: 14.5, Avg: 15.7, Max: 16.1, Diff: 1.6, Sum: 469.9]
      [Termination (ms): Min: 0.0, Avg: 0.2, Max: 0.3, Diff: 0.3, Sum: 7.0]
         [Termination Attempts: Min: 1, Avg: 50.9, Max: 60, Diff: 59, Sum: 1528]
      [GC Worker Other (ms): Min: 0.0, Avg: 0.2, Max: 0.3, Diff: 0.3, Sum: 5.1]
      [GC Worker Total (ms): Min: 23.9, Avg: 24.4, Max: 25.1, Diff: 1.2, Sum: 732.5]
      [GC Worker End (ms): Min: 260142.9, Avg: 260143.1, Max: 260143.3, Diff: 0.3]
   [Code Root Fixup: 0.0 ms]
   [Code Root Purge: 0.0 ms]
   [Clear CT: 2.2 ms]
   [Other: 15.7 ms]
      [Choose CSet: 0.0 ms]
      [Ref Proc: 9.9 ms]
      [Ref Enq: 1.2 ms]
      [Redirty Cards: 2.7 ms]
      [Humongous Register: 0.3 ms]
      [Humongous Reclaim: 0.1 ms]
      [Free CSet: 1.3 ms]
   [Eden: 3932.0M(3932.0M)->0.0B(3932.0M) Survivors: 60.0M->60.0M Heap: 7008.2M(8192.0M)->3077.2M(8192.0M)]
 [Times: user=0.76 sys=0.00, real=0.05 secs]
2018-04-30T04:31:37.825+0200: 260.161: Total time for which application threads were stopped: 0.0446872 seconds, Stopping threads took: 0.0005260 seconds
2018-04-30T04:31:38.514+0200: 260.850: Application time: 0.6889349 seconds
2018-04-30T04:31:38.515+0200: 260.851: [GC pause (G1 Evacuation Pause) (young)
Desired survivor size 262144000 bytes, new threshold 15 (max 15)
- age   1:   24707064 bytes,   24707064 total
- age   2:    1115688 bytes,   25822752 total
- age   3:    1352104 bytes,   27174856 total
- age   4:    1162472 bytes,   28337328 total
- age   5:    2381448 bytes,   30718776 total
- age   6:    1474088 bytes,   32192864 total
- age   7:     990136 bytes,   33183000 total
- age   8:     932632 bytes,   34115632 total
- age   9:    1009864 bytes,   35125496 total
- age  10:    1457608 bytes,   36583104 total
- age  11:    3768416 bytes,   40351520 total
- age  12:     703432 bytes,   41054952 total
- age  13:     647888 bytes,   41702840 total
- age  14:     689616 bytes,   42392456 total
- age  15:     634088 bytes,   43026544 total
, 0.0440206 secs]
   [Parallel Time: 24.7 ms, GC Workers: 30]
      [GC Worker Start (ms): Min: 260851.5, Avg: 260852.0, Max: 260852.5, Diff: 0.9]
      [Ext Root Scanning (ms): Min: 0.3, Avg: 0.7, Max: 1.3, Diff: 1.1, Sum: 20.9]
      [Update RS (ms): Min: 6.0, Avg: 6.8, Max: 8.4, Diff: 2.4, Sum: 204.4]
         [Processed Buffers: Min: 3, Avg: 5.9, Max: 9, Diff: 6, Sum: 176]
      [Scan RS (ms): Min: 0.0, Avg: 0.2, Max: 0.6, Diff: 0.5, Sum: 6.2]
      [Code Root Scanning (ms): Min: 0.0, Avg: 0.0, Max: 0.0, Diff: 0.0, Sum: 0.1]
      [Object Copy (ms): Min: 14.3, Avg: 15.7, Max: 16.2, Diff: 1.9, Sum: 471.9]
      [Termination (ms): Min: 0.0, Avg: 0.2, Max: 0.2, Diff: 0.2, Sum: 6.0]
         [Termination Attempts: Min: 1, Avg: 52.6, Max: 62, Diff: 61, Sum: 1578]
      [GC Worker Other (ms): Min: 0.0, Avg: 0.2, Max: 0.4, Diff: 0.3, Sum: 5.3]
      [GC Worker Total (ms): Min: 23.2, Avg: 23.8, Max: 24.4, Diff: 1.2, Sum: 714.7]
      [GC Worker End (ms): Min: 260875.7, Avg: 260875.9, Max: 260876.0, Diff: 0.3]
   [Code Root Fixup: 0.0 ms]
   [Code Root Purge: 0.0 ms]
   [Clear CT: 1.9 ms]
   [Other: 17.4 ms]
      [Choose CSet: 0.0 ms]
      [Ref Proc: 11.7 ms]
      [Ref Enq: 1.5 ms]
      [Redirty Cards: 2.0 ms]
      [Humongous Register: 0.3 ms]
      [Humongous Reclaim: 0.1 ms]
      [Free CSet: 1.5 ms]
   [Eden: 3932.0M(3932.0M)->0.0B(3940.0M) Survivors: 60.0M->56.0M Heap: 7009.2M(8192.0M)->3072.6M(8192.0M)]
 [Times: user=0.72 sys=0.03, real=0.04 secs]
2018-04-30T04:31:38.559+0200: 260.895: Total time for which application threads were stopped: 0.0451104 seconds, Stopping threads took: 0.0002685 seconds
2018-04-30T04:31:39.039+0200: 261.376: Application time: 0.4801926 seconds
2018-04-30T04:31:39.040+0200: 261.376: Total time for which application threads were stopped: 0.0008874 seconds, Stopping threads took: 0.0003005 seconds
2018-04-30T04:31:39.045+0200: 261.381: Application time: 0.0045467 seconds
2018-04-30T04:31:39.045+0200: 261.382: Total time for which application threads were stopped: 0.0007454 seconds, Stopping threads took: 0.0002555 seconds
2018-04-30T04:31:39.051+0200: 261.387: Application time: 0.0054498 seconds
2018-04-30T04:31:39.052+0200: 261.389: Total time for which application threads were stopped: 0.0014472 seconds, Stopping threads took: 0.0006699 seconds
2018-04-30T04:31:39.053+0200: 261.389: Application time: 0.0002683 seconds
2018-04-30T04:31:39.054+0200: 261.390: Total time for which application threads were stopped: 0.0009039 seconds, Stopping threads took: 0.0003784 seconds
2018-04-30T04:31:39.055+0200: 261.391: Application time: 0.0014130 seconds
2018-04-30T04:31:39.056+0200: 261.392: Total time for which application threads were stopped: 0.0010102 seconds, Stopping threads took: 0.0005142 seconds
2018-04-30T04:31:39.056+0200: 261.392: Application time: 0.0000788 seconds
2018-04-30T04:31:39.057+0200: 261.393: Total time for which application threads were stopped: 0.0005645 seconds, Stopping threads took: 0.0002368 seconds
2018-04-30T04:31:39.057+0200: 261.393: Application time: 0.0000383 seconds
2018-04-30T04:31:39.057+0200: 261.393: Total time for which application threads were stopped: 0.0003058 seconds, Stopping threads took: 0.0000203 seconds
2018-04-30T04:31:39.057+0200: 261.393: Application time: 0.0000490 seconds
2018-04-30T04:31:39.057+0200: 261.394: Total time for which application threads were stopped: 0.0003282 seconds, Stopping threads took: 0.0000471 seconds
2018-04-30T04:31:39.057+0200: 261.394: Application time: 0.0000382 seconds
2018-04-30T04:31:39.058+0200: 261.394: Total time for which application threads were stopped: 0.0003313 seconds, Stopping threads took: 0.0000516 seconds
2018-04-30T04:31:39.058+0200: 261.394: Application time: 0.0000353 seconds
2018-04-30T04:31:39.058+0200: 261.394: Total time for which application threads were stopped: 0.0003225 seconds, Stopping threads took: 0.0000468 seconds
2018-04-30T04:31:39.058+0200: 261.395: Application time: 0.0003408 seconds
2018-04-30T04:31:39.059+0200: 261.395: Total time for which application threads were stopped: 0.0003704 seconds, Stopping threads took: 0.0000809 seconds
2018-04-30T04:31:39.059+0200: 261.396: Application time: 0.0004441 seconds
2018-04-30T04:31:39.060+0200: 261.396: Total time for which application threads were stopped: 0.0004554 seconds, Stopping threads took: 0.0001510 seconds
2018-04-30T04:31:39.060+0200: 261.396: Application time: 0.0002693 seconds
2018-04-30T04:31:39.060+0200: 261.397: Total time for which application threads were stopped: 0.0004121 seconds, Stopping threads took: 0.0001238 seconds
2018-04-30T04:31:39.060+0200: 261.397: Application time: 0.0000494 seconds
2018-04-30T04:31:39.061+0200: 261.397: Total time for which application threads were stopped: 0.0003164 seconds, Stopping threads took: 0.0000464 seconds
2018-04-30T04:31:39.061+0200: 261.397: Application time: 0.0000376 seconds
2018-04-30T04:31:39.061+0200: 261.397: Total time for which application threads were stopped: 0.0003515 seconds, Stopping threads took: 0.0000836 seconds
2018-04-30T04:31:39.061+0200: 261.397: Application time: 0.0000342 seconds
2018-04-30T04:31:39.061+0200: 261.398: Total time for which application threads were stopped: 0.0003334 seconds, Stopping threads took: 0.0000608 seconds
2018-04-30T04:31:39.062+0200: 261.398: Application time: 0.0000401 seconds
2018-04-30T04:31:39.062+0200: 261.398: Total time for which application threads were stopped: 0.0003491 seconds, Stopping threads took: 0.0000781 seconds
2018-04-30T04:31:39.062+0200: 261.398: Application time: 0.0000355 seconds
2018-04-30T04:31:39.062+0200: 261.399: Total time for which application threads were stopped: 0.0003115 seconds, Stopping threads took: 0.0000351 seconds
2018-04-30T04:31:39.062+0200: 261.399: Application time: 0.0000337 seconds
2018-04-30T04:31:39.063+0200: 261.399: Total time for which application threads were stopped: 0.0003188 seconds, Stopping threads took: 0.0000448 seconds
2018-04-30T04:31:39.063+0200: 261.399: Application time: 0.0002662 seconds
2018-04-30T04:31:39.063+0200: 261.400: Total time for which application threads were stopped: 0.0003417 seconds, Stopping threads took: 0.0000693 seconds
2018-04-30T04:31:39.065+0200: 261.402: Application time: 0.0021044 seconds
2018-04-30T04:31:39.066+0200: 261.402: Total time for which application threads were stopped: 0.0007857 seconds, Stopping threads took: 0.0003347 seconds
2018-04-30T04:31:39.066+0200: 261.403: Application time: 0.0003263 seconds
2018-04-30T04:31:39.067+0200: 261.403: Total time for which application threads were stopped: 0.0006790 seconds, Stopping threads took: 0.0003347 seconds
2018-04-30T04:31:39.067+0200: 261.404: Application time: 0.0001269 seconds
2018-04-30T04:31:39.068+0200: 261.404: Total time for which application threads were stopped: 0.0005049 seconds, Stopping threads took: 0.0001327 seconds
2018-04-30T04:31:39.068+0200: 261.404: Application time: 0.0000425 seconds
2018-04-30T04:31:39.068+0200: 261.404: Total time for which application threads were stopped: 0.0003331 seconds, Stopping threads took: 0.0000607 seconds
2018-04-30T04:31:39.068+0200: 261.405: Application time: 0.0001609 seconds
2018-04-30T04:31:39.069+0200: 261.405: Total time for which application threads were stopped: 0.0003274 seconds, Stopping threads took: 0.0000445 seconds
2018-04-30T04:31:39.069+0200: 261.405: Application time: 0.0000654 seconds
2018-04-30T04:31:39.069+0200: 261.405: Total time for which application threads were stopped: 0.0003489 seconds, Stopping threads took: 0.0000665 seconds
2018-04-30T04:31:39.069+0200: 261.405: Application time: 0.0000393 seconds
2018-04-30T04:31:39.069+0200: 261.406: Total time for which application threads were stopped: 0.0002538 seconds, Stopping threads took: 0.0000334 seconds
2018-04-30T04:31:39.069+0200: 261.406: Application time: 0.0000316 seconds
2018-04-30T04:31:39.070+0200: 261.406: Total time for which application threads were stopped: 0.0002589 seconds, Stopping threads took: 0.0000475 seconds
2018-04-30T04:31:39.070+0200: 261.406: Application time: 0.0003046 seconds
2018-04-30T04:31:39.070+0200: 261.407: Total time for which application threads were stopped: 0.0003956 seconds, Stopping threads took: 0.0001028 seconds
2018-04-30T04:31:39.071+0200: 261.407: Application time: 0.0005267 seconds
2018-04-30T04:31:39.071+0200: 261.408: Total time for which application threads were stopped: 0.0003385 seconds, Stopping threads took: 0.0000601 seconds
2018-04-30T04:31:39.074+0200: 261.411: Application time: 0.0031955 seconds
2018-04-30T04:31:39.075+0200: 261.412: Total time for which application threads were stopped: 0.0008054 seconds, Stopping threads took: 0.0004063 seconds
2018-04-30T04:31:39.076+0200: 261.412: Application time: 0.0006307 seconds
2018-04-30T04:31:39.077+0200: 261.413: Total time for which application threads were stopped: 0.0010453 seconds, Stopping threads took: 0.0006535 seconds
2018-04-30T04:31:39.077+0200: 261.413: Application time: 0.0000709 seconds
2018-04-30T04:31:39.077+0200: 261.414: Total time for which application threads were stopped: 0.0003482 seconds, Stopping threads took: 0.0000691 seconds
2018-04-30T04:31:39.077+0200: 261.414: Application time: 0.0000410 seconds
2018-04-30T04:31:39.078+0200: 261.414: Total time for which application threads were stopped: 0.0002878 seconds, Stopping threads took: 0.0000230 seconds
2018-04-30T04:31:39.078+0200: 261.414: Application time: 0.0000352 seconds
2018-04-30T04:31:39.078+0200: 261.414: Total time for which application threads were stopped: 0.0003487 seconds, Stopping threads took: 0.0000751 seconds
2018-04-30T04:31:39.078+0200: 261.414: Application time: 0.0000711 seconds
2018-04-30T04:31:39.078+0200: 261.415: Total time for which application threads were stopped: 0.0003001 seconds, Stopping threads took: 0.0000259 seconds
2018-04-30T04:31:39.078+0200: 261.415: Application time: 0.0000363 seconds
2018-04-30T04:31:39.079+0200: 261.415: Total time for which application threads were stopped: 0.0003269 seconds, Stopping threads took: 0.0000513 seconds
2018-04-30T04:31:39.079+0200: 261.415: Application time: 0.0000338 seconds
2018-04-30T04:31:39.079+0200: 261.415: Total time for which application threads were stopped: 0.0003393 seconds, Stopping threads took: 0.0000678 seconds
2018-04-30T04:31:39.080+0200: 261.416: Application time: 0.0003534 seconds
2018-04-30T04:31:39.080+0200: 261.416: Total time for which application threads were stopped: 0.0004699 seconds, Stopping threads took: 0.0000922 seconds
2018-04-30T04:31:39.081+0200: 261.417: Application time: 0.0006032 seconds
2018-04-30T04:31:39.081+0200: 261.417: Total time for which application threads were stopped: 0.0004204 seconds, Stopping threads took: 0.0001308 seconds
2018-04-30T04:31:39.081+0200: 261.418: Application time: 0.0001872 seconds
2018-04-30T04:31:39.082+0200: 261.418: Total time for which application threads were stopped: 0.0004028 seconds, Stopping threads took: 0.0001199 seconds
2018-04-30T04:31:39.082+0200: 261.418: Application time: 0.0000461 seconds
2018-04-30T04:31:39.082+0200: 261.418: Total time for which application threads were stopped: 0.0003350 seconds, Stopping threads took: 0.0000700 seconds
2018-04-30T04:31:39.082+0200: 261.418: Application time: 0.0000516 seconds
2018-04-30T04:31:39.082+0200: 261.419: Total time for which application threads were stopped: 0.0003979 seconds, Stopping threads took: 0.0000828 seconds
2018-04-30T04:31:39.082+0200: 261.419: Application time: 0.0000384 seconds
2018-04-30T04:31:39.083+0200: 261.419: Total time for which application threads were stopped: 0.0003092 seconds, Stopping threads took: 0.0000404 seconds
2018-04-30T04:31:39.083+0200: 261.419: Application time: 0.0000379 seconds
2018-04-30T04:31:39.083+0200: 261.419: Total time for which application threads were stopped: 0.0003007 seconds, Stopping threads took: 0.0000350 seconds
2018-04-30T04:31:39.083+0200: 261.420: Application time: 0.0000345 seconds
2018-04-30T04:31:39.084+0200: 261.420: Total time for which application threads were stopped: 0.0003469 seconds, Stopping threads took: 0.0000496 seconds
2018-04-30T04:31:39.084+0200: 261.420: Application time: 0.0000342 seconds
2018-04-30T04:31:39.084+0200: 261.420: Total time for which application threads were stopped: 0.0003484 seconds, Stopping threads took: 0.0000761 seconds
2018-04-30T04:31:39.084+0200: 261.421: Application time: 0.0002781 seconds
2018-04-30T04:31:39.085+0200: 261.421: Total time for which application threads were stopped: 0.0004992 seconds, Stopping threads took: 0.0002054 seconds
2018-04-30T04:31:39.087+0200: 261.424: Application time: 0.0025997 seconds
2018-04-30T04:31:39.088+0200: 261.425: Total time for which application threads were stopped: 0.0010641 seconds, Stopping threads took: 0.0006277 seconds
2018-04-30T04:31:39.092+0200: 261.428: Application time: 0.0037343 seconds
2018-04-30T04:31:39.093+0200: 261.429: Total time for which application threads were stopped: 0.0007713 seconds, Stopping threads took: 0.0003922 seconds
2018-04-30T04:31:39.094+0200: 261.430: Application time: 0.0006904 seconds
2018-04-30T04:31:39.095+0200: 261.431: Total time for which application threads were stopped: 0.0010218 seconds, Stopping threads took: 0.0006154 seconds
2018-04-30T04:31:39.095+0200: 261.431: Application time: 0.0001135 seconds
2018-04-30T04:31:39.095+0200: 261.431: Total time for which application threads were stopped: 0.0004423 seconds, Stopping threads took: 0.0001372 seconds
2018-04-30T04:31:39.095+0200: 261.432: Application time: 0.0000378 seconds
2018-04-30T04:31:39.096+0200: 261.432: Total time for which application threads were stopped: 0.0003473 seconds, Stopping threads took: 0.0000596 seconds
2018-04-30T04:31:39.096+0200: 261.432: Application time: 0.0000443 seconds
2018-04-30T04:31:39.096+0200: 261.432: Total time for which application threads were stopped: 0.0003623 seconds, Stopping threads took: 0.0000748 seconds
2018-04-30T04:31:39.096+0200: 261.432: Application time: 0.0000434 seconds
2018-04-30T04:31:39.096+0200: 261.433: Total time for which application threads were stopped: 0.0003337 seconds, Stopping threads took: 0.0000626 seconds
2018-04-30T04:31:39.096+0200: 261.433: Application time: 0.0000366 seconds
2018-04-30T04:31:39.097+0200: 261.433: Total time for which application threads were stopped: 0.0003368 seconds, Stopping threads took: 0.0000673 seconds
2018-04-30T04:31:39.097+0200: 261.433: Application time: 0.0000355 seconds
2018-04-30T04:31:39.097+0200: 261.433: Total time for which application threads were stopped: 0.0003009 seconds, Stopping threads took: 0.0000371 seconds
2018-04-30T04:31:39.097+0200: 261.434: Application time: 0.0003123 seconds
2018-04-30T04:31:39.098+0200: 261.434: Total time for which application threads were stopped: 0.0004514 seconds, Stopping threads took: 0.0001756 seconds
2018-04-30T04:31:39.098+0200: 261.435: Application time: 0.0005891 seconds
2018-04-30T04:31:39.099+0200: 261.435: Total time for which application threads were stopped: 0.0003885 seconds, Stopping threads took: 0.0001187 seconds
2018-04-30T04:31:39.109+0200: 261.445: Application time: 0.0100533 seconds
2018-04-30T04:31:39.110+0200: 261.446: Total time for which application threads were stopped: 0.0008245 seconds, Stopping threads took: 0.0004444 seconds
2018-04-30T04:31:39.114+0200: 261.450: Application time: 0.0040936 seconds
2018-04-30T04:31:39.115+0200: 261.451: Total time for which application threads were stopped: 0.0011724 seconds, Stopping threads took: 0.0007895 seconds
2018-04-30T04:31:39.115+0200: 261.451: Application time: 0.0000694 seconds
2018-04-30T04:31:39.115+0200: 261.452: Total time for which application threads were stopped: 0.0003300 seconds, Stopping threads took: 0.0000574 seconds
2018-04-30T04:31:39.115+0200: 261.452: Application time: 0.0000361 seconds
2018-04-30T04:31:39.116+0200: 261.452: Total time for which application threads were stopped: 0.0002592 seconds, Stopping threads took: 0.0000126 seconds
2018-04-30T04:31:39.116+0200: 261.452: Application time: 0.0000389 seconds
2018-04-30T04:31:39.116+0200: 261.452: Total time for which application threads were stopped: 0.0003024 seconds, Stopping threads took: 0.0000572 seconds
2018-04-30T04:31:39.116+0200: 261.452: Application time: 0.0000439 seconds
2018-04-30T04:31:39.116+0200: 261.453: Total time for which application threads were stopped: 0.0002860 seconds, Stopping threads took: 0.0000472 seconds
2018-04-30T04:31:39.116+0200: 261.453: Application time: 0.0000341 seconds
2018-04-30T04:31:39.117+0200: 261.453: Total time for which application threads were stopped: 0.0002779 seconds, Stopping threads took: 0.0000412 seconds
2018-04-30T04:31:39.117+0200: 261.453: Application time: 0.0000339 seconds
2018-04-30T04:31:39.117+0200: 261.453: Total time for which application threads were stopped: 0.0002781 seconds, Stopping threads took: 0.0000442 seconds
2018-04-30T04:31:39.117+0200: 261.454: Application time: 0.0003359 seconds
2018-04-30T04:31:39.118+0200: 261.454: Total time for which application threads were stopped: 0.0003685 seconds, Stopping threads took: 0.0000932 seconds
2018-04-30T04:31:39.118+0200: 261.455: Application time: 0.0007043 seconds
2018-04-30T04:31:39.119+0200: 261.455: Total time for which application threads were stopped: 0.0007047 seconds, Stopping threads took: 0.0003555 seconds
2018-04-30T04:31:39.264+0200: 261.600: Application time: 0.1450676 seconds
2018-04-30T04:31:39.265+0200: 261.601: [GC pause (G1 Evacuation Pause) (young)
Desired survivor size 262144000 bytes, new threshold 15 (max 15)
- age   1:   23981296 bytes,   23981296 total
- age   2:    1195040 bytes,   25176336 total
- age   3:    1096752 bytes,   26273088 total
- age   4:    1202192 bytes,   27475280 total
- age   5:    1161016 bytes,   28636296 total
- age   6:    2380440 bytes,   31016736 total
- age   7:    1473824 bytes,   32490560 total
- age   8:     989392 bytes,   33479952 total
- age   9:     932440 bytes,   34412392 total
- age  10:    1009480 bytes,   35421872 total
- age  11:    1457384 bytes,   36879256 total
- age  12:    3768032 bytes,   40647288 total
- age  13:     703272 bytes,   41350560 total
- age  14:     647824 bytes,   41998384 total
- age  15:     689616 bytes,   42688000 total
, 0.0396307 secs]
   [Parallel Time: 21.2 ms, GC Workers: 30]
      [GC Worker Start (ms): Min: 261602.0, Avg: 261602.4, Max: 261602.8, Diff: 0.8]
      [Ext Root Scanning (ms): Min: 0.0, Avg: 0.5, Max: 1.3, Diff: 1.3, Sum: 15.8]
      [Update RS (ms): Min: 5.5, Avg: 6.0, Max: 6.8, Diff: 1.3, Sum: 178.9]
         [Processed Buffers: Min: 4, Avg: 5.8, Max: 12, Diff: 8, Sum: 173]
      [Scan RS (ms): Min: 0.0, Avg: 0.2, Max: 0.5, Diff: 0.5, Sum: 5.9]
      [Code Root Scanning (ms): Min: 0.0, Avg: 0.0, Max: 0.4, Diff: 0.4, Sum: 0.9]
      [Object Copy (ms): Min: 13.0, Avg: 13.6, Max: 13.9, Diff: 0.9, Sum: 407.2]
      [Termination (ms): Min: 0.1, Avg: 0.1, Max: 0.2, Diff: 0.1, Sum: 3.3]
         [Termination Attempts: Min: 2, Avg: 18.2, Max: 24, Diff: 22, Sum: 547]
      [GC Worker Other (ms): Min: 0.0, Avg: 0.2, Max: 0.5, Diff: 0.5, Sum: 5.8]
      [GC Worker Total (ms): Min: 20.0, Avg: 20.6, Max: 21.2, Diff: 1.2, Sum: 617.8]
      [GC Worker End (ms): Min: 261622.9, Avg: 261623.0, Max: 261623.2, Diff: 0.3]
   [Code Root Fixup: 0.0 ms]
   [Code Root Purge: 0.0 ms]
   [Clear CT: 1.6 ms]
   [Other: 16.8 ms]
      [Choose CSet: 0.0 ms]
      [Ref Proc: 10.9 ms]
      [Ref Enq: 1.4 ms]
      [Redirty Cards: 2.5 ms]
      [Humongous Register: 0.3 ms]
      [Humongous Reclaim: 0.1 ms]
      [Free CSet: 1.3 ms]
   [Eden: 3940.0M(3940.0M)->0.0B(3892.0M) Survivors: 56.0M->80.0M Heap: 7012.6M(8192.0M)->3095.5M(8192.0M)]
 [Times: user=0.69 sys=0.00, real=0.04 secs]
2018-04-30T04:31:39.305+0200: 261.641: Total time for which application threads were stopped: 0.0408393 seconds, Stopping threads took: 0.0004299 seconds
2018-04-30T04:31:39.305+0200: 261.642: Application time: 0.0002259 seconds
2018-04-30T04:31:39.306+0200: 261.642: Total time for which application threads were stopped: 0.0005300 seconds, Stopping threads took: 0.0000797 seconds
2018-04-30T04:31:39.306+0200: 261.642: Application time: 0.0000433 seconds
2018-04-30T04:31:39.306+0200: 261.642: Total time for which application threads were stopped: 0.0002757 seconds, Stopping threads took: 0.0000184 seconds
2018-04-30T04:31:39.332+0200: 261.668: Application time: 0.0256035 seconds
2018-04-30T04:31:39.333+0200: 261.669: Total time for which application threads were stopped: 0.0008162 seconds, Stopping threads took: 0.0002649 seconds
2018-04-30T04:31:39.481+0200: 261.818: Application time: 0.1487007 seconds
2018-04-30T04:31:39.482+0200: 261.818: Total time for which application threads were stopped: 0.0009090 seconds, Stopping threads took: 0.0002795 seconds
2018-04-30T04:31:39.488+0200: 261.824: Application time: 0.0058001 seconds
2018-04-30T04:31:39.489+0200: 261.825: Total time for which application threads were stopped: 0.0008154 seconds, Stopping threads took: 0.0002938 seconds
2018-04-30T04:31:39.489+0200: 261.825: Application time: 0.0000835 seconds
2018-04-30T04:31:39.489+0200: 261.826: Total time for which application threads were stopped: 0.0003923 seconds, Stopping threads took: 0.0001014 seconds
2018-04-30T04:31:39.489+0200: 261.826: Application time: 0.0000463 seconds
2018-04-30T04:31:39.490+0200: 261.826: Total time for which application threads were stopped: 0.0003037 seconds, Stopping threads took: 0.0000606 seconds
2018-04-30T04:31:39.490+0200: 261.826: Application time: 0.0000371 seconds
2018-04-30T04:31:39.490+0200: 261.826: Total time for which application threads were stopped: 0.0002933 seconds, Stopping threads took: 0.0000565 seconds
2018-04-30T04:31:39.490+0200: 261.826: Application time: 0.0000345 seconds
2018-04-30T04:31:39.490+0200: 261.827: Total time for which application threads were stopped: 0.0003054 seconds, Stopping threads took: 0.0000628 seconds
2018-04-30T04:31:39.490+0200: 261.827: Application time: 0.0000331 seconds
2018-04-30T04:31:39.491+0200: 261.827: Total time for which application threads were stopped: 0.0002706 seconds, Stopping threads took: 0.0000374 seconds
2018-04-30T04:31:39.491+0200: 261.827: Application time: 0.0000328 seconds
2018-04-30T04:31:39.491+0200: 261.827: Total time for which application threads were stopped: 0.0003109 seconds, Stopping threads took: 0.0000771 seconds
2018-04-30T04:31:39.491+0200: 261.827: Application time: 0.0000313 seconds
2018-04-30T04:31:39.491+0200: 261.828: Total time for which application threads were stopped: 0.0002841 seconds, Stopping threads took: 0.0000504 seconds
2018-04-30T04:31:39.491+0200: 261.828: Application time: 0.0000338 seconds
2018-04-30T04:31:39.492+0200: 261.828: Total time for which application threads were stopped: 0.0002720 seconds, Stopping threads took: 0.0000190 seconds
2018-04-30T04:31:39.492+0200: 261.828: Application time: 0.0000355 seconds
2018-04-30T04:31:39.492+0200: 261.828: Total time for which application threads were stopped: 0.0003152 seconds, Stopping threads took: 0.0000777 seconds
2018-04-30T04:31:39.492+0200: 261.828: Application time: 0.0000318 seconds
2018-04-30T04:31:39.492+0200: 261.829: Total time for which application threads were stopped: 0.0002911 seconds, Stopping threads took: 0.0000541 seconds
2018-04-30T04:31:39.492+0200: 261.829: Application time: 0.0000346 seconds
2018-04-30T04:31:39.492+0200: 261.829: Total time for which application threads were stopped: 0.0002479 seconds, Stopping threads took: 0.0000172 seconds
2018-04-30T04:31:39.493+0200: 261.829: Application time: 0.0000354 seconds
2018-04-30T04:31:39.493+0200: 261.829: Total time for which application threads were stopped: 0.0002836 seconds, Stopping threads took: 0.0000490 seconds
2018-04-30T04:31:39.493+0200: 261.829: Application time: 0.0000327 seconds
2018-04-30T04:31:39.493+0200: 261.830: Total time for which application threads were stopped: 0.0003152 seconds, Stopping threads took: 0.0000629 seconds
2018-04-30T04:31:39.493+0200: 261.830: Application time: 0.0000358 seconds
2018-04-30T04:31:39.494+0200: 261.830: Total time for which application threads were stopped: 0.0002807 seconds, Stopping threads took: 0.0000398 seconds
2018-04-30T04:31:39.494+0200: 261.830: Application time: 0.0000387 seconds
2018-04-30T04:31:39.494+0200: 261.830: Total time for which application threads were stopped: 0.0002981 seconds, Stopping threads took: 0.0000574 seconds
2018-04-30T04:31:39.494+0200: 261.830: Application time: 0.0000325 seconds
2018-04-30T04:31:39.494+0200: 261.831: Total time for which application threads were stopped: 0.0003033 seconds, Stopping threads took: 0.0000677 seconds
2018-04-30T04:31:39.494+0200: 261.831: Application time: 0.0000327 seconds
2018-04-30T04:31:39.495+0200: 261.831: Total time for which application threads were stopped: 0.0003003 seconds, Stopping threads took: 0.0000599 seconds
2018-04-30T04:31:39.495+0200: 261.831: Application time: 0.0000356 seconds
2018-04-30T04:31:39.495+0200: 261.831: Total time for which application threads were stopped: 0.0002933 seconds, Stopping threads took: 0.0000549 seconds
2018-04-30T04:31:39.495+0200: 261.831: Application time: 0.0000353 seconds
2018-04-30T04:31:39.496+0200: 261.833: Total time for which application threads were stopped: 0.0013930 seconds, Stopping threads took: 0.0000422 seconds
2018-04-30T04:31:39.980+0200: 262.317: Application time: 0.4839869 seconds
2018-04-30T04:31:39.981+0200: 262.317: [GC pause (G1 Evacuation Pause) (young)
Desired survivor size 262144000 bytes, new threshold 15 (max 15)
- age   1:   18410912 bytes,   18410912 total
- age   2:    1453288 bytes,   19864200 total
- age   3:    1190136 bytes,   21054336 total
- age   4:    1093992 bytes,   22148328 total
- age   5:    1198168 bytes,   23346496 total
- age   6:    1160008 bytes,   24506504 total
- age   7:    2379328 bytes,   26885832 total
- age   8:    1470856 bytes,   28356688 total
- age   9:     988944 bytes,   29345632 total
- age  10:     932344 bytes,   30277976 total
- age  11:    1009064 bytes,   31287040 total
- age  12:    1457192 bytes,   32744232 total
- age  13:    3767344 bytes,   36511576 total
- age  14:     665824 bytes,   37177400 total
- age  15:      90304 bytes,   37267704 total
, 0.0429062 secs]
   [Parallel Time: 20.8 ms, GC Workers: 30]
      [GC Worker Start (ms): Min: 262317.9, Avg: 262319.2, Max: 262327.9, Diff: 10.0]
      [Ext Root Scanning (ms): Min: 0.0, Avg: 0.6, Max: 1.3, Diff: 1.3, Sum: 17.5]
      [Update RS (ms): Min: 0.0, Avg: 5.7, Max: 8.1, Diff: 8.1, Sum: 170.2]
         [Processed Buffers: Min: 0, Avg: 5.7, Max: 9, Diff: 9, Sum: 170]
      [Scan RS (ms): Min: 0.0, Avg: 0.2, Max: 0.6, Diff: 0.5, Sum: 6.2]
      [Code Root Scanning (ms): Min: 0.0, Avg: 0.0, Max: 0.0, Diff: 0.0, Sum: 0.1]
      [Object Copy (ms): Min: 9.7, Avg: 12.0, Max: 12.9, Diff: 3.2, Sum: 358.8]
      [Termination (ms): Min: 0.3, Avg: 0.8, Max: 1.1, Diff: 0.8, Sum: 22.6]
         [Termination Attempts: Min: 3, Avg: 18.4, Max: 37, Diff: 34, Sum: 551]
      [GC Worker Other (ms): Min: 0.0, Avg: 0.1, Max: 0.3, Diff: 0.3, Sum: 2.9]
      [GC Worker Total (ms): Min: 10.4, Avg: 19.3, Max: 20.5, Diff: 10.1, Sum: 578.3]
      [GC Worker End (ms): Min: 262338.3, Avg: 262338.4, Max: 262338.6, Diff: 0.2]
   [Code Root Fixup: 0.0 ms]
   [Code Root Purge: 0.0 ms]
   [Clear CT: 2.6 ms]
   [Other: 19.5 ms]
      [Choose CSet: 0.0 ms]
      [Ref Proc: 13.4 ms]
      [Ref Enq: 1.5 ms]
      [Redirty Cards: 2.7 ms]
      [Humongous Register: 0.3 ms]
      [Humongous Reclaim: 0.1 ms]
      [Free CSet: 1.3 ms]
   [Eden: 3892.0M(3892.0M)->0.0B(3940.0M) Survivors: 80.0M->56.0M Heap: 6987.5M(8192.0M)->3073.9M(8192.0M)]
 [Times: user=0.62 sys=0.00, real=0.05 secs]
2018-04-30T04:31:40.024+0200: 262.361: Total time for which application threads were stopped: 0.0440352 seconds, Stopping threads took: 0.0002432 seconds
2018-04-30T04:31:40.631+0200: 262.968: Application time: 0.6069141 seconds
2018-04-30T04:31:40.632+0200: 262.968: [GC pause (G1 Evacuation Pause) (young)
Desired survivor size 262144000 bytes, new threshold 15 (max 15)
- age   1:   17808872 bytes,   17808872 total
- age   2:    1357232 bytes,   19166104 total
- age   3:    1449816 bytes,   20615920 total
- age   4:    1188616 bytes,   21804536 total
- age   5:    1092576 bytes,   22897112 total
- age   6:    1196944 bytes,   24094056 total
- age   7:    1159624 bytes,   25253680 total
- age   8:    2378752 bytes,   27632432 total
- age   9:    1469896 bytes,   29102328 total
- age  10:     988752 bytes,   30091080 total
- age  11:     932152 bytes,   31023232 total
- age  12:    1008872 bytes,   32032104 total
- age  13:    1456808 bytes,   33488912 total
- age  14:    3163232 bytes,   36652144 total
- age  15:      91904 bytes,   36744048 total
, 0.0455014 secs]
   [Parallel Time: 24.5 ms, GC Workers: 30]
      [GC Worker Start (ms): Min: 262968.9, Avg: 262969.4, Max: 262969.8, Diff: 0.9]
      [Ext Root Scanning (ms): Min: 0.1, Avg: 0.5, Max: 1.3, Diff: 1.2, Sum: 15.7]
      [Update RS (ms): Min: 4.4, Avg: 5.2, Max: 6.9, Diff: 2.4, Sum: 156.3]
         [Processed Buffers: Min: 3, Avg: 5.3, Max: 9, Diff: 6, Sum: 160]
      [Scan RS (ms): Min: 0.0, Avg: 0.2, Max: 0.5, Diff: 0.5, Sum: 5.6]
      [Code Root Scanning (ms): Min: 0.0, Avg: 0.0, Max: 0.1, Diff: 0.1, Sum: 0.2]
      [Object Copy (ms): Min: 15.6, Avg: 17.2, Max: 17.6, Diff: 2.0, Sum: 514.5]
      [Termination (ms): Min: 0.0, Avg: 0.3, Max: 0.3, Diff: 0.3, Sum: 7.5]
         [Termination Attempts: Min: 1, Avg: 91.3, Max: 105, Diff: 104, Sum: 2740]
      [GC Worker Other (ms): Min: 0.0, Avg: 0.2, Max: 0.3, Diff: 0.3, Sum: 4.7]
      [GC Worker Total (ms): Min: 23.1, Avg: 23.5, Max: 24.1, Diff: 1.0, Sum: 704.5]
      [GC Worker End (ms): Min: 262992.7, Avg: 262992.9, Max: 262993.0, Diff: 0.3]
   [Code Root Fixup: 0.0 ms]
   [Code Root Purge: 0.0 ms]
   [Clear CT: 2.4 ms]
   [Other: 18.6 ms]
      [Choose CSet: 0.0 ms]
      [Ref Proc: 12.0 ms]
      [Ref Enq: 1.4 ms]
      [Redirty Cards: 2.5 ms]
      [Humongous Register: 0.3 ms]
      [Humongous Reclaim: 0.1 ms]
      [Free CSet: 1.3 ms]
   [Eden: 3940.0M(3940.0M)->0.0B(3932.0M) Survivors: 56.0M->60.0M Heap: 7013.9M(8192.0M)->3076.7M(8192.0M)]
 [Times: user=0.74 sys=0.00, real=0.04 secs]
2018-04-30T04:31:40.678+0200: 263.014: Total time for which application threads were stopped: 0.0465804 seconds, Stopping threads took: 0.0003224 seconds
2018-04-30T04:31:40.722+0200: 263.059: Application time: 0.0445387 seconds
2018-04-30T04:31:40.723+0200: 263.059: Total time for which application threads were stopped: 0.0005796 seconds, Stopping threads took: 0.0001366 seconds
2018-04-30T04:31:41.265+0200: 263.602: Application time: 0.5424288 seconds
2018-04-30T04:31:41.266+0200: 263.602: [GC pause (G1 Evacuation Pause) (young)
Desired survivor size 262144000 bytes, new threshold 15 (max 15)
- age   1:   20570792 bytes,   20570792 total
- age   2:    1484800 bytes,   22055592 total
- age   3:    1353416 bytes,   23409008 total
- age   4:    1448104 bytes,   24857112 total
- age   5:    1187456 bytes,   26044568 total
- age   6:    1092064 bytes,   27136632 total
- age   7:    1196136 bytes,   28332768 total
- age   8:    1159112 bytes,   29491880 total
- age   9:    2378488 bytes,   31870368 total
- age  10:    1469576 bytes,   33339944 total
- age  11:     988560 bytes,   34328504 total
- age  12:     932024 bytes,   35260528 total
- age  13:     612232 bytes,   35872760 total
- age  14:     621848 bytes,   36494608 total
- age  15:    3137600 bytes,   39632208 total
, 0.0428900 secs]
   [Parallel Time: 21.6 ms, GC Workers: 30]
      [GC Worker Start (ms): Min: 263603.0, Avg: 263603.5, Max: 263603.9, Diff: 0.9]
      [Ext Root Scanning (ms): Min: 0.1, Avg: 0.5, Max: 1.4, Diff: 1.2, Sum: 15.8]
      [Update RS (ms): Min: 4.4, Avg: 5.2, Max: 6.6, Diff: 2.2, Sum: 155.6]
         [Processed Buffers: Min: 3, Avg: 5.3, Max: 10, Diff: 7, Sum: 158]
      [Scan RS (ms): Min: 0.0, Avg: 0.2, Max: 0.5, Diff: 0.5, Sum: 5.8]
      [Code Root Scanning (ms): Min: 0.0, Avg: 0.0, Max: 0.1, Diff: 0.1, Sum: 0.2]
      [Object Copy (ms): Min: 13.1, Avg: 14.3, Max: 14.8, Diff: 1.7, Sum: 429.9]
      [Termination (ms): Min: 0.0, Avg: 0.2, Max: 0.2, Diff: 0.2, Sum: 5.5]
         [Termination Attempts: Min: 1, Avg: 51.6, Max: 61, Diff: 60, Sum: 1548]
      [GC Worker Other (ms): Min: 0.0, Avg: 0.2, Max: 0.3, Diff: 0.3, Sum: 5.4]
      [GC Worker Total (ms): Min: 20.1, Avg: 20.6, Max: 21.1, Diff: 1.0, Sum: 618.2]
      [GC Worker End (ms): Min: 263624.0, Avg: 263624.1, Max: 263624.3, Diff: 0.3]
   [Code Root Fixup: 0.0 ms]
   [Code Root Purge: 0.0 ms]
   [Clear CT: 2.5 ms]
   [Other: 18.7 ms]
      [Choose CSet: 0.0 ms]
      [Ref Proc: 12.4 ms]
      [Ref Enq: 1.4 ms]
      [Redirty Cards: 3.0 ms]
      [Humongous Register: 0.3 ms]
      [Humongous Reclaim: 0.1 ms]
      [Free CSet: 1.3 ms]
   [Eden: 3932.0M(3932.0M)->0.0B(3952.0M) Survivors: 60.0M->48.0M Heap: 7008.7M(8192.0M)->3069.1M(8192.0M)]
 [Times: user=0.65 sys=0.00, real=0.04 secs]
2018-04-30T04:31:41.309+0200: 263.646: Total time for which application threads were stopped: 0.0439029 seconds, Stopping threads took: 0.0002776 seconds
2018-04-30T04:31:41.876+0200: 264.213: Application time: 0.5670667 seconds
2018-04-30T04:31:41.877+0200: 264.214: [GC pause (G1 Evacuation Pause) (young)
Desired survivor size 262144000 bytes, new threshold 15 (max 15)
- age   1:   14951168 bytes,   14951168 total
- age   2:    1328608 bytes,   16279776 total
- age   3:    1480760 bytes,   17760536 total
- age   4:    1350760 bytes,   19111296 total
- age   5:    1447096 bytes,   20558392 total
- age   6:    1186752 bytes,   21745144 total
- age   7:    1091744 bytes,   22836888 total
- age   8:    1195880 bytes,   24032768 total
- age   9:    1158856 bytes,   25191624 total
- age  10:    2378296 bytes,   27569920 total
- age  11:    1469192 bytes,   29039112 total
- age  12:     988496 bytes,   30027608 total
- age  13:     202672 bytes,   30230280 total
- age  14:     108784 bytes,   30339064 total
- age  15:     621720 bytes,   30960784 total
, 0.0408751 secs]
   [Parallel Time: 19.0 ms, GC Workers: 30]
      [GC Worker Start (ms): Min: 264214.1, Avg: 264214.8, Max: 264215.2, Diff: 1.1]
      [Ext Root Scanning (ms): Min: 0.0, Avg: 0.5, Max: 1.3, Diff: 1.3, Sum: 14.3]
      [Update RS (ms): Min: 3.5, Avg: 4.7, Max: 5.9, Diff: 2.3, Sum: 141.9]
         [Processed Buffers: Min: 2, Avg: 4.7, Max: 10, Diff: 8, Sum: 140]
      [Scan RS (ms): Min: 0.0, Avg: 0.2, Max: 0.7, Diff: 0.6, Sum: 5.1]
      [Code Root Scanning (ms): Min: 0.0, Avg: 0.0, Max: 0.1, Diff: 0.1, Sum: 0.2]
      [Object Copy (ms): Min: 10.9, Avg: 11.9, Max: 12.8, Diff: 1.9, Sum: 357.4]
      [Termination (ms): Min: 0.3, Avg: 0.6, Max: 1.1, Diff: 0.8, Sum: 18.2]
         [Termination Attempts: Min: 1, Avg: 15.9, Max: 32, Diff: 31, Sum: 476]
      [GC Worker Other (ms): Min: 0.0, Avg: 0.1, Max: 0.2, Diff: 0.1, Sum: 1.6]
      [GC Worker Total (ms): Min: 17.5, Avg: 18.0, Max: 18.5, Diff: 1.1, Sum: 538.5]
      [GC Worker End (ms): Min: 264232.6, Avg: 264232.7, Max: 264232.9, Diff: 0.3]
   [Code Root Fixup: 0.0 ms]
   [Code Root Purge: 0.0 ms]
   [Clear CT: 2.5 ms]
   [Other: 19.4 ms]
      [Choose CSet: 0.0 ms]
      [Ref Proc: 12.9 ms]
      [Ref Enq: 1.8 ms]
      [Redirty Cards: 2.6 ms]
      [Humongous Register: 0.3 ms]
      [Humongous Reclaim: 0.1 ms]
      [Free CSet: 1.4 ms]
   [Eden: 3952.0M(3952.0M)->0.0B(3936.0M) Survivors: 48.0M->56.0M Heap: 7021.1M(8192.0M)->3075.1M(8192.0M)]
 [Times: user=0.56 sys=0.00, real=0.04 secs]
2018-04-30T04:31:41.919+0200: 264.255: Total time for which application threads were stopped: 0.0422001 seconds, Stopping threads took: 0.0005133 seconds
2018-04-30T04:31:42.506+0200: 264.843: Application time: 0.5878666 seconds
2018-04-30T04:31:42.507+0200: 264.844: [GC pause (G1 Evacuation Pause) (young)
Desired survivor size 262144000 bytes, new threshold 15 (max 15)
- age   1:   15761128 bytes,   15761128 total
- age   2:    1266560 bytes,   17027688 total
- age   3:    1298880 bytes,   18326568 total
- age   4:    1344848 bytes,   19671416 total
- age   5:    1338888 bytes,   21010304 total
- age   6:    1192328 bytes,   22202632 total
- age   7:    1186360 bytes,   23388992 total
- age   8:    1091024 bytes,   24480016 total
- age   9:    1194848 bytes,   25674864 total
- age  10:    1158792 bytes,   26833656 total
- age  11:    2361328 bytes,   29194984 total
- age  12:     877424 bytes,   30072408 total
- age  13:      65192 bytes,   30137600 total
- age  14:      56200 bytes,   30193800 total
- age  15:     108720 bytes,   30302520 total
, 0.0415970 secs]
   [Parallel Time: 20.5 ms, GC Workers: 30]
      [GC Worker Start (ms): Min: 264844.2, Avg: 264844.6, Max: 264845.1, Diff: 0.9]
      [Ext Root Scanning (ms): Min: 0.0, Avg: 0.5, Max: 1.3, Diff: 1.3, Sum: 15.9]
      [Update RS (ms): Min: 4.1, Avg: 5.3, Max: 6.4, Diff: 2.3, Sum: 158.2]
         [Processed Buffers: Min: 3, Avg: 4.7, Max: 11, Diff: 8, Sum: 142]
      [Scan RS (ms): Min: 0.0, Avg: 0.2, Max: 0.7, Diff: 0.7, Sum: 4.7]
      [Code Root Scanning (ms): Min: 0.0, Avg: 0.0, Max: 0.0, Diff: 0.0, Sum: 0.2]
      [Object Copy (ms): Min: 12.5, Avg: 13.5, Max: 14.2, Diff: 1.7, Sum: 405.5]
      [Termination (ms): Min: 0.0, Avg: 0.1, Max: 0.2, Diff: 0.2, Sum: 3.8]
         [Termination Attempts: Min: 1, Avg: 9.7, Max: 14, Diff: 13, Sum: 290]
      [GC Worker Other (ms): Min: 0.0, Avg: 0.1, Max: 0.3, Diff: 0.2, Sum: 3.5]
      [GC Worker Total (ms): Min: 19.2, Avg: 19.7, Max: 20.2, Diff: 1.1, Sum: 591.6]
      [GC Worker End (ms): Min: 264864.2, Avg: 264864.4, Max: 264864.5, Diff: 0.3]
   [Code Root Fixup: 0.0 ms]
   [Code Root Purge: 0.0 ms]
   [Clear CT: 2.3 ms]
   [Other: 18.8 ms]
      [Choose CSet: 0.0 ms]
      [Ref Proc: 12.2 ms]
      [Ref Enq: 1.8 ms]
      [Redirty Cards: 2.9 ms]
      [Humongous Register: 0.3 ms]
      [Humongous Reclaim: 0.1 ms]
      [Free CSet: 1.2 ms]
   [Eden: 3936.0M(3936.0M)->0.0B(3960.0M) Survivors: 56.0M->44.0M Heap: 7011.1M(8192.0M)->3066.0M(8192.0M)]
 [Times: user=0.63 sys=0.00, real=0.04 secs]
2018-04-30T04:31:42.549+0200: 264.886: Total time for which application threads were stopped: 0.0427737 seconds, Stopping threads took: 0.0003973 seconds
2018-04-30T04:31:42.576+0200: 264.913: Application time: 0.0270486 seconds
2018-04-30T04:31:42.577+0200: 264.913: Total time for which application threads were stopped: 0.0008009 seconds, Stopping threads took: 0.0002962 seconds
2018-04-30T04:31:43.093+0200: 265.429: Application time: 0.5156716 seconds
2018-04-30T04:31:43.093+0200: 265.430: [GC pause (G1 Evacuation Pause) (young)
Desired survivor size 264241152 bytes, new threshold 15 (max 15)
- age   1:   17094656 bytes,   17094656 total
- age   2:    2136680 bytes,   19231336 total
- age   3:    1261360 bytes,   20492696 total
- age   4:    1294720 bytes,   21787416 total
- age   5:    1342184 bytes,   23129600 total
- age   6:    1337400 bytes,   24467000 total
- age   7:    1191048 bytes,   25658048 total
- age   8:    1185720 bytes,   26843768 total
- age   9:    1090704 bytes,   27934472 total
- age  10:    1194656 bytes,   29129128 total
- age  11:    1158664 bytes,   30287792 total
- age  12:    1931672 bytes,   32219464 total
- age  13:      58496 bytes,   32277960 total
- age  14:      65064 bytes,   32343024 total
- age  15:      56200 bytes,   32399224 total
, 0.0390169 secs]
   [Parallel Time: 19.9 ms, GC Workers: 30]
      [GC Worker Start (ms): Min: 265430.3, Avg: 265430.8, Max: 265431.4, Diff: 1.1]
      [Ext Root Scanning (ms): Min: 0.0, Avg: 0.5, Max: 1.3, Diff: 1.3, Sum: 16.4]
      [Update RS (ms): Min: 3.8, Avg: 4.7, Max: 5.9, Diff: 2.1, Sum: 142.3]
         [Processed Buffers: Min: 3, Avg: 4.7, Max: 10, Diff: 7, Sum: 142]
      [Scan RS (ms): Min: 0.0, Avg: 0.2, Max: 0.7, Diff: 0.6, Sum: 5.7]
      [Code Root Scanning (ms): Min: 0.0, Avg: 0.0, Max: 0.0, Diff: 0.0, Sum: 0.1]
      [Object Copy (ms): Min: 12.4, Avg: 13.4, Max: 14.0, Diff: 1.6, Sum: 403.3]
      [Termination (ms): Min: 0.0, Avg: 0.1, Max: 0.1, Diff: 0.1, Sum: 1.8]
         [Termination Attempts: Min: 1, Avg: 13.9, Max: 21, Diff: 20, Sum: 418]
      [GC Worker Other (ms): Min: 0.0, Avg: 0.2, Max: 0.3, Diff: 0.3, Sum: 4.8]
      [GC Worker Total (ms): Min: 18.6, Avg: 19.2, Max: 19.7, Diff: 1.1, Sum: 574.5]
      [GC Worker End (ms): Min: 265449.8, Avg: 265450.0, Max: 265450.1, Diff: 0.3]
   [Code Root Fixup: 0.0 ms]
   [Code Root Purge: 0.0 ms]
   [Clear CT: 2.0 ms]
   [Other: 17.1 ms]
      [Choose CSet: 0.0 ms]
      [Ref Proc: 11.3 ms]
      [Ref Enq: 1.5 ms]
      [Redirty Cards: 2.3 ms]
      [Humongous Register: 0.3 ms]
      [Humongous Reclaim: 0.1 ms]
      [Free CSet: 1.3 ms]
   [Eden: 3960.0M(3960.0M)->0.0B(3960.0M) Survivors: 44.0M->44.0M Heap: 7026.0M(8192.0M)->3065.3M(8192.0M)]
 [Times: user=0.60 sys=0.00, real=0.04 secs]
2018-04-30T04:31:43.133+0200: 265.469: Total time for which application threads were stopped: 0.0400165 seconds, Stopping threads took: 0.0002965 seconds
2018-04-30T04:31:43.145+0200: 265.481: Application time: 0.0123603 seconds
2018-04-30T04:31:43.146+0200: 265.482: Total time for which application threads were stopped: 0.0008003 seconds, Stopping threads took: 0.0002155 seconds
2018-04-30T04:31:43.664+0200: 266.000: Application time: 0.5176922 seconds
2018-04-30T04:31:43.665+0200: 266.001: [GC pause (G1 Evacuation Pause) (young)
Desired survivor size 264241152 bytes, new threshold 15 (max 15)
- age   1:   15788624 bytes,   15788624 total
- age   2:    1296936 bytes,   17085560 total
- age   3:    2132368 bytes,   19217928 total
- age   4:    1259632 bytes,   20477560 total
- age   5:    1293136 bytes,   21770696 total
- age   6:    1341224 bytes,   23111920 total
- age   7:    1336928 bytes,   24448848 total
- age   8:    1190080 bytes,   25638928 total
- age   9:    1185336 bytes,   26824264 total
- age  10:    1090448 bytes,   27914712 total
- age  11:    1194656 bytes,   29109368 total
- age  12:     564424 bytes,   29673792 total
- age  13:    1245040 bytes,   30918832 total
- age  14:      57856 bytes,   30976688 total
- age  15:      64808 bytes,   31041496 total
, 0.0417393 secs]
   [Parallel Time: 20.1 ms, GC Workers: 30]
      [GC Worker Start (ms): Min: 266001.5, Avg: 266002.1, Max: 266002.7, Diff: 1.2]
      [Ext Root Scanning (ms): Min: 0.0, Avg: 0.5, Max: 1.3, Diff: 1.3, Sum: 13.6]
      [Update RS (ms): Min: 3.3, Avg: 4.6, Max: 5.6, Diff: 2.3, Sum: 136.8]
         [Processed Buffers: Min: 2, Avg: 4.1, Max: 10, Diff: 8, Sum: 123]
      [Scan RS (ms): Min: 0.0, Avg: 0.2, Max: 0.6, Diff: 0.6, Sum: 5.0]
      [Code Root Scanning (ms): Min: 0.0, Avg: 0.0, Max: 0.1, Diff: 0.1, Sum: 0.2]
      [Object Copy (ms): Min: 12.6, Avg: 13.6, Max: 14.9, Diff: 2.3, Sum: 406.9]
      [Termination (ms): Min: 0.0, Avg: 0.1, Max: 0.1, Diff: 0.1, Sum: 2.7]
         [Termination Attempts: Min: 1, Avg: 25.5, Max: 34, Diff: 33, Sum: 766]
      [GC Worker Other (ms): Min: 0.0, Avg: 0.2, Max: 0.3, Diff: 0.3, Sum: 5.1]
      [GC Worker Total (ms): Min: 18.4, Avg: 19.0, Max: 19.7, Diff: 1.4, Sum: 570.2]
      [GC Worker End (ms): Min: 266021.0, Avg: 266021.1, Max: 266021.3, Diff: 0.3]
   [Code Root Fixup: 0.0 ms]
   [Code Root Purge: 0.0 ms]
   [Clear CT: 2.6 ms]
   [Other: 19.0 ms]
      [Choose CSet: 0.0 ms]
      [Ref Proc: 12.4 ms]
      [Ref Enq: 1.9 ms]
      [Redirty Cards: 2.8 ms]
      [Humongous Register: 0.3 ms]
      [Humongous Reclaim: 0.1 ms]
      [Free CSet: 1.3 ms]
   [Eden: 3960.0M(3960.0M)->0.0B(3960.0M) Survivors: 44.0M->44.0M Heap: 7025.3M(8192.0M)->3066.2M(8192.0M)]
 [Times: user=0.59 sys=0.01, real=0.04 secs]
2018-04-30T04:31:43.707+0200: 266.043: Total time for which application threads were stopped: 0.0430433 seconds, Stopping threads took: 0.0004989 seconds
2018-04-30T04:31:44.229+0200: 266.566: Application time: 0.5226474 seconds
2018-04-30T04:31:44.230+0200: 266.567: [GC pause (G1 Evacuation Pause) (young)
Desired survivor size 264241152 bytes, new threshold 15 (max 15)
- age   1:   17247008 bytes,   17247008 total
- age   2:    1445744 bytes,   18692752 total
- age   3:    1292928 bytes,   19985680 total
- age   4:    2131168 bytes,   22116848 total
- age   5:    1258280 bytes,   23375128 total
- age   6:    1292616 bytes,   24667744 total
- age   7:    1340648 bytes,   26008392 total
- age   8:    1336216 bytes,   27344608 total
- age   9:    1189440 bytes,   28534048 total
- age  10:    1185272 bytes,   29719320 total
- age  11:    1090184 bytes,   30809504 total
- age  12:     433816 bytes,   31243320 total
- age  13:      44224 bytes,   31287544 total
- age  14:    1244464 bytes,   32532008 total
- age  15:      57600 bytes,   32589608 total
, 0.0396479 secs]
   [Parallel Time: 20.8 ms, GC Workers: 30]
      [GC Worker Start (ms): Min: 266567.0, Avg: 266567.4, Max: 266567.8, Diff: 0.8]
      [Ext Root Scanning (ms): Min: 0.1, Avg: 0.6, Max: 1.4, Diff: 1.3, Sum: 17.6]
      [Update RS (ms): Min: 3.2, Avg: 4.1, Max: 5.5, Diff: 2.3, Sum: 124.3]
         [Processed Buffers: Min: 2, Avg: 3.8, Max: 12, Diff: 10, Sum: 113]
      [Scan RS (ms): Min: 0.0, Avg: 0.2, Max: 0.6, Diff: 0.5, Sum: 5.8]
      [Code Root Scanning (ms): Min: 0.0, Avg: 0.0, Max: 0.0, Diff: 0.0, Sum: 0.2]
      [Object Copy (ms): Min: 13.5, Avg: 14.7, Max: 15.4, Diff: 1.9, Sum: 441.3]
      [Termination (ms): Min: 0.0, Avg: 0.2, Max: 0.2, Diff: 0.2, Sum: 5.7]
         [Termination Attempts: Min: 1, Avg: 53.7, Max: 63, Diff: 62, Sum: 1611]
      [GC Worker Other (ms): Min: 0.0, Avg: 0.2, Max: 0.3, Diff: 0.3, Sum: 5.1]
      [GC Worker Total (ms): Min: 19.5, Avg: 20.0, Max: 20.4, Diff: 0.9, Sum: 600.0]
      [GC Worker End (ms): Min: 266587.2, Avg: 266587.4, Max: 266587.5, Diff: 0.3]
   [Code Root Fixup: 0.0 ms]
   [Code Root Purge: 0.0 ms]
   [Clear CT: 1.8 ms]
   [Other: 17.0 ms]
      [Choose CSet: 0.0 ms]
      [Ref Proc: 11.1 ms]
      [Ref Enq: 1.8 ms]
      [Redirty Cards: 2.2 ms]
      [Humongous Register: 0.3 ms]
      [Humongous Reclaim: 0.1 ms]
      [Free CSet: 1.2 ms]
   [Eden: 3960.0M(3960.0M)->0.0B(3960.0M) Survivors: 44.0M->44.0M Heap: 7026.2M(8192.0M)->3063.5M(8192.0M)]
 [Times: user=0.61 sys=0.01, real=0.04 secs]
2018-04-30T04:31:44.270+0200: 266.606: Total time for which application threads were stopped: 0.0408055 seconds, Stopping threads took: 0.0003846 seconds
2018-04-30T04:31:44.776+0200: 267.112: Application time: 0.5057384 seconds
2018-04-30T04:31:44.777+0200: 267.113: [GC pause (G1 Evacuation Pause) (young)
Desired survivor size 264241152 bytes, new threshold 15 (max 15)
- age   1:   14488472 bytes,   14488472 total
- age   2:    1347864 bytes,   15836336 total
- age   3:    1441280 bytes,   17277616 total
- age   4:    1290392 bytes,   18568008 total
- age   5:    2130464 bytes,   20698472 total
- age   6:    1257360 bytes,   21955832 total
- age   7:    1292168 bytes,   23248000 total
- age   8:    1340264 bytes,   24588264 total
- age   9:    1335768 bytes,   25924032 total
- age  10:    1189248 bytes,   27113280 total
- age  11:    1184360 bytes,   28297640 total
- age  12:     248072 bytes,   28545712 total
- age  13:      43088 bytes,   28588800 total
- age  14:      44160 bytes,   28632960 total
- age  15:    1244328 bytes,   29877288 total
, 0.0399138 secs]
   [Parallel Time: 19.4 ms, GC Workers: 30]
      [GC Worker Start (ms): Min: 267113.6, Avg: 267114.0, Max: 267114.4, Diff: 0.8]
      [Ext Root Scanning (ms): Min: 0.1, Avg: 0.6, Max: 1.4, Diff: 1.2, Sum: 17.3]
      [Update RS (ms): Min: 3.3, Avg: 4.0, Max: 5.0, Diff: 1.7, Sum: 119.2]
         [Processed Buffers: Min: 3, Avg: 4.0, Max: 9, Diff: 6, Sum: 119]
      [Scan RS (ms): Min: 0.0, Avg: 0.2, Max: 0.6, Diff: 0.6, Sum: 5.5]
      [Code Root Scanning (ms): Min: 0.0, Avg: 0.0, Max: 0.1, Diff: 0.1, Sum: 0.2]
      [Object Copy (ms): Min: 12.7, Avg: 13.5, Max: 13.9, Diff: 1.3, Sum: 406.3]
      [Termination (ms): Min: 0.0, Avg: 0.1, Max: 0.1, Diff: 0.1, Sum: 3.1]
         [Termination Attempts: Min: 1, Avg: 25.5, Max: 33, Diff: 32, Sum: 766]
      [GC Worker Other (ms): Min: 0.0, Avg: 0.2, Max: 0.3, Diff: 0.3, Sum: 5.0]
      [GC Worker Total (ms): Min: 18.0, Avg: 18.6, Max: 19.0, Diff: 1.0, Sum: 556.6]
      [GC Worker End (ms): Min: 267132.4, Avg: 267132.6, Max: 267132.7, Diff: 0.3]
   [Code Root Fixup: 0.0 ms]
   [Code Root Purge: 0.0 ms]
   [Clear CT: 2.8 ms]
   [Other: 17.8 ms]
      [Choose CSet: 0.0 ms]
      [Ref Proc: 11.7 ms]
      [Ref Enq: 1.7 ms]
      [Redirty Cards: 2.4 ms]
      [Humongous Register: 0.3 ms]
      [Humongous Reclaim: 0.1 ms]
      [Free CSet: 1.3 ms]
   [Eden: 3960.0M(3960.0M)->0.0B(3960.0M) Survivors: 44.0M->44.0M Heap: 7023.5M(8192.0M)->3067.4M(8192.0M)]
 [Times: user=0.58 sys=0.00, real=0.04 secs]
2018-04-30T04:31:44.817+0200: 267.153: Total time for which application threads were stopped: 0.0411995 seconds, Stopping threads took: 0.0004919 seconds
2018-04-30T04:31:45.319+0200: 267.655: Application time: 0.5015288 seconds
2018-04-30T04:31:45.319+0200: 267.656: [GC pause (G1 Evacuation Pause) (young)
Desired survivor size 264241152 bytes, new threshold 15 (max 15)
- age   1:   17615144 bytes,   17615144 total
- age   2:    1267200 bytes,   18882344 total
- age   3:    1315224 bytes,   20197568 total
- age   4:    1314656 bytes,   21512224 total
- age   5:    1288536 bytes,   22800760 total
- age   6:    2129480 bytes,   24930240 total
- age   7:    1256528 bytes,   26186768 total
- age   8:    1291912 bytes,   27478680 total
- age   9:    1339624 bytes,   28818304 total
- age  10:    1335360 bytes,   30153664 total
- age  11:    1187960 bytes,   31341624 total
- age  12:      86504 bytes,   31428128 total
- age  13:      41488 bytes,   31469616 total
- age  14:      43024 bytes,   31512640 total
- age  15:      44096 bytes,   31556736 total
, 0.0346110 secs]
   [Parallel Time: 16.1 ms, GC Workers: 30]
      [GC Worker Start (ms): Min: 267656.2, Avg: 267656.6, Max: 267657.2, Diff: 0.9]
      [Ext Root Scanning (ms): Min: 0.0, Avg: 0.5, Max: 1.4, Diff: 1.4, Sum: 15.4]
      [Update RS (ms): Min: 3.4, Avg: 4.4, Max: 5.8, Diff: 2.3, Sum: 133.1]
         [Processed Buffers: Min: 3, Avg: 3.8, Max: 8, Diff: 5, Sum: 113]
      [Scan RS (ms): Min: 0.0, Avg: 0.2, Max: 0.7, Diff: 0.6, Sum: 5.1]
      [Code Root Scanning (ms): Min: 0.0, Avg: 0.0, Max: 0.0, Diff: 0.0, Sum: 0.2]
      [Object Copy (ms): Min: 9.0, Avg: 10.2, Max: 10.7, Diff: 1.7, Sum: 306.5]
      [Termination (ms): Min: 0.0, Avg: 0.1, Max: 0.1, Diff: 0.1, Sum: 1.6]
         [Termination Attempts: Min: 1, Avg: 16.4, Max: 24, Diff: 23, Sum: 491]
      [GC Worker Other (ms): Min: 0.0, Avg: 0.1, Max: 0.3, Diff: 0.3, Sum: 4.2]
      [GC Worker Total (ms): Min: 15.0, Avg: 15.5, Max: 16.0, Diff: 1.0, Sum: 465.9]
      [GC Worker End (ms): Min: 267672.0, Avg: 267672.1, Max: 267672.3, Diff: 0.3]
   [Code Root Fixup: 0.0 ms]
   [Code Root Purge: 0.0 ms]
   [Clear CT: 1.9 ms]
   [Other: 16.6 ms]
      [Choose CSet: 0.0 ms]
      [Ref Proc: 10.3 ms]
      [Ref Enq: 1.3 ms]
      [Redirty Cards: 2.9 ms]
      [Humongous Register: 0.3 ms]
      [Humongous Reclaim: 0.1 ms]
      [Free CSet: 1.4 ms]
   [Eden: 3960.0M(3960.0M)->0.0B(3960.0M) Survivors: 44.0M->44.0M Heap: 7027.4M(8192.0M)->3065.7M(8192.0M)]
 [Times: user=0.50 sys=0.00, real=0.04 secs]
2018-04-30T04:31:45.354+0200: 267.691: Total time for which application threads were stopped: 0.0357987 seconds, Stopping threads took: 0.0003883 seconds
2018-04-30T04:31:45.387+0200: 267.724: Application time: 0.0331297 seconds
2018-04-30T04:31:45.388+0200: 267.725: Total time for which application threads were stopped: 0.0008318 seconds, Stopping threads took: 0.0002645 seconds
2018-04-30T04:31:45.846+0200: 268.183: Application time: 0.4580302 seconds
2018-04-30T04:31:45.847+0200: 268.183: [GC pause (G1 Evacuation Pause) (young)
Desired survivor size 264241152 bytes, new threshold 15 (max 15)
- age   1:   14052256 bytes,   14052256 total
- age   2:    1589376 bytes,   15641632 total
- age   3:    1262984 bytes,   16904616 total
- age   4:    1310928 bytes,   18215544 total
- age   5:    1313056 bytes,   19528600 total
- age   6:    1287744 bytes,   20816344 total
- age   7:    2128648 bytes,   22944992 total
- age   8:    1256064 bytes,   24201056 total
- age   9:    1291520 bytes,   25492576 total
- age  10:    1338840 bytes,   26831416 total
- age  11:    1260640 bytes,   28092056 total
- age  12:      40880 bytes,   28132936 total
- age  13:      41016 bytes,   28173952 total
- age  14:      41392 bytes,   28215344 total
- age  15:      43024 bytes,   28258368 total
, 0.0345038 secs]
   [Parallel Time: 15.0 ms, GC Workers: 30]
      [GC Worker Start (ms): Min: 268183.9, Avg: 268184.3, Max: 268184.9, Diff: 1.0]
      [Ext Root Scanning (ms): Min: 0.0, Avg: 0.6, Max: 1.4, Diff: 1.4, Sum: 16.9]
      [Update RS (ms): Min: 3.3, Avg: 4.3, Max: 5.3, Diff: 2.0, Sum: 130.4]
         [Processed Buffers: Min: 2, Avg: 3.6, Max: 8, Diff: 6, Sum: 107]
      [Scan RS (ms): Min: 0.0, Avg: 0.2, Max: 0.6, Diff: 0.5, Sum: 5.4]
      [Code Root Scanning (ms): Min: 0.0, Avg: 0.0, Max: 0.1, Diff: 0.1, Sum: 0.1]
      [Object Copy (ms): Min: 8.2, Avg: 9.0, Max: 9.6, Diff: 1.5, Sum: 270.5]
      [Termination (ms): Min: 0.0, Avg: 0.0, Max: 0.1, Diff: 0.0, Sum: 1.1]
         [Termination Attempts: Min: 1, Avg: 10.4, Max: 18, Diff: 17, Sum: 313]
      [GC Worker Other (ms): Min: 0.0, Avg: 0.2, Max: 0.3, Diff: 0.3, Sum: 4.8]
      [GC Worker Total (ms): Min: 13.8, Avg: 14.3, Max: 14.8, Diff: 1.1, Sum: 429.3]
      [GC Worker End (ms): Min: 268198.5, Avg: 268198.6, Max: 268198.8, Diff: 0.3]
   [Code Root Fixup: 0.0 ms]
   [Code Root Purge: 0.0 ms]
   [Clear CT: 2.8 ms]
   [Other: 16.7 ms]
      [Choose CSet: 0.0 ms]
      [Ref Proc: 10.4 ms]
      [Ref Enq: 1.5 ms]
      [Redirty Cards: 2.8 ms]
      [Humongous Register: 0.3 ms]
      [Humongous Reclaim: 0.1 ms]
      [Free CSet: 1.3 ms]
   [Eden: 3960.0M(3960.0M)->0.0B(3952.0M) Survivors: 44.0M->48.0M Heap: 7025.7M(8192.0M)->3069.7M(8192.0M)]
 [Times: user=0.45 sys=0.01, real=0.03 secs]
2018-04-30T04:31:45.882+0200: 268.218: Total time for which application threads were stopped: 0.0354994 seconds, Stopping threads took: 0.0002354 seconds
2018-04-30T04:31:46.373+0200: 268.709: Application time: 0.4911067 seconds
2018-04-30T04:31:46.374+0200: 268.710: [GC pause (G1 Evacuation Pause) (young)
Desired survivor size 262144000 bytes, new threshold 15 (max 15)
- age   1:   16193064 bytes,   16193064 total
- age   2:    1319720 bytes,   17512784 total
- age   3:    1584248 bytes,   19097032 total
- age   4:    1261272 bytes,   20358304 total
- age   5:    1308616 bytes,   21666920 total
- age   6:    1311840 bytes,   22978760 total
- age   7:    1286648 bytes,   24265408 total
- age   8:    2128192 bytes,   26393600 total
- age   9:    1255552 bytes,   27649152 total
- age  10:    1291328 bytes,   28940480 total
- age  11:    1202656 bytes,   30143136 total
- age  12:     142600 bytes,   30285736 total
- age  13:      40816 bytes,   30326552 total
- age  14:      41016 bytes,   30367568 total
- age  15:      41264 bytes,   30408832 total
, 0.0342219 secs]
   [Parallel Time: 14.8 ms, GC Workers: 30]
      [GC Worker Start (ms): Min: 268710.8, Avg: 268711.3, Max: 268711.8, Diff: 1.0]
      [Ext Root Scanning (ms): Min: 0.1, Avg: 0.5, Max: 1.4, Diff: 1.3, Sum: 16.1]
      [Update RS (ms): Min: 3.2, Avg: 4.1, Max: 5.4, Diff: 2.2, Sum: 123.4]
         [Processed Buffers: Min: 2, Avg: 3.7, Max: 9, Diff: 7, Sum: 110]
      [Scan RS (ms): Min: 0.0, Avg: 0.2, Max: 0.6, Diff: 0.5, Sum: 5.3]
      [Code Root Scanning (ms): Min: 0.0, Avg: 0.0, Max: 0.1, Diff: 0.1, Sum: 0.2]
      [Object Copy (ms): Min: 7.6, Avg: 8.8, Max: 9.4, Diff: 1.8, Sum: 265.0]
      [Termination (ms): Min: 0.0, Avg: 0.0, Max: 0.1, Diff: 0.1, Sum: 1.1]
         [Termination Attempts: Min: 1, Avg: 12.5, Max: 20, Diff: 19, Sum: 376]
      [GC Worker Other (ms): Min: 0.0, Avg: 0.2, Max: 0.3, Diff: 0.3, Sum: 4.5]
      [GC Worker Total (ms): Min: 13.4, Avg: 13.9, Max: 14.5, Diff: 1.1, Sum: 415.6]
      [GC Worker End (ms): Min: 268725.1, Avg: 268725.2, Max: 268725.4, Diff: 0.3]
   [Code Root Fixup: 0.0 ms]
   [Code Root Purge: 0.0 ms]
   [Clear CT: 1.9 ms]
   [Other: 17.5 ms]
      [Choose CSet: 0.0 ms]
      [Ref Proc: 11.0 ms]
      [Ref Enq: 1.6 ms]
      [Redirty Cards: 3.0 ms]
      [Humongous Register: 0.3 ms]
      [Humongous Reclaim: 0.1 ms]
      [Free CSet: 1.3 ms]
   [Eden: 3952.0M(3952.0M)->0.0B(3960.0M) Survivors: 48.0M->44.0M Heap: 7021.7M(8192.0M)->3067.7M(8192.0M)]
 [Times: user=0.45 sys=0.00, real=0.03 secs]
2018-04-30T04:31:46.409+0200: 268.745: Total time for which application threads were stopped: 0.0355160 seconds, Stopping threads took: 0.0005488 seconds
2018-04-30T04:31:46.889+0200: 269.225: Application time: 0.4801466 seconds
2018-04-30T04:31:46.889+0200: 269.226: [GC pause (G1 Evacuation Pause) (young)
Desired survivor size 264241152 bytes, new threshold 15 (max 15)
- age   1:   15471480 bytes,   15471480 total
- age   2:    1408192 bytes,   16879672 total
- age   3:    1314448 bytes,   18194120 total
- age   4:    1581712 bytes,   19775832 total
- age   5:    1260144 bytes,   21035976 total
- age   6:    1307144 bytes,   22343120 total
- age   7:    1310544 bytes,   23653664 total
- age   8:    1286256 bytes,   24939920 total
- age   9:    2127864 bytes,   27067784 total
- age  10:    1254840 bytes,   28322624 total
- age  11:    1050072 bytes,   29372696 total
- age  12:     160368 bytes,   29533064 total
- age  13:     142200 bytes,   29675264 total
- age  14:      40624 bytes,   29715888 total
- age  15:      40888 bytes,   29756776 total
, 0.0352117 secs]
   [Parallel Time: 16.6 ms, GC Workers: 30]
      [GC Worker Start (ms): Min: 269226.2, Avg: 269226.7, Max: 269227.2, Diff: 1.0]
      [Ext Root Scanning (ms): Min: 0.0, Avg: 0.5, Max: 1.3, Diff: 1.3, Sum: 15.3]
      [Update RS (ms): Min: 3.1, Avg: 4.0, Max: 4.9, Diff: 1.8, Sum: 121.2]
         [Processed Buffers: Min: 2, Avg: 3.6, Max: 8, Diff: 6, Sum: 107]
      [Scan RS (ms): Min: 0.0, Avg: 0.2, Max: 0.6, Diff: 0.6, Sum: 5.6]
      [Code Root Scanning (ms): Min: 0.0, Avg: 0.0, Max: 0.1, Diff: 0.1, Sum: 0.2]
      [Object Copy (ms): Min: 10.1, Avg: 10.8, Max: 11.4, Diff: 1.3, Sum: 325.0]
      [Termination (ms): Min: 0.0, Avg: 0.1, Max: 0.2, Diff: 0.2, Sum: 3.7]
         [Termination Attempts: Min: 2, Avg: 45.9, Max: 56, Diff: 54, Sum: 1378]
      [GC Worker Other (ms): Min: 0.0, Avg: 0.1, Max: 0.3, Diff: 0.3, Sum: 4.4]
      [GC Worker Total (ms): Min: 15.2, Avg: 15.8, Max: 16.4, Diff: 1.1, Sum: 475.3]
      [GC Worker End (ms): Min: 269242.4, Avg: 269242.5, Max: 269242.7, Diff: 0.3]
   [Code Root Fixup: 0.0 ms]
   [Code Root Purge: 0.0 ms]
   [Clear CT: 2.7 ms]
   [Other: 15.9 ms]
      [Choose CSet: 0.0 ms]
      [Ref Proc: 10.2 ms]
      [Ref Enq: 1.4 ms]
      [Redirty Cards: 2.5 ms]
      [Humongous Register: 0.3 ms]
      [Humongous Reclaim: 0.1 ms]
      [Free CSet: 1.3 ms]
   [Eden: 3960.0M(3960.0M)->0.0B(3960.0M) Survivors: 44.0M->44.0M Heap: 7027.7M(8192.0M)->3065.8M(8192.0M)]
 [Times: user=0.50 sys=0.00, real=0.04 secs]
2018-04-30T04:31:46.925+0200: 269.261: Total time for which application threads were stopped: 0.0362264 seconds, Stopping threads took: 0.0002622 seconds
2018-04-30T04:31:46.964+0200: 269.300: Application time: 0.0390066 seconds
2018-04-30T04:31:46.965+0200: 269.301: Total time for which application threads were stopped: 0.0006183 seconds, Stopping threads took: 0.0002221 seconds
2018-04-30T04:31:47.399+0200: 269.735: Application time: 0.4345224 seconds
2018-04-30T04:31:47.401+0200: 269.737: [GC pause (G1 Evacuation Pause) (young)
Desired survivor size 264241152 bytes, new threshold 15 (max 15)
- age   1:   12937416 bytes,   12937416 total
- age   2:    1343456 bytes,   14280872 total
- age   3:    1402168 bytes,   15683040 total
- age   4:    1312784 bytes,   16995824 total
- age   5:    1580936 bytes,   18576760 total
- age   6:    1258544 bytes,   19835304 total
- age   7:    1306376 bytes,   21141680 total
- age   8:    1309424 bytes,   22451104 total
- age   9:    1286000 bytes,   23737104 total
- age  10:    2127216 bytes,   25864320 total
- age  11:    1020248 bytes,   26884568 total
- age  12:      34088 bytes,   26918656 total
- age  13:     160304 bytes,   27078960 total
- age  14:     142072 bytes,   27221032 total
- age  15:      40624 bytes,   27261656 total
, 0.0341847 secs]
   [Parallel Time: 14.6 ms, GC Workers: 30]
      [GC Worker Start (ms): Min: 269737.4, Avg: 269738.0, Max: 269738.6, Diff: 1.2]
      [Ext Root Scanning (ms): Min: 0.0, Avg: 0.5, Max: 1.3, Diff: 1.3, Sum: 16.0]
      [Update RS (ms): Min: 3.1, Avg: 3.9, Max: 4.9, Diff: 1.8, Sum: 116.3]
         [Processed Buffers: Min: 2, Avg: 3.6, Max: 9, Diff: 7, Sum: 109]
      [Scan RS (ms): Min: 0.0, Avg: 0.2, Max: 0.7, Diff: 0.7, Sum: 5.4]
      [Code Root Scanning (ms): Min: 0.0, Avg: 0.0, Max: 0.1, Diff: 0.1, Sum: 0.2]
      [Object Copy (ms): Min: 8.0, Avg: 8.8, Max: 9.2, Diff: 1.3, Sum: 265.2]
      [Termination (ms): Min: 0.0, Avg: 0.1, Max: 0.1, Diff: 0.1, Sum: 2.4]
         [Termination Attempts: Min: 1, Avg: 13.6, Max: 18, Diff: 17, Sum: 408]
      [GC Worker Other (ms): Min: 0.0, Avg: 0.2, Max: 0.4, Diff: 0.3, Sum: 5.2]
      [GC Worker Total (ms): Min: 13.0, Avg: 13.7, Max: 14.5, Diff: 1.5, Sum: 410.8]
      [GC Worker End (ms): Min: 269751.6, Avg: 269751.7, Max: 269751.9, Diff: 0.3]
   [Code Root Fixup: 0.0 ms]
   [Code Root Purge: 0.0 ms]
   [Clear CT: 2.3 ms]
   [Other: 17.2 ms]
      [Choose CSet: 0.0 ms]
      [Ref Proc: 11.0 ms]
      [Ref Enq: 1.5 ms]
      [Redirty Cards: 2.8 ms]
      [Humongous Register: 0.3 ms]
      [Humongous Reclaim: 0.1 ms]
      [Free CSet: 1.3 ms]
   [Eden: 3960.0M(3960.0M)->0.0B(3960.0M) Survivors: 44.0M->44.0M Heap: 7025.8M(8192.0M)->3067.5M(8192.0M)]
 [Times: user=0.43 sys=0.01, real=0.04 secs]
2018-04-30T04:31:47.435+0200: 269.771: Total time for which application threads were stopped: 0.0360301 seconds, Stopping threads took: 0.0011402 seconds
2018-04-30T04:31:47.908+0200: 270.245: Application time: 0.4732723 seconds
2018-04-30T04:31:47.909+0200: 270.246: [GC pause (G1 Evacuation Pause) (young)
Desired survivor size 264241152 bytes, new threshold 15 (max 15)
- age   1:   13897688 bytes,   13897688 total
- age   2:    1279904 bytes,   15177592 total
- age   3:    1312888 bytes,   16490480 total
- age   4:    1272176 bytes,   17762656 total
- age   5:    1293744 bytes,   19056400 total
- age   6:    1327320 bytes,   20383720 total
- age   7:    1258160 bytes,   21641880 total
- age   8:    1305664 bytes,   22947544 total
- age   9:    1308784 bytes,   24256328 total
- age  10:    1285672 bytes,   25542000 total
- age  11:    1876648 bytes,   27418648 total
- age  12:      22352 bytes,   27441000 total
- age  13:      34088 bytes,   27475088 total
- age  14:     160240 bytes,   27635328 total
- age  15:     142072 bytes,   27777400 total
, 0.0336970 secs]
   [Parallel Time: 16.1 ms, GC Workers: 30]
      [GC Worker Start (ms): Min: 270246.1, Avg: 270246.5, Max: 270247.0, Diff: 0.9]
      [Ext Root Scanning (ms): Min: 0.1, Avg: 0.5, Max: 1.4, Diff: 1.3, Sum: 16.3]
      [Update RS (ms): Min: 3.1, Avg: 4.0, Max: 4.9, Diff: 1.8, Sum: 120.4]
         [Processed Buffers: Min: 2, Avg: 3.5, Max: 7, Diff: 5, Sum: 106]
      [Scan RS (ms): Min: 0.0, Avg: 0.2, Max: 0.6, Diff: 0.6, Sum: 5.5]
      [Code Root Scanning (ms): Min: 0.0, Avg: 0.0, Max: 0.1, Diff: 0.1, Sum: 0.1]
      [Object Copy (ms): Min: 9.8, Avg: 10.4, Max: 10.9, Diff: 1.2, Sum: 312.9]
      [Termination (ms): Min: 0.0, Avg: 0.1, Max: 0.1, Diff: 0.1, Sum: 2.8]
         [Termination Attempts: Min: 1, Avg: 25.8, Max: 33, Diff: 32, Sum: 775]
      [GC Worker Other (ms): Min: 0.0, Avg: 0.2, Max: 0.3, Diff: 0.3, Sum: 4.7]
      [GC Worker Total (ms): Min: 14.9, Avg: 15.4, Max: 15.8, Diff: 0.9, Sum: 462.8]
      [GC Worker End (ms): Min: 270261.8, Avg: 270262.0, Max: 270262.1, Diff: 0.3]
   [Code Root Fixup: 0.0 ms]
   [Code Root Purge: 0.0 ms]
   [Clear CT: 1.6 ms]
   [Other: 16.0 ms]
      [Choose CSet: 0.0 ms]
      [Ref Proc: 10.3 ms]
      [Ref Enq: 1.4 ms]
      [Redirty Cards: 2.4 ms]
      [Humongous Register: 0.3 ms]
      [Humongous Reclaim: 0.1 ms]
      [Free CSet: 1.2 ms]
   [Eden: 3960.0M(3960.0M)->0.0B(3960.0M) Survivors: 44.0M->44.0M Heap: 7027.5M(8192.0M)->3065.9M(8192.0M)]
 [Times: user=0.48 sys=0.00, real=0.03 secs]
2018-04-30T04:31:47.943+0200: 270.280: Total time for which application threads were stopped: 0.0348947 seconds, Stopping threads took: 0.0004052 seconds
2018-04-30T04:31:47.949+0200: 270.285: Application time: 0.0053656 seconds
2018-04-30T04:31:47.949+0200: 270.286: Total time for which application threads were stopped: 0.0008536 seconds, Stopping threads took: 0.0003263 seconds
2018-04-30T04:31:48.431+0200: 270.767: Application time: 0.4814013 seconds
2018-04-30T04:31:48.432+0200: 270.768: [GC pause (G1 Evacuation Pause) (young)
Desired survivor size 264241152 bytes, new threshold 15 (max 15)
- age   1:   11571664 bytes,   11571664 total
- age   2:    1739912 bytes,   13311576 total
- age   3:    1271664 bytes,   14583240 total
- age   4:    1308400 bytes,   15891640 total
- age   5:    1270472 bytes,   17162112 total
- age   6:    1291368 bytes,   18453480 total
- age   7:    1324952 bytes,   19778432 total
- age   8:    1257968 bytes,   21036400 total
- age   9:    1305152 bytes,   22341552 total
- age  10:    1308528 bytes,   23650080 total
- age  11:     954584 bytes,   24604664 total
- age  12:     923368 bytes,   25528032 total
- age  13:      22352 bytes,   25550384 total
- age  14:      34088 bytes,   25584472 total
- age  15:     160176 bytes,   25744648 total
, 0.0344136 secs]
   [Parallel Time: 14.3 ms, GC Workers: 30]
      [GC Worker Start (ms): Min: 270768.7, Avg: 270769.3, Max: 270769.9, Diff: 1.1]
      [Ext Root Scanning (ms): Min: 0.0, Avg: 0.5, Max: 1.4, Diff: 1.4, Sum: 14.7]
      [Update RS (ms): Min: 3.2, Avg: 4.0, Max: 4.9, Diff: 1.6, Sum: 120.0]
         [Processed Buffers: Min: 2, Avg: 3.7, Max: 8, Diff: 6, Sum: 110]
      [Scan RS (ms): Min: 0.0, Avg: 0.2, Max: 0.6, Diff: 0.6, Sum: 5.2]
      [Code Root Scanning (ms): Min: 0.0, Avg: 0.0, Max: 0.0, Diff: 0.0, Sum: 0.1]
      [Object Copy (ms): Min: 7.8, Avg: 8.6, Max: 9.0, Diff: 1.2, Sum: 256.7]
      [Termination (ms): Min: 0.0, Avg: 0.0, Max: 0.0, Diff: 0.0, Sum: 0.3]
         [Termination Attempts: Min: 1, Avg: 1.0, Max: 1, Diff: 0, Sum: 30]
      [GC Worker Other (ms): Min: 0.0, Avg: 0.2, Max: 0.3, Diff: 0.3, Sum: 4.7]
      [GC Worker Total (ms): Min: 12.8, Avg: 13.4, Max: 14.0, Diff: 1.3, Sum: 401.8]
      [GC Worker End (ms): Min: 270782.6, Avg: 270782.7, Max: 270782.9, Diff: 0.3]
   [Code Root Fixup: 0.0 ms]
   [Code Root Purge: 0.0 ms]
   [Clear CT: 2.0 ms]
   [Other: 18.1 ms]
      [Choose CSet: 0.0 ms]
      [Ref Proc: 12.3 ms]
      [Ref Enq: 1.6 ms]
      [Redirty Cards: 2.4 ms]
      [Humongous Register: 0.3 ms]
      [Humongous Reclaim: 0.1 ms]
      [Free CSet: 1.2 ms]
   [Eden: 3960.0M(3960.0M)->0.0B(3940.0M) Survivors: 44.0M->52.0M Heap: 7025.9M(8192.0M)->3074.0M(8192.0M)]
 [Times: user=0.45 sys=0.01, real=0.03 secs]
2018-04-30T04:31:48.467+0200: 270.803: Total time for which application threads were stopped: 0.0356835 seconds, Stopping threads took: 0.0004256 seconds
2018-04-30T04:31:48.941+0200: 271.277: Application time: 0.4740238 seconds
2018-04-30T04:31:48.941+0200: 271.278: [GC pause (G1 Evacuation Pause) (young)
Desired survivor size 262144000 bytes, new threshold 15 (max 15)
- age   1:   15594664 bytes,   15594664 total
- age   2:    1328440 bytes,   16923104 total
- age   3:    1736048 bytes,   18659152 total
- age   4:    1269408 bytes,   19928560 total
- age   5:    1307088 bytes,   21235648 total
- age   6:    1269248 bytes,   22504896 total
- age   7:    1290920 bytes,   23795816 total
- age   8:    1324824 bytes,   25120640 total
- age   9:    1257776 bytes,   26378416 total
- age  10:    1305024 bytes,   27683440 total
- age  11:     947792 bytes,   28631232 total
- age  12:      38560 bytes,   28669792 total
- age  13:     923368 bytes,   29593160 total
- age  14:      22288 bytes,   29615448 total
- age  15:      34088 bytes,   29649536 total
, 0.0318398 secs]
   [Parallel Time: 13.5 ms, GC Workers: 30]
      [GC Worker Start (ms): Min: 271278.2, Avg: 271278.7, Max: 271279.1, Diff: 0.9]
      [Ext Root Scanning (ms): Min: 0.0, Avg: 0.5, Max: 1.3, Diff: 1.3, Sum: 14.3]
      [Update RS (ms): Min: 3.3, Avg: 4.1, Max: 5.7, Diff: 2.4, Sum: 123.4]
         [Processed Buffers: Min: 2, Avg: 3.8, Max: 15, Diff: 13, Sum: 113]
      [Scan RS (ms): Min: 0.0, Avg: 0.2, Max: 0.6, Diff: 0.5, Sum: 5.6]
      [Code Root Scanning (ms): Min: 0.0, Avg: 0.0, Max: 0.0, Diff: 0.0, Sum: 0.1]
      [Object Copy (ms): Min: 6.2, Avg: 7.7, Max: 8.1, Diff: 1.9, Sum: 231.1]
      [Termination (ms): Min: 0.0, Avg: 0.1, Max: 0.1, Diff: 0.1, Sum: 1.7]
         [Termination Attempts: Min: 1, Avg: 8.8, Max: 12, Diff: 11, Sum: 263]
      [GC Worker Other (ms): Min: 0.0, Avg: 0.2, Max: 0.3, Diff: 0.3, Sum: 4.6]
      [GC Worker Total (ms): Min: 12.1, Avg: 12.7, Max: 13.2, Diff: 1.1, Sum: 380.8]
      [GC Worker End (ms): Min: 271291.3, Avg: 271291.4, Max: 271291.6, Diff: 0.3]
   [Code Root Fixup: 0.0 ms]
   [Code Root Purge: 0.0 ms]
   [Clear CT: 1.9 ms]
   [Other: 16.4 ms]
      [Choose CSet: 0.0 ms]
      [Ref Proc: 10.6 ms]
      [Ref Enq: 1.4 ms]
      [Redirty Cards: 2.6 ms]
      [Humongous Register: 0.3 ms]
      [Humongous Reclaim: 0.1 ms]
      [Free CSet: 1.2 ms]
   [Eden: 3940.0M(3940.0M)->0.0B(3964.0M) Survivors: 52.0M->40.0M Heap: 7014.0M(8192.0M)->3064.1M(8192.0M)]
 [Times: user=0.41 sys=0.00, real=0.04 secs]
2018-04-30T04:31:48.973+0200: 271.310: Total time for which application threads were stopped: 0.0328714 seconds, Stopping threads took: 0.0003027 seconds
2018-04-30T04:31:49.004+0200: 271.340: Application time: 0.0306193 seconds
2018-04-30T04:31:49.005+0200: 271.341: Total time for which application threads were stopped: 0.0008463 seconds, Stopping threads took: 0.0002533 seconds
2018-04-30T04:31:49.450+0200: 271.786: Application time: 0.4448993 seconds
2018-04-30T04:31:49.451+0200: 271.787: [GC pause (G1 Evacuation Pause) (young)
Desired survivor size 264241152 bytes, new threshold 15 (max 15)
- age   1:   10790928 bytes,   10790928 total
- age   2:    1461000 bytes,   12251928 total
- age   3:    1323008 bytes,   13574936 total
- age   4:    1734032 bytes,   15308968 total
- age   5:    1268120 bytes,   16577088 total
- age   6:    1306576 bytes,   17883664 total
- age   7:    1268600 bytes,   19152264 total
- age   8:    1290408 bytes,   20442672 total
- age   9:    1324632 bytes,   21767304 total
- age  10:    1257712 bytes,   23025016 total
- age  11:     900168 bytes,   23925184 total
- age  12:      28304 bytes,   23953488 total
- age  13:      38496 bytes,   23991984 total
- age  14:     922776 bytes,   24914760 total
- age  15:      22224 bytes,   24936984 total
, 0.0336858 secs]
   [Parallel Time: 13.6 ms, GC Workers: 30]
      [GC Worker Start (ms): Min: 271787.7, Avg: 271788.1, Max: 271788.4, Diff: 0.7]
      [Ext Root Scanning (ms): Min: 0.3, Avg: 0.6, Max: 1.4, Diff: 1.1, Sum: 19.3]
      [Update RS (ms): Min: 2.7, Avg: 3.8, Max: 5.0, Diff: 2.2, Sum: 114.6]
         [Processed Buffers: Min: 2, Avg: 3.7, Max: 12, Diff: 10, Sum: 111]
      [Scan RS (ms): Min: 0.0, Avg: 0.2, Max: 0.6, Diff: 0.6, Sum: 5.5]
      [Code Root Scanning (ms): Min: 0.0, Avg: 0.0, Max: 0.0, Diff: 0.0, Sum: 0.1]
      [Object Copy (ms): Min: 6.9, Avg: 7.9, Max: 8.5, Diff: 1.6, Sum: 238.0]
      [Termination (ms): Min: 0.0, Avg: 0.0, Max: 0.0, Diff: 0.0, Sum: 0.2]
         [Termination Attempts: Min: 1, Avg: 1.0, Max: 1, Diff: 0, Sum: 30]
      [GC Worker Other (ms): Min: 0.0, Avg: 0.2, Max: 0.3, Diff: 0.3, Sum: 4.9]
      [GC Worker Total (ms): Min: 12.5, Avg: 12.8, Max: 13.2, Diff: 0.7, Sum: 382.5]
      [GC Worker End (ms): Min: 271800.7, Avg: 271800.8, Max: 271801.0, Diff: 0.3]
   [Code Root Fixup: 0.0 ms]
   [Code Root Purge: 0.0 ms]
   [Clear CT: 2.4 ms]
   [Other: 17.7 ms]
      [Choose CSet: 0.0 ms]
      [Ref Proc: 11.4 ms]
      [Ref Enq: 1.5 ms]
      [Redirty Cards: 2.9 ms]
      [Humongous Register: 0.3 ms]
      [Humongous Reclaim: 0.1 ms]
      [Free CSet: 1.3 ms]
   [Eden: 3964.0M(3964.0M)->0.0B(3956.0M) Survivors: 40.0M->44.0M Heap: 7028.1M(8192.0M)->3067.8M(8192.0M)]
 [Times: user=0.40 sys=0.00, real=0.04 secs]
2018-04-30T04:31:49.485+0200: 271.821: Total time for which application threads were stopped: 0.0349771 seconds, Stopping threads took: 0.0004805 seconds
2018-04-30T04:31:49.963+0200: 272.299: Application time: 0.4782268 seconds
2018-04-30T04:31:49.964+0200: 272.300: [GC pause (G1 Evacuation Pause) (young)
Desired survivor size 262144000 bytes, new threshold 15 (max 15)
- age   1:   14195976 bytes,   14195976 total
- age   2:    1371256 bytes,   15567232 total
- age   3:    1454048 bytes,   17021280 total
- age   4:    1320760 bytes,   18342040 total
- age   5:    1731704 bytes,   20073744 total
- age   6:    1267600 bytes,   21341344 total
- age   7:    1305872 bytes,   22647216 total
- age   8:    1268208 bytes,   23915424 total
- age   9:    1289808 bytes,   25205232 total
- age  10:    1324368 bytes,   26529600 total
- age  11:     841896 bytes,   27371496 total
- age  12:      23856 bytes,   27395352 total
- age  13:      28304 bytes,   27423656 total
- age  14:      38496 bytes,   27462152 total
- age  15:     922776 bytes,   28384928 total
, 0.0330307 secs]
   [Parallel Time: 13.9 ms, GC Workers: 30]
      [GC Worker Start (ms): Min: 272300.7, Avg: 272301.3, Max: 272301.7, Diff: 1.0]
      [Ext Root Scanning (ms): Min: 0.1, Avg: 0.5, Max: 1.3, Diff: 1.2, Sum: 15.4]
      [Update RS (ms): Min: 3.1, Avg: 4.0, Max: 4.7, Diff: 1.6, Sum: 119.1]
         [Processed Buffers: Min: 2, Avg: 3.8, Max: 18, Diff: 16, Sum: 115]
      [Scan RS (ms): Min: 0.0, Avg: 0.2, Max: 0.7, Diff: 0.7, Sum: 4.8]
      [Code Root Scanning (ms): Min: 0.0, Avg: 0.0, Max: 0.0, Diff: 0.0, Sum: 0.1]
      [Object Copy (ms): Min: 7.6, Avg: 8.2, Max: 8.7, Diff: 1.0, Sum: 247.4]
      [Termination (ms): Min: 0.0, Avg: 0.0, Max: 0.0, Diff: 0.0, Sum: 0.2]
         [Termination Attempts: Min: 1, Avg: 1.0, Max: 1, Diff: 0, Sum: 30]
      [GC Worker Other (ms): Min: 0.0, Avg: 0.2, Max: 0.3, Diff: 0.3, Sum: 4.9]
      [GC Worker Total (ms): Min: 12.6, Avg: 13.1, Max: 13.7, Diff: 1.0, Sum: 392.0]
      [GC Worker End (ms): Min: 272314.2, Avg: 272314.4, Max: 272314.5, Diff: 0.3]
   [Code Root Fixup: 0.0 ms]
   [Code Root Purge: 0.0 ms]
   [Clear CT: 2.1 ms]
   [Other: 17.1 ms]
      [Choose CSet: 0.0 ms]
      [Ref Proc: 11.1 ms]
      [Ref Enq: 1.4 ms]
      [Redirty Cards: 2.7 ms]
      [Humongous Register: 0.3 ms]
      [Humongous Reclaim: 0.1 ms]
      [Free CSet: 1.2 ms]
   [Eden: 3956.0M(3956.0M)->0.0B(3956.0M) Survivors: 44.0M->44.0M Heap: 7023.8M(8192.0M)->3066.3M(8192.0M)]
 [Times: user=0.41 sys=0.01, real=0.03 secs]
2018-04-30T04:31:49.997+0200: 272.334: Total time for which application threads were stopped: 0.0341620 seconds, Stopping threads took: 0.0003435 seconds
2018-04-30T04:31:50.462+0200: 272.798: Application time: 0.4643915 seconds
2018-04-30T04:31:50.463+0200: 272.799: [GC pause (G1 Evacuation Pause) (young)
Desired survivor size 262144000 bytes, new threshold 15 (max 15)
- age   1:   13647760 bytes,   13647760 total
- age   2:    1323336 bytes,   14971096 total
- age   3:    1347824 bytes,   16318920 total
- age   4:    1315816 bytes,   17634736 total
- age   5:    1318648 bytes,   18953384 total
- age   6:    1730680 bytes,   20684064 total
- age   7:    1266496 bytes,   21950560 total
- age   8:    1305488 bytes,   23256048 total
- age   9:    1267560 bytes,   24523608 total
- age  10:    1289272 bytes,   25812880 total
- age  11:     857560 bytes,   26670440 total
- age  12:      24744 bytes,   26695184 total
- age  13:      23520 bytes,   26718704 total
- age  14:      28240 bytes,   26746944 total
- age  15:      38432 bytes,   26785376 total
, 0.0334156 secs]
   [Parallel Time: 13.3 ms, GC Workers: 30]
      [GC Worker Start (ms): Min: 272799.4, Avg: 272799.8, Max: 272800.1, Diff: 0.7]
      [Ext Root Scanning (ms): Min: 0.3, Avg: 0.6, Max: 1.5, Diff: 1.2, Sum: 17.9]
      [Update RS (ms): Min: 2.7, Avg: 3.5, Max: 4.3, Diff: 1.5, Sum: 105.7]
         [Processed Buffers: Min: 2, Avg: 3.8, Max: 11, Diff: 9, Sum: 115]
      [Scan RS (ms): Min: 0.0, Avg: 0.2, Max: 0.6, Diff: 0.6, Sum: 6.1]
      [Code Root Scanning (ms): Min: 0.0, Avg: 0.0, Max: 0.0, Diff: 0.0, Sum: 0.1]
      [Object Copy (ms): Min: 7.3, Avg: 7.9, Max: 8.3, Diff: 1.0, Sum: 238.3]
      [Termination (ms): Min: 0.0, Avg: 0.0, Max: 0.0, Diff: 0.0, Sum: 0.3]
         [Termination Attempts: Min: 1, Avg: 1.0, Max: 2, Diff: 1, Sum: 31]
      [GC Worker Other (ms): Min: 0.0, Avg: 0.2, Max: 0.3, Diff: 0.3, Sum: 5.3]
      [GC Worker Total (ms): Min: 12.1, Avg: 12.5, Max: 13.0, Diff: 0.9, Sum: 373.6]
      [GC Worker End (ms): Min: 272812.2, Avg: 272812.3, Max: 272812.5, Diff: 0.3]
   [Code Root Fixup: 0.0 ms]
   [Code Root Purge: 0.0 ms]
   [Clear CT: 2.7 ms]
   [Other: 17.4 ms]
      [Choose CSet: 0.0 ms]
      [Ref Proc: 10.7 ms]
      [Ref Enq: 1.6 ms]
      [Redirty Cards: 3.1 ms]
      [Humongous Register: 0.3 ms]
      [Humongous Reclaim: 0.1 ms]
      [Free CSet: 1.3 ms]
   [Eden: 3956.0M(3956.0M)->0.0B(3956.0M) Survivors: 44.0M->44.0M Heap: 7022.3M(8192.0M)->3066.3M(8192.0M)]
 [Times: user=0.40 sys=0.01, real=0.04 secs]
2018-04-30T04:31:50.496+0200: 272.833: Total time for which application threads were stopped: 0.0347189 seconds, Stopping threads took: 0.0004893 seconds
2018-04-30T04:31:50.506+0200: 272.842: Application time: 0.0094583 seconds
2018-04-30T04:31:50.507+0200: 272.843: Total time for which application threads were stopped: 0.0009129 seconds, Stopping threads took: 0.0003350 seconds
2018-04-30T04:31:50.631+0200: 272.967: Application time: 0.1243560 seconds
2018-04-30T04:31:50.632+0200: 272.968: Total time for which application threads were stopped: 0.0008934 seconds, Stopping threads took: 0.0003330 seconds
2018-04-30T04:31:50.967+0200: 273.304: Application time: 0.3355148 seconds
2018-04-30T04:31:50.968+0200: 273.305: [GC pause (G1 Evacuation Pause) (young)
Desired survivor size 262144000 bytes, new threshold 15 (max 15)
- age   1:   13580648 bytes,   13580648 total
- age   2:    1582040 bytes,   15162688 total
- age   3:    1318816 bytes,   16481504 total
- age   4:    1346160 bytes,   17827664 total
- age   5:    1314592 bytes,   19142256 total
- age   6:    1317624 bytes,   20459880 total
- age   7:    1730104 bytes,   22189984 total
- age   8:    1266240 bytes,   23456224 total
- age   9:    1305296 bytes,   24761520 total
- age  10:    1267368 bytes,   26028888 total
- age  11:     868760 bytes,   26897648 total
- age  12:      19800 bytes,   26917448 total
- age  13:      24744 bytes,   26942192 total
- age  14:      23520 bytes,   26965712 total
- age  15:      28240 bytes,   26993952 total
, 0.0328832 secs]
   [Parallel Time: 13.8 ms, GC Workers: 30]
      [GC Worker Start (ms): Min: 273305.1, Avg: 273305.7, Max: 273306.2, Diff: 1.1]
      [Ext Root Scanning (ms): Min: 0.0, Avg: 0.5, Max: 1.3, Diff: 1.3, Sum: 16.0]
      [Update RS (ms): Min: 2.8, Avg: 3.7, Max: 4.5, Diff: 1.7, Sum: 110.2]
         [Processed Buffers: Min: 2, Avg: 3.8, Max: 12, Diff: 10, Sum: 114]
      [Scan RS (ms): Min: 0.0, Avg: 0.2, Max: 0.7, Diff: 0.6, Sum: 5.7]
      [Code Root Scanning (ms): Min: 0.0, Avg: 0.0, Max: 0.0, Diff: 0.0, Sum: 0.1]
      [Object Copy (ms): Min: 7.5, Avg: 8.2, Max: 8.6, Diff: 1.1, Sum: 246.8]
      [Termination (ms): Min: 0.0, Avg: 0.0, Max: 0.0, Diff: 0.0, Sum: 0.2]
         [Termination Attempts: Min: 1, Avg: 1.0, Max: 1, Diff: 0, Sum: 30]
      [GC Worker Other (ms): Min: 0.0, Avg: 0.2, Max: 0.4, Diff: 0.3, Sum: 5.4]
      [GC Worker Total (ms): Min: 12.3, Avg: 12.8, Max: 13.5, Diff: 1.2, Sum: 384.4]
      [GC Worker End (ms): Min: 273318.3, Avg: 273318.5, Max: 273318.7, Diff: 0.3]
   [Code Root Fixup: 0.0 ms]
   [Code Root Purge: 0.0 ms]
   [Clear CT: 2.5 ms]
   [Other: 16.6 ms]
      [Choose CSet: 0.0 ms]
      [Ref Proc: 10.9 ms]
      [Ref Enq: 1.5 ms]
      [Redirty Cards: 2.4 ms]
      [Humongous Register: 0.3 ms]
      [Humongous Reclaim: 0.1 ms]
      [Free CSet: 1.2 ms]
   [Eden: 3956.0M(3956.0M)->0.0B(3948.0M) Survivors: 44.0M->48.0M Heap: 7022.3M(8192.0M)->3072.1M(8192.0M)]
 [Times: user=0.40 sys=0.01, real=0.03 secs]
2018-04-30T04:31:51.001+0200: 273.338: Total time for which application threads were stopped: 0.0339488 seconds, Stopping threads took: 0.0002812 seconds
2018-04-30T04:31:51.470+0200: 273.806: Application time: 0.4682287 seconds
2018-04-30T04:31:51.470+0200: 273.807: [GC pause (G1 Evacuation Pause) (young)
Desired survivor size 262144000 bytes, new threshold 15 (max 15)
- age   1:   15401192 bytes,   15401192 total
- age   2:    1293152 bytes,   16694344 total
- age   3:    1576768 bytes,   18271112 total
- age   4:    1316616 bytes,   19587728 total
- age   5:    1343792 bytes,   20931520 total
- age   6:    1312608 bytes,   22244128 total
- age   7:    1316792 bytes,   23560920 total
- age   8:    1729848 bytes,   25290768 total
- age   9:    1265984 bytes,   26556752 total
- age  10:    1304576 bytes,   27861328 total
- age  11:     871680 bytes,   28733008 total
- age  12:      22440 bytes,   28755448 total
- age  13:      19800 bytes,   28775248 total
- age  14:      24744 bytes,   28799992 total
- age  15:      23384 bytes,   28823376 total
, 0.0338287 secs]
   [Parallel Time: 13.7 ms, GC Workers: 30]
      [GC Worker Start (ms): Min: 273807.3, Avg: 273807.7, Max: 273808.1, Diff: 0.8]
      [Ext Root Scanning (ms): Min: 0.2, Avg: 0.5, Max: 1.4, Diff: 1.2, Sum: 15.4]
      [Update RS (ms): Min: 2.6, Avg: 3.3, Max: 4.2, Diff: 1.6, Sum: 99.7]
         [Processed Buffers: Min: 3, Avg: 3.8, Max: 11, Diff: 8, Sum: 115]
      [Scan RS (ms): Min: 0.0, Avg: 0.2, Max: 0.5, Diff: 0.5, Sum: 5.9]
      [Code Root Scanning (ms): Min: 0.0, Avg: 0.0, Max: 0.0, Diff: 0.0, Sum: 0.1]
      [Object Copy (ms): Min: 7.9, Avg: 8.7, Max: 9.0, Diff: 1.1, Sum: 260.3]
      [Termination (ms): Min: 0.0, Avg: 0.0, Max: 0.0, Diff: 0.0, Sum: 0.3]
         [Termination Attempts: Min: 1, Avg: 1.0, Max: 1, Diff: 0, Sum: 30]
      [GC Worker Other (ms): Min: 0.0, Avg: 0.2, Max: 0.4, Diff: 0.3, Sum: 5.3]
      [GC Worker Total (ms): Min: 12.5, Avg: 12.9, Max: 13.4, Diff: 0.9, Sum: 386.8]
      [GC Worker End (ms): Min: 273820.5, Avg: 273820.6, Max: 273820.8, Diff: 0.3]
   [Code Root Fixup: 0.0 ms]
   [Code Root Purge: 0.0 ms]
   [Clear CT: 2.7 ms]
   [Other: 17.4 ms]
      [Choose CSet: 0.0 ms]
      [Ref Proc: 10.9 ms]
      [Ref Enq: 1.6 ms]
      [Redirty Cards: 3.0 ms]
      [Humongous Register: 0.3 ms]
      [Humongous Reclaim: 0.1 ms]
      [Free CSet: 1.3 ms]
   [Eden: 3948.0M(3948.0M)->0.0B(3948.0M) Survivors: 48.0M->48.0M Heap: 7020.1M(8192.0M)->3073.2M(8192.0M)]
 [Times: user=0.41 sys=0.00, real=0.04 secs]
2018-04-30T04:31:51.505+0200: 273.841: Total time for which application threads were stopped: 0.0349198 seconds, Stopping threads took: 0.0003439 seconds
2018-04-30T04:31:51.521+0200: 273.857: Application time: 0.0163194 seconds
2018-04-30T04:31:51.522+0200: 273.858: Total time for which application threads were stopped: 0.0009064 seconds, Stopping threads took: 0.0003298 seconds
2018-04-30T04:31:51.966+0200: 274.303: Application time: 0.4445707 seconds
2018-04-30T04:31:51.967+0200: 274.304: [GC pause (G1 Evacuation Pause) (young)
Desired survivor size 262144000 bytes, new threshold 15 (max 15)
- age   1:   15249560 bytes,   15249560 total
- age   2:    4949736 bytes,   20199296 total
- age   3:    1289456 bytes,   21488752 total
- age   4:    1574640 bytes,   23063392 total
- age   5:    1314968 bytes,   24378360 total
- age   6:    1343080 bytes,   25721440 total
- age   7:    1311968 bytes,   27033408 total
- age   8:    1316664 bytes,   28350072 total
- age   9:    1729584 bytes,   30079656 total
- age  10:    1265984 bytes,   31345640 total
- age  11:     918680 bytes,   32264320 total
- age  12:      13528 bytes,   32277848 total
- age  13:      22440 bytes,   32300288 total
- age  14:      19736 bytes,   32320024 total
- age  15:      24744 bytes,   32344768 total
, 0.0319905 secs]
   [Parallel Time: 13.5 ms, GC Workers: 30]
      [GC Worker Start (ms): Min: 274304.1, Avg: 274304.5, Max: 274304.9, Diff: 0.8]
      [Ext Root Scanning (ms): Min: 0.1, Avg: 0.6, Max: 1.3, Diff: 1.2, Sum: 17.3]
      [Update RS (ms): Min: 2.5, Avg: 3.5, Max: 4.3, Diff: 1.8, Sum: 105.9]
         [Processed Buffers: Min: 2, Avg: 3.8, Max: 12, Diff: 10, Sum: 115]
      [Scan RS (ms): Min: 0.0, Avg: 0.2, Max: 0.7, Diff: 0.6, Sum: 5.7]
      [Code Root Scanning (ms): Min: 0.0, Avg: 0.0, Max: 0.0, Diff: 0.0, Sum: 0.1]
      [Object Copy (ms): Min: 7.7, Avg: 8.4, Max: 8.8, Diff: 1.1, Sum: 251.1]
      [Termination (ms): Min: 0.0, Avg: 0.0, Max: 0.0, Diff: 0.0, Sum: 0.3]
         [Termination Attempts: Min: 1, Avg: 1.0, Max: 1, Diff: 0, Sum: 30]
      [GC Worker Other (ms): Min: 0.0, Avg: 0.2, Max: 0.3, Diff: 0.3, Sum: 4.8]
      [GC Worker Total (ms): Min: 12.3, Avg: 12.8, Max: 13.3, Diff: 1.0, Sum: 385.2]
      [GC Worker End (ms): Min: 274317.2, Avg: 274317.3, Max: 274317.5, Diff: 0.3]
   [Code Root Fixup: 0.0 ms]
   [Code Root Purge: 0.0 ms]
   [Clear CT: 1.8 ms]
   [Other: 16.7 ms]
      [Choose CSet: 0.0 ms]
      [Ref Proc: 10.4 ms]
      [Ref Enq: 1.5 ms]
      [Redirty Cards: 2.5 ms]
      [Humongous Register: 0.4 ms]
      [Humongous Reclaim: 0.1 ms]
      [Free CSet: 1.6 ms]
   [Eden: 3948.0M(3948.0M)->0.0B(3956.0M) Survivors: 48.0M->44.0M Heap: 7021.2M(8192.0M)->3067.6M(8192.0M)]
 [Times: user=0.41 sys=0.01, real=0.03 secs]
2018-04-30T04:31:52.000+0200: 274.336: Total time for which application threads were stopped: 0.0332365 seconds, Stopping threads took: 0.0003376 seconds
2018-04-30T04:31:52.446+0200: 274.782: Application time: 0.4460824 seconds
2018-04-30T04:31:52.447+0200: 274.783: [GC pause (G1 Evacuation Pause) (young)
Desired survivor size 262144000 bytes, new threshold 15 (max 15)
- age   1:   13631160 bytes,   13631160 total
- age   2:    1279200 bytes,   14910360 total
- age   3:    4945584 bytes,   19855944 total
- age   4:    1287408 bytes,   21143352 total
- age   5:    1573288 bytes,   22716640 total
- age   6:    1313736 bytes,   24030376 total
- age   7:    1342824 bytes,   25373200 total
- age   8:    1311584 bytes,   26684784 total
- age   9:    1316344 bytes,   28001128 total
- age  10:    1729264 bytes,   29730392 total
- age  11:     928312 bytes,   30658704 total
- age  12:      21160 bytes,   30679864 total
- age  13:      13400 bytes,   30693264 total
- age  14:      22376 bytes,   30715640 total
- age  15:      19672 bytes,   30735312 total
, 0.0304679 secs]
   [Parallel Time: 13.1 ms, GC Workers: 30]
      [GC Worker Start (ms): Min: 274783.4, Avg: 274783.9, Max: 274784.2, Diff: 0.8]
      [Ext Root Scanning (ms): Min: 0.3, Avg: 0.6, Max: 1.4, Diff: 1.1, Sum: 18.8]
      [Update RS (ms): Min: 2.6, Avg: 3.2, Max: 3.7, Diff: 1.1, Sum: 97.2]
         [Processed Buffers: Min: 2, Avg: 3.9, Max: 16, Diff: 14, Sum: 116]
      [Scan RS (ms): Min: 0.0, Avg: 0.2, Max: 0.6, Diff: 0.5, Sum: 5.8]
      [Code Root Scanning (ms): Min: 0.0, Avg: 0.0, Max: 0.0, Diff: 0.0, Sum: 0.1]
      [Object Copy (ms): Min: 7.7, Avg: 8.0, Max: 8.3, Diff: 0.7, Sum: 240.2]
      [Termination (ms): Min: 0.0, Avg: 0.0, Max: 0.0, Diff: 0.0, Sum: 0.8]
         [Termination Attempts: Min: 1, Avg: 1.0, Max: 1, Diff: 0, Sum: 30]
      [GC Worker Other (ms): Min: 0.0, Avg: 0.1, Max: 0.3, Diff: 0.3, Sum: 4.4]
      [GC Worker Total (ms): Min: 11.9, Avg: 12.2, Max: 12.7, Diff: 0.8, Sum: 367.2]
      [GC Worker End (ms): Min: 274796.0, Avg: 274796.1, Max: 274796.3, Diff: 0.3]
   [Code Root Fixup: 0.0 ms]
   [Code Root Purge: 0.0 ms]
   [Clear CT: 1.6 ms]
   [Other: 15.7 ms]
      [Choose CSet: 0.0 ms]
      [Ref Proc: 9.9 ms]
      [Ref Enq: 1.5 ms]
      [Redirty Cards: 2.5 ms]
      [Humongous Register: 0.3 ms]
      [Humongous Reclaim: 0.1 ms]
      [Free CSet: 1.2 ms]
   [Eden: 3956.0M(3956.0M)->0.0B(3948.0M) Survivors: 44.0M->48.0M Heap: 7023.6M(8192.0M)->3070.6M(8192.0M)]
 [Times: user=0.39 sys=0.00, real=0.03 secs]
2018-04-30T04:31:52.477+0200: 274.814: Total time for which application threads were stopped: 0.0316175 seconds, Stopping threads took: 0.0003734 seconds
2018-04-30T04:31:53.004+0200: 275.340: Application time: 0.5262470 seconds
2018-04-30T04:31:53.005+0200: 275.341: [GC pause (G1 Evacuation Pause) (young)
Desired survivor size 262144000 bytes, new threshold 15 (max 15)
- age   1:   16109472 bytes,   16109472 total
- age   2:    1261904 bytes,   17371376 total
- age   3:    1259536 bytes,   18630912 total
- age   4:    4793760 bytes,   23424672 total
- age   5:    1277904 bytes,   24702576 total
- age   6:    1311344 bytes,   26013920 total
- age   7:    1313280 bytes,   27327200 total
- age   8:    1341176 bytes,   28668376 total
- age   9:    1310376 bytes,   29978752 total
- age  10:    1303632 bytes,   31282384 total
- age  11:     971160 bytes,   32253544 total
- age  12:      15480 bytes,   32269024 total
- age  13:      20760 bytes,   32289784 total
- age  14:      13272 bytes,   32303056 total
- age  15:      22376 bytes,   32325432 total
, 0.0298739 secs]
   [Parallel Time: 12.1 ms, GC Workers: 30]
      [GC Worker Start (ms): Min: 275341.4, Avg: 275341.9, Max: 275342.2, Diff: 0.8]
      [Ext Root Scanning (ms): Min: 0.2, Avg: 0.6, Max: 1.4, Diff: 1.2, Sum: 17.1]
      [Update RS (ms): Min: 2.5, Avg: 3.3, Max: 3.8, Diff: 1.3, Sum: 98.5]
         [Processed Buffers: Min: 2, Avg: 3.7, Max: 13, Diff: 11, Sum: 112]
      [Scan RS (ms): Min: 0.0, Avg: 0.2, Max: 0.7, Diff: 0.6, Sum: 5.1]
      [Code Root Scanning (ms): Min: 0.0, Avg: 0.0, Max: 0.0, Diff: 0.0, Sum: 0.1]
      [Object Copy (ms): Min: 6.6, Avg: 7.1, Max: 7.4, Diff: 0.8, Sum: 212.4]
      [Termination (ms): Min: 0.0, Avg: 0.0, Max: 0.1, Diff: 0.1, Sum: 0.9]
         [Termination Attempts: Min: 1, Avg: 3.1, Max: 5, Diff: 4, Sum: 94]
      [GC Worker Other (ms): Min: 0.0, Avg: 0.1, Max: 0.3, Diff: 0.3, Sum: 4.3]
      [GC Worker Total (ms): Min: 10.8, Avg: 11.3, Max: 11.7, Diff: 0.9, Sum: 338.3]
      [GC Worker End (ms): Min: 275353.0, Avg: 275353.1, Max: 275353.3, Diff: 0.3]
   [Code Root Fixup: 0.0 ms]
   [Code Root Purge: 0.0 ms]
   [Clear CT: 2.1 ms]
   [Other: 15.6 ms]
      [Choose CSet: 0.0 ms]
      [Ref Proc: 9.2 ms]
      [Ref Enq: 1.4 ms]
      [Redirty Cards: 3.0 ms]
      [Humongous Register: 0.3 ms]
      [Humongous Reclaim: 0.1 ms]
      [Free CSet: 1.4 ms]
   [Eden: 3948.0M(3948.0M)->0.0B(3924.0M) Survivors: 48.0M->60.0M Heap: 7018.6M(8192.0M)->3083.7M(8192.0M)]
 [Times: user=0.36 sys=0.01, real=0.03 secs]
2018-04-30T04:31:53.035+0200: 275.371: Total time for which application threads were stopped: 0.0311743 seconds, Stopping threads took: 0.0004028 seconds
2018-04-30T04:31:53.519+0200: 275.856: Application time: 0.4844519 seconds
2018-04-30T04:31:53.520+0200: 275.857: [GC pause (G1 Evacuation Pause) (young)
Desired survivor size 262144000 bytes, new threshold 15 (max 15)
- age   1:   15391168 bytes,   15391168 total
- age   2:    1252536 bytes,   16643704 total
- age   3:    1256880 bytes,   17900584 total
- age   4:    1257936 bytes,   19158520 total
- age   5:    4791376 bytes,   23949896 total
- age   6:    1275824 bytes,   25225720 total
- age   7:    1309720 bytes,   26535440 total
- age   8:    1313024 bytes,   27848464 total
- age   9:    1340856 bytes,   29189320 total
- age  10:    1309904 bytes,   30499224 total
- age  11:    1101200 bytes,   31600424 total
- age  12:      15032 bytes,   31615456 total
- age  13:      15288 bytes,   31630744 total
- age  14:      20544 bytes,   31651288 total
- age  15:      13272 bytes,   31664560 total
, 0.0315345 secs]
   [Parallel Time: 13.0 ms, GC Workers: 30]
      [GC Worker Start (ms): Min: 275857.0, Avg: 275857.5, Max: 275857.9, Diff: 0.9]
      [Ext Root Scanning (ms): Min: 0.1, Avg: 0.5, Max: 1.3, Diff: 1.2, Sum: 14.8]
      [Update RS (ms): Min: 2.6, Avg: 3.3, Max: 4.0, Diff: 1.4, Sum: 99.9]
         [Processed Buffers: Min: 2, Avg: 3.8, Max: 14, Diff: 12, Sum: 114]
      [Scan RS (ms): Min: 0.0, Avg: 0.2, Max: 0.5, Diff: 0.5, Sum: 5.0]
      [Code Root Scanning (ms): Min: 0.0, Avg: 0.0, Max: 0.0, Diff: 0.0, Sum: 0.0]
      [Object Copy (ms): Min: 7.4, Avg: 7.9, Max: 8.3, Diff: 0.9, Sum: 237.7]
      [Termination (ms): Min: 0.0, Avg: 0.0, Max: 0.0, Diff: 0.0, Sum: 0.3]
         [Termination Attempts: Min: 1, Avg: 1.0, Max: 1, Diff: 0, Sum: 30]
      [GC Worker Other (ms): Min: 0.0, Avg: 0.2, Max: 0.3, Diff: 0.3, Sum: 4.6]
      [GC Worker Total (ms): Min: 11.6, Avg: 12.1, Max: 12.6, Diff: 1.0, Sum: 362.3]
      [GC Worker End (ms): Min: 275869.4, Avg: 275869.6, Max: 275869.7, Diff: 0.3]
   [Code Root Fixup: 0.0 ms]
   [Code Root Purge: 0.0 ms]
   [Clear CT: 2.5 ms]
   [Other: 16.0 ms]
      [Choose CSet: 0.0 ms]
      [Ref Proc: 9.9 ms]
      [Ref Enq: 1.6 ms]
      [Redirty Cards: 2.5 ms]
      [Humongous Register: 0.3 ms]
      [Humongous Reclaim: 0.1 ms]
      [Free CSet: 1.3 ms]
   [Eden: 3924.0M(3924.0M)->0.0B(3932.0M) Survivors: 60.0M->56.0M Heap: 7007.7M(8192.0M)->3079.7M(8192.0M)]
 [Times: user=0.39 sys=0.00, real=0.04 secs]
2018-04-30T04:31:53.552+0200: 275.888: Total time for which application threads were stopped: 0.0327944 seconds, Stopping threads took: 0.0004266 seconds
2018-04-30T04:31:54.005+0200: 276.341: Application time: 0.4528761 seconds
2018-04-30T04:31:54.006+0200: 276.342: [GC pause (G1 Evacuation Pause) (young)
Desired survivor size 262144000 bytes, new threshold 15 (max 15)
- age   1:   14080272 bytes,   14080272 total
- age   2:    1187360 bytes,   15267632 total
- age   3:    1242480 bytes,   16510112 total
- age   4:    1254576 bytes,   17764688 total
- age   5:    1256240 bytes,   19020928 total
- age   6:    4789240 bytes,   23810168 total
- age   7:    1275504 bytes,   25085672 total
- age   8:    1307328 bytes,   26393000 total
- age   9:    1312336 bytes,   27705336 total
- age  10:    1340320 bytes,   29045656 total
- age  11:    1173376 bytes,   30219032 total
- age  12:      18664 bytes,   30237696 total
- age  13:      14136 bytes,   30251832 total
- age  14:      15224 bytes,   30267056 total
- age  15:      20328 bytes,   30287384 total
, 0.0323373 secs]
   [Parallel Time: 14.0 ms, GC Workers: 30]
      [GC Worker Start (ms): Min: 276342.5, Avg: 276342.9, Max: 276343.3, Diff: 0.8]
      [Ext Root Scanning (ms): Min: 0.0, Avg: 0.5, Max: 1.3, Diff: 1.3, Sum: 14.9]
      [Update RS (ms): Min: 2.9, Avg: 3.4, Max: 4.3, Diff: 1.4, Sum: 102.0]
         [Processed Buffers: Min: 2, Avg: 3.9, Max: 18, Diff: 16, Sum: 117]
      [Scan RS (ms): Min: 0.0, Avg: 0.2, Max: 0.5, Diff: 0.5, Sum: 6.0]
      [Code Root Scanning (ms): Min: 0.0, Avg: 0.0, Max: 0.0, Diff: 0.0, Sum: 0.1]
      [Object Copy (ms): Min: 8.4, Avg: 9.2, Max: 9.5, Diff: 1.0, Sum: 274.6]
      [Termination (ms): Min: 0.0, Avg: 0.0, Max: 0.0, Diff: 0.0, Sum: 0.4]
         [Termination Attempts: Min: 1, Avg: 1.0, Max: 1, Diff: 0, Sum: 30]
      [GC Worker Other (ms): Min: 0.0, Avg: 0.1, Max: 0.3, Diff: 0.3, Sum: 4.1]
      [GC Worker Total (ms): Min: 12.9, Avg: 13.4, Max: 13.9, Diff: 0.9, Sum: 402.0]
      [GC Worker End (ms): Min: 276356.2, Avg: 276356.3, Max: 276356.4, Diff: 0.3]
   [Code Root Fixup: 0.0 ms]
   [Code Root Purge: 0.0 ms]
   [Clear CT: 1.6 ms]
   [Other: 16.7 ms]
      [Choose CSet: 0.0 ms]
      [Ref Proc: 10.5 ms]
      [Ref Enq: 1.6 ms]
      [Redirty Cards: 2.7 ms]
      [Humongous Register: 0.3 ms]
      [Humongous Reclaim: 0.1 ms]
      [Free CSet: 1.3 ms]
   [Eden: 3932.0M(3932.0M)->0.0B(3948.0M) Survivors: 56.0M->48.0M Heap: 7011.7M(8192.0M)->3072.7M(8192.0M)]
 [Times: user=0.42 sys=0.00, real=0.03 secs]
2018-04-30T04:31:54.038+0200: 276.375: Total time for which application threads were stopped: 0.0334550 seconds, Stopping threads took: 0.0003520 seconds
2018-04-30T04:31:54.058+0200: 276.395: Application time: 0.0201553 seconds
2018-04-30T04:31:54.059+0200: 276.396: Total time for which application threads were stopped: 0.0009417 seconds, Stopping threads took: 0.0003742 seconds
2018-04-30T04:31:54.060+0200: 276.396: Application time: 0.0000795 seconds
2018-04-30T04:31:54.060+0200: 276.396: Total time for which application threads were stopped: 0.0003965 seconds, Stopping threads took: 0.0000393 seconds
2018-04-30T04:31:54.503+0200: 276.839: Application time: 0.4429214 seconds
2018-04-30T04:31:54.504+0200: 276.840: [GC pause (G1 Evacuation Pause) (young)
Desired survivor size 262144000 bytes, new threshold 15 (max 15)
- age   1:   17522568 bytes,   17522568 total
- age   2:    1665464 bytes,   19188032 total
- age   3:    1182928 bytes,   20370960 total
- age   4:    1240632 bytes,   21611592 total
- age   5:    1254128 bytes,   22865720 total
- age   6:    1255792 bytes,   24121512 total
- age   7:    4788664 bytes,   28910176 total
- age   8:    1275040 bytes,   30185216 total
- age   9:    1306616 bytes,   31491832 total
- age  10:    1311944 bytes,   32803776 total
- age  11:    1202960 bytes,   34006736 total
- age  12:      32608 bytes,   34039344 total
- age  13:      18080 bytes,   34057424 total
- age  14:      13688 bytes,   34071112 total
- age  15:      14960 bytes,   34086072 total
, 0.0325937 secs]
   [Parallel Time: 14.3 ms, GC Workers: 30]
      [GC Worker Start (ms): Min: 276840.6, Avg: 276841.2, Max: 276841.7, Diff: 1.1]
      [Ext Root Scanning (ms): Min: 0.0, Avg: 0.4, Max: 1.3, Diff: 1.3, Sum: 13.5]
      [Update RS (ms): Min: 2.7, Avg: 3.4, Max: 4.3, Diff: 1.6, Sum: 102.2]
         [Processed Buffers: Min: 2, Avg: 3.9, Max: 18, Diff: 16, Sum: 117]
      [Scan RS (ms): Min: 0.0, Avg: 0.2, Max: 0.6, Diff: 0.6, Sum: 5.6]
      [Code Root Scanning (ms): Min: 0.0, Avg: 0.0, Max: 0.0, Diff: 0.0, Sum: 0.1]
      [Object Copy (ms): Min: 8.3, Avg: 9.0, Max: 9.3, Diff: 1.0, Sum: 271.3]
      [Termination (ms): Min: 0.0, Avg: 0.0, Max: 0.0, Diff: 0.0, Sum: 0.2]
         [Termination Attempts: Min: 1, Avg: 1.0, Max: 1, Diff: 0, Sum: 30]
      [GC Worker Other (ms): Min: 0.0, Avg: 0.2, Max: 0.3, Diff: 0.3, Sum: 4.6]
      [GC Worker Total (ms): Min: 12.7, Avg: 13.3, Max: 13.9, Diff: 1.2, Sum: 397.5]
      [GC Worker End (ms): Min: 276854.3, Avg: 276854.5, Max: 276854.6, Diff: 0.3]
   [Code Root Fixup: 0.0 ms]
   [Code Root Purge: 0.0 ms]
   [Clear CT: 2.0 ms]
   [Other: 16.2 ms]
      [Choose CSet: 0.0 ms]
      [Ref Proc: 10.9 ms]
      [Ref Enq: 1.4 ms]
      [Redirty Cards: 2.1 ms]
      [Humongous Register: 0.3 ms]
      [Humongous Reclaim: 0.1 ms]
      [Free CSet: 1.3 ms]
   [Eden: 3948.0M(3948.0M)->0.0B(3932.0M) Survivors: 48.0M->56.0M Heap: 7020.7M(8192.0M)->3080.9M(8192.0M)]
 [Times: user=0.41 sys=0.00, real=0.03 secs]
2018-04-30T04:31:54.537+0200: 276.873: Total time for which application threads were stopped: 0.0337187 seconds, Stopping threads took: 0.0003552 seconds
2018-04-30T04:31:55.020+0200: 277.356: Application time: 0.4832286 seconds
2018-04-30T04:31:55.021+0200: 277.357: [GC pause (G1 Evacuation Pause) (young)
Desired survivor size 262144000 bytes, new threshold 15 (max 15)
- age   1:   16449704 bytes,   16449704 total
- age   2:    1367032 bytes,   17816736 total
- age   3:    1661104 bytes,   19477840 total
- age   4:    1180464 bytes,   20658304 total
- age   5:    1238288 bytes,   21896592 total
- age   6:    1253488 bytes,   23150080 total
- age   7:    1255344 bytes,   24405424 total
- age   8:    4787704 bytes,   29193128 total
- age   9:    1274648 bytes,   30467776 total
- age  10:    1306040 bytes,   31773816 total
- age  11:    1211376 bytes,   32985192 total
- age  12:      16360 bytes,   33001552 total
- age  13:      32416 bytes,   33033968 total
- age  14:      17880 bytes,   33051848 total
- age  15:      13368 bytes,   33065216 total
, 0.0293554 secs]
   [Parallel Time: 12.3 ms, GC Workers: 30]
      [GC Worker Start (ms): Min: 277357.5, Avg: 277358.0, Max: 277358.4, Diff: 0.9]
      [Ext Root Scanning (ms): Min: 0.0, Avg: 0.5, Max: 1.3, Diff: 1.3, Sum: 14.3]
      [Update RS (ms): Min: 2.5, Avg: 3.3, Max: 4.1, Diff: 1.5, Sum: 98.8]
         [Processed Buffers: Min: 2, Avg: 3.7, Max: 10, Diff: 8, Sum: 112]
      [Scan RS (ms): Min: 0.0, Avg: 0.2, Max: 0.6, Diff: 0.5, Sum: 5.6]
      [Code Root Scanning (ms): Min: 0.0, Avg: 0.0, Max: 0.0, Diff: 0.0, Sum: 0.1]
      [Object Copy (ms): Min: 6.7, Avg: 7.3, Max: 7.7, Diff: 1.0, Sum: 219.8]
      [Termination (ms): Min: 0.0, Avg: 0.0, Max: 0.0, Diff: 0.0, Sum: 0.3]
         [Termination Attempts: Min: 1, Avg: 1.0, Max: 1, Diff: 0, Sum: 30]
      [GC Worker Other (ms): Min: 0.0, Avg: 0.2, Max: 0.3, Diff: 0.3, Sum: 5.1]
      [GC Worker Total (ms): Min: 10.9, Avg: 11.5, Max: 12.0, Diff: 1.2, Sum: 343.9]
      [GC Worker End (ms): Min: 277369.3, Avg: 277369.4, Max: 277369.6, Diff: 0.3]
   [Code Root Fixup: 0.0 ms]
   [Code Root Purge: 0.0 ms]
   [Clear CT: 2.0 ms]
   [Other: 15.0 ms]
      [Choose CSet: 0.0 ms]
      [Ref Proc: 9.7 ms]
      [Ref Enq: 1.2 ms]
      [Redirty Cards: 2.3 ms]
      [Humongous Register: 0.3 ms]
      [Humongous Reclaim: 0.1 ms]
      [Free CSet: 1.2 ms]
   [Eden: 3932.0M(3932.0M)->0.0B(3940.0M) Survivors: 56.0M->52.0M Heap: 7012.9M(8192.0M)->3075.9M(8192.0M)]
 [Times: user=0.37 sys=0.00, real=0.03 secs]
2018-04-30T04:31:55.050+0200: 277.387: Total time for which application threads were stopped: 0.0305437 seconds, Stopping threads took: 0.0003833 seconds
2018-04-30T04:31:55.509+0200: 277.846: Application time: 0.4590348 seconds
2018-04-30T04:31:55.510+0200: 277.847: [GC pause (G1 Evacuation Pause) (young)
Desired survivor size 262144000 bytes, new threshold 15 (max 15)
- age   1:   12490784 bytes,   12490784 total
- age   2:    1305760 bytes,   13796544 total
- age   3:    1339816 bytes,   15136360 total
- age   4:    1526976 bytes,   16663336 total
- age   5:    1178416 bytes,   17841752 total
- age   6:    1237520 bytes,   19079272 total
- age   7:    1253104 bytes,   20332376 total
- age   8:    1255088 bytes,   21587464 total
- age   9:    4787256 bytes,   26374720 total
- age  10:    1274320 bytes,   27649040 total
- age  11:    1220448 bytes,   28869488 total
- age  12:      19752 bytes,   28889240 total
- age  13:      16296 bytes,   28905536 total
- age  14:      32416 bytes,   28937952 total
- age  15:      17744 bytes,   28955696 total
, 0.0320143 secs]
   [Parallel Time: 13.7 ms, GC Workers: 30]
      [GC Worker Start (ms): Min: 277847.1, Avg: 277847.6, Max: 277848.0, Diff: 0.9]
      [Ext Root Scanning (ms): Min: 0.1, Avg: 0.5, Max: 1.3, Diff: 1.1, Sum: 14.9]
      [Update RS (ms): Min: 2.5, Avg: 3.2, Max: 4.0, Diff: 1.5, Sum: 96.1]
         [Processed Buffers: Min: 2, Avg: 3.9, Max: 12, Diff: 10, Sum: 116]
      [Scan RS (ms): Min: 0.0, Avg: 0.2, Max: 0.6, Diff: 0.6, Sum: 5.7]
      [Code Root Scanning (ms): Min: 0.0, Avg: 0.0, Max: 0.0, Diff: 0.0, Sum: 0.1]
      [Object Copy (ms): Min: 8.2, Avg: 8.8, Max: 9.2, Diff: 1.0, Sum: 265.5]
      [Termination (ms): Min: 0.0, Avg: 0.0, Max: 0.0, Diff: 0.0, Sum: 0.7]
         [Termination Attempts: Min: 1, Avg: 2.7, Max: 5, Diff: 4, Sum: 80]
      [GC Worker Other (ms): Min: 0.0, Avg: 0.1, Max: 0.3, Diff: 0.3, Sum: 4.5]
      [GC Worker Total (ms): Min: 12.5, Avg: 12.9, Max: 13.5, Diff: 1.0, Sum: 387.5]
      [GC Worker End (ms): Min: 277860.4, Avg: 277860.5, Max: 277860.7, Diff: 0.3]
   [Code Root Fixup: 0.0 ms]
   [Code Root Purge: 0.0 ms]
   [Clear CT: 1.5 ms]
   [Other: 16.7 ms]
      [Choose CSet: 0.0 ms]
      [Ref Proc: 10.7 ms]
      [Ref Enq: 1.8 ms]
      [Redirty Cards: 2.3 ms]
      [Humongous Register: 0.3 ms]
      [Humongous Reclaim: 0.1 ms]
      [Free CSet: 1.3 ms]
   [Eden: 3940.0M(3940.0M)->0.0B(3948.0M) Survivors: 52.0M->48.0M Heap: 7015.9M(8192.0M)->3070.8M(8192.0M)]
 [Times: user=0.42 sys=0.00, real=0.03 secs]
2018-04-30T04:31:55.543+0200: 277.879: Total time for which application threads were stopped: 0.0332074 seconds, Stopping threads took: 0.0004163 seconds
2018-04-30T04:31:55.565+0200: 277.901: Application time: 0.0225590 seconds
2018-04-30T04:31:55.566+0200: 277.902: Total time for which application threads were stopped: 0.0008198 seconds, Stopping threads took: 0.0002711 seconds
2018-04-30T04:31:56.015+0200: 278.352: Application time: 0.4495087 seconds
2018-04-30T04:31:56.016+0200: 278.353: [GC pause (G1 Evacuation Pause) (young)
Desired survivor size 262144000 bytes, new threshold 15 (max 15)
- age   1:   16046808 bytes,   16046808 total
- age   2:    1570984 bytes,   17617792 total
- age   3:    1300512 bytes,   18918304 total
- age   4:    1337544 bytes,   20255848 total
- age   5:    1524832 bytes,   21780680 total
- age   6:    1177392 bytes,   22958072 total
- age   7:    1237008 bytes,   24195080 total
- age   8:    1252648 bytes,   25447728 total
- age   9:    1254952 bytes,   26702680 total
- age  10:    4787064 bytes,   31489744 total
- age  11:    1225200 bytes,   32714944 total
- age  12:      21856 bytes,   32736800 total
- age  13:      19752 bytes,   32756552 total
- age  14:      16296 bytes,   32772848 total
- age  15:      32416 bytes,   32805264 total
, 0.0344504 secs]
   [Parallel Time: 17.1 ms, GC Workers: 30]
      [GC Worker Start (ms): Min: 278353.1, Avg: 278353.5, Max: 278353.9, Diff: 0.7]
      [Ext Root Scanning (ms): Min: 0.2, Avg: 0.5, Max: 1.3, Diff: 1.2, Sum: 16.4]
      [Update RS (ms): Min: 2.4, Avg: 3.1, Max: 3.8, Diff: 1.5, Sum: 92.7]
         [Processed Buffers: Min: 2, Avg: 3.7, Max: 13, Diff: 11, Sum: 111]
      [Scan RS (ms): Min: 0.0, Avg: 0.2, Max: 0.5, Diff: 0.5, Sum: 5.6]
      [Code Root Scanning (ms): Min: 0.0, Avg: 0.0, Max: 0.0, Diff: 0.0, Sum: 0.0]
      [Object Copy (ms): Min: 11.4, Avg: 12.0, Max: 12.4, Diff: 1.0, Sum: 360.9]
      [Termination (ms): Min: 0.0, Avg: 0.2, Max: 0.3, Diff: 0.3, Sum: 7.3]
         [Termination Attempts: Min: 1, Avg: 59.7, Max: 70, Diff: 69, Sum: 1790]
      [GC Worker Other (ms): Min: 0.0, Avg: 0.2, Max: 0.3, Diff: 0.3, Sum: 4.5]
      [GC Worker Total (ms): Min: 15.8, Avg: 16.2, Max: 16.7, Diff: 0.9, Sum: 487.5]
      [GC Worker End (ms): Min: 278369.6, Avg: 278369.8, Max: 278369.9, Diff: 0.3]
   [Code Root Fixup: 0.0 ms]
   [Code Root Purge: 0.0 ms]
   [Clear CT: 1.8 ms]
   [Other: 15.6 ms]
      [Choose CSet: 0.0 ms]
      [Ref Proc: 10.2 ms]
      [Ref Enq: 1.5 ms]
      [Redirty Cards: 2.2 ms]
      [Humongous Register: 0.3 ms]
      [Humongous Reclaim: 0.1 ms]
      [Free CSet: 1.2 ms]
   [Eden: 3948.0M(3948.0M)->0.0B(3924.0M) Survivors: 48.0M->60.0M Heap: 7018.8M(8192.0M)->3083.9M(8192.0M)]
 [Times: user=0.51 sys=0.00, real=0.03 secs]
2018-04-30T04:31:56.051+0200: 278.387: Total time for which application threads were stopped: 0.0354911 seconds, Stopping threads took: 0.0003016 seconds
2018-04-30T04:31:56.514+0200: 278.850: Application time: 0.4625921 seconds
2018-04-30T04:31:56.514+0200: 278.851: [GC pause (G1 Evacuation Pause) (young)
Desired survivor size 262144000 bytes, new threshold 15 (max 15)
- age   1:   15552904 bytes,   15552904 total
- age   2:    1275128 bytes,   16828032 total
- age   3:    1565792 bytes,   18393824 total
- age   4:    1298464 bytes,   19692288 total
- age   5:    1335872 bytes,   21028160 total
- age   6:    1523488 bytes,   22551648 total
- age   7:    1176688 bytes,   23728336 total
- age   8:    1236112 bytes,   24964448 total
- age   9:    1252320 bytes,   26216768 total
- age  10:    1254824 bytes,   27471592 total
- age  11:    4739296 bytes,   32210888 total
- age  12:      15856 bytes,   32226744 total
- age  13:      21520 bytes,   32248264 total
- age  14:      19624 bytes,   32267888 total
- age  15:      16296 bytes,   32284184 total
, 0.0306964 secs]
   [Parallel Time: 13.0 ms, GC Workers: 30]
      [GC Worker Start (ms): Min: 278851.2, Avg: 278851.6, Max: 278852.0, Diff: 0.8]
      [Ext Root Scanning (ms): Min: 0.2, Avg: 0.6, Max: 1.5, Diff: 1.3, Sum: 16.5]
      [Update RS (ms): Min: 2.7, Avg: 3.3, Max: 4.2, Diff: 1.5, Sum: 99.3]
         [Processed Buffers: Min: 2, Avg: 3.8, Max: 15, Diff: 13, Sum: 114]
      [Scan RS (ms): Min: 0.0, Avg: 0.2, Max: 0.6, Diff: 0.6, Sum: 5.5]
      [Code Root Scanning (ms): Min: 0.0, Avg: 0.0, Max: 0.0, Diff: 0.0, Sum: 0.1]
      [Object Copy (ms): Min: 7.1, Avg: 7.8, Max: 8.1, Diff: 1.0, Sum: 235.4]
      [Termination (ms): Min: 0.0, Avg: 0.0, Max: 0.0, Diff: 0.0, Sum: 0.3]
         [Termination Attempts: Min: 1, Avg: 1.0, Max: 1, Diff: 0, Sum: 30]
      [GC Worker Other (ms): Min: 0.0, Avg: 0.2, Max: 0.4, Diff: 0.3, Sum: 5.1]
      [GC Worker Total (ms): Min: 11.6, Avg: 12.1, Max: 12.6, Diff: 1.0, Sum: 362.2]
      [GC Worker End (ms): Min: 278863.5, Avg: 278863.7, Max: 278863.9, Diff: 0.3]
   [Code Root Fixup: 0.0 ms]
   [Code Root Purge: 0.0 ms]
   [Clear CT: 2.1 ms]
   [Other: 15.6 ms]
      [Choose CSet: 0.0 ms]
      [Ref Proc: 9.7 ms]
      [Ref Enq: 1.5 ms]
      [Redirty Cards: 2.6 ms]
      [Humongous Register: 0.3 ms]
      [Humongous Reclaim: 0.1 ms]
      [Free CSet: 1.3 ms]
   [Eden: 3924.0M(3924.0M)->0.0B(3932.0M) Survivors: 60.0M->56.0M Heap: 7007.9M(8192.0M)->3078.9M(8192.0M)]
 [Times: user=0.37 sys=0.02, real=0.03 secs]
2018-04-30T04:31:56.545+0200: 278.882: Total time for which application threads were stopped: 0.0317772 seconds, Stopping threads took: 0.0003241 seconds
2018-04-30T04:31:56.569+0200: 278.905: Application time: 0.0233036 seconds
2018-04-30T04:31:56.570+0200: 278.906: Total time for which application threads were stopped: 0.0009250 seconds, Stopping threads took: 0.0003619 seconds
2018-04-30T04:31:57.011+0200: 279.347: Application time: 0.4412219 seconds
2018-04-30T04:31:57.012+0200: 279.348: [GC pause (G1 Evacuation Pause) (young)
Desired survivor size 262144000 bytes, new threshold 15 (max 15)
- age   1:   12511744 bytes,   12511744 total
- age   2:    1422568 bytes,   13934312 total
- age   3:    1270032 bytes,   15204344 total
- age   4:    1563160 bytes,   16767504 total
- age   5:    1296768 bytes,   18064272 total
- age   6:    1334720 bytes,   19398992 total
- age   7:    1522976 bytes,   20921968 total
- age   8:    1176032 bytes,   22098000 total
- age   9:    1235728 bytes,   23333728 total
- age  10:    1252192 bytes,   24585920 total
- age  11:    1187920 bytes,   25773840 total
- age  12:    3545088 bytes,   29318928 total
- age  13:      15792 bytes,   29334720 total
- age  14:      21384 bytes,   29356104 total
- age  15:      19496 bytes,   29375600 total
, 0.0296030 secs]
   [Parallel Time: 12.7 ms, GC Workers: 30]
      [GC Worker Start (ms): Min: 279348.6, Avg: 279349.1, Max: 279349.5, Diff: 1.0]
      [Ext Root Scanning (ms): Min: 0.0, Avg: 0.5, Max: 1.2, Diff: 1.2, Sum: 13.9]
      [Update RS (ms): Min: 2.4, Avg: 2.9, Max: 3.6, Diff: 1.2, Sum: 88.1]
         [Processed Buffers: Min: 2, Avg: 3.7, Max: 12, Diff: 10, Sum: 110]
      [Scan RS (ms): Min: 0.0, Avg: 0.2, Max: 0.5, Diff: 0.5, Sum: 5.6]
      [Code Root Scanning (ms): Min: 0.0, Avg: 0.0, Max: 0.0, Diff: 0.0, Sum: 0.1]
      [Object Copy (ms): Min: 7.6, Avg: 8.2, Max: 8.4, Diff: 0.8, Sum: 244.9]
      [Termination (ms): Min: 0.0, Avg: 0.0, Max: 0.0, Diff: 0.0, Sum: 0.2]
         [Termination Attempts: Min: 1, Avg: 1.0, Max: 1, Diff: 0, Sum: 30]
      [GC Worker Other (ms): Min: 0.0, Avg: 0.2, Max: 0.3, Diff: 0.3, Sum: 5.0]
      [GC Worker Total (ms): Min: 11.5, Avg: 11.9, Max: 12.5, Diff: 1.0, Sum: 357.7]
      [GC Worker End (ms): Min: 279360.8, Avg: 279361.0, Max: 279361.1, Diff: 0.3]
   [Code Root Fixup: 0.0 ms]
   [Code Root Purge: 0.0 ms]
   [Clear CT: 1.3 ms]
   [Other: 15.5 ms]
      [Choose CSet: 0.0 ms]
      [Ref Proc: 10.1 ms]
      [Ref Enq: 1.5 ms]
      [Redirty Cards: 2.0 ms]
      [Humongous Register: 0.3 ms]
      [Humongous Reclaim: 0.1 ms]
      [Free CSet: 1.3 ms]
   [Eden: 3932.0M(3932.0M)->0.0B(3948.0M) Survivors: 56.0M->48.0M Heap: 7010.9M(8192.0M)->3072.8M(8192.0M)]
 [Times: user=0.38 sys=0.00, real=0.02 secs]
2018-04-30T04:31:57.042+0200: 279.378: Total time for which application threads were stopped: 0.0308268 seconds, Stopping threads took: 0.0004276 seconds
2018-04-30T04:31:57.519+0200: 279.855: Application time: 0.4772396 seconds
2018-04-30T04:31:57.520+0200: 279.856: [GC pause (G1 Evacuation Pause) (young)
Desired survivor size 262144000 bytes, new threshold 15 (max 15)
- age   1:   15509032 bytes,   15509032 total
- age   2:    1325112 bytes,   16834144 total
- age   3:    1417064 bytes,   18251208 total
- age   4:    1267792 bytes,   19519000 total
- age   5:    1562392 bytes,   21081392 total
- age   6:    1296448 bytes,   22377840 total
- age   7:    1334208 bytes,   23712048 total
- age   8:    1522528 bytes,   25234576 total
- age   9:    1175776 bytes,   26410352 total
- age  10:    1235728 bytes,   27646080 total
- age  11:    1231928 bytes,   28878008 total
- age  12:      10976 bytes,   28888984 total
- age  13:    3544960 bytes,   32433944 total
- age  14:      15664 bytes,   32449608 total
- age  15:      21056 bytes,   32470664 total
, 0.0329416 secs]
   [Parallel Time: 13.6 ms, GC Workers: 30]
      [GC Worker Start (ms): Min: 279856.5, Avg: 279857.0, Max: 279857.5, Diff: 1.1]
      [Ext Root Scanning (ms): Min: 0.0, Avg: 0.5, Max: 1.3, Diff: 1.3, Sum: 14.5]
      [Update RS (ms): Min: 2.7, Avg: 3.3, Max: 4.2, Diff: 1.5, Sum: 98.1]
         [Processed Buffers: Min: 2, Avg: 3.9, Max: 17, Diff: 15, Sum: 118]
      [Scan RS (ms): Min: 0.0, Avg: 0.2, Max: 0.6, Diff: 0.5, Sum: 5.4]
      [Code Root Scanning (ms): Min: 0.0, Avg: 0.0, Max: 0.0, Diff: 0.0, Sum: 0.1]
      [Object Copy (ms): Min: 7.7, Avg: 8.5, Max: 8.8, Diff: 1.1, Sum: 255.4]
      [Termination (ms): Min: 0.0, Avg: 0.0, Max: 0.0, Diff: 0.0, Sum: 0.2]
         [Termination Attempts: Min: 1, Avg: 1.0, Max: 1, Diff: 0, Sum: 30]
      [GC Worker Other (ms): Min: 0.0, Avg: 0.2, Max: 0.3, Diff: 0.3, Sum: 4.7]
      [GC Worker Total (ms): Min: 12.1, Avg: 12.6, Max: 13.2, Diff: 1.1, Sum: 378.3]
      [GC Worker End (ms): Min: 279869.5, Avg: 279869.7, Max: 279869.8, Diff: 0.3]
   [Code Root Fixup: 0.0 ms]
   [Code Root Purge: 0.0 ms]
   [Clear CT: 2.7 ms]
   [Other: 16.6 ms]
      [Choose CSet: 0.0 ms]
      [Ref Proc: 10.1 ms]
      [Ref Enq: 1.6 ms]
      [Redirty Cards: 3.0 ms]
      [Humongous Register: 0.3 ms]
      [Humongous Reclaim: 0.1 ms]
      [Free CSet: 1.3 ms]
   [Eden: 3948.0M(3948.0M)->0.0B(3940.0M) Survivors: 48.0M->52.0M Heap: 7020.8M(8192.0M)->3077.1M(8192.0M)]
 [Times: user=0.40 sys=0.00, real=0.04 secs]
2018-04-30T04:31:57.553+0200: 279.889: Total time for which application threads were stopped: 0.0339790 seconds, Stopping threads took: 0.0002445 seconds
2018-04-30T04:31:58.001+0200: 280.337: Application time: 0.4479888 seconds
2018-04-30T04:31:58.002+0200: 280.338: [GC pause (G1 Evacuation Pause) (young)
Desired survivor size 262144000 bytes, new threshold 15 (max 15)
- age   1:   12755680 bytes,   12755680 total
- age   2:    1215080 bytes,   13970760 total
- age   3:    1291448 bytes,   15262208 total
- age   4:    1271880 bytes,   16534088 total
- age   5:    1259112 bytes,   17793200 total
- age   6:    1298680 bytes,   19091880 total
- age   7:    1295936 bytes,   20387816 total
- age   8:    1333440 bytes,   21721256 total
- age   9:    1522080 bytes,   23243336 total
- age  10:    1175648 bytes,   24418984 total
- age  11:    1208608 bytes,   25627592 total
- age  12:      17320 bytes,   25644912 total
- age  13:      10848 bytes,   25655760 total
- age  14:    3544896 bytes,   29200656 total
- age  15:      15536 bytes,   29216192 total
, 0.0344820 secs]
   [Parallel Time: 14.0 ms, GC Workers: 30]
      [GC Worker Start (ms): Min: 280338.5, Avg: 280339.0, Max: 280339.4, Diff: 1.0]
      [Ext Root Scanning (ms): Min: 0.1, Avg: 0.5, Max: 1.3, Diff: 1.2, Sum: 14.4]
      [Update RS (ms): Min: 2.5, Avg: 3.3, Max: 4.1, Diff: 1.7, Sum: 100.1]
         [Processed Buffers: Min: 2, Avg: 3.9, Max: 17, Diff: 15, Sum: 116]
      [Scan RS (ms): Min: 0.0, Avg: 0.2, Max: 0.6, Diff: 0.5, Sum: 5.3]
      [Code Root Scanning (ms): Min: 0.0, Avg: 0.0, Max: 0.0, Diff: 0.0, Sum: 0.1]
      [Object Copy (ms): Min: 8.3, Avg: 8.9, Max: 9.3, Diff: 1.1, Sum: 268.1]
      [Termination (ms): Min: 0.0, Avg: 0.0, Max: 0.0, Diff: 0.0, Sum: 0.2]
         [Termination Attempts: Min: 1, Avg: 1.0, Max: 1, Diff: 0, Sum: 30]
      [GC Worker Other (ms): Min: 0.0, Avg: 0.2, Max: 0.3, Diff: 0.3, Sum: 4.5]
      [GC Worker Total (ms): Min: 12.6, Avg: 13.1, Max: 13.8, Diff: 1.1, Sum: 392.7]
      [GC Worker End (ms): Min: 280352.0, Avg: 280352.1, Max: 280352.3, Diff: 0.3]
   [Code Root Fixup: 0.0 ms]
   [Code Root Purge: 0.0 ms]
   [Clear CT: 1.9 ms]
   [Other: 18.6 ms]
      [Choose CSet: 0.0 ms]
      [Ref Proc: 13.0 ms]
      [Ref Enq: 1.7 ms]
      [Redirty Cards: 2.0 ms]
      [Humongous Register: 0.3 ms]
      [Humongous Reclaim: 0.1 ms]
      [Free CSet: 1.2 ms]
   [Eden: 3940.0M(3940.0M)->0.0B(3948.0M) Survivors: 52.0M->48.0M Heap: 7017.1M(8192.0M)->3071.0M(8192.0M)]
 [Times: user=0.42 sys=0.00, real=0.04 secs]
2018-04-30T04:31:58.036+0200: 280.373: Total time for which application threads were stopped: 0.0355733 seconds, Stopping threads took: 0.0003293 seconds
2018-04-30T04:31:58.058+0200: 280.394: Application time: 0.0216496 seconds
2018-04-30T04:31:58.059+0200: 280.395: Total time for which application threads were stopped: 0.0007839 seconds, Stopping threads took: 0.0003004 seconds
2018-04-30T04:31:58.507+0200: 280.843: Application time: 0.4481267 seconds
2018-04-30T04:31:58.508+0200: 280.844: [GC pause (G1 Evacuation Pause) (young)
Desired survivor size 262144000 bytes, new threshold 15 (max 15)
- age   1:   14858200 bytes,   14858200 total
- age   2:    1738728 bytes,   16596928 total
- age   3:    1208904 bytes,   17805832 total
- age   4:    1287256 bytes,   19093088 total
- age   5:    1267016 bytes,   20360104 total
- age   6:    1257832 bytes,   21617936 total
- age   7:    1296680 bytes,   22914616 total
- age   8:    1295488 bytes,   24210104 total
- age   9:    1332856 bytes,   25542960 total
- age  10:    1521824 bytes,   27064784 total
- age  11:    1081672 bytes,   28146456 total
- age  12:      29760 bytes,   28176216 total
- age  13:      17128 bytes,   28193344 total
- age  14:      10784 bytes,   28204128 total
- age  15:    3544832 bytes,   31748960 total
, 0.0316091 secs]
   [Parallel Time: 13.8 ms, GC Workers: 30]
      [GC Worker Start (ms): Min: 280844.8, Avg: 280845.3, Max: 280845.7, Diff: 0.9]
      [Ext Root Scanning (ms): Min: 0.0, Avg: 0.5, Max: 1.4, Diff: 1.4, Sum: 15.3]
      [Update RS (ms): Min: 2.6, Avg: 3.3, Max: 4.3, Diff: 1.6, Sum: 99.8]
         [Processed Buffers: Min: 2, Avg: 3.8, Max: 13, Diff: 11, Sum: 114]
      [Scan RS (ms): Min: 0.0, Avg: 0.2, Max: 0.6, Diff: 0.6, Sum: 5.5]
      [Code Root Scanning (ms): Min: 0.0, Avg: 0.0, Max: 0.0, Diff: 0.0, Sum: 0.1]
      [Object Copy (ms): Min: 7.9, Avg: 8.7, Max: 9.0, Diff: 1.2, Sum: 260.6]
      [Termination (ms): Min: 0.0, Avg: 0.0, Max: 0.0, Diff: 0.0, Sum: 0.2]
         [Termination Attempts: Min: 1, Avg: 1.0, Max: 1, Diff: 0, Sum: 30]
      [GC Worker Other (ms): Min: 0.0, Avg: 0.2, Max: 0.4, Diff: 0.3, Sum: 5.5]
      [GC Worker Total (ms): Min: 12.3, Avg: 12.9, Max: 13.5, Diff: 1.1, Sum: 387.0]
      [GC Worker End (ms): Min: 280858.0, Avg: 280858.2, Max: 280858.3, Diff: 0.3]
   [Code Root Fixup: 0.0 ms]
   [Code Root Purge: 0.0 ms]
   [Clear CT: 1.9 ms]
   [Other: 15.9 ms]
      [Choose CSet: 0.0 ms]
      [Ref Proc: 10.4 ms]
      [Ref Enq: 1.5 ms]
      [Redirty Cards: 2.0 ms]
      [Humongous Register: 0.3 ms]
      [Humongous Reclaim: 0.1 ms]
      [Free CSet: 1.2 ms]
   [Eden: 3948.0M(3948.0M)->0.0B(3960.0M) Survivors: 48.0M->40.0M Heap: 7019.0M(8192.0M)->3066.5M(8192.0M)]
 [Times: user=0.41 sys=0.00, real=0.03 secs]
2018-04-30T04:31:58.540+0200: 280.876: Total time for which application threads were stopped: 0.0328372 seconds, Stopping threads took: 0.0003326 seconds
2018-04-30T04:31:59.000+0200: 281.337: Application time: 0.4604289 seconds
2018-04-30T04:31:59.001+0200: 281.338: [GC pause (G1 Evacuation Pause) (young)
Desired survivor size 262144000 bytes, new threshold 15 (max 15)
- age   1:   13093168 bytes,   13093168 total
- age   2:    1310352 bytes,   14403520 total
- age   3:    1734240 bytes,   16137760 total
- age   4:    1207432 bytes,   17345192 total
- age   5:    1285128 bytes,   18630320 total
- age   6:    1266312 bytes,   19896632 total
- age   7:    1256928 bytes,   21153560 total
- age   8:    1294672 bytes,   22448232 total
- age   9:    1295296 bytes,   23743528 total
- age  10:    1332600 bytes,   25076128 total
- age  11:    1299000 bytes,   26375128 total
- age  12:      18424 bytes,   26393552 total
- age  13:      29696 bytes,   26423248 total
- age  14:      17128 bytes,   26440376 total
- age  15:      10784 bytes,   26451160 total
, 0.0324484 secs]
   [Parallel Time: 13.3 ms, GC Workers: 30]
      [GC Worker Start (ms): Min: 281338.0, Avg: 281338.5, Max: 281338.9, Diff: 0.9]
      [Ext Root Scanning (ms): Min: 0.1, Avg: 0.5, Max: 1.2, Diff: 1.1, Sum: 15.3]
      [Update RS (ms): Min: 2.5, Avg: 3.3, Max: 4.1, Diff: 1.6, Sum: 97.9]
         [Processed Buffers: Min: 2, Avg: 3.8, Max: 17, Diff: 15, Sum: 115]
      [Scan RS (ms): Min: 0.0, Avg: 0.2, Max: 0.6, Diff: 0.6, Sum: 5.0]
      [Code Root Scanning (ms): Min: 0.0, Avg: 0.0, Max: 0.0, Diff: 0.0, Sum: 0.1]
      [Object Copy (ms): Min: 7.6, Avg: 8.3, Max: 8.6, Diff: 1.0, Sum: 248.5]
      [Termination (ms): Min: 0.0, Avg: 0.0, Max: 0.0, Diff: 0.0, Sum: 0.2]
         [Termination Attempts: Min: 1, Avg: 1.0, Max: 1, Diff: 0, Sum: 30]
      [GC Worker Other (ms): Min: 0.0, Avg: 0.2, Max: 0.3, Diff: 0.3, Sum: 4.7]
      [GC Worker Total (ms): Min: 11.9, Avg: 12.4, Max: 13.0, Diff: 1.0, Sum: 371.7]
      [GC Worker End (ms): Min: 281350.8, Avg: 281350.9, Max: 281351.1, Diff: 0.3]
   [Code Root Fixup: 0.0 ms]
   [Code Root Purge: 0.0 ms]
   [Clear CT: 2.5 ms]
   [Other: 16.6 ms]
      [Choose CSet: 0.0 ms]
      [Ref Proc: 9.9 ms]
      [Ref Enq: 1.6 ms]
      [Redirty Cards: 3.2 ms]
      [Humongous Register: 0.3 ms]
      [Humongous Reclaim: 0.1 ms]
      [Free CSet: 1.3 ms]
   [Eden: 3960.0M(3960.0M)->0.0B(3952.0M) Survivors: 40.0M->44.0M Heap: 7026.5M(8192.0M)->3070.4M(8192.0M)]
 [Times: user=0.40 sys=0.01, real=0.04 secs]
2018-04-30T04:31:59.034+0200: 281.370: Total time for which application threads were stopped: 0.0336403 seconds, Stopping threads took: 0.0003785 seconds
2018-04-30T04:31:59.037+0200: 281.373: Application time: 0.0027291 seconds
2018-04-30T04:31:59.039+0200: 281.375: Total time for which application threads were stopped: 0.0020284 seconds, Stopping threads took: 0.0002958 seconds
2018-04-30T04:31:59.492+0200: 281.829: Application time: 0.4537339 seconds
2018-04-30T04:31:59.493+0200: 281.830: [GC pause (G1 Evacuation Pause) (young)
Desired survivor size 262144000 bytes, new threshold 15 (max 15)
- age   1:   13465136 bytes,   13465136 total
- age   2:    1461560 bytes,   14926696 total
- age   3:    1304712 bytes,   16231408 total
- age   4:    1732288 bytes,   17963696 total
- age   5:    1205640 bytes,   19169336 total
- age   6:    1284232 bytes,   20453568 total
- age   7:    1265992 bytes,   21719560 total
- age   8:    1256480 bytes,   22976040 total
- age   9:    1294352 bytes,   24270392 total
- age  10:    1295168 bytes,   25565560 total
- age  11:    1072168 bytes,   26637728 total
- age  12:     303424 bytes,   26941152 total
- age  13:      18360 bytes,   26959512 total
- age  14:      29696 bytes,   26989208 total
- age  15:      17128 bytes,   27006336 total
, 0.0311243 secs]
   [Parallel Time: 12.4 ms, GC Workers: 30]
      [GC Worker Start (ms): Min: 281830.2, Avg: 281830.6, Max: 281831.0, Diff: 0.8]
      [Ext Root Scanning (ms): Min: 0.1, Avg: 0.6, Max: 1.3, Diff: 1.2, Sum: 16.6]
      [Update RS (ms): Min: 2.5, Avg: 3.0, Max: 3.7, Diff: 1.2, Sum: 91.4]
         [Processed Buffers: Min: 2, Avg: 3.8, Max: 15, Diff: 13, Sum: 113]
      [Scan RS (ms): Min: 0.0, Avg: 0.2, Max: 0.5, Diff: 0.5, Sum: 5.6]
      [Code Root Scanning (ms): Min: 0.0, Avg: 0.0, Max: 0.0, Diff: 0.0, Sum: 0.1]
      [Object Copy (ms): Min: 7.3, Avg: 7.8, Max: 8.1, Diff: 0.8, Sum: 234.7]
      [Termination (ms): Min: 0.0, Avg: 0.0, Max: 0.0, Diff: 0.0, Sum: 0.2]
         [Termination Attempts: Min: 1, Avg: 1.0, Max: 1, Diff: 0, Sum: 30]
      [GC Worker Other (ms): Min: 0.0, Avg: 0.2, Max: 0.3, Diff: 0.3, Sum: 4.6]
      [GC Worker Total (ms): Min: 11.3, Avg: 11.8, Max: 12.2, Diff: 0.9, Sum: 353.0]
      [GC Worker End (ms): Min: 281842.2, Avg: 281842.4, Max: 281842.5, Diff: 0.3]
   [Code Root Fixup: 0.0 ms]
   [Code Root Purge: 0.0 ms]
   [Clear CT: 2.5 ms]
   [Other: 16.2 ms]
      [Choose CSet: 0.0 ms]
      [Ref Proc: 10.1 ms]
      [Ref Enq: 1.6 ms]
      [Redirty Cards: 2.6 ms]
      [Humongous Register: 0.3 ms]
      [Humongous Reclaim: 0.1 ms]
      [Free CSet: 1.2 ms]
   [Eden: 3952.0M(3952.0M)->0.0B(3952.0M) Survivors: 44.0M->44.0M Heap: 7022.4M(8192.0M)->3072.1M(8192.0M)]
 [Times: user=0.38 sys=0.00, real=0.03 secs]
2018-04-30T04:31:59.525+0200: 281.861: Total time for which application threads were stopped: 0.0323522 seconds, Stopping threads took: 0.0004165 seconds
2018-04-30T04:31:59.970+0200: 282.306: Application time: 0.4449848 seconds
2018-04-30T04:31:59.971+0200: 282.307: [GC pause (G1 Evacuation Pause) (young)
Desired survivor size 262144000 bytes, new threshold 15 (max 15)
- age   1:   13487240 bytes,   13487240 total
- age   2:    1287424 bytes,   14774664 total
- age   3:    1312792 bytes,   16087456 total
- age   4:    1302248 bytes,   17389704 total
- age   5:    1731160 bytes,   19120864 total
- age   6:    1205320 bytes,   20326184 total
- age   7:    1283776 bytes,   21609960 total
- age   8:    1265672 bytes,   22875632 total
- age   9:    1255904 bytes,   24131536 total
- age  10:    1294032 bytes,   25425568 total
- age  11:    1075472 bytes,   26501040 total
- age  12:      54280 bytes,   26555320 total
- age  13:     303360 bytes,   26858680 total
- age  14:      18360 bytes,   26877040 total
- age  15:      29696 bytes,   26906736 total
, 0.0339906 secs]
   [Parallel Time: 12.6 ms, GC Workers: 30]
      [GC Worker Start (ms): Min: 282307.7, Avg: 282308.1, Max: 282308.5, Diff: 0.8]
      [Ext Root Scanning (ms): Min: 0.2, Avg: 0.6, Max: 1.3, Diff: 1.2, Sum: 18.1]
      [Update RS (ms): Min: 2.6, Avg: 3.4, Max: 4.1, Diff: 1.5, Sum: 101.6]
         [Processed Buffers: Min: 2, Avg: 3.8, Max: 14, Diff: 12, Sum: 113]
      [Scan RS (ms): Min: 0.0, Avg: 0.2, Max: 0.6, Diff: 0.6, Sum: 5.4]
      [Code Root Scanning (ms): Min: 0.0, Avg: 0.0, Max: 0.0, Diff: 0.0, Sum: 0.1]
      [Object Copy (ms): Min: 6.8, Avg: 7.4, Max: 7.7, Diff: 0.9, Sum: 220.6]
      [Termination (ms): Min: 0.0, Avg: 0.0, Max: 0.0, Diff: 0.0, Sum: 0.3]
         [Termination Attempts: Min: 1, Avg: 1.0, Max: 1, Diff: 0, Sum: 30]
      [GC Worker Other (ms): Min: 0.0, Avg: 0.2, Max: 0.4, Diff: 0.4, Sum: 6.6]
      [GC Worker Total (ms): Min: 11.3, Avg: 11.8, Max: 12.2, Diff: 0.9, Sum: 352.7]
      [GC Worker End (ms): Min: 282319.7, Avg: 282319.9, Max: 282320.1, Diff: 0.4]
   [Code Root Fixup: 0.0 ms]
   [Code Root Purge: 0.0 ms]
   [Clear CT: 2.6 ms]
   [Other: 18.8 ms]
      [Choose CSet: 0.0 ms]
      [Ref Proc: 12.5 ms]
      [Ref Enq: 1.8 ms]
      [Redirty Cards: 2.6 ms]
      [Humongous Register: 0.3 ms]
      [Humongous Reclaim: 0.1 ms]
      [Free CSet: 1.3 ms]
   [Eden: 3952.0M(3952.0M)->0.0B(3952.0M) Survivors: 44.0M->44.0M Heap: 7024.1M(8192.0M)->3072.1M(8192.0M)]
 [Times: user=0.37 sys=0.02, real=0.04 secs]
2018-04-30T04:32:00.005+0200: 282.341: Total time for which application threads were stopped: 0.0353845 seconds, Stopping threads took: 0.0006066 seconds
2018-04-30T04:32:00.064+0200: 282.400: Application time: 0.0588440 seconds
2018-04-30T04:32:00.065+0200: 282.401: Total time for which application threads were stopped: 0.0010399 seconds, Stopping threads took: 0.0004584 seconds
2018-04-30T04:32:00.451+0200: 282.787: Application time: 0.3856083 seconds
2018-04-30T04:32:00.451+0200: 282.788: [GC pause (G1 Evacuation Pause) (young)
Desired survivor size 262144000 bytes, new threshold 15 (max 15)
- age   1:   12177488 bytes,   12177488 total
- age   2:    1491872 bytes,   13669360 total
- age   3:    1281928 bytes,   14951288 total
- age   4:    1310104 bytes,   16261392 total
- age   5:    1301096 bytes,   17562488 total
- age   6:    1729984 bytes,   19292472 total
- age   7:    1204872 bytes,   20497344 total
- age   8:    1283520 bytes,   21780864 total
- age   9:    1265352 bytes,   23046216 total
- age  10:    1255584 bytes,   24301800 total
- age  11:    1049376 bytes,   25351176 total
- age  12:       7736 bytes,   25358912 total
- age  13:      54280 bytes,   25413192 total
- age  14:     303296 bytes,   25716488 total
- age  15:      18360 bytes,   25734848 total
, 0.0305870 secs]
   [Parallel Time: 12.7 ms, GC Workers: 30]
      [GC Worker Start (ms): Min: 282788.3, Avg: 282788.7, Max: 282789.1, Diff: 0.8]
      [Ext Root Scanning (ms): Min: 0.1, Avg: 0.5, Max: 1.3, Diff: 1.1, Sum: 15.6]
      [Update RS (ms): Min: 2.4, Avg: 3.2, Max: 3.8, Diff: 1.4, Sum: 95.9]
         [Processed Buffers: Min: 2, Avg: 3.7, Max: 11, Diff: 9, Sum: 110]
      [Scan RS (ms): Min: 0.0, Avg: 0.2, Max: 0.5, Diff: 0.5, Sum: 5.6]
      [Code Root Scanning (ms): Min: 0.0, Avg: 0.0, Max: 0.0, Diff: 0.0, Sum: 0.1]
      [Object Copy (ms): Min: 7.5, Avg: 8.0, Max: 8.3, Diff: 0.8, Sum: 238.5]
      [Termination (ms): Min: 0.0, Avg: 0.0, Max: 0.0, Diff: 0.0, Sum: 0.2]
         [Termination Attempts: Min: 1, Avg: 1.0, Max: 1, Diff: 0, Sum: 30]
      [GC Worker Other (ms): Min: 0.0, Avg: 0.1, Max: 0.3, Diff: 0.3, Sum: 4.3]
      [GC Worker Total (ms): Min: 11.5, Avg: 12.0, Max: 12.6, Diff: 1.1, Sum: 360.2]
      [GC Worker End (ms): Min: 282800.6, Avg: 282800.7, Max: 282800.9, Diff: 0.3]
   [Code Root Fixup: 0.0 ms]
   [Code Root Purge: 0.0 ms]
   [Clear CT: 2.3 ms]
   [Other: 15.6 ms]
      [Choose CSet: 0.0 ms]
      [Ref Proc: 10.0 ms]
      [Ref Enq: 1.6 ms]
      [Redirty Cards: 2.1 ms]
      [Humongous Register: 0.3 ms]
      [Humongous Reclaim: 0.1 ms]
      [Free CSet: 1.3 ms]
   [Eden: 3952.0M(3952.0M)->0.0B(3952.0M) Survivors: 44.0M->44.0M Heap: 7024.1M(8192.0M)->3072.1M(8192.0M)]
 [Times: user=0.38 sys=0.00, real=0.03 secs]
2018-04-30T04:32:00.482+0200: 282.819: Total time for which application threads were stopped: 0.0316591 seconds, Stopping threads took: 0.0002855 seconds
2018-04-30T04:32:00.946+0200: 283.282: Application time: 0.4635730 seconds
2018-04-30T04:32:00.948+0200: 283.284: [GC pause (G1 Evacuation Pause) (young)
Desired survivor size 262144000 bytes, new threshold 15 (max 15)
- age   1:   12343192 bytes,   12343192 total
- age   2:    1360320 bytes,   13703512 total
- age   3:    1486568 bytes,   15190080 total
- age   4:    1280096 bytes,   16470176 total
- age   5:    1308376 bytes,   17778552 total
- age   6:    1299240 bytes,   19077792 total
- age   7:    1729344 bytes,   20807136 total
- age   8:    1204360 bytes,   22011496 total
- age   9:    1283072 bytes,   23294568 total
- age  10:    1265288 bytes,   24559856 total
- age  11:     985872 bytes,   25545728 total
- age  12:      16976 bytes,   25562704 total
- age  13:       7736 bytes,   25570440 total
- age  14:      54216 bytes,   25624656 total
- age  15:     303232 bytes,   25927888 total
, 0.0306091 secs]
   [Parallel Time: 12.6 ms, GC Workers: 30]
      [GC Worker Start (ms): Min: 283284.7, Avg: 283285.2, Max: 283285.7, Diff: 1.0]
      [Ext Root Scanning (ms): Min: 0.0, Avg: 0.5, Max: 1.3, Diff: 1.2, Sum: 16.1]
      [Update RS (ms): Min: 2.3, Avg: 3.0, Max: 3.8, Diff: 1.5, Sum: 90.8]
         [Processed Buffers: Min: 2, Avg: 3.7, Max: 13, Diff: 11, Sum: 111]
      [Scan RS (ms): Min: 0.0, Avg: 0.2, Max: 0.6, Diff: 0.5, Sum: 5.4]
      [Code Root Scanning (ms): Min: 0.0, Avg: 0.0, Max: 0.0, Diff: 0.0, Sum: 0.1]
      [Object Copy (ms): Min: 7.2, Avg: 7.9, Max: 8.1, Diff: 0.9, Sum: 236.0]
      [Termination (ms): Min: 0.0, Avg: 0.0, Max: 0.0, Diff: 0.0, Sum: 0.2]
         [Termination Attempts: Min: 1, Avg: 1.0, Max: 1, Diff: 0, Sum: 30]
      [GC Worker Other (ms): Min: 0.0, Avg: 0.2, Max: 0.4, Diff: 0.3, Sum: 5.5]
      [GC Worker Total (ms): Min: 11.3, Avg: 11.8, Max: 12.3, Diff: 1.0, Sum: 354.0]
      [GC Worker End (ms): Min: 283296.8, Avg: 283297.0, Max: 283297.2, Diff: 0.3]
   [Code Root Fixup: 0.0 ms]
   [Code Root Purge: 0.0 ms]
   [Clear CT: 2.3 ms]
   [Other: 15.7 ms]
      [Choose CSet: 0.0 ms]
      [Ref Proc: 9.7 ms]
      [Ref Enq: 1.4 ms]
      [Redirty Cards: 2.8 ms]
      [Humongous Register: 0.3 ms]
      [Humongous Reclaim: 0.1 ms]
      [Free CSet: 1.2 ms]
   [Eden: 3952.0M(3952.0M)->0.0B(3952.0M) Survivors: 44.0M->44.0M Heap: 7024.1M(8192.0M)->3072.4M(8192.0M)]
 [Times: user=0.38 sys=0.00, real=0.03 secs]
2018-04-30T04:32:00.979+0200: 283.315: Total time for which application threads were stopped: 0.0328053 seconds, Stopping threads took: 0.0014178 seconds
2018-04-30T04:32:01.441+0200: 283.777: Application time: 0.4622980 seconds
2018-04-30T04:32:01.442+0200: 283.778: [GC pause (G1 Evacuation Pause) (young)
Desired survivor size 262144000 bytes, new threshold 15 (max 15)
- age   1:   13894376 bytes,   13894376 total
- age   2:    1331208 bytes,   15225584 total
- age   3:    1356072 bytes,   16581656 total
- age   4:    1484680 bytes,   18066336 total
- age   5:    1278040 bytes,   19344376 total
- age   6:    1307544 bytes,   20651920 total
- age   7:    1298152 bytes,   21950072 total
- age   8:    1728384 bytes,   23678456 total
- age   9:    1204232 bytes,   24882688 total
- age  10:    1283008 bytes,   26165696 total
- age  11:    1035384 bytes,   27201080 total
- age  12:       7904 bytes,   27208984 total
- age  13:      16848 bytes,   27225832 total
- age  14:       7736 bytes,   27233568 total
- age  15:      54088 bytes,   27287656 total
, 0.0327844 secs]
   [Parallel Time: 15.3 ms, GC Workers: 30]
      [GC Worker Start (ms): Min: 283778.6, Avg: 283779.2, Max: 283779.7, Diff: 1.0]
      [Ext Root Scanning (ms): Min: 0.0, Avg: 0.5, Max: 1.4, Diff: 1.4, Sum: 15.5]
      [Update RS (ms): Min: 2.4, Avg: 3.0, Max: 3.8, Diff: 1.3, Sum: 88.6]
         [Processed Buffers: Min: 2, Avg: 3.9, Max: 18, Diff: 16, Sum: 116]
      [Scan RS (ms): Min: 0.0, Avg: 0.2, Max: 0.5, Diff: 0.5, Sum: 6.2]
      [Code Root Scanning (ms): Min: 0.0, Avg: 0.0, Max: 0.0, Diff: 0.0, Sum: 0.1]
      [Object Copy (ms): Min: 9.7, Avg: 10.4, Max: 10.6, Diff: 0.9, Sum: 310.6]
      [Termination (ms): Min: 0.0, Avg: 0.1, Max: 0.2, Diff: 0.2, Sum: 3.6]
         [Termination Attempts: Min: 1, Avg: 31.6, Max: 41, Diff: 40, Sum: 947]
      [GC Worker Other (ms): Min: 0.0, Avg: 0.2, Max: 0.3, Diff: 0.3, Sum: 5.2]
      [GC Worker Total (ms): Min: 13.7, Avg: 14.3, Max: 14.8, Diff: 1.1, Sum: 429.8]
      [GC Worker End (ms): Min: 283793.3, Avg: 283793.5, Max: 283793.7, Diff: 0.3]
   [Code Root Fixup: 0.0 ms]
   [Code Root Purge: 0.0 ms]
   [Clear CT: 1.8 ms]
   [Other: 15.7 ms]
      [Choose CSet: 0.0 ms]
      [Ref Proc: 10.2 ms]
      [Ref Enq: 1.5 ms]
      [Redirty Cards: 1.9 ms]
      [Humongous Register: 0.3 ms]
      [Humongous Reclaim: 0.1 ms]
      [Free CSet: 1.4 ms]
   [Eden: 3952.0M(3952.0M)->0.0B(3952.0M) Survivors: 44.0M->44.0M Heap: 7024.4M(8192.0M)->3073.4M(8192.0M)]
 [Times: user=0.44 sys=0.00, real=0.04 secs]
2018-04-30T04:32:01.475+0200: 283.811: Total time for which application threads were stopped: 0.0339492 seconds, Stopping threads took: 0.0003324 seconds
2018-04-30T04:32:01.515+0200: 283.851: Application time: 0.0398771 seconds
2018-04-30T04:32:01.516+0200: 283.852: Total time for which application threads were stopped: 0.0008404 seconds, Stopping threads took: 0.0002662 seconds
2018-04-30T04:32:01.941+0200: 284.277: Application time: 0.4250279 seconds
2018-04-30T04:32:01.942+0200: 284.278: [GC pause (G1 Evacuation Pause) (young)
Desired survivor size 262144000 bytes, new threshold 15 (max 15)
- age   1:   13672552 bytes,   13672552 total
- age   2:    1385128 bytes,   15057680 total
- age   3:    1324936 bytes,   16382616 total
- age   4:    1354792 bytes,   17737408 total
- age   5:    1483624 bytes,   19221032 total
- age   6:    1277208 bytes,   20498240 total
- age   7:    1307224 bytes,   21805464 total
- age   8:    1297192 bytes,   23102656 total
- age   9:    1728064 bytes,   24830720 total
- age  10:    1204040 bytes,   26034760 total
- age  11:    1051200 bytes,   27085960 total
- age  12:       8176 bytes,   27094136 total
- age  13:       7712 bytes,   27101848 total
- age  14:      16720 bytes,   27118568 total
- age  15:       7672 bytes,   27126240 total
, 0.0327737 secs]
   [Parallel Time: 13.0 ms, GC Workers: 30]
      [GC Worker Start (ms): Min: 284278.5, Avg: 284279.0, Max: 284279.5, Diff: 1.0]
      [Ext Root Scanning (ms): Min: 0.0, Avg: 0.5, Max: 1.4, Diff: 1.4, Sum: 15.4]
      [Update RS (ms): Min: 2.4, Avg: 3.0, Max: 3.7, Diff: 1.2, Sum: 89.7]
         [Processed Buffers: Min: 2, Avg: 3.8, Max: 16, Diff: 14, Sum: 115]
      [Scan RS (ms): Min: 0.0, Avg: 0.2, Max: 0.6, Diff: 0.5, Sum: 5.7]
      [Code Root Scanning (ms): Min: 0.0, Avg: 0.0, Max: 0.0, Diff: 0.0, Sum: 0.1]
      [Object Copy (ms): Min: 7.7, Avg: 8.3, Max: 8.5, Diff: 0.8, Sum: 247.8]
      [Termination (ms): Min: 0.0, Avg: 0.0, Max: 0.0, Diff: 0.0, Sum: 0.3]
         [Termination Attempts: Min: 1, Avg: 1.0, Max: 1, Diff: 0, Sum: 30]
      [GC Worker Other (ms): Min: 0.0, Avg: 0.2, Max: 0.3, Diff: 0.3, Sum: 4.9]
      [GC Worker Total (ms): Min: 11.6, Avg: 12.1, Max: 12.6, Diff: 1.0, Sum: 363.9]
      [GC Worker End (ms): Min: 284291.0, Avg: 284291.2, Max: 284291.3, Diff: 0.3]
   [Code Root Fixup: 0.0 ms]
   [Code Root Purge: 0.0 ms]
   [Clear CT: 1.9 ms]
   [Other: 17.9 ms]
      [Choose CSet: 0.0 ms]
      [Ref Proc: 11.8 ms]
      [Ref Enq: 1.9 ms]
      [Redirty Cards: 2.1 ms]
      [Humongous Register: 0.3 ms]
      [Humongous Reclaim: 0.1 ms]
      [Free CSet: 1.5 ms]
   [Eden: 3952.0M(3952.0M)->0.0B(3944.0M) Survivors: 44.0M->48.0M Heap: 7025.4M(8192.0M)->3075.8M(8192.0M)]
 [Times: user=0.38 sys=0.01, real=0.04 secs]
2018-04-30T04:32:01.975+0200: 284.311: Total time for which application threads were stopped: 0.0340534 seconds, Stopping threads took: 0.0004100 seconds
2018-04-30T04:32:02.442+0200: 284.778: Application time: 0.4670376 seconds
2018-04-30T04:32:02.443+0200: 284.779: [GC pause (G1 Evacuation Pause) (young)
Desired survivor size 262144000 bytes, new threshold 15 (max 15)
- age   1:   15172104 bytes,   15172104 total
- age   2:    1276992 bytes,   16449096 total
- age   3:    1230128 bytes,   17679224 total
- age   4:    1322184 bytes,   19001408 total
- age   5:    1353072 bytes,   20354480 total
- age   6:    1482784 bytes,   21837264 total
- age   7:    1276504 bytes,   23113768 total
- age   8:    1306840 bytes,   24420608 total
- age   9:    1296088 bytes,   25716696 total
- age  10:    1727680 bytes,   27444376 total
- age  11:     996512 bytes,   28440888 total
- age  12:      21832 bytes,   28462720 total
- age  13:       8112 bytes,   28470832 total
- age  14:       7584 bytes,   28478416 total
- age  15:      16464 bytes,   28494880 total
, 0.0304131 secs]
   [Parallel Time: 12.6 ms, GC Workers: 30]
      [GC Worker Start (ms): Min: 284779.6, Avg: 284780.1, Max: 284780.5, Diff: 1.0]
      [Ext Root Scanning (ms): Min: 0.1, Avg: 0.6, Max: 1.4, Diff: 1.3, Sum: 17.1]
      [Update RS (ms): Min: 2.4, Avg: 3.0, Max: 4.2, Diff: 1.7, Sum: 90.6]
         [Processed Buffers: Min: 2, Avg: 4.0, Max: 22, Diff: 20, Sum: 120]
      [Scan RS (ms): Min: 0.0, Avg: 0.2, Max: 0.5, Diff: 0.4, Sum: 5.7]
      [Code Root Scanning (ms): Min: 0.0, Avg: 0.0, Max: 0.0, Diff: 0.0, Sum: 0.1]
      [Object Copy (ms): Min: 6.6, Avg: 7.6, Max: 7.9, Diff: 1.3, Sum: 227.8]
      [Termination (ms): Min: 0.0, Avg: 0.0, Max: 0.0, Diff: 0.0, Sum: 0.4]
         [Termination Attempts: Min: 1, Avg: 1.0, Max: 1, Diff: 0, Sum: 30]
      [GC Worker Other (ms): Min: 0.0, Avg: 0.2, Max: 0.4, Diff: 0.4, Sum: 6.0]
      [GC Worker Total (ms): Min: 11.0, Avg: 11.6, Max: 12.1, Diff: 1.1, Sum: 347.6]
      [GC Worker End (ms): Min: 284791.5, Avg: 284791.7, Max: 284791.9, Diff: 0.4]
   [Code Root Fixup: 0.0 ms]
   [Code Root Purge: 0.0 ms]
   [Clear CT: 2.4 ms]
   [Other: 15.4 ms]
      [Choose CSet: 0.0 ms]
      [Ref Proc: 9.6 ms]
      [Ref Enq: 1.4 ms]
      [Redirty Cards: 2.4 ms]
      [Humongous Register: 0.3 ms]
      [Humongous Reclaim: 0.1 ms]
      [Free CSet: 1.3 ms]
   [Eden: 3944.0M(3944.0M)->0.0B(3952.0M) Survivors: 48.0M->44.0M Heap: 7019.8M(8192.0M)->3071.9M(8192.0M)]
 [Times: user=0.36 sys=0.01, real=0.04 secs]
2018-04-30T04:32:02.473+0200: 284.810: Total time for which application threads were stopped: 0.0315756 seconds, Stopping threads took: 0.0003211 seconds
2018-04-30T04:32:03.009+0200: 285.345: Application time: 0.5356087 seconds
2018-04-30T04:32:03.010+0200: 285.346: [GC pause (G1 Evacuation Pause) (young)
Desired survivor size 262144000 bytes, new threshold 15 (max 15)
- age   1:   12875256 bytes,   12875256 total
- age   2:    1255568 bytes,   14130824 total
- age   3:    1271816 bytes,   15402640 total
- age   4:    1223184 bytes,   16625824 total
- age   5:    1313192 bytes,   17939016 total
- age   6:    1324048 bytes,   19263064 total
- age   7:    1249104 bytes,   20512168 total
- age   8:    1275480 bytes,   21787648 total
- age   9:    1303120 bytes,   23090768 total
- age  10:    1291608 bytes,   24382376 total
- age  11:     985768 bytes,   25368144 total
- age  12:       6704 bytes,   25374848 total
- age  13:      21432 bytes,   25396280 total
- age  14:       7984 bytes,   25404264 total
- age  15:       7584 bytes,   25411848 total
, 0.0288655 secs]
   [Parallel Time: 11.5 ms, GC Workers: 30]
      [GC Worker Start (ms): Min: 285346.7, Avg: 285347.2, Max: 285347.7, Diff: 1.0]
      [Ext Root Scanning (ms): Min: 0.0, Avg: 0.5, Max: 1.3, Diff: 1.3, Sum: 15.4]
      [Update RS (ms): Min: 2.3, Avg: 3.1, Max: 3.9, Diff: 1.6, Sum: 91.6]
         [Processed Buffers: Min: 2, Avg: 3.8, Max: 9, Diff: 7, Sum: 113]
      [Scan RS (ms): Min: 0.0, Avg: 0.2, Max: 0.6, Diff: 0.5, Sum: 5.8]
      [Code Root Scanning (ms): Min: 0.0, Avg: 0.0, Max: 0.0, Diff: 0.0, Sum: 0.1]
      [Object Copy (ms): Min: 6.1, Avg: 6.9, Max: 7.3, Diff: 1.1, Sum: 206.9]
      [Termination (ms): Min: 0.0, Avg: 0.0, Max: 0.0, Diff: 0.0, Sum: 0.3]
         [Termination Attempts: Min: 1, Avg: 1.0, Max: 1, Diff: 0, Sum: 30]
      [GC Worker Other (ms): Min: 0.0, Avg: 0.2, Max: 0.3, Diff: 0.3, Sum: 4.6]
      [GC Worker Total (ms): Min: 10.2, Avg: 10.8, Max: 11.4, Diff: 1.2, Sum: 324.6]
      [GC Worker End (ms): Min: 285357.9, Avg: 285358.0, Max: 285358.2, Diff: 0.3]
   [Code Root Fixup: 0.0 ms]
   [Code Root Purge: 0.0 ms]
   [Clear CT: 1.8 ms]
   [Other: 15.5 ms]
      [Choose CSet: 0.0 ms]
      [Ref Proc: 9.8 ms]
      [Ref Enq: 1.4 ms]
      [Redirty Cards: 2.3 ms]
      [Humongous Register: 0.3 ms]
      [Humongous Reclaim: 0.1 ms]
      [Free CSet: 1.4 ms]
   [Eden: 3952.0M(3952.0M)->0.0B(3952.0M) Survivors: 44.0M->44.0M Heap: 7023.9M(8192.0M)->3071.8M(8192.0M)]
 [Times: user=0.34 sys=0.00, real=0.03 secs]
2018-04-30T04:32:03.039+0200: 285.375: Total time for which application threads were stopped: 0.0300332 seconds, Stopping threads took: 0.0003425 seconds
2018-04-30T04:32:03.045+0200: 285.381: Application time: 0.0058112 seconds
2018-04-30T04:32:03.046+0200: 285.382: Total time for which application threads were stopped: 0.0007710 seconds, Stopping threads took: 0.0001862 seconds
2018-04-30T04:32:03.531+0200: 285.867: Application time: 0.4849651 seconds
2018-04-30T04:32:03.531+0200: 285.868: [GC pause (G1 Evacuation Pause) (young)
Desired survivor size 262144000 bytes, new threshold 15 (max 15)
- age   1:   11120944 bytes,   11120944 total
- age   2:    2195952 bytes,   13316896 total
- age   3:    1250976 bytes,   14567872 total
- age   4:    1269768 bytes,   15837640 total
- age   5:    1221456 bytes,   17059096 total
- age   6:    1312296 bytes,   18371392 total
- age   7:    1323472 bytes,   19694864 total
- age   8:    1248848 bytes,   20943712 total
- age   9:    1275224 bytes,   22218936 total
- age  10:    1302560 bytes,   23521496 total
- age  11:     989792 bytes,   24511288 total
- age  12:       9696 bytes,   24520984 total
- age  13:       6640 bytes,   24527624 total
- age  14:      21368 bytes,   24548992 total
- age  15:       7984 bytes,   24556976 total
, 0.0310351 secs]
   [Parallel Time: 12.5 ms, GC Workers: 30]
      [GC Worker Start (ms): Min: 285868.3, Avg: 285868.8, Max: 285869.2, Diff: 0.9]
      [Ext Root Scanning (ms): Min: 0.1, Avg: 0.5, Max: 1.3, Diff: 1.3, Sum: 15.0]
      [Update RS (ms): Min: 2.4, Avg: 3.1, Max: 4.1, Diff: 1.7, Sum: 91.6]
         [Processed Buffers: Min: 2, Avg: 3.7, Max: 15, Diff: 13, Sum: 112]
      [Scan RS (ms): Min: 0.0, Avg: 0.2, Max: 0.5, Diff: 0.5, Sum: 5.6]
      [Code Root Scanning (ms): Min: 0.0, Avg: 0.0, Max: 0.0, Diff: 0.0, Sum: 0.1]
      [Object Copy (ms): Min: 6.8, Avg: 7.7, Max: 8.0, Diff: 1.2, Sum: 230.4]
      [Termination (ms): Min: 0.0, Avg: 0.0, Max: 0.0, Diff: 0.0, Sum: 0.2]
         [Termination Attempts: Min: 1, Avg: 1.0, Max: 1, Diff: 0, Sum: 30]
      [GC Worker Other (ms): Min: 0.0, Avg: 0.2, Max: 0.3, Diff: 0.3, Sum: 4.8]
      [GC Worker Total (ms): Min: 11.1, Avg: 11.6, Max: 12.1, Diff: 1.1, Sum: 347.7]
      [GC Worker End (ms): Min: 285880.3, Avg: 285880.4, Max: 285880.6, Diff: 0.3]
   [Code Root Fixup: 0.0 ms]
   [Code Root Purge: 0.0 ms]
   [Clear CT: 1.8 ms]
   [Other: 16.7 ms]
      [Choose CSet: 0.0 ms]
      [Ref Proc: 11.0 ms]
      [Ref Enq: 1.7 ms]
      [Redirty Cards: 2.1 ms]
      [Humongous Register: 0.3 ms]
      [Humongous Reclaim: 0.1 ms]
      [Free CSet: 1.2 ms]
   [Eden: 3952.0M(3952.0M)->0.0B(3968.0M) Survivors: 44.0M->36.0M Heap: 7023.8M(8192.0M)->3064.5M(8192.0M)]
 [Times: user=0.38 sys=0.00, real=0.02 secs]
2018-04-30T04:32:03.563+0200: 285.899: Total time for which application threads were stopped: 0.0321971 seconds, Stopping threads took: 0.0003399 seconds
2018-04-30T04:32:04.054+0200: 286.390: Application time: 0.4908297 seconds
2018-04-30T04:32:04.055+0200: 286.391: [GC pause (G1 Evacuation Pause) (young)
Desired survivor size 264241152 bytes, new threshold 15 (max 15)
- age   1:   13323096 bytes,   13323096 total
- age   2:    1310656 bytes,   14633752 total
- age   3:    2175912 bytes,   16809664 total
- age   4:    1248128 bytes,   18057792 total
- age   5:    1268392 bytes,   19326184 total
- age   6:    1219856 bytes,   20546040 total
- age   7:    1311656 bytes,   21857696 total
- age   8:    1322640 bytes,   23180336 total
- age   9:    1248144 bytes,   24428480 total
- age  10:    1275160 bytes,   25703640 total
- age  11:    1009976 bytes,   26713616 total
- age  12:      17480 bytes,   26731096 total
- age  13:       8032 bytes,   26739128 total
- age  14:       6512 bytes,   26745640 total
- age  15:      21368 bytes,   26767008 total
, 0.0312517 secs]
   [Parallel Time: 12.9 ms, GC Workers: 30]
      [GC Worker Start (ms): Min: 286391.5, Avg: 286391.9, Max: 286392.2, Diff: 0.7]
      [Ext Root Scanning (ms): Min: 0.2, Avg: 0.5, Max: 1.3, Diff: 1.1, Sum: 16.3]
      [Update RS (ms): Min: 2.3, Avg: 2.9, Max: 4.1, Diff: 1.7, Sum: 88.5]
         [Processed Buffers: Min: 2, Avg: 3.8, Max: 16, Diff: 14, Sum: 115]
      [Scan RS (ms): Min: 0.0, Avg: 0.2, Max: 0.5, Diff: 0.5, Sum: 5.4]
      [Code Root Scanning (ms): Min: 0.0, Avg: 0.0, Max: 0.0, Diff: 0.0, Sum: 0.1]
      [Object Copy (ms): Min: 7.2, Avg: 8.2, Max: 8.6, Diff: 1.3, Sum: 246.8]
      [Termination (ms): Min: 0.0, Avg: 0.0, Max: 0.0, Diff: 0.0, Sum: 0.2]
         [Termination Attempts: Min: 1, Avg: 1.0, Max: 1, Diff: 0, Sum: 30]
      [GC Worker Other (ms): Min: 0.0, Avg: 0.1, Max: 0.3, Diff: 0.3, Sum: 4.4]
      [GC Worker Total (ms): Min: 11.7, Avg: 12.1, Max: 12.6, Diff: 0.9, Sum: 361.6]
      [GC Worker End (ms): Min: 286403.8, Avg: 286403.9, Max: 286404.1, Diff: 0.3]
   [Code Root Fixup: 0.0 ms]
   [Code Root Purge: 0.0 ms]
   [Clear CT: 1.7 ms]
   [Other: 16.6 ms]
      [Choose CSet: 0.0 ms]
      [Ref Proc: 10.8 ms]
      [Ref Enq: 1.7 ms]
      [Redirty Cards: 2.1 ms]
      [Humongous Register: 0.3 ms]
      [Humongous Reclaim: 0.1 ms]
      [Free CSet: 1.4 ms]
   [Eden: 3968.0M(3968.0M)->0.0B(3944.0M) Survivors: 36.0M->48.0M Heap: 7032.5M(8192.0M)->3075.8M(8192.0M)]
 [Times: user=0.38 sys=0.01, real=0.03 secs]
2018-04-30T04:32:04.086+0200: 286.423: Total time for which application threads were stopped: 0.0325570 seconds, Stopping threads took: 0.0004518 seconds
2018-04-30T04:32:04.094+0200: 286.430: Application time: 0.0074577 seconds
2018-04-30T04:32:04.095+0200: 286.431: Total time for which application threads were stopped: 0.0008908 seconds, Stopping threads took: 0.0003031 seconds
2018-04-30T04:32:04.534+0200: 286.870: Application time: 0.4390313 seconds
2018-04-30T04:32:04.535+0200: 286.871: [GC pause (G1 Evacuation Pause) (young)
Desired survivor size 262144000 bytes, new threshold 15 (max 15)
- age   1:   13641256 bytes,   13641256 total
- age   2:    1447496 bytes,   15088752 total
- age   3:    1304040 bytes,   16392792 total
- age   4:    2172328 bytes,   18565120 total
- age   5:    1246080 bytes,   19811200 total
- age   6:    1266984 bytes,   21078184 total
- age   7:    1219152 bytes,   22297336 total
- age   8:    1311336 bytes,   23608672 total
- age   9:    1321872 bytes,   24930544 total
- age  10:    1248016 bytes,   26178560 total
- age  11:    1028472 bytes,   27207032 total
- age  12:      16168 bytes,   27223200 total
- age  13:      16696 bytes,   27239896 total
- age  14:       7520 bytes,   27247416 total
- age  15:       6512 bytes,   27253928 total
, 0.0303239 secs]
   [Parallel Time: 13.3 ms, GC Workers: 30]
      [GC Worker Start (ms): Min: 286871.3, Avg: 286871.7, Max: 286872.0, Diff: 0.6]
      [Ext Root Scanning (ms): Min: 0.3, Avg: 0.6, Max: 1.3, Diff: 1.0, Sum: 17.0]
      [Update RS (ms): Min: 2.1, Avg: 3.0, Max: 3.8, Diff: 1.7, Sum: 90.3]
         [Processed Buffers: Min: 2, Avg: 3.8, Max: 16, Diff: 14, Sum: 114]
      [Scan RS (ms): Min: 0.0, Avg: 0.2, Max: 0.5, Diff: 0.5, Sum: 5.5]
      [Code Root Scanning (ms): Min: 0.0, Avg: 0.0, Max: 0.0, Diff: 0.0, Sum: 0.1]
      [Object Copy (ms): Min: 7.9, Avg: 8.5, Max: 8.8, Diff: 1.0, Sum: 255.8]
      [Termination (ms): Min: 0.0, Avg: 0.0, Max: 0.0, Diff: 0.0, Sum: 0.2]
         [Termination Attempts: Min: 1, Avg: 1.0, Max: 1, Diff: 0, Sum: 30]
      [GC Worker Other (ms): Min: 0.0, Avg: 0.2, Max: 0.4, Diff: 0.4, Sum: 5.9]
      [GC Worker Total (ms): Min: 12.1, Avg: 12.5, Max: 12.9, Diff: 0.8, Sum: 374.7]
      [GC Worker End (ms): Min: 286884.0, Avg: 286884.2, Max: 286884.3, Diff: 0.3]
   [Code Root Fixup: 0.0 ms]
   [Code Root Purge: 0.0 ms]
   [Clear CT: 1.6 ms]
   [Other: 15.4 ms]
      [Choose CSet: 0.0 ms]
      [Ref Proc: 10.1 ms]
      [Ref Enq: 1.4 ms]
      [Redirty Cards: 2.0 ms]
      [Humongous Register: 0.3 ms]
      [Humongous Reclaim: 0.1 ms]
      [Free CSet: 1.3 ms]
   [Eden: 3944.0M(3944.0M)->0.0B(3960.0M) Survivors: 48.0M->40.0M Heap: 7019.8M(8192.0M)->3068.7M(8192.0M)]
 [Times: user=0.40 sys=0.00, real=0.03 secs]
2018-04-30T04:32:04.565+0200: 286.901: Total time for which application threads were stopped: 0.0315203 seconds, Stopping threads took: 0.0003973 seconds
2018-04-30T04:32:05.020+0200: 287.356: Application time: 0.4550396 seconds
2018-04-30T04:32:05.021+0200: 287.357: [GC pause (G1 Evacuation Pause) (young)
Desired survivor size 262144000 bytes, new threshold 15 (max 15)
- age   1:   13841584 bytes,   13841584 total
- age   2:    1264096 bytes,   15105680 total
- age   3:    1289344 bytes,   16395024 total
- age   4:    1301864 bytes,   17696888 total
- age   5:    2171416 bytes,   19868304 total
- age   6:    1245440 bytes,   21113744 total
- age   7:    1266344 bytes,   22380088 total
- age   8:    1218576 bytes,   23598664 total
- age   9:    1310504 bytes,   24909168 total
- age  10:    1321488 bytes,   26230656 total
- age  11:     966512 bytes,   27197168 total
- age  12:      19024 bytes,   27216192 total
- age  13:      16168 bytes,   27232360 total
- age  14:      16696 bytes,   27249056 total
- age  15:       7456 bytes,   27256512 total
, 0.0325276 secs]
   [Parallel Time: 13.3 ms, GC Workers: 30]
      [GC Worker Start (ms): Min: 287357.9, Avg: 287358.4, Max: 287358.8, Diff: 0.9]
      [Ext Root Scanning (ms): Min: 0.0, Avg: 0.5, Max: 1.2, Diff: 1.2, Sum: 14.5]
      [Update RS (ms): Min: 2.5, Avg: 3.1, Max: 3.8, Diff: 1.3, Sum: 94.0]
         [Processed Buffers: Min: 2, Avg: 3.8, Max: 14, Diff: 12, Sum: 114]
      [Scan RS (ms): Min: 0.0, Avg: 0.2, Max: 0.5, Diff: 0.5, Sum: 5.5]
      [Code Root Scanning (ms): Min: 0.0, Avg: 0.0, Max: 0.0, Diff: 0.0, Sum: 0.1]
      [Object Copy (ms): Min: 8.1, Avg: 8.6, Max: 8.9, Diff: 0.9, Sum: 258.3]
      [Termination (ms): Min: 0.0, Avg: 0.0, Max: 0.0, Diff: 0.0, Sum: 0.3]
         [Termination Attempts: Min: 1, Avg: 1.0, Max: 1, Diff: 0, Sum: 30]
      [GC Worker Other (ms): Min: 0.0, Avg: 0.2, Max: 0.4, Diff: 0.3, Sum: 5.2]
      [GC Worker Total (ms): Min: 12.1, Avg: 12.6, Max: 13.1, Diff: 1.0, Sum: 377.7]
      [GC Worker End (ms): Min: 287370.8, Avg: 287371.0, Max: 287371.1, Diff: 0.3]
   [Code Root Fixup: 0.0 ms]
   [Code Root Purge: 0.0 ms]
   [Clear CT: 2.5 ms]
   [Other: 16.7 ms]
      [Choose CSet: 0.0 ms]
      [Ref Proc: 10.4 ms]
      [Ref Enq: 1.6 ms]
      [Redirty Cards: 2.7 ms]
      [Humongous Register: 0.3 ms]
      [Humongous Reclaim: 0.1 ms]
      [Free CSet: 1.4 ms]
   [Eden: 3960.0M(3960.0M)->0.0B(3952.0M) Survivors: 40.0M->44.0M Heap: 7028.7M(8192.0M)->3071.9M(8192.0M)]
 [Times: user=0.39 sys=0.00, real=0.04 secs]
2018-04-30T04:32:05.054+0200: 287.390: Total time for which application threads were stopped: 0.0337601 seconds, Stopping threads took: 0.0003950 seconds
2018-04-30T04:32:05.065+0200: 287.402: Application time: 0.0114766 seconds
2018-04-30T04:32:05.066+0200: 287.403: Total time for which application threads were stopped: 0.0009064 seconds, Stopping threads took: 0.0003290 seconds
2018-04-30T04:32:05.518+0200: 287.855: Application time: 0.4520312 seconds
2018-04-30T04:32:05.519+0200: 287.856: [GC pause (G1 Evacuation Pause) (young)
Desired survivor size 262144000 bytes, new threshold 15 (max 15)
- age   1:   15497656 bytes,   15497656 total
- age   2:    1553136 bytes,   17050792 total
- age   3:    1259128 bytes,   18309920 total
- age   4:    1284752 bytes,   19594672 total
- age   5:    1300968 bytes,   20895640 total
- age   6:    2170904 bytes,   23066544 total
- age   7:    1244864 bytes,   24311408 total
- age   8:    1266088 bytes,   25577496 total
- age   9:    1218320 bytes,   26795816 total
- age  10:    1310440 bytes,   28106256 total
- age  11:    1015808 bytes,   29122064 total
- age  12:      10536 bytes,   29132600 total
- age  13:      18896 bytes,   29151496 total
- age  14:      16104 bytes,   29167600 total
- age  15:      16504 bytes,   29184104 total
, 0.0312662 secs]
   [Parallel Time: 12.5 ms, GC Workers: 30]
      [GC Worker Start (ms): Min: 287856.1, Avg: 287856.3, Max: 287856.7, Diff: 0.6]
      [Ext Root Scanning (ms): Min: 0.2, Avg: 0.6, Max: 1.2, Diff: 1.0, Sum: 17.0]
      [Update RS (ms): Min: 2.1, Avg: 2.9, Max: 3.8, Diff: 1.6, Sum: 86.7]
         [Processed Buffers: Min: 2, Avg: 3.9, Max: 11, Diff: 9, Sum: 116]
      [Scan RS (ms): Min: 0.0, Avg: 0.2, Max: 0.6, Diff: 0.5, Sum: 6.1]
      [Code Root Scanning (ms): Min: 0.0, Avg: 0.0, Max: 0.0, Diff: 0.0, Sum: 0.1]
      [Object Copy (ms): Min: 7.4, Avg: 8.1, Max: 8.4, Diff: 1.0, Sum: 244.1]
      [Termination (ms): Min: 0.0, Avg: 0.0, Max: 0.0, Diff: 0.0, Sum: 0.2]
         [Termination Attempts: Min: 1, Avg: 1.0, Max: 1, Diff: 0, Sum: 30]
      [GC Worker Other (ms): Min: 0.0, Avg: 0.2, Max: 0.4, Diff: 0.3, Sum: 5.2]
      [GC Worker Total (ms): Min: 11.7, Avg: 12.0, Max: 12.3, Diff: 0.7, Sum: 359.4]
      [GC Worker End (ms): Min: 287868.2, Avg: 287868.3, Max: 287868.5, Diff: 0.3]
   [Code Root Fixup: 0.0 ms]
   [Code Root Purge: 0.0 ms]
   [Clear CT: 1.4 ms]
   [Other: 17.4 ms]
      [Choose CSet: 0.0 ms]
      [Ref Proc: 10.9 ms]
      [Ref Enq: 2.1 ms]
      [Redirty Cards: 2.1 ms]
      [Humongous Register: 0.3 ms]
      [Humongous Reclaim: 0.1 ms]
      [Free CSet: 1.6 ms]
   [Eden: 3952.0M(3952.0M)->0.0B(3952.0M) Survivors: 44.0M->44.0M Heap: 7023.9M(8192.0M)->3072.0M(8192.0M)]
 [Times: user=0.38 sys=0.00, real=0.03 secs]
2018-04-30T04:32:05.551+0200: 287.887: Total time for which application threads were stopped: 0.0325956 seconds, Stopping threads took: 0.0004046 seconds
2018-04-30T04:32:06.016+0200: 288.353: Application time: 0.4655252 seconds
2018-04-30T04:32:06.017+0200: 288.354: [GC pause (G1 Evacuation Pause) (young)
Desired survivor size 262144000 bytes, new threshold 15 (max 15)
- age   1:   15424568 bytes,   15424568 total
- age   2:    1307272 bytes,   16731840 total
- age   3:    1548096 bytes,   18279936 total
- age   4:    1257112 bytes,   19537048 total
- age   5:    1283280 bytes,   20820328 total
- age   6:    1300264 bytes,   22120592 total
- age   7:    2170840 bytes,   24291432 total
- age   8:    1244224 bytes,   25535656 total
- age   9:    1265832 bytes,   26801488 total
- age  10:    1218256 bytes,   28019744 total
- age  11:    1081224 bytes,   29100968 total
- age  12:       8680 bytes,   29109648 total
- age  13:      10472 bytes,   29120120 total
- age  14:      18832 bytes,   29138952 total
- age  15:      16104 bytes,   29155056 total
, 0.0336020 secs]
   [Parallel Time: 13.1 ms, GC Workers: 30]
      [GC Worker Start (ms): Min: 288354.1, Avg: 288354.6, Max: 288355.1, Diff: 0.9]
      [Ext Root Scanning (ms): Min: 0.0, Avg: 0.5, Max: 1.2, Diff: 1.2, Sum: 14.7]
      [Update RS (ms): Min: 2.2, Avg: 3.1, Max: 3.9, Diff: 1.6, Sum: 91.6]
         [Processed Buffers: Min: 2, Avg: 3.8, Max: 14, Diff: 12, Sum: 114]
      [Scan RS (ms): Min: 0.0, Avg: 0.2, Max: 0.5, Diff: 0.5, Sum: 5.9]
      [Code Root Scanning (ms): Min: 0.0, Avg: 0.0, Max: 0.0, Diff: 0.0, Sum: 0.1]
      [Object Copy (ms): Min: 7.6, Avg: 8.3, Max: 8.6, Diff: 1.0, Sum: 248.8]
      [Termination (ms): Min: 0.0, Avg: 0.0, Max: 0.0, Diff: 0.0, Sum: 0.2]
         [Termination Attempts: Min: 1, Avg: 1.0, Max: 1, Diff: 0, Sum: 30]
      [GC Worker Other (ms): Min: 0.0, Avg: 0.2, Max: 0.3, Diff: 0.3, Sum: 5.2]
      [GC Worker Total (ms): Min: 11.9, Avg: 12.2, Max: 12.8, Diff: 0.9, Sum: 366.5]
      [GC Worker End (ms): Min: 288366.7, Avg: 288366.8, Max: 288367.0, Diff: 0.3]
   [Code Root Fixup: 0.0 ms]
   [Code Root Purge: 0.0 ms]
   [Clear CT: 2.6 ms]
   [Other: 17.9 ms]
      [Choose CSet: 0.0 ms]
      [Ref Proc: 11.1 ms]
      [Ref Enq: 1.8 ms]
      [Redirty Cards: 2.9 ms]
      [Humongous Register: 0.3 ms]
      [Humongous Reclaim: 0.1 ms]
      [Free CSet: 1.4 ms]
   [Eden: 3952.0M(3952.0M)->0.0B(3960.0M) Survivors: 44.0M->40.0M Heap: 7024.0M(8192.0M)->3069.0M(8192.0M)]
 [Times: user=0.38 sys=0.01, real=0.03 secs]
2018-04-30T04:32:06.051+0200: 288.388: Total time for which application threads were stopped: 0.0348380 seconds, Stopping threads took: 0.0003567 seconds
2018-04-30T04:32:06.495+0200: 288.831: Application time: 0.4432642 seconds
2018-04-30T04:32:06.496+0200: 288.832: [GC pause (G1 Evacuation Pause) (young)
Desired survivor size 262144000 bytes, new threshold 15 (max 15)
- age   1:   13283600 bytes,   13283600 total
- age   2:    1264504 bytes,   14548104 total
- age   3:    1303240 bytes,   15851344 total
- age   4:    1546432 bytes,   17397776 total
- age   5:    1255640 bytes,   18653416 total
- age   6:    1282576 bytes,   19935992 total
- age   7:    1299688 bytes,   21235680 total
- age   8:    2170200 bytes,   23405880 total
- age   9:    1244160 bytes,   24650040 total
- age  10:    1265704 bytes,   25915744 total
- age  11:    1012976 bytes,   26928720 total
- age  12:       8072 bytes,   26936792 total
- age  13:       8552 bytes,   26945344 total
- age  14:      10472 bytes,   26955816 total
- age  15:      18768 bytes,   26974584 total
, 0.0316103 secs]
   [Parallel Time: 13.5 ms, GC Workers: 30]
      [GC Worker Start (ms): Min: 288832.3, Avg: 288832.8, Max: 288833.2, Diff: 0.9]
      [Ext Root Scanning (ms): Min: 0.1, Avg: 0.5, Max: 1.2, Diff: 1.2, Sum: 14.6]
      [Update RS (ms): Min: 2.3, Avg: 2.8, Max: 3.5, Diff: 1.2, Sum: 83.7]
         [Processed Buffers: Min: 2, Avg: 3.7, Max: 9, Diff: 7, Sum: 112]
      [Scan RS (ms): Min: 0.0, Avg: 0.2, Max: 0.5, Diff: 0.5, Sum: 5.9]
      [Code Root Scanning (ms): Min: 0.0, Avg: 0.0, Max: 0.0, Diff: 0.0, Sum: 0.1]
      [Object Copy (ms): Min: 8.4, Avg: 9.0, Max: 9.3, Diff: 0.8, Sum: 269.0]
      [Termination (ms): Min: 0.0, Avg: 0.0, Max: 0.0, Diff: 0.0, Sum: 0.2]
         [Termination Attempts: Min: 1, Avg: 1.0, Max: 1, Diff: 0, Sum: 30]
      [GC Worker Other (ms): Min: 0.0, Avg: 0.2, Max: 0.4, Diff: 0.3, Sum: 5.3]
      [GC Worker Total (ms): Min: 12.2, Avg: 12.6, Max: 13.2, Diff: 1.0, Sum: 378.8]
      [GC Worker End (ms): Min: 288845.3, Avg: 288845.4, Max: 288845.6, Diff: 0.3]
   [Code Root Fixup: 0.0 ms]
   [Code Root Purge: 0.0 ms]
   [Clear CT: 2.2 ms]
   [Other: 15.9 ms]
      [Choose CSet: 0.0 ms]
      [Ref Proc: 9.9 ms]
      [Ref Enq: 1.5 ms]
      [Redirty Cards: 2.5 ms]
      [Humongous Register: 0.3 ms]
      [Humongous Reclaim: 0.1 ms]
      [Free CSet: 1.2 ms]
   [Eden: 3960.0M(3960.0M)->0.0B(3952.0M) Survivors: 40.0M->44.0M Heap: 7029.0M(8192.0M)->3072.9M(8192.0M)]
 [Times: user=0.41 sys=0.00, real=0.03 secs]
2018-04-30T04:32:06.527+0200: 288.864: Total time for which application threads were stopped: 0.0328507 seconds, Stopping threads took: 0.0003894 seconds
2018-04-30T04:32:06.556+0200: 288.892: Application time: 0.0287065 seconds
2018-04-30T04:32:06.557+0200: 288.893: Total time for which application threads were stopped: 0.0009119 seconds, Stopping threads took: 0.0003116 seconds
2018-04-30T04:32:07.136+0200: 289.473: Application time: 0.5794713 seconds
2018-04-30T04:32:07.138+0200: 289.474: [GC pause (G1 Evacuation Pause) (young)
Desired survivor size 262144000 bytes, new threshold 15 (max 15)
- age   1:   15626280 bytes,   15626280 total
- age   2:    1453712 bytes,   17079992 total
- age   3:    1259752 bytes,   18339744 total
- age   4:    1301672 bytes,   19641416 total
- age   5:    1544704 bytes,   21186120 total
- age   6:    1254840 bytes,   22440960 total
- age   7:    1282128 bytes,   23723088 total
- age   8:    1299048 bytes,   25022136 total
- age   9:    2169944 bytes,   27192080 total
- age  10:    1243840 bytes,   28435920 total
- age  11:    1099744 bytes,   29535664 total
- age  12:      10256 bytes,   29545920 total
- age  13:       8008 bytes,   29553928 total
- age  14:       8424 bytes,   29562352 total
- age  15:      10280 bytes,   29572632 total
, 0.0356158 secs]
   [Parallel Time: 16.4 ms, GC Workers: 30]
      [GC Worker Start (ms): Min: 289474.4, Avg: 289475.0, Max: 289475.5, Diff: 1.1]
      [Ext Root Scanning (ms): Min: 0.0, Avg: 0.5, Max: 1.3, Diff: 1.2, Sum: 15.2]
      [Update RS (ms): Min: 6.0, Avg: 6.7, Max: 7.3, Diff: 1.4, Sum: 202.0]
         [Processed Buffers: Min: 5, Avg: 7.8, Max: 15, Diff: 10, Sum: 235]
      [Scan RS (ms): Min: 0.0, Avg: 0.2, Max: 0.6, Diff: 0.5, Sum: 5.4]
      [Code Root Scanning (ms): Min: 0.0, Avg: 0.0, Max: 0.0, Diff: 0.0, Sum: 0.1]
      [Object Copy (ms): Min: 7.3, Avg: 7.7, Max: 8.0, Diff: 0.7, Sum: 232.0]
      [Termination (ms): Min: 0.0, Avg: 0.0, Max: 0.0, Diff: 0.0, Sum: 0.2]
         [Termination Attempts: Min: 1, Avg: 1.0, Max: 1, Diff: 0, Sum: 30]
      [GC Worker Other (ms): Min: 0.0, Avg: 0.2, Max: 0.3, Diff: 0.3, Sum: 5.2]
      [GC Worker Total (ms): Min: 14.7, Avg: 15.3, Max: 15.8, Diff: 1.1, Sum: 460.0]
      [GC Worker End (ms): Min: 289490.2, Avg: 289490.3, Max: 289490.5, Diff: 0.3]
   [Code Root Fixup: 0.0 ms]
   [Code Root Purge: 0.0 ms]
   [Clear CT: 2.6 ms]
   [Other: 16.6 ms]
      [Choose CSet: 0.0 ms]
      [Ref Proc: 10.6 ms]
      [Ref Enq: 1.3 ms]
      [Redirty Cards: 2.9 ms]
      [Humongous Register: 0.3 ms]
      [Humongous Reclaim: 0.1 ms]
      [Free CSet: 1.2 ms]
   [Eden: 3952.0M(3952.0M)->0.0B(3940.0M) Survivors: 44.0M->40.0M Heap: 7039.4M(8192.0M)->3084.5M(8192.0M)]
 [Times: user=0.48 sys=0.00, real=0.04 secs]
2018-04-30T04:32:07.173+0200: 289.510: Total time for which application threads were stopped: 0.0368917 seconds, Stopping threads took: 0.0004317 seconds
2018-04-30T04:32:07.621+0200: 289.958: Application time: 0.4479310 seconds
2018-04-30T04:32:07.622+0200: 289.959: [GC pause (G1 Evacuation Pause) (young)
Desired survivor size 262144000 bytes, new threshold 15 (max 15)
- age   1:   14289448 bytes,   14289448 total
- age   2:    1196024 bytes,   15485472 total
- age   3:    1302328 bytes,   16787800 total
- age   4:    1257608 bytes,   18045408 total
- age   5:    1300552 bytes,   19345960 total
- age   6:    1543744 bytes,   20889704 total
- age   7:    1253816 bytes,   22143520 total
- age   8:    1280672 bytes,   23424192 total
- age   9:    1298536 bytes,   24722728 total
- age  10:    2169816 bytes,   26892544 total
- age  11:    1086432 bytes,   27978976 total
- age  12:       6112 bytes,   27985088 total
- age  13:      10064 bytes,   27995152 total
- age  14:       8008 bytes,   28003160 total
- age  15:       8360 bytes,   28011520 total
, 0.0287839 secs]
   [Parallel Time: 11.8 ms, GC Workers: 30]
      [GC Worker Start (ms): Min: 289958.9, Avg: 289959.4, Max: 289959.8, Diff: 0.8]
      [Ext Root Scanning (ms): Min: 0.1, Avg: 0.5, Max: 1.3, Diff: 1.2, Sum: 15.4]
      [Update RS (ms): Min: 2.2, Avg: 2.8, Max: 3.7, Diff: 1.5, Sum: 82.9]
         [Processed Buffers: Min: 2, Avg: 3.7, Max: 13, Diff: 11, Sum: 110]
      [Scan RS (ms): Min: 0.0, Avg: 0.2, Max: 0.5, Diff: 0.5, Sum: 5.5]
      [Code Root Scanning (ms): Min: 0.0, Avg: 0.0, Max: 0.0, Diff: 0.0, Sum: 0.1]
      [Object Copy (ms): Min: 6.5, Avg: 7.3, Max: 7.6, Diff: 1.0, Sum: 219.7]
      [Termination (ms): Min: 0.0, Avg: 0.0, Max: 0.0, Diff: 0.0, Sum: 0.3]
         [Termination Attempts: Min: 1, Avg: 1.0, Max: 2, Diff: 1, Sum: 31]
      [GC Worker Other (ms): Min: 0.0, Avg: 0.2, Max: 0.3, Diff: 0.3, Sum: 4.6]
      [GC Worker Total (ms): Min: 10.5, Avg: 10.9, Max: 11.4, Diff: 0.9, Sum: 328.5]
      [GC Worker End (ms): Min: 289970.2, Avg: 289970.3, Max: 289970.5, Diff: 0.3]
   [Code Root Fixup: 0.0 ms]
   [Code Root Purge: 0.0 ms]
   [Clear CT: 2.2 ms]
   [Other: 14.8 ms]
      [Choose CSet: 0.0 ms]
      [Ref Proc: 9.5 ms]
      [Ref Enq: 1.3 ms]
      [Redirty Cards: 2.2 ms]
      [Humongous Register: 0.3 ms]
      [Humongous Reclaim: 0.1 ms]
      [Free CSet: 1.2 ms]
   [Eden: 3940.0M(3940.0M)->0.0B(3932.0M) Survivors: 40.0M->44.0M Heap: 7024.5M(8192.0M)->3085.7M(8192.0M)]
 [Times: user=0.35 sys=0.00, real=0.03 secs]
2018-04-30T04:32:07.651+0200: 289.988: Total time for which application threads were stopped: 0.0298818 seconds, Stopping threads took: 0.0003286 seconds
2018-04-30T04:32:07.653+0200: 289.989: Application time: 0.0017702 seconds
2018-04-30T04:32:07.654+0200: 289.990: Total time for which application threads were stopped: 0.0009172 seconds, Stopping threads took: 0.0003598 seconds
2018-04-30T04:32:08.698+0200: 291.035: Application time: 1.0443084 seconds
2018-04-30T04:32:08.699+0200: 291.035: [GC pause (G1 Evacuation Pause) (young)
Desired survivor size 262144000 bytes, new threshold 15 (max 15)
- age   1:   12745024 bytes,   12745024 total
- age   2:    1700376 bytes,   14445400 total
- age   3:    1189352 bytes,   15634752 total
- age   4:    1298408 bytes,   16933160 total
- age   5:    1251144 bytes,   18184304 total
- age   6:    1273944 bytes,   19458248 total
- age   7:    1302704 bytes,   20760952 total
- age   8:    1253304 bytes,   22014256 total
- age   9:    1280352 bytes,   23294608 total
- age  10:    1298216 bytes,   24592824 total
- age  11:    2003368 bytes,   26596192 total
- age  12:       7008 bytes,   26603200 total
- age  13:       6112 bytes,   26609312 total
- age  14:      10000 bytes,   26619312 total
- age  15:       7880 bytes,   26627192 total
, 0.0307429 secs]
   [Parallel Time: 12.7 ms, GC Workers: 30]
      [GC Worker Start (ms): Min: 291035.9, Avg: 291036.2, Max: 291036.5, Diff: 0.6]
      [Ext Root Scanning (ms): Min: 0.2, Avg: 0.6, Max: 1.4, Diff: 1.2, Sum: 17.8]
      [Update RS (ms): Min: 2.3, Avg: 2.9, Max: 3.6, Diff: 1.3, Sum: 86.1]
         [Processed Buffers: Min: 2, Avg: 3.8, Max: 11, Diff: 9, Sum: 113]
      [Scan RS (ms): Min: 0.0, Avg: 0.2, Max: 0.6, Diff: 0.5, Sum: 5.4]
      [Code Root Scanning (ms): Min: 0.0, Avg: 0.0, Max: 0.0, Diff: 0.0, Sum: 0.1]
      [Object Copy (ms): Min: 7.7, Avg: 8.2, Max: 8.5, Diff: 0.8, Sum: 247.0]
      [Termination (ms): Min: 0.0, Avg: 0.0, Max: 0.0, Diff: 0.0, Sum: 0.2]
         [Termination Attempts: Min: 1, Avg: 1.0, Max: 1, Diff: 0, Sum: 30]
      [GC Worker Other (ms): Min: 0.0, Avg: 0.2, Max: 0.3, Diff: 0.3, Sum: 4.7]
      [GC Worker Total (ms): Min: 11.6, Avg: 12.0, Max: 12.5, Diff: 0.9, Sum: 361.3]
      [GC Worker End (ms): Min: 291048.1, Avg: 291048.3, Max: 291048.4, Diff: 0.3]
   [Code Root Fixup: 0.0 ms]
   [Code Root Purge: 0.0 ms]
   [Clear CT: 1.7 ms]
   [Other: 16.3 ms]
      [Choose CSet: 0.0 ms]
      [Ref Proc: 10.5 ms]
      [Ref Enq: 1.2 ms]
      [Redirty Cards: 2.6 ms]
      [Humongous Register: 0.3 ms]
      [Humongous Reclaim: 0.1 ms]
      [Free CSet: 1.3 ms]
   [Eden: 3932.0M(3932.0M)->0.0B(3924.0M) Survivors: 44.0M->48.0M Heap: 7017.7M(8192.0M)->3091.4M(8192.0M)]
 [Times: user=0.39 sys=0.01, real=0.03 secs]
2018-04-30T04:32:08.730+0200: 291.066: Total time for which application threads were stopped: 0.0319001 seconds, Stopping threads took: 0.0003668 seconds
2018-04-30T04:32:08.788+0200: 291.124: Application time: 0.0575413 seconds
2018-04-30T04:32:08.789+0200: 291.125: Total time for which application threads were stopped: 0.0010281 seconds, Stopping threads took: 0.0003822 seconds
2018-04-30T04:32:09.181+0200: 291.517: Application time: 0.3918493 seconds
2018-04-30T04:32:09.182+0200: 291.518: [GC pause (G1 Evacuation Pause) (young)
Desired survivor size 262144000 bytes, new threshold 15 (max 15)
- age   1:   15906752 bytes,   15906752 total
- age   2:    1743512 bytes,   17650264 total
- age   3:    1695344 bytes,   19345608 total
- age   4:    1187592 bytes,   20533200 total
- age   5:    1296936 bytes,   21830136 total
- age   6:    1250120 bytes,   23080256 total
- age   7:    1273048 bytes,   24353304 total
- age   8:    1301472 bytes,   25654776 total
- age   9:    1252664 bytes,   26907440 total
- age  10:    1279968 bytes,   28187408 total
- age  11:    1151680 bytes,   29339088 total
- age  12:     913064 bytes,   30252152 total
- age  13:       7008 bytes,   30259160 total
- age  14:       6048 bytes,   30265208 total
- age  15:       9808 bytes,   30275016 total
, 0.0324964 secs]
   [Parallel Time: 15.1 ms, GC Workers: 30]
      [GC Worker Start (ms): Min: 291518.5, Avg: 291519.2, Max: 291519.7, Diff: 1.1]
      [Ext Root Scanning (ms): Min: 0.0, Avg: 0.5, Max: 1.3, Diff: 1.3, Sum: 14.7]
      [Update RS (ms): Min: 2.3, Avg: 2.9, Max: 3.7, Diff: 1.4, Sum: 88.2]
         [Processed Buffers: Min: 2, Avg: 3.9, Max: 15, Diff: 13, Sum: 117]
      [Scan RS (ms): Min: 0.0, Avg: 0.2, Max: 0.6, Diff: 0.5, Sum: 5.8]
      [Code Root Scanning (ms): Min: 0.0, Avg: 0.0, Max: 0.0, Diff: 0.0, Sum: 0.1]
      [Object Copy (ms): Min: 9.5, Avg: 10.2, Max: 10.5, Diff: 1.0, Sum: 306.0]
      [Termination (ms): Min: 0.0, Avg: 0.1, Max: 0.2, Diff: 0.2, Sum: 3.6]
         [Termination Attempts: Min: 1, Avg: 38.0, Max: 45, Diff: 44, Sum: 1140]
      [GC Worker Other (ms): Min: 0.0, Avg: 0.2, Max: 0.3, Diff: 0.3, Sum: 5.3]
      [GC Worker Total (ms): Min: 13.6, Avg: 14.1, Max: 14.7, Diff: 1.1, Sum: 423.6]
      [GC Worker End (ms): Min: 291533.1, Avg: 291533.3, Max: 291533.4, Diff: 0.3]
   [Code Root Fixup: 0.0 ms]
   [Code Root Purge: 0.0 ms]
   [Clear CT: 2.1 ms]
   [Other: 15.2 ms]
      [Choose CSet: 0.0 ms]
      [Ref Proc: 9.7 ms]
      [Ref Enq: 1.6 ms]
      [Redirty Cards: 2.1 ms]
      [Humongous Register: 0.3 ms]
      [Humongous Reclaim: 0.1 ms]
      [Free CSet: 1.2 ms]
   [Eden: 3924.0M(3924.0M)->0.0B(3932.0M) Survivors: 48.0M->44.0M Heap: 7015.4M(8192.0M)->3086.7M(8192.0M)]
 [Times: user=0.45 sys=0.00, real=0.04 secs]
2018-04-30T04:32:09.214+0200: 291.551: Total time for which application threads were stopped: 0.0338982 seconds, Stopping threads took: 0.0005552 seconds
2018-04-30T04:32:09.634+0200: 291.970: Application time: 0.4195584 seconds
2018-04-30T04:32:09.635+0200: 291.971: Total time for which application threads were stopped: 0.0009947 seconds, Stopping threads took: 0.0004159 seconds
2018-04-30T04:32:09.639+0200: 291.975: Application time: 0.0040832 seconds
2018-04-30T04:32:09.640+0200: 291.976: Total time for which application threads were stopped: 0.0010669 seconds, Stopping threads took: 0.0004473 seconds
2018-04-30T04:32:09.641+0200: 291.977: Application time: 0.0006269 seconds
2018-04-30T04:32:09.642+0200: 291.978: Total time for which application threads were stopped: 0.0008619 seconds, Stopping threads took: 0.0003115 seconds
2018-04-30T04:32:09.643+0200: 291.979: Application time: 0.0012724 seconds
2018-04-30T04:32:09.644+0200: 291.980: Total time for which application threads were stopped: 0.0009626 seconds, Stopping threads took: 0.0004147 seconds
2018-04-30T04:32:09.647+0200: 291.983: Application time: 0.0028554 seconds
2018-04-30T04:32:09.648+0200: 291.984: Total time for which application threads were stopped: 0.0009895 seconds, Stopping threads took: 0.0004590 seconds
2018-04-30T04:32:09.679+0200: 292.016: Application time: 0.0317581 seconds
2018-04-30T04:32:09.681+0200: 292.017: [GC pause (G1 Evacuation Pause) (young)
Desired survivor size 262144000 bytes, new threshold 15 (max 15)
- age   1:   13091464 bytes,   13091464 total
- age   2:    1265992 bytes,   14357456 total
- age   3:    1738864 bytes,   16096320 total
- age   4:    1691520 bytes,   17787840 total
- age   5:    1186376 bytes,   18974216 total
- age   6:    1296608 bytes,   20270824 total
- age   7:    1249144 bytes,   21519968 total
- age   8:    1272600 bytes,   22792568 total
- age   9:    1300832 bytes,   24093400 total
- age  10:    1252536 bytes,   25345936 total
- age  11:    1138880 bytes,   26484816 total
- age  12:      22088 bytes,   26506904 total
- age  13:     913000 bytes,   27419904 total
- age  14:       7008 bytes,   27426912 total
- age  15:       6048 bytes,   27432960 total
, 0.0334806 secs]
   [Parallel Time: 14.1 ms, GC Workers: 30]
      [GC Worker Start (ms): Min: 292017.4, Avg: 292018.1, Max: 292018.6, Diff: 1.2]
      [Ext Root Scanning (ms): Min: 0.0, Avg: 0.5, Max: 1.3, Diff: 1.3, Sum: 14.2]
      [Update RS (ms): Min: 2.3, Avg: 2.9, Max: 3.7, Diff: 1.3, Sum: 86.8]
         [Processed Buffers: Min: 2, Avg: 3.7, Max: 15, Diff: 13, Sum: 112]
      [Scan RS (ms): Min: 0.0, Avg: 0.2, Max: 0.6, Diff: 0.5, Sum: 5.5]
      [Code Root Scanning (ms): Min: 0.0, Avg: 0.0, Max: 0.0, Diff: 0.0, Sum: 0.1]
      [Object Copy (ms): Min: 8.7, Avg: 9.2, Max: 9.4, Diff: 0.7, Sum: 276.3]
      [Termination (ms): Min: 0.0, Avg: 0.0, Max: 0.0, Diff: 0.0, Sum: 0.3]
         [Termination Attempts: Min: 1, Avg: 1.0, Max: 1, Diff: 0, Sum: 30]
      [GC Worker Other (ms): Min: 0.0, Avg: 0.2, Max: 0.3, Diff: 0.3, Sum: 4.9]
      [GC Worker Total (ms): Min: 12.4, Avg: 12.9, Max: 13.7, Diff: 1.3, Sum: 388.0]
      [GC Worker End (ms): Min: 292030.8, Avg: 292031.0, Max: 292031.1, Diff: 0.3]
   [Code Root Fixup: 0.0 ms]
   [Code Root Purge: 0.0 ms]
   [Clear CT: 3.0 ms]
   [Other: 16.4 ms]
      [Choose CSet: 0.0 ms]
      [Ref Proc: 9.7 ms]
      [Ref Enq: 1.5 ms]
      [Redirty Cards: 3.3 ms]
      [Humongous Register: 0.3 ms]
      [Humongous Reclaim: 0.1 ms]
      [Free CSet: 1.2 ms]
   [Eden: 3932.0M(3932.0M)->0.0B(3924.0M) Survivors: 44.0M->48.0M Heap: 7018.7M(8192.0M)->3090.6M(8192.0M)]
 [Times: user=0.41 sys=0.00, real=0.04 secs]
2018-04-30T04:32:09.714+0200: 292.051: Total time for which application threads were stopped: 0.0347724 seconds, Stopping threads took: 0.0004192 seconds
2018-04-30T04:32:09.747+0200: 292.083: Application time: 0.0322805 seconds
2018-04-30T04:32:09.748+0200: 292.084: Total time for which application threads were stopped: 0.0010642 seconds, Stopping threads took: 0.0005357 seconds
2018-04-30T04:32:09.866+0200: 292.203: Application time: 0.1186636 seconds
2018-04-30T04:32:09.873+0200: 292.209: Total time for which application threads were stopped: 0.0063752 seconds, Stopping threads took: 0.0057114 seconds
2018-04-30T04:32:10.241+0200: 292.578: Application time: 0.3685424 seconds
2018-04-30T04:32:10.242+0200: 292.578: [GC pause (G1 Evacuation Pause) (young)
Desired survivor size 262144000 bytes, new threshold 15 (max 15)
- age   1:   14793232 bytes,   14793232 total
- age   2:    1444160 bytes,   16237392 total
- age   3:    1260864 bytes,   17498256 total
- age   4:    1736656 bytes,   19234912 total
- age   5:    1690752 bytes,   20925664 total
- age   6:    1185480 bytes,   22111144 total
- age   7:    1296288 bytes,   23407432 total
- age   8:    1248176 bytes,   24655608 total
- age   9:    1272216 bytes,   25927824 total
- age  10:    1300192 bytes,   27228016 total
- age  11:    1093904 bytes,   28321920 total
- age  12:      15520 bytes,   28337440 total
- age  13:      21752 bytes,   28359192 total
- age  14:     912936 bytes,   29272128 total
- age  15:       7008 bytes,   29279136 total
, 0.0278718 secs]
   [Parallel Time: 11.6 ms, GC Workers: 30]
      [GC Worker Start (ms): Min: 292578.8, Avg: 292579.3, Max: 292579.8, Diff: 0.9]
      [Ext Root Scanning (ms): Min: 0.1, Avg: 0.5, Max: 1.4, Diff: 1.3, Sum: 16.0]
      [Update RS (ms): Min: 2.3, Avg: 2.8, Max: 3.3, Diff: 1.0, Sum: 82.9]
         [Processed Buffers: Min: 2, Avg: 3.9, Max: 18, Diff: 16, Sum: 117]
      [Scan RS (ms): Min: 0.0, Avg: 0.2, Max: 0.5, Diff: 0.5, Sum: 5.5]
      [Code Root Scanning (ms): Min: 0.0, Avg: 0.0, Max: 0.0, Diff: 0.0, Sum: 0.1]
      [Object Copy (ms): Min: 6.6, Avg: 7.0, Max: 7.2, Diff: 0.6, Sum: 209.3]
      [Termination (ms): Min: 0.0, Avg: 0.0, Max: 0.0, Diff: 0.0, Sum: 0.2]
         [Termination Attempts: Min: 1, Avg: 1.0, Max: 1, Diff: 0, Sum: 30]
      [GC Worker Other (ms): Min: 0.0, Avg: 0.2, Max: 0.4, Diff: 0.3, Sum: 5.4]
      [GC Worker Total (ms): Min: 10.2, Avg: 10.6, Max: 11.2, Diff: 1.0, Sum: 319.4]
      [GC Worker End (ms): Min: 292589.8, Avg: 292590.0, Max: 292590.2, Diff: 0.3]
   [Code Root Fixup: 0.0 ms]
   [Code Root Purge: 0.0 ms]
   [Clear CT: 1.8 ms]
   [Other: 14.5 ms]
      [Choose CSet: 0.0 ms]
      [Ref Proc: 8.9 ms]
      [Ref Enq: 1.2 ms]
      [Redirty Cards: 2.7 ms]
      [Humongous Register: 0.3 ms]
      [Humongous Reclaim: 0.1 ms]
      [Free CSet: 1.2 ms]
   [Eden: 3924.0M(3924.0M)->0.0B(3932.0M) Survivors: 48.0M->44.0M Heap: 7014.6M(8192.0M)->3086.7M(8192.0M)]
 [Times: user=0.34 sys=0.00, real=0.03 secs]
2018-04-30T04:32:10.270+0200: 292.607: Total time for which application threads were stopped: 0.0289890 seconds, Stopping threads took: 0.0002862 seconds
2018-04-30T04:32:10.405+0200: 292.741: Application time: 0.1347772 seconds
2018-04-30T04:32:10.406+0200: 292.742: Total time for which application threads were stopped: 0.0010804 seconds, Stopping threads took: 0.0004550 seconds
2018-04-30T04:32:10.648+0200: 292.985: Application time: 0.2421565 seconds
2018-04-30T04:32:10.649+0200: 292.986: Total time for which application threads were stopped: 0.0009938 seconds, Stopping threads took: 0.0003978 seconds
2018-04-30T04:32:10.721+0200: 293.058: Application time: 0.0720264 seconds
2018-04-30T04:32:10.722+0200: 293.058: [GC pause (G1 Evacuation Pause) (young)
Desired survivor size 262144000 bytes, new threshold 15 (max 15)
- age   1:   11708120 bytes,   11708120 total
- age   2:    1323104 bytes,   13031224 total
- age   3:    1295688 bytes,   14326912 total
- age   4:    1258352 bytes,   15585264 total
- age   5:    1734672 bytes,   17319936 total
- age   6:    1690176 bytes,   19010112 total
- age   7:    1184776 bytes,   20194888 total
- age   8:    1295904 bytes,   21490792 total
- age   9:    1247856 bytes,   22738648 total
- age  10:    1271640 bytes,   24010288 total
- age  11:    1165864 bytes,   25176152 total
- age  12:      12200 bytes,   25188352 total
- age  13:      15520 bytes,   25203872 total
- age  14:      21560 bytes,   25225432 total
- age  15:     912872 bytes,   26138304 total
, 0.0358779 secs]
   [Parallel Time: 13.1 ms, GC Workers: 30]
      [GC Worker Start (ms): Min: 293058.9, Avg: 293059.4, Max: 293059.9, Diff: 1.0]
      [Ext Root Scanning (ms): Min: 0.1, Avg: 0.5, Max: 1.4, Diff: 1.3, Sum: 16.1]
      [Update RS (ms): Min: 2.3, Avg: 3.0, Max: 3.7, Diff: 1.4, Sum: 90.2]
         [Processed Buffers: Min: 2, Avg: 3.7, Max: 13, Diff: 11, Sum: 111]
      [Scan RS (ms): Min: 0.0, Avg: 0.2, Max: 0.6, Diff: 0.6, Sum: 5.3]
      [Code Root Scanning (ms): Min: 0.0, Avg: 0.0, Max: 0.0, Diff: 0.0, Sum: 0.1]
      [Object Copy (ms): Min: 7.6, Avg: 8.2, Max: 8.5, Diff: 0.8, Sum: 246.1]
      [Termination (ms): Min: 0.0, Avg: 0.0, Max: 0.0, Diff: 0.0, Sum: 0.2]
         [Termination Attempts: Min: 1, Avg: 1.0, Max: 1, Diff: 0, Sum: 30]
      [GC Worker Other (ms): Min: 0.0, Avg: 0.3, Max: 0.5, Diff: 0.5, Sum: 7.7]
      [GC Worker Total (ms): Min: 11.7, Avg: 12.2, Max: 12.8, Diff: 1.1, Sum: 365.8]
      [GC Worker End (ms): Min: 293071.4, Avg: 293071.6, Max: 293071.9, Diff: 0.5]
   [Code Root Fixup: 0.0 ms]
   [Code Root Purge: 0.0 ms]
   [Clear CT: 2.4 ms]
   [Other: 20.3 ms]
      [Choose CSet: 0.0 ms]
      [Ref Proc: 14.0 ms]
      [Ref Enq: 1.5 ms]
      [Redirty Cards: 3.0 ms]
      [Humongous Register: 0.3 ms]
      [Humongous Reclaim: 0.1 ms]
      [Free CSet: 1.3 ms]
   [Eden: 3932.0M(3932.0M)->0.0B(3932.0M) Survivors: 44.0M->44.0M Heap: 7018.7M(8192.0M)->3089.2M(8192.0M)]
 [Times: user=0.39 sys=0.01, real=0.04 secs]
2018-04-30T04:32:10.758+0200: 293.095: Total time for which application threads were stopped: 0.0370395 seconds, Stopping threads took: 0.0003430 seconds
2018-04-30T04:32:10.761+0200: 293.097: Application time: 0.0025542 seconds
2018-04-30T04:32:10.762+0200: 293.098: Total time for which application threads were stopped: 0.0012333 seconds, Stopping threads took: 0.0006196 seconds
2018-04-30T04:32:11.229+0200: 293.566: Application time: 0.4672751 seconds
2018-04-30T04:32:11.230+0200: 293.567: [GC pause (G1 Evacuation Pause) (young)
Desired survivor size 262144000 bytes, new threshold 15 (max 15)
- age   1:   13186512 bytes,   13186512 total
- age   2:    1868272 bytes,   15054784 total
- age   3:    1318248 bytes,   16373032 total
- age   4:    1293672 bytes,   17666704 total
- age   5:    1256808 bytes,   18923512 total
- age   6:    1733520 bytes,   20657032 total
- age   7:    1689536 bytes,   22346568 total
- age   8:    1184264 bytes,   23530832 total
- age   9:    1295776 bytes,   24826608 total
- age  10:    1247472 bytes,   26074080 total
- age  11:    1162720 bytes,   27236800 total
- age  12:       9400 bytes,   27246200 total
- age  13:      12200 bytes,   27258400 total
- age  14:      15456 bytes,   27273856 total
- age  15:      21496 bytes,   27295352 total
, 0.0306796 secs]
   [Parallel Time: 13.4 ms, GC Workers: 30]
      [GC Worker Start (ms): Min: 293567.2, Avg: 293567.7, Max: 293568.1, Diff: 0.9]
      [Ext Root Scanning (ms): Min: 0.1, Avg: 0.5, Max: 1.4, Diff: 1.3, Sum: 15.0]
      [Update RS (ms): Min: 2.0, Avg: 2.9, Max: 3.3, Diff: 1.3, Sum: 86.4]
         [Processed Buffers: Min: 2, Avg: 3.8, Max: 15, Diff: 13, Sum: 114]
      [Scan RS (ms): Min: 0.0, Avg: 0.2, Max: 0.6, Diff: 0.5, Sum: 5.0]
      [Code Root Scanning (ms): Min: 0.0, Avg: 0.0, Max: 0.0, Diff: 0.0, Sum: 0.1]
      [Object Copy (ms): Min: 8.3, Avg: 8.6, Max: 8.8, Diff: 0.5, Sum: 258.3]
      [Termination (ms): Min: 0.0, Avg: 0.0, Max: 0.0, Diff: 0.0, Sum: 1.0]
         [Termination Attempts: Min: 1, Avg: 6.5, Max: 11, Diff: 10, Sum: 195]
      [GC Worker Other (ms): Min: 0.0, Avg: 0.2, Max: 0.3, Diff: 0.3, Sum: 4.6]
      [GC Worker Total (ms): Min: 11.9, Avg: 12.3, Max: 12.8, Diff: 1.0, Sum: 370.4]
      [GC Worker End (ms): Min: 293580.0, Avg: 293580.1, Max: 293580.2, Diff: 0.3]
   [Code Root Fixup: 0.0 ms]
   [Code Root Purge: 0.0 ms]
   [Clear CT: 2.0 ms]
   [Other: 15.3 ms]
      [Choose CSet: 0.0 ms]
      [Ref Proc: 9.7 ms]
      [Ref Enq: 1.5 ms]
      [Redirty Cards: 2.2 ms]
      [Humongous Register: 0.3 ms]
      [Humongous Reclaim: 0.1 ms]
      [Free CSet: 1.3 ms]
   [Eden: 3932.0M(3932.0M)->0.0B(3932.0M) Survivors: 44.0M->44.0M Heap: 7021.2M(8192.0M)->3087.6M(8192.0M)]
 [Times: user=0.42 sys=0.01, real=0.03 secs]
2018-04-30T04:32:11.261+0200: 293.598: Total time for which application threads were stopped: 0.0319179 seconds, Stopping threads took: 0.0004097 seconds
2018-04-30T04:32:11.522+0200: 293.858: Application time: 0.2605002 seconds
2018-04-30T04:32:11.523+0200: 293.859: Total time for which application threads were stopped: 0.0009553 seconds, Stopping threads took: 0.0003569 seconds
2018-04-30T04:32:11.595+0200: 293.932: Application time: 0.0724836 seconds
2018-04-30T04:32:11.596+0200: 293.933: Total time for which application threads were stopped: 0.0010638 seconds, Stopping threads took: 0.0003933 seconds
2018-04-30T04:32:11.611+0200: 293.947: Application time: 0.0146918 seconds
2018-04-30T04:32:11.612+0200: 293.949: Total time for which application threads were stopped: 0.0012879 seconds, Stopping threads took: 0.0006495 seconds
2018-04-30T04:32:11.710+0200: 294.046: Application time: 0.0976158 seconds
2018-04-30T04:32:11.711+0200: 294.047: Total time for which application threads were stopped: 0.0011919 seconds, Stopping threads took: 0.0006150 seconds
2018-04-30T04:32:11.720+0200: 294.056: Application time: 0.0087508 seconds
2018-04-30T04:32:11.721+0200: 294.057: [GC pause (G1 Evacuation Pause) (young)
Desired survivor size 262144000 bytes, new threshold 15 (max 15)
- age   1:   13762672 bytes,   13762672 total
- age   2:    1308080 bytes,   15070752 total
- age   3:    1864648 bytes,   16935400 total
- age   4:    1315328 bytes,   18250728 total
- age   5:    1291056 bytes,   19541784 total
- age   6:    1255720 bytes,   20797504 total
- age   7:    1733072 bytes,   22530576 total
- age   8:    1689088 bytes,   24219664 total
- age   9:    1184008 bytes,   25403672 total
- age  10:    1295648 bytes,   26699320 total
- age  11:    1164920 bytes,   27864240 total
- age  12:       9792 bytes,   27874032 total
- age  13:       8952 bytes,   27882984 total
- age  14:      12072 bytes,   27895056 total
- age  15:      15392 bytes,   27910448 total
, 0.0318860 secs]
   [Parallel Time: 12.3 ms, GC Workers: 30]
      [GC Worker Start (ms): Min: 294057.6, Avg: 294058.3, Max: 294058.9, Diff: 1.3]
      [Ext Root Scanning (ms): Min: 0.0, Avg: 0.4, Max: 1.3, Diff: 1.3, Sum: 11.7]
      [Update RS (ms): Min: 2.5, Avg: 3.0, Max: 3.8, Diff: 1.4, Sum: 89.8]
         [Processed Buffers: Min: 2, Avg: 3.7, Max: 15, Diff: 13, Sum: 112]
      [Scan RS (ms): Min: 0.0, Avg: 0.2, Max: 0.6, Diff: 0.5, Sum: 5.8]
      [Code Root Scanning (ms): Min: 0.0, Avg: 0.0, Max: 0.0, Diff: 0.0, Sum: 0.1]
      [Object Copy (ms): Min: 6.8, Avg: 7.5, Max: 7.8, Diff: 1.0, Sum: 224.8]
      [Termination (ms): Min: 0.0, Avg: 0.0, Max: 0.0, Diff: 0.0, Sum: 0.2]
         [Termination Attempts: Min: 1, Avg: 1.0, Max: 1, Diff: 0, Sum: 30]
      [GC Worker Other (ms): Min: 0.0, Avg: 0.1, Max: 0.3, Diff: 0.3, Sum: 4.5]
      [GC Worker Total (ms): Min: 10.5, Avg: 11.2, Max: 11.9, Diff: 1.4, Sum: 336.8]
      [GC Worker End (ms): Min: 294069.4, Avg: 294069.5, Max: 294069.7, Diff: 0.3]
   [Code Root Fixup: 0.0 ms]
   [Code Root Purge: 0.0 ms]
   [Clear CT: 2.5 ms]
   [Other: 17.0 ms]
      [Choose CSet: 0.0 ms]
      [Ref Proc: 10.9 ms]
      [Ref Enq: 1.7 ms]
      [Redirty Cards: 2.5 ms]
      [Humongous Register: 0.3 ms]
      [Humongous Reclaim: 0.1 ms]
      [Free CSet: 1.4 ms]
   [Eden: 3932.0M(3932.0M)->0.0B(3940.0M) Survivors: 44.0M->40.0M Heap: 7019.6M(8192.0M)->3082.8M(8192.0M)]
 [Times: user=0.37 sys=0.00, real=0.04 secs]
2018-04-30T04:32:11.753+0200: 294.089: Total time for which application threads were stopped: 0.0331255 seconds, Stopping threads took: 0.0004492 seconds
2018-04-30T04:32:11.799+0200: 294.136: Application time: 0.0462968 seconds
2018-04-30T04:32:11.800+0200: 294.137: Total time for which application threads were stopped: 0.0009728 seconds, Stopping threads took: 0.0003268 seconds
2018-04-30T04:32:11.952+0200: 294.289: Application time: 0.1520943 seconds
2018-04-30T04:32:11.953+0200: 294.290: Total time for which application threads were stopped: 0.0010625 seconds, Stopping threads took: 0.0003895 seconds
2018-04-30T04:32:12.175+0200: 294.512: Application time: 0.2219972 seconds
2018-04-30T04:32:12.176+0200: 294.513: Total time for which application threads were stopped: 0.0009898 seconds, Stopping threads took: 0.0003201 seconds
2018-04-30T04:32:12.197+0200: 294.534: Application time: 0.0208512 seconds
2018-04-30T04:32:12.198+0200: 294.534: [GC pause (G1 Evacuation Pause) (young)
Desired survivor size 262144000 bytes, new threshold 15 (max 15)
- age   1:   11416504 bytes,   11416504 total
- age   2:    1258392 bytes,   12674896 total
- age   3:    1304216 bytes,   13979112 total
- age   4:    1862632 bytes,   15841744 total
- age   5:    1313152 bytes,   17154896 total
- age   6:    1290160 bytes,   18445056 total
- age   7:    1254824 bytes,   19699880 total
- age   8:    1732816 bytes,   21432696 total
- age   9:    1688368 bytes,   23121064 total
- age  10:    1184008 bytes,   24305072 total
- age  11:    1222760 bytes,   25527832 total
- age  12:      11448 bytes,   25539280 total
- age  13:       9600 bytes,   25548880 total
- age  14:       8888 bytes,   25557768 total
- age  15:      10968 bytes,   25568736 total
, 0.0304221 secs]
   [Parallel Time: 12.5 ms, GC Workers: 30]
      [GC Worker Start (ms): Min: 294534.9, Avg: 294535.5, Max: 294535.9, Diff: 1.0]
      [Ext Root Scanning (ms): Min: 0.0, Avg: 0.5, Max: 1.4, Diff: 1.4, Sum: 15.1]
      [Update RS (ms): Min: 2.4, Avg: 3.0, Max: 4.3, Diff: 1.9, Sum: 88.5]
         [Processed Buffers: Min: 2, Avg: 3.9, Max: 15, Diff: 13, Sum: 117]
      [Scan RS (ms): Min: 0.0, Avg: 0.2, Max: 0.5, Diff: 0.5, Sum: 5.9]
      [Code Root Scanning (ms): Min: 0.0, Avg: 0.0, Max: 0.0, Diff: 0.0, Sum: 0.1]
      [Object Copy (ms): Min: 6.7, Avg: 7.9, Max: 8.2, Diff: 1.5, Sum: 236.5]
      [Termination (ms): Min: 0.0, Avg: 0.0, Max: 0.0, Diff: 0.0, Sum: 0.4]
         [Termination Attempts: Min: 1, Avg: 1.5, Max: 3, Diff: 2, Sum: 45]
      [GC Worker Other (ms): Min: 0.0, Avg: 0.2, Max: 0.4, Diff: 0.3, Sum: 5.5]
      [GC Worker Total (ms): Min: 11.2, Avg: 11.7, Max: 12.4, Diff: 1.2, Sum: 352.2]
      [GC Worker End (ms): Min: 294547.0, Avg: 294547.2, Max: 294547.4, Diff: 0.3]
   [Code Root Fixup: 0.0 ms]
   [Code Root Purge: 0.0 ms]
   [Clear CT: 1.8 ms]
   [Other: 16.1 ms]
      [Choose CSet: 0.0 ms]
      [Ref Proc: 10.3 ms]
      [Ref Enq: 1.5 ms]
      [Redirty Cards: 2.4 ms]
      [Humongous Register: 0.3 ms]
      [Humongous Reclaim: 0.1 ms]
      [Free CSet: 1.3 ms]
   [Eden: 3940.0M(3940.0M)->0.0B(3932.0M) Survivors: 40.0M->44.0M Heap: 7022.8M(8192.0M)->3086.7M(8192.0M)]
 [Times: user=0.37 sys=0.01, real=0.03 secs]
2018-04-30T04:32:12.229+0200: 294.565: Total time for which application threads were stopped: 0.0315148 seconds, Stopping threads took: 0.0003212 seconds
2018-04-30T04:32:12.237+0200: 294.573: Application time: 0.0078006 seconds
2018-04-30T04:32:12.238+0200: 294.574: Total time for which application threads were stopped: 0.0009666 seconds, Stopping threads took: 0.0003608 seconds
2018-04-30T04:32:12.531+0200: 294.867: Application time: 0.2929788 seconds
2018-04-30T04:32:12.532+0200: 294.868: Total time for which application threads were stopped: 0.0010448 seconds, Stopping threads took: 0.0004050 seconds
2018-04-30T04:32:12.666+0200: 295.003: Application time: 0.1346304 seconds
2018-04-30T04:32:12.668+0200: 295.005: [GC pause (G1 Evacuation Pause) (young)
Desired survivor size 262144000 bytes, new threshold 15 (max 15)
- age   1:   11117600 bytes,   11117600 total
- age   2:    1395024 bytes,   12512624 total
- age   3:    1253504 bytes,   13766128 total
- age   4:    1302808 bytes,   15068936 total
- age   5:    1860152 bytes,   16929088 total
- age   6:    1311808 bytes,   18240896 total
- age   7:    1289520 bytes,   19530416 total
- age   8:    1253736 bytes,   20784152 total
- age   9:    1732368 bytes,   22516520 total
- age  10:    1688240 bytes,   24204760 total
- age  11:    1110656 bytes,   25315416 total
- age  12:      17536 bytes,   25332952 total
- age  13:      11384 bytes,   25344336 total
- age  14:       9472 bytes,   25353808 total
- age  15:       8824 bytes,   25362632 total
, 0.0347699 secs]
   [Parallel Time: 17.7 ms, GC Workers: 30]
      [GC Worker Start (ms): Min: 295005.3, Avg: 295005.8, Max: 295006.3, Diff: 1.1]
      [Ext Root Scanning (ms): Min: 0.0, Avg: 0.5, Max: 1.4, Diff: 1.4, Sum: 15.6]
      [Update RS (ms): Min: 2.2, Avg: 2.9, Max: 3.6, Diff: 1.4, Sum: 86.2]
         [Processed Buffers: Min: 2, Avg: 3.8, Max: 12, Diff: 10, Sum: 114]
      [Scan RS (ms): Min: 0.0, Avg: 0.2, Max: 0.5, Diff: 0.5, Sum: 5.6]
      [Code Root Scanning (ms): Min: 0.0, Avg: 0.0, Max: 0.0, Diff: 0.0, Sum: 0.1]
      [Object Copy (ms): Min: 12.1, Avg: 12.6, Max: 12.9, Diff: 0.8, Sum: 378.2]
      [Termination (ms): Min: 0.0, Avg: 0.3, Max: 0.4, Diff: 0.4, Sum: 10.3]
         [Termination Attempts: Min: 1, Avg: 83.1, Max: 98, Diff: 97, Sum: 2494]
      [GC Worker Other (ms): Min: 0.0, Avg: 0.2, Max: 0.4, Diff: 0.3, Sum: 5.4]
      [GC Worker Total (ms): Min: 16.1, Avg: 16.7, Max: 17.4, Diff: 1.3, Sum: 501.4]
      [GC Worker End (ms): Min: 295022.4, Avg: 295022.6, Max: 295022.7, Diff: 0.3]
   [Code Root Fixup: 0.0 ms]
   [Code Root Purge: 0.0 ms]
   [Clear CT: 2.5 ms]
   [Other: 14.5 ms]
      [Choose CSet: 0.0 ms]
      [Ref Proc: 8.8 ms]
      [Ref Enq: 1.4 ms]
      [Redirty Cards: 2.6 ms]
      [Humongous Register: 0.3 ms]
      [Humongous Reclaim: 0.1 ms]
      [Free CSet: 1.2 ms]
   [Eden: 3932.0M(3932.0M)->0.0B(3932.0M) Survivors: 44.0M->44.0M Heap: 7018.7M(8192.0M)->3089.2M(8192.0M)]
 [Times: user=0.52 sys=0.00, real=0.03 secs]
2018-04-30T04:32:12.703+0200: 295.040: Total time for which application threads were stopped: 0.0372469 seconds, Stopping threads took: 0.0016148 seconds
2018-04-30T04:32:12.832+0200: 295.169: Application time: 0.1289199 seconds
2018-04-30T04:32:12.833+0200: 295.170: Total time for which application threads were stopped: 0.0010632 seconds, Stopping threads took: 0.0003872 seconds
2018-04-30T04:32:13.006+0200: 295.343: Application time: 0.1729394 seconds
2018-04-30T04:32:13.008+0200: 295.344: Total time for which application threads were stopped: 0.0011009 seconds, Stopping threads took: 0.0004402 seconds
2018-04-30T04:32:13.099+0200: 295.435: Application time: 0.0916157 seconds
2018-04-30T04:32:13.100+0200: 295.437: Total time for which application threads were stopped: 0.0012797 seconds, Stopping threads took: 0.0006506 seconds
2018-04-30T04:32:13.150+0200: 295.486: Application time: 0.0493544 seconds
2018-04-30T04:32:13.151+0200: 295.487: [GC pause (G1 Evacuation Pause) (young)
Desired survivor size 262144000 bytes, new threshold 15 (max 15)
- age   1:   13468352 bytes,   13468352 total
- age   2:    1296400 bytes,   14764752 total
- age   3:    1243408 bytes,   16008160 total
- age   4:    1245760 bytes,   17253920 total
- age   5:    1275896 bytes,   18529816 total
- age   6:    1617288 bytes,   20147104 total
- age   7:    1311168 bytes,   21458272 total
- age   8:    1288880 bytes,   22747152 total
- age   9:    1253160 bytes,   24000312 total
- age  10:    1732176 bytes,   25732488 total
- age  11:    1580400 bytes,   27312888 total
- age  12:      15456 bytes,   27328344 total
- age  13:      17472 bytes,   27345816 total
- age  14:      11192 bytes,   27357008 total
- age  15:       9208 bytes,   27366216 total
, 0.0303695 secs]
   [Parallel Time: 14.0 ms, GC Workers: 30]
      [GC Worker Start (ms): Min: 295487.6, Avg: 295487.9, Max: 295488.3, Diff: 0.7]
      [Ext Root Scanning (ms): Min: 0.2, Avg: 0.6, Max: 1.4, Diff: 1.2, Sum: 17.7]
      [Update RS (ms): Min: 2.3, Avg: 2.8, Max: 3.5, Diff: 1.2, Sum: 82.8]
         [Processed Buffers: Min: 2, Avg: 3.9, Max: 17, Diff: 15, Sum: 117]
      [Scan RS (ms): Min: 0.0, Avg: 0.2, Max: 0.5, Diff: 0.5, Sum: 6.0]
      [Code Root Scanning (ms): Min: 0.0, Avg: 0.0, Max: 0.0, Diff: 0.0, Sum: 0.1]
      [Object Copy (ms): Min: 8.9, Avg: 9.5, Max: 9.7, Diff: 0.8, Sum: 283.7]
      [Termination (ms): Min: 0.0, Avg: 0.0, Max: 0.0, Diff: 0.0, Sum: 0.2]
         [Termination Attempts: Min: 1, Avg: 1.0, Max: 1, Diff: 0, Sum: 30]
      [GC Worker Other (ms): Min: 0.0, Avg: 0.2, Max: 0.3, Diff: 0.3, Sum: 4.7]
      [GC Worker Total (ms): Min: 12.7, Avg: 13.2, Max: 13.6, Diff: 0.9, Sum: 395.2]
      [GC Worker End (ms): Min: 295501.0, Avg: 295501.1, Max: 295501.3, Diff: 0.3]
   [Code Root Fixup: 0.0 ms]
   [Code Root Purge: 0.0 ms]
   [Clear CT: 1.7 ms]
   [Other: 14.7 ms]
      [Choose CSet: 0.0 ms]
      [Ref Proc: 9.4 ms]
      [Ref Enq: 1.3 ms]
      [Redirty Cards: 2.2 ms]
      [Humongous Register: 0.3 ms]
      [Humongous Reclaim: 0.1 ms]
      [Free CSet: 1.2 ms]
   [Eden: 3932.0M(3932.0M)->0.0B(3916.0M) Survivors: 44.0M->52.0M Heap: 7021.2M(8192.0M)->3094.8M(8192.0M)]
 [Times: user=0.41 sys=0.00, real=0.03 secs]
2018-04-30T04:32:13.181+0200: 295.518: Total time for which application threads were stopped: 0.0315808 seconds, Stopping threads took: 0.0004119 seconds
2018-04-30T04:32:13.263+0200: 295.599: Application time: 0.0817432 seconds
2018-04-30T04:32:13.264+0200: 295.600: Total time for which application threads were stopped: 0.0008588 seconds, Stopping threads took: 0.0002950 seconds
2018-04-30T04:32:13.594+0200: 295.930: Application time: 0.3296020 seconds
2018-04-30T04:32:13.595+0200: 295.931: Total time for which application threads were stopped: 0.0012690 seconds, Stopping threads took: 0.0006577 seconds
2018-04-30T04:32:13.656+0200: 295.993: Application time: 0.0615698 seconds
2018-04-30T04:32:13.657+0200: 295.994: Total time for which application threads were stopped: 0.0010807 seconds, Stopping threads took: 0.0004112 seconds
2018-04-30T04:32:13.700+0200: 296.037: Application time: 0.0428217 seconds
2018-04-30T04:32:13.701+0200: 296.038: Total time for which application threads were stopped: 0.0010473 seconds, Stopping threads took: 0.0004593 seconds
2018-04-30T04:32:13.740+0200: 296.076: Application time: 0.0384472 seconds
2018-04-30T04:32:13.741+0200: 296.077: [GC pause (G1 Evacuation Pause) (young)
Desired survivor size 260046848 bytes, new threshold 15 (max 15)
- age   1:   18507712 bytes,   18507712 total
- age   2:    1219560 bytes,   19727272 total
- age   3:    1290200 bytes,   21017472 total
- age   4:    1240272 bytes,   22257744 total
- age   5:    1243744 bytes,   23501488 total
- age   6:    1272248 bytes,   24773736 total
- age   7:    1615560 bytes,   26389296 total
- age   8:    1310016 bytes,   27699312 total
- age   9:    1285936 bytes,   28985248 total
- age  10:    1249320 bytes,   30234568 total
- age  11:    1187296 bytes,   31421864 total
- age  12:     436096 bytes,   31857960 total
- age  13:      15456 bytes,   31873416 total
- age  14:      17472 bytes,   31890888 total
- age  15:      10872 bytes,   31901760 total
, 0.0317939 secs]
   [Parallel Time: 12.7 ms, GC Workers: 30]
      [GC Worker Start (ms): Min: 296077.6, Avg: 296078.1, Max: 296078.5, Diff: 0.9]
      [Ext Root Scanning (ms): Min: 0.1, Avg: 0.5, Max: 1.3, Diff: 1.2, Sum: 14.7]
      [Update RS (ms): Min: 2.4, Avg: 2.9, Max: 3.5, Diff: 1.1, Sum: 85.7]
         [Processed Buffers: Min: 2, Avg: 3.7, Max: 14, Diff: 12, Sum: 112]
      [Scan RS (ms): Min: 0.0, Avg: 0.2, Max: 0.5, Diff: 0.5, Sum: 6.1]
      [Code Root Scanning (ms): Min: 0.0, Avg: 0.0, Max: 0.0, Diff: 0.0, Sum: 0.1]
      [Object Copy (ms): Min: 7.8, Avg: 8.2, Max: 8.4, Diff: 0.6, Sum: 247.5]
      [Termination (ms): Min: 0.0, Avg: 0.1, Max: 0.1, Diff: 0.1, Sum: 2.4]
         [Termination Attempts: Min: 1, Avg: 1.0, Max: 1, Diff: 0, Sum: 30]
      [GC Worker Other (ms): Min: 0.0, Avg: 0.1, Max: 0.3, Diff: 0.3, Sum: 3.5]
      [GC Worker Total (ms): Min: 11.5, Avg: 12.0, Max: 12.6, Diff: 1.1, Sum: 360.0]
      [GC Worker End (ms): Min: 296089.9, Avg: 296090.1, Max: 296090.2, Diff: 0.3]
   [Code Root Fixup: 0.0 ms]
   [Code Root Purge: 0.0 ms]
   [Clear CT: 2.1 ms]
   [Other: 17.0 ms]
      [Choose CSet: 0.0 ms]
      [Ref Proc: 11.3 ms]
      [Ref Enq: 1.6 ms]
      [Redirty Cards: 2.2 ms]
      [Humongous Register: 0.3 ms]
      [Humongous Reclaim: 0.1 ms]
      [Free CSet: 1.3 ms]
   [Eden: 3916.0M(3916.0M)->0.0B(3940.0M) Survivors: 52.0M->40.0M Heap: 7010.8M(8192.0M)->3084.9M(8192.0M)]
 [Times: user=0.40 sys=0.01, real=0.04 secs]
2018-04-30T04:32:13.773+0200: 296.109: Total time for which application threads were stopped: 0.0330524 seconds, Stopping threads took: 0.0004650 seconds
2018-04-30T04:32:13.816+0200: 296.152: Application time: 0.0427933 seconds
2018-04-30T04:32:13.818+0200: 296.154: Total time for which application threads were stopped: 0.0020153 seconds, Stopping threads took: 0.0004112 seconds
2018-04-30T04:32:13.838+0200: 296.174: Application time: 0.0201525 seconds
2018-04-30T04:32:13.839+0200: 296.175: Total time for which application threads were stopped: 0.0009082 seconds, Stopping threads took: 0.0003086 seconds
2018-04-30T04:32:14.244+0200: 296.580: Application time: 0.4053506 seconds
2018-04-30T04:32:14.245+0200: 296.581: [GC pause (G1 Evacuation Pause) (young)
Desired survivor size 262144000 bytes, new threshold 15 (max 15)
- age   1:   14845288 bytes,   14845288 total
- age   2:    2990912 bytes,   17836200 total
- age   3:    1216576 bytes,   19052776 total
- age   4:    1288888 bytes,   20341664 total
- age   5:    1239824 bytes,   21581488 total
- age   6:    1242976 bytes,   22824464 total
- age   7:    1271992 bytes,   24096456 total
- age   8:    1615304 bytes,   25711760 total
- age   9:    1309760 bytes,   27021520 total
- age  10:    1285808 bytes,   28307328 total
- age  11:    1154240 bytes,   29461568 total
- age  12:      13320 bytes,   29474888 total
- age  13:     435968 bytes,   29910856 total
- age  14:      15392 bytes,   29926248 total
- age  15:      17472 bytes,   29943720 total
, 0.0309569 secs]
   [Parallel Time: 12.9 ms, GC Workers: 30]
      [GC Worker Start (ms): Min: 296581.8, Avg: 296582.3, Max: 296582.7, Diff: 1.0]
      [Ext Root Scanning (ms): Min: 0.0, Avg: 0.5, Max: 1.3, Diff: 1.3, Sum: 13.5]
      [Update RS (ms): Min: 2.2, Avg: 2.9, Max: 3.5, Diff: 1.3, Sum: 85.9]
         [Processed Buffers: Min: 2, Avg: 3.8, Max: 12, Diff: 10, Sum: 113]
      [Scan RS (ms): Min: 0.0, Avg: 0.2, Max: 0.6, Diff: 0.6, Sum: 5.1]
      [Code Root Scanning (ms): Min: 0.0, Avg: 0.0, Max: 0.0, Diff: 0.0, Sum: 0.1]
      [Object Copy (ms): Min: 7.8, Avg: 8.3, Max: 8.6, Diff: 0.8, Sum: 248.5]
      [Termination (ms): Min: 0.0, Avg: 0.0, Max: 0.0, Diff: 0.0, Sum: 0.3]
         [Termination Attempts: Min: 1, Avg: 1.0, Max: 1, Diff: 0, Sum: 30]
      [GC Worker Other (ms): Min: 0.0, Avg: 0.2, Max: 0.4, Diff: 0.3, Sum: 5.3]
      [GC Worker Total (ms): Min: 11.4, Avg: 12.0, Max: 12.6, Diff: 1.2, Sum: 358.8]
      [GC Worker End (ms): Min: 296594.1, Avg: 296594.2, Max: 296594.4, Diff: 0.3]
   [Code Root Fixup: 0.0 ms]
   [Code Root Purge: 0.0 ms]
   [Clear CT: 2.3 ms]
   [Other: 15.7 ms]
      [Choose CSet: 0.0 ms]
      [Ref Proc: 10.0 ms]
      [Ref Enq: 1.5 ms]
      [Redirty Cards: 2.4 ms]
      [Humongous Register: 0.3 ms]
      [Humongous Reclaim: 0.1 ms]
      [Free CSet: 1.3 ms]
   [Eden: 3940.0M(3940.0M)->0.0B(3932.0M) Survivors: 40.0M->44.0M Heap: 7024.9M(8192.0M)->3088.9M(8192.0M)]
 [Times: user=0.39 sys=0.00, real=0.03 secs]
2018-04-30T04:32:14.276+0200: 296.613: Total time for which application threads were stopped: 0.0321426 seconds, Stopping threads took: 0.0003700 seconds
2018-04-30T04:32:14.743+0200: 297.079: Application time: 0.4666743 seconds
2018-04-30T04:32:14.744+0200: 297.080: [GC pause (G1 Evacuation Pause) (young)
Desired survivor size 262144000 bytes, new threshold 15 (max 15)
- age   1:   15689160 bytes,   15689160 total
- age   2:    1294040 bytes,   16983200 total
- age   3:    2984112 bytes,   19967312 total
- age   4:    1213440 bytes,   21180752 total
- age   5:    1287128 bytes,   22467880 total
- age   6:    1239376 bytes,   23707256 total
- age   7:    1242784 bytes,   24950040 total
- age   8:    1271736 bytes,   26221776 total
- age   9:    1615176 bytes,   27836952 total
- age  10:    1309568 bytes,   29146520 total
- age  11:    1180416 bytes,   30326936 total
- age  12:      12128 bytes,   30339064 total
- age  13:      12872 bytes,   30351936 total
- age  14:     435840 bytes,   30787776 total
- age  15:      15392 bytes,   30803168 total
, 0.0292447 secs]
   [Parallel Time: 12.8 ms, GC Workers: 30]
      [GC Worker Start (ms): Min: 297080.8, Avg: 297081.4, Max: 297082.0, Diff: 1.1]
      [Ext Root Scanning (ms): Min: 0.0, Avg: 0.5, Max: 1.2, Diff: 1.2, Sum: 14.6]
      [Update RS (ms): Min: 2.3, Avg: 2.8, Max: 3.6, Diff: 1.4, Sum: 83.2]
         [Processed Buffers: Min: 2, Avg: 3.6, Max: 9, Diff: 7, Sum: 109]
      [Scan RS (ms): Min: 0.0, Avg: 0.2, Max: 0.5, Diff: 0.4, Sum: 6.1]
      [Code Root Scanning (ms): Min: 0.0, Avg: 0.0, Max: 0.0, Diff: 0.0, Sum: 0.1]
      [Object Copy (ms): Min: 7.6, Avg: 8.3, Max: 8.5, Diff: 1.0, Sum: 248.1]
      [Termination (ms): Min: 0.0, Avg: 0.0, Max: 0.0, Diff: 0.0, Sum: 0.3]
         [Termination Attempts: Min: 1, Avg: 1.0, Max: 1, Diff: 0, Sum: 30]
      [GC Worker Other (ms): Min: 0.0, Avg: 0.2, Max: 0.3, Diff: 0.3, Sum: 5.1]
      [GC Worker Total (ms): Min: 11.3, Avg: 11.9, Max: 12.6, Diff: 1.3, Sum: 357.5]
      [GC Worker End (ms): Min: 297093.2, Avg: 297093.3, Max: 297093.5, Diff: 0.3]
   [Code Root Fixup: 0.0 ms]
   [Code Root Purge: 0.0 ms]
   [Clear CT: 2.0 ms]
   [Other: 14.5 ms]
      [Choose CSet: 0.0 ms]
      [Ref Proc: 9.5 ms]
      [Ref Enq: 1.4 ms]
      [Redirty Cards: 1.7 ms]
      [Humongous Register: 0.4 ms]
      [Humongous Reclaim: 0.1 ms]
      [Free CSet: 1.2 ms]
   [Eden: 3932.0M(3932.0M)->0.0B(3932.0M) Survivors: 44.0M->44.0M Heap: 7020.9M(8192.0M)->3088.9M(8192.0M)]
 [Times: user=0.38 sys=0.00, real=0.03 secs]
2018-04-30T04:32:14.773+0200: 297.110: Total time for which application threads were stopped: 0.0305038 seconds, Stopping threads took: 0.0004136 seconds
2018-04-30T04:32:14.792+0200: 297.128: Application time: 0.0183473 seconds
2018-04-30T04:32:14.793+0200: 297.129: Total time for which application threads were stopped: 0.0008995 seconds, Stopping threads took: 0.0003214 seconds
2018-04-30T04:32:15.220+0200: 297.556: Application time: 0.4272204 seconds
2018-04-30T04:32:15.221+0200: 297.557: [GC pause (G1 Evacuation Pause) (young)
Desired survivor size 262144000 bytes, new threshold 15 (max 15)
- age   1:   16318880 bytes,   16318880 total
- age   2:    1413704 bytes,   17732584 total
- age   3:    1289064 bytes,   19021648 total
- age   4:    2982320 bytes,   22003968 total
- age   5:    1211712 bytes,   23215680 total
- age   6:    1286360 bytes,   24502040 total
- age   7:    1238864 bytes,   25740904 total
- age   8:    1242528 bytes,   26983432 total
- age   9:    1271608 bytes,   28255040 total
- age  10:    1614856 bytes,   29869896 total
- age  11:    1240696 bytes,   31110592 total
- age  12:      15256 bytes,   31125848 total
- age  13:      11936 bytes,   31137784 total
- age  14:      12360 bytes,   31150144 total
- age  15:     435776 bytes,   31585920 total
, 0.0284452 secs]
   [Parallel Time: 11.9 ms, GC Workers: 30]
      [GC Worker Start (ms): Min: 297557.7, Avg: 297558.2, Max: 297558.6, Diff: 0.9]
      [Ext Root Scanning (ms): Min: 0.2, Avg: 0.6, Max: 1.3, Diff: 1.1, Sum: 16.5]
      [Update RS (ms): Min: 2.2, Avg: 2.9, Max: 3.4, Diff: 1.2, Sum: 85.8]
         [Processed Buffers: Min: 2, Avg: 4.0, Max: 11, Diff: 9, Sum: 119]
      [Scan RS (ms): Min: 0.0, Avg: 0.2, Max: 0.6, Diff: 0.5, Sum: 5.2]
      [Code Root Scanning (ms): Min: 0.0, Avg: 0.0, Max: 0.0, Diff: 0.0, Sum: 0.1]
      [Object Copy (ms): Min: 7.0, Avg: 7.4, Max: 7.7, Diff: 0.7, Sum: 222.2]
      [Termination (ms): Min: 0.0, Avg: 0.0, Max: 0.0, Diff: 0.0, Sum: 0.2]
         [Termination Attempts: Min: 1, Avg: 1.0, Max: 1, Diff: 0, Sum: 30]
      [GC Worker Other (ms): Min: 0.0, Avg: 0.2, Max: 0.3, Diff: 0.3, Sum: 5.0]
      [GC Worker Total (ms): Min: 10.7, Avg: 11.2, Max: 11.8, Diff: 1.1, Sum: 335.1]
      [GC Worker End (ms): Min: 297569.2, Avg: 297569.4, Max: 297569.6, Diff: 0.3]
   [Code Root Fixup: 0.0 ms]
   [Code Root Purge: 0.0 ms]
   [Clear CT: 1.4 ms]
   [Other: 15.1 ms]
      [Choose CSet: 0.0 ms]
      [Ref Proc: 9.7 ms]
      [Ref Enq: 1.3 ms]
      [Redirty Cards: 2.2 ms]
      [Humongous Register: 0.3 ms]
      [Humongous Reclaim: 0.1 ms]
      [Free CSet: 1.3 ms]
   [Eden: 3932.0M(3932.0M)->0.0B(3940.0M) Survivors: 44.0M->40.0M Heap: 7020.9M(8192.0M)->3084.5M(8192.0M)]
 [Times: user=0.36 sys=0.00, real=0.03 secs]
2018-04-30T04:32:15.250+0200: 297.586: Total time for which application threads were stopped: 0.0297122 seconds, Stopping threads took: 0.0004322 seconds
2018-04-30T04:32:15.694+0200: 298.030: Application time: 0.4443355 seconds
2018-04-30T04:32:15.695+0200: 298.031: [GC pause (G1 Evacuation Pause) (young)
Desired survivor size 262144000 bytes, new threshold 15 (max 15)
- age   1:   11767872 bytes,   11767872 total
- age   2:    1249792 bytes,   13017664 total
- age   3:    1260816 bytes,   14278480 total
- age   4:    1286760 bytes,   15565240 total
- age   5:    2980336 bytes,   18545576 total
- age   6:    1210496 bytes,   19756072 total
- age   7:    1285592 bytes,   21041664 total
- age   8:    1237888 bytes,   22279552 total
- age   9:    1242080 bytes,   23521632 total
- age  10:    1271288 bytes,   24792920 total
- age  11:    1609632 bytes,   26402552 total
- age  12:      27512 bytes,   26430064 total
- age  13:      15128 bytes,   26445192 total
- age  14:      11680 bytes,   26456872 total
- age  15:      12040 bytes,   26468912 total
, 0.0309207 secs]
   [Parallel Time: 11.5 ms, GC Workers: 30]
      [GC Worker Start (ms): Min: 298031.9, Avg: 298032.2, Max: 298032.6, Diff: 0.7]
      [Ext Root Scanning (ms): Min: 0.2, Avg: 0.6, Max: 1.3, Diff: 1.1, Sum: 17.3]
      [Update RS (ms): Min: 2.2, Avg: 2.8, Max: 3.4, Diff: 1.3, Sum: 83.1]
         [Processed Buffers: Min: 2, Avg: 3.8, Max: 15, Diff: 13, Sum: 115]
      [Scan RS (ms): Min: 0.0, Avg: 0.2, Max: 0.5, Diff: 0.5, Sum: 5.1]
      [Code Root Scanning (ms): Min: 0.0, Avg: 0.0, Max: 0.0, Diff: 0.0, Sum: 0.1]
      [Object Copy (ms): Min: 6.7, Avg: 7.3, Max: 7.5, Diff: 0.8, Sum: 217.8]
      [Termination (ms): Min: 0.0, Avg: 0.0, Max: 0.0, Diff: 0.0, Sum: 0.3]
         [Termination Attempts: Min: 1, Avg: 1.0, Max: 1, Diff: 0, Sum: 30]
      [GC Worker Other (ms): Min: 0.0, Avg: 0.2, Max: 0.3, Diff: 0.3, Sum: 5.2]
      [GC Worker Total (ms): Min: 10.5, Avg: 11.0, Max: 11.4, Diff: 0.9, Sum: 328.9]
      [GC Worker End (ms): Min: 298043.0, Avg: 298043.2, Max: 298043.3, Diff: 0.3]
   [Code Root Fixup: 0.0 ms]
   [Code Root Purge: 0.0 ms]
   [Clear CT: 2.6 ms]
   [Other: 16.7 ms]
      [Choose CSet: 0.0 ms]
      [Ref Proc: 10.3 ms]
      [Ref Enq: 1.4 ms]
      [Redirty Cards: 2.7 ms]
      [Humongous Register: 0.3 ms]
      [Humongous Reclaim: 0.1 ms]
      [Free CSet: 1.6 ms]
   [Eden: 3940.0M(3940.0M)->0.0B(3924.0M) Survivors: 40.0M->48.0M Heap: 7024.5M(8192.0M)->3092.3M(8192.0M)]
 [Times: user=0.34 sys=0.02, real=0.03 secs]
2018-04-30T04:32:15.726+0200: 298.063: Total time for which application threads were stopped: 0.0323749 seconds, Stopping threads took: 0.0005377 seconds
2018-04-30T04:32:15.756+0200: 298.093: Application time: 0.0300751 seconds
2018-04-30T04:32:15.757+0200: 298.094: Total time for which application threads were stopped: 0.0009179 seconds, Stopping threads took: 0.0002804 seconds
2018-04-30T04:32:16.178+0200: 298.515: Application time: 0.4210623 seconds
2018-04-30T04:32:16.180+0200: 298.516: [GC pause (G1 Evacuation Pause) (young)
Desired survivor size 262144000 bytes, new threshold 15 (max 15)
- age   1:   12988864 bytes,   12988864 total
- age   2:    1473544 bytes,   14462408 total
- age   3:    1244112 bytes,   15706520 total
- age   4:    1257936 bytes,   16964456 total
- age   5:    1285288 bytes,   18249744 total
- age   6:    2978800 bytes,   21228544 total
- age   7:    1209856 bytes,   22438400 total
- age   8:    1285144 bytes,   23723544 total
- age   9:    1237568 bytes,   24961112 total
- age  10:    1242016 bytes,   26203128 total
- age  11:    1233416 bytes,   27436544 total
- age  12:     398760 bytes,   27835304 total
- age  13:      27448 bytes,   27862752 total
- age  14:      15128 bytes,   27877880 total
- age  15:      11680 bytes,   27889560 total
, 0.0292914 secs]
   [Parallel Time: 12.6 ms, GC Workers: 30]
      [GC Worker Start (ms): Min: 298516.3, Avg: 298516.9, Max: 298517.5, Diff: 1.1]
      [Ext Root Scanning (ms): Min: 0.0, Avg: 0.5, Max: 1.3, Diff: 1.3, Sum: 16.0]
      [Update RS (ms): Min: 2.2, Avg: 2.7, Max: 3.4, Diff: 1.2, Sum: 81.5]
         [Processed Buffers: Min: 2, Avg: 3.8, Max: 16, Diff: 14, Sum: 114]
      [Scan RS (ms): Min: 0.0, Avg: 0.2, Max: 0.5, Diff: 0.5, Sum: 6.2]
      [Code Root Scanning (ms): Min: 0.0, Avg: 0.0, Max: 0.0, Diff: 0.0, Sum: 0.1]
      [Object Copy (ms): Min: 7.3, Avg: 7.9, Max: 8.2, Diff: 0.8, Sum: 236.1]
      [Termination (ms): Min: 0.0, Avg: 0.0, Max: 0.0, Diff: 0.0, Sum: 0.3]
         [Termination Attempts: Min: 1, Avg: 1.0, Max: 1, Diff: 0, Sum: 30]
      [GC Worker Other (ms): Min: 0.0, Avg: 0.2, Max: 0.4, Diff: 0.3, Sum: 5.4]
      [GC Worker Total (ms): Min: 10.9, Avg: 11.5, Max: 12.2, Diff: 1.3, Sum: 345.7]
      [GC Worker End (ms): Min: 298528.3, Avg: 298528.5, Max: 298528.6, Diff: 0.3]
   [Code Root Fixup: 0.0 ms]
   [Code Root Purge: 0.0 ms]
   [Clear CT: 1.9 ms]
   [Other: 14.8 ms]
      [Choose CSet: 0.0 ms]
      [Ref Proc: 9.6 ms]
      [Ref Enq: 1.3 ms]
      [Redirty Cards: 1.9 ms]
      [Humongous Register: 0.3 ms]
      [Humongous Reclaim: 0.1 ms]
      [Free CSet: 1.3 ms]
   [Eden: 3924.0M(3924.0M)->0.0B(3924.0M) Survivors: 48.0M->48.0M Heap: 7016.3M(8192.0M)->3091.4M(8192.0M)]
 [Times: user=0.36 sys=0.00, real=0.03 secs]
2018-04-30T04:32:16.209+0200: 298.545: Total time for which application threads were stopped: 0.0306792 seconds, Stopping threads took: 0.0005056 seconds
2018-04-30T04:32:16.660+0200: 298.997: Application time: 0.4513489 seconds
2018-04-30T04:32:16.661+0200: 298.998: [GC pause (G1 Evacuation Pause) (young)
Desired survivor size 262144000 bytes, new threshold 15 (max 15)
- age   1:   13750984 bytes,   13750984 total
- age   2:    1294800 bytes,   15045784 total
- age   3:    1469600 bytes,   16515384 total
- age   4:    1241648 bytes,   17757032 total
- age   5:    1256176 bytes,   19013208 total
- age   6:    1284584 bytes,   20297792 total
- age   7:    2977904 bytes,   23275696 total
- age   8:    1209280 bytes,   24484976 total
- age   9:    1284760 bytes,   25769736 total
- age  10:    1237376 bytes,   27007112 total
- age  11:    1228144 bytes,   28235256 total
- age  12:       6288 bytes,   28241544 total
- age  13:     398760 bytes,   28640304 total
- age  14:      27448 bytes,   28667752 total
- age  15:      15000 bytes,   28682752 total
, 0.0299261 secs]
   [Parallel Time: 12.0 ms, GC Workers: 30]
      [GC Worker Start (ms): Min: 298998.1, Avg: 298998.7, Max: 298999.1, Diff: 1.0]
      [Ext Root Scanning (ms): Min: 0.0, Avg: 0.5, Max: 1.4, Diff: 1.3, Sum: 13.8]
      [Update RS (ms): Min: 2.2, Avg: 2.8, Max: 3.5, Diff: 1.3, Sum: 83.6]
         [Processed Buffers: Min: 2, Avg: 3.7, Max: 8, Diff: 6, Sum: 112]
      [Scan RS (ms): Min: 0.0, Avg: 0.2, Max: 0.5, Diff: 0.5, Sum: 5.6]
      [Code Root Scanning (ms): Min: 0.0, Avg: 0.0, Max: 0.0, Diff: 0.0, Sum: 0.1]
      [Object Copy (ms): Min: 6.8, Avg: 7.4, Max: 7.6, Diff: 0.8, Sum: 221.1]
      [Termination (ms): Min: 0.0, Avg: 0.0, Max: 0.0, Diff: 0.0, Sum: 0.2]
         [Termination Attempts: Min: 1, Avg: 1.0, Max: 1, Diff: 0, Sum: 30]
      [GC Worker Other (ms): Min: 0.0, Avg: 0.1, Max: 0.3, Diff: 0.3, Sum: 4.5]
      [GC Worker Total (ms): Min: 10.6, Avg: 11.0, Max: 11.6, Diff: 1.1, Sum: 328.9]
      [GC Worker End (ms): Min: 299009.5, Avg: 299009.6, Max: 299009.8, Diff: 0.3]
   [Code Root Fixup: 0.0 ms]
   [Code Root Purge: 0.0 ms]
   [Clear CT: 2.5 ms]
   [Other: 15.4 ms]
      [Choose CSet: 0.0 ms]
      [Ref Proc: 9.3 ms]
      [Ref Enq: 1.3 ms]
      [Redirty Cards: 2.9 ms]
      [Humongous Register: 0.3 ms]
      [Humongous Reclaim: 0.1 ms]
      [Free CSet: 1.3 ms]
   [Eden: 3924.0M(3924.0M)->0.0B(3940.0M) Survivors: 48.0M->40.0M Heap: 7015.4M(8192.0M)->3085.3M(8192.0M)]
 [Times: user=0.36 sys=0.00, real=0.03 secs]
2018-04-30T04:32:16.691+0200: 299.028: Total time for which application threads were stopped: 0.0310517 seconds, Stopping threads took: 0.0002933 seconds
2018-04-30T04:32:17.134+0200: 299.471: Application time: 0.4429314 seconds
2018-04-30T04:32:17.135+0200: 299.472: [GC pause (G1 Evacuation Pause) (young)
Desired survivor size 262144000 bytes, new threshold 15 (max 15)
- age   1:   11417008 bytes,   11417008 total
- age   2:    1268232 bytes,   12685240 total
- age   3:    1288824 bytes,   13974064 total
- age   4:    1467680 bytes,   15441744 total
- age   5:    1240112 bytes,   16681856 total
- age   6:    1254768 bytes,   17936624 total
- age   7:    1284264 bytes,   19220888 total
- age   8:    2977264 bytes,   22198152 total
- age   9:    1208768 bytes,   23406920 total
- age  10:    1284632 bytes,   24691552 total
- age  11:    1224256 bytes,   25915808 total
- age  12:       6592 bytes,   25922400 total
- age  13:       6288 bytes,   25928688 total
- age  14:     398760 bytes,   26327448 total
- age  15:      27448 bytes,   26354896 total
, 0.0294394 secs]
   [Parallel Time: 11.4 ms, GC Workers: 30]
      [GC Worker Start (ms): Min: 299472.1, Avg: 299472.5, Max: 299472.9, Diff: 0.9]
      [Ext Root Scanning (ms): Min: 0.1, Avg: 0.5, Max: 1.4, Diff: 1.3, Sum: 16.5]
      [Update RS (ms): Min: 2.2, Avg: 2.8, Max: 3.5, Diff: 1.3, Sum: 83.1]
         [Processed Buffers: Min: 2, Avg: 3.8, Max: 15, Diff: 13, Sum: 115]
      [Scan RS (ms): Min: 0.0, Avg: 0.2, Max: 0.5, Diff: 0.5, Sum: 5.5]
      [Code Root Scanning (ms): Min: 0.0, Avg: 0.0, Max: 0.0, Diff: 0.0, Sum: 0.1]
      [Object Copy (ms): Min: 6.3, Avg: 6.9, Max: 7.2, Diff: 0.8, Sum: 207.9]
      [Termination (ms): Min: 0.0, Avg: 0.0, Max: 0.0, Diff: 0.0, Sum: 0.2]
         [Termination Attempts: Min: 1, Avg: 1.0, Max: 1, Diff: 0, Sum: 30]
      [GC Worker Other (ms): Min: 0.0, Avg: 0.2, Max: 0.3, Diff: 0.3, Sum: 5.1]
      [GC Worker Total (ms): Min: 10.1, Avg: 10.6, Max: 11.2, Diff: 1.0, Sum: 318.4]
      [GC Worker End (ms): Min: 299483.0, Avg: 299483.1, Max: 299483.3, Diff: 0.3]
   [Code Root Fixup: 0.0 ms]
   [Code Root Purge: 0.0 ms]
   [Clear CT: 2.3 ms]
   [Other: 15.7 ms]
      [Choose CSet: 0.0 ms]
      [Ref Proc: 10.1 ms]
      [Ref Enq: 1.6 ms]
      [Redirty Cards: 2.0 ms]
      [Humongous Register: 0.3 ms]
      [Humongous Reclaim: 0.1 ms]
      [Free CSet: 1.4 ms]
   [Eden: 3940.0M(3940.0M)->0.0B(3940.0M) Survivors: 40.0M->40.0M Heap: 7025.3M(8192.0M)->3086.1M(8192.0M)]
 [Times: user=0.33 sys=0.00, real=0.03 secs]
2018-04-30T04:32:17.165+0200: 299.501: Total time for which application threads were stopped: 0.0305883 seconds, Stopping threads took: 0.0002627 seconds
2018-04-30T04:32:17.206+0200: 299.543: Application time: 0.0411856 seconds
2018-04-30T04:32:17.207+0200: 299.543: Total time for which application threads were stopped: 0.0009273 seconds, Stopping threads took: 0.0002834 seconds
2018-04-30T04:32:17.606+0200: 299.943: Application time: 0.3991639 seconds
2018-04-30T04:32:17.607+0200: 299.944: [GC pause (G1 Evacuation Pause) (young)
Desired survivor size 262144000 bytes, new threshold 15 (max 15)
- age   1:   11536528 bytes,   11536528 total
- age   2:    1399960 bytes,   12936488 total
- age   3:    1260912 bytes,   14197400 total
- age   4:    1286712 bytes,   15484112 total
- age   5:    1466240 bytes,   16950352 total
- age   6:    1239088 bytes,   18189440 total
- age   7:    1253808 bytes,   19443248 total
- age   8:    1283880 bytes,   20727128 total
- age   9:    2976560 bytes,   23703688 total
- age  10:    1208576 bytes,   24912264 total
- age  11:    1284440 bytes,   26196704 total
- age  12:      31480 bytes,   26228184 total
- age  13:       6592 bytes,   26234776 total
- age  14:       6224 bytes,   26241000 total
- age  15:     398696 bytes,   26639696 total
, 0.0299720 secs]
   [Parallel Time: 11.8 ms, GC Workers: 30]
      [GC Worker Start (ms): Min: 299944.1, Avg: 299944.4, Max: 299944.7, Diff: 0.6]
      [Ext Root Scanning (ms): Min: 0.2, Avg: 0.6, Max: 1.3, Diff: 1.0, Sum: 16.5]
      [Update RS (ms): Min: 2.2, Avg: 2.8, Max: 3.4, Diff: 1.2, Sum: 82.9]
         [Processed Buffers: Min: 2, Avg: 3.7, Max: 12, Diff: 10, Sum: 110]
      [Scan RS (ms): Min: 0.0, Avg: 0.2, Max: 0.5, Diff: 0.5, Sum: 5.5]
      [Code Root Scanning (ms): Min: 0.0, Avg: 0.0, Max: 0.0, Diff: 0.0, Sum: 0.1]
      [Object Copy (ms): Min: 6.8, Avg: 7.4, Max: 7.6, Diff: 0.8, Sum: 220.6]
      [Termination (ms): Min: 0.0, Avg: 0.0, Max: 0.0, Diff: 0.0, Sum: 0.2]
         [Termination Attempts: Min: 1, Avg: 1.0, Max: 1, Diff: 0, Sum: 30]
      [GC Worker Other (ms): Min: 0.0, Avg: 0.2, Max: 0.3, Diff: 0.3, Sum: 5.0]
      [GC Worker Total (ms): Min: 10.7, Avg: 11.0, Max: 11.5, Diff: 0.8, Sum: 330.7]
      [GC Worker End (ms): Min: 299955.2, Avg: 299955.4, Max: 299955.5, Diff: 0.3]
   [Code Root Fixup: 0.0 ms]
   [Code Root Purge: 0.0 ms]
   [Clear CT: 2.8 ms]
   [Other: 15.3 ms]
      [Choose CSet: 0.0 ms]
      [Ref Proc: 9.4 ms]
      [Ref Enq: 1.3 ms]
      [Redirty Cards: 2.8 ms]
      [Humongous Register: 0.3 ms]
      [Humongous Reclaim: 0.1 ms]
      [Free CSet: 1.2 ms]
   [Eden: 3940.0M(3940.0M)->0.0B(3928.0M) Survivors: 40.0M->44.0M Heap: 7026.1M(8192.0M)->3088.7M(8192.0M)]
 [Times: user=0.34 sys=0.02, real=0.03 secs]
2018-04-30T04:32:17.637+0200: 299.974: Total time for which application threads were stopped: 0.0311413 seconds, Stopping threads took: 0.0003149 seconds
2018-04-30T04:32:18.079+0200: 300.416: Application time: 0.4419003 seconds
2018-04-30T04:32:18.080+0200: 300.417: [GC pause (G1 Evacuation Pause) (young)
Desired survivor size 262144000 bytes, new threshold 15 (max 15)
- age   1:   11752328 bytes,   11752328 total
- age   2:    1213248 bytes,   12965576 total
- age   3:    1248456 bytes,   14214032 total
- age   4:    1253424 bytes,   15467456 total
- age   5:    1258120 bytes,   16725576 total
- age   6:    1226048 bytes,   17951624 total
- age   7:    1238768 bytes,   19190392 total
- age   8:    1253552 bytes,   20443944 total
- age   9:    1283560 bytes,   21727504 total
- age  10:    2976368 bytes,   24703872 total
- age  11:    1208384 bytes,   25912256 total
- age  12:     147616 bytes,   26059872 total
- age  13:      11016 bytes,   26070888 total
- age  14:       6592 bytes,   26077480 total
- age  15:       6224 bytes,   26083704 total
, 0.0301287 secs]
   [Parallel Time: 12.2 ms, GC Workers: 30]
      [GC Worker Start (ms): Min: 300417.1, Avg: 300417.7, Max: 300418.1, Diff: 1.0]
      [Ext Root Scanning (ms): Min: 0.1, Avg: 0.5, Max: 1.3, Diff: 1.2, Sum: 14.8]
      [Update RS (ms): Min: 2.3, Avg: 2.9, Max: 3.7, Diff: 1.4, Sum: 87.9]
         [Processed Buffers: Min: 2, Avg: 3.8, Max: 11, Diff: 9, Sum: 114]
      [Scan RS (ms): Min: 0.0, Avg: 0.2, Max: 0.5, Diff: 0.5, Sum: 5.4]
      [Code Root Scanning (ms): Min: 0.0, Avg: 0.0, Max: 0.0, Diff: 0.0, Sum: 0.1]
      [Object Copy (ms): Min: 6.8, Avg: 7.5, Max: 7.7, Diff: 0.9, Sum: 224.0]
      [Termination (ms): Min: 0.0, Avg: 0.0, Max: 0.0, Diff: 0.0, Sum: 0.4]
         [Termination Attempts: Min: 1, Avg: 1.3, Max: 3, Diff: 2, Sum: 39]
      [GC Worker Other (ms): Min: 0.0, Avg: 0.1, Max: 0.3, Diff: 0.3, Sum: 4.3]
      [GC Worker Total (ms): Min: 10.8, Avg: 11.2, Max: 11.8, Diff: 1.0, Sum: 336.9]
      [GC Worker End (ms): Min: 300428.8, Avg: 300428.9, Max: 300429.1, Diff: 0.3]
   [Code Root Fixup: 0.0 ms]
   [Code Root Purge: 0.0 ms]
   [Clear CT: 2.2 ms]
   [Other: 15.7 ms]
      [Choose CSet: 0.0 ms]
      [Ref Proc: 10.5 ms]
      [Ref Enq: 1.3 ms]
      [Redirty Cards: 2.1 ms]
      [Humongous Register: 0.3 ms]
      [Humongous Reclaim: 0.1 ms]
      [Free CSet: 1.2 ms]
   [Eden: 3928.0M(3928.0M)->0.0B(3928.0M) Survivors: 44.0M->44.0M Heap: 7016.7M(8192.0M)->3090.5M(8192.0M)]
 [Times: user=0.36 sys=0.00, real=0.03 secs]
2018-04-30T04:32:18.111+0200: 300.447: Total time for which application threads were stopped: 0.0313782 seconds, Stopping threads took: 0.0004479 seconds
2018-04-30T04:32:18.134+0200: 300.470: Application time: 0.0233113 seconds
2018-04-30T04:32:18.135+0200: 300.471: Total time for which application threads were stopped: 0.0009520 seconds, Stopping threads took: 0.0002982 seconds
2018-04-30T04:32:18.568+0200: 300.904: Application time: 0.4326209 seconds
2018-04-30T04:32:18.569+0200: 300.905: [GC pause (G1 Evacuation Pause) (young)
Desired survivor size 262144000 bytes, new threshold 15 (max 15)
- age   1:   13397968 bytes,   13397968 total
- age   2:    1614960 bytes,   15012928 total
- age   3:    1207128 bytes,   16220056 total
- age   4:    1245784 bytes,   17465840 total
- age   5:    1251536 bytes,   18717376 total
- age   6:    1256648 bytes,   19974024 total
- age   7:    1224896 bytes,   21198920 total
- age   8:    1238128 bytes,   22437048 total
- age   9:    1253168 bytes,   23690216 total
- age  10:    1283496 bytes,   24973712 total
- age  11:    2975984 bytes,   27949696 total
- age  12:     117672 bytes,   28067368 total
- age  13:       6312 bytes,   28073680 total
- age  14:      11016 bytes,   28084696 total
- age  15:       6464 bytes,   28091160 total
, 0.0302093 secs]
   [Parallel Time: 13.1 ms, GC Workers: 30]
      [GC Worker Start (ms): Min: 300905.4, Avg: 300906.0, Max: 300906.5, Diff: 1.1]
      [Ext Root Scanning (ms): Min: 0.0, Avg: 0.5, Max: 1.3, Diff: 1.3, Sum: 14.2]
      [Update RS (ms): Min: 2.4, Avg: 3.0, Max: 3.6, Diff: 1.2, Sum: 89.0]
         [Processed Buffers: Min: 2, Avg: 3.8, Max: 15, Diff: 13, Sum: 113]
      [Scan RS (ms): Min: 0.0, Avg: 0.2, Max: 0.6, Diff: 0.5, Sum: 5.5]
      [Code Root Scanning (ms): Min: 0.0, Avg: 0.0, Max: 0.0, Diff: 0.0, Sum: 0.1]
      [Object Copy (ms): Min: 7.7, Avg: 8.2, Max: 8.5, Diff: 0.7, Sum: 245.9]
      [Termination (ms): Min: 0.0, Avg: 0.1, Max: 0.1, Diff: 0.1, Sum: 1.9]
         [Termination Attempts: Min: 1, Avg: 14.5, Max: 19, Diff: 18, Sum: 435]
      [GC Worker Other (ms): Min: 0.0, Avg: 0.2, Max: 0.3, Diff: 0.3, Sum: 4.7]
      [GC Worker Total (ms): Min: 11.5, Avg: 12.0, Max: 12.6, Diff: 1.1, Sum: 361.2]
      [GC Worker End (ms): Min: 300917.9, Avg: 300918.1, Max: 300918.2, Diff: 0.3]
   [Code Root Fixup: 0.0 ms]
   [Code Root Purge: 0.0 ms]
   [Clear CT: 2.7 ms]
   [Other: 14.4 ms]
      [Choose CSet: 0.0 ms]
      [Ref Proc: 8.7 ms]
      [Ref Enq: 1.2 ms]
      [Redirty Cards: 2.5 ms]
      [Humongous Register: 0.3 ms]
      [Humongous Reclaim: 0.1 ms]
      [Free CSet: 1.3 ms]
   [Eden: 3928.0M(3928.0M)->0.0B(3928.0M) Survivors: 44.0M->44.0M Heap: 7018.5M(8192.0M)->3088.0M(8192.0M)]
 [Times: user=0.38 sys=0.00, real=0.03 secs]
2018-04-30T04:32:18.599+0200: 300.935: Total time for which application threads were stopped: 0.0314647 seconds, Stopping threads took: 0.0003654 seconds
2018-04-30T04:32:19.031+0200: 301.367: Application time: 0.4314866 seconds
2018-04-30T04:32:19.032+0200: 301.368: [GC pause (G1 Evacuation Pause) (young)
Desired survivor size 262144000 bytes, new threshold 15 (max 15)
- age   1:    9799264 bytes,    9799264 total
- age   2:    1279168 bytes,   11078432 total
- age   3:    1610360 bytes,   12688792 total
- age   4:    1203864 bytes,   13892656 total
- age   5:    1242712 bytes,   15135368 total
- age   6:    1250704 bytes,   16386072 total
- age   7:    1255496 bytes,   17641568 total
- age   8:    1224320 bytes,   18865888 total
- age   9:    1238000 bytes,   20103888 total
- age  10:    1252848 bytes,   21356736 total
- age  11:    1283432 bytes,   22640168 total
- age  12:    1872080 bytes,   24512248 total
- age  13:       5408 bytes,   24517656 total
- age  14:       6120 bytes,   24523776 total
- age  15:      11016 bytes,   24534792 total
, 0.0322881 secs]
   [Parallel Time: 13.5 ms, GC Workers: 30]
      [GC Worker Start (ms): Min: 301368.4, Avg: 301368.8, Max: 301369.1, Diff: 0.8]
      [Ext Root Scanning (ms): Min: 0.1, Avg: 0.5, Max: 1.3, Diff: 1.2, Sum: 14.9]
      [Update RS (ms): Min: 2.3, Avg: 2.8, Max: 3.4, Diff: 1.0, Sum: 84.7]
         [Processed Buffers: Min: 2, Avg: 3.7, Max: 12, Diff: 10, Sum: 111]
      [Scan RS (ms): Min: 0.0, Avg: 0.2, Max: 0.5, Diff: 0.5, Sum: 5.7]
      [Code Root Scanning (ms): Min: 0.0, Avg: 0.0, Max: 0.0, Diff: 0.0, Sum: 0.1]
      [Object Copy (ms): Min: 8.6, Avg: 8.9, Max: 9.2, Diff: 0.6, Sum: 268.5]
      [Termination (ms): Min: 0.0, Avg: 0.0, Max: 0.0, Diff: 0.0, Sum: 0.2]
         [Termination Attempts: Min: 1, Avg: 1.0, Max: 1, Diff: 0, Sum: 30]
      [GC Worker Other (ms): Min: 0.0, Avg: 0.2, Max: 0.3, Diff: 0.3, Sum: 5.1]
      [GC Worker Total (ms): Min: 12.2, Avg: 12.6, Max: 13.2, Diff: 1.0, Sum: 379.3]
      [GC Worker End (ms): Min: 301381.3, Avg: 301381.5, Max: 301381.6, Diff: 0.3]
   [Code Root Fixup: 0.0 ms]
   [Code Root Purge: 0.0 ms]
   [Clear CT: 2.2 ms]
   [Other: 16.5 ms]
      [Choose CSet: 0.0 ms]
      [Ref Proc: 11.0 ms]
      [Ref Enq: 1.3 ms]
      [Redirty Cards: 2.2 ms]
      [Humongous Register: 0.3 ms]
      [Humongous Reclaim: 0.1 ms]
      [Free CSet: 1.3 ms]
   [Eden: 3928.0M(3928.0M)->0.0B(3912.0M) Survivors: 44.0M->52.0M Heap: 7016.0M(8192.0M)->3098.4M(8192.0M)]
 [Times: user=0.40 sys=0.00, real=0.03 secs]
2018-04-30T04:32:19.064+0200: 301.400: Total time for which application threads were stopped: 0.0335432 seconds, Stopping threads took: 0.0003562 seconds
2018-04-30T04:32:19.500+0200: 301.836: Application time: 0.4353998 seconds
2018-04-30T04:32:19.501+0200: 301.837: [GC pause (G1 Evacuation Pause) (young)
Desired survivor size 260046848 bytes, new threshold 15 (max 15)
- age   1:   16539576 bytes,   16539576 total
- age   2:    1240288 bytes,   17779864 total
- age   3:    1275112 bytes,   19054976 total
- age   4:    1608568 bytes,   20663544 total
- age   5:    1202072 bytes,   21865616 total
- age   6:    1241816 bytes,   23107432 total
- age   7:    1250448 bytes,   24357880 total
- age   8:    1254600 bytes,   25612480 total
- age   9:    1223808 bytes,   26836288 total
- age  10:    1237872 bytes,   28074160 total
- age  11:    1252528 bytes,   29326688 total
- age  12:     137296 bytes,   29463984 total
- age  13:    1760024 bytes,   31224008 total
- age  14:       5408 bytes,   31229416 total
- age  15:       6120 bytes,   31235536 total
, 0.0300508 secs]
   [Parallel Time: 12.4 ms, GC Workers: 30]
      [GC Worker Start (ms): Min: 301837.4, Avg: 301837.9, Max: 301838.3, Diff: 0.9]
      [Ext Root Scanning (ms): Min: 0.1, Avg: 0.5, Max: 1.3, Diff: 1.2, Sum: 15.4]
      [Update RS (ms): Min: 2.2, Avg: 2.7, Max: 3.2, Diff: 1.0, Sum: 80.2]
         [Processed Buffers: Min: 2, Avg: 3.8, Max: 10, Diff: 8, Sum: 113]
      [Scan RS (ms): Min: 0.0, Avg: 0.2, Max: 0.4, Diff: 0.4, Sum: 5.7]
      [Code Root Scanning (ms): Min: 0.0, Avg: 0.0, Max: 0.0, Diff: 0.0, Sum: 0.1]
      [Object Copy (ms): Min: 7.4, Avg: 7.9, Max: 8.1, Diff: 0.7, Sum: 236.3]
      [Termination (ms): Min: 0.0, Avg: 0.0, Max: 0.0, Diff: 0.0, Sum: 0.3]
         [Termination Attempts: Min: 1, Avg: 1.0, Max: 1, Diff: 0, Sum: 30]
      [GC Worker Other (ms): Min: 0.0, Avg: 0.2, Max: 0.3, Diff: 0.3, Sum: 5.2]
      [GC Worker Total (ms): Min: 10.9, Avg: 11.4, Max: 12.0, Diff: 1.1, Sum: 343.1]
      [GC Worker End (ms): Min: 301849.1, Avg: 301849.3, Max: 301849.5, Diff: 0.3]
   [Code Root Fixup: 0.0 ms]
   [Code Root Purge: 0.0 ms]
   [Clear CT: 2.3 ms]
   [Other: 15.3 ms]
      [Choose CSet: 0.0 ms]
      [Ref Proc: 9.0 ms]
      [Ref Enq: 1.5 ms]
      [Redirty Cards: 2.8 ms]
      [Humongous Register: 0.3 ms]
      [Humongous Reclaim: 0.1 ms]
      [Free CSet: 1.4 ms]
   [Eden: 3912.0M(3912.0M)->0.0B(3928.0M) Survivors: 52.0M->44.0M Heap: 7010.4M(8192.0M)->3089.1M(8192.0M)]
 [Times: user=0.37 sys=0.00, real=0.03 secs]
2018-04-30T04:32:19.531+0200: 301.867: Total time for which application threads were stopped: 0.0313444 seconds, Stopping threads took: 0.0004122 seconds
2018-04-30T04:32:19.562+0200: 301.898: Application time: 0.0312719 seconds
2018-04-30T04:32:19.563+0200: 301.900: Total time for which application threads were stopped: 0.0010226 seconds, Stopping threads took: 0.0003718 seconds
2018-04-30T04:32:19.980+0200: 302.317: Application time: 0.4170285 seconds
2018-04-30T04:32:19.984+0200: 302.321: [GC pause (G1 Evacuation Pause) (young)
Desired survivor size 262144000 bytes, new threshold 15 (max 15)
- age   1:   14064112 bytes,   14064112 total
- age   2:    1425176 bytes,   15489288 total
- age   3:    1235112 bytes,   16724400 total
- age   4:    1273448 bytes,   17997848 total
- age   5:    1607352 bytes,   19605200 total
- age   6:    1201400 bytes,   20806600 total
- age   7:    1240920 bytes,   22047520 total
- age   8:    1249872 bytes,   23297392 total
- age   9:    1254088 bytes,   24551480 total
- age  10:    1223488 bytes,   25774968 total
- age  11:    1237872 bytes,   27012840 total
- age  12:     220568 bytes,   27233408 total
- age  13:      15528 bytes,   27248936 total
- age  14:    1760024 bytes,   29008960 total
- age  15:       5408 bytes,   29014368 total
, 0.0296051 secs]
   [Parallel Time: 13.1 ms, GC Workers: 30]
      [GC Worker Start (ms): Min: 302321.2, Avg: 302321.8, Max: 302322.3, Diff: 1.1]
      [Ext Root Scanning (ms): Min: 0.0, Avg: 0.4, Max: 1.3, Diff: 1.2, Sum: 12.8]
      [Update RS (ms): Min: 2.2, Avg: 2.8, Max: 3.7, Diff: 1.5, Sum: 84.9]
         [Processed Buffers: Min: 2, Avg: 3.8, Max: 12, Diff: 10, Sum: 114]
      [Scan RS (ms): Min: 0.0, Avg: 0.2, Max: 0.6, Diff: 0.5, Sum: 6.3]
      [Code Root Scanning (ms): Min: 0.0, Avg: 0.0, Max: 0.0, Diff: 0.0, Sum: 0.1]
      [Object Copy (ms): Min: 7.9, Avg: 8.6, Max: 8.9, Diff: 1.0, Sum: 258.1]
      [Termination (ms): Min: 0.0, Avg: 0.0, Max: 0.0, Diff: 0.0, Sum: 0.3]
         [Termination Attempts: Min: 1, Avg: 1.0, Max: 1, Diff: 0, Sum: 30]
      [GC Worker Other (ms): Min: 0.0, Avg: 0.2, Max: 0.4, Diff: 0.4, Sum: 5.7]
      [GC Worker Total (ms): Min: 11.6, Avg: 12.3, Max: 13.0, Diff: 1.4, Sum: 368.1]
      [GC Worker End (ms): Min: 302333.9, Avg: 302334.1, Max: 302334.3, Diff: 0.3]
   [Code Root Fixup: 0.0 ms]
   [Code Root Purge: 0.0 ms]
   [Clear CT: 2.2 ms]
   [Other: 14.3 ms]
      [Choose CSet: 0.0 ms]
      [Ref Proc: 9.2 ms]
      [Ref Enq: 1.2 ms]
      [Redirty Cards: 2.1 ms]
      [Humongous Register: 0.3 ms]
      [Humongous Reclaim: 0.1 ms]
      [Free CSet: 1.2 ms]
   [Eden: 3928.0M(3928.0M)->0.0B(3928.0M) Survivors: 44.0M->44.0M Heap: 7017.1M(8192.0M)->3090.9M(8192.0M)]
 [Times: user=0.39 sys=0.00, real=0.03 secs]
2018-04-30T04:32:20.014+0200: 302.351: Total time for which application threads were stopped: 0.0340683 seconds, Stopping threads took: 0.0036499 seconds
2018-04-30T04:32:20.441+0200: 302.777: Application time: 0.4263526 seconds
2018-04-30T04:32:20.442+0200: 302.778: [GC pause (G1 Evacuation Pause) (young)
Desired survivor size 262144000 bytes, new threshold 15 (max 15)
- age   1:   14290712 bytes,   14290712 total
- age   2:    1180168 bytes,   15470880 total
- age   3:    1419944 bytes,   16890824 total
- age   4:    1233064 bytes,   18123888 total
- age   5:    1271720 bytes,   19395608 total
- age   6:    1606328 bytes,   21001936 total
- age   7:    1200376 bytes,   22202312 total
- age   8:    1240472 bytes,   23442784 total
- age   9:    1249680 bytes,   24692464 total
- age  10:    1253512 bytes,   25945976 total
- age  11:    1223296 bytes,   27169272 total
- age  12:     279280 bytes,   27448552 total
- age  13:       5088 bytes,   27453640 total
- age  14:      15464 bytes,   27469104 total
- age  15:    1759832 bytes,   29228936 total
, 0.0297607 secs]
   [Parallel Time: 12.4 ms, GC Workers: 30]
      [GC Worker Start (ms): Min: 302778.6, Avg: 302779.0, Max: 302779.6, Diff: 1.0]
      [Ext Root Scanning (ms): Min: 0.0, Avg: 0.5, Max: 1.4, Diff: 1.4, Sum: 16.1]
      [Update RS (ms): Min: 1.9, Avg: 2.8, Max: 3.5, Diff: 1.6, Sum: 83.1]
         [Processed Buffers: Min: 2, Avg: 3.8, Max: 10, Diff: 8, Sum: 114]
      [Scan RS (ms): Min: 0.0, Avg: 0.2, Max: 0.5, Diff: 0.5, Sum: 5.7]
      [Code Root Scanning (ms): Min: 0.0, Avg: 0.0, Max: 0.0, Diff: 0.0, Sum: 0.1]
      [Object Copy (ms): Min: 7.4, Avg: 7.9, Max: 8.2, Diff: 0.8, Sum: 238.2]
      [Termination (ms): Min: 0.0, Avg: 0.0, Max: 0.0, Diff: 0.0, Sum: 0.3]
         [Termination Attempts: Min: 1, Avg: 1.0, Max: 1, Diff: 0, Sum: 30]
      [GC Worker Other (ms): Min: 0.0, Avg: 0.2, Max: 0.4, Diff: 0.3, Sum: 5.5]
      [GC Worker Total (ms): Min: 11.1, Avg: 11.6, Max: 12.1, Diff: 1.1, Sum: 348.9]
      [GC Worker End (ms): Min: 302790.5, Avg: 302790.7, Max: 302790.8, Diff: 0.3]
   [Code Root Fixup: 0.0 ms]
   [Code Root Purge: 0.0 ms]
   [Clear CT: 2.4 ms]
   [Other: 15.0 ms]
      [Choose CSet: 0.0 ms]
      [Ref Proc: 9.3 ms]
      [Ref Enq: 1.2 ms]
      [Redirty Cards: 2.5 ms]
      [Humongous Register: 0.3 ms]
      [Humongous Reclaim: 0.1 ms]
      [Free CSet: 1.3 ms]
   [Eden: 3928.0M(3928.0M)->0.0B(3928.0M) Survivors: 44.0M->44.0M Heap: 7018.9M(8192.0M)->3090.8M(8192.0M)]
 [Times: user=0.37 sys=0.00, real=0.04 secs]
2018-04-30T04:32:20.472+0200: 302.808: Total time for which application threads were stopped: 0.0311454 seconds, Stopping threads took: 0.0005103 seconds
2018-04-30T04:32:20.891+0200: 303.228: Application time: 0.4195422 seconds
2018-04-30T04:32:20.892+0200: 303.229: [GC pause (G1 Evacuation Pause) (young)
Desired survivor size 262144000 bytes, new threshold 15 (max 15)
- age   1:   14806696 bytes,   14806696 total
- age   2:    1187792 bytes,   15994488 total
- age   3:    1164472 bytes,   17158960 total
- age   4:    1274816 bytes,   18433776 total
- age   5:    1231712 bytes,   19665488 total
- age   6:    1270664 bytes,   20936152 total
- age   7:    1605560 bytes,   22541712 total
- age   8:    1200120 bytes,   23741832 total
- age   9:    1240088 bytes,   24981920 total
- age  10:    1249552 bytes,   26231472 total
- age  11:    1253512 bytes,   27484984 total
- age  12:     318968 bytes,   27803952 total
- age  13:       4160 bytes,   27808112 total
- age  14:       5088 bytes,   27813200 total
- age  15:      15400 bytes,   27828600 total
, 0.0284491 secs]
   [Parallel Time: 11.4 ms, GC Workers: 30]
      [GC Worker Start (ms): Min: 303229.2, Avg: 303229.8, Max: 303230.4, Diff: 1.2]
      [Ext Root Scanning (ms): Min: 0.0, Avg: 0.4, Max: 1.2, Diff: 1.2, Sum: 12.5]
      [Update RS (ms): Min: 2.1, Avg: 2.7, Max: 3.2, Diff: 1.1, Sum: 80.6]
         [Processed Buffers: Min: 2, Avg: 3.7, Max: 13, Diff: 11, Sum: 110]
      [Scan RS (ms): Min: 0.0, Avg: 0.2, Max: 0.6, Diff: 0.5, Sum: 5.2]
      [Code Root Scanning (ms): Min: 0.0, Avg: 0.0, Max: 0.0, Diff: 0.0, Sum: 0.1]
      [Object Copy (ms): Min: 6.6, Avg: 7.0, Max: 7.2, Diff: 0.6, Sum: 209.4]
      [Termination (ms): Min: 0.0, Avg: 0.0, Max: 0.0, Diff: 0.0, Sum: 0.2]
         [Termination Attempts: Min: 1, Avg: 1.0, Max: 1, Diff: 0, Sum: 30]
      [GC Worker Other (ms): Min: 0.0, Avg: 0.2, Max: 0.3, Diff: 0.3, Sum: 5.1]
      [GC Worker Total (ms): Min: 9.9, Avg: 10.4, Max: 11.1, Diff: 1.2, Sum: 313.1]
      [GC Worker End (ms): Min: 303240.1, Avg: 303240.3, Max: 303240.4, Diff: 0.3]
   [Code Root Fixup: 0.0 ms]
   [Code Root Purge: 0.0 ms]
   [Clear CT: 2.5 ms]
   [Other: 14.6 ms]
      [Choose CSet: 0.0 ms]
      [Ref Proc: 8.9 ms]
      [Ref Enq: 1.4 ms]
      [Redirty Cards: 2.4 ms]
      [Humongous Register: 0.3 ms]
      [Humongous Reclaim: 0.1 ms]
      [Free CSet: 1.3 ms]
   [Eden: 3928.0M(3928.0M)->0.0B(3936.0M) Survivors: 44.0M->40.0M Heap: 7018.8M(8192.0M)->3088.5M(8192.0M)]
 [Times: user=0.34 sys=0.00, real=0.02 secs]
2018-04-30T04:32:20.921+0200: 303.257: Total time for which application threads were stopped: 0.0297469 seconds, Stopping threads took: 0.0004388 seconds
2018-04-30T04:32:20.941+0200: 303.277: Application time: 0.0199588 seconds
2018-04-30T04:32:20.942+0200: 303.278: Total time for which application threads were stopped: 0.0008379 seconds, Stopping threads took: 0.0002334 seconds
2018-04-30T04:32:21.355+0200: 303.691: Application time: 0.4127913 seconds
2018-04-30T04:32:21.356+0200: 303.692: [GC pause (G1 Evacuation Pause) (young)
Desired survivor size 262144000 bytes, new threshold 15 (max 15)
- age   1:   11774320 bytes,   11774320 total
- age   2:    1458256 bytes,   13232576 total
- age   3:    1184104 bytes,   14416680 total
- age   4:    1162424 bytes,   15579104 total
- age   5:    1273408 bytes,   16852512 total
- age   6:    1230504 bytes,   18083016 total
- age   7:    1269576 bytes,   19352592 total
- age   8:    1604856 bytes,   20957448 total
- age   9:    1199464 bytes,   22156912 total
- age  10:    1239704 bytes,   23396616 total
- age  11:    1249360 bytes,   24645976 total
- age  12:     392912 bytes,   25038888 total
- age  13:       4888 bytes,   25043776 total
- age  14:       4096 bytes,   25047872 total
- age  15:       4960 bytes,   25052832 total
, 0.0280506 secs]
   [Parallel Time: 12.3 ms, GC Workers: 30]
      [GC Worker Start (ms): Min: 303692.5, Avg: 303693.1, Max: 303693.5, Diff: 1.0]
      [Ext Root Scanning (ms): Min: 0.0, Avg: 0.5, Max: 1.3, Diff: 1.2, Sum: 13.6]
      [Update RS (ms): Min: 2.1, Avg: 2.8, Max: 3.3, Diff: 1.2, Sum: 82.9]
         [Processed Buffers: Min: 2, Avg: 3.9, Max: 13, Diff: 11, Sum: 118]
      [Scan RS (ms): Min: 0.0, Avg: 0.2, Max: 0.6, Diff: 0.5, Sum: 5.6]
      [Code Root Scanning (ms): Min: 0.0, Avg: 0.0, Max: 0.0, Diff: 0.0, Sum: 0.1]
      [Object Copy (ms): Min: 7.4, Avg: 7.8, Max: 8.0, Diff: 0.7, Sum: 233.5]
      [Termination (ms): Min: 0.0, Avg: 0.0, Max: 0.0, Diff: 0.0, Sum: 0.2]
         [Termination Attempts: Min: 1, Avg: 1.0, Max: 1, Diff: 0, Sum: 30]
      [GC Worker Other (ms): Min: 0.0, Avg: 0.2, Max: 0.4, Diff: 0.3, Sum: 5.8]
      [GC Worker Total (ms): Min: 10.8, Avg: 11.4, Max: 12.0, Diff: 1.2, Sum: 341.6]
      [GC Worker End (ms): Min: 303704.3, Avg: 303704.5, Max: 303704.6, Diff: 0.3]
   [Code Root Fixup: 0.0 ms]
   [Code Root Purge: 0.0 ms]
   [Clear CT: 2.0 ms]
   [Other: 13.7 ms]
      [Choose CSet: 0.0 ms]
      [Ref Proc: 8.2 ms]
      [Ref Enq: 1.1 ms]
      [Redirty Cards: 2.5 ms]
      [Humongous Register: 0.3 ms]
      [Humongous Reclaim: 0.1 ms]
      [Free CSet: 1.3 ms]
   [Eden: 3936.0M(3936.0M)->0.0B(3936.0M) Survivors: 40.0M->40.0M Heap: 7024.5M(8192.0M)->3088.3M(8192.0M)]
 [Times: user=0.37 sys=0.00, real=0.03 secs]
2018-04-30T04:32:21.384+0200: 303.720: Total time for which application threads were stopped: 0.0293616 seconds, Stopping threads took: 0.0004139 seconds
2018-04-30T04:32:21.811+0200: 304.147: Application time: 0.4267061 seconds
2018-04-30T04:32:21.812+0200: 304.148: [GC pause (G1 Evacuation Pause) (young)
Desired survivor size 262144000 bytes, new threshold 15 (max 15)
- age   1:   11068440 bytes,   11068440 total
- age   2:    1203600 bytes,   12272040 total
- age   3:    1454440 bytes,   13726480 total
- age   4:    1182056 bytes,   14908536 total
- age   5:    1160744 bytes,   16069280 total
- age   6:    1272192 bytes,   17341472 total
- age   7:    1229800 bytes,   18571272 total
- age   8:    1269256 bytes,   19840528 total
- age   9:    1604664 bytes,   21445192 total
- age  10:    1199400 bytes,   22644592 total
- age  11:    1239512 bytes,   23884104 total
- age  12:     487768 bytes,   24371872 total
- age  13:       4704 bytes,   24376576 total
- age  14:       4824 bytes,   24381400 total
- age  15:       4096 bytes,   24385496 total
, 0.0292981 secs]
   [Parallel Time: 12.3 ms, GC Workers: 30]
      [GC Worker Start (ms): Min: 304148.6, Avg: 304149.2, Max: 304149.7, Diff: 1.2]
      [Ext Root Scanning (ms): Min: 0.0, Avg: 0.4, Max: 1.3, Diff: 1.3, Sum: 13.4]
      [Update RS (ms): Min: 2.1, Avg: 2.7, Max: 3.2, Diff: 1.1, Sum: 81.3]
         [Processed Buffers: Min: 2, Avg: 3.8, Max: 9, Diff: 7, Sum: 115]
      [Scan RS (ms): Min: 0.0, Avg: 0.2, Max: 0.5, Diff: 0.5, Sum: 5.9]
      [Code Root Scanning (ms): Min: 0.0, Avg: 0.0, Max: 0.0, Diff: 0.0, Sum: 0.1]
      [Object Copy (ms): Min: 7.6, Avg: 7.9, Max: 8.1, Diff: 0.5, Sum: 236.8]
      [Termination (ms): Min: 0.0, Avg: 0.0, Max: 0.0, Diff: 0.0, Sum: 0.4]
         [Termination Attempts: Min: 1, Avg: 1.0, Max: 1, Diff: 0, Sum: 30]
      [GC Worker Other (ms): Min: 0.0, Avg: 0.1, Max: 0.3, Diff: 0.3, Sum: 4.3]
      [GC Worker Total (ms): Min: 10.9, Avg: 11.4, Max: 12.0, Diff: 1.2, Sum: 342.0]
      [GC Worker End (ms): Min: 304160.4, Avg: 304160.6, Max: 304160.7, Diff: 0.3]
   [Code Root Fixup: 0.0 ms]
   [Code Root Purge: 0.0 ms]
   [Clear CT: 2.5 ms]
   [Other: 14.4 ms]
      [Choose CSet: 0.0 ms]
      [Ref Proc: 8.5 ms]
      [Ref Enq: 1.3 ms]
      [Redirty Cards: 2.9 ms]
      [Humongous Register: 0.3 ms]
      [Humongous Reclaim: 0.1 ms]
      [Free CSet: 1.2 ms]
   [Eden: 3936.0M(3936.0M)->0.0B(3944.0M) Survivors: 40.0M->36.0M Heap: 7024.3M(8192.0M)->3084.1M(8192.0M)]
 [Times: user=0.36 sys=0.00, real=0.02 secs]
2018-04-30T04:32:21.841+0200: 304.178: Total time for which application threads were stopped: 0.0305611 seconds, Stopping threads took: 0.0003695 seconds
2018-04-30T04:32:21.871+0200: 304.207: Application time: 0.0296318 seconds
2018-04-30T04:32:21.872+0200: 304.208: Total time for which application threads were stopped: 0.0010622 seconds, Stopping threads took: 0.0003983 seconds
2018-04-30T04:32:22.279+0200: 304.615: Application time: 0.4066853 seconds
2018-04-30T04:32:22.280+0200: 304.616: [GC pause (G1 Evacuation Pause) (young)
Desired survivor size 262144000 bytes, new threshold 15 (max 15)
- age   1:   12284904 bytes,   12284904 total
- age   2:    1294168 bytes,   13579072 total
- age   3:    1199272 bytes,   14778344 total
- age   4:    1453112 bytes,   16231456 total
- age   5:    1181224 bytes,   17412680 total
- age   6:    1159656 bytes,   18572336 total
- age   7:    1271552 bytes,   19843888 total
- age   8:    1229608 bytes,   21073496 total
- age   9:    1269064 bytes,   22342560 total
- age  10:    1604472 bytes,   23947032 total
- age  11:    1199272 bytes,   25146304 total
- age  12:     593928 bytes,   25740232 total
- age  13:       8368 bytes,   25748600 total
- age  14:       4640 bytes,   25753240 total
- age  15:       4824 bytes,   25758064 total
, 0.0310236 secs]
   [Parallel Time: 12.8 ms, GC Workers: 30]
      [GC Worker Start (ms): Min: 304616.6, Avg: 304617.2, Max: 304617.7, Diff: 1.1]
      [Ext Root Scanning (ms): Min: 0.0, Avg: 0.4, Max: 1.3, Diff: 1.3, Sum: 13.4]
      [Update RS (ms): Min: 2.0, Avg: 2.7, Max: 3.2, Diff: 1.2, Sum: 79.9]
         [Processed Buffers: Min: 2, Avg: 3.7, Max: 10, Diff: 8, Sum: 112]
      [Scan RS (ms): Min: 0.0, Avg: 0.2, Max: 0.5, Diff: 0.4, Sum: 5.9]
      [Code Root Scanning (ms): Min: 0.0, Avg: 0.0, Max: 0.0, Diff: 0.0, Sum: 0.1]
      [Object Copy (ms): Min: 7.8, Avg: 8.3, Max: 8.5, Diff: 0.6, Sum: 247.7]
      [Termination (ms): Min: 0.0, Avg: 0.0, Max: 0.0, Diff: 0.0, Sum: 0.2]
         [Termination Attempts: Min: 1, Avg: 1.0, Max: 1, Diff: 0, Sum: 30]
      [GC Worker Other (ms): Min: 0.0, Avg: 0.2, Max: 0.3, Diff: 0.3, Sum: 4.8]
      [GC Worker Total (ms): Min: 11.1, Avg: 11.7, Max: 12.3, Diff: 1.2, Sum: 352.0]
      [GC Worker End (ms): Min: 304628.8, Avg: 304628.9, Max: 304629.1, Diff: 0.3]
   [Code Root Fixup: 0.0 ms]
   [Code Root Purge: 0.0 ms]
   [Clear CT: 1.6 ms]
   [Other: 16.6 ms]
      [Choose CSet: 0.0 ms]
      [Ref Proc: 10.0 ms]
      [Ref Enq: 1.7 ms]
      [Redirty Cards: 2.8 ms]
      [Humongous Register: 0.4 ms]
      [Humongous Reclaim: 0.1 ms]
      [Free CSet: 1.5 ms]
   [Eden: 3944.0M(3944.0M)->0.0B(3920.0M) Survivors: 36.0M->48.0M Heap: 7028.1M(8192.0M)->3096.2M(8192.0M)]
 [Times: user=0.38 sys=0.00, real=0.03 secs]
2018-04-30T04:32:22.311+0200: 304.647: Total time for which application threads were stopped: 0.0323742 seconds, Stopping threads took: 0.0003923 seconds
2018-04-30T04:32:22.377+0200: 304.713: Application time: 0.0660470 seconds
2018-04-30T04:32:22.379+0200: 304.715: Total time for which application threads were stopped: 0.0020330 seconds, Stopping threads took: 0.0003858 seconds
2018-04-30T04:32:22.730+0200: 305.066: Application time: 0.3507393 seconds
2018-04-30T04:32:22.731+0200: 305.067: [GC pause (G1 Evacuation Pause) (young)
Desired survivor size 260046848 bytes, new threshold 15 (max 15)
- age   1:   15598176 bytes,   15598176 total
- age   2:    1303688 bytes,   16901864 total
- age   3:    1289136 bytes,   18191000 total
- age   4:    1198120 bytes,   19389120 total
- age   5:    1451672 bytes,   20840792 total
- age   6:    1180712 bytes,   22021504 total
- age   7:    1159208 bytes,   23180712 total
- age   8:    1270976 bytes,   24451688 total
- age   9:    1229352 bytes,   25681040 total
- age  10:    1269000 bytes,   26950040 total
- age  11:    1604280 bytes,   28554320 total
- age  12:     627464 bytes,   29181784 total
- age  13:       4712 bytes,   29186496 total
- age  14:       7984 bytes,   29194480 total
- age  15:       4576 bytes,   29199056 total
, 0.0293495 secs]
   [Parallel Time: 12.4 ms, GC Workers: 30]
      [GC Worker Start (ms): Min: 305067.9, Avg: 305068.3, Max: 305068.7, Diff: 0.8]
      [Ext Root Scanning (ms): Min: 0.1, Avg: 0.6, Max: 1.3, Diff: 1.1, Sum: 17.1]
      [Update RS (ms): Min: 2.2, Avg: 2.7, Max: 3.3, Diff: 1.1, Sum: 80.7]
         [Processed Buffers: Min: 2, Avg: 3.9, Max: 11, Diff: 9, Sum: 117]
      [Scan RS (ms): Min: 0.0, Avg: 0.2, Max: 0.5, Diff: 0.5, Sum: 5.8]
      [Code Root Scanning (ms): Min: 0.0, Avg: 0.0, Max: 0.0, Diff: 0.0, Sum: 0.1]
      [Object Copy (ms): Min: 7.4, Avg: 7.9, Max: 8.2, Diff: 0.8, Sum: 236.9]
      [Termination (ms): Min: 0.0, Avg: 0.0, Max: 0.0, Diff: 0.0, Sum: 0.2]
         [Termination Attempts: Min: 1, Avg: 1.0, Max: 1, Diff: 0, Sum: 30]
      [GC Worker Other (ms): Min: 0.0, Avg: 0.2, Max: 0.4, Diff: 0.4, Sum: 5.9]
      [GC Worker Total (ms): Min: 11.0, Avg: 11.6, Max: 12.1, Diff: 1.0, Sum: 346.7]
      [GC Worker End (ms): Min: 305079.7, Avg: 305079.8, Max: 305080.0, Diff: 0.4]
   [Code Root Fixup: 0.0 ms]
   [Code Root Purge: 0.0 ms]
   [Clear CT: 2.4 ms]
   [Other: 14.5 ms]
      [Choose CSet: 0.0 ms]
      [Ref Proc: 8.7 ms]
      [Ref Enq: 1.2 ms]
      [Redirty Cards: 2.6 ms]
      [Humongous Register: 0.3 ms]
      [Humongous Reclaim: 0.1 ms]
      [Free CSet: 1.4 ms]
   [Eden: 3920.0M(3920.0M)->0.0B(3928.0M) Survivors: 48.0M->44.0M Heap: 7016.2M(8192.0M)->3091.7M(8192.0M)]
 [Times: user=0.35 sys=0.02, real=0.03 secs]
2018-04-30T04:32:22.761+0200: 305.097: Total time for which application threads were stopped: 0.0307648 seconds, Stopping threads took: 0.0005327 seconds
2018-04-30T04:32:23.193+0200: 305.529: Application time: 0.4321220 seconds
2018-04-30T04:32:23.194+0200: 305.530: [GC pause (G1 Evacuation Pause) (young)
Desired survivor size 262144000 bytes, new threshold 15 (max 15)
- age   1:   16046832 bytes,   16046832 total
- age   2:    1191104 bytes,   17237936 total
- age   3:    1268264 bytes,   18506200 total
- age   4:    1161200 bytes,   19667400 total
- age   5:    1183280 bytes,   20850680 total
- age   6:    1190912 bytes,   22041592 total
- age   7:    1179944 bytes,   23221536 total
- age   8:    1158952 bytes,   24380488 total
- age   9:    1270400 bytes,   25650888 total
- age  10:    1229160 bytes,   26880048 total
- age  11:    1268552 bytes,   28148600 total
- age  12:    1114824 bytes,   29263424 total
- age  13:       6560 bytes,   29269984 total
- age  14:       4392 bytes,   29274376 total
- age  15:       7848 bytes,   29282224 total
, 0.0304750 secs]
   [Parallel Time: 11.7 ms, GC Workers: 30]
      [GC Worker Start (ms): Min: 305530.6, Avg: 305531.0, Max: 305531.5, Diff: 0.9]
      [Ext Root Scanning (ms): Min: 0.0, Avg: 0.5, Max: 1.4, Diff: 1.3, Sum: 14.9]
      [Update RS (ms): Min: 2.1, Avg: 2.7, Max: 3.2, Diff: 1.1, Sum: 79.9]
         [Processed Buffers: Min: 2, Avg: 3.9, Max: 19, Diff: 17, Sum: 118]
      [Scan RS (ms): Min: 0.0, Avg: 0.2, Max: 0.6, Diff: 0.5, Sum: 5.1]
      [Code Root Scanning (ms): Min: 0.0, Avg: 0.0, Max: 0.0, Diff: 0.0, Sum: 0.1]
      [Object Copy (ms): Min: 7.0, Avg: 7.4, Max: 7.6, Diff: 0.6, Sum: 221.4]
      [Termination (ms): Min: 0.0, Avg: 0.0, Max: 0.0, Diff: 0.0, Sum: 0.3]
         [Termination Attempts: Min: 1, Avg: 1.0, Max: 1, Diff: 0, Sum: 30]
      [GC Worker Other (ms): Min: 0.0, Avg: 0.2, Max: 0.3, Diff: 0.3, Sum: 5.1]
      [GC Worker Total (ms): Min: 10.3, Avg: 10.9, Max: 11.4, Diff: 1.1, Sum: 326.6]
      [GC Worker End (ms): Min: 305541.8, Avg: 305541.9, Max: 305542.1, Diff: 0.3]
   [Code Root Fixup: 0.0 ms]
   [Code Root Purge: 0.0 ms]
   [Clear CT: 2.6 ms]
   [Other: 16.1 ms]
      [Choose CSet: 0.0 ms]
      [Ref Proc: 10.1 ms]
      [Ref Enq: 1.6 ms]
      [Redirty Cards: 2.5 ms]
      [Humongous Register: 0.3 ms]
      [Humongous Reclaim: 0.1 ms]
      [Free CSet: 1.3 ms]
   [Eden: 3928.0M(3928.0M)->0.0B(3928.0M) Survivors: 44.0M->44.0M Heap: 7019.7M(8192.0M)->3089.9M(8192.0M)]
 [Times: user=0.35 sys=0.00, real=0.03 secs]
2018-04-30T04:32:23.225+0200: 305.561: Total time for which application threads were stopped: 0.0317582 seconds, Stopping threads took: 0.0004467 seconds
2018-04-30T04:32:23.690+0200: 306.026: Application time: 0.4650002 seconds
2018-04-30T04:32:23.691+0200: 306.027: [GC pause (G1 Evacuation Pause) (young)
Desired survivor size 262144000 bytes, new threshold 15 (max 15)
- age   1:   13026056 bytes,   13026056 total
- age   2:    1133472 bytes,   14159528 total
- age   3:    1185328 bytes,   15344856 total
- age   4:    1263912 bytes,   16608768 total
- age   5:    1158864 bytes,   17767632 total
- age   6:    1180720 bytes,   18948352 total
- age   7:    1187072 bytes,   20135424 total
- age   8:    1179560 bytes,   21314984 total
- age   9:    1158440 bytes,   22473424 total
- age  10:    1267456 bytes,   23740880 total
- age  11:    1223336 bytes,   24964216 total
- age  12:     752976 bytes,   25717192 total
- age  13:       6272 bytes,   25723464 total
- age  14:       6496 bytes,   25729960 total
- age  15:       4264 bytes,   25734224 total
, 0.0309711 secs]
   [Parallel Time: 12.1 ms, GC Workers: 30]
      [GC Worker Start (ms): Min: 306027.3, Avg: 306027.7, Max: 306028.0, Diff: 0.7]
      [Ext Root Scanning (ms): Min: 0.3, Avg: 0.6, Max: 1.3, Diff: 0.9, Sum: 19.0]
      [Update RS (ms): Min: 2.3, Avg: 2.8, Max: 3.4, Diff: 1.1, Sum: 82.5]
         [Processed Buffers: Min: 2, Avg: 3.6, Max: 9, Diff: 7, Sum: 109]
      [Scan RS (ms): Min: 0.0, Avg: 0.2, Max: 0.5, Diff: 0.5, Sum: 6.2]
      [Code Root Scanning (ms): Min: 0.0, Avg: 0.0, Max: 0.0, Diff: 0.0, Sum: 0.1]
      [Object Copy (ms): Min: 7.1, Avg: 7.5, Max: 7.7, Diff: 0.6, Sum: 225.3]
      [Termination (ms): Min: 0.0, Avg: 0.0, Max: 0.0, Diff: 0.0, Sum: 0.3]
         [Termination Attempts: Min: 1, Avg: 1.0, Max: 1, Diff: 0, Sum: 30]
      [GC Worker Other (ms): Min: 0.0, Avg: 0.2, Max: 0.4, Diff: 0.3, Sum: 5.2]
      [GC Worker Total (ms): Min: 10.9, Avg: 11.3, Max: 11.7, Diff: 0.8, Sum: 338.4]
      [GC Worker End (ms): Min: 306038.9, Avg: 306039.0, Max: 306039.2, Diff: 0.3]
   [Code Root Fixup: 0.0 ms]
   [Code Root Purge: 0.0 ms]
   [Clear CT: 2.6 ms]
   [Other: 16.2 ms]
      [Choose CSet: 0.0 ms]
      [Ref Proc: 9.7 ms]
      [Ref Enq: 1.7 ms]
      [Redirty Cards: 2.7 ms]
      [Humongous Register: 0.3 ms]
      [Humongous Reclaim: 0.1 ms]
      [Free CSet: 1.4 ms]
   [Eden: 3928.0M(3928.0M)->0.0B(3928.0M) Survivors: 44.0M->44.0M Heap: 7017.9M(8192.0M)->3090.7M(8192.0M)]
 [Times: user=0.34 sys=0.02, real=0.03 secs]
2018-04-30T04:32:23.722+0200: 306.058: Total time for which application threads were stopped: 0.0322694 seconds, Stopping threads took: 0.0003387 seconds
2018-04-30T04:32:24.158+0200: 306.494: Application time: 0.4361152 seconds
2018-04-30T04:32:24.159+0200: 306.495: [GC pause (G1 Evacuation Pause) (young)
Desired survivor size 262144000 bytes, new threshold 15 (max 15)
- age   1:   11756264 bytes,   11756264 total
- age   2:    2090760 bytes,   13847024 total
- age   3:    1129872 bytes,   14976896 total
- age   4:    1184048 bytes,   16160944 total
- age   5:    1263464 bytes,   17424408 total
- age   6:    1158608 bytes,   18583016 total
- age   7:    1180272 bytes,   19763288 total
- age   8:    1186496 bytes,   20949784 total
- age   9:    1179176 bytes,   22128960 total
- age  10:    1158120 bytes,   23287080 total
- age  11:    1267328 bytes,   24554408 total
- age  12:     773120 bytes,   25327528 total
- age  13:       6056 bytes,   25333584 total
- age  14:       5808 bytes,   25339392 total
- age  15:       6496 bytes,   25345888 total
, 0.0302504 secs]
   [Parallel Time: 12.0 ms, GC Workers: 30]
      [GC Worker Start (ms): Min: 306495.7, Avg: 306496.1, Max: 306496.4, Diff: 0.7]
      [Ext Root Scanning (ms): Min: 0.3, Avg: 0.6, Max: 1.4, Diff: 1.1, Sum: 17.3]
      [Update RS (ms): Min: 1.8, Avg: 2.6, Max: 3.0, Diff: 1.2, Sum: 78.2]
         [Processed Buffers: Min: 2, Avg: 3.9, Max: 18, Diff: 16, Sum: 116]
      [Scan RS (ms): Min: 0.0, Avg: 0.2, Max: 0.5, Diff: 0.5, Sum: 5.8]
      [Code Root Scanning (ms): Min: 0.0, Avg: 0.0, Max: 0.0, Diff: 0.0, Sum: 0.1]
      [Object Copy (ms): Min: 7.5, Avg: 7.7, Max: 7.9, Diff: 0.4, Sum: 232.2]
      [Termination (ms): Min: 0.0, Avg: 0.0, Max: 0.0, Diff: 0.0, Sum: 0.3]
         [Termination Attempts: Min: 1, Avg: 1.0, Max: 1, Diff: 0, Sum: 30]
      [GC Worker Other (ms): Min: 0.0, Avg: 0.2, Max: 0.3, Diff: 0.3, Sum: 4.8]
      [GC Worker Total (ms): Min: 11.0, Avg: 11.3, Max: 11.8, Diff: 0.8, Sum: 338.7]
      [GC Worker End (ms): Min: 306507.3, Avg: 306507.4, Max: 306507.6, Diff: 0.3]
   [Code Root Fixup: 0.0 ms]
   [Code Root Purge: 0.0 ms]
   [Clear CT: 3.3 ms]
   [Other: 14.9 ms]
      [Choose CSet: 0.0 ms]
      [Ref Proc: 8.9 ms]
      [Ref Enq: 1.1 ms]
      [Redirty Cards: 3.1 ms]
      [Humongous Register: 0.3 ms]
      [Humongous Reclaim: 0.1 ms]
      [Free CSet: 1.2 ms]
   [Eden: 3928.0M(3928.0M)->0.0B(3928.0M) Survivors: 44.0M->44.0M Heap: 7018.7M(8192.0M)->3089.8M(8192.0M)]
 [Times: user=0.36 sys=0.01, real=0.03 secs]
2018-04-30T04:32:24.189+0200: 306.526: Total time for which application threads were stopped: 0.0315071 seconds, Stopping threads took: 0.0004167 seconds
2018-04-30T04:32:24.620+0200: 306.956: Application time: 0.4301305 seconds
2018-04-30T04:32:24.621+0200: 306.957: [GC pause (G1 Evacuation Pause) (young)
Desired survivor size 262144000 bytes, new threshold 15 (max 15)
- age   1:   12185000 bytes,   12185000 total
- age   2:    1215616 bytes,   13400616 total
- age   3:    2086616 bytes,   15487232 total
- age   4:    1127952 bytes,   16615184 total
- age   5:    1182864 bytes,   17798048 total
- age   6:    1263016 bytes,   19061064 total
- age   7:    1158160 bytes,   20219224 total
- age   8:    1179760 bytes,   21398984 total
- age   9:    1186048 bytes,   22585032 total
- age  10:    1179048 bytes,   23764080 total
- age  11:    1157800 bytes,   24921880 total
- age  12:     848184 bytes,   25770064 total
- age  13:       6912 bytes,   25776976 total
- age  14:       5480 bytes,   25782456 total
- age  15:       5744 bytes,   25788200 total
, 0.0295519 secs]
   [Parallel Time: 11.2 ms, GC Workers: 30]
      [GC Worker Start (ms): Min: 306957.4, Avg: 306957.8, Max: 306958.2, Diff: 0.8]
      [Ext Root Scanning (ms): Min: 0.1, Avg: 0.5, Max: 1.2, Diff: 1.1, Sum: 15.0]
      [Update RS (ms): Min: 1.9, Avg: 2.7, Max: 3.2, Diff: 1.3, Sum: 81.5]
         [Processed Buffers: Min: 2, Avg: 3.8, Max: 16, Diff: 14, Sum: 115]
      [Scan RS (ms): Min: 0.0, Avg: 0.2, Max: 0.5, Diff: 0.5, Sum: 5.1]
      [Code Root Scanning (ms): Min: 0.0, Avg: 0.0, Max: 0.0, Diff: 0.0, Sum: 0.1]
      [Object Copy (ms): Min: 6.5, Avg: 6.9, Max: 7.1, Diff: 0.6, Sum: 205.7]
      [Termination (ms): Min: 0.0, Avg: 0.0, Max: 0.0, Diff: 0.0, Sum: 0.2]
         [Termination Attempts: Min: 1, Avg: 1.0, Max: 1, Diff: 0, Sum: 30]
      [GC Worker Other (ms): Min: 0.0, Avg: 0.2, Max: 0.3, Diff: 0.3, Sum: 5.1]
      [GC Worker Total (ms): Min: 9.9, Avg: 10.4, Max: 11.0, Diff: 1.0, Sum: 312.7]
      [GC Worker End (ms): Min: 306968.1, Avg: 306968.3, Max: 306968.4, Diff: 0.3]
   [Code Root Fixup: 0.0 ms]
   [Code Root Purge: 0.0 ms]
   [Clear CT: 1.8 ms]
   [Other: 16.5 ms]
      [Choose CSet: 0.0 ms]
      [Ref Proc: 10.5 ms]
      [Ref Enq: 1.7 ms]
      [Redirty Cards: 2.1 ms]
      [Humongous Register: 0.3 ms]
      [Humongous Reclaim: 0.1 ms]
      [Free CSet: 1.4 ms]
   [Eden: 3928.0M(3928.0M)->0.0B(3936.0M) Survivors: 44.0M->40.0M Heap: 7017.8M(8192.0M)->3088.3M(8192.0M)]
 [Times: user=0.34 sys=0.00, real=0.03 secs]
2018-04-30T04:32:24.650+0200: 306.987: Total time for which application threads were stopped: 0.0308558 seconds, Stopping threads took: 0.0003764 seconds
2018-04-30T04:32:25.079+0200: 307.416: Application time: 0.4288837 seconds
2018-04-30T04:32:25.080+0200: 307.417: [GC pause (G1 Evacuation Pause) (young)
Desired survivor size 262144000 bytes, new threshold 15 (max 15)
- age   1:   10561784 bytes,   10561784 total
- age   2:    1346312 bytes,   11908096 total
- age   3:    1211296 bytes,   13119392 total
- age   4:    2083912 bytes,   15203304 total
- age   5:    1126736 bytes,   16330040 total
- age   6:    1182208 bytes,   17512248 total
- age   7:    1262760 bytes,   18775008 total
- age   8:    1157648 bytes,   19932656 total
- age   9:    1179632 bytes,   21112288 total
- age  10:    1185984 bytes,   22298272 total
- age  11:    1178728 bytes,   23477000 total
- age  12:     825856 bytes,   24302856 total
- age  13:       8944 bytes,   24311800 total
- age  14:       6848 bytes,   24318648 total
- age  15:       5096 bytes,   24323744 total
, 0.0290265 secs]
   [Parallel Time: 12.0 ms, GC Workers: 30]
      [GC Worker Start (ms): Min: 307417.1, Avg: 307417.5, Max: 307417.9, Diff: 0.8]
      [Ext Root Scanning (ms): Min: 0.1, Avg: 0.5, Max: 1.3, Diff: 1.2, Sum: 15.1]
      [Update RS (ms): Min: 2.0, Avg: 2.7, Max: 3.4, Diff: 1.4, Sum: 82.1]
         [Processed Buffers: Min: 2, Avg: 3.9, Max: 10, Diff: 8, Sum: 117]
      [Scan RS (ms): Min: 0.0, Avg: 0.2, Max: 0.5, Diff: 0.5, Sum: 5.3]
      [Code Root Scanning (ms): Min: 0.0, Avg: 0.0, Max: 0.0, Diff: 0.0, Sum: 0.1]
      [Object Copy (ms): Min: 7.1, Avg: 7.7, Max: 7.9, Diff: 0.8, Sum: 230.2]
      [Termination (ms): Min: 0.0, Avg: 0.0, Max: 0.0, Diff: 0.0, Sum: 0.4]
         [Termination Attempts: Min: 1, Avg: 1.0, Max: 1, Diff: 0, Sum: 30]
      [GC Worker Other (ms): Min: 0.0, Avg: 0.2, Max: 0.3, Diff: 0.3, Sum: 4.8]
      [GC Worker Total (ms): Min: 10.8, Avg: 11.3, Max: 11.8, Diff: 1.0, Sum: 337.8]
      [GC Worker End (ms): Min: 307428.6, Avg: 307428.8, Max: 307428.9, Diff: 0.3]
   [Code Root Fixup: 0.0 ms]
   [Code Root Purge: 0.0 ms]
   [Clear CT: 1.7 ms]
   [Other: 15.3 ms]
      [Choose CSet: 0.0 ms]
      [Ref Proc: 9.9 ms]
      [Ref Enq: 1.4 ms]
      [Redirty Cards: 2.1 ms]
      [Humongous Register: 0.3 ms]
      [Humongous Reclaim: 0.1 ms]
      [Free CSet: 1.3 ms]
   [Eden: 3936.0M(3936.0M)->0.0B(3944.0M) Survivors: 40.0M->36.0M Heap: 7024.3M(8192.0M)->3083.6M(8192.0M)]
 [Times: user=0.35 sys=0.00, real=0.03 secs]
2018-04-30T04:32:25.110+0200: 307.446: Total time for which application threads were stopped: 0.0302913 seconds, Stopping threads took: 0.0003827 seconds
2018-04-30T04:32:25.543+0200: 307.879: Application time: 0.4331823 seconds
2018-04-30T04:32:25.544+0200: 307.880: [GC pause (G1 Evacuation Pause) (young)
Desired survivor size 262144000 bytes, new threshold 15 (max 15)
- age   1:   12390832 bytes,   12390832 total
- age   2:    1203984 bytes,   13594816 total
- age   3:    1343888 bytes,   14938704 total
- age   4:    1209760 bytes,   16148464 total
- age   5:    2082760 bytes,   18231224 total
- age   6:    1125712 bytes,   19356936 total
- age   7:    1181616 bytes,   20538552 total
- age   8:    1262504 bytes,   21801056 total
- age   9:    1157456 bytes,   22958512 total
- age  10:    1179440 bytes,   24137952 total
- age  11:    1185664 bytes,   25323616 total
- age  12:     809160 bytes,   26132776 total
- age  13:       3872 bytes,   26136648 total
- age  14:       8816 bytes,   26145464 total
- age  15:       6784 bytes,   26152248 total
, 0.0304726 secs]
   [Parallel Time: 13.5 ms, GC Workers: 30]
      [GC Worker Start (ms): Min: 307880.8, Avg: 307881.4, Max: 307881.9, Diff: 1.1]
      [Ext Root Scanning (ms): Min: 0.0, Avg: 0.4, Max: 1.3, Diff: 1.3, Sum: 12.8]
      [Update RS (ms): Min: 2.2, Avg: 2.7, Max: 3.2, Diff: 1.1, Sum: 80.5]
         [Processed Buffers: Min: 2, Avg: 3.9, Max: 19, Diff: 17, Sum: 116]
      [Scan RS (ms): Min: 0.0, Avg: 0.2, Max: 0.5, Diff: 0.5, Sum: 5.7]
      [Code Root Scanning (ms): Min: 0.0, Avg: 0.0, Max: 0.0, Diff: 0.0, Sum: 0.1]
      [Object Copy (ms): Min: 8.6, Avg: 9.1, Max: 9.3, Diff: 0.7, Sum: 272.5]
      [Termination (ms): Min: 0.0, Avg: 0.0, Max: 0.0, Diff: 0.0, Sum: 0.2]
         [Termination Attempts: Min: 1, Avg: 1.0, Max: 1, Diff: 0, Sum: 30]
      [GC Worker Other (ms): Min: 0.0, Avg: 0.1, Max: 0.3, Diff: 0.3, Sum: 4.1]
      [GC Worker Total (ms): Min: 11.9, Avg: 12.5, Max: 13.1, Diff: 1.2, Sum: 375.9]
      [GC Worker End (ms): Min: 307893.8, Avg: 307893.9, Max: 307894.1, Diff: 0.3]
   [Code Root Fixup: 0.0 ms]
   [Code Root Purge: 0.0 ms]
   [Clear CT: 2.3 ms]
   [Other: 14.6 ms]
      [Choose CSet: 0.0 ms]
      [Ref Proc: 8.7 ms]
      [Ref Enq: 1.4 ms]
      [Redirty Cards: 2.7 ms]
      [Humongous Register: 0.4 ms]
      [Humongous Reclaim: 0.1 ms]
      [Free CSet: 1.2 ms]
   [Eden: 3944.0M(3944.0M)->0.0B(3928.0M) Survivors: 36.0M->44.0M Heap: 7027.6M(8192.0M)->3090.7M(8192.0M)]
 [Times: user=0.40 sys=0.00, real=0.03 secs]
2018-04-30T04:32:25.575+0200: 307.911: Total time for which application threads were stopped: 0.0317691 seconds, Stopping threads took: 0.0004038 seconds
2018-04-30T04:32:26.014+0200: 308.350: Application time: 0.4395395 seconds
2018-04-30T04:32:26.015+0200: 308.351: [GC pause (G1 Evacuation Pause) (young)
Desired survivor size 262144000 bytes, new threshold 15 (max 15)
- age   1:   13285248 bytes,   13285248 total
- age   2:    1211304 bytes,   14496552 total
- age   3:    1187216 bytes,   15683768 total
- age   4:    1197384 bytes,   16881152 total
- age   5:    1208416 bytes,   18089568 total
- age   6:    2081736 bytes,   20171304 total
- age   7:    1124688 bytes,   21295992 total
- age   8:    1181424 bytes,   22477416 total
- age   9:    1262120 bytes,   23739536 total
- age  10:    1157328 bytes,   24896864 total
- age  11:    1179056 bytes,   26075920 total
- age  12:     809216 bytes,   26885136 total
- age  13:       4856 bytes,   26889992 total
- age  14:       3872 bytes,   26893864 total
- age  15:       8688 bytes,   26902552 total
, 0.0296805 secs]
   [Parallel Time: 12.6 ms, GC Workers: 30]
      [GC Worker Start (ms): Min: 308351.9, Avg: 308352.3, Max: 308352.7, Diff: 0.8]
      [Ext Root Scanning (ms): Min: 0.2, Avg: 0.6, Max: 1.3, Diff: 1.2, Sum: 17.9]
      [Update RS (ms): Min: 1.8, Avg: 2.6, Max: 3.1, Diff: 1.3, Sum: 77.1]
         [Processed Buffers: Min: 2, Avg: 3.8, Max: 17, Diff: 15, Sum: 114]
      [Scan RS (ms): Min: 0.0, Avg: 0.2, Max: 0.5, Diff: 0.5, Sum: 5.7]
      [Code Root Scanning (ms): Min: 0.0, Avg: 0.0, Max: 0.0, Diff: 0.0, Sum: 0.1]
      [Object Copy (ms): Min: 8.1, Avg: 8.5, Max: 8.7, Diff: 0.6, Sum: 253.5]
      [Termination (ms): Min: 0.0, Avg: 0.0, Max: 0.0, Diff: 0.0, Sum: 0.2]
         [Termination Attempts: Min: 1, Avg: 1.0, Max: 1, Diff: 0, Sum: 30]
      [GC Worker Other (ms): Min: 0.0, Avg: 0.2, Max: 0.3, Diff: 0.3, Sum: 4.6]
      [GC Worker Total (ms): Min: 11.6, Avg: 12.0, Max: 12.5, Diff: 0.9, Sum: 359.2]
      [GC Worker End (ms): Min: 308364.1, Avg: 308364.2, Max: 308364.4, Diff: 0.3]
   [Code Root Fixup: 0.0 ms]
   [Code Root Purge: 0.0 ms]
   [Clear CT: 2.3 ms]
   [Other: 14.8 ms]
      [Choose CSet: 0.0 ms]
      [Ref Proc: 8.7 ms]
      [Ref Enq: 1.3 ms]
      [Redirty Cards: 2.8 ms]
      [Humongous Register: 0.3 ms]
      [Humongous Reclaim: 0.1 ms]
      [Free CSet: 1.3 ms]
   [Eden: 3928.0M(3928.0M)->0.0B(3928.0M) Survivors: 44.0M->44.0M Heap: 7018.7M(8192.0M)->3091.6M(8192.0M)]
 [Times: user=0.38 sys=0.00, real=0.03 secs]
2018-04-30T04:32:26.045+0200: 308.381: Total time for which application threads were stopped: 0.0308776 seconds, Stopping threads took: 0.0003293 seconds
2018-04-30T04:32:26.481+0200: 308.818: Application time: 0.4361833 seconds
2018-04-30T04:32:26.482+0200: 308.819: [GC pause (G1 Evacuation Pause) (young)
Desired survivor size 262144000 bytes, new threshold 15 (max 15)
- age   1:   14566248 bytes,   14566248 total
- age   2:    1468032 bytes,   16034280 total
- age   3:    1205896 bytes,   17240176 total
- age   4:    1185072 bytes,   18425248 total
- age   5:    1195528 bytes,   19620776 total
- age   6:    1207584 bytes,   20828360 total
- age   7:    2081096 bytes,   22909456 total
- age   8:    1124304 bytes,   24033760 total
- age   9:    1180176 bytes,   25213936 total
- age  10:    1261560 bytes,   26475496 total
- age  11:    1157008 bytes,   27632504 total
- age  12:     861376 bytes,   28493880 total
- age  13:       6344 bytes,   28500224 total
- age  14:       4792 bytes,   28505016 total
- age  15:       3872 bytes,   28508888 total
, 0.0299299 secs]
   [Parallel Time: 12.8 ms, GC Workers: 30]
      [GC Worker Start (ms): Min: 308819.0, Avg: 308819.4, Max: 308819.8, Diff: 0.8]
      [Ext Root Scanning (ms): Min: 0.1, Avg: 0.5, Max: 1.3, Diff: 1.2, Sum: 14.5]
      [Update RS (ms): Min: 2.0, Avg: 2.6, Max: 3.2, Diff: 1.2, Sum: 77.7]
         [Processed Buffers: Min: 2, Avg: 3.9, Max: 12, Diff: 10, Sum: 116]
      [Scan RS (ms): Min: 0.0, Avg: 0.2, Max: 0.5, Diff: 0.4, Sum: 5.6]
      [Code Root Scanning (ms): Min: 0.0, Avg: 0.0, Max: 0.0, Diff: 0.0, Sum: 0.1]
      [Object Copy (ms): Min: 8.2, Avg: 8.7, Max: 8.9, Diff: 0.7, Sum: 260.6]
      [Termination (ms): Min: 0.0, Avg: 0.0, Max: 0.0, Diff: 0.0, Sum: 0.3]
         [Termination Attempts: Min: 1, Avg: 1.0, Max: 1, Diff: 0, Sum: 30]
      [GC Worker Other (ms): Min: 0.0, Avg: 0.2, Max: 0.3, Diff: 0.3, Sum: 4.9]
      [GC Worker Total (ms): Min: 11.7, Avg: 12.1, Max: 12.7, Diff: 1.1, Sum: 363.6]
      [GC Worker End (ms): Min: 308831.4, Avg: 308831.6, Max: 308831.7, Diff: 0.3]
   [Code Root Fixup: 0.0 ms]
   [Code Root Purge: 0.0 ms]
   [Clear CT: 2.5 ms]
   [Other: 14.6 ms]
      [Choose CSet: 0.0 ms]
      [Ref Proc: 9.2 ms]
      [Ref Enq: 1.2 ms]
      [Redirty Cards: 2.3 ms]
      [Humongous Register: 0.3 ms]
      [Humongous Reclaim: 0.1 ms]
      [Free CSet: 1.3 ms]
   [Eden: 3928.0M(3928.0M)->0.0B(3920.0M) Survivors: 44.0M->48.0M Heap: 7019.6M(8192.0M)->3094.0M(8192.0M)]
 [Times: user=0.38 sys=0.01, real=0.04 secs]
2018-04-30T04:32:26.512+0200: 308.849: Total time for which application threads were stopped: 0.0312056 seconds, Stopping threads took: 0.0004231 seconds
2018-04-30T04:32:26.935+0200: 309.271: Application time: 0.4222434 seconds
2018-04-30T04:32:26.936+0200: 309.272: [GC pause (G1 Evacuation Pause) (young)
Desired survivor size 260046848 bytes, new threshold 15 (max 15)
- age   1:   15145344 bytes,   15145344 total
- age   2:    1150040 bytes,   16295384 total
- age   3:    1464424 bytes,   17759808 total
- age   4:    1204072 bytes,   18963880 total
- age   5:    1183664 bytes,   20147544 total
- age   6:    1193896 bytes,   21341440 total
- age   7:    1207008 bytes,   22548448 total
- age   8:    2080184 bytes,   24628632 total
- age   9:    1123920 bytes,   25752552 total
- age  10:    1179920 bytes,   26932472 total
- age  11:    1261496 bytes,   28193968 total
- age  12:     827688 bytes,   29021656 total
- age  13:       4440 bytes,   29026096 total
- age  14:       6216 bytes,   29032312 total
- age  15:       4728 bytes,   29037040 total
, 0.0294215 secs]
   [Parallel Time: 11.2 ms, GC Workers: 30]
      [GC Worker Start (ms): Min: 309272.6, Avg: 309273.1, Max: 309273.6, Diff: 1.0]
      [Ext Root Scanning (ms): Min: 0.0, Avg: 0.5, Max: 1.3, Diff: 1.3, Sum: 14.7]
      [Update RS (ms): Min: 2.1, Avg: 2.5, Max: 3.2, Diff: 1.2, Sum: 76.4]
         [Processed Buffers: Min: 2, Avg: 3.8, Max: 17, Diff: 15, Sum: 114]
      [Scan RS (ms): Min: 0.0, Avg: 0.2, Max: 0.5, Diff: 0.5, Sum: 6.1]
      [Code Root Scanning (ms): Min: 0.0, Avg: 0.0, Max: 0.0, Diff: 0.0, Sum: 0.1]
      [Object Copy (ms): Min: 6.2, Avg: 6.7, Max: 7.0, Diff: 0.7, Sum: 202.2]
      [Termination (ms): Min: 0.0, Avg: 0.0, Max: 0.0, Diff: 0.0, Sum: 0.3]
         [Termination Attempts: Min: 1, Avg: 1.0, Max: 2, Diff: 1, Sum: 31]
      [GC Worker Other (ms): Min: 0.0, Avg: 0.2, Max: 0.3, Diff: 0.3, Sum: 5.1]
      [GC Worker Total (ms): Min: 9.7, Avg: 10.2, Max: 10.7, Diff: 1.0, Sum: 304.9]
      [GC Worker End (ms): Min: 309283.1, Avg: 309283.2, Max: 309283.4, Diff: 0.3]
   [Code Root Fixup: 0.0 ms]
   [Code Root Purge: 0.0 ms]
   [Clear CT: 2.3 ms]
   [Other: 15.9 ms]
      [Choose CSet: 0.0 ms]
      [Ref Proc: 9.6 ms]
      [Ref Enq: 1.6 ms]
      [Redirty Cards: 2.7 ms]
      [Humongous Register: 0.3 ms]
      [Humongous Reclaim: 0.1 ms]
      [Free CSet: 1.4 ms]
   [Eden: 3920.0M(3920.0M)->0.0B(3928.0M) Survivors: 48.0M->44.0M Heap: 7014.0M(8192.0M)->3090.0M(8192.0M)]
 [Times: user=0.33 sys=0.01, real=0.03 secs]
2018-04-30T04:32:26.965+0200: 309.302: Total time for which application threads were stopped: 0.0308019 seconds, Stopping threads took: 0.0003988 seconds
2018-04-30T04:32:27.398+0200: 309.734: Application time: 0.4325990 seconds
2018-04-30T04:32:27.399+0200: 309.735: [GC pause (G1 Evacuation Pause) (young)
Desired survivor size 262144000 bytes, new threshold 15 (max 15)
- age   1:   11856856 bytes,   11856856 total
- age   2:    1341808 bytes,   13198664 total
- age   3:    1146568 bytes,   14345232 total
- age   4:    1462408 bytes,   15807640 total
- age   5:    1202408 bytes,   17010048 total
- age   6:    1182768 bytes,   18192816 total
- age   7:    1193256 bytes,   19386072 total
- age   8:    1206560 bytes,   20592632 total
- age   9:    2079800 bytes,   22672432 total
- age  10:    1123536 bytes,   23795968 total
- age  11:    1179728 bytes,   24975696 total
- age  12:     959984 bytes,   25935680 total
- age  13:       7272 bytes,   25942952 total
- age  14:       4376 bytes,   25947328 total
- age  15:       6152 bytes,   25953480 total
, 0.0286080 secs]
   [Parallel Time: 11.9 ms, GC Workers: 30]
      [GC Worker Start (ms): Min: 309735.9, Avg: 309736.3, Max: 309736.8, Diff: 0.9]
      [Ext Root Scanning (ms): Min: 0.0, Avg: 0.5, Max: 1.3, Diff: 1.2, Sum: 14.1]
      [Update RS (ms): Min: 1.9, Avg: 2.6, Max: 3.0, Diff: 1.2, Sum: 76.5]
         [Processed Buffers: Min: 2, Avg: 4.0, Max: 21, Diff: 19, Sum: 119]
      [Scan RS (ms): Min: 0.0, Avg: 0.2, Max: 0.4, Diff: 0.4, Sum: 5.2]
      [Code Root Scanning (ms): Min: 0.0, Avg: 0.0, Max: 0.0, Diff: 0.0, Sum: 0.0]
      [Object Copy (ms): Min: 7.3, Avg: 7.6, Max: 7.8, Diff: 0.5, Sum: 228.1]
      [Termination (ms): Min: 0.0, Avg: 0.0, Max: 0.0, Diff: 0.0, Sum: 0.3]
         [Termination Attempts: Min: 1, Avg: 1.0, Max: 1, Diff: 0, Sum: 30]
      [GC Worker Other (ms): Min: 0.0, Avg: 0.2, Max: 0.3, Diff: 0.3, Sum: 5.1]
      [GC Worker Total (ms): Min: 10.5, Avg: 11.0, Max: 11.5, Diff: 1.0, Sum: 329.3]
      [GC Worker End (ms): Min: 309747.2, Avg: 309747.3, Max: 309747.5, Diff: 0.3]
   [Code Root Fixup: 0.0 ms]
   [Code Root Purge: 0.0 ms]
   [Clear CT: 2.7 ms]
   [Other: 14.0 ms]
      [Choose CSet: 0.0 ms]
      [Ref Proc: 8.5 ms]
      [Ref Enq: 1.2 ms]
      [Redirty Cards: 2.5 ms]
      [Humongous Register: 0.3 ms]
      [Humongous Reclaim: 0.1 ms]
      [Free CSet: 1.2 ms]
   [Eden: 3928.0M(3928.0M)->0.0B(3928.0M) Survivors: 44.0M->44.0M Heap: 7018.0M(8192.0M)->3090.0M(8192.0M)]
 [Times: user=0.34 sys=0.01, real=0.03 secs]
2018-04-30T04:32:27.428+0200: 309.764: Total time for which application threads were stopped: 0.0299306 seconds, Stopping threads took: 0.0004387 seconds
2018-04-30T04:32:27.862+0200: 310.198: Application time: 0.4336599 seconds
2018-04-30T04:32:27.863+0200: 310.199: [GC pause (G1 Evacuation Pause) (young)
Desired survivor size 262144000 bytes, new threshold 15 (max 15)
- age   1:   11955936 bytes,   11955936 total
- age   2:    1161368 bytes,   13117304 total
- age   3:    1338832 bytes,   14456136 total
- age   4:    1144952 bytes,   15601088 total
- age   5:    1461896 bytes,   17062984 total
- age   6:    1201736 bytes,   18264720 total
- age   7:    1181600 bytes,   19446320 total
- age   8:    1192936 bytes,   20639256 total
- age   9:    1206496 bytes,   21845752 total
- age  10:    2079176 bytes,   23924928 total
- age  11:    1123344 bytes,   25048272 total
- age  12:     856128 bytes,   25904400 total
- age  13:     136576 bytes,   26040976 total
- age  14:       7208 bytes,   26048184 total
- age  15:       4376 bytes,   26052560 total
, 0.0304546 secs]
   [Parallel Time: 12.1 ms, GC Workers: 30]
      [GC Worker Start (ms): Min: 310199.4, Avg: 310199.9, Max: 310200.3, Diff: 0.8]
      [Ext Root Scanning (ms): Min: 0.2, Avg: 0.5, Max: 1.3, Diff: 1.2, Sum: 15.8]
      [Update RS (ms): Min: 2.1, Avg: 2.6, Max: 3.1, Diff: 1.1, Sum: 76.9]
         [Processed Buffers: Min: 2, Avg: 3.8, Max: 17, Diff: 15, Sum: 114]
      [Scan RS (ms): Min: 0.0, Avg: 0.2, Max: 0.5, Diff: 0.4, Sum: 5.5]
      [Code Root Scanning (ms): Min: 0.0, Avg: 0.0, Max: 0.0, Diff: 0.0, Sum: 0.1]
      [Object Copy (ms): Min: 7.3, Avg: 7.8, Max: 8.0, Diff: 0.6, Sum: 232.5]
      [Termination (ms): Min: 0.0, Avg: 0.0, Max: 0.0, Diff: 0.0, Sum: 0.2]
         [Termination Attempts: Min: 1, Avg: 1.0, Max: 1, Diff: 0, Sum: 30]
      [GC Worker Other (ms): Min: 0.0, Avg: 0.2, Max: 0.3, Diff: 0.3, Sum: 5.0]
      [GC Worker Total (ms): Min: 10.8, Avg: 11.2, Max: 11.7, Diff: 0.9, Sum: 336.0]
      [GC Worker End (ms): Min: 310211.0, Avg: 310211.1, Max: 310211.3, Diff: 0.3]
   [Code Root Fixup: 0.0 ms]
   [Code Root Purge: 0.0 ms]
   [Clear CT: 2.5 ms]
   [Other: 15.8 ms]
      [Choose CSet: 0.0 ms]
      [Ref Proc: 10.1 ms]
      [Ref Enq: 1.3 ms]
      [Redirty Cards: 2.5 ms]
      [Humongous Register: 0.3 ms]
      [Humongous Reclaim: 0.1 ms]
      [Free CSet: 1.3 ms]
   [Eden: 3928.0M(3928.0M)->0.0B(3928.0M) Survivors: 44.0M->44.0M Heap: 7018.0M(8192.0M)->3090.8M(8192.0M)]
 [Times: user=0.36 sys=0.00, real=0.04 secs]
2018-04-30T04:32:27.893+0200: 310.230: Total time for which application threads were stopped: 0.0317180 seconds, Stopping threads took: 0.0003829 seconds
2018-04-30T04:32:28.322+0200: 310.659: Application time: 0.4289631 seconds
2018-04-30T04:32:28.323+0200: 310.660: [GC pause (G1 Evacuation Pause) (young)
Desired survivor size 262144000 bytes, new threshold 15 (max 15)
- age   1:   13451032 bytes,   13451032 total
- age   2:    1162744 bytes,   14613776 total
- age   3:    1137944 bytes,   15751720 total
- age   4:    1197344 bytes,   16949064 total
- age   5:    1135656 bytes,   18084720 total
- age   6:    1199144 bytes,   19283864 total
- age   7:    1201096 bytes,   20484960 total
- age   8:    1180576 bytes,   21665536 total
- age   9:    1192616 bytes,   22858152 total
- age  10:    1206368 bytes,   24064520 total
- age  11:    2078920 bytes,   26143440 total
- age  12:     819800 bytes,   26963240 total
- age  13:      18448 bytes,   26981688 total
- age  14:     136576 bytes,   27118264 total
- age  15:       7208 bytes,   27125472 total
, 0.0293582 secs]
   [Parallel Time: 12.5 ms, GC Workers: 30]
      [GC Worker Start (ms): Min: 310660.1, Avg: 310660.6, Max: 310661.2, Diff: 1.1]
      [Ext Root Scanning (ms): Min: 0.0, Avg: 0.5, Max: 1.3, Diff: 1.2, Sum: 14.0]
      [Update RS (ms): Min: 1.8, Avg: 2.6, Max: 3.2, Diff: 1.4, Sum: 79.4]
         [Processed Buffers: Min: 2, Avg: 3.9, Max: 15, Diff: 13, Sum: 116]
      [Scan RS (ms): Min: 0.0, Avg: 0.2, Max: 0.6, Diff: 0.6, Sum: 5.6]
      [Code Root Scanning (ms): Min: 0.0, Avg: 0.0, Max: 0.0, Diff: 0.0, Sum: 0.1]
      [Object Copy (ms): Min: 7.7, Avg: 8.1, Max: 8.3, Diff: 0.6, Sum: 241.7]
      [Termination (ms): Min: 0.0, Avg: 0.0, Max: 0.0, Diff: 0.0, Sum: 0.2]
         [Termination Attempts: Min: 1, Avg: 1.0, Max: 1, Diff: 0, Sum: 30]
      [GC Worker Other (ms): Min: 0.0, Avg: 0.2, Max: 0.4, Diff: 0.4, Sum: 5.6]
      [GC Worker Total (ms): Min: 10.9, Avg: 11.6, Max: 12.1, Diff: 1.2, Sum: 346.6]
      [GC Worker End (ms): Min: 310672.0, Avg: 310672.2, Max: 310672.3, Diff: 0.3]
   [Code Root Fixup: 0.0 ms]
   [Code Root Purge: 0.0 ms]
   [Clear CT: 2.5 ms]
   [Other: 14.4 ms]
      [Choose CSet: 0.0 ms]
      [Ref Proc: 8.8 ms]
      [Ref Enq: 1.2 ms]
      [Redirty Cards: 2.5 ms]
      [Humongous Register: 0.3 ms]
      [Humongous Reclaim: 0.1 ms]
      [Free CSet: 1.2 ms]
   [Eden: 3928.0M(3928.0M)->0.0B(3928.0M) Survivors: 44.0M->44.0M Heap: 7018.8M(8192.0M)->3090.9M(8192.0M)]
 [Times: user=0.37 sys=0.00, real=0.04 secs]
2018-04-30T04:32:28.353+0200: 310.689: Total time for which application threads were stopped: 0.0306219 seconds, Stopping threads took: 0.0004249 seconds
2018-04-30T04:32:28.777+0200: 311.114: Application time: 0.4243674 seconds
2018-04-30T04:32:28.778+0200: 311.115: [GC pause (G1 Evacuation Pause) (young)
Desired survivor size 262144000 bytes, new threshold 15 (max 15)
- age   1:   12235152 bytes,   12235152 total
- age   2:    1617640 bytes,   13852792 total
- age   3:    1158968 bytes,   15011760 total
- age   4:    1136600 bytes,   16148360 total
- age   5:    1196160 bytes,   17344520 total
- age   6:    1134440 bytes,   18478960 total
- age   7:    1198312 bytes,   19677272 total
- age   8:    1200648 bytes,   20877920 total
- age   9:    1180128 bytes,   22058048 total
- age  10:    1192232 bytes,   23250280 total
- age  11:    1206304 bytes,   24456584 total
- age  12:    1697176 bytes,   26153760 total
- age  13:      13048 bytes,   26166808 total
- age  14:      18448 bytes,   26185256 total
- age  15:     136512 bytes,   26321768 total
, 0.0294969 secs]
   [Parallel Time: 13.0 ms, GC Workers: 30]
      [GC Worker Start (ms): Min: 311115.1, Avg: 311115.6, Max: 311116.0, Diff: 0.8]
      [Ext Root Scanning (ms): Min: 0.1, Avg: 0.5, Max: 1.3, Diff: 1.2, Sum: 16.2]
      [Update RS (ms): Min: 1.9, Avg: 2.6, Max: 3.0, Diff: 1.1, Sum: 79.4]
         [Processed Buffers: Min: 2, Avg: 3.9, Max: 17, Diff: 15, Sum: 116]
      [Scan RS (ms): Min: 0.0, Avg: 0.2, Max: 0.6, Diff: 0.5, Sum: 5.0]
      [Code Root Scanning (ms): Min: 0.0, Avg: 0.0, Max: 0.0, Diff: 0.0, Sum: 0.1]
      [Object Copy (ms): Min: 8.5, Avg: 8.7, Max: 8.9, Diff: 0.4, Sum: 262.0]
      [Termination (ms): Min: 0.0, Avg: 0.0, Max: 0.0, Diff: 0.0, Sum: 0.3]
         [Termination Attempts: Min: 1, Avg: 1.0, Max: 1, Diff: 0, Sum: 30]
      [GC Worker Other (ms): Min: 0.0, Avg: 0.2, Max: 0.4, Diff: 0.3, Sum: 5.6]
      [GC Worker Total (ms): Min: 11.8, Avg: 12.3, Max: 12.8, Diff: 1.0, Sum: 368.5]
      [GC Worker End (ms): Min: 311127.7, Avg: 311127.8, Max: 311128.0, Diff: 0.3]
   [Code Root Fixup: 0.0 ms]
   [Code Root Purge: 0.0 ms]
   [Clear CT: 2.4 ms]
   [Other: 14.1 ms]
      [Choose CSet: 0.0 ms]
      [Ref Proc: 8.9 ms]
      [Ref Enq: 1.3 ms]
      [Redirty Cards: 2.1 ms]
      [Humongous Register: 0.3 ms]
      [Humongous Reclaim: 0.1 ms]
      [Free CSet: 1.2 ms]
   [Eden: 3928.0M(3928.0M)->0.0B(3928.0M) Survivors: 44.0M->44.0M Heap: 7018.9M(8192.0M)->3090.2M(8192.0M)]
 [Times: user=0.38 sys=0.02, real=0.03 secs]
2018-04-30T04:32:28.808+0200: 311.144: Total time for which application threads were stopped: 0.0307372 seconds, Stopping threads took: 0.0003940 seconds
2018-04-30T04:32:29.243+0200: 311.579: Application time: 0.4345440 seconds
2018-04-30T04:32:29.244+0200: 311.580: [GC pause (G1 Evacuation Pause) (young)
Desired survivor size 262144000 bytes, new threshold 15 (max 15)
- age   1:   12667352 bytes,   12667352 total
- age   2:    1227064 bytes,   13894416 total
- age   3:    1613904 bytes,   15508320 total
- age   4:    1157880 bytes,   16666200 total
- age   5:    1135112 bytes,   17801312 total
- age   6:    1194880 bytes,   18996192 total
- age   7:    1133352 bytes,   20129544 total
- age   8:    1197288 bytes,   21326832 total
- age   9:    1200392 bytes,   22527224 total
- age  10:    1179352 bytes,   23706576 total
- age  11:    1191976 bytes,   24898552 total
- age  12:     779072 bytes,   25677624 total
- age  13:     924904 bytes,   26602528 total
- age  14:      12920 bytes,   26615448 total
- age  15:      18448 bytes,   26633896 total
, 0.0287652 secs]
   [Parallel Time: 10.9 ms, GC Workers: 30]
      [GC Worker Start (ms): Min: 311580.5, Avg: 311580.9, Max: 311581.4, Diff: 0.9]
      [Ext Root Scanning (ms): Min: 0.0, Avg: 0.5, Max: 1.3, Diff: 1.3, Sum: 14.2]
      [Update RS (ms): Min: 2.1, Avg: 2.6, Max: 3.1, Diff: 1.0, Sum: 76.8]
         [Processed Buffers: Min: 2, Avg: 4.0, Max: 11, Diff: 9, Sum: 119]
      [Scan RS (ms): Min: 0.0, Avg: 0.2, Max: 0.5, Diff: 0.5, Sum: 5.6]
      [Code Root Scanning (ms): Min: 0.0, Avg: 0.0, Max: 0.0, Diff: 0.0, Sum: 0.1]
      [Object Copy (ms): Min: 6.1, Avg: 6.5, Max: 6.8, Diff: 0.6, Sum: 196.5]
      [Termination (ms): Min: 0.0, Avg: 0.0, Max: 0.0, Diff: 0.0, Sum: 0.2]
         [Termination Attempts: Min: 1, Avg: 1.0, Max: 1, Diff: 0, Sum: 30]
      [GC Worker Other (ms): Min: 0.0, Avg: 0.2, Max: 0.3, Diff: 0.3, Sum: 5.0]
      [GC Worker Total (ms): Min: 9.4, Avg: 9.9, Max: 10.5, Diff: 1.1, Sum: 298.3]
      [GC Worker End (ms): Min: 311590.7, Avg: 311590.9, Max: 311591.0, Diff: 0.3]
   [Code Root Fixup: 0.0 ms]
   [Code Root Purge: 0.0 ms]
   [Clear CT: 2.4 ms]
   [Other: 15.4 ms]
      [Choose CSet: 0.0 ms]
      [Ref Proc: 9.3 ms]
      [Ref Enq: 1.2 ms]
      [Redirty Cards: 3.0 ms]
      [Humongous Register: 0.3 ms]
      [Humongous Reclaim: 0.1 ms]
      [Free CSet: 1.3 ms]
   [Eden: 3928.0M(3928.0M)->0.0B(3936.0M) Survivors: 44.0M->40.0M Heap: 7018.2M(8192.0M)->3088.7M(8192.0M)]
 [Times: user=0.31 sys=0.01, real=0.03 secs]
2018-04-30T04:32:29.273+0200: 311.609: Total time for which application threads were stopped: 0.0300501 seconds, Stopping threads took: 0.0004036 seconds
2018-04-30T04:32:29.703+0200: 312.039: Application time: 0.4302403 seconds
2018-04-30T04:32:29.704+0200: 312.040: [GC pause (G1 Evacuation Pause) (young)
Desired survivor size 262144000 bytes, new threshold 15 (max 15)
- age   1:    9907008 bytes,    9907008 total
- age   2:    1218544 bytes,   11125552 total
- age   3:    1222424 bytes,   12347976 total
- age   4:    1611856 bytes,   13959832 total
- age   5:    1156824 bytes,   15116656 total
- age   6:    1133896 bytes,   16250552 total
- age   7:    1194304 bytes,   17444856 total
- age   8:    1132392 bytes,   18577248 total
- age   9:    1195816 bytes,   19773064 total
- age  10:    1199688 bytes,   20972752 total
- age  11:    1179096 bytes,   22151848 total
- age  12:     827240 bytes,   22979088 total
- age  13:       9936 bytes,   22989024 total
- age  14:     924776 bytes,   23913800 total
- age  15:      12792 bytes,   23926592 total
, 0.0287710 secs]
   [Parallel Time: 12.1 ms, GC Workers: 30]
      [GC Worker Start (ms): Min: 312040.7, Avg: 312041.2, Max: 312041.7, Diff: 1.0]
      [Ext Root Scanning (ms): Min: 0.0, Avg: 0.5, Max: 1.3, Diff: 1.3, Sum: 14.0]
      [Update RS (ms): Min: 2.1, Avg: 2.6, Max: 3.3, Diff: 1.2, Sum: 78.7]
         [Processed Buffers: Min: 2, Avg: 3.8, Max: 16, Diff: 14, Sum: 115]
      [Scan RS (ms): Min: 0.0, Avg: 0.2, Max: 0.5, Diff: 0.5, Sum: 5.8]
      [Code Root Scanning (ms): Min: 0.0, Avg: 0.0, Max: 0.0, Diff: 0.0, Sum: 0.1]
      [Object Copy (ms): Min: 7.3, Avg: 7.8, Max: 8.0, Diff: 0.7, Sum: 234.3]
      [Termination (ms): Min: 0.0, Avg: 0.0, Max: 0.0, Diff: 0.0, Sum: 0.4]
         [Termination Attempts: Min: 1, Avg: 1.0, Max: 1, Diff: 0, Sum: 30]
      [GC Worker Other (ms): Min: 0.0, Avg: 0.2, Max: 0.3, Diff: 0.3, Sum: 4.9]
      [GC Worker Total (ms): Min: 10.7, Avg: 11.3, Max: 12.0, Diff: 1.3, Sum: 338.2]
      [GC Worker End (ms): Min: 312052.3, Avg: 312052.5, Max: 312052.6, Diff: 0.3]
   [Code Root Fixup: 0.0 ms]
   [Code Root Purge: 0.0 ms]
   [Clear CT: 1.9 ms]
   [Other: 14.7 ms]
      [Choose CSet: 0.0 ms]
      [Ref Proc: 9.2 ms]
      [Ref Enq: 1.3 ms]
      [Redirty Cards: 2.4 ms]
      [Humongous Register: 0.3 ms]
      [Humongous Reclaim: 0.1 ms]
      [Free CSet: 1.2 ms]
   [Eden: 3936.0M(3936.0M)->0.0B(3944.0M) Survivors: 40.0M->36.0M Heap: 7024.7M(8192.0M)->3083.8M(8192.0M)]
 [Times: user=0.36 sys=0.00, real=0.03 secs]
2018-04-30T04:32:29.733+0200: 312.069: Total time for which application threads were stopped: 0.0299374 seconds, Stopping threads took: 0.0002708 seconds
2018-04-30T04:32:30.178+0200: 312.514: Application time: 0.4447198 seconds
2018-04-30T04:32:30.179+0200: 312.515: [GC pause (G1 Evacuation Pause) (young)
Desired survivor size 262144000 bytes, new threshold 15 (max 15)
- age   1:   12310984 bytes,   12310984 total
- age   2:    1301560 bytes,   13612544 total
- age   3:    1214952 bytes,   14827496 total
- age   4:    1221208 bytes,   16048704 total
- age   5:    1611088 bytes,   17659792 total
- age   6:    1156120 bytes,   18815912 total
- age   7:    1132616 bytes,   19948528 total
- age   8:    1193728 bytes,   21142256 total
- age   9:    1132136 bytes,   22274392 total
- age  10:    1195304 bytes,   23469696 total
- age  11:    1199432 bytes,   24669128 total
- age  12:     814288 bytes,   25483416 total
- age  13:       6560 bytes,   25489976 total
- age  14:       9936 bytes,   25499912 total
- age  15:     924328 bytes,   26424240 total
, 0.0274900 secs]
   [Parallel Time: 11.7 ms, GC Workers: 30]
      [GC Worker Start (ms): Min: 312515.3, Avg: 312515.8, Max: 312516.2, Diff: 0.9]
      [Ext Root Scanning (ms): Min: 0.1, Avg: 0.5, Max: 1.3, Diff: 1.2, Sum: 14.7]
      [Update RS (ms): Min: 2.1, Avg: 2.4, Max: 3.0, Diff: 1.0, Sum: 73.0]
         [Processed Buffers: Min: 2, Avg: 4.0, Max: 16, Diff: 14, Sum: 119]
      [Scan RS (ms): Min: 0.0, Avg: 0.2, Max: 0.4, Diff: 0.4, Sum: 6.1]
      [Code Root Scanning (ms): Min: 0.0, Avg: 0.0, Max: 0.0, Diff: 0.0, Sum: 0.1]
      [Object Copy (ms): Min: 7.1, Avg: 7.6, Max: 7.7, Diff: 0.6, Sum: 226.6]
      [Termination (ms): Min: 0.0, Avg: 0.0, Max: 0.0, Diff: 0.0, Sum: 0.2]
         [Termination Attempts: Min: 1, Avg: 1.0, Max: 1, Diff: 0, Sum: 30]
      [GC Worker Other (ms): Min: 0.0, Avg: 0.2, Max: 0.3, Diff: 0.3, Sum: 4.9]
      [GC Worker Total (ms): Min: 10.4, Avg: 10.9, Max: 11.5, Diff: 1.1, Sum: 325.6]
      [GC Worker End (ms): Min: 312526.5, Avg: 312526.7, Max: 312526.9, Diff: 0.3]
   [Code Root Fixup: 0.0 ms]
   [Code Root Purge: 0.0 ms]
   [Clear CT: 2.1 ms]
   [Other: 13.8 ms]
      [Choose CSet: 0.0 ms]
      [Ref Proc: 8.5 ms]
      [Ref Enq: 1.2 ms]
      [Redirty Cards: 2.2 ms]
      [Humongous Register: 0.3 ms]
      [Humongous Reclaim: 0.1 ms]
      [Free CSet: 1.2 ms]
   [Eden: 3944.0M(3944.0M)->0.0B(3928.0M) Survivors: 36.0M->44.0M Heap: 7027.8M(8192.0M)->3093.6M(8192.0M)]
 [Times: user=0.34 sys=0.00, real=0.03 secs]
2018-04-30T04:32:30.206+0200: 312.543: Total time for which application threads were stopped: 0.0287252 seconds, Stopping threads took: 0.0003645 seconds
2018-04-30T04:32:30.629+0200: 312.966: Application time: 0.4229776 seconds
2018-04-30T04:32:30.630+0200: 312.967: [GC pause (G1 Evacuation Pause) (young)
Desired survivor size 262144000 bytes, new threshold 15 (max 15)
- age   1:   12283448 bytes,   12283448 total
- age   2:    1207976 bytes,   13491424 total
- age   3:    1296184 bytes,   14787608 total
- age   4:    1212904 bytes,   16000512 total
- age   5:    1220440 bytes,   17220952 total
- age   6:    1610384 bytes,   18831336 total
- age   7:    1155352 bytes,   19986688 total
- age   8:    1132360 bytes,   21119048 total
- age   9:    1193472 bytes,   22312520 total
- age  10:    1132008 bytes,   23444528 total
- age  11:    1194536 bytes,   24639064 total
- age  12:     890376 bytes,   25529440 total
- age  13:       8424 bytes,   25537864 total
- age  14:       6496 bytes,   25544360 total
- age  15:       9872 bytes,   25554232 total
, 0.0296170 secs]
   [Parallel Time: 12.2 ms, GC Workers: 30]
      [GC Worker Start (ms): Min: 312967.1, Avg: 312967.5, Max: 312967.9, Diff: 0.8]
      [Ext Root Scanning (ms): Min: 0.2, Avg: 0.5, Max: 1.3, Diff: 1.2, Sum: 16.3]
      [Update RS (ms): Min: 2.0, Avg: 2.5, Max: 3.2, Diff: 1.2, Sum: 76.5]
         [Processed Buffers: Min: 2, Avg: 3.9, Max: 16, Diff: 14, Sum: 117]
      [Scan RS (ms): Min: 0.0, Avg: 0.2, Max: 0.5, Diff: 0.5, Sum: 6.0]
      [Code Root Scanning (ms): Min: 0.0, Avg: 0.0, Max: 0.0, Diff: 0.0, Sum: 0.1]
      [Object Copy (ms): Min: 7.4, Avg: 7.9, Max: 8.0, Diff: 0.7, Sum: 235.8]
      [Termination (ms): Min: 0.0, Avg: 0.0, Max: 0.0, Diff: 0.0, Sum: 0.3]
         [Termination Attempts: Min: 1, Avg: 1.0, Max: 1, Diff: 0, Sum: 30]
      [GC Worker Other (ms): Min: 0.0, Avg: 0.2, Max: 0.4, Diff: 0.4, Sum: 5.3]
      [GC Worker Total (ms): Min: 10.8, Avg: 11.3, Max: 11.8, Diff: 0.9, Sum: 340.1]
      [GC Worker End (ms): Min: 312978.7, Avg: 312978.9, Max: 312979.1, Diff: 0.3]
   [Code Root Fixup: 0.0 ms]
   [Code Root Purge: 0.0 ms]
   [Clear CT: 2.3 ms]
   [Other: 15.1 ms]
      [Choose CSet: 0.0 ms]
      [Ref Proc: 8.8 ms]
      [Ref Enq: 1.6 ms]
      [Redirty Cards: 2.4 ms]
      [Humongous Register: 0.3 ms]
      [Humongous Reclaim: 0.1 ms]
      [Free CSet: 1.6 ms]
   [Eden: 3928.0M(3928.0M)->0.0B(3928.0M) Survivors: 44.0M->44.0M Heap: 7021.6M(8192.0M)->3091.2M(8192.0M)]
 [Times: user=0.36 sys=0.01, real=0.03 secs]
2018-04-30T04:32:30.660+0200: 312.997: Total time for which application threads were stopped: 0.0309170 seconds, Stopping threads took: 0.0004240 seconds
2018-04-30T04:32:31.082+0200: 313.419: Application time: 0.4222964 seconds
2018-04-30T04:32:31.083+0200: 313.420: [GC pause (G1 Evacuation Pause) (young)
Desired survivor size 262144000 bytes, new threshold 15 (max 15)
- age   1:   12547104 bytes,   12547104 total
- age   2:    1130072 bytes,   13677176 total
- age   3:    1194808 bytes,   14871984 total
- age   4:    1146464 bytes,   16018448 total
- age   5:    1212040 bytes,   17230488 total
- age   6:    1220056 bytes,   18450544 total
- age   7:    1609680 bytes,   20060224 total
- age   8:    1155032 bytes,   21215256 total
- age   9:    1132104 bytes,   22347360 total
- age  10:    1193408 bytes,   23540768 total
- age  11:    1132008 bytes,   24672776 total
- age  12:     917376 bytes,   25590152 total
- age  13:       7944 bytes,   25598096 total
- age  14:       8024 bytes,   25606120 total
- age  15:       6496 bytes,   25612616 total
, 0.0302179 secs]
   [Parallel Time: 12.4 ms, GC Workers: 30]
      [GC Worker Start (ms): Min: 313420.3, Avg: 313420.9, Max: 313421.4, Diff: 1.0]
      [Ext Root Scanning (ms): Min: 0.0, Avg: 0.5, Max: 1.3, Diff: 1.3, Sum: 14.7]
      [Update RS (ms): Min: 2.2, Avg: 2.7, Max: 3.1, Diff: 1.0, Sum: 80.3]
         [Processed Buffers: Min: 2, Avg: 4.1, Max: 13, Diff: 11, Sum: 123]
      [Scan RS (ms): Min: 0.0, Avg: 0.2, Max: 0.6, Diff: 0.6, Sum: 6.3]
      [Code Root Scanning (ms): Min: 0.0, Avg: 0.0, Max: 0.0, Diff: 0.0, Sum: 0.1]
      [Object Copy (ms): Min: 7.7, Avg: 8.0, Max: 8.1, Diff: 0.4, Sum: 240.1]
      [Termination (ms): Min: 0.0, Avg: 0.0, Max: 0.0, Diff: 0.0, Sum: 0.3]
         [Termination Attempts: Min: 1, Avg: 1.0, Max: 1, Diff: 0, Sum: 30]
      [GC Worker Other (ms): Min: 0.0, Avg: 0.2, Max: 0.3, Diff: 0.3, Sum: 5.1]
      [GC Worker Total (ms): Min: 11.0, Avg: 11.6, Max: 12.2, Diff: 1.2, Sum: 346.9]
      [GC Worker End (ms): Min: 313432.3, Avg: 313432.5, Max: 313432.6, Diff: 0.3]
   [Code Root Fixup: 0.0 ms]
   [Code Root Purge: 0.0 ms]
   [Clear CT: 2.0 ms]
   [Other: 15.8 ms]
      [Choose CSet: 0.0 ms]
      [Ref Proc: 9.7 ms]
      [Ref Enq: 1.5 ms]
      [Redirty Cards: 2.4 ms]
      [Humongous Register: 0.3 ms]
      [Humongous Reclaim: 0.1 ms]
      [Free CSet: 1.4 ms]
   [Eden: 3928.0M(3928.0M)->0.0B(3928.0M) Survivors: 44.0M->44.0M Heap: 7019.2M(8192.0M)->3092.0M(8192.0M)]
 [Times: user=0.38 sys=0.00, real=0.03 secs]
2018-04-30T04:32:31.114+0200: 313.450: Total time for which application threads were stopped: 0.0315056 seconds, Stopping threads took: 0.0003546 seconds
2018-04-30T04:32:31.540+0200: 313.877: Application time: 0.4264756 seconds
2018-04-30T04:32:31.542+0200: 313.878: [GC pause (G1 Evacuation Pause) (young)
Desired survivor size 262144000 bytes, new threshold 15 (max 15)
- age   1:   12787336 bytes,   12787336 total
- age   2:    1436056 bytes,   14223392 total
- age   3:    1125720 bytes,   15349112 total
- age   4:    1192872 bytes,   16541984 total
- age   5:    1144832 bytes,   17686816 total
- age   6:    1211272 bytes,   18898088 total
- age   7:    1219800 bytes,   20117888 total
- age   8:    1609424 bytes,   21727312 total
- age   9:    1154840 bytes,   22882152 total
- age  10:    1132040 bytes,   24014192 total
- age  11:    1193344 bytes,   25207536 total
- age  12:     835328 bytes,   26042864 total
- age  13:      13464 bytes,   26056328 total
- age  14:       7224 bytes,   26063552 total
- age  15:       7896 bytes,   26071448 total
, 0.0320754 secs]
   [Parallel Time: 12.8 ms, GC Workers: 30]
      [GC Worker Start (ms): Min: 313878.3, Avg: 313878.9, Max: 313879.3, Diff: 1.0]
      [Ext Root Scanning (ms): Min: 0.1, Avg: 0.5, Max: 1.3, Diff: 1.2, Sum: 13.9]
      [Update RS (ms): Min: 2.1, Avg: 2.6, Max: 3.3, Diff: 1.2, Sum: 76.6]
         [Processed Buffers: Min: 2, Avg: 3.7, Max: 8, Diff: 6, Sum: 112]
      [Scan RS (ms): Min: 0.0, Avg: 0.2, Max: 0.5, Diff: 0.4, Sum: 6.1]
      [Code Root Scanning (ms): Min: 0.0, Avg: 0.0, Max: 0.0, Diff: 0.0, Sum: 0.1]
      [Object Copy (ms): Min: 7.8, Avg: 8.4, Max: 8.6, Diff: 0.8, Sum: 250.9]
      [Termination (ms): Min: 0.0, Avg: 0.0, Max: 0.0, Diff: 0.0, Sum: 0.4]
         [Termination Attempts: Min: 1, Avg: 1.0, Max: 1, Diff: 0, Sum: 30]
      [GC Worker Other (ms): Min: 0.0, Avg: 0.2, Max: 0.3, Diff: 0.3, Sum: 5.3]
      [GC Worker Total (ms): Min: 11.3, Avg: 11.8, Max: 12.4, Diff: 1.0, Sum: 353.2]
      [GC Worker End (ms): Min: 313890.5, Avg: 313890.7, Max: 313890.8, Diff: 0.3]
   [Code Root Fixup: 0.0 ms]
   [Code Root Purge: 0.0 ms]
   [Clear CT: 2.6 ms]
   [Other: 16.6 ms]
      [Choose CSet: 0.0 ms]
      [Ref Proc: 10.8 ms]
      [Ref Enq: 1.4 ms]
      [Redirty Cards: 2.5 ms]
      [Humongous Register: 0.3 ms]
      [Humongous Reclaim: 0.1 ms]
      [Free CSet: 1.3 ms]
   [Eden: 3928.0M(3928.0M)->0.0B(3928.0M) Survivors: 44.0M->44.0M Heap: 7020.0M(8192.0M)->3092.1M(8192.0M)]
 [Times: user=0.37 sys=0.01, real=0.04 secs]
2018-04-30T04:32:31.574+0200: 313.910: Total time for which application threads were stopped: 0.0333974 seconds, Stopping threads took: 0.0004104 seconds
2018-04-30T04:32:32.011+0200: 314.347: Application time: 0.4369044 seconds
2018-04-30T04:32:32.012+0200: 314.349: [GC pause (G1 Evacuation Pause) (young)
Desired survivor size 262144000 bytes, new threshold 15 (max 15)
- age   1:   13896072 bytes,   13896072 total
- age   2:    1237768 bytes,   15133840 total
- age   3:    1432280 bytes,   16566120 total
- age   4:    1123352 bytes,   17689472 total
- age   5:    1191688 bytes,   18881160 total
- age   6:    1143296 bytes,   20024456 total
- age   7:    1210376 bytes,   21234832 total
- age   8:    1219672 bytes,   22454504 total
- age   9:    1608912 bytes,   24063416 total
- age  10:    1154520 bytes,   25217936 total
- age  11:    1131592 bytes,   26349528 total
- age  12:     854784 bytes,   27204312 total
- age  13:      11520 bytes,   27215832 total
- age  14:      13336 bytes,   27229168 total
- age  15:       7224 bytes,   27236392 total
, 0.0300102 secs]
   [Parallel Time: 12.1 ms, GC Workers: 30]
      [GC Worker Start (ms): Min: 314349.1, Avg: 314349.7, Max: 314350.2, Diff: 1.0]
      [Ext Root Scanning (ms): Min: 0.0, Avg: 0.4, Max: 1.3, Diff: 1.3, Sum: 13.4]
      [Update RS (ms): Min: 1.9, Avg: 2.5, Max: 3.0, Diff: 1.1, Sum: 74.1]
         [Processed Buffers: Min: 2, Avg: 4.0, Max: 19, Diff: 17, Sum: 120]
      [Scan RS (ms): Min: 0.0, Avg: 0.2, Max: 0.6, Diff: 0.5, Sum: 5.5]
      [Code Root Scanning (ms): Min: 0.0, Avg: 0.0, Max: 0.0, Diff: 0.0, Sum: 0.1]
      [Object Copy (ms): Min: 7.6, Avg: 8.0, Max: 8.2, Diff: 0.6, Sum: 239.8]
      [Termination (ms): Min: 0.0, Avg: 0.0, Max: 0.0, Diff: 0.0, Sum: 0.2]
         [Termination Attempts: Min: 1, Avg: 1.0, Max: 1, Diff: 0, Sum: 30]
      [GC Worker Other (ms): Min: 0.0, Avg: 0.2, Max: 0.3, Diff: 0.3, Sum: 4.7]
      [GC Worker Total (ms): Min: 10.7, Avg: 11.3, Max: 11.8, Diff: 1.0, Sum: 337.8]
      [GC Worker End (ms): Min: 314360.8, Avg: 314361.0, Max: 314361.1, Diff: 0.3]
   [Code Root Fixup: 0.0 ms]
   [Code Root Purge: 0.0 ms]
   [Clear CT: 2.0 ms]
   [Other: 15.9 ms]
      [Choose CSet: 0.0 ms]
      [Ref Proc: 9.6 ms]
      [Ref Enq: 1.6 ms]
      [Redirty Cards: 2.6 ms]
      [Humongous Register: 0.3 ms]
      [Humongous Reclaim: 0.1 ms]
      [Free CSet: 1.5 ms]
   [Eden: 3928.0M(3928.0M)->0.0B(3928.0M) Survivors: 44.0M->44.0M Heap: 7020.1M(8192.0M)->3091.3M(8192.0M)]
 [Times: user=0.36 sys=0.00, real=0.02 secs]
2018-04-30T04:32:32.043+0200: 314.379: Total time for which application threads were stopped: 0.0318549 seconds, Stopping threads took: 0.0008896 seconds
2018-04-30T04:32:32.463+0200: 314.800: Application time: 0.4206183 seconds
2018-04-30T04:32:32.464+0200: 314.801: [GC pause (G1 Evacuation Pause) (young)
Desired survivor size 262144000 bytes, new threshold 15 (max 15)
- age   1:   13976912 bytes,   13976912 total
- age   2:    1318336 bytes,   15295248 total
- age   3:    1233864 bytes,   16529112 total
- age   4:    1430744 bytes,   17959856 total
- age   5:    1122264 bytes,   19082120 total
- age   6:    1191176 bytes,   20273296 total
- age   7:    1142400 bytes,   21415696 total
- age   8:    1210120 bytes,   22625816 total
- age   9:    1219608 bytes,   23845424 total
- age  10:    1608848 bytes,   25454272 total
- age  11:    1154328 bytes,   26608600 total
- age  12:     867832 bytes,   27476432 total
- age  13:       6896 bytes,   27483328 total
- age  14:      11520 bytes,   27494848 total
- age  15:      13272 bytes,   27508120 total
, 0.0298886 secs]
   [Parallel Time: 13.7 ms, GC Workers: 30]
      [GC Worker Start (ms): Min: 314801.2, Avg: 314801.7, Max: 314802.1, Diff: 0.8]
      [Ext Root Scanning (ms): Min: 0.1, Avg: 0.5, Max: 1.4, Diff: 1.3, Sum: 14.9]
      [Update RS (ms): Min: 2.0, Avg: 2.5, Max: 3.0, Diff: 1.1, Sum: 74.6]
         [Processed Buffers: Min: 2, Avg: 4.1, Max: 18, Diff: 16, Sum: 122]
      [Scan RS (ms): Min: 0.0, Avg: 0.2, Max: 0.5, Diff: 0.5, Sum: 5.3]
      [Code Root Scanning (ms): Min: 0.0, Avg: 0.0, Max: 0.0, Diff: 0.0, Sum: 0.1]
      [Object Copy (ms): Min: 9.3, Avg: 9.7, Max: 9.9, Diff: 0.6, Sum: 290.2]
      [Termination (ms): Min: 0.0, Avg: 0.0, Max: 0.0, Diff: 0.0, Sum: 0.2]
         [Termination Attempts: Min: 1, Avg: 1.0, Max: 1, Diff: 0, Sum: 30]
      [GC Worker Other (ms): Min: 0.0, Avg: 0.2, Max: 0.4, Diff: 0.3, Sum: 5.7]
      [GC Worker Total (ms): Min: 12.6, Avg: 13.0, Max: 13.5, Diff: 0.8, Sum: 390.9]
      [GC Worker End (ms): Min: 314814.5, Avg: 314814.7, Max: 314814.9, Diff: 0.3]
   [Code Root Fixup: 0.0 ms]
   [Code Root Purge: 0.0 ms]
   [Clear CT: 2.1 ms]
   [Other: 14.1 ms]
      [Choose CSet: 0.0 ms]
      [Ref Proc: 8.8 ms]
      [Ref Enq: 1.2 ms]
      [Redirty Cards: 2.2 ms]
      [Humongous Register: 0.3 ms]
      [Humongous Reclaim: 0.1 ms]
      [Free CSet: 1.2 ms]
   [Eden: 3928.0M(3928.0M)->0.0B(3920.0M) Survivors: 44.0M->48.0M Heap: 7019.3M(8192.0M)->3095.3M(8192.0M)]
 [Times: user=0.42 sys=0.00, real=0.03 secs]
2018-04-30T04:32:32.495+0200: 314.831: Total time for which application threads were stopped: 0.0313264 seconds, Stopping threads took: 0.0005362 seconds
2018-04-30T04:32:32.936+0200: 315.272: Application time: 0.4412363 seconds
2018-04-30T04:32:32.937+0200: 315.273: [GC pause (G1 Evacuation Pause) (young)
Desired survivor size 260046848 bytes, new threshold 15 (max 15)
- age   1:   16879792 bytes,   16879792 total
- age   2:    1147656 bytes,   18027448 total
- age   3:    1313336 bytes,   19340784 total
- age   4:    1232072 bytes,   20572856 total
- age   5:    1430168 bytes,   22003024 total
- age   6:    1121784 bytes,   23124808 total
- age   7:    1190920 bytes,   24315728 total
- age   8:    1142144 bytes,   25457872 total
- age   9:    1209672 bytes,   26667544 total
- age  10:    1219416 bytes,   27886960 total
- age  11:    1608720 bytes,   29495680 total
- age  12:     892872 bytes,   30388552 total
- age  13:       9408 bytes,   30397960 total
- age  14:       6704 bytes,   30404664 total
- age  15:      11392 bytes,   30416056 total
, 0.0292214 secs]
   [Parallel Time: 11.7 ms, GC Workers: 30]
      [GC Worker Start (ms): Min: 315273.8, Avg: 315274.3, Max: 315274.7, Diff: 0.9]
      [Ext Root Scanning (ms): Min: 0.1, Avg: 0.5, Max: 1.3, Diff: 1.2, Sum: 15.6]
      [Update RS (ms): Min: 1.8, Avg: 2.4, Max: 3.0, Diff: 1.3, Sum: 73.2]
         [Processed Buffers: Min: 2, Avg: 3.8, Max: 17, Diff: 15, Sum: 115]
      [Scan RS (ms): Min: 0.0, Avg: 0.2, Max: 0.5, Diff: 0.4, Sum: 5.4]
      [Code Root Scanning (ms): Min: 0.0, Avg: 0.0, Max: 0.0, Diff: 0.0, Sum: 0.1]
      [Object Copy (ms): Min: 7.1, Avg: 7.6, Max: 7.8, Diff: 0.6, Sum: 226.9]
      [Termination (ms): Min: 0.0, Avg: 0.0, Max: 0.0, Diff: 0.0, Sum: 0.2]
         [Termination Attempts: Min: 1, Avg: 1.0, Max: 1, Diff: 0, Sum: 30]
      [GC Worker Other (ms): Min: 0.0, Avg: 0.1, Max: 0.3, Diff: 0.3, Sum: 4.5]
      [GC Worker Total (ms): Min: 10.5, Avg: 10.9, Max: 11.4, Diff: 0.9, Sum: 325.9]
      [GC Worker End (ms): Min: 315285.0, Avg: 315285.1, Max: 315285.3, Diff: 0.3]
   [Code Root Fixup: 0.0 ms]
   [Code Root Purge: 0.0 ms]
   [Clear CT: 2.0 ms]
   [Other: 15.5 ms]
      [Choose CSet: 0.0 ms]
      [Ref Proc: 9.2 ms]
      [Ref Enq: 1.5 ms]
      [Redirty Cards: 2.6 ms]
      [Humongous Register: 0.3 ms]
      [Humongous Reclaim: 0.1 ms]
      [Free CSet: 1.5 ms]
   [Eden: 3920.0M(3920.0M)->0.0B(3928.0M) Survivors: 48.0M->44.0M Heap: 7015.3M(8192.0M)->3091.4M(8192.0M)]
 [Times: user=0.35 sys=0.00, real=0.03 secs]
2018-04-30T04:32:32.967+0200: 315.303: Total time for which application threads were stopped: 0.0306894 seconds, Stopping threads took: 0.0004922 seconds
2018-04-30T04:32:33.404+0200: 315.740: Application time: 0.4375687 seconds
2018-04-30T04:32:33.405+0200: 315.741: [GC pause (G1 Evacuation Pause) (young)
Desired survivor size 262144000 bytes, new threshold 15 (max 15)
- age   1:   13780536 bytes,   13780536 total
- age   2:    1137352 bytes,   14917888 total
- age   3:    1124512 bytes,   16042400 total
- age   4:    1174224 bytes,   17216624 total
- age   5:    1223672 bytes,   18440296 total
- age   6:    1168104 bytes,   19608400 total
- age   7:    1119336 bytes,   20727736 total
- age   8:    1190344 bytes,   21918080 total
- age   9:    1140800 bytes,   23058880 total
- age  10:    1207432 bytes,   24266312 total
- age  11:    1199928 bytes,   25466240 total
- age  12:     962616 bytes,   26428856 total
- age  13:       7512 bytes,   26436368 total
- age  14:       9344 bytes,   26445712 total
- age  15:       6704 bytes,   26452416 total
, 0.0282970 secs]
   [Parallel Time: 11.1 ms, GC Workers: 30]
      [GC Worker Start (ms): Min: 315741.9, Avg: 315742.3, Max: 315742.7, Diff: 0.9]
      [Ext Root Scanning (ms): Min: 0.0, Avg: 0.5, Max: 1.3, Diff: 1.3, Sum: 14.2]
      [Update RS (ms): Min: 2.0, Avg: 2.5, Max: 3.1, Diff: 1.1, Sum: 75.5]
         [Processed Buffers: Min: 2, Avg: 3.9, Max: 19, Diff: 17, Sum: 118]
      [Scan RS (ms): Min: 0.0, Avg: 0.2, Max: 0.5, Diff: 0.5, Sum: 5.6]
      [Code Root Scanning (ms): Min: 0.0, Avg: 0.0, Max: 0.0, Diff: 0.0, Sum: 0.1]
      [Object Copy (ms): Min: 6.7, Avg: 7.1, Max: 7.3, Diff: 0.6, Sum: 213.6]
      [Termination (ms): Min: 0.0, Avg: 0.0, Max: 0.0, Diff: 0.0, Sum: 0.2]
         [Termination Attempts: Min: 1, Avg: 1.0, Max: 1, Diff: 0, Sum: 30]
      [GC Worker Other (ms): Min: 0.0, Avg: 0.2, Max: 0.3, Diff: 0.3, Sum: 4.6]
      [GC Worker Total (ms): Min: 9.9, Avg: 10.5, Max: 11.0, Diff: 1.1, Sum: 313.8]
      [GC Worker End (ms): Min: 315752.6, Avg: 315752.7, Max: 315752.9, Diff: 0.3]
   [Code Root Fixup: 0.0 ms]
   [Code Root Purge: 0.0 ms]
   [Clear CT: 3.0 ms]
   [Other: 14.2 ms]
      [Choose CSet: 0.0 ms]
      [Ref Proc: 8.1 ms]
      [Ref Enq: 1.3 ms]
      [Redirty Cards: 3.0 ms]
      [Humongous Register: 0.3 ms]
      [Humongous Reclaim: 0.1 ms]
      [Free CSet: 1.2 ms]
   [Eden: 3928.0M(3928.0M)->0.0B(3928.0M) Survivors: 44.0M->44.0M Heap: 7019.4M(8192.0M)->3091.4M(8192.0M)]
 [Times: user=0.34 sys=0.00, real=0.03 secs]
2018-04-30T04:32:33.434+0200: 315.770: Total time for which application threads were stopped: 0.0295457 seconds, Stopping threads took: 0.0003259 seconds
2018-04-30T04:32:33.853+0200: 316.189: Application time: 0.4194061 seconds
2018-04-30T04:32:33.854+0200: 316.190: [GC pause (G1 Evacuation Pause) (young)
Desired survivor size 262144000 bytes, new threshold 15 (max 15)
- age   1:   13579400 bytes,   13579400 total
- age   2:    1089416 bytes,   14668816 total
- age   3:    1131384 bytes,   15800200 total
- age   4:    1120832 bytes,   16921032 total
- age   5:    1171280 bytes,   18092312 total
- age   6:    1221328 bytes,   19313640 total
- age   7:    1164520 bytes,   20478160 total
- age   8:    1118760 bytes,   21596920 total
- age   9:    1189896 bytes,   22786816 total
- age  10:    1139968 bytes,   23926784 total
- age  11:    1207240 bytes,   25134024 total
- age  12:    1058808 bytes,   26192832 total
- age  13:       7288 bytes,   26200120 total
- age  14:       7448 bytes,   26207568 total
- age  15:       9344 bytes,   26216912 total
, 0.0299737 secs]
   [Parallel Time: 12.2 ms, GC Workers: 30]
      [GC Worker Start (ms): Min: 316190.9, Avg: 316191.3, Max: 316191.7, Diff: 0.8]
      [Ext Root Scanning (ms): Min: 0.1, Avg: 0.5, Max: 1.3, Diff: 1.1, Sum: 15.7]
      [Update RS (ms): Min: 2.0, Avg: 2.5, Max: 3.0, Diff: 1.0, Sum: 74.8]
         [Processed Buffers: Min: 2, Avg: 3.8, Max: 9, Diff: 7, Sum: 115]
      [Scan RS (ms): Min: 0.0, Avg: 0.2, Max: 0.6, Diff: 0.5, Sum: 5.8]
      [Code Root Scanning (ms): Min: 0.0, Avg: 0.0, Max: 0.0, Diff: 0.0, Sum: 0.1]
      [Object Copy (ms): Min: 7.7, Avg: 8.0, Max: 8.2, Diff: 0.5, Sum: 240.5]
      [Termination (ms): Min: 0.0, Avg: 0.0, Max: 0.0, Diff: 0.0, Sum: 0.3]
         [Termination Attempts: Min: 1, Avg: 1.0, Max: 1, Diff: 0, Sum: 30]
      [GC Worker Other (ms): Min: 0.0, Avg: 0.1, Max: 0.3, Diff: 0.3, Sum: 4.5]
      [GC Worker Total (ms): Min: 11.0, Avg: 11.4, Max: 11.9, Diff: 0.9, Sum: 341.7]
      [GC Worker End (ms): Min: 316202.6, Avg: 316202.7, Max: 316202.9, Diff: 0.3]
   [Code Root Fixup: 0.0 ms]
   [Code Root Purge: 0.0 ms]
   [Clear CT: 2.7 ms]
   [Other: 15.1 ms]
      [Choose CSet: 0.0 ms]
      [Ref Proc: 9.1 ms]
      [Ref Enq: 1.2 ms]
      [Redirty Cards: 2.9 ms]
      [Humongous Register: 0.3 ms]
      [Humongous Reclaim: 0.1 ms]
      [Free CSet: 1.3 ms]
   [Eden: 3928.0M(3928.0M)->0.0B(3928.0M) Survivors: 44.0M->44.0M Heap: 7019.4M(8192.0M)->3093.1M(8192.0M)]
 [Times: user=0.37 sys=0.00, real=0.03 secs]
2018-04-30T04:32:33.884+0200: 316.221: Total time for which application threads were stopped: 0.0312799 seconds, Stopping threads took: 0.0004268 seconds
2018-04-30T04:32:34.344+0200: 316.680: Application time: 0.4594607 seconds
2018-04-30T04:32:34.345+0200: 316.681: [GC pause (G1 Evacuation Pause) (young)
Desired survivor size 262144000 bytes, new threshold 15 (max 15)
- age   1:   12230104 bytes,   12230104 total
- age   2:    4573280 bytes,   16803384 total
- age   3:    1083608 bytes,   17886992 total
- age   4:    1130488 bytes,   19017480 total
- age   5:    1120448 bytes,   20137928 total
- age   6:    1170768 bytes,   21308696 total
- age   7:    1221072 bytes,   22529768 total
- age   8:    1164200 bytes,   23693968 total
- age   9:    1118568 bytes,   24812536 total
- age  10:    1189832 bytes,   26002368 total
- age  11:    1139840 bytes,   27142208 total
- age  12:    1115688 bytes,   28257896 total
- age  13:       9208 bytes,   28267104 total
- age  14:       7160 bytes,   28274264 total
- age  15:       7384 bytes,   28281648 total
, 0.0289554 secs]
   [Parallel Time: 11.5 ms, GC Workers: 30]
      [GC Worker Start (ms): Min: 316681.7, Avg: 316682.1, Max: 316682.5, Diff: 0.9]
      [Ext Root Scanning (ms): Min: 0.1, Avg: 0.5, Max: 1.3, Diff: 1.2, Sum: 15.1]
      [Update RS (ms): Min: 2.0, Avg: 2.4, Max: 3.0, Diff: 1.0, Sum: 72.2]
         [Processed Buffers: Min: 2, Avg: 3.9, Max: 12, Diff: 10, Sum: 116]
      [Scan RS (ms): Min: 0.0, Avg: 0.2, Max: 0.4, Diff: 0.4, Sum: 5.7]
      [Code Root Scanning (ms): Min: 0.0, Avg: 0.0, Max: 0.0, Diff: 0.0, Sum: 0.1]
      [Object Copy (ms): Min: 6.9, Avg: 7.4, Max: 7.6, Diff: 0.7, Sum: 221.0]
      [Termination (ms): Min: 0.0, Avg: 0.0, Max: 0.0, Diff: 0.0, Sum: 0.4]
         [Termination Attempts: Min: 1, Avg: 1.0, Max: 1, Diff: 0, Sum: 30]
      [GC Worker Other (ms): Min: 0.0, Avg: 0.2, Max: 0.3, Diff: 0.3, Sum: 4.9]
      [GC Worker Total (ms): Min: 10.1, Avg: 10.6, Max: 11.2, Diff: 1.0, Sum: 319.3]
      [GC Worker End (ms): Min: 316692.6, Avg: 316692.8, Max: 316692.9, Diff: 0.3]
   [Code Root Fixup: 0.0 ms]
   [Code Root Purge: 0.0 ms]
   [Clear CT: 2.1 ms]
   [Other: 15.3 ms]
      [Choose CSet: 0.0 ms]
      [Ref Proc: 9.2 ms]
      [Ref Enq: 1.4 ms]
      [Redirty Cards: 2.6 ms]
      [Humongous Register: 0.3 ms]
      [Humongous Reclaim: 0.1 ms]
      [Free CSet: 1.4 ms]
   [Eden: 3928.0M(3928.0M)->0.0B(3928.0M) Survivors: 44.0M->44.0M Heap: 7021.1M(8192.0M)->3093.2M(8192.0M)]
 [Times: user=0.34 sys=0.00, real=0.03 secs]
2018-04-30T04:32:34.374+0200: 316.710: Total time for which application threads were stopped: 0.0302798 seconds, Stopping threads took: 0.0003599 seconds
2018-04-30T04:32:34.813+0200: 317.149: Application time: 0.4390116 seconds
2018-04-30T04:32:34.814+0200: 317.150: [GC pause (G1 Evacuation Pause) (young)
Desired survivor size 262144000 bytes, new threshold 15 (max 15)
- age   1:   11432040 bytes,   11432040 total
- age   2:    1167720 bytes,   12599760 total
- age   3:    4567928 bytes,   17167688 total
- age   4:    1081656 bytes,   18249344 total
- age   5:    1129752 bytes,   19379096 total
- age   6:    1120192 bytes,   20499288 total
- age   7:    1170384 bytes,   21669672 total
- age   8:    1220816 bytes,   22890488 total
- age   9:    1163880 bytes,   24054368 total
- age  10:    1118248 bytes,   25172616 total
- age  11:    1189640 bytes,   26362256 total
- age  12:    1130816 bytes,   27493072 total
- age  13:       7704 bytes,   27500776 total
- age  14:       9208 bytes,   27509984 total
- age  15:       7160 bytes,   27517144 total
, 0.0302139 secs]
   [Parallel Time: 12.2 ms, GC Workers: 30]
      [GC Worker Start (ms): Min: 317151.0, Avg: 317151.5, Max: 317151.9, Diff: 0.9]
      [Ext Root Scanning (ms): Min: 0.1, Avg: 0.5, Max: 1.4, Diff: 1.3, Sum: 15.8]
      [Update RS (ms): Min: 2.0, Avg: 2.5, Max: 3.0, Diff: 1.0, Sum: 74.8]
         [Processed Buffers: Min: 2, Avg: 3.8, Max: 13, Diff: 11, Sum: 115]
      [Scan RS (ms): Min: 0.0, Avg: 0.2, Max: 0.5, Diff: 0.5, Sum: 5.5]
      [Code Root Scanning (ms): Min: 0.0, Avg: 0.0, Max: 0.0, Diff: 0.0, Sum: 0.1]
      [Object Copy (ms): Min: 7.5, Avg: 7.8, Max: 8.0, Diff: 0.5, Sum: 234.9]
      [Termination (ms): Min: 0.0, Avg: 0.0, Max: 0.0, Diff: 0.0, Sum: 0.2]
         [Termination Attempts: Min: 1, Avg: 1.0, Max: 1, Diff: 0, Sum: 30]
      [GC Worker Other (ms): Min: 0.0, Avg: 0.2, Max: 0.3, Diff: 0.3, Sum: 4.9]
      [GC Worker Total (ms): Min: 10.6, Avg: 11.2, Max: 11.7, Diff: 1.0, Sum: 336.2]
      [GC Worker End (ms): Min: 317162.5, Avg: 317162.7, Max: 317162.8, Diff: 0.3]
   [Code Root Fixup: 0.0 ms]
   [Code Root Purge: 0.0 ms]
   [Clear CT: 2.6 ms]
   [Other: 15.4 ms]
      [Choose CSet: 0.0 ms]
      [Ref Proc: 9.3 ms]
      [Ref Enq: 1.2 ms]
      [Redirty Cards: 2.8 ms]
      [Humongous Register: 0.3 ms]
      [Humongous Reclaim: 0.1 ms]
      [Free CSet: 1.4 ms]
   [Eden: 3928.0M(3928.0M)->0.0B(3928.0M) Survivors: 44.0M->44.0M Heap: 7021.2M(8192.0M)->3091.5M(8192.0M)]
 [Times: user=0.36 sys=0.00, real=0.03 secs]
2018-04-30T04:32:34.845+0200: 317.181: Total time for which application threads were stopped: 0.0315256 seconds, Stopping threads took: 0.0004198 seconds
2018-04-30T04:32:35.290+0200: 317.626: Application time: 0.4451988 seconds
2018-04-30T04:32:35.291+0200: 317.627: [GC pause (G1 Evacuation Pause) (young)
Desired survivor size 262144000 bytes, new threshold 15 (max 15)
- age   1:   12652760 bytes,   12652760 total
- age   2:    1277536 bytes,   13930296 total
- age   3:    1164144 bytes,   15094440 total
- age   4:    4566456 bytes,   19660896 total
- age   5:    1080440 bytes,   20741336 total
- age   6:    1129432 bytes,   21870768 total
- age   7:    1120128 bytes,   22990896 total
- age   8:    1170128 bytes,   24161024 total
- age   9:    1220496 bytes,   25381520 total
- age  10:    1163752 bytes,   26545272 total
- age  11:    1118184 bytes,   27663456 total
- age  12:    1169448 bytes,   28832904 total
- age  13:       5968 bytes,   28838872 total
- age  14:       7640 bytes,   28846512 total
- age  15:       9208 bytes,   28855720 total
, 0.0295083 secs]
   [Parallel Time: 12.2 ms, GC Workers: 30]
      [GC Worker Start (ms): Min: 317627.7, Avg: 317628.2, Max: 317628.6, Diff: 0.9]
      [Ext Root Scanning (ms): Min: 0.1, Avg: 0.5, Max: 1.3, Diff: 1.3, Sum: 15.8]
      [Update RS (ms): Min: 1.7, Avg: 2.4, Max: 3.0, Diff: 1.2, Sum: 72.2]
         [Processed Buffers: Min: 2, Avg: 4.0, Max: 15, Diff: 13, Sum: 119]
      [Scan RS (ms): Min: 0.0, Avg: 0.2, Max: 0.4, Diff: 0.4, Sum: 5.6]
      [Code Root Scanning (ms): Min: 0.0, Avg: 0.0, Max: 0.0, Diff: 0.0, Sum: 0.1]
      [Object Copy (ms): Min: 7.6, Avg: 7.9, Max: 8.1, Diff: 0.6, Sum: 238.4]
      [Termination (ms): Min: 0.0, Avg: 0.0, Max: 0.0, Diff: 0.0, Sum: 0.2]
         [Termination Attempts: Min: 1, Avg: 1.0, Max: 1, Diff: 0, Sum: 30]
      [GC Worker Other (ms): Min: 0.0, Avg: 0.2, Max: 0.4, Diff: 0.3, Sum: 5.3]
      [GC Worker Total (ms): Min: 10.7, Avg: 11.3, Max: 11.8, Diff: 1.1, Sum: 337.7]
      [GC Worker End (ms): Min: 317639.3, Avg: 317639.4, Max: 317639.6, Diff: 0.3]
   [Code Root Fixup: 0.0 ms]
   [Code Root Purge: 0.0 ms]
   [Clear CT: 2.8 ms]
   [Other: 14.6 ms]
      [Choose CSet: 0.0 ms]
      [Ref Proc: 9.3 ms]
      [Ref Enq: 1.2 ms]
      [Redirty Cards: 2.2 ms]
      [Humongous Register: 0.3 ms]
      [Humongous Reclaim: 0.1 ms]
      [Free CSet: 1.2 ms]
   [Eden: 3928.0M(3928.0M)->0.0B(3920.0M) Survivors: 44.0M->48.0M Heap: 7019.5M(8192.0M)->3096.4M(8192.0M)]
 [Times: user=0.36 sys=0.01, real=0.03 secs]
2018-04-30T04:32:35.321+0200: 317.657: Total time for which application threads were stopped: 0.0308746 seconds, Stopping threads took: 0.0004557 seconds
2018-04-30T04:32:35.752+0200: 318.088: Application time: 0.4314466 seconds
2018-04-30T04:32:35.753+0200: 318.089: [GC pause (G1 Evacuation Pause) (young)
Desired survivor size 260046848 bytes, new threshold 15 (max 15)
- age   1:   14904224 bytes,   14904224 total
- age   2:    1171048 bytes,   16075272 total
- age   3:    1273152 bytes,   17348424 total
- age   4:    1160048 bytes,   18508472 total
- age   5:    4564528 bytes,   23073000 total
- age   6:    1079224 bytes,   24152224 total
- age   7:    1128984 bytes,   25281208 total
- age   8:    1119680 bytes,   26400888 total
- age   9:    1169744 bytes,   27570632 total
- age  10:    1220176 bytes,   28790808 total
- age  11:    1163496 bytes,   29954304 total
- age  12:    1118056 bytes,   31072360 total
- age  13:      17056 bytes,   31089416 total
- age  14:       5776 bytes,   31095192 total
- age  15:       7576 bytes,   31102768 total
, 0.0291081 secs]
   [Parallel Time: 12.4 ms, GC Workers: 30]
      [GC Worker Start (ms): Min: 318089.9, Avg: 318090.3, Max: 318090.8, Diff: 0.9]
      [Ext Root Scanning (ms): Min: 0.0, Avg: 0.5, Max: 1.3, Diff: 1.3, Sum: 15.0]
      [Update RS (ms): Min: 2.1, Avg: 2.6, Max: 3.3, Diff: 1.2, Sum: 77.7]
         [Processed Buffers: Min: 2, Avg: 3.7, Max: 13, Diff: 11, Sum: 111]
      [Scan RS (ms): Min: 0.0, Avg: 0.2, Max: 0.5, Diff: 0.5, Sum: 5.7]
      [Code Root Scanning (ms): Min: 0.0, Avg: 0.0, Max: 0.0, Diff: 0.0, Sum: 0.1]
      [Object Copy (ms): Min: 7.5, Avg: 8.1, Max: 8.4, Diff: 0.8, Sum: 242.8]
      [Termination (ms): Min: 0.0, Avg: 0.0, Max: 0.0, Diff: 0.0, Sum: 0.2]
         [Termination Attempts: Min: 1, Avg: 1.0, Max: 1, Diff: 0, Sum: 30]
      [GC Worker Other (ms): Min: 0.0, Avg: 0.2, Max: 0.3, Diff: 0.3, Sum: 4.9]
      [GC Worker Total (ms): Min: 11.0, Avg: 11.5, Max: 12.1, Diff: 1.1, Sum: 346.4]
      [GC Worker End (ms): Min: 318101.7, Avg: 318101.9, Max: 318102.1, Diff: 0.3]
   [Code Root Fixup: 0.0 ms]
   [Code Root Purge: 0.0 ms]
   [Clear CT: 1.5 ms]
   [Other: 15.2 ms]
      [Choose CSet: 0.0 ms]
      [Ref Proc: 9.1 ms]
      [Ref Enq: 1.3 ms]
      [Redirty Cards: 2.8 ms]
      [Humongous Register: 0.3 ms]
      [Humongous Reclaim: 0.1 ms]
      [Free CSet: 1.4 ms]
   [Eden: 3920.0M(3920.0M)->0.0B(3936.0M) Survivors: 48.0M->40.0M Heap: 7016.4M(8192.0M)->3090.5M(8192.0M)]
 [Times: user=0.37 sys=0.00, real=0.02 secs]
2018-04-30T04:32:35.782+0200: 318.119: Total time for which application threads were stopped: 0.0303241 seconds, Stopping threads took: 0.0003131 seconds
2018-04-30T04:32:36.217+0200: 318.553: Application time: 0.4345214 seconds
2018-04-30T04:32:36.220+0200: 318.557: [GC pause (G1 Evacuation Pause) (young)
Desired survivor size 262144000 bytes, new threshold 15 (max 15)
- age   1:   11991952 bytes,   11991952 total
- age   2:    1166784 bytes,   13158736 total
- age   3:    1156616 bytes,   14315352 total
- age   4:    1126432 bytes,   15441784 total
- age   5:    1159152 bytes,   16600936 total
- age   6:    4563376 bytes,   21164312 total
- age   7:    1079032 bytes,   22243344 total
- age   8:    1128920 bytes,   23372264 total
- age   9:    1119360 bytes,   24491624 total
- age  10:    1169232 bytes,   25660856 total
- age  11:    1220176 bytes,   26881032 total
- age  12:    1141512 bytes,   28022544 total
- age  13:       3104 bytes,   28025648 total
- age  14:       4408 bytes,   28030056 total
- age  15:       5776 bytes,   28035832 total
, 0.0311443 secs]
   [Parallel Time: 13.9 ms, GC Workers: 30]
      [GC Worker Start (ms): Min: 318557.2, Avg: 318557.9, Max: 318558.5, Diff: 1.3]
      [Ext Root Scanning (ms): Min: 0.0, Avg: 0.4, Max: 1.2, Diff: 1.2, Sum: 12.3]
      [Update RS (ms): Min: 2.0, Avg: 2.6, Max: 3.3, Diff: 1.3, Sum: 78.1]
         [Processed Buffers: Min: 2, Avg: 3.9, Max: 15, Diff: 13, Sum: 116]
      [Scan RS (ms): Min: 0.1, Avg: 0.2, Max: 0.6, Diff: 0.5, Sum: 6.4]
      [Code Root Scanning (ms): Min: 0.0, Avg: 0.0, Max: 0.0, Diff: 0.0, Sum: 0.1]
      [Object Copy (ms): Min: 8.5, Avg: 9.2, Max: 9.5, Diff: 1.0, Sum: 277.0]
      [Termination (ms): Min: 0.0, Avg: 0.0, Max: 0.0, Diff: 0.0, Sum: 0.2]
         [Termination Attempts: Min: 1, Avg: 1.0, Max: 1, Diff: 0, Sum: 30]
      [GC Worker Other (ms): Min: 0.0, Avg: 0.2, Max: 0.4, Diff: 0.4, Sum: 5.9]
      [GC Worker Total (ms): Min: 12.1, Avg: 12.7, Max: 13.3, Diff: 1.2, Sum: 380.0]
      [GC Worker End (ms): Min: 318570.4, Avg: 318570.6, Max: 318570.8, Diff: 0.4]
   [Code Root Fixup: 0.0 ms]
   [Code Root Purge: 0.0 ms]
   [Clear CT: 2.5 ms]
   [Other: 14.8 ms]
      [Choose CSet: 0.0 ms]
      [Ref Proc: 9.1 ms]
      [Ref Enq: 1.3 ms]
      [Redirty Cards: 2.5 ms]
      [Humongous Register: 0.3 ms]
      [Humongous Reclaim: 0.1 ms]
      [Free CSet: 1.3 ms]
   [Eden: 3936.0M(3936.0M)->0.0B(3920.0M) Survivors: 40.0M->48.0M Heap: 7026.5M(8192.0M)->3097.4M(8192.0M)]
 [Times: user=0.40 sys=0.00, real=0.04 secs]
2018-04-30T04:32:36.252+0200: 318.588: Total time for which application threads were stopped: 0.0347996 seconds, Stopping threads took: 0.0027785 seconds
2018-04-30T04:32:36.693+0200: 319.030: Application time: 0.4414697 seconds
2018-04-30T04:32:36.694+0200: 319.031: [GC pause (G1 Evacuation Pause) (young)
Desired survivor size 260046848 bytes, new threshold 15 (max 15)
- age   1:   16460536 bytes,   16460536 total
- age   2:    1442272 bytes,   17902808 total
- age   3:    1162776 bytes,   19065584 total
- age   4:    1153544 bytes,   20219128 total
- age   5:    1122944 bytes,   21342072 total
- age   6:    1157872 bytes,   22499944 total
- age   7:    4562736 bytes,   27062680 total
- age   8:    1078264 bytes,   28140944 total
- age   9:    1128728 bytes,   29269672 total
- age  10:    1118400 bytes,   30388072 total
- age  11:    1168976 bytes,   31557048 total
- age  12:    1220112 bytes,   32777160 total
- age  13:      10136 bytes,   32787296 total
- age  14:       3040 bytes,   32790336 total
- age  15:       4344 bytes,   32794680 total
, 0.0274179 secs]
   [Parallel Time: 11.8 ms, GC Workers: 30]
      [GC Worker Start (ms): Min: 319031.1, Avg: 319031.5, Max: 319032.0, Diff: 0.9]
      [Ext Root Scanning (ms): Min: 0.1, Avg: 0.5, Max: 1.4, Diff: 1.3, Sum: 15.7]
      [Update RS (ms): Min: 1.8, Avg: 2.4, Max: 2.9, Diff: 1.1, Sum: 70.9]
         [Processed Buffers: Min: 2, Avg: 3.8, Max: 16, Diff: 14, Sum: 113]
      [Scan RS (ms): Min: 0.0, Avg: 0.2, Max: 0.4, Diff: 0.4, Sum: 6.4]
      [Code Root Scanning (ms): Min: 0.0, Avg: 0.0, Max: 0.0, Diff: 0.0, Sum: 0.1]
      [Object Copy (ms): Min: 7.3, Avg: 7.7, Max: 7.9, Diff: 0.5, Sum: 231.2]
      [Termination (ms): Min: 0.0, Avg: 0.0, Max: 0.0, Diff: 0.0, Sum: 0.2]
         [Termination Attempts: Min: 1, Avg: 1.0, Max: 1, Diff: 0, Sum: 30]
      [GC Worker Other (ms): Min: 0.0, Avg: 0.2, Max: 0.3, Diff: 0.3, Sum: 4.7]
      [GC Worker Total (ms): Min: 10.4, Avg: 11.0, Max: 11.6, Diff: 1.1, Sum: 329.0]
      [GC Worker End (ms): Min: 319042.4, Avg: 319042.5, Max: 319042.7, Diff: 0.3]
   [Code Root Fixup: 0.0 ms]
   [Code Root Purge: 0.0 ms]
   [Clear CT: 1.7 ms]
   [Other: 13.9 ms]
      [Choose CSet: 0.0 ms]
      [Ref Proc: 8.5 ms]
      [Ref Enq: 1.3 ms]
      [Redirty Cards: 2.3 ms]
      [Humongous Register: 0.3 ms]
      [Humongous Reclaim: 0.1 ms]
      [Free CSet: 1.2 ms]
   [Eden: 3920.0M(3920.0M)->0.0B(3904.0M) Survivors: 48.0M->56.0M Heap: 7017.4M(8192.0M)->3105.7M(8192.0M)]
 [Times: user=0.34 sys=0.01, real=0.02 secs]
2018-04-30T04:32:36.722+0200: 319.058: Total time for which application threads were stopped: 0.0286237 seconds, Stopping threads took: 0.0003318 seconds
2018-04-30T04:32:37.148+0200: 319.485: Application time: 0.4265831 seconds
2018-04-30T04:32:37.150+0200: 319.486: [GC pause (G1 Evacuation Pause) (young)
Desired survivor size 260046848 bytes, new threshold 15 (max 15)
- age   1:   12321872 bytes,   12321872 total
- age   2:    1151408 bytes,   13473280 total
- age   3:    1425360 bytes,   14898640 total
- age   4:    1159784 bytes,   16058424 total
- age   5:    1152664 bytes,   17211088 total
- age   6:    1122368 bytes,   18333456 total
- age   7:    1157296 bytes,   19490752 total
- age   8:    4562480 bytes,   24053232 total
- age   9:    1077816 bytes,   25131048 total
- age  10:    1128536 bytes,   26259584 total
- age  11:    1118272 bytes,   27377856 total
- age  12:    1168720 bytes,   28546576 total
- age  13:     109168 bytes,   28655744 total
- age  14:       3648 bytes,   28659392 total
- age  15:       2976 bytes,   28662368 total
, 0.0280550 secs]
   [Parallel Time: 11.5 ms, GC Workers: 30]
      [GC Worker Start (ms): Min: 319486.3, Avg: 319486.8, Max: 319487.2, Diff: 0.8]
      [Ext Root Scanning (ms): Min: 0.2, Avg: 0.5, Max: 1.3, Diff: 1.2, Sum: 15.8]
      [Update RS (ms): Min: 1.9, Avg: 2.4, Max: 3.0, Diff: 1.1, Sum: 73.1]
         [Processed Buffers: Min: 2, Avg: 3.8, Max: 16, Diff: 14, Sum: 114]
      [Scan RS (ms): Min: 0.0, Avg: 0.2, Max: 0.6, Diff: 0.5, Sum: 5.6]
      [Code Root Scanning (ms): Min: 0.0, Avg: 0.0, Max: 0.0, Diff: 0.0, Sum: 0.1]
      [Object Copy (ms): Min: 6.9, Avg: 7.3, Max: 7.5, Diff: 0.6, Sum: 220.1]
      [Termination (ms): Min: 0.0, Avg: 0.0, Max: 0.0, Diff: 0.0, Sum: 0.2]
         [Termination Attempts: Min: 1, Avg: 1.0, Max: 1, Diff: 0, Sum: 30]
      [GC Worker Other (ms): Min: 0.0, Avg: 0.2, Max: 0.3, Diff: 0.3, Sum: 5.2]
      [GC Worker Total (ms): Min: 10.3, Avg: 10.7, Max: 11.3, Diff: 1.0, Sum: 320.1]
      [GC Worker End (ms): Min: 319497.3, Avg: 319497.5, Max: 319497.6, Diff: 0.3]
   [Code Root Fixup: 0.0 ms]
   [Code Root Purge: 0.0 ms]
   [Clear CT: 1.5 ms]
   [Other: 15.1 ms]
      [Choose CSet: 0.0 ms]
      [Ref Proc: 9.5 ms]
      [Ref Enq: 1.5 ms]
      [Redirty Cards: 2.0 ms]
      [Humongous Register: 0.3 ms]
      [Humongous Reclaim: 0.1 ms]
      [Free CSet: 1.5 ms]
   [Eden: 3904.0M(3904.0M)->0.0B(3928.0M) Survivors: 56.0M->44.0M Heap: 7009.7M(8192.0M)->3092.5M(8192.0M)]
 [Times: user=0.34 sys=0.00, real=0.03 secs]
2018-04-30T04:32:37.178+0200: 319.514: Total time for which application threads were stopped: 0.0294204 seconds, Stopping threads took: 0.0004225 seconds
2018-04-30T04:32:37.615+0200: 319.951: Application time: 0.4369615 seconds
2018-04-30T04:32:37.616+0200: 319.952: [GC pause (G1 Evacuation Pause) (young)
Desired survivor size 262144000 bytes, new threshold 15 (max 15)
- age   1:   12182448 bytes,   12182448 total
- age   2:    1287112 bytes,   13469560 total
- age   3:    1144992 bytes,   14614552 total
- age   4:    1423136 bytes,   16037688 total
- age   5:    1158728 bytes,   17196416 total
- age   6:    1152152 bytes,   18348568 total
- age   7:    1122048 bytes,   19470616 total
- age   8:    1156592 bytes,   20627208 total
- age   9:    4562352 bytes,   25189560 total
- age  10:    1077624 bytes,   26267184 total
- age  11:    1128136 bytes,   27395320 total
- age  12:    1118144 bytes,   28513464 total
- age  13:     153760 bytes,   28667224 total
- age  14:      19616 bytes,   28686840 total
- age  15:       3584 bytes,   28690424 total
, 0.0292057 secs]
   [Parallel Time: 12.1 ms, GC Workers: 30]
      [GC Worker Start (ms): Min: 319952.8, Avg: 319953.3, Max: 319953.8, Diff: 1.0]
      [Ext Root Scanning (ms): Min: 0.0, Avg: 0.5, Max: 1.3, Diff: 1.3, Sum: 13.6]
      [Update RS (ms): Min: 1.8, Avg: 2.4, Max: 2.8, Diff: 0.9, Sum: 72.0]
         [Processed Buffers: Min: 2, Avg: 3.7, Max: 13, Diff: 11, Sum: 110]
      [Scan RS (ms): Min: 0.0, Avg: 0.2, Max: 0.5, Diff: 0.4, Sum: 5.6]
      [Code Root Scanning (ms): Min: 0.0, Avg: 0.0, Max: 0.0, Diff: 0.0, Sum: 0.1]
      [Object Copy (ms): Min: 7.9, Avg: 8.2, Max: 8.3, Diff: 0.4, Sum: 244.9]
      [Termination (ms): Min: 0.0, Avg: 0.0, Max: 0.0, Diff: 0.0, Sum: 0.2]
         [Termination Attempts: Min: 1, Avg: 1.0, Max: 1, Diff: 0, Sum: 30]
      [GC Worker Other (ms): Min: 0.0, Avg: 0.1, Max: 0.3, Diff: 0.3, Sum: 4.4]
      [GC Worker Total (ms): Min: 10.8, Avg: 11.4, Max: 11.9, Diff: 1.1, Sum: 340.9]
      [GC Worker End (ms): Min: 319964.5, Avg: 319964.6, Max: 319964.8, Diff: 0.3]
   [Code Root Fixup: 0.0 ms]
   [Code Root Purge: 0.0 ms]
   [Clear CT: 2.7 ms]
   [Other: 14.4 ms]
      [Choose CSet: 0.0 ms]
      [Ref Proc: 8.6 ms]
      [Ref Enq: 1.1 ms]
      [Redirty Cards: 2.6 ms]
      [Humongous Register: 0.3 ms]
      [Humongous Reclaim: 0.1 ms]
      [Free CSet: 1.5 ms]
   [Eden: 3928.0M(3928.0M)->0.0B(3920.0M) Survivors: 44.0M->48.0M Heap: 7020.5M(8192.0M)->3095.6M(8192.0M)]
 [Times: user=0.36 sys=0.00, real=0.03 secs]
2018-04-30T04:32:37.646+0200: 319.982: Total time for which application threads were stopped: 0.0306410 seconds, Stopping threads took: 0.0004075 seconds
2018-04-30T04:32:38.068+0200: 320.404: Application time: 0.4221138 seconds
2018-04-30T04:32:38.069+0200: 320.405: [GC pause (G1 Evacuation Pause) (young)
Desired survivor size 260046848 bytes, new threshold 15 (max 15)
- age   1:   15480552 bytes,   15480552 total
- age   2:    1154816 bytes,   16635368 total
- age   3:    1281536 bytes,   17916904 total
- age   4:    1143680 bytes,   19060584 total
- age   5:    1422048 bytes,   20482632 total
- age   6:    1157760 bytes,   21640392 total
- age   7:    1151112 bytes,   22791504 total
- age   8:    1121728 bytes,   23913232 total
- age   9:    1156144 bytes,   25069376 total
- age  10:    4562160 bytes,   29631536 total
- age  11:    1077560 bytes,   30709096 total
- age  12:    1128008 bytes,   31837104 total
- age  13:     142752 bytes,   31979856 total
- age  14:       6272 bytes,   31986128 total
- age  15:      19552 bytes,   32005680 total
, 0.0280161 secs]
   [Parallel Time: 11.9 ms, GC Workers: 30]
      [GC Worker Start (ms): Min: 320405.6, Avg: 320406.2, Max: 320406.6, Diff: 1.0]
      [Ext Root Scanning (ms): Min: 0.0, Avg: 0.5, Max: 1.2, Diff: 1.2, Sum: 14.0]
      [Update RS (ms): Min: 1.9, Avg: 2.5, Max: 3.1, Diff: 1.2, Sum: 76.5]
         [Processed Buffers: Min: 2, Avg: 3.7, Max: 11, Diff: 9, Sum: 112]
      [Scan RS (ms): Min: 0.0, Avg: 0.2, Max: 0.5, Diff: 0.5, Sum: 5.6]
      [Code Root Scanning (ms): Min: 0.0, Avg: 0.0, Max: 0.0, Diff: 0.0, Sum: 0.1]
      [Object Copy (ms): Min: 7.2, Avg: 7.6, Max: 7.7, Diff: 0.5, Sum: 226.7]
      [Termination (ms): Min: 0.0, Avg: 0.0, Max: 0.0, Diff: 0.0, Sum: 0.2]
         [Termination Attempts: Min: 1, Avg: 1.0, Max: 1, Diff: 0, Sum: 30]
      [GC Worker Other (ms): Min: 0.0, Avg: 0.2, Max: 0.3, Diff: 0.3, Sum: 5.1]
      [GC Worker Total (ms): Min: 10.4, Avg: 10.9, Max: 11.6, Diff: 1.2, Sum: 328.2]
      [GC Worker End (ms): Min: 320417.0, Avg: 320417.1, Max: 320417.3, Diff: 0.3]
   [Code Root Fixup: 0.0 ms]
   [Code Root Purge: 0.0 ms]
   [Clear CT: 2.3 ms]
   [Other: 13.8 ms]
      [Choose CSet: 0.0 ms]
      [Ref Proc: 8.5 ms]
      [Ref Enq: 1.0 ms]
      [Redirty Cards: 2.3 ms]
      [Humongous Register: 0.3 ms]
      [Humongous Reclaim: 0.1 ms]
      [Free CSet: 1.4 ms]
   [Eden: 3920.0M(3920.0M)->0.0B(3928.0M) Survivors: 48.0M->44.0M Heap: 7015.6M(8192.0M)->3093.7M(8192.0M)]
 [Times: user=0.35 sys=0.00, real=0.03 secs]
2018-04-30T04:32:38.097+0200: 320.434: Total time for which application threads were stopped: 0.0295478 seconds, Stopping threads took: 0.0006135 seconds
2018-04-30T04:32:38.533+0200: 320.869: Application time: 0.4356578 seconds
2018-04-30T04:32:38.534+0200: 320.870: [GC pause (G1 Evacuation Pause) (young)
Desired survivor size 262144000 bytes, new threshold 15 (max 15)
- age   1:   14028792 bytes,   14028792 total
- age   2:    1141680 bytes,   15170472 total
- age   3:    1120216 bytes,   16290688 total
- age   4:    1135808 bytes,   17426496 total
- age   5:    1138464 bytes,   18564960 total
- age   6:    1156312 bytes,   19721272 total
- age   7:    1156608 bytes,   20877880 total
- age   8:    1150920 bytes,   22028800 total
- age   9:    1121600 bytes,   23150400 total
- age  10:    1155952 bytes,   24306352 total
- age  11:    4561904 bytes,   28868256 total
- age  12:    1077496 bytes,   29945752 total
- age  13:     211512 bytes,   30157264 total
- age  14:       6688 bytes,   30163952 total
- age  15:       6144 bytes,   30170096 total
, 0.0271432 secs]
   [Parallel Time: 11.5 ms, GC Workers: 30]
      [GC Worker Start (ms): Min: 320870.8, Avg: 320871.2, Max: 320871.7, Diff: 0.9]
      [Ext Root Scanning (ms): Min: 0.0, Avg: 0.5, Max: 1.3, Diff: 1.3, Sum: 14.9]
      [Update RS (ms): Min: 2.1, Avg: 2.5, Max: 3.1, Diff: 1.0, Sum: 73.6]
         [Processed Buffers: Min: 2, Avg: 3.8, Max: 18, Diff: 16, Sum: 115]
      [Scan RS (ms): Min: 0.0, Avg: 0.2, Max: 0.5, Diff: 0.4, Sum: 5.8]
      [Code Root Scanning (ms): Min: 0.0, Avg: 0.0, Max: 0.0, Diff: 0.0, Sum: 0.1]
      [Object Copy (ms): Min: 7.0, Avg: 7.4, Max: 7.6, Diff: 0.6, Sum: 222.9]
      [Termination (ms): Min: 0.0, Avg: 0.0, Max: 0.0, Diff: 0.0, Sum: 0.2]
         [Termination Attempts: Min: 1, Avg: 1.0, Max: 1, Diff: 0, Sum: 30]
      [GC Worker Other (ms): Min: 0.0, Avg: 0.2, Max: 0.3, Diff: 0.3, Sum: 5.1]
      [GC Worker Total (ms): Min: 10.1, Avg: 10.8, Max: 11.3, Diff: 1.1, Sum: 322.6]
      [GC Worker End (ms): Min: 320881.8, Avg: 320882.0, Max: 320882.2, Diff: 0.3]
   [Code Root Fixup: 0.0 ms]
   [Code Root Purge: 0.0 ms]
   [Clear CT: 1.7 ms]
   [Other: 14.0 ms]
      [Choose CSet: 0.0 ms]
      [Ref Proc: 8.6 ms]
      [Ref Enq: 1.2 ms]
      [Redirty Cards: 2.3 ms]
      [Humongous Register: 0.3 ms]
      [Humongous Reclaim: 0.1 ms]
      [Free CSet: 1.2 ms]
   [Eden: 3928.0M(3928.0M)->0.0B(3936.0M) Survivors: 44.0M->40.0M Heap: 7021.7M(8192.0M)->3089.6M(8192.0M)]
 [Times: user=0.34 sys=0.01, real=0.02 secs]
2018-04-30T04:32:38.561+0200: 320.898: Total time for which application threads were stopped: 0.0284705 seconds, Stopping threads took: 0.0004289 seconds
2018-04-30T04:32:38.996+0200: 321.332: Application time: 0.4348329 seconds
2018-04-30T04:32:38.997+0200: 321.333: [GC pause (G1 Evacuation Pause) (young)
Desired survivor size 262144000 bytes, new threshold 15 (max 15)
- age   1:   11543112 bytes,   11543112 total
- age   2:    1537808 bytes,   13080920 total
- age   3:    1136832 bytes,   14217752 total
- age   4:    1117448 bytes,   15335200 total
- age   5:    1133760 bytes,   16468960 total
- age   6:    1137504 bytes,   17606464 total
- age   7:    1154904 bytes,   18761368 total
- age   8:    1155968 bytes,   19917336 total
- age   9:    1150792 bytes,   21068128 total
- age  10:    1121472 bytes,   22189600 total
- age  11:    1155824 bytes,   23345424 total
- age  12:    4561904 bytes,   27907328 total
- age  13:     122672 bytes,   28030000 total
- age  14:       8160 bytes,   28038160 total
- age  15:       6688 bytes,   28044848 total
, 0.0280194 secs]
   [Parallel Time: 11.6 ms, GC Workers: 30]
      [GC Worker Start (ms): Min: 321333.9, Avg: 321334.5, Max: 321334.8, Diff: 0.9]
      [Ext Root Scanning (ms): Min: 0.1, Avg: 0.5, Max: 1.3, Diff: 1.2, Sum: 14.4]
      [Update RS (ms): Min: 1.9, Avg: 2.5, Max: 3.2, Diff: 1.3, Sum: 73.7]
         [Processed Buffers: Min: 2, Avg: 3.8, Max: 15, Diff: 13, Sum: 113]
      [Scan RS (ms): Min: 0.0, Avg: 0.2, Max: 0.5, Diff: 0.4, Sum: 5.8]
      [Code Root Scanning (ms): Min: 0.0, Avg: 0.0, Max: 0.0, Diff: 0.0, Sum: 0.1]
      [Object Copy (ms): Min: 6.9, Avg: 7.5, Max: 7.8, Diff: 1.0, Sum: 225.2]
      [Termination (ms): Min: 0.0, Avg: 0.0, Max: 0.0, Diff: 0.0, Sum: 0.3]
         [Termination Attempts: Min: 1, Avg: 1.0, Max: 1, Diff: 0, Sum: 30]
      [GC Worker Other (ms): Min: 0.0, Avg: 0.2, Max: 0.3, Diff: 0.3, Sum: 4.7]
      [GC Worker Total (ms): Min: 10.4, Avg: 10.8, Max: 11.3, Diff: 0.8, Sum: 324.2]
      [GC Worker End (ms): Min: 321345.1, Avg: 321345.3, Max: 321345.4, Diff: 0.3]
   [Code Root Fixup: 0.0 ms]
   [Code Root Purge: 0.0 ms]
   [Clear CT: 2.0 ms]
   [Other: 14.4 ms]
      [Choose CSet: 0.0 ms]
      [Ref Proc: 8.7 ms]
      [Ref Enq: 1.3 ms]
      [Redirty Cards: 2.5 ms]
      [Humongous Register: 0.3 ms]
      [Humongous Reclaim: 0.1 ms]
      [Free CSet: 1.3 ms]
   [Eden: 3936.0M(3936.0M)->0.0B(3928.0M) Survivors: 40.0M->44.0M Heap: 7025.6M(8192.0M)->3092.5M(8192.0M)]
 [Times: user=0.33 sys=0.01, real=0.03 secs]
2018-04-30T04:32:39.025+0200: 321.362: Total time for which application threads were stopped: 0.0292786 seconds, Stopping threads took: 0.0003369 seconds
2018-04-30T04:32:39.454+0200: 321.791: Application time: 0.4287632 seconds
2018-04-30T04:32:39.455+0200: 321.792: [GC pause (G1 Evacuation Pause) (young)
Desired survivor size 262144000 bytes, new threshold 15 (max 15)
- age   1:   12275632 bytes,   12275632 total
- age   2:    1199960 bytes,   13475592 total
- age   3:    1533552 bytes,   15009144 total
- age   4:    1135200 bytes,   16144344 total
- age   5:    1116104 bytes,   17260448 total
- age   6:    1132288 bytes,   18392736 total
- age   7:    1136416 bytes,   19529152 total
- age   8:    1154200 bytes,   20683352 total
- age   9:    1155648 bytes,   21839000 total
- age  10:    1150792 bytes,   22989792 total
- age  11:    1121280 bytes,   24111072 total
- age  12:    1155568 bytes,   25266640 total
- age  13:    3563464 bytes,   28830104 total
- age  14:       4160 bytes,   28834264 total
- age  15:       8160 bytes,   28842424 total
, 0.0272754 secs]
   [Parallel Time: 11.2 ms, GC Workers: 30]
      [GC Worker Start (ms): Min: 321792.0, Avg: 321792.3, Max: 321792.7, Diff: 0.7]
      [Ext Root Scanning (ms): Min: 0.1, Avg: 0.6, Max: 1.4, Diff: 1.3, Sum: 17.3]
      [Update RS (ms): Min: 1.9, Avg: 2.5, Max: 3.0, Diff: 1.1, Sum: 74.2]
         [Processed Buffers: Min: 2, Avg: 4.0, Max: 15, Diff: 13, Sum: 121]
      [Scan RS (ms): Min: 0.0, Avg: 0.2, Max: 0.6, Diff: 0.6, Sum: 5.3]
      [Code Root Scanning (ms): Min: 0.0, Avg: 0.0, Max: 0.0, Diff: 0.0, Sum: 0.1]
      [Object Copy (ms): Min: 6.8, Avg: 7.1, Max: 7.4, Diff: 0.6, Sum: 214.2]
      [Termination (ms): Min: 0.0, Avg: 0.0, Max: 0.0, Diff: 0.0, Sum: 0.2]
         [Termination Attempts: Min: 1, Avg: 1.0, Max: 1, Diff: 0, Sum: 30]
      [GC Worker Other (ms): Min: 0.0, Avg: 0.2, Max: 0.3, Diff: 0.3, Sum: 5.0]
      [GC Worker Total (ms): Min: 10.0, Avg: 10.5, Max: 11.0, Diff: 1.0, Sum: 316.3]
      [GC Worker End (ms): Min: 321802.7, Avg: 321802.9, Max: 321803.0, Diff: 0.3]
   [Code Root Fixup: 0.0 ms]
   [Code Root Purge: 0.0 ms]
   [Clear CT: 1.6 ms]
   [Other: 14.4 ms]
      [Choose CSet: 0.0 ms]
      [Ref Proc: 8.3 ms]
      [Ref Enq: 1.2 ms]
      [Redirty Cards: 3.1 ms]
      [Humongous Register: 0.3 ms]
      [Humongous Reclaim: 0.1 ms]
      [Free CSet: 1.2 ms]
   [Eden: 3928.0M(3928.0M)->0.0B(3928.0M) Survivors: 44.0M->44.0M Heap: 7020.5M(8192.0M)->3092.6M(8192.0M)]
 [Times: user=0.33 sys=0.01, real=0.02 secs]
2018-04-30T04:32:39.483+0200: 321.819: Total time for which application threads were stopped: 0.0285415 seconds, Stopping threads took: 0.0003740 seconds
2018-04-30T04:32:39.923+0200: 322.260: Application time: 0.4405941 seconds
2018-04-30T04:32:39.924+0200: 322.261: [GC pause (G1 Evacuation Pause) (young)
Desired survivor size 262144000 bytes, new threshold 15 (max 15)
- age   1:   11456136 bytes,   11456136 total
- age   2:    1134712 bytes,   12590848 total
- age   3:    1193832 bytes,   13784680 total
- age   4:    1531728 bytes,   15316408 total
- age   5:    1134232 bytes,   16450640 total
- age   6:    1114728 bytes,   17565368 total
- age   7:    1131392 bytes,   18696760 total
- age   8:    1135904 bytes,   19832664 total
- age   9:    1153560 bytes,   20986224 total
- age  10:    1155520 bytes,   22141744 total
- age  11:    1150392 bytes,   23292136 total
- age  12:    1121280 bytes,   24413416 total
- age  13:     132240 bytes,   24545656 total
- age  14:    3469760 bytes,   28015416 total
- age  15:       4096 bytes,   28019512 total
, 0.0279921 secs]
   [Parallel Time: 10.9 ms, GC Workers: 30]
      [GC Worker Start (ms): Min: 322261.2, Avg: 322261.8, Max: 322262.3, Diff: 1.1]
      [Ext Root Scanning (ms): Min: 0.0, Avg: 0.5, Max: 1.3, Diff: 1.3, Sum: 14.5]
      [Update RS (ms): Min: 1.9, Avg: 2.5, Max: 3.1, Diff: 1.2, Sum: 75.1]
         [Processed Buffers: Min: 2, Avg: 3.9, Max: 14, Diff: 12, Sum: 116]
      [Scan RS (ms): Min: 0.0, Avg: 0.2, Max: 0.5, Diff: 0.5, Sum: 5.5]
      [Code Root Scanning (ms): Min: 0.0, Avg: 0.0, Max: 0.0, Diff: 0.0, Sum: 0.1]
      [Object Copy (ms): Min: 6.2, Avg: 6.7, Max: 6.9, Diff: 0.7, Sum: 200.6]
      [Termination (ms): Min: 0.0, Avg: 0.0, Max: 0.0, Diff: 0.0, Sum: 0.2]
         [Termination Attempts: Min: 1, Avg: 1.0, Max: 1, Diff: 0, Sum: 30]
      [GC Worker Other (ms): Min: 0.0, Avg: 0.2, Max: 0.4, Diff: 0.3, Sum: 5.4]
      [GC Worker Total (ms): Min: 9.5, Avg: 10.0, Max: 10.8, Diff: 1.3, Sum: 301.4]
      [GC Worker End (ms): Min: 322271.7, Avg: 322271.8, Max: 322272.0, Diff: 0.3]
   [Code Root Fixup: 0.0 ms]
   [Code Root Purge: 0.0 ms]
   [Clear CT: 2.6 ms]
   [Other: 14.5 ms]
      [Choose CSet: 0.0 ms]
      [Ref Proc: 8.9 ms]
      [Ref Enq: 1.4 ms]
      [Redirty Cards: 2.4 ms]
      [Humongous Register: 0.3 ms]
      [Humongous Reclaim: 0.1 ms]
      [Free CSet: 1.2 ms]
   [Eden: 3928.0M(3928.0M)->0.0B(3928.0M) Survivors: 44.0M->44.0M Heap: 7020.6M(8192.0M)->3091.6M(8192.0M)]
 [Times: user=0.31 sys=0.02, real=0.03 secs]
2018-04-30T04:32:39.953+0200: 322.289: Total time for which application threads were stopped: 0.0292925 seconds, Stopping threads took: 0.0004110 seconds
2018-04-30T04:32:40.048+0200: 322.385: Application time: 0.0955464 seconds
2018-04-30T04:32:40.049+0200: 322.386: Total time for which application threads were stopped: 0.0010183 seconds, Stopping threads took: 0.0003809 seconds
2018-04-30T04:32:40.384+0200: 322.720: Application time: 0.3346228 seconds
2018-04-30T04:32:40.385+0200: 322.721: [GC pause (G1 Evacuation Pause) (young)
Desired survivor size 262144000 bytes, new threshold 15 (max 15)
- age   1:   10344944 bytes,   10344944 total
- age   2:    1293848 bytes,   11638792 total
- age   3:    1128264 bytes,   12767056 total
- age   4:    1190808 bytes,   13957864 total
- age   5:    1530768 bytes,   15488632 total
- age   6:    1133464 bytes,   16622096 total
- age   7:    1114216 bytes,   17736312 total
- age   8:    1131264 bytes,   18867576 total
- age   9:    1135712 bytes,   20003288 total
- age  10:    1153176 bytes,   21156464 total
- age  11:    1155392 bytes,   22311856 total
- age  12:    1150392 bytes,   23462248 total
- age  13:     113864 bytes,   23576112 total
- age  14:      14608 bytes,   23590720 total
- age  15:    3469696 bytes,   27060416 total
, 0.0283259 secs]
   [Parallel Time: 12.5 ms, GC Workers: 30]
      [GC Worker Start (ms): Min: 322721.6, Avg: 322722.1, Max: 322722.5, Diff: 0.9]
      [Ext Root Scanning (ms): Min: 0.0, Avg: 0.5, Max: 1.3, Diff: 1.2, Sum: 14.9]
      [Update RS (ms): Min: 2.1, Avg: 2.5, Max: 3.0, Diff: 0.9, Sum: 75.6]
         [Processed Buffers: Min: 2, Avg: 3.8, Max: 17, Diff: 15, Sum: 115]
      [Scan RS (ms): Min: 0.0, Avg: 0.2, Max: 0.5, Diff: 0.4, Sum: 5.7]
      [Code Root Scanning (ms): Min: 0.0, Avg: 0.0, Max: 0.0, Diff: 0.0, Sum: 0.1]
      [Object Copy (ms): Min: 8.2, Avg: 8.5, Max: 8.6, Diff: 0.5, Sum: 253.5]
      [Termination (ms): Min: 0.0, Avg: 0.0, Max: 0.0, Diff: 0.0, Sum: 0.2]
         [Termination Attempts: Min: 1, Avg: 1.0, Max: 1, Diff: 0, Sum: 30]
      [GC Worker Other (ms): Min: 0.0, Avg: 0.2, Max: 0.3, Diff: 0.3, Sum: 4.7]
      [GC Worker Total (ms): Min: 11.4, Avg: 11.8, Max: 12.4, Diff: 0.9, Sum: 354.8]
      [GC Worker End (ms): Min: 322733.8, Avg: 322733.9, Max: 322734.1, Diff: 0.3]
   [Code Root Fixup: 0.0 ms]
   [Code Root Purge: 0.0 ms]
   [Clear CT: 1.1 ms]
   [Other: 14.7 ms]
      [Choose CSet: 0.0 ms]
      [Ref Proc: 9.4 ms]
      [Ref Enq: 1.3 ms]
      [Redirty Cards: 2.1 ms]
      [Humongous Register: 0.3 ms]
      [Humongous Reclaim: 0.1 ms]
      [Free CSet: 1.3 ms]
   [Eden: 3928.0M(3928.0M)->0.0B(3924.0M) Survivors: 44.0M->44.0M Heap: 7019.6M(8192.0M)->3096.7M(8192.0M)]
 [Times: user=0.38 sys=0.00, real=0.03 secs]
2018-04-30T04:32:40.413+0200: 322.750: Total time for which application threads were stopped: 0.0296118 seconds, Stopping threads took: 0.0004077 seconds
2018-04-30T04:32:40.860+0200: 323.196: Application time: 0.4464658 seconds
2018-04-30T04:32:40.861+0200: 323.197: [GC pause (G1 Evacuation Pause) (young)
Desired survivor size 260046848 bytes, new threshold 15 (max 15)
- age   1:   16635080 bytes,   16635080 total
- age   2:    1138072 bytes,   17773152 total
- age   3:    1130248 bytes,   18903400 total
- age   4:    1124696 bytes,   20028096 total
- age   5:    1189064 bytes,   21217160 total
- age   6:    1530064 bytes,   22747224 total
- age   7:    1132488 bytes,   23879712 total
- age   8:    1113576 bytes,   24993288 total
- age   9:    1130816 bytes,   26124104 total
- age  10:    1135456 bytes,   27259560 total
- age  11:    1152920 bytes,   28412480 total
- age  12:    1155392 bytes,   29567872 total
- age  13:      82528 bytes,   29650400 total
- age  14:       4656 bytes,   29655056 total
- age  15:      14272 bytes,   29669328 total
, 0.0275756 secs]
   [Parallel Time: 11.4 ms, GC Workers: 30]
      [GC Worker Start (ms): Min: 323197.8, Avg: 323198.2, Max: 323198.7, Diff: 0.9]
      [Ext Root Scanning (ms): Min: 0.1, Avg: 0.5, Max: 1.3, Diff: 1.3, Sum: 16.2]
      [Update RS (ms): Min: 2.0, Avg: 2.4, Max: 2.9, Diff: 0.9, Sum: 71.3]
         [Processed Buffers: Min: 2, Avg: 3.6, Max: 12, Diff: 10, Sum: 108]
      [Scan RS (ms): Min: 0.0, Avg: 0.2, Max: 0.5, Diff: 0.4, Sum: 5.6]
      [Code Root Scanning (ms): Min: 0.0, Avg: 0.0, Max: 0.0, Diff: 0.0, Sum: 0.1]
      [Object Copy (ms): Min: 6.8, Avg: 7.2, Max: 7.4, Diff: 0.5, Sum: 216.4]
      [Termination (ms): Min: 0.0, Avg: 0.0, Max: 0.0, Diff: 0.0, Sum: 0.2]
         [Termination Attempts: Min: 1, Avg: 1.0, Max: 1, Diff: 0, Sum: 30]
      [GC Worker Other (ms): Min: 0.0, Avg: 0.2, Max: 0.4, Diff: 0.4, Sum: 5.3]
      [GC Worker Total (ms): Min: 10.0, Avg: 10.5, Max: 11.0, Diff: 1.0, Sum: 315.2]
      [GC Worker End (ms): Min: 323208.6, Avg: 323208.7, Max: 323208.9, Diff: 0.3]
   [Code Root Fixup: 0.0 ms]
   [Code Root Purge: 0.0 ms]
   [Clear CT: 2.4 ms]
   [Other: 13.8 ms]
      [Choose CSet: 0.0 ms]
      [Ref Proc: 8.4 ms]
      [Ref Enq: 1.1 ms]
      [Redirty Cards: 2.2 ms]
      [Humongous Register: 0.3 ms]
      [Humongous Reclaim: 0.1 ms]
      [Free CSet: 1.4 ms]
   [Eden: 3924.0M(3924.0M)->0.0B(3924.0M) Survivors: 44.0M->44.0M Heap: 7020.7M(8192.0M)->3095.1M(8192.0M)]
 [Times: user=0.34 sys=0.00, real=0.03 secs]
2018-04-30T04:32:40.889+0200: 323.225: Total time for which application threads were stopped: 0.0288590 seconds, Stopping threads took: 0.0003779 seconds
2018-04-30T04:32:41.314+0200: 323.650: Application time: 0.4248640 seconds
2018-04-30T04:32:41.315+0200: 323.651: [GC pause (G1 Evacuation Pause) (young)
Desired survivor size 260046848 bytes, new threshold 15 (max 15)
- age   1:   12336000 bytes,   12336000 total
- age   2:    3444968 bytes,   15780968 total
- age   3:    1132280 bytes,   16913248 total
- age   4:    1126424 bytes,   18039672 total
- age   5:    1123800 bytes,   19163472 total
- age   6:    1187976 bytes,   20351448 total
- age   7:    1529168 bytes,   21880616 total
- age   8:    1132296 bytes,   23012912 total
- age   9:    1113320 bytes,   24126232 total
- age  10:    1130240 bytes,   25256472 total
- age  11:    1135264 bytes,   26391736 total
- age  12:    1152408 bytes,   27544144 total
- age  13:     173000 bytes,   27717144 total
- age  14:       5352 bytes,   27722496 total
- age  15:       4592 bytes,   27727088 total
, 0.0283338 secs]
   [Parallel Time: 11.9 ms, GC Workers: 30]
      [GC Worker Start (ms): Min: 323651.4, Avg: 323652.0, Max: 323652.4, Diff: 1.0]
      [Ext Root Scanning (ms): Min: 0.2, Avg: 0.6, Max: 1.5, Diff: 1.3, Sum: 17.0]
      [Update RS (ms): Min: 1.9, Avg: 2.3, Max: 2.9, Diff: 0.9, Sum: 70.0]
         [Processed Buffers: Min: 2, Avg: 3.9, Max: 11, Diff: 9, Sum: 118]
      [Scan RS (ms): Min: 0.0, Avg: 0.2, Max: 0.5, Diff: 0.5, Sum: 5.7]
      [Code Root Scanning (ms): Min: 0.0, Avg: 0.0, Max: 0.0, Diff: 0.0, Sum: 0.1]
      [Object Copy (ms): Min: 7.2, Avg: 7.6, Max: 7.7, Diff: 0.5, Sum: 227.1]
      [Termination (ms): Min: 0.0, Avg: 0.0, Max: 0.0, Diff: 0.0, Sum: 0.2]
         [Termination Attempts: Min: 1, Avg: 1.0, Max: 1, Diff: 0, Sum: 30]
      [GC Worker Other (ms): Min: 0.0, Avg: 0.2, Max: 0.4, Diff: 0.3, Sum: 5.5]
      [GC Worker Total (ms): Min: 10.4, Avg: 10.9, Max: 11.4, Diff: 1.0, Sum: 325.5]
      [GC Worker End (ms): Min: 323662.7, Avg: 323662.8, Max: 323663.0, Diff: 0.3]
   [Code Root Fixup: 0.0 ms]
   [Code Root Purge: 0.0 ms]
   [Clear CT: 2.1 ms]
   [Other: 14.3 ms]
      [Choose CSet: 0.0 ms]
      [Ref Proc: 8.6 ms]
      [Ref Enq: 1.2 ms]
      [Redirty Cards: 2.6 ms]
      [Humongous Register: 0.3 ms]
      [Humongous Reclaim: 0.1 ms]
      [Free CSet: 1.2 ms]
   [Eden: 3924.0M(3924.0M)->0.0B(3916.0M) Survivors: 44.0M->48.0M Heap: 7019.1M(8192.0M)->3099.0M(8192.0M)]
 [Times: user=0.34 sys=0.01, real=0.02 secs]
2018-04-30T04:32:41.343+0200: 323.680: Total time for which application threads were stopped: 0.0295369 seconds, Stopping threads took: 0.0003218 seconds
2018-04-30T04:32:41.782+0200: 324.119: Application time: 0.4390281 seconds
2018-04-30T04:32:41.783+0200: 324.120: [GC pause (G1 Evacuation Pause) (young)
Desired survivor size 260046848 bytes, new threshold 15 (max 15)
- age   1:   12417552 bytes,   12417552 total
- age   2:    1101640 bytes,   13519192 total
- age   3:    3440216 bytes,   16959408 total
- age   4:    1130968 bytes,   18090376 total
- age   5:    1125368 bytes,   19215744 total
- age   6:    1123096 bytes,   20338840 total
- age   7:    1187592 bytes,   21526432 total
- age   8:    1528912 bytes,   23055344 total
- age   9:    1132168 bytes,   24187512 total
- age  10:    1113320 bytes,   25300832 total
- age  11:    1130048 bytes,   26430880 total
- age  12:    1135136 bytes,   27566016 total
- age  13:     208640 bytes,   27774656 total
- age  14:       3000 bytes,   27777656 total
- age  15:       5288 bytes,   27782944 total
, 0.0291305 secs]
   [Parallel Time: 12.0 ms, GC Workers: 30]
      [GC Worker Start (ms): Min: 324120.0, Avg: 324120.4, Max: 324120.9, Diff: 0.9]
      [Ext Root Scanning (ms): Min: 0.0, Avg: 0.4, Max: 1.3, Diff: 1.3, Sum: 13.4]
      [Update RS (ms): Min: 1.8, Avg: 2.4, Max: 2.8, Diff: 1.0, Sum: 71.3]
         [Processed Buffers: Min: 2, Avg: 3.9, Max: 10, Diff: 8, Sum: 118]
      [Scan RS (ms): Min: 0.0, Avg: 0.2, Max: 0.5, Diff: 0.5, Sum: 5.7]
      [Code Root Scanning (ms): Min: 0.0, Avg: 0.0, Max: 0.0, Diff: 0.0, Sum: 0.1]
      [Object Copy (ms): Min: 7.7, Avg: 7.9, Max: 8.1, Diff: 0.4, Sum: 237.4]
      [Termination (ms): Min: 0.0, Avg: 0.0, Max: 0.0, Diff: 0.0, Sum: 0.2]
         [Termination Attempts: Min: 1, Avg: 1.0, Max: 1, Diff: 0, Sum: 30]
      [GC Worker Other (ms): Min: 0.0, Avg: 0.2, Max: 0.4, Diff: 0.3, Sum: 5.6]
      [GC Worker Total (ms): Min: 10.5, Avg: 11.1, Max: 11.6, Diff: 1.1, Sum: 333.7]
      [GC Worker End (ms): Min: 324131.4, Avg: 324131.5, Max: 324131.7, Diff: 0.3]
   [Code Root Fixup: 0.0 ms]
   [Code Root Purge: 0.0 ms]
   [Clear CT: 2.3 ms]
   [Other: 14.9 ms]
      [Choose CSet: 0.0 ms]
      [Ref Proc: 9.3 ms]
      [Ref Enq: 1.2 ms]
      [Redirty Cards: 2.4 ms]
      [Humongous Register: 0.3 ms]
      [Humongous Reclaim: 0.1 ms]
      [Free CSet: 1.4 ms]
   [Eden: 3916.0M(3916.0M)->0.0B(3916.0M) Survivors: 48.0M->48.0M Heap: 7015.0M(8192.0M)->3100.8M(8192.0M)]
 [Times: user=0.34 sys=0.01, real=0.04 secs]
2018-04-30T04:32:41.813+0200: 324.149: Total time for which application threads were stopped: 0.0303901 seconds, Stopping threads took: 0.0004245 seconds
2018-04-30T04:32:42.224+0200: 324.560: Application time: 0.4114002 seconds
2018-04-30T04:32:42.225+0200: 324.561: [GC pause (G1 Evacuation Pause) (young)
Desired survivor size 260046848 bytes, new threshold 15 (max 15)
- age   1:   16558280 bytes,   16558280 total
- age   2:    1133320 bytes,   17691600 total
- age   3:    1095896 bytes,   18787496 total
- age   4:    3438984 bytes,   22226480 total
- age   5:    1129176 bytes,   23355656 total
- age   6:    1124528 bytes,   24480184 total
- age   7:    1122584 bytes,   25602768 total
- age   8:    1187208 bytes,   26789976 total
- age   9:    1528400 bytes,   28318376 total
- age  10:    1131848 bytes,   29450224 total
- age  11:    1113256 bytes,   30563480 total
- age  12:    1129856 bytes,   31693336 total
- age  13:     252280 bytes,   31945616 total
- age  14:       3080 bytes,   31948696 total
- age  15:       2936 bytes,   31951632 total
, 0.0284556 secs]
   [Parallel Time: 12.5 ms, GC Workers: 30]
      [GC Worker Start (ms): Min: 324561.8, Avg: 324562.3, Max: 324562.7, Diff: 1.0]
      [Ext Root Scanning (ms): Min: 0.1, Avg: 0.5, Max: 1.3, Diff: 1.2, Sum: 15.4]
      [Update RS (ms): Min: 1.8, Avg: 2.3, Max: 2.9, Diff: 1.1, Sum: 69.6]
         [Processed Buffers: Min: 2, Avg: 4.0, Max: 15, Diff: 13, Sum: 119]
      [Scan RS (ms): Min: 0.0, Avg: 0.2, Max: 0.4, Diff: 0.4, Sum: 5.8]
      [Code Root Scanning (ms): Min: 0.0, Avg: 0.0, Max: 0.0, Diff: 0.0, Sum: 0.1]
      [Object Copy (ms): Min: 7.9, Avg: 8.3, Max: 8.5, Diff: 0.6, Sum: 250.0]
      [Termination (ms): Min: 0.0, Avg: 0.0, Max: 0.0, Diff: 0.0, Sum: 0.2]
         [Termination Attempts: Min: 1, Avg: 1.0, Max: 1, Diff: 0, Sum: 30]
      [GC Worker Other (ms): Min: 0.0, Avg: 0.2, Max: 0.3, Diff: 0.3, Sum: 4.9]
      [GC Worker Total (ms): Min: 11.1, Avg: 11.5, Max: 12.1, Diff: 1.0, Sum: 346.1]
      [GC Worker End (ms): Min: 324573.7, Avg: 324573.8, Max: 324574.0, Diff: 0.3]
   [Code Root Fixup: 0.0 ms]
   [Code Root Purge: 0.0 ms]
   [Clear CT: 1.7 ms]
   [Other: 14.3 ms]
      [Choose CSet: 0.0 ms]
      [Ref Proc: 8.4 ms]
      [Ref Enq: 1.2 ms]
      [Redirty Cards: 2.9 ms]
      [Humongous Register: 0.3 ms]
      [Humongous Reclaim: 0.1 ms]
      [Free CSet: 1.2 ms]
   [Eden: 3916.0M(3916.0M)->0.0B(3924.0M) Survivors: 48.0M->44.0M Heap: 7016.8M(8192.0M)->3096.1M(8192.0M)]
 [Times: user=0.36 sys=0.00, real=0.03 secs]
2018-04-30T04:32:42.254+0200: 324.590: Total time for which application threads were stopped: 0.0296454 seconds, Stopping threads took: 0.0003213 seconds
2018-04-30T04:32:42.693+0200: 325.029: Application time: 0.4391072 seconds
2018-04-30T04:32:42.694+0200: 325.030: [GC pause (G1 Evacuation Pause) (young)
Desired survivor size 260046848 bytes, new threshold 15 (max 15)
- age   1:   12315872 bytes,   12315872 total
- age   2:    1245448 bytes,   13561320 total
- age   3:    1129640 bytes,   14690960 total
- age   4:    1094328 bytes,   15785288 total
- age   5:    3437928 bytes,   19223216 total
- age   6:    1128792 bytes,   20352008 total
- age   7:    1123888 bytes,   21475896 total
- age   8:    1122520 bytes,   22598416 total
- age   9:    1186888 bytes,   23785304 total
- age  10:    1528072 bytes,   25313376 total
- age  11:    1131592 bytes,   26444968 total
- age  12:    1113192 bytes,   27558160 total
- age  13:     269592 bytes,   27827752 total
- age  14:       2928 bytes,   27830680 total
- age  15:       3016 bytes,   27833696 total
, 0.0283167 secs]
   [Parallel Time: 11.0 ms, GC Workers: 30]
      [GC Worker Start (ms): Min: 325030.6, Avg: 325031.0, Max: 325031.3, Diff: 0.7]
      [Ext Root Scanning (ms): Min: 0.2, Avg: 0.5, Max: 1.4, Diff: 1.2, Sum: 15.7]
      [Update RS (ms): Min: 2.0, Avg: 2.3, Max: 2.9, Diff: 0.9, Sum: 68.8]
         [Processed Buffers: Min: 2, Avg: 3.8, Max: 11, Diff: 9, Sum: 114]
      [Scan RS (ms): Min: 0.0, Avg: 0.2, Max: 0.4, Diff: 0.4, Sum: 5.6]
      [Code Root Scanning (ms): Min: 0.0, Avg: 0.0, Max: 0.0, Diff: 0.0, Sum: 0.0]
      [Object Copy (ms): Min: 6.8, Avg: 7.2, Max: 7.4, Diff: 0.6, Sum: 216.2]
      [Termination (ms): Min: 0.0, Avg: 0.0, Max: 0.0, Diff: 0.0, Sum: 0.2]
         [Termination Attempts: Min: 1, Avg: 1.0, Max: 1, Diff: 0, Sum: 30]
      [GC Worker Other (ms): Min: 0.0, Avg: 0.2, Max: 0.3, Diff: 0.3, Sum: 5.0]
      [GC Worker Total (ms): Min: 10.0, Avg: 10.4, Max: 10.8, Diff: 0.8, Sum: 311.7]
      [GC Worker End (ms): Min: 325041.2, Avg: 325041.3, Max: 325041.5, Diff: 0.3]
   [Code Root Fixup: 0.0 ms]
   [Code Root Purge: 0.0 ms]
   [Clear CT: 2.0 ms]
   [Other: 15.3 ms]
      [Choose CSet: 0.0 ms]
      [Ref Proc: 9.4 ms]
      [Ref Enq: 1.2 ms]
      [Redirty Cards: 2.8 ms]
      [Humongous Register: 0.3 ms]
      [Humongous Reclaim: 0.1 ms]
      [Free CSet: 1.2 ms]
   [Eden: 3924.0M(3924.0M)->0.0B(3924.0M) Survivors: 44.0M->44.0M Heap: 7020.1M(8192.0M)->3097.8M(8192.0M)]
 [Times: user=0.34 sys=0.00, real=0.02 secs]
2018-04-30T04:32:42.722+0200: 325.059: Total time for which application threads were stopped: 0.0296082 seconds, Stopping threads took: 0.0004140 seconds
2018-04-30T04:32:43.153+0200: 325.489: Application time: 0.4301769 seconds
2018-04-30T04:32:43.154+0200: 325.490: [GC pause (G1 Evacuation Pause) (young)
Desired survivor size 260046848 bytes, new threshold 15 (max 15)
- age   1:   12104472 bytes,   12104472 total
- age   2:    1138608 bytes,   13243080 total
- age   3:    1241512 bytes,   14484592 total
- age   4:    1127688 bytes,   15612280 total
- age   5:    1093048 bytes,   16705328 total
- age   6:    3436248 bytes,   20141576 total
- age   7:    1128344 bytes,   21269920 total
- age   8:    1123440 bytes,   22393360 total
- age   9:    1122264 bytes,   23515624 total
- age  10:    1186760 bytes,   24702384 total
- age  11:    1528008 bytes,   26230392 total
- age  12:    1131272 bytes,   27361664 total
- age  13:     301208 bytes,   27662872 total
- age  14:      12552 bytes,   27675424 total
- age  15:       2736 bytes,   27678160 total
, 0.0274109 secs]
   [Parallel Time: 11.5 ms, GC Workers: 30]
      [GC Worker Start (ms): Min: 325490.4, Avg: 325490.9, Max: 325491.4, Diff: 1.0]
      [Ext Root Scanning (ms): Min: 0.0, Avg: 0.5, Max: 1.3, Diff: 1.3, Sum: 15.3]
      [Update RS (ms): Min: 1.7, Avg: 2.5, Max: 2.9, Diff: 1.2, Sum: 73.8]
         [Processed Buffers: Min: 2, Avg: 3.9, Max: 18, Diff: 16, Sum: 116]
      [Scan RS (ms): Min: 0.0, Avg: 0.2, Max: 0.5, Diff: 0.5, Sum: 5.7]
      [Code Root Scanning (ms): Min: 0.0, Avg: 0.0, Max: 0.0, Diff: 0.0, Sum: 0.1]
      [Object Copy (ms): Min: 7.2, Avg: 7.4, Max: 7.6, Diff: 0.4, Sum: 222.2]
      [Termination (ms): Min: 0.0, Avg: 0.0, Max: 0.0, Diff: 0.0, Sum: 0.3]
         [Termination Attempts: Min: 1, Avg: 1.0, Max: 1, Diff: 0, Sum: 30]
      [GC Worker Other (ms): Min: 0.0, Avg: 0.2, Max: 0.3, Diff: 0.3, Sum: 4.9]
      [GC Worker Total (ms): Min: 10.1, Avg: 10.7, Max: 11.2, Diff: 1.1, Sum: 322.2]
      [GC Worker End (ms): Min: 325501.5, Avg: 325501.7, Max: 325501.8, Diff: 0.3]
   [Code Root Fixup: 0.0 ms]
   [Code Root Purge: 0.0 ms]
   [Clear CT: 1.9 ms]
   [Other: 14.0 ms]
      [Choose CSet: 0.0 ms]
      [Ref Proc: 8.9 ms]
      [Ref Enq: 1.3 ms]
      [Redirty Cards: 2.0 ms]
      [Humongous Register: 0.3 ms]
      [Humongous Reclaim: 0.1 ms]
      [Free CSet: 1.2 ms]
   [Eden: 3924.0M(3924.0M)->0.0B(3924.0M) Survivors: 44.0M->44.0M Heap: 7021.8M(8192.0M)->3096.9M(8192.0M)]
 [Times: user=0.35 sys=0.00, real=0.02 secs]
2018-04-30T04:32:43.181+0200: 325.518: Total time for which application threads were stopped: 0.0287233 seconds, Stopping threads took: 0.0004091 seconds
2018-04-30T04:32:43.692+0200: 326.028: Application time: 0.5107043 seconds
2018-04-30T04:32:43.693+0200: 326.029: [GC pause (G1 Evacuation Pause) (young)
Desired survivor size 260046848 bytes, new threshold 15 (max 15)
- age   1:   14319168 bytes,   14319168 total
- age   2:    1083680 bytes,   15402848 total
- age   3:    1117472 bytes,   16520320 total
- age   4:    1097896 bytes,   17618216 total
- age   5:    1121256 bytes,   18739472 total
- age   6:    1066376 bytes,   19805848 total
- age   7:    3195832 bytes,   23001680 total
- age   8:    1127768 bytes,   24129448 total
- age   9:    1121776 bytes,   25251224 total
- age  10:    1120728 bytes,   26371952 total
- age  11:    1170728 bytes,   27542680 total
- age  12:    1065944 bytes,   28608624 total
- age  13:     288008 bytes,   28896632 total
- age  14:       8680 bytes,   28905312 total
- age  15:      12552 bytes,   28917864 total
, 0.0276571 secs]
   [Parallel Time: 11.3 ms, GC Workers: 30]
      [GC Worker Start (ms): Min: 326029.9, Avg: 326030.5, Max: 326031.1, Diff: 1.1]
      [Ext Root Scanning (ms): Min: 0.0, Avg: 0.4, Max: 1.2, Diff: 1.2, Sum: 13.3]
      [Update RS (ms): Min: 1.9, Avg: 2.4, Max: 2.8, Diff: 0.9, Sum: 70.7]
         [Processed Buffers: Min: 2, Avg: 3.8, Max: 17, Diff: 15, Sum: 114]
      [Scan RS (ms): Min: 0.0, Avg: 0.2, Max: 0.5, Diff: 0.4, Sum: 5.2]
      [Code Root Scanning (ms): Min: 0.0, Avg: 0.0, Max: 0.0, Diff: 0.0, Sum: 0.0]
      [Object Copy (ms): Min: 6.9, Avg: 7.2, Max: 7.4, Diff: 0.5, Sum: 216.4]
      [Termination (ms): Min: 0.0, Avg: 0.0, Max: 0.0, Diff: 0.0, Sum: 0.4]
         [Termination Attempts: Min: 1, Avg: 1.0, Max: 2, Diff: 1, Sum: 31]
      [GC Worker Other (ms): Min: 0.0, Avg: 0.2, Max: 0.3, Diff: 0.3, Sum: 5.0]
      [GC Worker Total (ms): Min: 9.8, Avg: 10.4, Max: 11.0, Diff: 1.3, Sum: 311.1]
      [GC Worker End (ms): Min: 326040.8, Avg: 326040.9, Max: 326041.1, Diff: 0.3]
   [Code Root Fixup: 0.0 ms]
   [Code Root Purge: 0.0 ms]
   [Clear CT: 1.8 ms]
   [Other: 14.5 ms]
      [Choose CSet: 0.0 ms]
      [Ref Proc: 8.7 ms]
      [Ref Enq: 1.4 ms]
      [Redirty Cards: 2.4 ms]
      [Humongous Register: 0.3 ms]
      [Humongous Reclaim: 0.1 ms]
      [Free CSet: 1.2 ms]
   [Eden: 3924.0M(3924.0M)->0.0B(3916.0M) Survivors: 44.0M->48.0M Heap: 7020.9M(8192.0M)->3099.1M(8192.0M)]
 [Times: user=0.34 sys=0.00, real=0.02 secs]
2018-04-30T04:32:43.721+0200: 326.057: Total time for which application threads were stopped: 0.0290436 seconds, Stopping threads took: 0.0004586 seconds
2018-04-30T04:32:44.149+0200: 326.485: Application time: 0.4281058 seconds
2018-04-30T04:32:44.150+0200: 326.486: [GC pause (G1 Evacuation Pause) (young)
Desired survivor size 260046848 bytes, new threshold 15 (max 15)
- age   1:   12592696 bytes,   12592696 total
- age   2:    2041240 bytes,   14633936 total
- age   3:    1079312 bytes,   15713248 total
- age   4:    1116256 bytes,   16829504 total
- age   5:    1095584 bytes,   17925088 total
- age   6:    1120296 bytes,   19045384 total
- age   7:    1064904 bytes,   20110288 total
- age   8:    3195192 bytes,   23305480 total
- age   9:    1127640 bytes,   24433120 total
- age  10:    1121392 bytes,   25554512 total
- age  11:    1120344 bytes,   26674856 total
- age  12:    1170408 bytes,   27845264 total
- age  13:     194856 bytes,   28040120 total
- age  14:       8664 bytes,   28048784 total
- age  15:       8296 bytes,   28057080 total
, 0.0271022 secs]
   [Parallel Time: 10.9 ms, GC Workers: 30]
      [GC Worker Start (ms): Min: 326486.9, Avg: 326487.4, Max: 326487.9, Diff: 1.0]
      [Ext Root Scanning (ms): Min: 0.0, Avg: 0.5, Max: 1.3, Diff: 1.2, Sum: 14.9]
      [Update RS (ms): Min: 1.9, Avg: 2.3, Max: 2.9, Diff: 1.0, Sum: 69.3]
         [Processed Buffers: Min: 2, Avg: 3.9, Max: 16, Diff: 14, Sum: 118]
      [Scan RS (ms): Min: 0.0, Avg: 0.2, Max: 0.5, Diff: 0.4, Sum: 5.6]
      [Code Root Scanning (ms): Min: 0.0, Avg: 0.0, Max: 0.0, Diff: 0.0, Sum: 0.0]
      [Object Copy (ms): Min: 6.5, Avg: 6.9, Max: 7.1, Diff: 0.6, Sum: 207.4]
      [Termination (ms): Min: 0.0, Avg: 0.0, Max: 0.0, Diff: 0.0, Sum: 0.2]
         [Termination Attempts: Min: 1, Avg: 1.0, Max: 1, Diff: 0, Sum: 30]
      [GC Worker Other (ms): Min: 0.0, Avg: 0.2, Max: 0.3, Diff: 0.3, Sum: 5.0]
      [GC Worker Total (ms): Min: 9.7, Avg: 10.1, Max: 10.7, Diff: 1.0, Sum: 302.5]
      [GC Worker End (ms): Min: 326497.4, Avg: 326497.5, Max: 326497.7, Diff: 0.3]
   [Code Root Fixup: 0.0 ms]
   [Code Root Purge: 0.0 ms]
   [Clear CT: 2.0 ms]
   [Other: 14.2 ms]
      [Choose CSet: 0.0 ms]
      [Ref Proc: 8.4 ms]
      [Ref Enq: 1.3 ms]
      [Redirty Cards: 2.6 ms]
      [Humongous Register: 0.3 ms]
      [Humongous Reclaim: 0.1 ms]
      [Free CSet: 1.3 ms]
   [Eden: 3916.0M(3916.0M)->0.0B(3924.0M) Survivors: 48.0M->44.0M Heap: 7015.1M(8192.0M)->3095.1M(8192.0M)]
 [Times: user=0.33 sys=0.00, real=0.03 secs]
2018-04-30T04:32:44.177+0200: 326.514: Total time for which application threads were stopped: 0.0283285 seconds, Stopping threads took: 0.0003175 seconds
2018-04-30T04:32:44.607+0200: 326.943: Application time: 0.4290762 seconds
2018-04-30T04:32:44.608+0200: 326.944: [GC pause (G1 Evacuation Pause) (young)
Desired survivor size 260046848 bytes, new threshold 15 (max 15)
- age   1:   11275880 bytes,   11275880 total
- age   2:    1176352 bytes,   12452232 total
- age   3:    2037112 bytes,   14489344 total
- age   4:    1077520 bytes,   15566864 total
- age   5:    1114816 bytes,   16681680 total
- age   6:    1094048 bytes,   17775728 total
- age   7:    1119144 bytes,   18894872 total
- age   8:    1064008 bytes,   19958880 total
- age   9:    3194488 bytes,   23153368 total
- age  10:    1127640 bytes,   24281008 total
- age  11:    1120944 bytes,   25401952 total
- age  12:    1120152 bytes,   26522104 total
- age  13:     236384 bytes,   26758488 total
- age  14:      12104 bytes,   26770592 total
- age  15:       8664 bytes,   26779256 total
, 0.0291904 secs]
   [Parallel Time: 12.3 ms, GC Workers: 30]
      [GC Worker Start (ms): Min: 326944.8, Avg: 326945.3, Max: 326945.8, Diff: 1.0]
      [Ext Root Scanning (ms): Min: 0.0, Avg: 0.5, Max: 1.3, Diff: 1.3, Sum: 14.5]
      [Update RS (ms): Min: 1.9, Avg: 2.5, Max: 3.0, Diff: 1.1, Sum: 74.5]
         [Processed Buffers: Min: 2, Avg: 3.8, Max: 18, Diff: 16, Sum: 115]
      [Scan RS (ms): Min: 0.0, Avg: 0.2, Max: 0.6, Diff: 0.5, Sum: 5.4]
      [Code Root Scanning (ms): Min: 0.0, Avg: 0.0, Max: 0.0, Diff: 0.0, Sum: 0.1]
      [Object Copy (ms): Min: 7.7, Avg: 8.0, Max: 8.2, Diff: 0.5, Sum: 241.1]
      [Termination (ms): Min: 0.0, Avg: 0.0, Max: 0.0, Diff: 0.0, Sum: 0.3]
         [Termination Attempts: Min: 1, Avg: 1.0, Max: 1, Diff: 0, Sum: 30]
      [GC Worker Other (ms): Min: 0.0, Avg: 0.2, Max: 0.3, Diff: 0.3, Sum: 4.7]
      [GC Worker Total (ms): Min: 10.7, Avg: 11.4, Max: 12.0, Diff: 1.3, Sum: 340.5]
      [GC Worker End (ms): Min: 326956.5, Avg: 326956.7, Max: 326956.8, Diff: 0.3]
   [Code Root Fixup: 0.0 ms]
   [Code Root Purge: 0.0 ms]
   [Clear CT: 2.4 ms]
   [Other: 14.5 ms]
      [Choose CSet: 0.0 ms]
      [Ref Proc: 8.9 ms]
      [Ref Enq: 1.1 ms]
      [Redirty Cards: 2.6 ms]
      [Humongous Register: 0.3 ms]
      [Humongous Reclaim: 0.1 ms]
      [Free CSet: 1.2 ms]
   [Eden: 3924.0M(3924.0M)->0.0B(3924.0M) Survivors: 44.0M->44.0M Heap: 7019.1M(8192.0M)->3096.8M(8192.0M)]
 [Times: user=0.37 sys=0.00, real=0.03 secs]
2018-04-30T04:32:44.637+0200: 326.974: Total time for which application threads were stopped: 0.0308129 seconds, Stopping threads took: 0.0006785 seconds
2018-04-30T04:32:45.051+0200: 327.387: Application time: 0.4136901 seconds
2018-04-30T04:32:45.052+0200: 327.388: [GC pause (G1 Evacuation Pause) (young)
Desired survivor size 260046848 bytes, new threshold 15 (max 15)
- age   1:   13027048 bytes,   13027048 total
- age   2:    1137720 bytes,   14164768 total
- age   3:    1172016 bytes,   15336784 total
- age   4:    2035000 bytes,   17371784 total
- age   5:    1076336 bytes,   18448120 total
- age   6:    1114112 bytes,   19562232 total
- age   7:    1093792 bytes,   20656024 total
- age   8:    1118248 bytes,   21774272 total
- age   9:    1063496 bytes,   22837768 total
- age  10:    3194040 bytes,   26031808 total
- age  11:    1127512 bytes,   27159320 total
- age  12:    1120816 bytes,   28280136 total
- age  13:     212096 bytes,   28492232 total
- age  14:      11656 bytes,   28503888 total
- age  15:      11848 bytes,   28515736 total
, 0.0274468 secs]
   [Parallel Time: 10.7 ms, GC Workers: 30]
      [GC Worker Start (ms): Min: 327388.9, Avg: 327389.5, Max: 327389.9, Diff: 1.0]
      [Ext Root Scanning (ms): Min: 0.0, Avg: 0.5, Max: 1.3, Diff: 1.3, Sum: 14.1]
      [Update RS (ms): Min: 1.9, Avg: 2.4, Max: 3.1, Diff: 1.2, Sum: 72.2]
         [Processed Buffers: Min: 2, Avg: 3.9, Max: 20, Diff: 18, Sum: 117]
      [Scan RS (ms): Min: 0.0, Avg: 0.2, Max: 0.5, Diff: 0.4, Sum: 5.9]
      [Code Root Scanning (ms): Min: 0.0, Avg: 0.0, Max: 0.0, Diff: 0.0, Sum: 0.1]
      [Object Copy (ms): Min: 6.0, Avg: 6.6, Max: 6.8, Diff: 0.8, Sum: 197.8]
      [Termination (ms): Min: 0.0, Avg: 0.0, Max: 0.0, Diff: 0.0, Sum: 0.3]
         [Termination Attempts: Min: 1, Avg: 1.0, Max: 1, Diff: 0, Sum: 30]
      [GC Worker Other (ms): Min: 0.0, Avg: 0.2, Max: 0.3, Diff: 0.3, Sum: 5.0]
      [GC Worker Total (ms): Min: 9.3, Avg: 9.8, Max: 10.4, Diff: 1.2, Sum: 295.4]
      [GC Worker End (ms): Min: 327399.1, Avg: 327399.3, Max: 327399.5, Diff: 0.3]
   [Code Root Fixup: 0.0 ms]
   [Code Root Purge: 0.0 ms]
   [Clear CT: 2.7 ms]
   [Other: 14.1 ms]
      [Choose CSet: 0.0 ms]
      [Ref Proc: 8.4 ms]
      [Ref Enq: 1.4 ms]
      [Redirty Cards: 2.5 ms]
      [Humongous Register: 0.3 ms]
      [Humongous Reclaim: 0.1 ms]
      [Free CSet: 1.2 ms]
   [Eden: 3924.0M(3924.0M)->0.0B(3924.0M) Survivors: 44.0M->44.0M Heap: 7020.8M(8192.0M)->3096.1M(8192.0M)]
 [Times: user=0.32 sys=0.00, real=0.02 secs]
2018-04-30T04:32:45.080+0200: 327.416: Total time for which application threads were stopped: 0.0287361 seconds, Stopping threads took: 0.0004245 seconds
2018-04-30T04:32:45.506+0200: 327.842: Application time: 0.4260239 seconds
2018-04-30T04:32:45.507+0200: 327.843: [GC pause (G1 Evacuation Pause) (young)
Desired survivor size 260046848 bytes, new threshold 15 (max 15)
- age   1:   12202336 bytes,   12202336 total
- age   2:    1298336 bytes,   13500672 total
- age   3:    1133320 bytes,   14633992 total
- age   4:    1170288 bytes,   15804280 total
- age   5:    2033912 bytes,   17838192 total
- age   6:    1075312 bytes,   18913504 total
- age   7:    1113728 bytes,   20027232 total
- age   8:    1093408 bytes,   21120640 total
- age   9:    1117736 bytes,   22238376 total
- age  10:    1063112 bytes,   23301488 total
- age  11:    3193784 bytes,   26495272 total
- age  12:    1127448 bytes,   27622720 total
- age  13:     179832 bytes,   27802552 total
- age  14:       3200 bytes,   27805752 total
- age  15:      11336 bytes,   27817088 total
, 0.0306340 secs]
   [Parallel Time: 11.8 ms, GC Workers: 30]
      [GC Worker Start (ms): Min: 327843.8, Avg: 327844.1, Max: 327844.4, Diff: 0.6]
      [Ext Root Scanning (ms): Min: 0.3, Avg: 0.6, Max: 1.4, Diff: 1.1, Sum: 17.3]
      [Update RS (ms): Min: 1.9, Avg: 2.3, Max: 2.9, Diff: 1.0, Sum: 70.3]
         [Processed Buffers: Min: 2, Avg: 3.8, Max: 17, Diff: 15, Sum: 114]
      [Scan RS (ms): Min: 0.0, Avg: 0.2, Max: 0.5, Diff: 0.4, Sum: 5.7]
      [Code Root Scanning (ms): Min: 0.0, Avg: 0.0, Max: 0.0, Diff: 0.0, Sum: 0.1]
      [Object Copy (ms): Min: 7.3, Avg: 7.7, Max: 7.9, Diff: 0.7, Sum: 231.3]
      [Termination (ms): Min: 0.0, Avg: 0.0, Max: 0.0, Diff: 0.0, Sum: 0.3]
         [Termination Attempts: Min: 1, Avg: 1.0, Max: 1, Diff: 0, Sum: 30]
      [GC Worker Other (ms): Min: 0.0, Avg: 0.2, Max: 0.3, Diff: 0.3, Sum: 5.2]
      [GC Worker Total (ms): Min: 10.6, Avg: 11.0, Max: 11.4, Diff: 0.8, Sum: 330.1]
      [GC Worker End (ms): Min: 327855.0, Avg: 327855.1, Max: 327855.3, Diff: 0.3]
   [Code Root Fixup: 0.0 ms]
   [Code Root Purge: 0.0 ms]
   [Clear CT: 3.2 ms]
   [Other: 15.7 ms]
      [Choose CSet: 0.0 ms]
      [Ref Proc: 9.4 ms]
      [Ref Enq: 1.4 ms]
      [Redirty Cards: 2.9 ms]
      [Humongous Register: 0.3 ms]
      [Humongous Reclaim: 0.1 ms]
      [Free CSet: 1.3 ms]
   [Eden: 3924.0M(3924.0M)->0.0B(3916.0M) Survivors: 44.0M->48.0M Heap: 7020.1M(8192.0M)->3100.1M(8192.0M)]
 [Times: user=0.34 sys=0.01, real=0.03 secs]
2018-04-30T04:32:45.538+0200: 327.874: Total time for which application threads were stopped: 0.0321052 seconds, Stopping threads took: 0.0005137 seconds
2018-04-30T04:32:45.957+0200: 328.293: Application time: 0.4186666 seconds
2018-04-30T04:32:45.958+0200: 328.294: [GC pause (G1 Evacuation Pause) (young)
Desired survivor size 260046848 bytes, new threshold 15 (max 15)
- age   1:   12299240 bytes,   12299240 total
- age   2:    1979256 bytes,   14278496 total
- age   3:    1293888 bytes,   15572384 total
- age   4:    1131336 bytes,   16703720 total
- age   5:    1169264 bytes,   17872984 total
- age   6:    2032696 bytes,   19905680 total
- age   7:    1074672 bytes,   20980352 total
- age   8:    1113280 bytes,   22093632 total
- age   9:    1092832 bytes,   23186464 total
- age  10:    1117352 bytes,   24303816 total
- age  11:    1062600 bytes,   25366416 total
- age  12:    3193720 bytes,   28560136 total
- age  13:     172048 bytes,   28732184 total
- age  14:       3784 bytes,   28735968 total
- age  15:       3200 bytes,   28739168 total
, 0.0284535 secs]
   [Parallel Time: 11.1 ms, GC Workers: 30]
      [GC Worker Start (ms): Min: 328294.4, Avg: 328294.9, Max: 328295.3, Diff: 0.9]
      [Ext Root Scanning (ms): Min: 0.1, Avg: 0.5, Max: 1.3, Diff: 1.2, Sum: 16.4]
      [Update RS (ms): Min: 1.8, Avg: 2.3, Max: 2.9, Diff: 1.1, Sum: 70.5]
         [Processed Buffers: Min: 2, Avg: 3.9, Max: 14, Diff: 12, Sum: 118]
      [Scan RS (ms): Min: 0.0, Avg: 0.2, Max: 0.4, Diff: 0.4, Sum: 5.6]
      [Code Root Scanning (ms): Min: 0.0, Avg: 0.0, Max: 0.0, Diff: 0.0, Sum: 0.0]
      [Object Copy (ms): Min: 6.8, Avg: 7.2, Max: 7.4, Diff: 0.6, Sum: 216.0]
      [Termination (ms): Min: 0.0, Avg: 0.0, Max: 0.0, Diff: 0.0, Sum: 0.3]
         [Termination Attempts: Min: 1, Avg: 1.0, Max: 1, Diff: 0, Sum: 30]
      [GC Worker Other (ms): Min: 0.0, Avg: 0.2, Max: 0.3, Diff: 0.3, Sum: 5.2]
      [GC Worker Total (ms): Min: 10.0, Avg: 10.5, Max: 11.0, Diff: 1.0, Sum: 314.1]
      [GC Worker End (ms): Min: 328305.2, Avg: 328305.4, Max: 328305.5, Diff: 0.3]
   [Code Root Fixup: 0.0 ms]
   [Code Root Purge: 0.0 ms]
   [Clear CT: 2.0 ms]
   [Other: 15.3 ms]
      [Choose CSet: 0.0 ms]
      [Ref Proc: 9.7 ms]
      [Ref Enq: 1.2 ms]
      [Redirty Cards: 2.5 ms]
      [Humongous Register: 0.3 ms]
      [Humongous Reclaim: 0.1 ms]
      [Free CSet: 1.3 ms]
   [Eden: 3916.0M(3916.0M)->0.0B(3924.0M) Survivors: 48.0M->44.0M Heap: 7016.1M(8192.0M)->3097.0M(8192.0M)]
 [Times: user=0.34 sys=0.00, real=0.03 secs]
2018-04-30T04:32:45.986+0200: 328.323: Total time for which application threads were stopped: 0.0297658 seconds, Stopping threads took: 0.0004005 seconds
2018-04-30T04:32:46.402+0200: 328.739: Application time: 0.4158173 seconds
2018-04-30T04:32:46.403+0200: 328.740: [GC pause (G1 Evacuation Pause) (young)
Desired survivor size 260046848 bytes, new threshold 15 (max 15)
- age   1:   10730280 bytes,   10730280 total
- age   2:    1146264 bytes,   11876544 total
- age   3:    1965368 bytes,   13841912 total
- age   4:    1143792 bytes,   14985704 total
- age   5:    1130632 bytes,   16116336 total
- age   6:    1167640 bytes,   17283976 total
- age   7:    2032248 bytes,   19316224 total
- age   8:    1074416 bytes,   20390640 total
- age   9:    1112960 bytes,   21503600 total
- age  10:    1092640 bytes,   22596240 total
- age  11:    1117288 bytes,   23713528 total
- age  12:    1062472 bytes,   24776000 total
- age  13:    2221464 bytes,   26997464 total
- age  14:       2592 bytes,   27000056 total
- age  15:       3720 bytes,   27003776 total
, 0.0290453 secs]
   [Parallel Time: 11.1 ms, GC Workers: 30]
      [GC Worker Start (ms): Min: 328740.1, Avg: 328740.4, Max: 328740.8, Diff: 0.7]
      [Ext Root Scanning (ms): Min: 0.2, Avg: 0.6, Max: 1.3, Diff: 1.2, Sum: 17.7]
      [Update RS (ms): Min: 1.9, Avg: 2.3, Max: 2.8, Diff: 0.9, Sum: 67.8]
         [Processed Buffers: Min: 2, Avg: 3.8, Max: 13, Diff: 11, Sum: 113]
      [Scan RS (ms): Min: 0.0, Avg: 0.2, Max: 0.4, Diff: 0.4, Sum: 5.8]
      [Code Root Scanning (ms): Min: 0.0, Avg: 0.0, Max: 0.0, Diff: 0.0, Sum: 0.1]
      [Object Copy (ms): Min: 6.6, Avg: 7.1, Max: 7.3, Diff: 0.6, Sum: 213.4]
      [Termination (ms): Min: 0.0, Avg: 0.0, Max: 0.0, Diff: 0.0, Sum: 0.2]
         [Termination Attempts: Min: 1, Avg: 1.0, Max: 1, Diff: 0, Sum: 30]
      [GC Worker Other (ms): Min: 0.0, Avg: 0.2, Max: 0.3, Diff: 0.3, Sum: 5.1]
      [GC Worker Total (ms): Min: 9.9, Avg: 10.3, Max: 10.7, Diff: 0.8, Sum: 310.0]
      [GC Worker End (ms): Min: 328750.6, Avg: 328750.7, Max: 328750.9, Diff: 0.3]
   [Code Root Fixup: 0.0 ms]
   [Code Root Purge: 0.0 ms]
   [Clear CT: 2.5 ms]
   [Other: 15.4 ms]
      [Choose CSet: 0.0 ms]
      [Ref Proc: 9.3 ms]
      [Ref Enq: 1.5 ms]
      [Redirty Cards: 2.7 ms]
      [Humongous Register: 0.3 ms]
      [Humongous Reclaim: 0.1 ms]
      [Free CSet: 1.3 ms]
   [Eden: 3924.0M(3924.0M)->0.0B(3916.0M) Survivors: 44.0M->48.0M Heap: 7021.0M(8192.0M)->3099.2M(8192.0M)]
 [Times: user=0.33 sys=0.00, real=0.04 secs]
2018-04-30T04:32:46.433+0200: 328.769: Total time for which application threads were stopped: 0.0303869 seconds, Stopping threads took: 0.0004362 seconds
2018-04-30T04:32:46.848+0200: 329.185: Application time: 0.4156544 seconds
2018-04-30T04:32:46.849+0200: 329.185: [GC pause (G1 Evacuation Pause) (young)
Desired survivor size 260046848 bytes, new threshold 15 (max 15)
- age   1:   11816072 bytes,   11816072 total
- age   2:    1419720 bytes,   13235792 total
- age   3:    1141160 bytes,   14376952 total
- age   4:    1964088 bytes,   16341040 total
- age   5:    1142896 bytes,   17483936 total
- age   6:    1129512 bytes,   18613448 total
- age   7:    1167320 bytes,   19780768 total
- age   8:    2031928 bytes,   21812696 total
- age   9:    1074096 bytes,   22886792 total
- age  10:    1112832 bytes,   23999624 total
- age  11:    1092448 bytes,   25092072 total
- age  12:    1117224 bytes,   26209296 total
- age  13:     156104 bytes,   26365400 total
- age  14:    2016520 bytes,   28381920 total
- age  15:       2592 bytes,   28384512 total
, 0.0264226 secs]
   [Parallel Time: 10.5 ms, GC Workers: 30]
      [GC Worker Start (ms): Min: 329185.9, Avg: 329186.5, Max: 329187.0, Diff: 1.1]
      [Ext Root Scanning (ms): Min: 0.0, Avg: 0.4, Max: 1.3, Diff: 1.2, Sum: 12.9]
      [Update RS (ms): Min: 2.0, Avg: 2.4, Max: 3.1, Diff: 1.1, Sum: 71.5]
         [Processed Buffers: Min: 2, Avg: 3.9, Max: 12, Diff: 10, Sum: 116]
      [Scan RS (ms): Min: 0.0, Avg: 0.2, Max: 0.5, Diff: 0.4, Sum: 5.6]
      [Code Root Scanning (ms): Min: 0.0, Avg: 0.0, Max: 0.0, Diff: 0.0, Sum: 0.1]
      [Object Copy (ms): Min: 6.0, Avg: 6.5, Max: 6.7, Diff: 0.8, Sum: 195.4]
      [Termination (ms): Min: 0.0, Avg: 0.0, Max: 0.0, Diff: 0.0, Sum: 0.3]
         [Termination Attempts: Min: 1, Avg: 1.0, Max: 1, Diff: 0, Sum: 30]
      [GC Worker Other (ms): Min: 0.0, Avg: 0.2, Max: 0.3, Diff: 0.3, Sum: 5.2]
      [GC Worker Total (ms): Min: 9.0, Avg: 9.7, Max: 10.4, Diff: 1.3, Sum: 290.9]
      [GC Worker End (ms): Min: 329196.0, Avg: 329196.2, Max: 329196.3, Diff: 0.3]
   [Code Root Fixup: 0.0 ms]
   [Code Root Purge: 0.0 ms]
   [Clear CT: 1.9 ms]
   [Other: 14.0 ms]
      [Choose CSet: 0.0 ms]
      [Ref Proc: 8.8 ms]
      [Ref Enq: 1.3 ms]
      [Redirty Cards: 2.0 ms]
      [Humongous Register: 0.3 ms]
      [Humongous Reclaim: 0.1 ms]
      [Free CSet: 1.2 ms]
   [Eden: 3916.0M(3916.0M)->0.0B(3924.0M) Survivors: 48.0M->44.0M Heap: 7015.2M(8192.0M)->3097.0M(8192.0M)]
 [Times: user=0.31 sys=0.00, real=0.03 secs]
2018-04-30T04:32:46.876+0200: 329.212: Total time for which application threads were stopped: 0.0275561 seconds, Stopping threads took: 0.0002367 seconds
2018-04-30T04:32:47.291+0200: 329.627: Application time: 0.4147946 seconds
2018-04-30T04:32:47.292+0200: 329.628: [GC pause (G1 Evacuation Pause) (young)
Desired survivor size 260046848 bytes, new threshold 15 (max 15)
- age   1:    9379400 bytes,    9379400 total
- age   2:    1133320 bytes,   10512720 total
- age   3:    1416352 bytes,   11929072 total
- age   4:    1139752 bytes,   13068824 total
- age   5:    1962872 bytes,   15031696 total
- age   6:    1142256 bytes,   16173952 total
- age   7:    1129128 bytes,   17303080 total
- age   8:    1166872 bytes,   18469952 total
- age   9:    2031736 bytes,   20501688 total
- age  10:    1073904 bytes,   21575592 total
- age  11:    1112704 bytes,   22688296 total
- age  12:    1092256 bytes,   23780552 total
- age  13:     100088 bytes,   23880640 total
- age  14:       2576 bytes,   23883216 total
- age  15:    2016456 bytes,   25899672 total
, 0.0266005 secs]
   [Parallel Time: 11.2 ms, GC Workers: 30]
      [GC Worker Start (ms): Min: 329628.4, Avg: 329628.9, Max: 329629.5, Diff: 1.1]
      [Ext Root Scanning (ms): Min: 0.0, Avg: 0.4, Max: 1.2, Diff: 1.2, Sum: 12.6]
      [Update RS (ms): Min: 1.9, Avg: 2.3, Max: 2.7, Diff: 0.8, Sum: 68.7]
         [Processed Buffers: Min: 2, Avg: 3.9, Max: 20, Diff: 18, Sum: 117]
      [Scan RS (ms): Min: 0.0, Avg: 0.2, Max: 0.5, Diff: 0.5, Sum: 6.4]
      [Code Root Scanning (ms): Min: 0.0, Avg: 0.0, Max: 0.0, Diff: 0.0, Sum: 0.1]
      [Object Copy (ms): Min: 6.9, Avg: 7.1, Max: 7.2, Diff: 0.3, Sum: 213.6]
      [Termination (ms): Min: 0.0, Avg: 0.0, Max: 0.0, Diff: 0.0, Sum: 0.3]
         [Termination Attempts: Min: 1, Avg: 1.0, Max: 1, Diff: 0, Sum: 30]
      [GC Worker Other (ms): Min: 0.0, Avg: 0.2, Max: 0.3, Diff: 0.3, Sum: 4.5]
      [GC Worker Total (ms): Min: 9.7, Avg: 10.2, Max: 10.9, Diff: 1.1, Sum: 306.4]
      [GC Worker End (ms): Min: 329639.0, Avg: 329639.2, Max: 329639.3, Diff: 0.3]
   [Code Root Fixup: 0.0 ms]
   [Code Root Purge: 0.0 ms]
   [Clear CT: 1.4 ms]
   [Other: 14.1 ms]
      [Choose CSet: 0.0 ms]
      [Ref Proc: 8.2 ms]
      [Ref Enq: 1.2 ms]
      [Redirty Cards: 2.8 ms]
      [Humongous Register: 0.3 ms]
      [Humongous Reclaim: 0.1 ms]
      [Free CSet: 1.3 ms]
   [Eden: 3924.0M(3924.0M)->0.0B(3920.0M) Survivors: 44.0M->44.0M Heap: 7021.0M(8192.0M)->3099.7M(8192.0M)]
 [Times: user=0.33 sys=0.00, real=0.02 secs]
2018-04-30T04:32:47.318+0200: 329.655: Total time for which application threads were stopped: 0.0278781 seconds, Stopping threads took: 0.0003544 seconds
2018-04-30T04:32:47.739+0200: 330.076: Application time: 0.4207177 seconds
2018-04-30T04:32:47.740+0200: 330.077: [GC pause (G1 Evacuation Pause) (young)
Desired survivor size 260046848 bytes, new threshold 15 (max 15)
- age   1:   10407560 bytes,   10407560 total
- age   2:    1313752 bytes,   11721312 total
- age   3:    1129808 bytes,   12851120 total
- age   4:    1414480 bytes,   14265600 total
- age   5:    1138472 bytes,   15404072 total
- age   6:    1961880 bytes,   17365952 total
- age   7:    1141360 bytes,   18507312 total
- age   8:    1128840 bytes,   19636152 total
- age   9:    1166808 bytes,   20802960 total
- age  10:    2031672 bytes,   22834632 total
- age  11:    1073840 bytes,   23908472 total
- age  12:    1112704 bytes,   25021176 total
- age  13:      38672 bytes,   25059848 total
- age  14:       3392 bytes,   25063240 total
- age  15:       2448 bytes,   25065688 total
, 0.0285741 secs]
   [Parallel Time: 11.5 ms, GC Workers: 30]
      [GC Worker Start (ms): Min: 330077.1, Avg: 330077.6, Max: 330078.2, Diff: 1.1]
      [Ext Root Scanning (ms): Min: 0.0, Avg: 0.5, Max: 1.3, Diff: 1.3, Sum: 15.3]
      [Update RS (ms): Min: 2.0, Avg: 2.4, Max: 2.8, Diff: 0.8, Sum: 72.8]
         [Processed Buffers: Min: 2, Avg: 3.7, Max: 14, Diff: 12, Sum: 112]
      [Scan RS (ms): Min: 0.0, Avg: 0.2, Max: 0.4, Diff: 0.4, Sum: 5.6]
      [Code Root Scanning (ms): Min: 0.0, Avg: 0.0, Max: 0.0, Diff: 0.0, Sum: 0.1]
      [Object Copy (ms): Min: 6.9, Avg: 7.1, Max: 7.3, Diff: 0.4, Sum: 214.1]
      [Termination (ms): Min: 0.0, Avg: 0.0, Max: 0.0, Diff: 0.0, Sum: 0.2]
         [Termination Attempts: Min: 1, Avg: 1.0, Max: 1, Diff: 0, Sum: 30]
      [GC Worker Other (ms): Min: 0.0, Avg: 0.2, Max: 0.3, Diff: 0.3, Sum: 5.1]
      [GC Worker Total (ms): Min: 9.8, Avg: 10.4, Max: 11.0, Diff: 1.2, Sum: 313.2]
      [GC Worker End (ms): Min: 330087.9, Avg: 330088.1, Max: 330088.3, Diff: 0.3]
   [Code Root Fixup: 0.0 ms]
   [Code Root Purge: 0.0 ms]
   [Clear CT: 2.5 ms]
   [Other: 14.6 ms]
      [Choose CSet: 0.0 ms]
      [Ref Proc: 8.5 ms]
      [Ref Enq: 1.2 ms]
      [Redirty Cards: 3.1 ms]
      [Humongous Register: 0.3 ms]
      [Humongous Reclaim: 0.1 ms]
      [Free CSet: 1.2 ms]
   [Eden: 3920.0M(3920.0M)->0.0B(3920.0M) Survivors: 44.0M->44.0M Heap: 7019.7M(8192.0M)->3098.7M(8192.0M)]
 [Times: user=0.33 sys=0.00, real=0.03 secs]
2018-04-30T04:32:47.769+0200: 330.105: Total time for which application threads were stopped: 0.0299406 seconds, Stopping threads took: 0.0004611 seconds
2018-04-30T04:32:48.180+0200: 330.516: Application time: 0.4109017 seconds
2018-04-30T04:32:48.181+0200: 330.517: [GC pause (G1 Evacuation Pause) (young)
Desired survivor size 260046848 bytes, new threshold 15 (max 15)
- age   1:   11105872 bytes,   11105872 total
- age   2:    1190272 bytes,   12296144 total
- age   3:    1309704 bytes,   13605848 total
- age   4:    1128400 bytes,   14734248 total
- age   5:    1413136 bytes,   16147384 total
- age   6:    1137704 bytes,   17285088 total
- age   7:    1961368 bytes,   19246456 total
- age   8:    1140464 bytes,   20386920 total
- age   9:    1128392 bytes,   21515312 total
- age  10:    1166168 bytes,   22681480 total
- age  11:    2031416 bytes,   24712896 total
- age  12:    1073776 bytes,   25786672 total
- age  13:      15592 bytes,   25802264 total
- age  14:       4608 bytes,   25806872 total
- age  15:       3328 bytes,   25810200 total
, 0.0283076 secs]
   [Parallel Time: 12.3 ms, GC Workers: 30]
      [GC Worker Start (ms): Min: 330517.9, Avg: 330518.4, Max: 330518.7, Diff: 0.8]
      [Ext Root Scanning (ms): Min: 0.2, Avg: 0.5, Max: 1.3, Diff: 1.1, Sum: 16.4]
      [Update RS (ms): Min: 1.8, Avg: 2.4, Max: 2.8, Diff: 1.1, Sum: 72.7]
         [Processed Buffers: Min: 2, Avg: 3.9, Max: 11, Diff: 9, Sum: 116]
      [Scan RS (ms): Min: 0.0, Avg: 0.2, Max: 0.5, Diff: 0.5, Sum: 5.4]
      [Code Root Scanning (ms): Min: 0.0, Avg: 0.0, Max: 0.0, Diff: 0.0, Sum: 0.1]
      [Object Copy (ms): Min: 7.8, Avg: 8.0, Max: 8.2, Diff: 0.4, Sum: 241.3]
      [Termination (ms): Min: 0.0, Avg: 0.0, Max: 0.0, Diff: 0.0, Sum: 0.3]
         [Termination Attempts: Min: 1, Avg: 1.0, Max: 1, Diff: 0, Sum: 30]
      [GC Worker Other (ms): Min: 0.0, Avg: 0.2, Max: 0.3, Diff: 0.3, Sum: 5.0]
      [GC Worker Total (ms): Min: 10.9, Avg: 11.4, Max: 11.8, Diff: 0.9, Sum: 341.2]
      [GC Worker End (ms): Min: 330529.6, Avg: 330529.7, Max: 330529.9, Diff: 0.3]
   [Code Root Fixup: 0.0 ms]
   [Code Root Purge: 0.0 ms]
   [Clear CT: 2.1 ms]
   [Other: 13.9 ms]
      [Choose CSet: 0.0 ms]
      [Ref Proc: 8.7 ms]
      [Ref Enq: 1.3 ms]
      [Redirty Cards: 2.1 ms]
      [Humongous Register: 0.3 ms]
      [Humongous Reclaim: 0.1 ms]
      [Free CSet: 1.2 ms]
   [Eden: 3920.0M(3920.0M)->0.0B(3912.0M) Survivors: 44.0M->48.0M Heap: 7018.7M(8192.0M)->3101.1M(8192.0M)]
 [Times: user=0.37 sys=0.00, real=0.03 secs]
2018-04-30T04:32:48.210+0200: 330.546: Total time for which application threads were stopped: 0.0295965 seconds, Stopping threads took: 0.0003526 seconds
2018-04-30T04:32:48.629+0200: 330.965: Application time: 0.4190137 seconds
2018-04-30T04:32:48.630+0200: 330.966: [GC pause (G1 Evacuation Pause) (young)
Desired survivor size 260046848 bytes, new threshold 15 (max 15)
- age   1:   14792768 bytes,   14792768 total
- age   2:    1143432 bytes,   15936200 total
- age   3:    1159072 bytes,   17095272 total
- age   4:    1177976 bytes,   18273248 total
- age   5:    1119008 bytes,   19392256 total
- age   6:    1150736 bytes,   20542992 total
- age   7:    1136872 bytes,   21679864 total
- age   8:    1960792 bytes,   23640656 total
- age   9:    1140080 bytes,   24780736 total
- age  10:    1128200 bytes,   25908936 total
- age  11:    1166168 bytes,   27075104 total
- age  12:    1940920 bytes,   29016024 total
- age  13:       4688 bytes,   29020712 total
- age  14:       2816 bytes,   29023528 total
- age  15:       4480 bytes,   29028008 total
, 0.0285449 secs]
   [Parallel Time: 12.3 ms, GC Workers: 30]
      [GC Worker Start (ms): Min: 330966.6, Avg: 330967.2, Max: 330967.6, Diff: 1.0]
      [Ext Root Scanning (ms): Min: 0.0, Avg: 0.4, Max: 1.3, Diff: 1.3, Sum: 12.6]
      [Update RS (ms): Min: 1.8, Avg: 2.5, Max: 2.9, Diff: 1.1, Sum: 74.9]
         [Processed Buffers: Min: 2, Avg: 3.9, Max: 17, Diff: 15, Sum: 116]
      [Scan RS (ms): Min: 0.0, Avg: 0.2, Max: 0.5, Diff: 0.5, Sum: 5.3]
      [Code Root Scanning (ms): Min: 0.0, Avg: 0.0, Max: 0.0, Diff: 0.0, Sum: 0.1]
      [Object Copy (ms): Min: 7.9, Avg: 8.1, Max: 8.3, Diff: 0.5, Sum: 244.3]
      [Termination (ms): Min: 0.0, Avg: 0.0, Max: 0.0, Diff: 0.0, Sum: 0.2]
         [Termination Attempts: Min: 1, Avg: 1.0, Max: 1, Diff: 0, Sum: 30]
      [GC Worker Other (ms): Min: 0.0, Avg: 0.2, Max: 0.3, Diff: 0.3, Sum: 5.0]
      [GC Worker Total (ms): Min: 11.0, Avg: 11.4, Max: 12.1, Diff: 1.1, Sum: 342.5]
      [GC Worker End (ms): Min: 330978.4, Avg: 330978.6, Max: 330978.8, Diff: 0.3]
   [Code Root Fixup: 0.0 ms]
   [Code Root Purge: 0.0 ms]
   [Clear CT: 2.5 ms]
   [Other: 13.7 ms]
      [Choose CSet: 0.0 ms]
      [Ref Proc: 8.9 ms]
      [Ref Enq: 1.0 ms]
      [Redirty Cards: 2.0 ms]
      [Humongous Register: 0.3 ms]
      [Humongous Reclaim: 0.1 ms]
      [Free CSet: 1.3 ms]
   [Eden: 3912.0M(3912.0M)->0.0B(3920.0M) Survivors: 48.0M->44.0M Heap: 7013.1M(8192.0M)->3098.1M(8192.0M)]
 [Times: user=0.36 sys=0.01, real=0.03 secs]
2018-04-30T04:32:48.659+0200: 330.995: Total time for which application threads were stopped: 0.0299076 seconds, Stopping threads took: 0.0004798 seconds
2018-04-30T04:32:49.082+0200: 331.418: Application time: 0.4231082 seconds
2018-04-30T04:32:49.083+0200: 331.419: [GC pause (G1 Evacuation Pause) (young)
Desired survivor size 260046848 bytes, new threshold 15 (max 15)
- age   1:   14351440 bytes,   14351440 total
- age   2:    1624056 bytes,   15975496 total
- age   3:    1139160 bytes,   17114656 total
- age   4:    1157376 bytes,   18272032 total
- age   5:    1176504 bytes,   19448536 total
- age   6:    1117856 bytes,   20566392 total
- age   7:    1148240 bytes,   21714632 total
- age   8:    1135912 bytes,   22850544 total
- age   9:    1960216 bytes,   24810760 total
- age  10:    1139056 bytes,   25949816 total
- age  11:    1128072 bytes,   27077888 total
- age  12:    1084024 bytes,   28161912 total
- age  13:     895496 bytes,   29057408 total
- age  14:       4688 bytes,   29062096 total
- age  15:       2752 bytes,   29064848 total
, 0.0287900 secs]
   [Parallel Time: 11.6 ms, GC Workers: 30]
      [GC Worker Start (ms): Min: 331419.5, Avg: 331419.9, Max: 331420.2, Diff: 0.7]
      [Ext Root Scanning (ms): Min: 0.3, Avg: 0.6, Max: 1.4, Diff: 1.0, Sum: 18.5]
      [Update RS (ms): Min: 2.0, Avg: 2.4, Max: 2.9, Diff: 0.9, Sum: 71.0]
         [Processed Buffers: Min: 2, Avg: 3.8, Max: 11, Diff: 9, Sum: 114]
      [Scan RS (ms): Min: 0.0, Avg: 0.2, Max: 0.5, Diff: 0.4, Sum: 5.9]
      [Code Root Scanning (ms): Min: 0.0, Avg: 0.0, Max: 0.0, Diff: 0.0, Sum: 0.1]
      [Object Copy (ms): Min: 7.1, Avg: 7.4, Max: 7.6, Diff: 0.5, Sum: 222.7]
      [Termination (ms): Min: 0.0, Avg: 0.0, Max: 0.0, Diff: 0.0, Sum: 0.4]
         [Termination Attempts: Min: 1, Avg: 1.1, Max: 2, Diff: 1, Sum: 34]
      [GC Worker Other (ms): Min: 0.0, Avg: 0.2, Max: 0.3, Diff: 0.3, Sum: 4.9]
      [GC Worker Total (ms): Min: 10.4, Avg: 10.8, Max: 11.3, Diff: 0.9, Sum: 323.5]
      [GC Worker End (ms): Min: 331430.6, Avg: 331430.7, Max: 331430.9, Diff: 0.3]
   [Code Root Fixup: 0.0 ms]
   [Code Root Purge: 0.0 ms]
   [Clear CT: 2.3 ms]
   [Other: 14.9 ms]
      [Choose CSet: 0.0 ms]
      [Ref Proc: 9.5 ms]
      [Ref Enq: 1.1 ms]
      [Redirty Cards: 2.4 ms]
      [Humongous Register: 0.3 ms]
      [Humongous Reclaim: 0.1 ms]
      [Free CSet: 1.2 ms]
   [Eden: 3920.0M(3920.0M)->0.0B(3928.0M) Survivors: 44.0M->40.0M Heap: 7018.1M(8192.0M)->3093.3M(8192.0M)]
 [Times: user=0.33 sys=0.01, real=0.04 secs]
2018-04-30T04:32:49.112+0200: 331.448: Total time for which application threads were stopped: 0.0300797 seconds, Stopping threads took: 0.0003215 seconds
2018-04-30T04:32:49.528+0200: 331.864: Application time: 0.4162088 seconds
2018-04-30T04:32:49.529+0200: 331.865: [GC pause (G1 Evacuation Pause) (young)
Desired survivor size 260046848 bytes, new threshold 15 (max 15)
- age   1:   10335912 bytes,   10335912 total
- age   2:    1177640 bytes,   11513552 total
- age   3:    1619808 bytes,   13133360 total
- age   4:    1137336 bytes,   14270696 total
- age   5:    1155808 bytes,   15426504 total
- age   6:    1175096 bytes,   16601600 total
- age   7:    1117216 bytes,   17718816 total
- age   8:    1147408 bytes,   18866224 total
- age   9:    1135336 bytes,   20001560 total
- age  10:    1959960 bytes,   21961520 total
- age  11:    1138736 bytes,   23100256 total
- age  12:    1042472 bytes,   24142728 total
- age  13:      16632 bytes,   24159360 total
- age  14:     895432 bytes,   25054792 total
- age  15:       4688 bytes,   25059480 total
, 0.0295185 secs]
   [Parallel Time: 12.6 ms, GC Workers: 30]
      [GC Worker Start (ms): Min: 331865.8, Avg: 331866.3, Max: 331866.8, Diff: 1.0]
      [Ext Root Scanning (ms): Min: 0.0, Avg: 0.4, Max: 1.2, Diff: 1.2, Sum: 13.4]
      [Update RS (ms): Min: 1.8, Avg: 2.4, Max: 2.9, Diff: 1.1, Sum: 73.2]
         [Processed Buffers: Min: 3, Avg: 3.8, Max: 12, Diff: 9, Sum: 115]
      [Scan RS (ms): Min: 0.0, Avg: 0.2, Max: 0.5, Diff: 0.4, Sum: 5.8]
      [Code Root Scanning (ms): Min: 0.0, Avg: 0.0, Max: 0.0, Diff: 0.0, Sum: 0.1]
      [Object Copy (ms): Min: 8.0, Avg: 8.3, Max: 8.5, Diff: 0.5, Sum: 249.3]
      [Termination (ms): Min: 0.0, Avg: 0.0, Max: 0.0, Diff: 0.0, Sum: 0.2]
         [Termination Attempts: Min: 1, Avg: 1.0, Max: 1, Diff: 0, Sum: 30]
      [GC Worker Other (ms): Min: 0.0, Avg: 0.2, Max: 0.4, Diff: 0.3, Sum: 5.5]
      [GC Worker Total (ms): Min: 11.1, Avg: 11.6, Max: 12.2, Diff: 1.1, Sum: 347.6]
      [GC Worker End (ms): Min: 331877.8, Avg: 331877.9, Max: 331878.1, Diff: 0.3]
   [Code Root Fixup: 0.0 ms]
   [Code Root Purge: 0.0 ms]
   [Clear CT: 2.1 ms]
   [Other: 14.8 ms]
      [Choose CSet: 0.0 ms]
      [Ref Proc: 9.2 ms]
      [Ref Enq: 1.2 ms]
      [Redirty Cards: 2.7 ms]
      [Humongous Register: 0.3 ms]
      [Humongous Reclaim: 0.1 ms]
      [Free CSet: 1.2 ms]
   [Eden: 3928.0M(3928.0M)->0.0B(3912.0M) Survivors: 40.0M->48.0M Heap: 7021.3M(8192.0M)->3103.7M(8192.0M)]
 [Times: user=0.37 sys=0.01, real=0.03 secs]
2018-04-30T04:32:49.559+0200: 331.895: Total time for which application threads were stopped: 0.0307868 seconds, Stopping threads took: 0.0003558 seconds
2018-04-30T04:32:49.973+0200: 332.310: Application time: 0.4144666 seconds
2018-04-30T04:32:49.974+0200: 332.311: [GC pause (G1 Evacuation Pause) (young)
Desired survivor size 260046848 bytes, new threshold 15 (max 15)
- age   1:   14412872 bytes,   14412872 total
- age   2:    1169744 bytes,   15582616 total
- age   3:    1174352 bytes,   16756968 total
- age   4:    1618720 bytes,   18375688 total
- age   5:    1136312 bytes,   19512000 total
- age   6:    1154528 bytes,   20666528 total
- age   7:    1174448 bytes,   21840976 total
- age   8:    1116048 bytes,   22957024 total
- age   9:    1146896 bytes,   24103920 total
- age  10:    1134888 bytes,   25238808 total
- age  11:    1959576 bytes,   27198384 total
- age  12:    1004192 bytes,   28202576 total
- age  13:      11872 bytes,   28214448 total
- age  14:      16504 bytes,   28230952 total
- age  15:     895304 bytes,   29126256 total
, 0.0277008 secs]
   [Parallel Time: 10.8 ms, GC Workers: 30]
      [GC Worker Start (ms): Min: 332311.2, Avg: 332311.8, Max: 332312.1, Diff: 0.9]
      [Ext Root Scanning (ms): Min: 0.2, Avg: 0.5, Max: 1.3, Diff: 1.2, Sum: 15.3]
      [Update RS (ms): Min: 1.8, Avg: 2.5, Max: 2.9, Diff: 1.2, Sum: 74.8]
         [Processed Buffers: Min: 2, Avg: 3.8, Max: 11, Diff: 9, Sum: 114]
      [Scan RS (ms): Min: 0.0, Avg: 0.2, Max: 0.6, Diff: 0.5, Sum: 5.6]
      [Code Root Scanning (ms): Min: 0.0, Avg: 0.0, Max: 0.0, Diff: 0.0, Sum: 0.1]
      [Object Copy (ms): Min: 6.1, Avg: 6.4, Max: 6.6, Diff: 0.5, Sum: 192.2]
      [Termination (ms): Min: 0.0, Avg: 0.0, Max: 0.0, Diff: 0.0, Sum: 0.2]
         [Termination Attempts: Min: 1, Avg: 1.0, Max: 1, Diff: 0, Sum: 30]
      [GC Worker Other (ms): Min: 0.0, Avg: 0.2, Max: 0.3, Diff: 0.3, Sum: 5.1]
      [GC Worker Total (ms): Min: 9.4, Avg: 9.8, Max: 10.5, Diff: 1.1, Sum: 293.4]
      [GC Worker End (ms): Min: 332321.4, Avg: 332321.6, Max: 332321.7, Diff: 0.3]
   [Code Root Fixup: 0.0 ms]
   [Code Root Purge: 0.0 ms]
   [Clear CT: 2.1 ms]
   [Other: 14.8 ms]
      [Choose CSet: 0.0 ms]
      [Ref Proc: 8.9 ms]
      [Ref Enq: 1.5 ms]
      [Redirty Cards: 2.6 ms]
      [Humongous Register: 0.3 ms]
      [Humongous Reclaim: 0.1 ms]
      [Free CSet: 1.3 ms]
   [Eden: 3912.0M(3912.0M)->0.0B(3928.0M) Survivors: 48.0M->40.0M Heap: 7015.7M(8192.0M)->3096.0M(8192.0M)]
 [Times: user=0.31 sys=0.01, real=0.02 secs]
2018-04-30T04:32:50.002+0200: 332.339: Total time for which application threads were stopped: 0.0291517 seconds, Stopping threads took: 0.0004795 seconds
2018-04-30T04:32:50.427+0200: 332.764: Application time: 0.4248721 seconds
2018-04-30T04:32:50.428+0200: 332.765: [GC pause (G1 Evacuation Pause) (young)
Desired survivor size 260046848 bytes, new threshold 15 (max 15)
- age   1:    9290560 bytes,    9290560 total
- age   2:    1327920 bytes,   10618480 total
- age   3:    1166056 bytes,   11784536 total
- age   4:    1172864 bytes,   12957400 total
- age   5:    1618136 bytes,   14575536 total
- age   6:    1135864 bytes,   15711400 total
- age   7:    1154208 bytes,   16865608 total
- age   8:    1173936 bytes,   18039544 total
- age   9:    1115792 bytes,   19155336 total
- age  10:    1146640 bytes,   20301976 total
- age  11:    1134824 bytes,   21436800 total
- age  12:    1825896 bytes,   23262696 total
- age  13:       5952 bytes,   23268648 total
- age  14:      11808 bytes,   23280456 total
- age  15:      16504 bytes,   23296960 total
, 0.0286378 secs]
   [Parallel Time: 11.5 ms, GC Workers: 30]
      [GC Worker Start (ms): Min: 332765.2, Avg: 332765.7, Max: 332766.2, Diff: 1.0]
      [Ext Root Scanning (ms): Min: 0.0, Avg: 0.5, Max: 1.3, Diff: 1.3, Sum: 15.0]
      [Update RS (ms): Min: 2.0, Avg: 2.4, Max: 2.8, Diff: 0.8, Sum: 71.9]
         [Processed Buffers: Min: 2, Avg: 3.8, Max: 17, Diff: 15, Sum: 115]
      [Scan RS (ms): Min: 0.0, Avg: 0.2, Max: 0.4, Diff: 0.4, Sum: 5.7]
      [Code Root Scanning (ms): Min: 0.0, Avg: 0.0, Max: 0.0, Diff: 0.0, Sum: 0.1]
      [Object Copy (ms): Min: 7.2, Avg: 7.4, Max: 7.6, Diff: 0.4, Sum: 222.5]
      [Termination (ms): Min: 0.0, Avg: 0.0, Max: 0.0, Diff: 0.0, Sum: 0.3]
         [Termination Attempts: Min: 1, Avg: 1.0, Max: 2, Diff: 1, Sum: 31]
      [GC Worker Other (ms): Min: 0.0, Avg: 0.2, Max: 0.3, Diff: 0.3, Sum: 5.1]
      [GC Worker Total (ms): Min: 10.1, Avg: 10.7, Max: 11.3, Diff: 1.3, Sum: 320.5]
      [GC Worker End (ms): Min: 332776.2, Avg: 332776.4, Max: 332776.6, Diff: 0.3]
   [Code Root Fixup: 0.0 ms]
   [Code Root Purge: 0.0 ms]
   [Clear CT: 2.4 ms]
   [Other: 14.8 ms]
      [Choose CSet: 0.0 ms]
      [Ref Proc: 8.7 ms]
      [Ref Enq: 1.3 ms]
      [Redirty Cards: 2.9 ms]
      [Humongous Register: 0.3 ms]
      [Humongous Reclaim: 0.1 ms]
      [Free CSet: 1.4 ms]
   [Eden: 3928.0M(3928.0M)->0.0B(3936.0M) Survivors: 40.0M->36.0M Heap: 7024.0M(8192.0M)->3090.9M(8192.0M)]
 [Times: user=0.35 sys=0.00, real=0.03 secs]
2018-04-30T04:32:50.457+0200: 332.794: Total time for which application threads were stopped: 0.0299931 seconds, Stopping threads took: 0.0003878 seconds
2018-04-30T04:32:50.866+0200: 333.202: Application time: 0.4085981 seconds
2018-04-30T04:32:50.867+0200: 333.203: [GC pause (G1 Evacuation Pause) (young)
Desired survivor size 262144000 bytes, new threshold 15 (max 15)
- age   1:   11359984 bytes,   11359984 total
- age   2:    1166008 bytes,   12525992 total
- age   3:    1323408 bytes,   13849400 total
- age   4:    1163744 bytes,   15013144 total
- age   5:    1171264 bytes,   16184408 total
- age   6:    1617176 bytes,   17801584 total
- age   7:    1135032 bytes,   18936616 total
- age   8:    1153824 bytes,   20090440 total
- age   9:    1173680 bytes,   21264120 total
- age  10:    1115600 bytes,   22379720 total
- age  11:    1145856 bytes,   23525576 total
- age  12:    1039696 bytes,   24565272 total
- age  13:     809504 bytes,   25374776 total
- age  14:       5824 bytes,   25380600 total
- age  15:      11680 bytes,   25392280 total
, 0.0272966 secs]
   [Parallel Time: 11.5 ms, GC Workers: 30]
      [GC Worker Start (ms): Min: 333203.7, Avg: 333204.1, Max: 333204.5, Diff: 0.8]
      [Ext Root Scanning (ms): Min: 0.2, Avg: 0.6, Max: 1.4, Diff: 1.2, Sum: 17.3]
      [Update RS (ms): Min: 1.7, Avg: 2.3, Max: 2.7, Diff: 1.0, Sum: 69.3]
         [Processed Buffers: Min: 2, Avg: 3.8, Max: 10, Diff: 8, Sum: 115]
      [Scan RS (ms): Min: 0.0, Avg: 0.2, Max: 0.4, Diff: 0.4, Sum: 5.5]
      [Code Root Scanning (ms): Min: 0.0, Avg: 0.0, Max: 0.0, Diff: 0.0, Sum: 0.1]
      [Object Copy (ms): Min: 7.3, Avg: 7.6, Max: 7.8, Diff: 0.4, Sum: 227.7]
      [Termination (ms): Min: 0.0, Avg: 0.0, Max: 0.0, Diff: 0.0, Sum: 0.2]
         [Termination Attempts: Min: 1, Avg: 1.0, Max: 1, Diff: 0, Sum: 30]
      [GC Worker Other (ms): Min: 0.0, Avg: 0.2, Max: 0.3, Diff: 0.3, Sum: 4.7]
      [GC Worker Total (ms): Min: 10.3, Avg: 10.8, Max: 11.3, Diff: 1.0, Sum: 324.9]
      [GC Worker End (ms): Min: 333214.8, Avg: 333215.0, Max: 333215.1, Diff: 0.3]
   [Code Root Fixup: 0.0 ms]
   [Code Root Purge: 0.0 ms]
   [Clear CT: 1.8 ms]
   [Other: 13.9 ms]
      [Choose CSet: 0.0 ms]
      [Ref Proc: 8.4 ms]
      [Ref Enq: 1.3 ms]
      [Redirty Cards: 2.4 ms]
      [Humongous Register: 0.3 ms]
      [Humongous Reclaim: 0.1 ms]
      [Free CSet: 1.3 ms]
   [Eden: 3936.0M(3936.0M)->0.0B(3920.0M) Survivors: 36.0M->44.0M Heap: 7026.9M(8192.0M)->3098.1M(8192.0M)]
 [Times: user=0.34 sys=0.01, real=0.03 secs]
2018-04-30T04:32:50.894+0200: 333.231: Total time for which application threads were stopped: 0.0286055 seconds, Stopping threads took: 0.0003766 seconds
2018-04-30T04:32:51.303+0200: 333.639: Application time: 0.4082855 seconds
2018-04-30T04:32:51.304+0200: 333.640: [GC pause (G1 Evacuation Pause) (young)
Desired survivor size 260046848 bytes, new threshold 15 (max 15)
- age   1:   11832072 bytes,   11832072 total
- age   2:    1137496 bytes,   12969568 total
- age   3:    1147384 bytes,   14116952 total
- age   4:    1178592 bytes,   15295544 total
- age   5:    1162592 bytes,   16458136 total
- age   6:    1170752 bytes,   17628888 total
- age   7:    1616664 bytes,   19245552 total
- age   8:    1134584 bytes,   20380136 total
- age   9:    1153760 bytes,   21533896 total
- age  10:    1173488 bytes,   22707384 total
- age  11:    1115536 bytes,   23822920 total
- age  12:    1054104 bytes,   24877024 total
- age  13:       3344 bytes,   24880368 total
- age  14:     809312 bytes,   25689680 total
- age  15:       5760 bytes,   25695440 total
, 0.0279318 secs]
   [Parallel Time: 11.4 ms, GC Workers: 30]
      [GC Worker Start (ms): Min: 333640.6, Avg: 333641.1, Max: 333641.5, Diff: 0.9]
      [Ext Root Scanning (ms): Min: 0.1, Avg: 0.5, Max: 1.2, Diff: 1.2, Sum: 14.5]
      [Update RS (ms): Min: 1.8, Avg: 2.3, Max: 2.9, Diff: 1.1, Sum: 69.5]
         [Processed Buffers: Min: 2, Avg: 3.9, Max: 15, Diff: 13, Sum: 118]
      [Scan RS (ms): Min: 0.0, Avg: 0.2, Max: 0.4, Diff: 0.4, Sum: 6.1]
      [Code Root Scanning (ms): Min: 0.0, Avg: 0.0, Max: 0.0, Diff: 0.0, Sum: 0.1]
      [Object Copy (ms): Min: 7.1, Avg: 7.5, Max: 7.6, Diff: 0.6, Sum: 223.7]
      [Termination (ms): Min: 0.0, Avg: 0.0, Max: 0.0, Diff: 0.0, Sum: 0.3]
         [Termination Attempts: Min: 1, Avg: 1.0, Max: 2, Diff: 1, Sum: 31]
      [GC Worker Other (ms): Min: 0.0, Avg: 0.2, Max: 0.3, Diff: 0.3, Sum: 4.7]
      [GC Worker Total (ms): Min: 10.2, Avg: 10.6, Max: 11.1, Diff: 1.0, Sum: 319.0]
      [GC Worker End (ms): Min: 333651.6, Avg: 333651.7, Max: 333651.9, Diff: 0.3]
   [Code Root Fixup: 0.0 ms]
   [Code Root Purge: 0.0 ms]
   [Clear CT: 2.2 ms]
   [Other: 14.3 ms]
      [Choose CSet: 0.0 ms]
      [Ref Proc: 8.8 ms]
      [Ref Enq: 1.2 ms]
      [Redirty Cards: 2.3 ms]
      [Humongous Register: 0.3 ms]
      [Humongous Reclaim: 0.1 ms]
      [Free CSet: 1.3 ms]
   [Eden: 3920.0M(3920.0M)->0.0B(3912.0M) Survivors: 44.0M->48.0M Heap: 7018.1M(8192.0M)->3102.1M(8192.0M)]
 [Times: user=0.34 sys=0.01, real=0.03 secs]
2018-04-30T04:32:51.332+0200: 333.668: Total time for which application threads were stopped: 0.0292645 seconds, Stopping threads took: 0.0004008 seconds
2018-04-30T04:32:51.748+0200: 334.085: Application time: 0.4164331 seconds
2018-04-30T04:32:51.750+0200: 334.086: [GC pause (G1 Evacuation Pause) (young)
Desired survivor size 260046848 bytes, new threshold 15 (max 15)
- age   1:   13065544 bytes,   13065544 total
- age   2:    1396936 bytes,   14462480 total
- age   3:    1132344 bytes,   15594824 total
- age   4:    1145784 bytes,   16740608 total
- age   5:    1177120 bytes,   17917728 total
- age   6:    1161216 bytes,   19078944 total
- age   7:    1170176 bytes,   20249120 total
- age   8:    1616344 bytes,   21865464 total
- age   9:    1134264 bytes,   22999728 total
- age  10:    1153376 bytes,   24153104 total
- age  11:    1173424 bytes,   25326528 total
- age  12:    1012936 bytes,   26339464 total
- age  13:       3856 bytes,   26343320 total
- age  14:       3024 bytes,   26346344 total
- age  15:     809120 bytes,   27155464 total
, 0.0274145 secs]
   [Parallel Time: 11.4 ms, GC Workers: 30]
      [GC Worker Start (ms): Min: 334086.4, Avg: 334087.0, Max: 334087.5, Diff: 1.1]
      [Ext Root Scanning (ms): Min: 0.0, Avg: 0.5, Max: 1.4, Diff: 1.4, Sum: 15.4]
      [Update RS (ms): Min: 1.9, Avg: 2.4, Max: 3.0, Diff: 1.0, Sum: 71.0]
         [Processed Buffers: Min: 2, Avg: 3.9, Max: 21, Diff: 19, Sum: 116]
      [Scan RS (ms): Min: 0.0, Avg: 0.2, Max: 0.4, Diff: 0.4, Sum: 6.2]
      [Code Root Scanning (ms): Min: 0.0, Avg: 0.0, Max: 0.0, Diff: 0.0, Sum: 0.1]
      [Object Copy (ms): Min: 6.8, Avg: 7.2, Max: 7.5, Diff: 0.6, Sum: 217.5]
      [Termination (ms): Min: 0.0, Avg: 0.0, Max: 0.0, Diff: 0.0, Sum: 0.2]
         [Termination Attempts: Min: 1, Avg: 1.0, Max: 1, Diff: 0, Sum: 30]
      [GC Worker Other (ms): Min: 0.0, Avg: 0.2, Max: 0.3, Diff: 0.3, Sum: 5.3]
      [GC Worker Total (ms): Min: 10.0, Avg: 10.5, Max: 11.1, Diff: 1.1, Sum: 315.6]
      [GC Worker End (ms): Min: 334097.3, Avg: 334097.5, Max: 334097.6, Diff: 0.3]
   [Code Root Fixup: 0.0 ms]
   [Code Root Purge: 0.0 ms]
   [Clear CT: 2.3 ms]
   [Other: 13.7 ms]
      [Choose CSet: 0.0 ms]
      [Ref Proc: 8.0 ms]
      [Ref Enq: 1.2 ms]
      [Redirty Cards: 2.6 ms]
      [Humongous Register: 0.3 ms]
      [Humongous Reclaim: 0.1 ms]
      [Free CSet: 1.3 ms]
   [Eden: 3912.0M(3912.0M)->0.0B(3928.0M) Survivors: 48.0M->40.0M Heap: 7014.1M(8192.0M)->3097.5M(8192.0M)]
 [Times: user=0.33 sys=0.00, real=0.03 secs]
2018-04-30T04:32:51.777+0200: 334.114: Total time for which application threads were stopped: 0.0287891 seconds, Stopping threads took: 0.0003377 seconds
2018-04-30T04:32:52.193+0200: 334.529: Application time: 0.4157399 seconds
2018-04-30T04:32:52.194+0200: 334.530: [GC pause (G1 Evacuation Pause) (young)
Desired survivor size 260046848 bytes, new threshold 15 (max 15)
- age   1:   11184352 bytes,   11184352 total
- age   2:    1186848 bytes,   12371200 total
- age   3:    1391544 bytes,   13762744 total
- age   4:    1129992 bytes,   14892736 total
- age   5:    1144152 bytes,   16036888 total
- age   6:    1175712 bytes,   17212600 total
- age   7:    1160704 bytes,   18373304 total
- age   8:    1169664 bytes,   19542968 total
- age   9:    1616152 bytes,   21159120 total
- age  10:    1134136 bytes,   22293256 total
- age  11:    1153184 bytes,   23446440 total
- age  12:    1113936 bytes,   24560376 total
- age  13:       4096 bytes,   24564472 total
- age  14:       3856 bytes,   24568328 total
- age  15:       2960 bytes,   24571288 total
, 0.0271601 secs]
   [Parallel Time: 12.0 ms, GC Workers: 30]
      [GC Worker Start (ms): Min: 334530.8, Avg: 334531.3, Max: 334531.8, Diff: 1.0]
      [Ext Root Scanning (ms): Min: 0.0, Avg: 0.4, Max: 1.3, Diff: 1.3, Sum: 13.1]
      [Update RS (ms): Min: 1.8, Avg: 2.4, Max: 2.9, Diff: 1.1, Sum: 71.6]
         [Processed Buffers: Min: 2, Avg: 4.0, Max: 14, Diff: 12, Sum: 121]
      [Scan RS (ms): Min: 0.0, Avg: 0.2, Max: 0.4, Diff: 0.4, Sum: 5.6]
      [Code Root Scanning (ms): Min: 0.0, Avg: 0.0, Max: 0.0, Diff: 0.0, Sum: 0.1]
      [Object Copy (ms): Min: 7.6, Avg: 7.9, Max: 8.1, Diff: 0.5, Sum: 237.5]
      [Termination (ms): Min: 0.0, Avg: 0.0, Max: 0.0, Diff: 0.0, Sum: 0.2]
         [Termination Attempts: Min: 1, Avg: 1.0, Max: 1, Diff: 0, Sum: 30]
      [GC Worker Other (ms): Min: 0.0, Avg: 0.2, Max: 0.4, Diff: 0.3, Sum: 5.6]
      [GC Worker Total (ms): Min: 10.5, Avg: 11.1, Max: 11.7, Diff: 1.1, Sum: 333.6]
      [GC Worker End (ms): Min: 334542.3, Avg: 334542.5, Max: 334542.6, Diff: 0.3]
   [Code Root Fixup: 0.0 ms]
   [Code Root Purge: 0.0 ms]
   [Clear CT: 1.3 ms]
   [Other: 13.8 ms]
      [Choose CSet: 0.0 ms]
      [Ref Proc: 8.7 ms]
      [Ref Enq: 1.3 ms]
      [Redirty Cards: 2.0 ms]
      [Humongous Register: 0.3 ms]
      [Humongous Reclaim: 0.1 ms]
      [Free CSet: 1.2 ms]
   [Eden: 3928.0M(3928.0M)->0.0B(3936.0M) Survivors: 40.0M->36.0M Heap: 7025.5M(8192.0M)->3093.3M(8192.0M)]
 [Times: user=0.35 sys=0.01, real=0.02 secs]
2018-04-30T04:32:52.221+0200: 334.558: Total time for which application threads were stopped: 0.0284332 seconds, Stopping threads took: 0.0003308 seconds
2018-04-30T04:32:52.642+0200: 334.979: Application time: 0.4207937 seconds
2018-04-30T04:32:52.643+0200: 334.980: [GC pause (G1 Evacuation Pause) (young)
Desired survivor size 262144000 bytes, new threshold 15 (max 15)
- age   1:   13516736 bytes,   13516736 total
- age   2:    1086184 bytes,   14602920 total
- age   3:    1183088 bytes,   15786008 total
- age   4:    1389560 bytes,   17175568 total
- age   5:    1128168 bytes,   18303736 total
- age   6:    1143504 bytes,   19447240 total
- age   7:    1174752 bytes,   20621992 total
- age   8:    1160320 bytes,   21782312 total
- age   9:    1169664 bytes,   22951976 total
- age  10:    1615960 bytes,   24567936 total
- age  11:    1133880 bytes,   25701816 total
- age  12:    1118312 bytes,   26820128 total
- age  13:       2896 bytes,   26823024 total
- age  14:       3968 bytes,   26826992 total
- age  15:       3792 bytes,   26830784 total
, 0.0301304 secs]
   [Parallel Time: 11.7 ms, GC Workers: 30]
      [GC Worker Start (ms): Min: 334980.0, Avg: 334980.4, Max: 334980.9, Diff: 0.9]
      [Ext Root Scanning (ms): Min: 0.0, Avg: 0.5, Max: 1.3, Diff: 1.3, Sum: 14.5]
      [Update RS (ms): Min: 1.9, Avg: 2.3, Max: 2.9, Diff: 1.0, Sum: 69.6]
         [Processed Buffers: Min: 2, Avg: 3.8, Max: 18, Diff: 16, Sum: 115]
      [Scan RS (ms): Min: 0.0, Avg: 0.2, Max: 0.5, Diff: 0.4, Sum: 5.3]
      [Code Root Scanning (ms): Min: 0.0, Avg: 0.0, Max: 0.0, Diff: 0.0, Sum: 0.1]
      [Object Copy (ms): Min: 7.3, Avg: 7.8, Max: 7.9, Diff: 0.6, Sum: 232.5]
      [Termination (ms): Min: 0.0, Avg: 0.0, Max: 0.0, Diff: 0.0, Sum: 0.6]
         [Termination Attempts: Min: 1, Avg: 1.2, Max: 2, Diff: 1, Sum: 35]
      [GC Worker Other (ms): Min: 0.0, Avg: 0.1, Max: 0.3, Diff: 0.3, Sum: 4.2]
      [GC Worker Total (ms): Min: 10.5, Avg: 10.9, Max: 11.4, Diff: 0.9, Sum: 326.8]
      [GC Worker End (ms): Min: 334991.2, Avg: 334991.3, Max: 334991.5, Diff: 0.3]
   [Code Root Fixup: 0.0 ms]
   [Code Root Purge: 0.0 ms]
   [Clear CT: 2.7 ms]
   [Other: 15.7 ms]
      [Choose CSet: 0.0 ms]
      [Ref Proc: 9.4 ms]
      [Ref Enq: 1.5 ms]
      [Redirty Cards: 2.6 ms]
      [Humongous Register: 0.3 ms]
      [Humongous Reclaim: 0.1 ms]
      [Free CSet: 1.5 ms]
   [Eden: 3936.0M(3936.0M)->0.0B(3920.0M) Survivors: 36.0M->44.0M Heap: 7029.3M(8192.0M)->3100.6M(8192.0M)]
 [Times: user=0.34 sys=0.01, real=0.04 secs]
2018-04-30T04:32:52.674+0200: 335.010: Total time for which application threads were stopped: 0.0315032 seconds, Stopping threads took: 0.0003648 seconds
2018-04-30T04:32:53.100+0200: 335.436: Application time: 0.4264038 seconds
2018-04-30T04:32:53.101+0200: 335.438: [GC pause (G1 Evacuation Pause) (young)
Desired survivor size 260046848 bytes, new threshold 15 (max 15)
- age   1:   13880744 bytes,   13880744 total
- age   2:    1307832 bytes,   15188576 total
- age   3:    1080664 bytes,   16269240 total
- age   4:    1180720 bytes,   17449960 total
- age   5:    1388984 bytes,   18838944 total
- age   6:    1127080 bytes,   19966024 total
- age   7:    1142288 bytes,   21108312 total
- age   8:    1174176 bytes,   22282488 total
- age   9:    1160000 bytes,   23442488 total
- age  10:    1169408 bytes,   24611896 total
- age  11:    1615704 bytes,   26227600 total
- age  12:    1133752 bytes,   27361352 total
- age  13:      19376 bytes,   27380728 total
- age  14:       2768 bytes,   27383496 total
- age  15:       3968 bytes,   27387464 total
, 0.0276871 secs]
   [Parallel Time: 11.0 ms, GC Workers: 30]
      [GC Worker Start (ms): Min: 335438.0, Avg: 335438.6, Max: 335439.2, Diff: 1.2]
      [Ext Root Scanning (ms): Min: 0.0, Avg: 0.5, Max: 1.3, Diff: 1.3, Sum: 14.1]
      [Update RS (ms): Min: 1.9, Avg: 2.3, Max: 2.9, Diff: 0.9, Sum: 69.9]
         [Processed Buffers: Min: 2, Avg: 3.9, Max: 18, Diff: 16, Sum: 116]
      [Scan RS (ms): Min: 0.0, Avg: 0.2, Max: 0.5, Diff: 0.5, Sum: 5.8]
      [Code Root Scanning (ms): Min: 0.0, Avg: 0.0, Max: 0.0, Diff: 0.0, Sum: 0.1]
      [Object Copy (ms): Min: 6.4, Avg: 6.8, Max: 7.0, Diff: 0.6, Sum: 203.9]
      [Termination (ms): Min: 0.0, Avg: 0.0, Max: 0.0, Diff: 0.0, Sum: 0.3]
         [Termination Attempts: Min: 1, Avg: 1.0, Max: 1, Diff: 0, Sum: 30]
      [GC Worker Other (ms): Min: 0.0, Avg: 0.2, Max: 0.3, Diff: 0.3, Sum: 5.0]
      [GC Worker Total (ms): Min: 9.3, Avg: 10.0, Max: 10.7, Diff: 1.4, Sum: 299.1]
      [GC Worker End (ms): Min: 335448.4, Avg: 335448.6, Max: 335448.8, Diff: 0.3]
   [Code Root Fixup: 0.0 ms]
   [Code Root Purge: 0.0 ms]
   [Clear CT: 2.8 ms]
   [Other: 13.8 ms]
      [Choose CSet: 0.0 ms]
      [Ref Proc: 8.1 ms]
      [Ref Enq: 1.3 ms]
      [Redirty Cards: 2.6 ms]
      [Humongous Register: 0.3 ms]
      [Humongous Reclaim: 0.1 ms]
      [Free CSet: 1.2 ms]
   [Eden: 3920.0M(3920.0M)->0.0B(3928.0M) Survivors: 44.0M->40.0M Heap: 7020.6M(8192.0M)->3097.6M(8192.0M)]
 [Times: user=0.32 sys=0.00, real=0.03 secs]
2018-04-30T04:32:53.129+0200: 335.466: Total time for which application threads were stopped: 0.0290541 seconds, Stopping threads took: 0.0004170 seconds
2018-04-30T04:32:53.546+0200: 335.882: Application time: 0.4166678 seconds
2018-04-30T04:32:53.547+0200: 335.883: [GC pause (G1 Evacuation Pause) (young)
Desired survivor size 260046848 bytes, new threshold 15 (max 15)
- age   1:   11349904 bytes,   11349904 total
- age   2:    1126832 bytes,   12476736 total
- age   3:    1303344 bytes,   13780080 total
- age   4:    1077912 bytes,   14857992 total
- age   5:    1179728 bytes,   16037720 total
- age   6:    1388472 bytes,   17426192 total
- age   7:    1126696 bytes,   18552888 total
- age   8:    1141904 bytes,   19694792 total
- age   9:    1173984 bytes,   20868776 total
- age  10:    1159616 bytes,   22028392 total
- age  11:    1169152 bytes,   23197544 total
- age  12:    1615640 bytes,   24813184 total
- age  13:      33856 bytes,   24847040 total
- age  14:       2584 bytes,   24849624 total
- age  15:       2704 bytes,   24852328 total
, 0.0264783 secs]
   [Parallel Time: 11.0 ms, GC Workers: 30]
      [GC Worker Start (ms): Min: 335883.8, Avg: 335884.1, Max: 335884.5, Diff: 0.7]
      [Ext Root Scanning (ms): Min: 0.2, Avg: 0.6, Max: 1.4, Diff: 1.2, Sum: 18.0]
      [Update RS (ms): Min: 1.5, Avg: 2.2, Max: 2.7, Diff: 1.2, Sum: 64.9]
         [Processed Buffers: Min: 2, Avg: 4.0, Max: 15, Diff: 13, Sum: 120]
      [Scan RS (ms): Min: 0.0, Avg: 0.2, Max: 0.4, Diff: 0.4, Sum: 5.9]
      [Code Root Scanning (ms): Min: 0.0, Avg: 0.0, Max: 0.0, Diff: 0.0, Sum: 0.1]
      [Object Copy (ms): Min: 6.7, Avg: 7.2, Max: 7.3, Diff: 0.6, Sum: 215.1]
      [Termination (ms): Min: 0.0, Avg: 0.0, Max: 0.0, Diff: 0.0, Sum: 0.3]
         [Termination Attempts: Min: 1, Avg: 1.0, Max: 1, Diff: 0, Sum: 30]
      [GC Worker Other (ms): Min: 0.0, Avg: 0.2, Max: 0.3, Diff: 0.3, Sum: 4.9]
      [GC Worker Total (ms): Min: 9.8, Avg: 10.3, Max: 10.8, Diff: 0.9, Sum: 309.1]
      [GC Worker End (ms): Min: 335894.3, Avg: 335894.5, Max: 335894.6, Diff: 0.3]
   [Code Root Fixup: 0.0 ms]
   [Code Root Purge: 0.0 ms]
   [Clear CT: 2.3 ms]
   [Other: 13.2 ms]
      [Choose CSet: 0.0 ms]
      [Ref Proc: 7.9 ms]
      [Ref Enq: 1.3 ms]
      [Redirty Cards: 2.0 ms]
      [Humongous Register: 0.3 ms]
      [Humongous Reclaim: 0.1 ms]
      [Free CSet: 1.3 ms]
   [Eden: 3928.0M(3928.0M)->0.0B(3912.0M) Survivors: 40.0M->48.0M Heap: 7025.6M(8192.0M)->3103.8M(8192.0M)]
 [Times: user=0.33 sys=0.01, real=0.03 secs]
2018-04-30T04:32:53.574+0200: 335.910: Total time for which application threads were stopped: 0.0278529 seconds, Stopping threads took: 0.0004248 seconds
2018-04-30T04:32:54.017+0200: 336.354: Application time: 0.4437052 seconds
2018-04-30T04:32:54.019+0200: 336.355: [GC pause (G1 Evacuation Pause) (young)
Desired survivor size 260046848 bytes, new threshold 15 (max 15)
- age   1:   14622296 bytes,   14622296 total
- age   2:    1126504 bytes,   15748800 total
- age   3:    1107816 bytes,   16856616 total
- age   4:    1155272 bytes,   18011888 total
- age   5:    1073496 bytes,   19085384 total
- age   6:    1162080 bytes,   20247464 total
- age   7:    1135432 bytes,   21382896 total
- age   8:    1125848 bytes,   22508744 total
- age   9:    1141392 bytes,   23650136 total
- age  10:    1172576 bytes,   24822712 total
- age  11:    1155904 bytes,   25978616 total
- age  12:    1134928 bytes,   27113544 total
- age  13:     166888 bytes,   27280432 total
- age  14:       2720 bytes,   27283152 total
- age  15:       2456 bytes,   27285608 total
, 0.0279312 secs]
   [Parallel Time: 12.3 ms, GC Workers: 30]
      [GC Worker Start (ms): Min: 336355.4, Avg: 336355.7, Max: 336356.1, Diff: 0.7]
      [Ext Root Scanning (ms): Min: 0.2, Avg: 0.5, Max: 1.5, Diff: 1.3, Sum: 16.5]
      [Update RS (ms): Min: 1.9, Avg: 2.2, Max: 2.8, Diff: 0.9, Sum: 66.8]
         [Processed Buffers: Min: 2, Avg: 3.9, Max: 15, Diff: 13, Sum: 116]
      [Scan RS (ms): Min: 0.0, Avg: 0.2, Max: 0.5, Diff: 0.4, Sum: 5.9]
      [Code Root Scanning (ms): Min: 0.0, Avg: 0.0, Max: 0.0, Diff: 0.0, Sum: 0.1]
      [Object Copy (ms): Min: 7.9, Avg: 8.3, Max: 8.5, Diff: 0.5, Sum: 248.9]
      [Termination (ms): Min: 0.0, Avg: 0.0, Max: 0.0, Diff: 0.0, Sum: 0.2]
         [Termination Attempts: Min: 1, Avg: 1.0, Max: 1, Diff: 0, Sum: 30]
      [GC Worker Other (ms): Min: 0.0, Avg: 0.2, Max: 0.4, Diff: 0.3, Sum: 5.7]
      [GC Worker Total (ms): Min: 11.1, Avg: 11.5, Max: 11.9, Diff: 0.9, Sum: 344.0]
      [GC Worker End (ms): Min: 336367.0, Avg: 336367.2, Max: 336367.4, Diff: 0.3]
   [Code Root Fixup: 0.0 ms]
   [Code Root Purge: 0.0 ms]
   [Clear CT: 2.0 ms]
   [Other: 13.6 ms]
      [Choose CSet: 0.0 ms]
      [Ref Proc: 8.4 ms]
      [Ref Enq: 1.3 ms]
      [Redirty Cards: 2.0 ms]
      [Humongous Register: 0.3 ms]
      [Humongous Reclaim: 0.1 ms]
      [Free CSet: 1.3 ms]
   [Eden: 3912.0M(3912.0M)->0.0B(3912.0M) Survivors: 48.0M->48.0M Heap: 7015.8M(8192.0M)->3104.7M(8192.0M)]
 [Times: user=0.36 sys=0.01, real=0.03 secs]
2018-04-30T04:32:54.047+0200: 336.383: Total time for which application threads were stopped: 0.0293408 seconds, Stopping threads took: 0.0004095 seconds
2018-04-30T04:32:54.492+0200: 336.828: Application time: 0.4449351 seconds
2018-04-30T04:32:54.493+0200: 336.829: [GC pause (G1 Evacuation Pause) (young)
Desired survivor size 260046848 bytes, new threshold 15 (max 15)
- age   1:   14273520 bytes,   14273520 total
- age   2:    2797784 bytes,   17071304 total
- age   3:    1123008 bytes,   18194312 total
- age   4:    1105608 bytes,   19299920 total
- age   5:    1153672 bytes,   20453592 total
- age   6:    1072472 bytes,   21526064 total
- age   7:    1161120 bytes,   22687184 total
- age   8:    1134536 bytes,   23821720 total
- age   9:    1125528 bytes,   24947248 total
- age  10:    1141264 bytes,   26088512 total
- age  11:    1171936 bytes,   27260448 total
- age  12:    1155584 bytes,   28416032 total
- age  13:     180840 bytes,   28596872 total
- age  14:       3360 bytes,   28600232 total
- age  15:       2720 bytes,   28602952 total
, 0.0278719 secs]
   [Parallel Time: 10.6 ms, GC Workers: 30]
      [GC Worker Start (ms): Min: 336829.6, Avg: 336830.2, Max: 336830.7, Diff: 1.1]
      [Ext Root Scanning (ms): Min: 0.0, Avg: 0.4, Max: 1.3, Diff: 1.2, Sum: 13.1]
      [Update RS (ms): Min: 1.8, Avg: 2.3, Max: 2.7, Diff: 0.9, Sum: 69.1]
         [Processed Buffers: Min: 2, Avg: 3.9, Max: 19, Diff: 17, Sum: 118]
      [Scan RS (ms): Min: 0.0, Avg: 0.2, Max: 0.5, Diff: 0.4, Sum: 5.8]
      [Code Root Scanning (ms): Min: 0.0, Avg: 0.0, Max: 0.0, Diff: 0.0, Sum: 0.1]
      [Object Copy (ms): Min: 6.4, Avg: 6.7, Max: 6.9, Diff: 0.5, Sum: 201.3]
      [Termination (ms): Min: 0.0, Avg: 0.0, Max: 0.0, Diff: 0.0, Sum: 0.3]
         [Termination Attempts: Min: 1, Avg: 1.0, Max: 1, Diff: 0, Sum: 30]
      [GC Worker Other (ms): Min: 0.0, Avg: 0.2, Max: 0.3, Diff: 0.3, Sum: 4.9]
      [GC Worker Total (ms): Min: 9.2, Avg: 9.8, Max: 10.5, Diff: 1.2, Sum: 294.6]
      [GC Worker End (ms): Min: 336839.8, Avg: 336840.0, Max: 336840.1, Diff: 0.3]
   [Code Root Fixup: 0.0 ms]
   [Code Root Purge: 0.0 ms]
   [Clear CT: 2.6 ms]
   [Other: 14.7 ms]
      [Choose CSet: 0.0 ms]
      [Ref Proc: 9.0 ms]
      [Ref Enq: 1.4 ms]
      [Redirty Cards: 2.3 ms]
      [Humongous Register: 0.3 ms]
      [Humongous Reclaim: 0.1 ms]
      [Free CSet: 1.3 ms]
   [Eden: 3912.0M(3912.0M)->0.0B(3920.0M) Survivors: 48.0M->44.0M Heap: 7016.7M(8192.0M)->3099.1M(8192.0M)]
 [Times: user=0.32 sys=0.00, real=0.02 secs]
2018-04-30T04:32:54.521+0200: 336.857: Total time for which application threads were stopped: 0.0292993 seconds, Stopping threads took: 0.0004729 seconds
2018-04-30T04:32:54.944+0200: 337.280: Application time: 0.4229506 seconds
2018-04-30T04:32:54.945+0200: 337.281: [GC pause (G1 Evacuation Pause) (young)
Desired survivor size 260046848 bytes, new threshold 15 (max 15)
- age   1:   11638704 bytes,   11638704 total
- age   2:    1159608 bytes,   12798312 total
- age   3:    2793544 bytes,   15591856 total
- age   4:    1121664 bytes,   16713520 total
- age   5:    1104392 bytes,   17817912 total
- age   6:    1151392 bytes,   18969304 total
- age   7:    1072088 bytes,   20041392 total
- age   8:    1160352 bytes,   21201744 total
- age   9:    1133896 bytes,   22335640 total
- age  10:    1125464 bytes,   23461104 total
- age  11:    1141136 bytes,   24602240 total
- age  12:    1171744 bytes,   25773984 total
- age  13:     198552 bytes,   25972536 total
- age  14:       5376 bytes,   25977912 total
- age  15:       3168 bytes,   25981080 total
, 0.0280512 secs]
   [Parallel Time: 11.4 ms, GC Workers: 30]
      [GC Worker Start (ms): Min: 337282.0, Avg: 337282.5, Max: 337283.0, Diff: 1.0]
      [Ext Root Scanning (ms): Min: 0.0, Avg: 0.5, Max: 1.3, Diff: 1.3, Sum: 14.4]
      [Update RS (ms): Min: 1.9, Avg: 2.4, Max: 2.9, Diff: 1.0, Sum: 72.1]
         [Processed Buffers: Min: 2, Avg: 3.9, Max: 10, Diff: 8, Sum: 116]
      [Scan RS (ms): Min: 0.0, Avg: 0.2, Max: 0.5, Diff: 0.5, Sum: 5.7]
      [Code Root Scanning (ms): Min: 0.0, Avg: 0.0, Max: 0.0, Diff: 0.0, Sum: 0.0]
      [Object Copy (ms): Min: 6.9, Avg: 7.3, Max: 7.6, Diff: 0.6, Sum: 219.5]
      [Termination (ms): Min: 0.0, Avg: 0.0, Max: 0.0, Diff: 0.0, Sum: 0.3]
         [Termination Attempts: Min: 1, Avg: 1.0, Max: 1, Diff: 0, Sum: 30]
      [GC Worker Other (ms): Min: 0.0, Avg: 0.2, Max: 0.3, Diff: 0.3, Sum: 5.1]
      [GC Worker Total (ms): Min: 10.0, Avg: 10.6, Max: 11.2, Diff: 1.1, Sum: 317.0]
      [GC Worker End (ms): Min: 337292.9, Avg: 337293.1, Max: 337293.3, Diff: 0.3]
   [Code Root Fixup: 0.0 ms]
   [Code Root Purge: 0.0 ms]
   [Clear CT: 2.1 ms]
   [Other: 14.5 ms]
      [Choose CSet: 0.0 ms]
      [Ref Proc: 8.7 ms]
      [Ref Enq: 1.2 ms]
      [Redirty Cards: 2.7 ms]
      [Humongous Register: 0.3 ms]
      [Humongous Reclaim: 0.1 ms]
      [Free CSet: 1.2 ms]
   [Eden: 3920.0M(3920.0M)->0.0B(3920.0M) Survivors: 44.0M->44.0M Heap: 7019.1M(8192.0M)->3099.9M(8192.0M)]
 [Times: user=0.34 sys=0.00, real=0.03 secs]
2018-04-30T04:32:54.973+0200: 337.310: Total time for which application threads were stopped: 0.0294847 seconds, Stopping threads took: 0.0004486 seconds
2018-04-30T04:32:55.391+0200: 337.728: Application time: 0.4178548 seconds
2018-04-30T04:32:55.392+0200: 337.729: [GC pause (G1 Evacuation Pause) (young)
Desired survivor size 260046848 bytes, new threshold 15 (max 15)
- age   1:   11887472 bytes,   11887472 total
- age   2:    1148080 bytes,   13035552 total
- age   3:    1153880 bytes,   14189432 total
- age   4:    2792072 bytes,   16981504 total
- age   5:    1120960 bytes,   18102464 total
- age   6:    1103752 bytes,   19206216 total
- age   7:    1150944 bytes,   20357160 total
- age   8:    1071768 bytes,   21428928 total
- age   9:    1160032 bytes,   22588960 total
- age  10:    1133576 bytes,   23722536 total
- age  11:    1125400 bytes,   24847936 total
- age  12:    1140800 bytes,   25988736 total
- age  13:     184928 bytes,   26173664 total
- age  14:       2720 bytes,   26176384 total
- age  15:       4656 bytes,   26181040 total
, 0.0290151 secs]
   [Parallel Time: 12.0 ms, GC Workers: 30]
      [GC Worker Start (ms): Min: 337729.1, Avg: 337729.7, Max: 337730.3, Diff: 1.2]
      [Ext Root Scanning (ms): Min: 0.0, Avg: 0.4, Max: 1.3, Diff: 1.3, Sum: 12.1]
      [Update RS (ms): Min: 1.9, Avg: 2.3, Max: 3.0, Diff: 1.2, Sum: 70.4]
         [Processed Buffers: Min: 2, Avg: 3.9, Max: 14, Diff: 12, Sum: 118]
      [Scan RS (ms): Min: 0.0, Avg: 0.2, Max: 0.5, Diff: 0.4, Sum: 6.1]
      [Code Root Scanning (ms): Min: 0.0, Avg: 0.0, Max: 0.0, Diff: 0.0, Sum: 0.1]
      [Object Copy (ms): Min: 7.5, Avg: 8.1, Max: 8.3, Diff: 0.8, Sum: 241.9]
      [Termination (ms): Min: 0.0, Avg: 0.0, Max: 0.0, Diff: 0.0, Sum: 0.3]
         [Termination Attempts: Min: 1, Avg: 1.0, Max: 1, Diff: 0, Sum: 30]
      [GC Worker Other (ms): Min: 0.0, Avg: 0.2, Max: 0.3, Diff: 0.3, Sum: 4.6]
      [GC Worker Total (ms): Min: 10.6, Avg: 11.2, Max: 11.8, Diff: 1.3, Sum: 335.4]
      [GC Worker End (ms): Min: 337740.8, Avg: 337740.9, Max: 337741.1, Diff: 0.3]
   [Code Root Fixup: 0.0 ms]
   [Code Root Purge: 0.0 ms]
   [Clear CT: 2.4 ms]
   [Other: 14.5 ms]
      [Choose CSet: 0.0 ms]
      [Ref Proc: 8.7 ms]
      [Ref Enq: 1.2 ms]
      [Redirty Cards: 2.6 ms]
      [Humongous Register: 0.3 ms]
      [Humongous Reclaim: 0.1 ms]
      [Free CSet: 1.4 ms]
   [Eden: 3920.0M(3920.0M)->0.0B(3920.0M) Survivors: 44.0M->44.0M Heap: 7019.9M(8192.0M)->3100.7M(8192.0M)]
 [Times: user=0.36 sys=0.00, real=0.02 secs]
2018-04-30T04:32:55.422+0200: 337.758: Total time for which application threads were stopped: 0.0303252 seconds, Stopping threads took: 0.0002614 seconds
2018-04-30T04:32:55.682+0200: 338.018: Application time: 0.2601221 seconds
2018-04-30T04:32:55.683+0200: 338.019: Total time for which application threads were stopped: 0.0011631 seconds, Stopping threads took: 0.0003906 seconds
2018-04-30T04:32:55.854+0200: 338.190: Application time: 0.1711814 seconds
2018-04-30T04:32:55.855+0200: 338.192: [GC pause (G1 Evacuation Pause) (young)
Desired survivor size 260046848 bytes, new threshold 15 (max 15)
- age   1:   12784824 bytes,   12784824 total
- age   2:    1354656 bytes,   14139480 total
- age   3:    1143808 bytes,   15283288 total
- age   4:    1152248 bytes,   16435536 total
- age   5:    2790408 bytes,   19225944 total
- age   6:    1120544 bytes,   20346488 total
- age   7:    1103176 bytes,   21449664 total
- age   8:    1150432 bytes,   22600096 total
- age   9:    1071256 bytes,   23671352 total
- age  10:    1159712 bytes,   24831064 total
- age  11:    1133064 bytes,   25964128 total
- age  12:    1125336 bytes,   27089464 total
- age  13:     167176 bytes,   27256640 total
- age  14:       7112 bytes,   27263752 total
- age  15:       2656 bytes,   27266408 total
, 0.0272489 secs]
   [Parallel Time: 11.4 ms, GC Workers: 30]
      [GC Worker Start (ms): Min: 338192.1, Avg: 338192.5, Max: 338193.0, Diff: 0.9]
      [Ext Root Scanning (ms): Min: 0.1, Avg: 0.6, Max: 1.4, Diff: 1.3, Sum: 18.3]
      [Update RS (ms): Min: 1.6, Avg: 2.4, Max: 3.1, Diff: 1.5, Sum: 71.2]
         [Processed Buffers: Min: 1, Avg: 3.8, Max: 17, Diff: 16, Sum: 114]
      [Scan RS (ms): Min: 0.0, Avg: 0.2, Max: 0.5, Diff: 0.5, Sum: 6.1]
      [Code Root Scanning (ms): Min: 0.0, Avg: 0.0, Max: 0.0, Diff: 0.0, Sum: 0.1]
      [Object Copy (ms): Min: 6.6, Avg: 7.2, Max: 7.4, Diff: 0.8, Sum: 214.5]
      [Termination (ms): Min: 0.0, Avg: 0.0, Max: 0.0, Diff: 0.0, Sum: 0.3]
         [Termination Attempts: Min: 1, Avg: 1.0, Max: 1, Diff: 0, Sum: 30]
      [GC Worker Other (ms): Min: 0.0, Avg: 0.2, Max: 0.4, Diff: 0.3, Sum: 5.6]
      [GC Worker Total (ms): Min: 9.9, Avg: 10.5, Max: 11.1, Diff: 1.1, Sum: 316.2]
      [GC Worker End (ms): Min: 338202.9, Avg: 338203.0, Max: 338203.2, Diff: 0.3]
   [Code Root Fixup: 0.0 ms]
   [Code Root Purge: 0.0 ms]
   [Clear CT: 2.0 ms]
   [Other: 13.8 ms]
      [Choose CSet: 0.0 ms]
      [Ref Proc: 8.4 ms]
      [Ref Enq: 1.2 ms]
      [Redirty Cards: 2.3 ms]
      [Humongous Register: 0.4 ms]
      [Humongous Reclaim: 0.1 ms]
      [Free CSet: 1.2 ms]
   [Eden: 3920.0M(3920.0M)->0.0B(3920.0M) Survivors: 44.0M->44.0M Heap: 7020.7M(8192.0M)->3100.8M(8192.0M)]
 [Times: user=0.33 sys=0.01, real=0.02 secs]
2018-04-30T04:32:55.883+0200: 338.219: Total time for which application threads were stopped: 0.0285858 seconds, Stopping threads took: 0.0003156 seconds
2018-04-30T04:32:56.302+0200: 338.638: Application time: 0.4194389 seconds
2018-04-30T04:32:56.303+0200: 338.640: [GC pause (G1 Evacuation Pause) (young)
Desired survivor size 260046848 bytes, new threshold 15 (max 15)
- age   1:   11343536 bytes,   11343536 total
- age   2:    1164888 bytes,   12508424 total
- age   3:    1198232 bytes,   13706656 total
- age   4:    1140208 bytes,   14846864 total
- age   5:    1150840 bytes,   15997704 total
- age   6:    2789064 bytes,   18786768 total
- age   7:    1120160 bytes,   19906928 total
- age   8:    1102536 bytes,   21009464 total
- age   9:    1149856 bytes,   22159320 total
- age  10:    1071064 bytes,   23230384 total
- age  11:    1159264 bytes,   24389648 total
- age  12:    1132616 bytes,   25522264 total
- age  13:     162048 bytes,   25684312 total
- age  14:       8944 bytes,   25693256 total
- age  15:       7048 bytes,   25700304 total
, 0.0294844 secs]
   [Parallel Time: 11.9 ms, GC Workers: 30]
      [GC Worker Start (ms): Min: 338640.3, Avg: 338640.6, Max: 338641.1, Diff: 0.8]
      [Ext Root Scanning (ms): Min: 0.0, Avg: 0.5, Max: 1.3, Diff: 1.2, Sum: 15.0]
      [Update RS (ms): Min: 1.6, Avg: 2.4, Max: 2.8, Diff: 1.2, Sum: 71.7]
         [Processed Buffers: Min: 2, Avg: 4.0, Max: 19, Diff: 17, Sum: 119]
      [Scan RS (ms): Min: 0.0, Avg: 0.2, Max: 0.5, Diff: 0.5, Sum: 5.7]
      [Code Root Scanning (ms): Min: 0.0, Avg: 0.0, Max: 0.0, Diff: 0.0, Sum: 0.1]
      [Object Copy (ms): Min: 7.8, Avg: 8.0, Max: 8.2, Diff: 0.4, Sum: 241.1]
      [Termination (ms): Min: 0.0, Avg: 0.0, Max: 0.0, Diff: 0.0, Sum: 0.2]
         [Termination Attempts: Min: 1, Avg: 1.0, Max: 1, Diff: 0, Sum: 30]
      [GC Worker Other (ms): Min: 0.0, Avg: 0.2, Max: 0.4, Diff: 0.3, Sum: 5.7]
      [GC Worker Total (ms): Min: 10.9, Avg: 11.3, Max: 11.8, Diff: 1.0, Sum: 339.5]
      [GC Worker End (ms): Min: 338651.8, Avg: 338651.9, Max: 338652.1, Diff: 0.3]
   [Code Root Fixup: 0.0 ms]
   [Code Root Purge: 0.0 ms]
   [Clear CT: 2.3 ms]
   [Other: 15.3 ms]
      [Choose CSet: 0.0 ms]
      [Ref Proc: 9.8 ms]
      [Ref Enq: 1.3 ms]
      [Redirty Cards: 2.3 ms]
      [Humongous Register: 0.3 ms]
      [Humongous Reclaim: 0.1 ms]
      [Free CSet: 1.3 ms]
   [Eden: 3920.0M(3920.0M)->0.0B(3912.0M) Survivors: 44.0M->48.0M Heap: 7020.8M(8192.0M)->3103.0M(8192.0M)]
 [Times: user=0.35 sys=0.01, real=0.04 secs]
2018-04-30T04:32:56.333+0200: 338.670: Total time for which application threads were stopped: 0.0310792 seconds, Stopping threads took: 0.0005389 seconds
2018-04-30T04:32:56.765+0200: 339.101: Application time: 0.4315937 seconds
2018-04-30T04:32:56.766+0200: 339.102: [GC pause (G1 Evacuation Pause) (young)
Desired survivor size 260046848 bytes, new threshold 15 (max 15)
- age   1:   14103576 bytes,   14103576 total
- age   2:    1382832 bytes,   15486408 total
- age   3:    1160520 bytes,   16646928 total
- age   4:    1194328 bytes,   17841256 total
- age   5:    1138664 bytes,   18979920 total
- age   6:    1149944 bytes,   20129864 total
- age   7:    2788552 bytes,   22918416 total
- age   8:    1119776 bytes,   24038192 total
- age   9:    1102088 bytes,   25140280 total
- age  10:    1149536 bytes,   26289816 total
- age  11:    1070872 bytes,   27360688 total
- age  12:    1159072 bytes,   28519760 total
- age  13:     143496 bytes,   28663256 total
- age  14:      13816 bytes,   28677072 total
- age  15:       8880 bytes,   28685952 total
, 0.0281982 secs]
   [Parallel Time: 11.5 ms, GC Workers: 30]
      [GC Worker Start (ms): Min: 339102.8, Avg: 339103.3, Max: 339103.7, Diff: 0.9]
      [Ext Root Scanning (ms): Min: 0.0, Avg: 0.4, Max: 1.3, Diff: 1.2, Sum: 12.9]
      [Update RS (ms): Min: 1.8, Avg: 2.4, Max: 2.8, Diff: 1.0, Sum: 71.7]
         [Processed Buffers: Min: 2, Avg: 3.8, Max: 16, Diff: 14, Sum: 114]
      [Scan RS (ms): Min: 0.0, Avg: 0.2, Max: 0.5, Diff: 0.4, Sum: 5.4]
      [Code Root Scanning (ms): Min: 0.0, Avg: 0.0, Max: 0.0, Diff: 0.0, Sum: 0.1]
      [Object Copy (ms): Min: 7.1, Avg: 7.3, Max: 7.6, Diff: 0.6, Sum: 220.3]
      [Termination (ms): Min: 0.0, Avg: 0.0, Max: 0.0, Diff: 0.0, Sum: 0.2]
         [Termination Attempts: Min: 1, Avg: 1.0, Max: 1, Diff: 0, Sum: 30]
      [GC Worker Other (ms): Min: 0.0, Avg: 0.2, Max: 0.3, Diff: 0.3, Sum: 5.1]
      [GC Worker Total (ms): Min: 10.0, Avg: 10.5, Max: 11.0, Diff: 1.0, Sum: 315.6]
      [GC Worker End (ms): Min: 339113.7, Avg: 339113.8, Max: 339114.0, Diff: 0.3]
   [Code Root Fixup: 0.0 ms]
   [Code Root Purge: 0.0 ms]
   [Clear CT: 2.3 ms]
   [Other: 14.4 ms]
      [Choose CSet: 0.0 ms]
      [Ref Proc: 8.8 ms]
      [Ref Enq: 1.3 ms]
      [Redirty Cards: 2.4 ms]
      [Humongous Register: 0.3 ms]
      [Humongous Reclaim: 0.1 ms]
      [Free CSet: 1.3 ms]
   [Eden: 3912.0M(3912.0M)->0.0B(3920.0M) Survivors: 48.0M->44.0M Heap: 7015.0M(8192.0M)->3100.0M(8192.0M)]
 [Times: user=0.34 sys=0.00, real=0.03 secs]
2018-04-30T04:32:56.794+0200: 339.131: Total time for which application threads were stopped: 0.0296284 seconds, Stopping threads took: 0.0004293 seconds
2018-04-30T04:32:57.209+0200: 339.545: Application time: 0.4141947 seconds
2018-04-30T04:32:57.210+0200: 339.546: [GC pause (G1 Evacuation Pause) (young)
Desired survivor size 260046848 bytes, new threshold 15 (max 15)
- age   1:   13532792 bytes,   13532792 total
- age   2:    1178728 bytes,   14711520 total
- age   3:    1378840 bytes,   16090360 total
- age   4:    1158536 bytes,   17248896 total
- age   5:    1193432 bytes,   18442328 total
- age   6:    1137512 bytes,   19579840 total
- age   7:    1149048 bytes,   20728888 total
- age   8:    2788296 bytes,   23517184 total
- age   9:    1119712 bytes,   24636896 total
- age  10:    1101960 bytes,   25738856 total
- age  11:    1149408 bytes,   26888264 total
- age  12:    1070872 bytes,   27959136 total
- age  13:     173280 bytes,   28132416 total
- age  14:       4576 bytes,   28136992 total
- age  15:      13752 bytes,   28150744 total
, 0.0287239 secs]
   [Parallel Time: 13.0 ms, GC Workers: 30]
      [GC Worker Start (ms): Min: 339546.6, Avg: 339547.1, Max: 339547.5, Diff: 0.9]
      [Ext Root Scanning (ms): Min: 0.1, Avg: 0.5, Max: 1.3, Diff: 1.3, Sum: 15.6]
      [Update RS (ms): Min: 2.0, Avg: 2.5, Max: 3.1, Diff: 1.1, Sum: 75.0]
         [Processed Buffers: Min: 2, Avg: 3.9, Max: 21, Diff: 19, Sum: 118]
      [Scan RS (ms): Min: 0.0, Avg: 0.2, Max: 0.5, Diff: 0.5, Sum: 5.4]
      [Code Root Scanning (ms): Min: 0.0, Avg: 0.0, Max: 0.0, Diff: 0.0, Sum: 0.1]
      [Object Copy (ms): Min: 8.5, Avg: 8.9, Max: 9.1, Diff: 0.6, Sum: 267.1]
      [Termination (ms): Min: 0.0, Avg: 0.0, Max: 0.0, Diff: 0.0, Sum: 0.2]
         [Termination Attempts: Min: 1, Avg: 1.0, Max: 1, Diff: 0, Sum: 30]
      [GC Worker Other (ms): Min: 0.0, Avg: 0.2, Max: 0.3, Diff: 0.3, Sum: 5.3]
      [GC Worker Total (ms): Min: 11.8, Avg: 12.3, Max: 12.6, Diff: 0.9, Sum: 368.6]
      [GC Worker End (ms): Min: 339559.2, Avg: 339559.4, Max: 339559.5, Diff: 0.3]
   [Code Root Fixup: 0.0 ms]
   [Code Root Purge: 0.0 ms]
   [Clear CT: 1.8 ms]
   [Other: 13.9 ms]
      [Choose CSet: 0.0 ms]
      [Ref Proc: 9.0 ms]
      [Ref Enq: 1.2 ms]
      [Redirty Cards: 1.8 ms]
      [Humongous Register: 0.3 ms]
      [Humongous Reclaim: 0.1 ms]
      [Free CSet: 1.2 ms]
   [Eden: 3920.0M(3920.0M)->0.0B(3928.0M) Survivors: 44.0M->40.0M Heap: 7020.0M(8192.0M)->3097.8M(8192.0M)]
 [Times: user=0.39 sys=0.00, real=0.03 secs]
2018-04-30T04:32:57.239+0200: 339.575: Total time for which application threads were stopped: 0.0301363 seconds, Stopping threads took: 0.0004202 seconds
2018-04-30T04:32:57.652+0200: 339.988: Application time: 0.4130056 seconds
2018-04-30T04:32:57.653+0200: 339.989: [GC pause (G1 Evacuation Pause) (young)
Desired survivor size 260046848 bytes, new threshold 15 (max 15)
- age   1:   14079088 bytes,   14079088 total
- age   2:    1140984 bytes,   15220072 total
- age   3:    1175088 bytes,   16395160 total
- age   4:    1377208 bytes,   17772368 total
- age   5:    1157480 bytes,   18929848 total
- age   6:    1192856 bytes,   20122704 total
- age   7:    1136872 bytes,   21259576 total
- age   8:    1148600 bytes,   22408176 total
- age   9:    2788168 bytes,   25196344 total
- age  10:    1119712 bytes,   26316056 total
- age  11:    1101704 bytes,   27417760 total
- age  12:    1149152 bytes,   28566912 total
- age  13:     107176 bytes,   28674088 total
- age  14:       6544 bytes,   28680632 total
- age  15:       4576 bytes,   28685208 total
, 0.0281954 secs]
   [Parallel Time: 11.4 ms, GC Workers: 30]
      [GC Worker Start (ms): Min: 339989.5, Avg: 339990.0, Max: 339990.5, Diff: 1.0]
      [Ext Root Scanning (ms): Min: 0.0, Avg: 0.4, Max: 1.3, Diff: 1.3, Sum: 11.7]
      [Update RS (ms): Min: 2.0, Avg: 2.4, Max: 2.9, Diff: 0.9, Sum: 73.3]
         [Processed Buffers: Min: 2, Avg: 3.8, Max: 16, Diff: 14, Sum: 113]
      [Scan RS (ms): Min: 0.0, Avg: 0.2, Max: 0.6, Diff: 0.5, Sum: 5.8]
      [Code Root Scanning (ms): Min: 0.0, Avg: 0.0, Max: 0.0, Diff: 0.0, Sum: 0.1]
      [Object Copy (ms): Min: 7.0, Avg: 7.3, Max: 7.4, Diff: 0.4, Sum: 218.4]
      [Termination (ms): Min: 0.0, Avg: 0.0, Max: 0.0, Diff: 0.0, Sum: 0.2]
         [Termination Attempts: Min: 1, Avg: 1.0, Max: 2, Diff: 1, Sum: 31]
      [GC Worker Other (ms): Min: 0.0, Avg: 0.2, Max: 0.3, Diff: 0.3, Sum: 5.0]
      [GC Worker Total (ms): Min: 10.0, Avg: 10.5, Max: 10.9, Diff: 0.9, Sum: 314.5]
      [GC Worker End (ms): Min: 340000.4, Avg: 340000.5, Max: 340000.7, Diff: 0.3]
   [Code Root Fixup: 0.0 ms]
   [Code Root Purge: 0.0 ms]
   [Clear CT: 2.4 ms]
   [Other: 14.4 ms]
      [Choose CSet: 0.0 ms]
      [Ref Proc: 8.7 ms]
      [Ref Enq: 1.3 ms]
      [Redirty Cards: 2.6 ms]
      [Humongous Register: 0.3 ms]
      [Humongous Reclaim: 0.1 ms]
      [Free CSet: 1.2 ms]
   [Eden: 3928.0M(3928.0M)->0.0B(3928.0M) Survivors: 40.0M->40.0M Heap: 7025.8M(8192.0M)->3096.1M(8192.0M)]
 [Times: user=0.33 sys=0.00, real=0.02 secs]
2018-04-30T04:32:57.681+0200: 340.018: Total time for which application threads were stopped: 0.0293991 seconds, Stopping threads took: 0.0002743 seconds
2018-04-30T04:32:58.093+0200: 340.430: Application time: 0.4120717 seconds
2018-04-30T04:32:58.094+0200: 340.431: [GC pause (G1 Evacuation Pause) (young)
Desired survivor size 260046848 bytes, new threshold 15 (max 15)
- age   1:   11086624 bytes,   11086624 total
- age   2:    1285080 bytes,   12371704 total
- age   3:    1137040 bytes,   13508744 total
- age   4:    1174576 bytes,   14683320 total
- age   5:    1376184 bytes,   16059504 total
- age   6:    1156520 bytes,   17216024 total
- age   7:    1192408 bytes,   18408432 total
- age   8:    1136616 bytes,   19545048 total
- age   9:    1148472 bytes,   20693520 total
- age  10:    2788040 bytes,   23481560 total
- age  11:    1119648 bytes,   24601208 total
- age  12:    1101704 bytes,   25702912 total
- age  13:      70400 bytes,   25773312 total
- age  14:       2864 bytes,   25776176 total
- age  15:       6352 bytes,   25782528 total
, 0.0272358 secs]
   [Parallel Time: 12.3 ms, GC Workers: 30]
      [GC Worker Start (ms): Min: 340431.2, Avg: 340431.7, Max: 340432.0, Diff: 0.8]
      [Ext Root Scanning (ms): Min: 0.2, Avg: 0.6, Max: 1.3, Diff: 1.1, Sum: 16.8]
      [Update RS (ms): Min: 1.9, Avg: 2.3, Max: 2.7, Diff: 0.8, Sum: 69.4]
         [Processed Buffers: Min: 2, Avg: 3.9, Max: 10, Diff: 8, Sum: 118]
      [Scan RS (ms): Min: 0.0, Avg: 0.2, Max: 0.5, Diff: 0.5, Sum: 5.3]
      [Code Root Scanning (ms): Min: 0.0, Avg: 0.0, Max: 0.0, Diff: 0.0, Sum: 0.1]
      [Object Copy (ms): Min: 7.9, Avg: 8.1, Max: 8.3, Diff: 0.3, Sum: 244.1]
      [Termination (ms): Min: 0.0, Avg: 0.0, Max: 0.0, Diff: 0.0, Sum: 0.3]
         [Termination Attempts: Min: 1, Avg: 1.0, Max: 1, Diff: 0, Sum: 30]
      [GC Worker Other (ms): Min: 0.0, Avg: 0.2, Max: 0.3, Diff: 0.3, Sum: 5.5]
      [GC Worker Total (ms): Min: 11.0, Avg: 11.4, Max: 12.0, Diff: 1.0, Sum: 341.4]
      [GC Worker End (ms): Min: 340442.9, Avg: 340443.1, Max: 340443.2, Diff: 0.3]
   [Code Root Fixup: 0.0 ms]
   [Code Root Purge: 0.0 ms]
   [Clear CT: 2.1 ms]
   [Other: 12.8 ms]
      [Choose CSet: 0.0 ms]
      [Ref Proc: 8.9 ms]
      [Ref Enq: 1.1 ms]
      [Redirty Cards: 1.0 ms]
      [Humongous Register: 0.3 ms]
      [Humongous Reclaim: 0.1 ms]
      [Free CSet: 1.2 ms]
   [Eden: 3928.0M(3928.0M)->0.0B(3920.0M) Survivors: 40.0M->44.0M Heap: 7024.1M(8192.0M)->3101.7M(8192.0M)]
 [Times: user=0.36 sys=0.01, real=0.02 secs]
2018-04-30T04:32:58.122+0200: 340.458: Total time for which application threads were stopped: 0.0286372 seconds, Stopping threads took: 0.0004203 seconds
2018-04-30T04:32:58.526+0200: 340.862: Application time: 0.4037912 seconds
2018-04-30T04:32:58.527+0200: 340.863: [GC pause (G1 Evacuation Pause) (young)
Desired survivor size 260046848 bytes, new threshold 15 (max 15)
- age   1:   14180944 bytes,   14180944 total
- age   2:    1219896 bytes,   15400840 total
- age   3:    1281096 bytes,   16681936 total
- age   4:    1135824 bytes,   17817760 total
- age   5:    1173712 bytes,   18991472 total
- age   6:    1374904 bytes,   20366376 total
- age   7:    1156264 bytes,   21522640 total
- age   8:    1191576 bytes,   22714216 total
- age   9:    1136424 bytes,   23850640 total
- age  10:    1148280 bytes,   24998920 total
- age  11:    2788040 bytes,   27786960 total
- age  12:    1119648 bytes,   28906608 total
- age  13:      10376 bytes,   28916984 total
- age  14:       3496 bytes,   28920480 total
- age  15:       2800 bytes,   28923280 total
, 0.0279887 secs]
   [Parallel Time: 12.5 ms, GC Workers: 30]
      [GC Worker Start (ms): Min: 340863.9, Avg: 340864.3, Max: 340864.6, Diff: 0.6]
      [Ext Root Scanning (ms): Min: 0.3, Avg: 0.6, Max: 1.4, Diff: 1.1, Sum: 17.6]
      [Update RS (ms): Min: 1.8, Avg: 2.2, Max: 2.7, Diff: 0.8, Sum: 66.1]
         [Processed Buffers: Min: 2, Avg: 4.0, Max: 18, Diff: 16, Sum: 121]
      [Scan RS (ms): Min: 0.0, Avg: 0.2, Max: 0.5, Diff: 0.5, Sum: 5.7]
      [Code Root Scanning (ms): Min: 0.0, Avg: 0.0, Max: 0.0, Diff: 0.0, Sum: 0.1]
      [Object Copy (ms): Min: 8.3, Avg: 8.6, Max: 8.8, Diff: 0.4, Sum: 259.3]
      [Termination (ms): Min: 0.0, Avg: 0.0, Max: 0.0, Diff: 0.0, Sum: 0.2]
         [Termination Attempts: Min: 1, Avg: 1.0, Max: 1, Diff: 0, Sum: 30]
      [GC Worker Other (ms): Min: 0.0, Avg: 0.2, Max: 0.3, Diff: 0.3, Sum: 5.1]
      [GC Worker Total (ms): Min: 11.4, Avg: 11.8, Max: 12.2, Diff: 0.8, Sum: 354.2]
      [GC Worker End (ms): Min: 340875.9, Avg: 340876.1, Max: 340876.2, Diff: 0.3]
   [Code Root Fixup: 0.0 ms]
   [Code Root Purge: 0.0 ms]
   [Clear CT: 2.0 ms]
   [Other: 13.5 ms]
      [Choose CSet: 0.0 ms]
      [Ref Proc: 8.5 ms]
      [Ref Enq: 1.2 ms]
      [Redirty Cards: 2.0 ms]
      [Humongous Register: 0.3 ms]
      [Humongous Reclaim: 0.1 ms]
      [Free CSet: 1.2 ms]
   [Eden: 3920.0M(3920.0M)->0.0B(3920.0M) Survivors: 44.0M->44.0M Heap: 7021.7M(8192.0M)->3101.0M(8192.0M)]
 [Times: user=0.38 sys=0.00, real=0.03 secs]
2018-04-30T04:32:58.555+0200: 340.892: Total time for which application threads were stopped: 0.0296573 seconds, Stopping threads took: 0.0006109 seconds
2018-04-30T04:32:58.982+0200: 341.318: Application time: 0.4266733 seconds
2018-04-30T04:32:58.985+0200: 341.321: [GC pause (G1 Evacuation Pause) (young)
Desired survivor size 260046848 bytes, new threshold 15 (max 15)
- age   1:   15058768 bytes,   15058768 total
- age   2:    1168008 bytes,   16226776 total
- age   3:    1198328 bytes,   17425104 total
- age   4:    1138048 bytes,   18563152 total
- age   5:    1129872 bytes,   19693024 total
- age   6:    1143768 bytes,   20836792 total
- age   7:    1135656 bytes,   21972448 total
- age   8:    1155432 bytes,   23127880 total
- age   9:    1191128 bytes,   24319008 total
- age  10:    1136232 bytes,   25455240 total
- age  11:    1148088 bytes,   26603328 total
- age  12:    2787784 bytes,   29391112 total
- age  13:      44160 bytes,   29435272 total
- age  14:       2896 bytes,   29438168 total
- age  15:       3304 bytes,   29441472 total
, 0.0304741 secs]
   [Parallel Time: 13.2 ms, GC Workers: 30]
      [GC Worker Start (ms): Min: 341321.7, Avg: 341322.4, Max: 341323.0, Diff: 1.2]
      [Ext Root Scanning (ms): Min: 0.0, Avg: 0.4, Max: 1.3, Diff: 1.3, Sum: 13.1]
      [Update RS (ms): Min: 2.0, Avg: 2.4, Max: 2.7, Diff: 0.8, Sum: 70.9]
         [Processed Buffers: Min: 2, Avg: 3.8, Max: 12, Diff: 10, Sum: 115]
      [Scan RS (ms): Min: 0.0, Avg: 0.2, Max: 0.5, Diff: 0.4, Sum: 5.8]
      [Code Root Scanning (ms): Min: 0.0, Avg: 0.0, Max: 0.0, Diff: 0.0, Sum: 0.1]
      [Object Copy (ms): Min: 8.6, Avg: 8.9, Max: 9.0, Diff: 0.5, Sum: 266.2]
      [Termination (ms): Min: 0.0, Avg: 0.0, Max: 0.0, Diff: 0.0, Sum: 0.2]
         [Termination Attempts: Min: 1, Avg: 1.0, Max: 1, Diff: 0, Sum: 30]
      [GC Worker Other (ms): Min: 0.0, Avg: 0.2, Max: 0.4, Diff: 0.3, Sum: 5.4]
      [GC Worker Total (ms): Min: 11.4, Avg: 12.1, Max: 12.8, Diff: 1.4, Sum: 361.7]
      [GC Worker End (ms): Min: 341334.3, Avg: 341334.4, Max: 341334.6, Diff: 0.3]
   [Code Root Fixup: 0.0 ms]
   [Code Root Purge: 0.0 ms]
   [Clear CT: 2.1 ms]
   [Other: 15.1 ms]
      [Choose CSet: 0.0 ms]
      [Ref Proc: 9.3 ms]
      [Ref Enq: 1.3 ms]
      [Redirty Cards: 2.6 ms]
      [Humongous Register: 0.3 ms]
      [Humongous Reclaim: 0.1 ms]
      [Free CSet: 1.3 ms]
   [Eden: 3920.0M(3920.0M)->0.0B(3920.0M) Survivors: 44.0M->44.0M Heap: 7021.0M(8192.0M)->3101.1M(8192.0M)]
 [Times: user=0.38 sys=0.00, real=0.03 secs]
2018-04-30T04:32:59.016+0200: 341.352: Total time for which application threads were stopped: 0.0336342 seconds, Stopping threads took: 0.0020302 seconds
2018-04-30T04:32:59.431+0200: 341.767: Application time: 0.4154488 seconds
2018-04-30T04:32:59.432+0200: 341.769: [GC pause (G1 Evacuation Pause) (young)
Desired survivor size 260046848 bytes, new threshold 15 (max 15)
- age   1:   15194456 bytes,   15194456 total
- age   2:    1565168 bytes,   16759624 total
- age   3:    1164632 bytes,   17924256 total
- age   4:    1194760 bytes,   19119016 total
- age   5:    1135360 bytes,   20254376 total
- age   6:    1128976 bytes,   21383352 total
- age   7:    1141848 bytes,   22525200 total
- age   8:    1134296 bytes,   23659496 total
- age   9:    1154536 bytes,   24814032 total
- age  10:    1190680 bytes,   26004712 total
- age  11:    1136040 bytes,   27140752 total
- age  12:    1111456 bytes,   28252208 total
- age  13:    1747608 bytes,   29999816 total
- age  14:       3024 bytes,   30002840 total
- age  15:       2832 bytes,   30005672 total
, 0.0288700 secs]
   [Parallel Time: 12.0 ms, GC Workers: 30]
      [GC Worker Start (ms): Min: 341769.0, Avg: 341769.7, Max: 341770.2, Diff: 1.2]
      [Ext Root Scanning (ms): Min: 0.0, Avg: 0.4, Max: 1.3, Diff: 1.3, Sum: 12.8]
      [Update RS (ms): Min: 1.8, Avg: 2.3, Max: 2.6, Diff: 0.8, Sum: 68.6]
         [Processed Buffers: Min: 2, Avg: 4.0, Max: 16, Diff: 14, Sum: 120]
      [Scan RS (ms): Min: 0.0, Avg: 0.2, Max: 0.5, Diff: 0.4, Sum: 5.4]
      [Code Root Scanning (ms): Min: 0.0, Avg: 0.0, Max: 0.0, Diff: 0.0, Sum: 0.1]
      [Object Copy (ms): Min: 7.6, Avg: 7.8, Max: 7.9, Diff: 0.3, Sum: 232.9]
      [Termination (ms): Min: 0.0, Avg: 0.0, Max: 0.0, Diff: 0.0, Sum: 0.3]
         [Termination Attempts: Min: 1, Avg: 1.0, Max: 1, Diff: 0, Sum: 30]
      [GC Worker Other (ms): Min: 0.0, Avg: 0.2, Max: 0.3, Diff: 0.3, Sum: 4.9]
      [GC Worker Total (ms): Min: 10.2, Avg: 10.8, Max: 11.5, Diff: 1.3, Sum: 325.0]
      [GC Worker End (ms): Min: 341780.4, Avg: 341780.5, Max: 341780.7, Diff: 0.3]
   [Code Root Fixup: 0.0 ms]
   [Code Root Purge: 0.0 ms]
   [Clear CT: 2.1 ms]
   [Other: 14.8 ms]
      [Choose CSet: 0.0 ms]
      [Ref Proc: 8.6 ms]
      [Ref Enq: 1.6 ms]
      [Redirty Cards: 2.7 ms]
      [Humongous Register: 0.3 ms]
      [Humongous Reclaim: 0.1 ms]
      [Free CSet: 1.3 ms]
   [Eden: 3920.0M(3920.0M)->0.0B(3928.0M) Survivors: 44.0M->40.0M Heap: 7021.1M(8192.0M)->3095.3M(8192.0M)]
 [Times: user=0.34 sys=0.00, real=0.02 secs]
2018-04-30T04:32:59.461+0200: 341.798: Total time for which application threads were stopped: 0.0302150 seconds, Stopping threads took: 0.0003705 seconds
2018-04-30T04:32:59.885+0200: 342.221: Application time: 0.4231995 seconds
2018-04-30T04:32:59.886+0200: 342.222: [GC pause (G1 Evacuation Pause) (young)
Desired survivor size 260046848 bytes, new threshold 15 (max 15)
- age   1:   11861960 bytes,   11861960 total
- age   2:    1158032 bytes,   13019992 total
- age   3:    1562392 bytes,   14582384 total
- age   4:    1163800 bytes,   15746184 total
- age   5:    1194376 bytes,   16940560 total
- age   6:    1134304 bytes,   18074864 total
- age   7:    1128528 bytes,   19203392 total
- age   8:    1141720 bytes,   20345112 total
- age   9:    1133784 bytes,   21478896 total
- age  10:    1154472 bytes,   22633368 total
- age  11:    1190552 bytes,   23823920 total
- age  12:    1102656 bytes,   24926576 total
- age  13:      31688 bytes,   24958264 total
- age  14:    1747608 bytes,   26705872 total
- age  15:       2960 bytes,   26708832 total
, 0.0305861 secs]
   [Parallel Time: 12.4 ms, GC Workers: 30]
      [GC Worker Start (ms): Min: 342222.6, Avg: 342223.2, Max: 342223.7, Diff: 1.2]
      [Ext Root Scanning (ms): Min: 0.0, Avg: 0.5, Max: 1.3, Diff: 1.3, Sum: 14.1]
      [Update RS (ms): Min: 1.9, Avg: 2.4, Max: 2.9, Diff: 0.9, Sum: 72.8]
         [Processed Buffers: Min: 2, Avg: 3.9, Max: 18, Diff: 16, Sum: 116]
      [Scan RS (ms): Min: 0.0, Avg: 0.2, Max: 0.5, Diff: 0.5, Sum: 5.5]
      [Code Root Scanning (ms): Min: 0.0, Avg: 0.0, Max: 0.0, Diff: 0.0, Sum: 0.1]
      [Object Copy (ms): Min: 7.7, Avg: 8.0, Max: 8.2, Diff: 0.4, Sum: 241.3]
      [Termination (ms): Min: 0.0, Avg: 0.0, Max: 0.0, Diff: 0.0, Sum: 0.3]
         [Termination Attempts: Min: 1, Avg: 1.0, Max: 1, Diff: 0, Sum: 30]
      [GC Worker Other (ms): Min: 0.0, Avg: 0.2, Max: 0.3, Diff: 0.3, Sum: 4.9]
      [GC Worker Total (ms): Min: 10.6, Avg: 11.3, Max: 11.9, Diff: 1.3, Sum: 338.9]
      [GC Worker End (ms): Min: 342234.3, Avg: 342234.5, Max: 342234.6, Diff: 0.3]
   [Code Root Fixup: 0.0 ms]
   [Code Root Purge: 0.0 ms]
   [Clear CT: 2.5 ms]
   [Other: 15.7 ms]
      [Choose CSet: 0.0 ms]
      [Ref Proc: 9.0 ms]
      [Ref Enq: 1.7 ms]
      [Redirty Cards: 2.8 ms]
      [Humongous Register: 0.3 ms]
      [Humongous Reclaim: 0.1 ms]
      [Free CSet: 1.4 ms]
   [Eden: 3928.0M(3928.0M)->0.0B(3928.0M) Survivors: 40.0M->40.0M Heap: 7023.3M(8192.0M)->3097.8M(8192.0M)]
 [Times: user=0.37 sys=0.00, real=0.03 secs]
2018-04-30T04:32:59.917+0200: 342.253: Total time for which application threads were stopped: 0.0320096 seconds, Stopping threads took: 0.0003803 seconds
2018-04-30T04:33:00.340+0200: 342.676: Application time: 0.4232326 seconds
2018-04-30T04:33:00.341+0200: 342.677: [GC pause (G1 Evacuation Pause) (young)
Desired survivor size 260046848 bytes, new threshold 15 (max 15)
- age   1:   12234040 bytes,   12234040 total
- age   2:    1126448 bytes,   13360488 total
- age   3:    1154184 bytes,   14514672 total
- age   4:    1560856 bytes,   16075528 total
- age   5:    1162648 bytes,   17238176 total
- age   6:    1193864 bytes,   18432040 total
- age   7:    1133728 bytes,   19565768 total
- age   8:    1128016 bytes,   20693784 total
- age   9:    1140312 bytes,   21834096 total
- age  10:    1133272 bytes,   22967368 total
- age  11:    1154408 bytes,   24121776 total
- age  12:    1170376 bytes,   25292152 total
- age  13:       3992 bytes,   25296144 total
- age  14:      31688 bytes,   25327832 total
- age  15:    1747544 bytes,   27075376 total
, 0.0285633 secs]
   [Parallel Time: 12.0 ms, GC Workers: 30]
      [GC Worker Start (ms): Min: 342677.8, Avg: 342678.3, Max: 342678.9, Diff: 1.1]
      [Ext Root Scanning (ms): Min: 0.0, Avg: 0.5, Max: 1.4, Diff: 1.4, Sum: 14.9]
      [Update RS (ms): Min: 1.9, Avg: 2.3, Max: 2.9, Diff: 1.0, Sum: 69.8]
         [Processed Buffers: Min: 2, Avg: 3.9, Max: 18, Diff: 16, Sum: 118]
      [Scan RS (ms): Min: 0.0, Avg: 0.2, Max: 0.5, Diff: 0.5, Sum: 5.8]
      [Code Root Scanning (ms): Min: 0.0, Avg: 0.0, Max: 0.0, Diff: 0.0, Sum: 0.1]
      [Object Copy (ms): Min: 7.3, Avg: 7.8, Max: 7.9, Diff: 0.6, Sum: 233.1]
      [Termination (ms): Min: 0.0, Avg: 0.0, Max: 0.0, Diff: 0.0, Sum: 0.2]
         [Termination Attempts: Min: 1, Avg: 1.0, Max: 1, Diff: 0, Sum: 30]
      [GC Worker Other (ms): Min: 0.0, Avg: 0.2, Max: 0.4, Diff: 0.3, Sum: 5.7]
      [GC Worker Total (ms): Min: 10.5, Avg: 11.0, Max: 11.4, Diff: 0.9, Sum: 329.6]
      [GC Worker End (ms): Min: 342689.2, Avg: 342689.3, Max: 342689.5, Diff: 0.3]
   [Code Root Fixup: 0.0 ms]
   [Code Root Purge: 0.0 ms]
   [Clear CT: 1.7 ms]
   [Other: 14.8 ms]
      [Choose CSet: 0.0 ms]
      [Ref Proc: 9.1 ms]
      [Ref Enq: 1.4 ms]
      [Redirty Cards: 2.3 ms]
      [Humongous Register: 0.3 ms]
      [Humongous Reclaim: 0.1 ms]
      [Free CSet: 1.3 ms]
   [Eden: 3928.0M(3928.0M)->0.0B(3916.0M) Survivors: 40.0M->44.0M Heap: 7025.8M(8192.0M)->3102.6M(8192.0M)]
 [Times: user=0.36 sys=0.00, real=0.03 secs]
2018-04-30T04:33:00.370+0200: 342.706: Total time for which application threads were stopped: 0.0300738 seconds, Stopping threads took: 0.0004547 seconds
2018-04-30T04:33:00.768+0200: 343.104: Application time: 0.3979599 seconds
2018-04-30T04:33:00.769+0200: 343.105: [GC pause (G1 Evacuation Pause) (young)
Desired survivor size 260046848 bytes, new threshold 15 (max 15)
- age   1:   13212632 bytes,   13212632 total
- age   2:    1282960 bytes,   14495592 total
- age   3:    1123656 bytes,   15619248 total
- age   4:    1152584 bytes,   16771832 total
- age   5:    1560024 bytes,   18331856 total
- age   6:    1162328 bytes,   19494184 total
- age   7:    1193416 bytes,   20687600 total
- age   8:    1133216 bytes,   21820816 total
- age   9:    1127696 bytes,   22948512 total
- age  10:    1139800 bytes,   24088312 total
- age  11:    1133016 bytes,   25221328 total
- age  12:    1154280 bytes,   26375608 total
- age  13:      76192 bytes,   26451800 total
- age  14:       3864 bytes,   26455664 total
- age  15:      30720 bytes,   26486384 total
, 0.0288232 secs]
   [Parallel Time: 10.9 ms, GC Workers: 30]
      [GC Worker Start (ms): Min: 343105.8, Avg: 343106.3, Max: 343106.8, Diff: 1.0]
      [Ext Root Scanning (ms): Min: 0.0, Avg: 0.5, Max: 1.3, Diff: 1.3, Sum: 15.0]
      [Update RS (ms): Min: 1.7, Avg: 2.3, Max: 2.9, Diff: 1.1, Sum: 68.4]
         [Processed Buffers: Min: 2, Avg: 4.0, Max: 11, Diff: 9, Sum: 121]
      [Scan RS (ms): Min: 0.0, Avg: 0.2, Max: 0.5, Diff: 0.4, Sum: 5.8]
      [Code Root Scanning (ms): Min: 0.0, Avg: 0.0, Max: 0.0, Diff: 0.0, Sum: 0.1]
      [Object Copy (ms): Min: 6.3, Avg: 6.7, Max: 6.9, Diff: 0.6, Sum: 201.9]
      [Termination (ms): Min: 0.0, Avg: 0.0, Max: 0.0, Diff: 0.0, Sum: 0.2]
         [Termination Attempts: Min: 1, Avg: 1.0, Max: 1, Diff: 0, Sum: 30]
      [GC Worker Other (ms): Min: 0.0, Avg: 0.2, Max: 0.3, Diff: 0.3, Sum: 4.9]
      [GC Worker Total (ms): Min: 9.3, Avg: 9.9, Max: 10.5, Diff: 1.3, Sum: 296.4]
      [GC Worker End (ms): Min: 343116.0, Avg: 343116.2, Max: 343116.3, Diff: 0.3]
   [Code Root Fixup: 0.0 ms]
   [Code Root Purge: 0.0 ms]
   [Clear CT: 2.6 ms]
   [Other: 15.3 ms]
      [Choose CSet: 0.0 ms]
      [Ref Proc: 9.2 ms]
      [Ref Enq: 1.2 ms]
      [Redirty Cards: 3.0 ms]
      [Humongous Register: 0.3 ms]
      [Humongous Reclaim: 0.1 ms]
      [Free CSet: 1.4 ms]
   [Eden: 3916.0M(3916.0M)->0.0B(3924.0M) Survivors: 44.0M->40.0M Heap: 7018.6M(8192.0M)->3099.5M(8192.0M)]
 [Times: user=0.32 sys=0.00, real=0.03 secs]
2018-04-30T04:33:00.798+0200: 343.134: Total time for which application threads were stopped: 0.0302020 seconds, Stopping threads took: 0.0003561 seconds
2018-04-30T04:33:01.208+0200: 343.544: Application time: 0.4095507 seconds
2018-04-30T04:33:01.209+0200: 343.545: [GC pause (G1 Evacuation Pause) (young)
Desired survivor size 260046848 bytes, new threshold 15 (max 15)
- age   1:   10481944 bytes,   10481944 total
- age   2:    1115288 bytes,   11597232 total
- age   3:    1279616 bytes,   12876848 total
- age   4:    1122824 bytes,   13999672 total
- age   5:    1152008 bytes,   15151680 total
- age   6:    1558928 bytes,   16710608 total
- age   7:    1161880 bytes,   17872488 total
- age   8:    1193288 bytes,   19065776 total
- age   9:    1133152 bytes,   20198928 total
- age  10:    1127504 bytes,   21326432 total
- age  11:    1139672 bytes,   22466104 total
- age  12:    1132696 bytes,   23598800 total
- age  13:      88328 bytes,   23687128 total
- age  14:       7520 bytes,   23694648 total
- age  15:       3864 bytes,   23698512 total
, 0.0284035 secs]
   [Parallel Time: 10.6 ms, GC Workers: 30]
      [GC Worker Start (ms): Min: 343545.6, Avg: 343546.1, Max: 343546.5, Diff: 0.9]
      [Ext Root Scanning (ms): Min: 0.1, Avg: 0.6, Max: 1.4, Diff: 1.3, Sum: 16.7]
      [Update RS (ms): Min: 1.8, Avg: 2.3, Max: 2.8, Diff: 1.0, Sum: 68.3]
         [Processed Buffers: Min: 2, Avg: 3.9, Max: 20, Diff: 18, Sum: 117]
      [Scan RS (ms): Min: 0.0, Avg: 0.2, Max: 0.5, Diff: 0.4, Sum: 5.3]
      [Code Root Scanning (ms): Min: 0.0, Avg: 0.0, Max: 0.0, Diff: 0.0, Sum: 0.1]
      [Object Copy (ms): Min: 6.4, Avg: 6.7, Max: 6.9, Diff: 0.6, Sum: 202.4]
      [Termination (ms): Min: 0.0, Avg: 0.0, Max: 0.0, Diff: 0.0, Sum: 0.3]
         [Termination Attempts: Min: 1, Avg: 1.0, Max: 1, Diff: 0, Sum: 30]
      [GC Worker Other (ms): Min: 0.0, Avg: 0.2, Max: 0.3, Diff: 0.3, Sum: 4.8]
      [GC Worker Total (ms): Min: 9.6, Avg: 9.9, Max: 10.4, Diff: 0.8, Sum: 297.7]
      [GC Worker End (ms): Min: 343555.8, Avg: 343556.0, Max: 343556.1, Diff: 0.3]
   [Code Root Fixup: 0.0 ms]
   [Code Root Purge: 0.0 ms]
   [Clear CT: 2.5 ms]
   [Other: 15.3 ms]
      [Choose CSet: 0.0 ms]
      [Ref Proc: 9.3 ms]
      [Ref Enq: 1.6 ms]
      [Redirty Cards: 2.3 ms]
      [Humongous Register: 0.3 ms]
      [Humongous Reclaim: 0.1 ms]
      [Free CSet: 1.5 ms]
   [Eden: 3924.0M(3924.0M)->0.0B(3932.0M) Survivors: 40.0M->36.0M Heap: 7023.5M(8192.0M)->3093.7M(8192.0M)]
 [Times: user=0.32 sys=0.00, real=0.03 secs]
2018-04-30T04:33:01.238+0200: 343.574: Total time for which application threads were stopped: 0.0299412 seconds, Stopping threads took: 0.0004430 seconds
2018-04-30T04:33:01.666+0200: 344.002: Application time: 0.4282211 seconds
2018-04-30T04:33:01.667+0200: 344.003: [GC pause (G1 Evacuation Pause) (young)
Desired survivor size 260046848 bytes, new threshold 15 (max 15)
- age   1:   12111648 bytes,   12111648 total
- age   2:    1151232 bytes,   13262880 total
- age   3:    1103112 bytes,   14365992 total
- age   4:    1127136 bytes,   15493128 total
- age   5:    1121640 bytes,   16614768 total
- age   6:    1150920 bytes,   17765688 total
- age   7:    1558416 bytes,   19324104 total
- age   8:    1161496 bytes,   20485600 total
- age   9:    1193096 bytes,   21678696 total
- age  10:    1133088 bytes,   22811784 total
- age  11:    1127056 bytes,   23938840 total
- age  12:    1139544 bytes,   25078384 total
- age  13:      78296 bytes,   25156680 total
- age  14:       2648 bytes,   25159328 total
- age  15:       7456 bytes,   25166784 total
, 0.0293575 secs]
   [Parallel Time: 11.1 ms, GC Workers: 30]
      [GC Worker Start (ms): Min: 344003.8, Avg: 344004.1, Max: 344004.3, Diff: 0.6]
      [Ext Root Scanning (ms): Min: 0.3, Avg: 0.6, Max: 1.4, Diff: 1.1, Sum: 18.3]
      [Update RS (ms): Min: 1.7, Avg: 2.2, Max: 2.6, Diff: 0.9, Sum: 64.5]
         [Processed Buffers: Min: 2, Avg: 3.8, Max: 14, Diff: 12, Sum: 115]
      [Scan RS (ms): Min: 0.0, Avg: 0.2, Max: 0.5, Diff: 0.4, Sum: 6.0]
      [Code Root Scanning (ms): Min: 0.0, Avg: 0.0, Max: 0.0, Diff: 0.0, Sum: 0.1]
      [Object Copy (ms): Min: 7.1, Avg: 7.4, Max: 7.6, Diff: 0.5, Sum: 222.0]
      [Termination (ms): Min: 0.0, Avg: 0.0, Max: 0.0, Diff: 0.0, Sum: 0.3]
         [Termination Attempts: Min: 1, Avg: 1.0, Max: 1, Diff: 0, Sum: 30]
      [GC Worker Other (ms): Min: 0.0, Avg: 0.2, Max: 0.3, Diff: 0.3, Sum: 5.2]
      [GC Worker Total (ms): Min: 10.1, Avg: 10.5, Max: 11.0, Diff: 0.9, Sum: 316.5]
      [GC Worker End (ms): Min: 344014.5, Avg: 344014.6, Max: 344014.8, Diff: 0.3]
   [Code Root Fixup: 0.0 ms]
   [Code Root Purge: 0.0 ms]
   [Clear CT: 2.7 ms]
   [Other: 15.5 ms]
      [Choose CSet: 0.0 ms]
      [Ref Proc: 9.4 ms]
      [Ref Enq: 1.5 ms]
      [Redirty Cards: 2.6 ms]
      [Humongous Register: 0.3 ms]
      [Humongous Reclaim: 0.1 ms]
      [Free CSet: 1.3 ms]
   [Eden: 3932.0M(3932.0M)->0.0B(3932.0M) Survivors: 36.0M->36.0M Heap: 7025.7M(8192.0M)->3095.3M(8192.0M)]
 [Times: user=0.34 sys=0.00, real=0.03 secs]
2018-04-30T04:33:01.697+0200: 344.033: Total time for which application threads were stopped: 0.0308429 seconds, Stopping threads took: 0.0004383 seconds
2018-04-30T04:33:02.116+0200: 344.453: Application time: 0.4197125 seconds
2018-04-30T04:33:02.118+0200: 344.454: [GC pause (G1 Evacuation Pause) (young)
Desired survivor size 260046848 bytes, new threshold 15 (max 15)
- age   1:   12518216 bytes,   12518216 total
- age   2:    1422632 bytes,   13940848 total
- age   3:    1147816 bytes,   15088664 total
- age   4:    1101672 bytes,   16190336 total
- age   5:    1125280 bytes,   17315616 total
- age   6:    1121064 bytes,   18436680 total
- age   7:    1150088 bytes,   19586768 total
- age   8:    1558096 bytes,   21144864 total
- age   9:    1161112 bytes,   22305976 total
- age  10:    1192776 bytes,   23498752 total
- age  11:    1133024 bytes,   24631776 total
- age  12:    1126992 bytes,   25758768 total
- age  13:     110848 bytes,   25869616 total
- age  14:      10984 bytes,   25880600 total
- age  15:       2648 bytes,   25883248 total
, 0.0271178 secs]
   [Parallel Time: 11.3 ms, GC Workers: 30]
      [GC Worker Start (ms): Min: 344454.3, Avg: 344454.8, Max: 344455.2, Diff: 0.9]
      [Ext Root Scanning (ms): Min: 0.1, Avg: 0.5, Max: 1.3, Diff: 1.3, Sum: 13.9]
      [Update RS (ms): Min: 1.5, Avg: 2.3, Max: 2.7, Diff: 1.1, Sum: 69.2]
         [Processed Buffers: Min: 1, Avg: 3.9, Max: 20, Diff: 19, Sum: 117]
      [Scan RS (ms): Min: 0.0, Avg: 0.2, Max: 0.5, Diff: 0.5, Sum: 5.5]
      [Code Root Scanning (ms): Min: 0.0, Avg: 0.0, Max: 0.0, Diff: 0.0, Sum: 0.1]
      [Object Copy (ms): Min: 7.3, Avg: 7.5, Max: 7.6, Diff: 0.3, Sum: 224.4]
      [Termination (ms): Min: 0.0, Avg: 0.0, Max: 0.0, Diff: 0.0, Sum: 0.3]
         [Termination Attempts: Min: 1, Avg: 1.0, Max: 1, Diff: 0, Sum: 30]
      [GC Worker Other (ms): Min: 0.0, Avg: 0.1, Max: 0.3, Diff: 0.3, Sum: 4.4]
      [GC Worker Total (ms): Min: 10.1, Avg: 10.6, Max: 11.2, Diff: 1.2, Sum: 317.8]
      [GC Worker End (ms): Min: 344465.3, Avg: 344465.4, Max: 344465.6, Diff: 0.3]
   [Code Root Fixup: 0.0 ms]
   [Code Root Purge: 0.0 ms]
   [Clear CT: 1.6 ms]
   [Other: 14.2 ms]
      [Choose CSet: 0.0 ms]
      [Ref Proc: 8.9 ms]
      [Ref Enq: 1.2 ms]
      [Redirty Cards: 2.2 ms]
      [Humongous Register: 0.3 ms]
      [Humongous Reclaim: 0.1 ms]
      [Free CSet: 1.3 ms]
   [Eden: 3932.0M(3932.0M)->0.0B(3916.0M) Survivors: 36.0M->44.0M Heap: 7027.3M(8192.0M)->3101.8M(8192.0M)]
 [Times: user=0.34 sys=0.00, real=0.03 secs]
2018-04-30T04:33:02.145+0200: 344.481: Total time for which application threads were stopped: 0.0285706 seconds, Stopping threads took: 0.0004676 seconds
2018-04-30T04:33:02.554+0200: 344.890: Application time: 0.4091810 seconds
2018-04-30T04:33:02.555+0200: 344.892: [GC pause (G1 Evacuation Pause) (young)
Desired survivor size 260046848 bytes, new threshold 15 (max 15)
- age   1:   13335752 bytes,   13335752 total
- age   2:    1114936 bytes,   14450688 total
- age   3:    1418264 bytes,   15868952 total
- age   4:    1144616 bytes,   17013568 total
- age   5:    1100680 bytes,   18114248 total
- age   6:    1124000 bytes,   19238248 total
- age   7:    1120808 bytes,   20359056 total
- age   8:    1149640 bytes,   21508696 total
- age   9:    1557840 bytes,   23066536 total
- age  10:    1160728 bytes,   24227264 total
- age  11:    1192712 bytes,   25419976 total
- age  12:    1132832 bytes,   26552808 total
- age  13:     116176 bytes,   26668984 total
- age  14:       2256 bytes,   26671240 total
- age  15:      10920 bytes,   26682160 total
, 0.0261892 secs]
   [Parallel Time: 11.5 ms, GC Workers: 30]
      [GC Worker Start (ms): Min: 344892.0, Avg: 344892.5, Max: 344893.0, Diff: 0.9]
      [Ext Root Scanning (ms): Min: 0.0, Avg: 0.5, Max: 1.4, Diff: 1.4, Sum: 15.7]
      [Update RS (ms): Min: 1.8, Avg: 2.1, Max: 2.5, Diff: 0.7, Sum: 63.7]
         [Processed Buffers: Min: 2, Avg: 3.9, Max: 13, Diff: 11, Sum: 117]
      [Scan RS (ms): Min: 0.0, Avg: 0.2, Max: 0.4, Diff: 0.4, Sum: 6.1]
      [Code Root Scanning (ms): Min: 0.0, Avg: 0.0, Max: 0.0, Diff: 0.0, Sum: 0.1]
      [Object Copy (ms): Min: 7.3, Avg: 7.5, Max: 7.7, Diff: 0.4, Sum: 226.2]
      [Termination (ms): Min: 0.0, Avg: 0.0, Max: 0.0, Diff: 0.0, Sum: 0.2]
         [Termination Attempts: Min: 1, Avg: 1.0, Max: 1, Diff: 0, Sum: 30]
      [GC Worker Other (ms): Min: 0.0, Avg: 0.2, Max: 0.3, Diff: 0.3, Sum: 4.8]
      [GC Worker Total (ms): Min: 10.0, Avg: 10.6, Max: 11.0, Diff: 1.0, Sum: 316.7]
      [GC Worker End (ms): Min: 344902.9, Avg: 344903.0, Max: 344903.2, Diff: 0.3]
   [Code Root Fixup: 0.0 ms]
   [Code Root Purge: 0.0 ms]
   [Clear CT: 1.7 ms]
   [Other: 13.0 ms]
      [Choose CSet: 0.0 ms]
      [Ref Proc: 8.0 ms]
      [Ref Enq: 1.1 ms]
      [Redirty Cards: 2.0 ms]
      [Humongous Register: 0.3 ms]
      [Humongous Reclaim: 0.1 ms]
      [Free CSet: 1.2 ms]
   [Eden: 3916.0M(3916.0M)->0.0B(3916.0M) Survivors: 44.0M->44.0M Heap: 7017.8M(8192.0M)->3102.7M(8192.0M)]
 [Times: user=0.33 sys=0.00, real=0.02 secs]
2018-04-30T04:33:02.582+0200: 344.918: Total time for which application threads were stopped: 0.0275606 seconds, Stopping threads took: 0.0004124 seconds
2018-04-30T04:33:02.992+0200: 345.329: Application time: 0.4107808 seconds
2018-04-30T04:33:02.994+0200: 345.330: [GC pause (G1 Evacuation Pause) (young)
Desired survivor size 260046848 bytes, new threshold 15 (max 15)
- age   1:   12339384 bytes,   12339384 total
- age   2:    1249240 bytes,   13588624 total
- age   3:    1110872 bytes,   14699496 total
- age   4:    1416152 bytes,   16115648 total
- age   5:    1143648 bytes,   17259296 total
- age   6:    1100040 bytes,   18359336 total
- age   7:    1122400 bytes,   19481736 total
- age   8:    1120552 bytes,   20602288 total
- age   9:    1149240 bytes,   21751528 total
- age  10:    1557840 bytes,   23309368 total
- age  11:    1160728 bytes,   24470096 total
- age  12:    1192712 bytes,   25662808 total
- age  13:     175000 bytes,   25837808 total
- age  14:       2280 bytes,   25840088 total
- age  15:       2128 bytes,   25842216 total
, 0.0283658 secs]
   [Parallel Time: 12.1 ms, GC Workers: 30]
      [GC Worker Start (ms): Min: 345330.4, Avg: 345330.9, Max: 345331.3, Diff: 0.9]
      [Ext Root Scanning (ms): Min: 0.1, Avg: 0.5, Max: 1.3, Diff: 1.2, Sum: 13.8]
      [Update RS (ms): Min: 1.7, Avg: 2.3, Max: 2.7, Diff: 1.0, Sum: 68.0]
         [Processed Buffers: Min: 2, Avg: 3.8, Max: 12, Diff: 10, Sum: 115]
      [Scan RS (ms): Min: 0.0, Avg: 0.2, Max: 0.5, Diff: 0.4, Sum: 6.3]
      [Code Root Scanning (ms): Min: 0.0, Avg: 0.0, Max: 0.0, Diff: 0.0, Sum: 0.1]
      [Object Copy (ms): Min: 7.7, Avg: 8.0, Max: 8.2, Diff: 0.4, Sum: 241.1]
      [Termination (ms): Min: 0.0, Avg: 0.0, Max: 0.0, Diff: 0.0, Sum: 0.2]
         [Termination Attempts: Min: 1, Avg: 1.0, Max: 1, Diff: 0, Sum: 30]
      [GC Worker Other (ms): Min: 0.0, Avg: 0.2, Max: 0.3, Diff: 0.3, Sum: 5.1]
      [GC Worker Total (ms): Min: 10.6, Avg: 11.2, Max: 11.7, Diff: 1.0, Sum: 334.7]
      [GC Worker End (ms): Min: 345341.9, Avg: 345342.0, Max: 345342.2, Diff: 0.3]
   [Code Root Fixup: 0.0 ms]
   [Code Root Purge: 0.0 ms]
   [Clear CT: 1.7 ms]
   [Other: 14.5 ms]
      [Choose CSet: 0.0 ms]
      [Ref Proc: 8.9 ms]
      [Ref Enq: 1.3 ms]
      [Redirty Cards: 2.3 ms]
      [Humongous Register: 0.3 ms]
      [Humongous Reclaim: 0.1 ms]
      [Free CSet: 1.3 ms]
   [Eden: 3916.0M(3916.0M)->0.0B(3916.0M) Survivors: 44.0M->44.0M Heap: 7018.7M(8192.0M)->3102.7M(8192.0M)]
 [Times: user=0.35 sys=0.00, real=0.02 secs]
2018-04-30T04:33:03.022+0200: 345.358: Total time for which application threads were stopped: 0.0297373 seconds, Stopping threads took: 0.0003804 seconds
2018-04-30T04:33:03.424+0200: 345.760: Application time: 0.4016765 seconds
2018-04-30T04:33:03.425+0200: 345.761: [GC pause (G1 Evacuation Pause) (young)
Desired survivor size 260046848 bytes, new threshold 15 (max 15)
- age   1:   13109224 bytes,   13109224 total
- age   2:    1133680 bytes,   14242904 total
- age   3:    1244296 bytes,   15487200 total
- age   4:    1108792 bytes,   16595992 total
- age   5:    1415064 bytes,   18011056 total
- age   6:    1142240 bytes,   19153296 total
- age   7:    1099144 bytes,   20252440 total
- age   8:    1121696 bytes,   21374136 total
- age   9:    1120040 bytes,   22494176 total
- age  10:    1149176 bytes,   23643352 total
- age  11:    1557840 bytes,   25201192 total
- age  12:    1160664 bytes,   26361856 total
- age  13:     237320 bytes,   26599176 total
- age  14:       2144 bytes,   26601320 total
- age  15:       2216 bytes,   26603536 total
, 0.0278194 secs]
   [Parallel Time: 12.0 ms, GC Workers: 30]
      [GC Worker Start (ms): Min: 345761.8, Avg: 345762.3, Max: 345762.8, Diff: 0.9]
      [Ext Root Scanning (ms): Min: 0.0, Avg: 0.5, Max: 1.3, Diff: 1.3, Sum: 15.0]
      [Update RS (ms): Min: 1.9, Avg: 2.2, Max: 2.6, Diff: 0.8, Sum: 66.6]
         [Processed Buffers: Min: 2, Avg: 3.9, Max: 17, Diff: 15, Sum: 118]
      [Scan RS (ms): Min: 0.0, Avg: 0.2, Max: 0.4, Diff: 0.4, Sum: 5.9]
      [Code Root Scanning (ms): Min: 0.0, Avg: 0.0, Max: 0.0, Diff: 0.0, Sum: 0.1]
      [Object Copy (ms): Min: 7.9, Avg: 8.2, Max: 8.4, Diff: 0.4, Sum: 245.6]
      [Termination (ms): Min: 0.0, Avg: 0.0, Max: 0.0, Diff: 0.0, Sum: 0.2]
         [Termination Attempts: Min: 1, Avg: 1.0, Max: 1, Diff: 0, Sum: 30]
      [GC Worker Other (ms): Min: 0.0, Avg: 0.2, Max: 0.3, Diff: 0.3, Sum: 5.1]
      [GC Worker Total (ms): Min: 10.7, Avg: 11.3, Max: 11.9, Diff: 1.2, Sum: 338.5]
      [GC Worker End (ms): Min: 345773.4, Avg: 345773.6, Max: 345773.8, Diff: 0.3]
   [Code Root Fixup: 0.0 ms]
   [Code Root Purge: 0.0 ms]
   [Clear CT: 1.7 ms]
   [Other: 14.1 ms]
      [Choose CSet: 0.0 ms]
      [Ref Proc: 8.6 ms]
      [Ref Enq: 1.2 ms]
      [Redirty Cards: 2.3 ms]
      [Humongous Register: 0.3 ms]
      [Humongous Reclaim: 0.1 ms]
      [Free CSet: 1.4 ms]
   [Eden: 3916.0M(3916.0M)->0.0B(3916.0M) Survivors: 44.0M->44.0M Heap: 7018.7M(8192.0M)->3103.5M(8192.0M)]
 [Times: user=0.36 sys=0.00, real=0.03 secs]
2018-04-30T04:33:03.453+0200: 345.789: Total time for which application threads were stopped: 0.0293224 seconds, Stopping threads took: 0.0004752 seconds
2018-04-30T04:33:03.868+0200: 346.204: Application time: 0.4145209 seconds
2018-04-30T04:33:03.869+0200: 346.205: [GC pause (G1 Evacuation Pause) (young)
Desired survivor size 260046848 bytes, new threshold 15 (max 15)
- age   1:   13569816 bytes,   13569816 total
- age   2:    1149400 bytes,   14719216 total
- age   3:    1090056 bytes,   15809272 total
- age   4:    1130032 bytes,   16939304 total
- age   5:    1107672 bytes,   18046976 total
- age   6:    1414072 bytes,   19461048 total
- age   7:    1141728 bytes,   20602776 total
- age   8:    1098824 bytes,   21701600 total
- age   9:    1121312 bytes,   22822912 total
- age  10:    1119720 bytes,   23942632 total
- age  11:    1148984 bytes,   25091616 total
- age  12:    1557456 bytes,   26649072 total
- age  13:     318488 bytes,   26967560 total
- age  14:       9520 bytes,   26977080 total
- age  15:       2144 bytes,   26979224 total
, 0.0301833 secs]
   [Parallel Time: 13.0 ms, GC Workers: 30]
      [GC Worker Start (ms): Min: 346205.6, Avg: 346206.1, Max: 346206.5, Diff: 0.9]
      [Ext Root Scanning (ms): Min: 0.0, Avg: 0.5, Max: 1.3, Diff: 1.2, Sum: 14.2]
      [Update RS (ms): Min: 1.5, Avg: 2.2, Max: 2.7, Diff: 1.2, Sum: 67.1]
         [Processed Buffers: Min: 2, Avg: 3.9, Max: 18, Diff: 16, Sum: 117]
      [Scan RS (ms): Min: 0.0, Avg: 0.2, Max: 0.5, Diff: 0.5, Sum: 5.6]
      [Code Root Scanning (ms): Min: 0.0, Avg: 0.0, Max: 0.0, Diff: 0.0, Sum: 0.1]
      [Object Copy (ms): Min: 8.7, Avg: 9.0, Max: 9.1, Diff: 0.4, Sum: 269.3]
      [Termination (ms): Min: 0.0, Avg: 0.0, Max: 0.0, Diff: 0.0, Sum: 0.3]
         [Termination Attempts: Min: 1, Avg: 1.0, Max: 1, Diff: 0, Sum: 30]
      [GC Worker Other (ms): Min: 0.0, Avg: 0.2, Max: 0.3, Diff: 0.3, Sum: 5.0]
      [GC Worker Total (ms): Min: 11.6, Avg: 12.1, Max: 12.6, Diff: 1.1, Sum: 361.5]
      [GC Worker End (ms): Min: 346218.0, Avg: 346218.2, Max: 346218.3, Diff: 0.3]
   [Code Root Fixup: 0.0 ms]
   [Code Root Purge: 0.0 ms]
   [Clear CT: 2.4 ms]
   [Other: 14.8 ms]
      [Choose CSet: 0.0 ms]
      [Ref Proc: 8.9 ms]
      [Ref Enq: 1.6 ms]
      [Redirty Cards: 2.5 ms]
      [Humongous Register: 0.3 ms]
      [Humongous Reclaim: 0.1 ms]
      [Free CSet: 1.3 ms]
   [Eden: 3916.0M(3916.0M)->0.0B(3908.0M) Survivors: 44.0M->48.0M Heap: 7019.5M(8192.0M)->3106.7M(8192.0M)]
 [Times: user=0.37 sys=0.01, real=0.03 secs]
2018-04-30T04:33:03.899+0200: 346.236: Total time for which application threads were stopped: 0.0316170 seconds, Stopping threads took: 0.0003966 seconds
2018-04-30T04:33:04.323+0200: 346.660: Application time: 0.4240543 seconds
2018-04-30T04:33:04.324+0200: 346.661: [GC pause (G1 Evacuation Pause) (young)
Desired survivor size 260046848 bytes, new threshold 15 (max 15)
- age   1:   16414128 bytes,   16414128 total
- age   2:    1088384 bytes,   17502512 total
- age   3:    1143368 bytes,   18645880 total
- age   4:    1084712 bytes,   19730592 total
- age   5:    1126192 bytes,   20856784 total
- age   6:    1101784 bytes,   21958568 total
- age   7:    1149968 bytes,   23108536 total
- age   8:    1140960 bytes,   24249496 total
- age   9:    1098256 bytes,   25347752 total
- age  10:    1121184 bytes,   26468936 total
- age  11:    1116456 bytes,   27585392 total
- age  12:    1134104 bytes,   28719496 total
- age  13:     337616 bytes,   29057112 total
- age  14:       2496 bytes,   29059608 total
- age  15:       9520 bytes,   29069128 total
, 0.0269534 secs]
   [Parallel Time: 11.7 ms, GC Workers: 30]
      [GC Worker Start (ms): Min: 346661.2, Avg: 346661.7, Max: 346662.1, Diff: 0.9]
      [Ext Root Scanning (ms): Min: 0.1, Avg: 0.5, Max: 1.3, Diff: 1.3, Sum: 13.9]
      [Update RS (ms): Min: 1.9, Avg: 2.3, Max: 2.6, Diff: 0.7, Sum: 70.0]
         [Processed Buffers: Min: 2, Avg: 4.0, Max: 19, Diff: 17, Sum: 121]
      [Scan RS (ms): Min: 0.0, Avg: 0.2, Max: 0.5, Diff: 0.5, Sum: 5.8]
      [Code Root Scanning (ms): Min: 0.0, Avg: 0.0, Max: 0.0, Diff: 0.0, Sum: 0.1]
      [Object Copy (ms): Min: 7.4, Avg: 7.6, Max: 7.8, Diff: 0.4, Sum: 227.7]
      [Termination (ms): Min: 0.0, Avg: 0.0, Max: 0.0, Diff: 0.0, Sum: 0.2]
         [Termination Attempts: Min: 1, Avg: 1.0, Max: 1, Diff: 0, Sum: 30]
      [GC Worker Other (ms): Min: 0.0, Avg: 0.2, Max: 0.3, Diff: 0.3, Sum: 4.8]
      [GC Worker Total (ms): Min: 10.2, Avg: 10.7, Max: 11.4, Diff: 1.2, Sum: 322.4]
      [GC Worker End (ms): Min: 346672.3, Avg: 346672.5, Max: 346672.7, Diff: 0.3]
   [Code Root Fixup: 0.0 ms]
   [Code Root Purge: 0.0 ms]
   [Clear CT: 2.2 ms]
   [Other: 13.1 ms]
      [Choose CSet: 0.0 ms]
      [Ref Proc: 8.1 ms]
      [Ref Enq: 1.2 ms]
      [Redirty Cards: 2.0 ms]
      [Humongous Register: 0.3 ms]
      [Humongous Reclaim: 0.1 ms]
      [Free CSet: 1.2 ms]
   [Eden: 3908.0M(3908.0M)->0.0B(3924.0M) Survivors: 48.0M->40.0M Heap: 7014.7M(8192.0M)->3098.9M(8192.0M)]
 [Times: user=0.35 sys=0.00, real=0.03 secs]
2018-04-30T04:33:04.352+0200: 346.688: Total time for which application threads were stopped: 0.0283476 seconds, Stopping threads took: 0.0003821 seconds
2018-04-30T04:33:04.774+0200: 347.110: Application time: 0.4219372 seconds
2018-04-30T04:33:04.775+0200: 347.111: [GC pause (G1 Evacuation Pause) (young)
Desired survivor size 260046848 bytes, new threshold 15 (max 15)
- age   1:   11105440 bytes,   11105440 total
- age   2:    1995072 bytes,   13100512 total
- age   3:    1084384 bytes,   14184896 total
- age   4:    1141256 bytes,   15326152 total
- age   5:    1083560 bytes,   16409712 total
- age   6:    1125008 bytes,   17534720 total
- age   7:    1100632 bytes,   18635352 total
- age   8:    1146832 bytes,   19782184 total
- age   9:    1140512 bytes,   20922696 total
- age  10:    1098064 bytes,   22020760 total
- age  11:    1120928 bytes,   23141688 total
- age  12:    1116200 bytes,   24257888 total
- age  13:     371032 bytes,   24628920 total
- age  14:      10992 bytes,   24639912 total
- age  15:       2496 bytes,   24642408 total
, 0.0258577 secs]
   [Parallel Time: 11.1 ms, GC Workers: 30]
      [GC Worker Start (ms): Min: 347111.6, Avg: 347112.0, Max: 347112.4, Diff: 0.8]
      [Ext Root Scanning (ms): Min: 0.2, Avg: 0.5, Max: 1.3, Diff: 1.1, Sum: 16.2]
      [Update RS (ms): Min: 1.8, Avg: 2.3, Max: 2.7, Diff: 0.9, Sum: 68.3]
         [Processed Buffers: Min: 2, Avg: 4.0, Max: 12, Diff: 10, Sum: 119]
      [Scan RS (ms): Min: 0.0, Avg: 0.2, Max: 0.5, Diff: 0.5, Sum: 5.7]
      [Code Root Scanning (ms): Min: 0.0, Avg: 0.0, Max: 0.0, Diff: 0.0, Sum: 0.1]
      [Object Copy (ms): Min: 7.0, Avg: 7.3, Max: 7.4, Diff: 0.4, Sum: 218.6]
      [Termination (ms): Min: 0.0, Avg: 0.0, Max: 0.0, Diff: 0.0, Sum: 0.2]
         [Termination Attempts: Min: 1, Avg: 1.0, Max: 1, Diff: 0, Sum: 30]
      [GC Worker Other (ms): Min: 0.0, Avg: 0.1, Max: 0.3, Diff: 0.3, Sum: 4.5]
      [GC Worker Total (ms): Min: 10.0, Avg: 10.5, Max: 11.0, Diff: 1.0, Sum: 313.6]
      [GC Worker End (ms): Min: 347122.3, Avg: 347122.4, Max: 347122.6, Diff: 0.3]
   [Code Root Fixup: 0.0 ms]
   [Code Root Purge: 0.0 ms]
   [Clear CT: 1.5 ms]
   [Other: 13.2 ms]
      [Choose CSet: 0.0 ms]
      [Ref Proc: 8.1 ms]
      [Ref Enq: 1.2 ms]
      [Redirty Cards: 2.1 ms]
      [Humongous Register: 0.3 ms]
      [Humongous Reclaim: 0.1 ms]
      [Free CSet: 1.2 ms]
   [Eden: 3924.0M(3924.0M)->0.0B(3924.0M) Survivors: 40.0M->40.0M Heap: 7022.9M(8192.0M)->3099.5M(8192.0M)]
 [Times: user=0.32 sys=0.01, real=0.02 secs]
2018-04-30T04:33:04.801+0200: 347.137: Total time for which application threads were stopped: 0.0272465 seconds, Stopping threads took: 0.0003620 seconds
2018-04-30T04:33:05.214+0200: 347.551: Application time: 0.4134695 seconds
2018-04-30T04:33:05.216+0200: 347.552: [GC pause (G1 Evacuation Pause) (young)
Desired survivor size 260046848 bytes, new threshold 15 (max 15)
- age   1:   11275720 bytes,   11275720 total
- age   2:    1113160 bytes,   12388880 total
- age   3:    1990120 bytes,   14379000 total
- age   4:    1082128 bytes,   15461128 total
- age   5:    1139208 bytes,   16600336 total
- age   6:    1082784 bytes,   17683120 total
- age   7:    1124304 bytes,   18807424 total
- age   8:    1099992 bytes,   19907416 total
- age   9:    1146576 bytes,   21053992 total
- age  10:    1140384 bytes,   22194376 total
- age  11:    1097936 bytes,   23292312 total
- age  12:    1120800 bytes,   24413112 total
- age  13:     388672 bytes,   24801784 total
- age  14:      16304 bytes,   24818088 total
- age  15:      10608 bytes,   24828696 total
, 0.0259942 secs]
   [Parallel Time: 10.0 ms, GC Workers: 30]
      [GC Worker Start (ms): Min: 347552.4, Avg: 347553.0, Max: 347553.5, Diff: 1.1]
      [Ext Root Scanning (ms): Min: 0.0, Avg: 0.4, Max: 1.2, Diff: 1.2, Sum: 12.6]
      [Update RS (ms): Min: 1.8, Avg: 2.2, Max: 2.7, Diff: 0.9, Sum: 66.4]
         [Processed Buffers: Min: 2, Avg: 3.9, Max: 19, Diff: 17, Sum: 117]
      [Scan RS (ms): Min: 0.0, Avg: 0.2, Max: 0.5, Diff: 0.4, Sum: 5.9]
      [Code Root Scanning (ms): Min: 0.0, Avg: 0.0, Max: 0.0, Diff: 0.0, Sum: 0.1]
      [Object Copy (ms): Min: 5.7, Avg: 6.1, Max: 6.2, Diff: 0.5, Sum: 182.8]
      [Termination (ms): Min: 0.0, Avg: 0.0, Max: 0.0, Diff: 0.0, Sum: 0.2]
         [Termination Attempts: Min: 1, Avg: 1.0, Max: 1, Diff: 0, Sum: 30]
      [GC Worker Other (ms): Min: 0.0, Avg: 0.2, Max: 0.3, Diff: 0.3, Sum: 4.8]
      [GC Worker Total (ms): Min: 8.5, Avg: 9.1, Max: 9.7, Diff: 1.2, Sum: 272.8]
      [GC Worker End (ms): Min: 347561.9, Avg: 347562.1, Max: 347562.2, Diff: 0.3]
   [Code Root Fixup: 0.0 ms]
   [Code Root Purge: 0.0 ms]
   [Clear CT: 2.2 ms]
   [Other: 13.8 ms]
      [Choose CSet: 0.0 ms]
      [Ref Proc: 8.2 ms]
      [Ref Enq: 1.3 ms]
      [Redirty Cards: 2.4 ms]
      [Humongous Register: 0.3 ms]
      [Humongous Reclaim: 0.1 ms]
      [Free CSet: 1.3 ms]
   [Eden: 3924.0M(3924.0M)->0.0B(3940.0M) Survivors: 40.0M->32.0M Heap: 7023.5M(8192.0M)->3092.2M(8192.0M)]
 [Times: user=0.28 sys=0.01, real=0.02 secs]
2018-04-30T04:33:05.242+0200: 347.578: Total time for which application threads were stopped: 0.0274746 seconds, Stopping threads took: 0.0004168 seconds
2018-04-30T04:33:05.669+0200: 348.006: Application time: 0.4273468 seconds
2018-04-30T04:33:05.671+0200: 348.007: [GC pause (G1 Evacuation Pause) (young)
Desired survivor size 262144000 bytes, new threshold 15 (max 15)
- age   1:    9490272 bytes,    9490272 total
- age   2:    1238176 bytes,   10728448 total
- age   3:    1107776 bytes,   11836224 total
- age   4:    1988392 bytes,   13824616 total
- age   5:    1081040 bytes,   14905656 total
- age   6:    1137800 bytes,   16043456 total
- age   7:    1082144 bytes,   17125600 total
- age   8:    1123536 bytes,   18249136 total
- age   9:    1099800 bytes,   19348936 total
- age  10:    1146512 bytes,   20495448 total
- age  11:    1140320 bytes,   21635768 total
- age  12:    1097808 bytes,   22733576 total
- age  13:     403400 bytes,   23136976 total
- age  14:       3048 bytes,   23140024 total
- age  15:      15984 bytes,   23156008 total
, 0.0310417 secs]
   [Parallel Time: 13.0 ms, GC Workers: 30]
      [GC Worker Start (ms): Min: 348007.4, Avg: 348007.8, Max: 348008.3, Diff: 0.9]
      [Ext Root Scanning (ms): Min: 0.1, Avg: 0.5, Max: 1.4, Diff: 1.3, Sum: 16.3]
      [Update RS (ms): Min: 1.8, Avg: 2.3, Max: 2.7, Diff: 0.8, Sum: 69.2]
         [Processed Buffers: Min: 1, Avg: 4.0, Max: 18, Diff: 17, Sum: 120]
      [Scan RS (ms): Min: 0.0, Avg: 0.2, Max: 0.6, Diff: 0.5, Sum: 5.8]
      [Code Root Scanning (ms): Min: 0.0, Avg: 0.0, Max: 0.0, Diff: 0.0, Sum: 0.1]
      [Object Copy (ms): Min: 8.7, Avg: 8.8, Max: 9.0, Diff: 0.3, Sum: 265.4]
      [Termination (ms): Min: 0.0, Avg: 0.0, Max: 0.0, Diff: 0.0, Sum: 0.3]
         [Termination Attempts: Min: 1, Avg: 1.0, Max: 1, Diff: 0, Sum: 30]
      [GC Worker Other (ms): Min: 0.0, Avg: 0.2, Max: 0.4, Diff: 0.4, Sum: 6.3]
      [GC Worker Total (ms): Min: 11.6, Avg: 12.1, Max: 12.7, Diff: 1.1, Sum: 363.4]
      [GC Worker End (ms): Min: 348019.8, Avg: 348020.0, Max: 348020.1, Diff: 0.4]
   [Code Root Fixup: 0.0 ms]
   [Code Root Purge: 0.0 ms]
   [Clear CT: 2.5 ms]
   [Other: 15.5 ms]
      [Choose CSet: 0.0 ms]
      [Ref Proc: 8.4 ms]
      [Ref Enq: 1.7 ms]
      [Redirty Cards: 3.0 ms]
      [Humongous Register: 0.3 ms]
      [Humongous Reclaim: 0.1 ms]
      [Free CSet: 1.6 ms]
   [Eden: 3940.0M(3940.0M)->0.0B(3908.0M) Survivors: 32.0M->48.0M Heap: 7032.2M(8192.0M)->3106.5M(8192.0M)]
 [Times: user=0.34 sys=0.04, real=0.03 secs]
2018-04-30T04:33:05.702+0200: 348.038: Total time for which application threads were stopped: 0.0327260 seconds, Stopping threads took: 0.0004932 seconds
2018-04-30T04:33:06.122+0200: 348.458: Application time: 0.4200290 seconds
2018-04-30T04:33:06.123+0200: 348.459: [GC pause (G1 Evacuation Pause) (young)
Desired survivor size 260046848 bytes, new threshold 15 (max 15)
- age   1:   17735200 bytes,   17735200 total
- age   2:    1142256 bytes,   18877456 total
- age   3:    1233536 bytes,   20110992 total
- age   4:    1106112 bytes,   21217104 total
- age   5:    1987368 bytes,   23204472 total
- age   6:    1080400 bytes,   24284872 total
- age   7:    1137480 bytes,   25422352 total
- age   8:    1081616 bytes,   26503968 total
- age   9:    1123216 bytes,   27627184 total
- age  10:    1099608 bytes,   28726792 total
- age  11:    1146320 bytes,   29873112 total
- age  12:    1140128 bytes,   31013240 total
- age  13:     388032 bytes,   31401272 total
- age  14:       2472 bytes,   31403744 total
- age  15:       2856 bytes,   31406600 total
, 0.0297681 secs]
   [Parallel Time: 11.4 ms, GC Workers: 30]
      [GC Worker Start (ms): Min: 348459.8, Avg: 348460.2, Max: 348460.6, Diff: 0.7]
      [Ext Root Scanning (ms): Min: 0.2, Avg: 0.6, Max: 1.4, Diff: 1.1, Sum: 18.8]
      [Update RS (ms): Min: 1.5, Avg: 2.2, Max: 2.6, Diff: 1.1, Sum: 65.8]
         [Processed Buffers: Min: 2, Avg: 4.0, Max: 16, Diff: 14, Sum: 120]
      [Scan RS (ms): Min: 0.0, Avg: 0.2, Max: 0.5, Diff: 0.5, Sum: 5.9]
      [Code Root Scanning (ms): Min: 0.0, Avg: 0.0, Max: 0.0, Diff: 0.0, Sum: 0.1]
      [Object Copy (ms): Min: 7.2, Avg: 7.4, Max: 7.6, Diff: 0.4, Sum: 222.2]
      [Termination (ms): Min: 0.0, Avg: 0.0, Max: 0.0, Diff: 0.0, Sum: 0.2]
         [Termination Attempts: Min: 1, Avg: 1.0, Max: 1, Diff: 0, Sum: 30]
      [GC Worker Other (ms): Min: 0.0, Avg: 0.2, Max: 0.3, Diff: 0.3, Sum: 5.3]
      [GC Worker Total (ms): Min: 10.2, Avg: 10.6, Max: 11.1, Diff: 0.9, Sum: 318.2]
      [GC Worker End (ms): Min: 348470.6, Avg: 348470.8, Max: 348471.0, Diff: 0.3]
   [Code Root Fixup: 0.0 ms]
   [Code Root Purge: 0.0 ms]
   [Clear CT: 3.1 ms]
   [Other: 15.2 ms]
      [Choose CSet: 0.0 ms]
      [Ref Proc: 8.9 ms]
      [Ref Enq: 1.2 ms]
      [Redirty Cards: 3.0 ms]
      [Humongous Register: 0.3 ms]
      [Humongous Reclaim: 0.1 ms]
      [Free CSet: 1.4 ms]
   [Eden: 3908.0M(3908.0M)->0.0B(3916.0M) Survivors: 48.0M->44.0M Heap: 7014.5M(8192.0M)->3103.1M(8192.0M)]
 [Times: user=0.33 sys=0.01, real=0.04 secs]
2018-04-30T04:33:06.153+0200: 348.489: Total time for which application threads were stopped: 0.0311674 seconds, Stopping threads took: 0.0003629 seconds
2018-04-30T04:33:06.581+0200: 348.917: Application time: 0.4276074 seconds
2018-04-30T04:33:06.582+0200: 348.918: [GC pause (G1 Evacuation Pause) (young)
Desired survivor size 260046848 bytes, new threshold 15 (max 15)
- age   1:   13227528 bytes,   13227528 total
- age   2:    1123048 bytes,   14350576 total
- age   3:    1121792 bytes,   15472368 total
- age   4:    1092448 bytes,   16564816 total
- age   5:    1105056 bytes,   17669872 total
- age   6:    1986856 bytes,   19656728 total
- age   7:    1080080 bytes,   20736808 total
- age   8:    1137160 bytes,   21873968 total
- age   9:    1081488 bytes,   22955456 total
- age  10:    1123152 bytes,   24078608 total
- age  11:    1099416 bytes,   25178024 total
- age  12:    1146000 bytes,   26324024 total
- age  13:     405336 bytes,   26729360 total
- age  14:       3360 bytes,   26732720 total
- age  15:       2472 bytes,   26735192 total
, 0.0298509 secs]
   [Parallel Time: 11.7 ms, GC Workers: 30]
      [GC Worker Start (ms): Min: 348918.9, Avg: 348919.5, Max: 348920.0, Diff: 1.1]
      [Ext Root Scanning (ms): Min: 0.0, Avg: 0.5, Max: 1.4, Diff: 1.4, Sum: 15.1]
      [Update RS (ms): Min: 1.9, Avg: 2.3, Max: 2.7, Diff: 0.8, Sum: 67.6]
         [Processed Buffers: Min: 2, Avg: 3.7, Max: 10, Diff: 8, Sum: 112]
      [Scan RS (ms): Min: 0.0, Avg: 0.2, Max: 0.5, Diff: 0.4, Sum: 5.9]
      [Code Root Scanning (ms): Min: 0.0, Avg: 0.0, Max: 0.0, Diff: 0.0, Sum: 0.1]
      [Object Copy (ms): Min: 7.4, Avg: 7.7, Max: 7.8, Diff: 0.4, Sum: 229.8]
      [Termination (ms): Min: 0.0, Avg: 0.0, Max: 0.0, Diff: 0.0, Sum: 0.3]
         [Termination Attempts: Min: 1, Avg: 1.0, Max: 1, Diff: 0, Sum: 30]
      [GC Worker Other (ms): Min: 0.0, Avg: 0.2, Max: 0.3, Diff: 0.3, Sum: 5.0]
      [GC Worker Total (ms): Min: 10.2, Avg: 10.8, Max: 11.4, Diff: 1.2, Sum: 323.8]
      [GC Worker End (ms): Min: 348930.2, Avg: 348930.3, Max: 348930.5, Diff: 0.3]
   [Code Root Fixup: 0.0 ms]
   [Code Root Purge: 0.0 ms]
   [Clear CT: 2.2 ms]
   [Other: 15.9 ms]
      [Choose CSet: 0.0 ms]
      [Ref Proc: 9.6 ms]
      [Ref Enq: 1.6 ms]
      [Redirty Cards: 2.8 ms]
      [Humongous Register: 0.3 ms]
      [Humongous Reclaim: 0.1 ms]
      [Free CSet: 1.3 ms]
   [Eden: 3916.0M(3916.0M)->0.0B(3916.0M) Survivors: 44.0M->44.0M Heap: 7019.1M(8192.0M)->3102.1M(8192.0M)]
 [Times: user=0.35 sys=0.00, real=0.04 secs]
2018-04-30T04:33:06.612+0200: 348.949: Total time for which application threads were stopped: 0.0314588 seconds, Stopping threads took: 0.0006080 seconds
2018-04-30T04:33:07.044+0200: 349.381: Application time: 0.4319835 seconds
2018-04-30T04:33:07.049+0200: 349.385: [GC pause (G1 Evacuation Pause) (young)
Desired survivor size 260046848 bytes, new threshold 15 (max 15)
- age   1:   11741880 bytes,   11741880 total
- age   2:    1383560 bytes,   13125440 total
- age   3:    1119760 bytes,   14245200 total
- age   4:    1119744 bytes,   15364944 total
- age   5:    1091264 bytes,   16456208 total
- age   6:    1104288 bytes,   17560496 total
- age   7:    1986536 bytes,   19547032 total
- age   8:    1079888 bytes,   20626920 total
- age   9:    1136968 bytes,   21763888 total
- age  10:    1081296 bytes,   22845184 total
- age  11:    1123088 bytes,   23968272 total
- age  12:    1099352 bytes,   25067624 total
- age  13:     403240 bytes,   25470864 total
- age  14:       5504 bytes,   25476368 total
- age  15:       3360 bytes,   25479728 total
, 0.0278767 secs]
   [Parallel Time: 11.2 ms, GC Workers: 30]
      [GC Worker Start (ms): Min: 349385.3, Avg: 349386.0, Max: 349386.5, Diff: 1.2]
      [Ext Root Scanning (ms): Min: 0.0, Avg: 0.4, Max: 1.3, Diff: 1.3, Sum: 12.8]
      [Update RS (ms): Min: 1.9, Avg: 2.3, Max: 2.7, Diff: 0.8, Sum: 70.1]
         [Processed Buffers: Min: 2, Avg: 4.0, Max: 20, Diff: 18, Sum: 121]
      [Scan RS (ms): Min: 0.0, Avg: 0.2, Max: 0.5, Diff: 0.5, Sum: 6.6]
      [Code Root Scanning (ms): Min: 0.0, Avg: 0.0, Max: 0.0, Diff: 0.0, Sum: 0.1]
      [Object Copy (ms): Min: 6.8, Avg: 7.0, Max: 7.2, Diff: 0.4, Sum: 210.2]
      [Termination (ms): Min: 0.0, Avg: 0.0, Max: 0.1, Diff: 0.1, Sum: 1.0]
         [Termination Attempts: Min: 1, Avg: 5.5, Max: 10, Diff: 9, Sum: 165]
      [GC Worker Other (ms): Min: 0.0, Avg: 0.2, Max: 0.4, Diff: 0.3, Sum: 5.3]
      [GC Worker Total (ms): Min: 9.5, Avg: 10.2, Max: 11.0, Diff: 1.4, Sum: 306.1]
      [GC Worker End (ms): Min: 349396.0, Avg: 349396.2, Max: 349396.4, Diff: 0.3]
   [Code Root Fixup: 0.0 ms]
   [Code Root Purge: 0.0 ms]
   [Clear CT: 2.5 ms]
   [Other: 14.2 ms]
      [Choose CSet: 0.0 ms]
      [Ref Proc: 8.2 ms]
      [Ref Enq: 1.4 ms]
      [Redirty Cards: 2.5 ms]
      [Humongous Register: 0.3 ms]
      [Humongous Reclaim: 0.1 ms]
      [Free CSet: 1.5 ms]
   [Eden: 3916.0M(3916.0M)->0.0B(3924.0M) Survivors: 44.0M->40.0M Heap: 7018.1M(8192.0M)->3099.6M(8192.0M)]
 [Times: user=0.33 sys=0.00, real=0.03 secs]
2018-04-30T04:33:07.077+0200: 349.413: Total time for which application threads were stopped: 0.0324760 seconds, Stopping threads took: 0.0035891 seconds
2018-04-30T04:33:07.508+0200: 349.845: Application time: 0.4316428 seconds
2018-04-30T04:33:07.510+0200: 349.846: [GC pause (G1 Evacuation Pause) (young)
Desired survivor size 260046848 bytes, new threshold 15 (max 15)
- age   1:    8721160 bytes,    8721160 total
- age   2:    1170448 bytes,    9891608 total
- age   3:    1380680 bytes,   11272288 total
- age   4:    1117968 bytes,   12390256 total
- age   5:    1117728 bytes,   13507984 total
- age   6:    1089208 bytes,   14597192 total
- age   7:    1103584 bytes,   15700776 total
- age   8:    1986088 bytes,   17686864 total
- age   9:    1079632 bytes,   18766496 total
- age  10:    1136648 bytes,   19903144 total
- age  11:    1080912 bytes,   20984056 total
- age  12:    1123088 bytes,   22107144 total
- age  13:     412760 bytes,   22519904 total
- age  14:       5648 bytes,   22525552 total
- age  15:       5504 bytes,   22531056 total
, 0.0278169 secs]
   [Parallel Time: 10.8 ms, GC Workers: 30]
      [GC Worker Start (ms): Min: 349846.4, Avg: 349846.8, Max: 349847.1, Diff: 0.7]
      [Ext Root Scanning (ms): Min: 0.3, Avg: 0.5, Max: 1.2, Diff: 1.0, Sum: 16.3]
      [Update RS (ms): Min: 1.9, Avg: 2.2, Max: 2.7, Diff: 0.8, Sum: 66.5]
         [Processed Buffers: Min: 2, Avg: 3.8, Max: 15, Diff: 13, Sum: 113]
      [Scan RS (ms): Min: 0.0, Avg: 0.2, Max: 0.4, Diff: 0.4, Sum: 6.0]
      [Code Root Scanning (ms): Min: 0.0, Avg: 0.0, Max: 0.0, Diff: 0.0, Sum: 0.1]
      [Object Copy (ms): Min: 6.5, Avg: 6.8, Max: 6.9, Diff: 0.4, Sum: 203.9]
      [Termination (ms): Min: 0.0, Avg: 0.0, Max: 0.0, Diff: 0.0, Sum: 0.4]
         [Termination Attempts: Min: 1, Avg: 1.0, Max: 1, Diff: 0, Sum: 30]
      [GC Worker Other (ms): Min: 0.0, Avg: 0.1, Max: 0.3, Diff: 0.3, Sum: 4.2]
      [GC Worker Total (ms): Min: 9.6, Avg: 9.9, Max: 10.3, Diff: 0.7, Sum: 297.3]
      [GC Worker End (ms): Min: 349856.6, Avg: 349856.8, Max: 349856.9, Diff: 0.3]
   [Code Root Fixup: 0.0 ms]
   [Code Root Purge: 0.0 ms]
   [Clear CT: 1.9 ms]
   [Other: 15.1 ms]
      [Choose CSet: 0.0 ms]
      [Ref Proc: 9.1 ms]
      [Ref Enq: 1.5 ms]
      [Redirty Cards: 2.3 ms]
      [Humongous Register: 0.3 ms]
      [Humongous Reclaim: 0.1 ms]
      [Free CSet: 1.5 ms]
   [Eden: 3924.0M(3924.0M)->0.0B(3932.0M) Survivors: 40.0M->36.0M Heap: 7023.6M(8192.0M)->3093.8M(8192.0M)]
 [Times: user=0.32 sys=0.00, real=0.03 secs]
2018-04-30T04:33:07.538+0200: 349.874: Total time for which application threads were stopped: 0.0293837 seconds, Stopping threads took: 0.0004819 seconds
2018-04-30T04:33:07.943+0200: 350.279: Application time: 0.4051779 seconds
2018-04-30T04:33:07.944+0200: 350.280: [GC pause (G1 Evacuation Pause) (young)
Desired survivor size 260046848 bytes, new threshold 15 (max 15)
- age   1:   10944032 bytes,   10944032 total
- age   2:    1102848 bytes,   12046880 total
- age   3:    1166768 bytes,   13213648 total
- age   4:    1379336 bytes,   14592984 total
- age   5:    1117104 bytes,   15710088 total
- age   6:    1116576 bytes,   16826664 total
- age   7:    1088568 bytes,   17915232 total
- age   8:    1103200 bytes,   19018432 total
- age   9:    1985832 bytes,   21004264 total
- age  10:    1079184 bytes,   22083448 total
- age  11:    1136456 bytes,   23219904 total
- age  12:    1080912 bytes,   24300816 total
- age  13:     411408 bytes,   24712224 total
- age  14:       3536 bytes,   24715760 total
- age  15:       5648 bytes,   24721408 total
, 0.0292704 secs]
   [Parallel Time: 12.4 ms, GC Workers: 30]
      [GC Worker Start (ms): Min: 350280.9, Avg: 350281.5, Max: 350282.0, Diff: 1.1]
      [Ext Root Scanning (ms): Min: 0.0, Avg: 0.5, Max: 1.3, Diff: 1.3, Sum: 13.9]
      [Update RS (ms): Min: 1.9, Avg: 2.2, Max: 2.6, Diff: 0.7, Sum: 67.1]
         [Processed Buffers: Min: 2, Avg: 3.8, Max: 11, Diff: 9, Sum: 114]
      [Scan RS (ms): Min: 0.0, Avg: 0.2, Max: 0.5, Diff: 0.4, Sum: 6.1]
      [Code Root Scanning (ms): Min: 0.0, Avg: 0.0, Max: 0.0, Diff: 0.0, Sum: 0.1]
      [Object Copy (ms): Min: 8.2, Avg: 8.3, Max: 8.5, Diff: 0.3, Sum: 250.2]
      [Termination (ms): Min: 0.0, Avg: 0.0, Max: 0.0, Diff: 0.0, Sum: 0.2]
         [Termination Attempts: Min: 1, Avg: 1.0, Max: 1, Diff: 0, Sum: 30]
      [GC Worker Other (ms): Min: 0.0, Avg: 0.2, Max: 0.3, Diff: 0.3, Sum: 5.2]
      [GC Worker Total (ms): Min: 10.8, Avg: 11.4, Max: 12.1, Diff: 1.2, Sum: 342.6]
      [GC Worker End (ms): Min: 350292.8, Avg: 350292.9, Max: 350293.1, Diff: 0.3]
   [Code Root Fixup: 0.0 ms]
   [Code Root Purge: 0.0 ms]
   [Clear CT: 2.3 ms]
   [Other: 14.6 ms]
      [Choose CSet: 0.0 ms]
      [Ref Proc: 8.5 ms]
      [Ref Enq: 1.2 ms]
      [Redirty Cards: 3.0 ms]
      [Humongous Register: 0.3 ms]
      [Humongous Reclaim: 0.1 ms]
      [Free CSet: 1.2 ms]
   [Eden: 3932.0M(3932.0M)->0.0B(3924.0M) Survivors: 36.0M->40.0M Heap: 7025.8M(8192.0M)->3100.2M(8192.0M)]
 [Times: user=0.37 sys=0.00, real=0.03 secs]
2018-04-30T04:33:07.974+0200: 350.310: Total time for which application threads were stopped: 0.0306676 seconds, Stopping threads took: 0.0003558 seconds
2018-04-30T04:33:08.391+0200: 350.727: Application time: 0.4175078 seconds
2018-04-30T04:33:08.392+0200: 350.729: [GC pause (G1 Evacuation Pause) (young)
Desired survivor size 260046848 bytes, new threshold 15 (max 15)
- age   1:   14911056 bytes,   14911056 total
- age   2:    1288696 bytes,   16199752 total
- age   3:    1098592 bytes,   17298344 total
- age   4:    1165568 bytes,   18463912 total
- age   5:    1378312 bytes,   19842224 total
- age   6:    1116336 bytes,   20958560 total
- age   7:    1115488 bytes,   22074048 total
- age   8:    1087992 bytes,   23162040 total
- age   9:    1102816 bytes,   24264856 total
- age  10:    1985000 bytes,   26249856 total
- age  11:    1079184 bytes,   27329040 total
- age  12:    1135992 bytes,   28465032 total
- age  13:     358488 bytes,   28823520 total
- age  14:       3680 bytes,   28827200 total
- age  15:       3472 bytes,   28830672 total
, 0.0290373 secs]
   [Parallel Time: 12.3 ms, GC Workers: 30]
      [GC Worker Start (ms): Min: 350729.1, Avg: 350729.6, Max: 350730.1, Diff: 1.0]
      [Ext Root Scanning (ms): Min: 0.0, Avg: 0.5, Max: 1.3, Diff: 1.3, Sum: 14.8]
      [Update RS (ms): Min: 1.7, Avg: 2.2, Max: 2.7, Diff: 1.0, Sum: 66.1]
         [Processed Buffers: Min: 2, Avg: 4.0, Max: 15, Diff: 13, Sum: 120]
      [Scan RS (ms): Min: 0.0, Avg: 0.2, Max: 0.5, Diff: 0.5, Sum: 5.8]
      [Code Root Scanning (ms): Min: 0.0, Avg: 0.0, Max: 0.0, Diff: 0.0, Sum: 0.1]
      [Object Copy (ms): Min: 8.0, Avg: 8.3, Max: 8.4, Diff: 0.4, Sum: 247.9]
      [Termination (ms): Min: 0.0, Avg: 0.0, Max: 0.0, Diff: 0.0, Sum: 0.2]
         [Termination Attempts: Min: 1, Avg: 1.0, Max: 1, Diff: 0, Sum: 30]
      [GC Worker Other (ms): Min: 0.0, Avg: 0.2, Max: 0.4, Diff: 0.3, Sum: 5.4]
      [GC Worker Total (ms): Min: 10.7, Avg: 11.3, Max: 12.0, Diff: 1.2, Sum: 340.3]
      [GC Worker End (ms): Min: 350740.8, Avg: 350741.0, Max: 350741.2, Diff: 0.3]
   [Code Root Fixup: 0.0 ms]
   [Code Root Purge: 0.0 ms]
   [Clear CT: 2.7 ms]
   [Other: 13.9 ms]
      [Choose CSet: 0.0 ms]
      [Ref Proc: 8.4 ms]
      [Ref Enq: 1.3 ms]
      [Redirty Cards: 2.4 ms]
      [Humongous Register: 0.3 ms]
      [Humongous Reclaim: 0.1 ms]
      [Free CSet: 1.2 ms]
   [Eden: 3924.0M(3924.0M)->0.0B(3908.0M) Survivors: 40.0M->48.0M Heap: 7024.2M(8192.0M)->3105.2M(8192.0M)]
 [Times: user=0.37 sys=0.00, real=0.02 secs]
2018-04-30T04:33:08.422+0200: 350.758: Total time for which application threads were stopped: 0.0305497 seconds, Stopping threads took: 0.0005281 seconds
2018-04-30T04:33:08.818+0200: 351.154: Application time: 0.3962374 seconds
2018-04-30T04:33:08.819+0200: 351.155: [GC pause (G1 Evacuation Pause) (young)
Desired survivor size 260046848 bytes, new threshold 15 (max 15)
- age   1:   15458768 bytes,   15458768 total
- age   2:    1153104 bytes,   16611872 total
- age   3:    1284840 bytes,   17896712 total
- age   4:    1096400 bytes,   18993112 total
- age   5:    1165120 bytes,   20158232 total
- age   6:    1378024 bytes,   21536256 total
- age   7:    1115888 bytes,   22652144 total
- age   8:    1115040 bytes,   23767184 total
- age   9:    1087672 bytes,   24854856 total
- age  10:    1102560 bytes,   25957416 total
- age  11:    1984808 bytes,   27942224 total
- age  12:    1078992 bytes,   29021216 total
- age  13:     382216 bytes,   29403432 total
- age  14:       9376 bytes,   29412808 total
- age  15:       3552 bytes,   29416360 total
, 0.0265425 secs]
   [Parallel Time: 11.4 ms, GC Workers: 30]
      [GC Worker Start (ms): Min: 351155.8, Avg: 351156.2, Max: 351156.6, Diff: 0.8]
      [Ext Root Scanning (ms): Min: 0.1, Avg: 0.5, Max: 1.4, Diff: 1.3, Sum: 16.3]
      [Update RS (ms): Min: 1.7, Avg: 2.1, Max: 2.5, Diff: 0.8, Sum: 63.6]
         [Processed Buffers: Min: 2, Avg: 3.9, Max: 16, Diff: 14, Sum: 117]
      [Scan RS (ms): Min: 0.0, Avg: 0.2, Max: 0.5, Diff: 0.4, Sum: 6.1]
      [Code Root Scanning (ms): Min: 0.0, Avg: 0.0, Max: 0.0, Diff: 0.0, Sum: 0.1]
      [Object Copy (ms): Min: 7.3, Avg: 7.5, Max: 7.7, Diff: 0.3, Sum: 225.4]
      [Termination (ms): Min: 0.0, Avg: 0.0, Max: 0.0, Diff: 0.0, Sum: 0.2]
         [Termination Attempts: Min: 1, Avg: 1.0, Max: 1, Diff: 0, Sum: 30]
      [GC Worker Other (ms): Min: 0.0, Avg: 0.2, Max: 0.3, Diff: 0.3, Sum: 5.2]
      [GC Worker Total (ms): Min: 10.1, Avg: 10.6, Max: 11.1, Diff: 1.0, Sum: 316.9]
      [GC Worker End (ms): Min: 351166.6, Avg: 351166.8, Max: 351166.9, Diff: 0.3]
   [Code Root Fixup: 0.0 ms]
   [Code Root Purge: 0.0 ms]
   [Clear CT: 1.6 ms]
   [Other: 13.5 ms]
      [Choose CSet: 0.0 ms]
      [Ref Proc: 8.7 ms]
      [Ref Enq: 1.3 ms]
      [Redirty Cards: 1.7 ms]
      [Humongous Register: 0.3 ms]
      [Humongous Reclaim: 0.1 ms]
      [Free CSet: 1.3 ms]
   [Eden: 3908.0M(3908.0M)->0.0B(3916.0M) Survivors: 48.0M->44.0M Heap: 7013.2M(8192.0M)->3101.3M(8192.0M)]
 [Times: user=0.32 sys=0.01, real=0.03 secs]
2018-04-30T04:33:08.846+0200: 351.182: Total time for which application threads were stopped: 0.0279621 seconds, Stopping threads took: 0.0004394 seconds
2018-04-30T04:33:09.262+0200: 351.598: Application time: 0.4162741 seconds
2018-04-30T04:33:09.263+0200: 351.600: [GC pause (G1 Evacuation Pause) (young)
Desired survivor size 260046848 bytes, new threshold 15 (max 15)
- age   1:   14511432 bytes,   14511432 total
- age   2:    1118160 bytes,   15629592 total
- age   3:    1138744 bytes,   16768336 total
- age   4:    1130312 bytes,   17898648 total
- age   5:    1091792 bytes,   18990440 total
- age   6:    1149856 bytes,   20140296 total
- age   7:    1124760 bytes,   21265056 total
- age   8:    1115120 bytes,   22380176 total
- age   9:    1114272 bytes,   23494448 total
- age  10:    1087288 bytes,   24581736 total
- age  11:    1102432 bytes,   25684168 total
- age  12:    1984616 bytes,   27668784 total
- age  13:     346944 bytes,   28015728 total
- age  14:       7584 bytes,   28023312 total
- age  15:       9312 bytes,   28032624 total
, 0.0303815 secs]
   [Parallel Time: 12.0 ms, GC Workers: 30]
      [GC Worker Start (ms): Min: 351600.0, Avg: 351600.4, Max: 351601.0, Diff: 0.9]
      [Ext Root Scanning (ms): Min: 0.0, Avg: 0.5, Max: 1.3, Diff: 1.3, Sum: 15.3]
      [Update RS (ms): Min: 1.8, Avg: 2.2, Max: 2.8, Diff: 1.0, Sum: 66.3]
         [Processed Buffers: Min: 2, Avg: 3.8, Max: 13, Diff: 11, Sum: 115]
      [Scan RS (ms): Min: 0.0, Avg: 0.2, Max: 0.5, Diff: 0.5, Sum: 5.4]
      [Code Root Scanning (ms): Min: 0.0, Avg: 0.0, Max: 0.0, Diff: 0.0, Sum: 0.1]
      [Object Copy (ms): Min: 7.7, Avg: 8.1, Max: 8.3, Diff: 0.6, Sum: 244.4]
      [Termination (ms): Min: 0.0, Avg: 0.0, Max: 0.0, Diff: 0.0, Sum: 0.3]
         [Termination Attempts: Min: 1, Avg: 1.0, Max: 1, Diff: 0, Sum: 30]
      [GC Worker Other (ms): Min: 0.0, Avg: 0.2, Max: 0.3, Diff: 0.3, Sum: 4.9]
      [GC Worker Total (ms): Min: 10.5, Avg: 11.2, Max: 11.7, Diff: 1.2, Sum: 336.7]
      [GC Worker End (ms): Min: 351611.5, Avg: 351611.6, Max: 351611.8, Diff: 0.3]
   [Code Root Fixup: 0.0 ms]
   [Code Root Purge: 0.0 ms]
   [Clear CT: 2.8 ms]
   [Other: 15.6 ms]
      [Choose CSet: 0.0 ms]
      [Ref Proc: 9.3 ms]
      [Ref Enq: 1.3 ms]
      [Redirty Cards: 2.9 ms]
      [Humongous Register: 0.3 ms]
      [Humongous Reclaim: 0.1 ms]
      [Free CSet: 1.4 ms]
   [Eden: 3916.0M(3916.0M)->0.0B(3916.0M) Survivors: 44.0M->44.0M Heap: 7017.3M(8192.0M)->3101.3M(8192.0M)]
 [Times: user=0.35 sys=0.01, real=0.04 secs]
2018-04-30T04:33:09.294+0200: 351.630: Total time for which application threads were stopped: 0.0318201 seconds, Stopping threads took: 0.0004297 seconds
2018-04-30T04:33:09.716+0200: 352.052: Application time: 0.4221340 seconds
2018-04-30T04:33:09.717+0200: 352.054: [GC pause (G1 Evacuation Pause) (young)
Desired survivor size 260046848 bytes, new threshold 15 (max 15)
- age   1:   13840048 bytes,   13840048 total
- age   2:    1596728 bytes,   15436776 total
- age   3:    1114240 bytes,   16551016 total
- age   4:    1136984 bytes,   17688000 total
- age   5:    1127240 bytes,   18815240 total
- age   6:    1090600 bytes,   19905840 total
- age   7:    1149408 bytes,   21055248 total
- age   8:    1123480 bytes,   22178728 total
- age   9:    1114864 bytes,   23293592 total
- age  10:    1114080 bytes,   24407672 total
- age  11:    1087032 bytes,   25494704 total
- age  12:    1102304 bytes,   26597008 total
- age  13:    1227032 bytes,   27824040 total
- age  14:       8920 bytes,   27832960 total
- age  15:       7520 bytes,   27840480 total
, 0.0272453 secs]
   [Parallel Time: 11.6 ms, GC Workers: 30]
      [GC Worker Start (ms): Min: 352054.2, Avg: 352054.7, Max: 352055.3, Diff: 1.1]
      [Ext Root Scanning (ms): Min: 0.0, Avg: 0.5, Max: 1.3, Diff: 1.2, Sum: 14.8]
      [Update RS (ms): Min: 1.8, Avg: 2.2, Max: 2.6, Diff: 0.9, Sum: 65.2]
         [Processed Buffers: Min: 2, Avg: 3.7, Max: 15, Diff: 13, Sum: 112]
      [Scan RS (ms): Min: 0.0, Avg: 0.2, Max: 0.4, Diff: 0.4, Sum: 5.9]
      [Code Root Scanning (ms): Min: 0.0, Avg: 0.0, Max: 0.0, Diff: 0.0, Sum: 0.1]
      [Object Copy (ms): Min: 7.2, Avg: 7.5, Max: 7.7, Diff: 0.5, Sum: 225.5]
      [Termination (ms): Min: 0.0, Avg: 0.0, Max: 0.0, Diff: 0.0, Sum: 0.3]
         [Termination Attempts: Min: 1, Avg: 1.0, Max: 1, Diff: 0, Sum: 30]
      [GC Worker Other (ms): Min: 0.0, Avg: 0.2, Max: 0.3, Diff: 0.3, Sum: 4.7]
      [GC Worker Total (ms): Min: 10.0, Avg: 10.5, Max: 11.2, Diff: 1.2, Sum: 316.4]
      [GC Worker End (ms): Min: 352065.1, Avg: 352065.3, Max: 352065.4, Diff: 0.3]
   [Code Root Fixup: 0.0 ms]
   [Code Root Purge: 0.0 ms]
   [Clear CT: 1.8 ms]
   [Other: 13.8 ms]
      [Choose CSet: 0.0 ms]
      [Ref Proc: 8.5 ms]
      [Ref Enq: 1.2 ms]
      [Redirty Cards: 2.2 ms]
      [Humongous Register: 0.3 ms]
      [Humongous Reclaim: 0.1 ms]
      [Free CSet: 1.3 ms]
   [Eden: 3916.0M(3916.0M)->0.0B(3916.0M) Survivors: 44.0M->44.0M Heap: 7017.3M(8192.0M)->3102.2M(8192.0M)]
 [Times: user=0.34 sys=0.00, real=0.03 secs]
2018-04-30T04:33:09.745+0200: 352.081: Total time for which application threads were stopped: 0.0287856 seconds, Stopping threads took: 0.0004928 seconds
2018-04-30T04:33:10.178+0200: 352.515: Application time: 0.4334800 seconds
2018-04-30T04:33:10.180+0200: 352.516: [GC pause (G1 Evacuation Pause) (young)
Desired survivor size 260046848 bytes, new threshold 15 (max 15)
- age   1:   12648488 bytes,   12648488 total
- age   2:    1126472 bytes,   13774960 total
- age   3:    1592600 bytes,   15367560 total
- age   4:    1113184 bytes,   16480744 total
- age   5:    1135768 bytes,   17616512 total
- age   6:    1126152 bytes,   18742664 total
- age   7:    1090472 bytes,   19833136 total
- age   8:    1148576 bytes,   20981712 total
- age   9:    1122712 bytes,   22104424 total
- age  10:    1114480 bytes,   23218904 total
- age  11:    1113824 bytes,   24332728 total
- age  12:    1086904 bytes,   25419632 total
- age  13:     319360 bytes,   25738992 total
- age  14:     911512 bytes,   26650504 total
- age  15:       8920 bytes,   26659424 total
, 0.0295558 secs]
   [Parallel Time: 12.2 ms, GC Workers: 30]
      [GC Worker Start (ms): Min: 352516.3, Avg: 352516.8, Max: 352517.3, Diff: 1.1]
      [Ext Root Scanning (ms): Min: 0.0, Avg: 0.5, Max: 1.3, Diff: 1.3, Sum: 14.8]
      [Update RS (ms): Min: 1.9, Avg: 2.2, Max: 2.9, Diff: 1.0, Sum: 66.5]
         [Processed Buffers: Min: 2, Avg: 4.0, Max: 16, Diff: 14, Sum: 120]
      [Scan RS (ms): Min: 0.0, Avg: 0.2, Max: 0.4, Diff: 0.4, Sum: 6.3]
      [Code Root Scanning (ms): Min: 0.0, Avg: 0.0, Max: 0.0, Diff: 0.0, Sum: 0.1]
      [Object Copy (ms): Min: 7.6, Avg: 8.2, Max: 8.3, Diff: 0.7, Sum: 245.2]
      [Termination (ms): Min: 0.0, Avg: 0.0, Max: 0.0, Diff: 0.0, Sum: 0.3]
         [Termination Attempts: Min: 1, Avg: 1.0, Max: 1, Diff: 0, Sum: 30]
      [GC Worker Other (ms): Min: 0.0, Avg: 0.2, Max: 0.4, Diff: 0.3, Sum: 6.0]
      [GC Worker Total (ms): Min: 10.7, Avg: 11.3, Max: 11.9, Diff: 1.2, Sum: 339.1]
      [GC Worker End (ms): Min: 352528.0, Avg: 352528.1, Max: 352528.3, Diff: 0.3]
   [Code Root Fixup: 0.0 ms]
   [Code Root Purge: 0.0 ms]
   [Clear CT: 2.9 ms]
   [Other: 14.5 ms]
      [Choose CSet: 0.0 ms]
      [Ref Proc: 8.9 ms]
      [Ref Enq: 1.3 ms]
      [Redirty Cards: 2.4 ms]
      [Humongous Register: 0.3 ms]
      [Humongous Reclaim: 0.1 ms]
      [Free CSet: 1.3 ms]
   [Eden: 3916.0M(3916.0M)->0.0B(3908.0M) Survivors: 44.0M->48.0M Heap: 7018.2M(8192.0M)->3105.3M(8192.0M)]
 [Times: user=0.36 sys=0.00, real=0.03 secs]
2018-04-30T04:33:10.209+0200: 352.546: Total time for which application threads were stopped: 0.0310041 seconds, Stopping threads took: 0.0004459 seconds
2018-04-30T04:33:10.630+0200: 352.966: Application time: 0.4204922 seconds
2018-04-30T04:33:10.631+0200: 352.967: [GC pause (G1 Evacuation Pause) (young)
Desired survivor size 260046848 bytes, new threshold 15 (max 15)
- age   1:   13533744 bytes,   13533744 total
- age   2:    1121416 bytes,   14655160 total
- age   3:    1121480 bytes,   15776640 total
- age   4:    1590888 bytes,   17367528 total
- age   5:    1112416 bytes,   18479944 total
- age   6:    1135128 bytes,   19615072 total
- age   7:    1125240 bytes,   20740312 total
- age   8:    1089960 bytes,   21830272 total
- age   9:    1148320 bytes,   22978592 total
- age  10:    1122584 bytes,   24101176 total
- age  11:    1114416 bytes,   25215592 total
- age  12:    1113696 bytes,   26329288 total
- age  13:     281240 bytes,   26610528 total
- age  14:      13504 bytes,   26624032 total
- age  15:     911448 bytes,   27535480 total
, 0.0281329 secs]
   [Parallel Time: 11.6 ms, GC Workers: 30]
      [GC Worker Start (ms): Min: 352967.7, Avg: 352968.1, Max: 352968.5, Diff: 0.7]
      [Ext Root Scanning (ms): Min: 0.2, Avg: 0.6, Max: 1.5, Diff: 1.3, Sum: 17.7]
      [Update RS (ms): Min: 1.8, Avg: 2.2, Max: 2.6, Diff: 0.9, Sum: 65.5]
         [Processed Buffers: Min: 2, Avg: 3.9, Max: 16, Diff: 14, Sum: 117]
      [Scan RS (ms): Min: 0.0, Avg: 0.2, Max: 0.5, Diff: 0.5, Sum: 6.0]
      [Code Root Scanning (ms): Min: 0.0, Avg: 0.0, Max: 0.0, Diff: 0.0, Sum: 0.1]
      [Object Copy (ms): Min: 7.4, Avg: 7.7, Max: 7.8, Diff: 0.5, Sum: 231.2]
      [Termination (ms): Min: 0.0, Avg: 0.0, Max: 0.0, Diff: 0.0, Sum: 0.2]
         [Termination Attempts: Min: 1, Avg: 1.0, Max: 1, Diff: 0, Sum: 30]
      [GC Worker Other (ms): Min: 0.0, Avg: 0.2, Max: 0.4, Diff: 0.3, Sum: 5.4]
      [GC Worker Total (ms): Min: 10.4, Avg: 10.9, Max: 11.3, Diff: 0.9, Sum: 325.9]
      [GC Worker End (ms): Min: 352978.8, Avg: 352979.0, Max: 352979.1, Diff: 0.3]
   [Code Root Fixup: 0.0 ms]
   [Code Root Purge: 0.0 ms]
   [Clear CT: 2.6 ms]
   [Other: 13.9 ms]
      [Choose CSet: 0.0 ms]
      [Ref Proc: 8.6 ms]
      [Ref Enq: 1.3 ms]
      [Redirty Cards: 2.0 ms]
      [Humongous Register: 0.3 ms]
      [Humongous Reclaim: 0.1 ms]
      [Free CSet: 1.3 ms]
   [Eden: 3908.0M(3908.0M)->0.0B(3916.0M) Survivors: 48.0M->44.0M Heap: 7013.3M(8192.0M)->3104.8M(8192.0M)]
 [Times: user=0.33 sys=0.01, real=0.03 secs]
2018-04-30T04:33:10.659+0200: 352.996: Total time for which application threads were stopped: 0.0295544 seconds, Stopping threads took: 0.0004068 seconds
2018-04-30T04:33:11.080+0200: 353.416: Application time: 0.4206076 seconds
2018-04-30T04:33:11.081+0200: 353.418: [GC pause (G1 Evacuation Pause) (young)
Desired survivor size 260046848 bytes, new threshold 15 (max 15)
- age   1:   14001520 bytes,   14001520 total
- age   2:    1277984 bytes,   15279504 total
- age   3:    1117784 bytes,   16397288 total
- age   4:    1119624 bytes,   17516912 total
- age   5:    1589992 bytes,   19106904 total
- age   6:    1112032 bytes,   20218936 total
- age   7:    1134488 bytes,   21353424 total
- age   8:    1125176 bytes,   22478600 total
- age   9:    1089512 bytes,   23568112 total
- age  10:    1147936 bytes,   24716048 total
- age  11:    1122392 bytes,   25838440 total
- age  12:    1114352 bytes,   26952792 total
- age  13:     303072 bytes,   27255864 total
- age  14:       5032 bytes,   27260896 total
- age  15:      13440 bytes,   27274336 total
, 0.0299498 secs]
   [Parallel Time: 12.7 ms, GC Workers: 30]
      [GC Worker Start (ms): Min: 353418.0, Avg: 353418.6, Max: 353419.2, Diff: 1.1]
      [Ext Root Scanning (ms): Min: 0.0, Avg: 0.5, Max: 1.4, Diff: 1.3, Sum: 14.7]
      [Update RS (ms): Min: 1.8, Avg: 2.3, Max: 2.8, Diff: 1.0, Sum: 68.0]
         [Processed Buffers: Min: 2, Avg: 3.7, Max: 12, Diff: 10, Sum: 111]
      [Scan RS (ms): Min: 0.0, Avg: 0.2, Max: 0.5, Diff: 0.5, Sum: 6.1]
      [Code Root Scanning (ms): Min: 0.0, Avg: 0.0, Max: 0.0, Diff: 0.0, Sum: 0.1]
      [Object Copy (ms): Min: 8.4, Avg: 8.7, Max: 8.8, Diff: 0.5, Sum: 260.6]
      [Termination (ms): Min: 0.0, Avg: 0.0, Max: 0.0, Diff: 0.0, Sum: 0.3]
         [Termination Attempts: Min: 1, Avg: 1.0, Max: 1, Diff: 0, Sum: 30]
      [GC Worker Other (ms): Min: 0.0, Avg: 0.2, Max: 0.3, Diff: 0.3, Sum: 4.9]
      [GC Worker Total (ms): Min: 11.3, Avg: 11.8, Max: 12.4, Diff: 1.1, Sum: 354.7]
      [GC Worker End (ms): Min: 353430.3, Avg: 353430.4, Max: 353430.6, Diff: 0.3]
   [Code Root Fixup: 0.0 ms]
   [Code Root Purge: 0.0 ms]
   [Clear CT: 2.3 ms]
   [Other: 15.0 ms]
      [Choose CSet: 0.0 ms]
      [Ref Proc: 9.0 ms]
      [Ref Enq: 1.4 ms]
      [Redirty Cards: 2.5 ms]
      [Humongous Register: 0.3 ms]
      [Humongous Reclaim: 0.1 ms]
      [Free CSet: 1.4 ms]
   [Eden: 3916.0M(3916.0M)->0.0B(3916.0M) Survivors: 44.0M->44.0M Heap: 7020.8M(8192.0M)->3102.2M(8192.0M)]
 [Times: user=0.38 sys=0.00, real=0.03 secs]
2018-04-30T04:33:11.111+0200: 353.448: Total time for which application threads were stopped: 0.0314071 seconds, Stopping threads took: 0.0004239 seconds
2018-04-30T04:33:11.531+0200: 353.867: Application time: 0.4197390 seconds
2018-04-30T04:33:11.532+0200: 353.869: [GC pause (G1 Evacuation Pause) (young)
Desired survivor size 260046848 bytes, new threshold 15 (max 15)
- age   1:   13513208 bytes,   13513208 total
- age   2:    1108824 bytes,   14622032 total
- age   3:    1274064 bytes,   15896096 total
- age   4:    1115800 bytes,   17011896 total
- age   5:    1118304 bytes,   18130200 total
- age   6:    1589224 bytes,   19719424 total
- age   7:    1111584 bytes,   20831008 total
- age   8:    1134104 bytes,   21965112 total
- age   9:    1124792 bytes,   23089904 total
- age  10:    1089000 bytes,   24178904 total
- age  11:    1147872 bytes,   25326776 total
- age  12:    1122328 bytes,   26449104 total
- age  13:     301280 bytes,   26750384 total
- age  14:      10416 bytes,   26760800 total
- age  15:       4968 bytes,   26765768 total
, 0.0267921 secs]
   [Parallel Time: 10.4 ms, GC Workers: 30]
      [GC Worker Start (ms): Min: 353869.0, Avg: 353869.5, Max: 353870.1, Diff: 1.1]
      [Ext Root Scanning (ms): Min: 0.0, Avg: 0.5, Max: 1.3, Diff: 1.3, Sum: 14.7]
      [Update RS (ms): Min: 1.6, Avg: 2.2, Max: 2.9, Diff: 1.3, Sum: 65.2]
         [Processed Buffers: Min: 2, Avg: 3.7, Max: 13, Diff: 11, Sum: 112]
      [Scan RS (ms): Min: 0.0, Avg: 0.2, Max: 0.5, Diff: 0.4, Sum: 5.8]
      [Code Root Scanning (ms): Min: 0.0, Avg: 0.0, Max: 0.0, Diff: 0.0, Sum: 0.1]
      [Object Copy (ms): Min: 6.0, Avg: 6.6, Max: 6.7, Diff: 0.7, Sum: 196.9]
      [Termination (ms): Min: 0.0, Avg: 0.0, Max: 0.0, Diff: 0.0, Sum: 0.3]
         [Termination Attempts: Min: 1, Avg: 1.0, Max: 1, Diff: 0, Sum: 30]
      [GC Worker Other (ms): Min: 0.0, Avg: 0.1, Max: 0.3, Diff: 0.3, Sum: 4.4]
      [GC Worker Total (ms): Min: 9.1, Avg: 9.6, Max: 10.2, Diff: 1.1, Sum: 287.4]
      [GC Worker End (ms): Min: 353879.0, Avg: 353879.1, Max: 353879.3, Diff: 0.3]
   [Code Root Fixup: 0.0 ms]
   [Code Root Purge: 0.0 ms]
   [Clear CT: 1.9 ms]
   [Other: 14.5 ms]
      [Choose CSet: 0.0 ms]
      [Ref Proc: 8.6 ms]
      [Ref Enq: 1.4 ms]
      [Redirty Cards: 2.5 ms]
      [Humongous Register: 0.3 ms]
      [Humongous Reclaim: 0.1 ms]
      [Free CSet: 1.5 ms]
   [Eden: 3916.0M(3916.0M)->0.0B(3924.0M) Survivors: 44.0M->40.0M Heap: 7018.2M(8192.0M)->3100.7M(8192.0M)]
 [Times: user=0.31 sys=0.01, real=0.02 secs]
2018-04-30T04:33:11.559+0200: 353.896: Total time for which application threads were stopped: 0.0281873 seconds, Stopping threads took: 0.0003576 seconds
2018-04-30T04:33:11.985+0200: 354.322: Application time: 0.4261782 seconds
2018-04-30T04:33:11.986+0200: 354.323: [GC pause (G1 Evacuation Pause) (young)
Desired survivor size 260046848 bytes, new threshold 15 (max 15)
- age   1:   10550328 bytes,   10550328 total
- age   2:    1127368 bytes,   11677696 total
- age   3:    1096448 bytes,   12774144 total
- age   4:    1122264 bytes,   13896408 total
- age   5:    1114328 bytes,   15010736 total
- age   6:    1117664 bytes,   16128400 total
- age   7:    1588968 bytes,   17717368 total
- age   8:    1111264 bytes,   18828632 total
- age   9:    1133912 bytes,   19962544 total
- age  10:    1124728 bytes,   21087272 total
- age  11:    1088872 bytes,   22176144 total
- age  12:    1147808 bytes,   23323952 total
- age  13:     298056 bytes,   23622008 total
- age  14:       3712 bytes,   23625720 total
- age  15:      10224 bytes,   23635944 total
, 0.0265878 secs]
   [Parallel Time: 10.3 ms, GC Workers: 30]
      [GC Worker Start (ms): Min: 354323.3, Avg: 354323.7, Max: 354324.1, Diff: 0.8]
      [Ext Root Scanning (ms): Min: 0.2, Avg: 0.5, Max: 1.4, Diff: 1.3, Sum: 16.0]
      [Update RS (ms): Min: 1.8, Avg: 2.1, Max: 2.5, Diff: 0.8, Sum: 64.2]
         [Processed Buffers: Min: 2, Avg: 3.9, Max: 17, Diff: 15, Sum: 118]
      [Scan RS (ms): Min: 0.0, Avg: 0.2, Max: 0.5, Diff: 0.4, Sum: 5.9]
      [Code Root Scanning (ms): Min: 0.0, Avg: 0.0, Max: 0.0, Diff: 0.0, Sum: 0.1]
      [Object Copy (ms): Min: 6.2, Avg: 6.4, Max: 6.6, Diff: 0.4, Sum: 193.0]
      [Termination (ms): Min: 0.0, Avg: 0.0, Max: 0.0, Diff: 0.0, Sum: 0.4]
         [Termination Attempts: Min: 1, Avg: 1.0, Max: 1, Diff: 0, Sum: 30]
      [GC Worker Other (ms): Min: 0.0, Avg: 0.1, Max: 0.3, Diff: 0.3, Sum: 4.4]
      [GC Worker Total (ms): Min: 9.1, Avg: 9.5, Max: 10.1, Diff: 1.0, Sum: 283.9]
      [GC Worker End (ms): Min: 354333.1, Avg: 354333.2, Max: 354333.4, Diff: 0.3]
   [Code Root Fixup: 0.0 ms]
   [Code Root Purge: 0.0 ms]
   [Clear CT: 2.4 ms]
   [Other: 13.9 ms]
      [Choose CSet: 0.0 ms]
      [Ref Proc: 8.1 ms]
      [Ref Enq: 1.2 ms]
      [Redirty Cards: 2.7 ms]
      [Humongous Register: 0.3 ms]
      [Humongous Reclaim: 0.1 ms]
      [Free CSet: 1.3 ms]
   [Eden: 3924.0M(3924.0M)->0.0B(3932.0M) Survivors: 40.0M->36.0M Heap: 7024.7M(8192.0M)->3094.9M(8192.0M)]
 [Times: user=0.30 sys=0.01, real=0.03 secs]
2018-04-30T04:33:12.013+0200: 354.350: Total time for which application threads were stopped: 0.0278214 seconds, Stopping threads took: 0.0002588 seconds
2018-04-30T04:33:12.448+0200: 354.784: Application time: 0.4343774 seconds
2018-04-30T04:33:12.449+0200: 354.785: [GC pause (G1 Evacuation Pause) (young)
Desired survivor size 260046848 bytes, new threshold 15 (max 15)
- age   1:    9928472 bytes,    9928472 total
- age   2:    1411240 bytes,   11339712 total
- age   3:    1121928 bytes,   12461640 total
- age   4:    1094784 bytes,   13556424 total
- age   5:    1120664 bytes,   14677088 total
- age   6:    1113752 bytes,   15790840 total
- age   7:    1117088 bytes,   16907928 total
- age   8:    1588584 bytes,   18496512 total
- age   9:    1110816 bytes,   19607328 total
- age  10:    1133720 bytes,   20741048 total
- age  11:    1124600 bytes,   21865648 total
- age  12:    1088616 bytes,   22954264 total
- age  13:     348552 bytes,   23302816 total
- age  14:       2744 bytes,   23305560 total
- age  15:       3648 bytes,   23309208 total
, 0.0281075 secs]
   [Parallel Time: 11.5 ms, GC Workers: 30]
      [GC Worker Start (ms): Min: 354785.8, Avg: 354786.3, Max: 354786.9, Diff: 1.1]
      [Ext Root Scanning (ms): Min: 0.0, Avg: 0.4, Max: 1.3, Diff: 1.3, Sum: 13.0]
      [Update RS (ms): Min: 1.8, Avg: 2.2, Max: 2.7, Diff: 0.9, Sum: 66.5]
         [Processed Buffers: Min: 2, Avg: 3.9, Max: 17, Diff: 15, Sum: 116]
      [Scan RS (ms): Min: 0.0, Avg: 0.2, Max: 0.5, Diff: 0.5, Sum: 6.1]
      [Code Root Scanning (ms): Min: 0.0, Avg: 0.0, Max: 0.0, Diff: 0.0, Sum: 0.1]
      [Object Copy (ms): Min: 7.1, Avg: 7.4, Max: 7.6, Diff: 0.5, Sum: 222.2]
      [Termination (ms): Min: 0.0, Avg: 0.0, Max: 0.0, Diff: 0.0, Sum: 0.3]
         [Termination Attempts: Min: 1, Avg: 1.0, Max: 1, Diff: 0, Sum: 30]
      [GC Worker Other (ms): Min: 0.0, Avg: 0.2, Max: 0.3, Diff: 0.3, Sum: 5.0]
      [GC Worker Total (ms): Min: 9.8, Avg: 10.4, Max: 11.1, Diff: 1.3, Sum: 313.1]
      [GC Worker End (ms): Min: 354796.6, Avg: 354796.8, Max: 354796.9, Diff: 0.3]
   [Code Root Fixup: 0.0 ms]
   [Code Root Purge: 0.0 ms]
   [Clear CT: 2.4 ms]
   [Other: 14.2 ms]
      [Choose CSet: 0.0 ms]
      [Ref Proc: 8.0 ms]
      [Ref Enq: 1.2 ms]
      [Redirty Cards: 2.9 ms]
      [Humongous Register: 0.3 ms]
      [Humongous Reclaim: 0.1 ms]
      [Free CSet: 1.5 ms]
   [Eden: 3932.0M(3932.0M)->0.0B(3932.0M) Survivors: 36.0M->36.0M Heap: 7026.9M(8192.0M)->3096.4M(8192.0M)]
 [Times: user=0.33 sys=0.00, real=0.03 secs]
2018-04-30T04:33:12.477+0200: 354.814: Total time for which application threads were stopped: 0.0297093 seconds, Stopping threads took: 0.0004918 seconds
2018-04-30T04:33:12.885+0200: 355.221: Application time: 0.4074109 seconds
2018-04-30T04:33:12.886+0200: 355.222: [GC pause (G1 Evacuation Pause) (young)
Desired survivor size 260046848 bytes, new threshold 15 (max 15)
- age   1:   11331248 bytes,   11331248 total
- age   2:    1114648 bytes,   12445896 total
- age   3:    1406832 bytes,   13852728 total
- age   4:    1119752 bytes,   14972480 total
- age   5:    1093696 bytes,   16066176 total
- age   6:    1119544 bytes,   17185720 total
- age   7:    1112600 bytes,   18298320 total
- age   8:    1116640 bytes,   19414960 total
- age   9:    1588584 bytes,   21003544 total
- age  10:    1110560 bytes,   22114104 total
- age  11:    1133336 bytes,   23247440 total
- age  12:    1124408 bytes,   24371848 total
- age  13:     352728 bytes,   24724576 total
- age  14:       5088 bytes,   24729664 total
- age  15:       2616 bytes,   24732280 total
, 0.0277780 secs]
   [Parallel Time: 11.1 ms, GC Workers: 30]
      [GC Worker Start (ms): Min: 355222.9, Avg: 355223.4, Max: 355223.8, Diff: 1.0]
      [Ext Root Scanning (ms): Min: 0.0, Avg: 0.5, Max: 1.3, Diff: 1.3, Sum: 14.6]
      [Update RS (ms): Min: 1.7, Avg: 2.1, Max: 2.6, Diff: 0.9, Sum: 63.4]
         [Processed Buffers: Min: 2, Avg: 3.9, Max: 13, Diff: 11, Sum: 117]
      [Scan RS (ms): Min: 0.0, Avg: 0.2, Max: 0.4, Diff: 0.4, Sum: 5.8]
      [Code Root Scanning (ms): Min: 0.0, Avg: 0.0, Max: 0.0, Diff: 0.0, Sum: 0.1]
      [Object Copy (ms): Min: 6.9, Avg: 7.2, Max: 7.3, Diff: 0.4, Sum: 216.2]
      [Termination (ms): Min: 0.0, Avg: 0.0, Max: 0.0, Diff: 0.0, Sum: 0.3]
         [Termination Attempts: Min: 1, Avg: 1.0, Max: 1, Diff: 0, Sum: 30]
      [GC Worker Other (ms): Min: 0.0, Avg: 0.2, Max: 0.3, Diff: 0.3, Sum: 5.1]
      [GC Worker Total (ms): Min: 9.7, Avg: 10.2, Max: 10.7, Diff: 1.0, Sum: 305.3]
      [GC Worker End (ms): Min: 355233.4, Avg: 355233.5, Max: 355233.7, Diff: 0.3]
   [Code Root Fixup: 0.0 ms]
   [Code Root Purge: 0.0 ms]
   [Clear CT: 2.4 ms]
   [Other: 14.2 ms]
      [Choose CSet: 0.0 ms]
      [Ref Proc: 8.0 ms]
      [Ref Enq: 1.4 ms]
      [Redirty Cards: 2.8 ms]
      [Humongous Register: 0.3 ms]
      [Humongous Reclaim: 0.1 ms]
      [Free CSet: 1.4 ms]
   [Eden: 3932.0M(3932.0M)->0.0B(3932.0M) Survivors: 36.0M->36.0M Heap: 7028.4M(8192.0M)->3096.5M(8192.0M)]
 [Times: user=0.32 sys=0.00, real=0.03 secs]
2018-04-30T04:33:12.914+0200: 355.250: Total time for which application threads were stopped: 0.0292821 seconds, Stopping threads took: 0.0004181 seconds
2018-04-30T04:33:13.349+0200: 355.686: Application time: 0.4353719 seconds
2018-04-30T04:33:13.351+0200: 355.687: [GC pause (G1 Evacuation Pause) (young)
Desired survivor size 260046848 bytes, new threshold 15 (max 15)
- age   1:   11438064 bytes,   11438064 total
- age   2:    1226320 bytes,   12664384 total
- age   3:    1110096 bytes,   13774480 total
- age   4:    1405568 bytes,   15180048 total
- age   5:    1119048 bytes,   16299096 total
- age   6:    1092928 bytes,   17392024 total
- age   7:    1118520 bytes,   18510544 total
- age   8:    1112024 bytes,   19622568 total
- age   9:    1116320 bytes,   20738888 total
- age  10:    1588584 bytes,   22327472 total
- age  11:    1110560 bytes,   23438032 total
- age  12:    1133272 bytes,   24571304 total
- age  13:     385112 bytes,   24956416 total
- age  14:       4512 bytes,   24960928 total
- age  15:       4896 bytes,   24965824 total
, 0.0279120 secs]
   [Parallel Time: 11.2 ms, GC Workers: 30]
      [GC Worker Start (ms): Min: 355687.5, Avg: 355687.9, Max: 355688.2, Diff: 0.7]
      [Ext Root Scanning (ms): Min: 0.2, Avg: 0.6, Max: 1.4, Diff: 1.2, Sum: 17.7]
      [Update RS (ms): Min: 1.8, Avg: 2.2, Max: 2.7, Diff: 0.9, Sum: 65.0]
         [Processed Buffers: Min: 2, Avg: 3.8, Max: 16, Diff: 14, Sum: 115]
      [Scan RS (ms): Min: 0.0, Avg: 0.2, Max: 0.5, Diff: 0.4, Sum: 5.9]
      [Code Root Scanning (ms): Min: 0.0, Avg: 0.0, Max: 0.0, Diff: 0.0, Sum: 0.1]
      [Object Copy (ms): Min: 7.0, Avg: 7.3, Max: 7.5, Diff: 0.5, Sum: 220.5]
      [Termination (ms): Min: 0.0, Avg: 0.0, Max: 0.0, Diff: 0.0, Sum: 0.3]
         [Termination Attempts: Min: 1, Avg: 1.0, Max: 1, Diff: 0, Sum: 30]
      [GC Worker Other (ms): Min: 0.0, Avg: 0.2, Max: 0.3, Diff: 0.3, Sum: 4.8]
      [GC Worker Total (ms): Min: 10.0, Avg: 10.5, Max: 10.9, Diff: 0.9, Sum: 314.2]
      [GC Worker End (ms): Min: 355698.2, Avg: 355698.3, Max: 355698.5, Diff: 0.3]
   [Code Root Fixup: 0.0 ms]
   [Code Root Purge: 0.0 ms]
   [Clear CT: 1.8 ms]
   [Other: 14.9 ms]
      [Choose CSet: 0.0 ms]
      [Ref Proc: 8.8 ms]
      [Ref Enq: 1.3 ms]
      [Redirty Cards: 2.9 ms]
      [Humongous Register: 0.3 ms]
      [Humongous Reclaim: 0.1 ms]
      [Free CSet: 1.3 ms]
   [Eden: 3932.0M(3932.0M)->0.0B(3932.0M) Survivors: 36.0M->36.0M Heap: 7028.5M(8192.0M)->3097.4M(8192.0M)]
 [Times: user=0.34 sys=0.00, real=0.03 secs]
2018-04-30T04:33:13.379+0200: 355.715: Total time for which application threads were stopped: 0.0293285 seconds, Stopping threads took: 0.0004112 seconds
2018-04-30T04:33:13.870+0200: 356.206: Application time: 0.4909330 seconds
2018-04-30T04:33:13.871+0200: 356.207: [GC pause (G1 Evacuation Pause) (young)
Desired survivor size 260046848 bytes, new threshold 15 (max 15)
- age   1:   11763936 bytes,   11763936 total
- age   2:    1123904 bytes,   12887840 total
- age   3:    1220816 bytes,   14108656 total
- age   4:    1108560 bytes,   15217216 total
- age   5:    1403584 bytes,   16620800 total
- age   6:    1117984 bytes,   17738784 total
- age   7:    1092224 bytes,   18831008 total
- age   8:    1117688 bytes,   19948696 total
- age   9:    1111312 bytes,   21060008 total
- age  10:    1116192 bytes,   22176200 total
- age  11:    1588520 bytes,   23764720 total
- age  12:    1110560 bytes,   24875280 total
- age  13:     386664 bytes,   25261944 total
- age  14:       3600 bytes,   25265544 total
- age  15:       4384 bytes,   25269928 total
, 0.0274217 secs]
   [Parallel Time: 11.7 ms, GC Workers: 30]
      [GC Worker Start (ms): Min: 356207.7, Avg: 356208.1, Max: 356208.5, Diff: 0.8]
      [Ext Root Scanning (ms): Min: 0.1, Avg: 0.5, Max: 1.3, Diff: 1.2, Sum: 16.2]
      [Update RS (ms): Min: 1.6, Avg: 2.1, Max: 2.5, Diff: 1.0, Sum: 63.4]
         [Processed Buffers: Min: 2, Avg: 3.9, Max: 15, Diff: 13, Sum: 118]
      [Scan RS (ms): Min: 0.0, Avg: 0.2, Max: 0.4, Diff: 0.4, Sum: 5.7]
      [Code Root Scanning (ms): Min: 0.0, Avg: 0.0, Max: 0.0, Diff: 0.0, Sum: 0.1]
      [Object Copy (ms): Min: 7.6, Avg: 7.8, Max: 8.0, Diff: 0.4, Sum: 235.0]
      [Termination (ms): Min: 0.0, Avg: 0.0, Max: 0.0, Diff: 0.0, Sum: 0.2]
         [Termination Attempts: Min: 1, Avg: 1.0, Max: 1, Diff: 0, Sum: 30]
      [GC Worker Other (ms): Min: 0.0, Avg: 0.2, Max: 0.3, Diff: 0.3, Sum: 4.8]
      [GC Worker Total (ms): Min: 10.4, Avg: 10.8, Max: 11.3, Diff: 0.9, Sum: 325.3]
      [GC Worker End (ms): Min: 356218.8, Avg: 356219.0, Max: 356219.1, Diff: 0.3]
   [Code Root Fixup: 0.0 ms]
   [Code Root Purge: 0.0 ms]
   [Clear CT: 1.8 ms]
   [Other: 13.8 ms]
      [Choose CSet: 0.0 ms]
      [Ref Proc: 8.4 ms]
      [Ref Enq: 1.1 ms]
      [Redirty Cards: 2.4 ms]
      [Humongous Register: 0.3 ms]
      [Humongous Reclaim: 0.1 ms]
      [Free CSet: 1.2 ms]
   [Eden: 3932.0M(3932.0M)->0.0B(3932.0M) Survivors: 36.0M->36.0M Heap: 7029.4M(8192.0M)->3097.5M(8192.0M)]
 [Times: user=0.34 sys=0.01, real=0.03 secs]
2018-04-30T04:33:13.899+0200: 356.235: Total time for which application threads were stopped: 0.0287950 seconds, Stopping threads took: 0.0003808 seconds
2018-04-30T04:33:14.319+0200: 356.656: Application time: 0.4207222 seconds
2018-04-30T04:33:14.320+0200: 356.657: [GC pause (G1 Evacuation Pause) (young)
Desired survivor size 260046848 bytes, new threshold 15 (max 15)
- age   1:   15366408 bytes,   15366408 total
- age   2:    1148800 bytes,   16515208 total
- age   3:    1096992 bytes,   17612200 total
- age   4:    1088808 bytes,   18701008 total
- age   5:    1099680 bytes,   19800688 total
- age   6:    1143760 bytes,   20944448 total
- age   7:    1117472 bytes,   22061920 total
- age   8:    1091840 bytes,   23153760 total
- age   9:    1117304 bytes,   24271064 total
- age  10:    1106176 bytes,   25377240 total
- age  11:    1100992 bytes,   26478232 total
- age  12:    1130080 bytes,   27608312 total
- age  13:     437704 bytes,   28046016 total
- age  14:       3088 bytes,   28049104 total
- age  15:       3600 bytes,   28052704 total
, 0.0285934 secs]
   [Parallel Time: 11.0 ms, GC Workers: 30]
      [GC Worker Start (ms): Min: 356657.3, Avg: 356657.6, Max: 356658.0, Diff: 0.7]
      [Ext Root Scanning (ms): Min: 0.1, Avg: 0.5, Max: 1.3, Diff: 1.2, Sum: 15.4]
      [Update RS (ms): Min: 1.4, Avg: 2.2, Max: 2.8, Diff: 1.4, Sum: 66.2]
         [Processed Buffers: Min: 1, Avg: 3.7, Max: 16, Diff: 15, Sum: 111]
      [Scan RS (ms): Min: 0.0, Avg: 0.2, Max: 0.5, Diff: 0.4, Sum: 5.7]
      [Code Root Scanning (ms): Min: 0.0, Avg: 0.0, Max: 0.0, Diff: 0.0, Sum: 0.1]
      [Object Copy (ms): Min: 6.7, Avg: 7.1, Max: 7.2, Diff: 0.5, Sum: 212.4]
      [Termination (ms): Min: 0.0, Avg: 0.0, Max: 0.0, Diff: 0.0, Sum: 0.3]
         [Termination Attempts: Min: 1, Avg: 1.0, Max: 1, Diff: 0, Sum: 30]
      [GC Worker Other (ms): Min: 0.0, Avg: 0.2, Max: 0.4, Diff: 0.3, Sum: 5.3]
      [GC Worker Total (ms): Min: 9.7, Avg: 10.2, Max: 10.7, Diff: 1.0, Sum: 305.4]
      [GC Worker End (ms): Min: 356667.6, Avg: 356667.8, Max: 356668.0, Diff: 0.3]
   [Code Root Fixup: 0.0 ms]
   [Code Root Purge: 0.0 ms]
   [Clear CT: 2.9 ms]
   [Other: 14.7 ms]
      [Choose CSet: 0.0 ms]
      [Ref Proc: 8.7 ms]
      [Ref Enq: 1.1 ms]
      [Redirty Cards: 3.1 ms]
      [Humongous Register: 0.3 ms]
      [Humongous Reclaim: 0.1 ms]
      [Free CSet: 1.2 ms]
   [Eden: 3932.0M(3932.0M)->0.0B(3916.0M) Survivors: 36.0M->44.0M Heap: 7029.5M(8192.0M)->3103.2M(8192.0M)]
 [Times: user=0.32 sys=0.02, real=0.03 secs]
2018-04-30T04:33:14.349+0200: 356.686: Total time for which application threads were stopped: 0.0300533 seconds, Stopping threads took: 0.0004626 seconds
2018-04-30T04:33:14.770+0200: 357.106: Application time: 0.4207297 seconds
2018-04-30T04:33:14.771+0200: 357.108: [GC pause (G1 Evacuation Pause) (young)
Desired survivor size 260046848 bytes, new threshold 15 (max 15)
- age   1:   14660664 bytes,   14660664 total
- age   2:    1304448 bytes,   15965112 total
- age   3:    1143264 bytes,   17108376 total
- age   4:    1093888 bytes,   18202264 total
- age   5:    1086184 bytes,   19288448 total
- age   6:    1098144 bytes,   20386592 total
- age   7:    1140944 bytes,   21527536 total
- age   8:    1117216 bytes,   22644752 total
- age   9:    1091584 bytes,   23736336 total
- age  10:    1116664 bytes,   24853000 total
- age  11:    1105984 bytes,   25958984 total
- age  12:    1100288 bytes,   27059272 total
- age  13:     497512 bytes,   27556784 total
- age  14:       7544 bytes,   27564328 total
- age  15:       2896 bytes,   27567224 total
, 0.0284185 secs]
   [Parallel Time: 11.5 ms, GC Workers: 30]
      [GC Worker Start (ms): Min: 357108.0, Avg: 357108.5, Max: 357109.0, Diff: 0.9]
      [Ext Root Scanning (ms): Min: 0.0, Avg: 0.5, Max: 1.3, Diff: 1.3, Sum: 15.2]
      [Update RS (ms): Min: 1.8, Avg: 2.2, Max: 2.8, Diff: 1.0, Sum: 65.5]
         [Processed Buffers: Min: 2, Avg: 3.5, Max: 15, Diff: 13, Sum: 105]
      [Scan RS (ms): Min: 0.0, Avg: 0.2, Max: 0.4, Diff: 0.4, Sum: 5.7]
      [Code Root Scanning (ms): Min: 0.0, Avg: 0.0, Max: 0.0, Diff: 0.0, Sum: 0.1]
      [Object Copy (ms): Min: 7.2, Avg: 7.7, Max: 7.8, Diff: 0.6, Sum: 230.2]
      [Termination (ms): Min: 0.0, Avg: 0.0, Max: 0.0, Diff: 0.0, Sum: 0.2]
         [Termination Attempts: Min: 1, Avg: 1.0, Max: 1, Diff: 0, Sum: 30]
      [GC Worker Other (ms): Min: 0.0, Avg: 0.2, Max: 0.3, Diff: 0.3, Sum: 4.7]
      [GC Worker Total (ms): Min: 10.1, Avg: 10.7, Max: 11.3, Diff: 1.2, Sum: 321.6]
      [GC Worker End (ms): Min: 357119.1, Avg: 357119.2, Max: 357119.4, Diff: 0.3]
   [Code Root Fixup: 0.0 ms]
   [Code Root Purge: 0.0 ms]
   [Clear CT: 2.4 ms]
   [Other: 14.6 ms]
      [Choose CSet: 0.0 ms]
      [Ref Proc: 8.4 ms]
      [Ref Enq: 1.5 ms]
      [Redirty Cards: 2.5 ms]
      [Humongous Register: 0.3 ms]
      [Humongous Reclaim: 0.1 ms]
      [Free CSet: 1.5 ms]
   [Eden: 3916.0M(3916.0M)->0.0B(3916.0M) Survivors: 44.0M->44.0M Heap: 7019.2M(8192.0M)->3102.4M(8192.0M)]
 [Times: user=0.34 sys=0.01, real=0.03 secs]
2018-04-30T04:33:14.800+0200: 357.136: Total time for which application threads were stopped: 0.0298651 seconds, Stopping threads took: 0.0003914 seconds
2018-04-30T04:33:15.218+0200: 357.554: Application time: 0.4180980 seconds
2018-04-30T04:33:15.219+0200: 357.556: [GC pause (G1 Evacuation Pause) (young)
Desired survivor size 260046848 bytes, new threshold 15 (max 15)
- age   1:   11739272 bytes,   11739272 total
- age   2:    4543032 bytes,   16282304 total
- age   3:    1299968 bytes,   17582272 total
- age   4:    1141472 bytes,   18723744 total
- age   5:    1092800 bytes,   19816544 total
- age   6:    1084840 bytes,   20901384 total
- age   7:    1097888 bytes,   21999272 total
- age   8:    1140688 bytes,   23139960 total
- age   9:    1116960 bytes,   24256920 total
- age  10:    1091520 bytes,   25348440 total
- age  11:    1116408 bytes,   26464848 total
- age  12:    1105792 bytes,   27570640 total
- age  13:     464232 bytes,   28034872 total
- age  14:      22568 bytes,   28057440 total
- age  15:       7480 bytes,   28064920 total
, 0.0283416 secs]
   [Parallel Time: 11.2 ms, GC Workers: 30]
      [GC Worker Start (ms): Min: 357556.1, Avg: 357556.5, Max: 357556.9, Diff: 0.8]
      [Ext Root Scanning (ms): Min: 0.1, Avg: 0.5, Max: 1.3, Diff: 1.2, Sum: 14.2]
      [Update RS (ms): Min: 1.7, Avg: 2.1, Max: 2.6, Diff: 0.9, Sum: 63.1]
         [Processed Buffers: Min: 2, Avg: 3.7, Max: 15, Diff: 13, Sum: 110]
      [Scan RS (ms): Min: 0.0, Avg: 0.2, Max: 0.5, Diff: 0.5, Sum: 5.4]
      [Code Root Scanning (ms): Min: 0.0, Avg: 0.0, Max: 0.0, Diff: 0.0, Sum: 0.0]
      [Object Copy (ms): Min: 7.3, Avg: 7.6, Max: 7.8, Diff: 0.5, Sum: 228.6]
      [Termination (ms): Min: 0.0, Avg: 0.0, Max: 0.0, Diff: 0.0, Sum: 0.3]
         [Termination Attempts: Min: 1, Avg: 1.0, Max: 1, Diff: 0, Sum: 30]
      [GC Worker Other (ms): Min: 0.0, Avg: 0.2, Max: 0.3, Diff: 0.3, Sum: 4.9]
      [GC Worker Total (ms): Min: 10.0, Avg: 10.5, Max: 11.0, Diff: 1.0, Sum: 316.4]
      [GC Worker End (ms): Min: 357566.9, Avg: 357567.1, Max: 357567.2, Diff: 0.3]
   [Code Root Fixup: 0.0 ms]
   [Code Root Purge: 0.0 ms]
   [Clear CT: 2.3 ms]
   [Other: 14.8 ms]
      [Choose CSet: 0.0 ms]
      [Ref Proc: 9.1 ms]
      [Ref Enq: 1.2 ms]
      [Redirty Cards: 2.6 ms]
      [Humongous Register: 0.3 ms]
      [Humongous Reclaim: 0.1 ms]
      [Free CSet: 1.3 ms]
   [Eden: 3916.0M(3916.0M)->0.0B(3924.0M) Survivors: 44.0M->40.0M Heap: 7018.4M(8192.0M)->3100.2M(8192.0M)]
 [Times: user=0.33 sys=0.01, real=0.03 secs]
2018-04-30T04:33:15.248+0200: 357.584: Total time for which application threads were stopped: 0.0298926 seconds, Stopping threads took: 0.0003805 seconds
2018-04-30T04:33:15.661+0200: 357.998: Application time: 0.4133131 seconds
2018-04-30T04:33:15.662+0200: 357.999: [GC pause (G1 Evacuation Pause) (young)
Desired survivor size 260046848 bytes, new threshold 15 (max 15)
- age   1:   12810032 bytes,   12810032 total
- age   2:    1129264 bytes,   13939296 total
- age   3:    1095832 bytes,   15035128 total
- age   4:    1297856 bytes,   16332984 total
- age   5:    1140184 bytes,   17473168 total
- age   6:    1092160 bytes,   18565328 total
- age   7:    1084200 bytes,   19649528 total
- age   8:    1097504 bytes,   20747032 total
- age   9:    1140624 bytes,   21887656 total
- age  10:    1116640 bytes,   23004296 total
- age  11:    1091392 bytes,   24095688 total
- age  12:    1116344 bytes,   25212032 total
- age  13:     486336 bytes,   25698368 total
- age  14:       4168 bytes,   25702536 total
- age  15:      21800 bytes,   25724336 total
, 0.0304535 secs]
   [Parallel Time: 12.8 ms, GC Workers: 30]
      [GC Worker Start (ms): Min: 357999.1, Avg: 357999.6, Max: 358000.0, Diff: 0.9]
      [Ext Root Scanning (ms): Min: 0.0, Avg: 0.5, Max: 1.3, Diff: 1.3, Sum: 14.6]
      [Update RS (ms): Min: 1.8, Avg: 2.1, Max: 2.6, Diff: 0.8, Sum: 62.8]
         [Processed Buffers: Min: 2, Avg: 3.4, Max: 14, Diff: 12, Sum: 103]
      [Scan RS (ms): Min: 0.0, Avg: 0.2, Max: 0.4, Diff: 0.4, Sum: 5.7]
      [Code Root Scanning (ms): Min: 0.0, Avg: 0.0, Max: 0.0, Diff: 0.0, Sum: 0.1]
      [Object Copy (ms): Min: 8.6, Avg: 8.9, Max: 9.1, Diff: 0.5, Sum: 267.7]
      [Termination (ms): Min: 0.0, Avg: 0.0, Max: 0.0, Diff: 0.0, Sum: 0.2]
         [Termination Attempts: Min: 1, Avg: 1.0, Max: 1, Diff: 0, Sum: 30]
      [GC Worker Other (ms): Min: 0.0, Avg: 0.2, Max: 0.3, Diff: 0.3, Sum: 5.1]
      [GC Worker Total (ms): Min: 11.4, Avg: 11.9, Max: 12.3, Diff: 0.9, Sum: 356.2]
      [GC Worker End (ms): Min: 358011.3, Avg: 358011.5, Max: 358011.6, Diff: 0.3]
   [Code Root Fixup: 0.0 ms]
   [Code Root Purge: 0.0 ms]
   [Clear CT: 2.1 ms]
   [Other: 15.5 ms]
      [Choose CSet: 0.0 ms]
      [Ref Proc: 9.4 ms]
      [Ref Enq: 1.6 ms]
      [Redirty Cards: 2.5 ms]
      [Humongous Register: 0.3 ms]
      [Humongous Reclaim: 0.1 ms]
      [Free CSet: 1.3 ms]
   [Eden: 3924.0M(3924.0M)->0.0B(3924.0M) Survivors: 40.0M->40.0M Heap: 7024.2M(8192.0M)->3100.9M(8192.0M)]
 [Times: user=0.37 sys=0.00, real=0.04 secs]
2018-04-30T04:33:15.693+0200: 358.029: Total time for which application threads were stopped: 0.0318002 seconds, Stopping threads took: 0.0003247 seconds
2018-04-30T04:33:16.149+0200: 358.485: Application time: 0.4558830 seconds
2018-04-30T04:33:16.150+0200: 358.486: [GC pause (G1 Evacuation Pause) (young)
Desired survivor size 260046848 bytes, new threshold 15 (max 15)
- age   1:   13680000 bytes,   13680000 total
- age   2:    1640088 bytes,   15320088 total
- age   3:    1125232 bytes,   16445320 total
- age   4:    1091632 bytes,   17536952 total
- age   5:    1297024 bytes,   18833976 total
- age   6:    1138568 bytes,   19972544 total
- age   7:    1091520 bytes,   21064064 total
- age   8:    1083880 bytes,   22147944 total
- age   9:    1097312 bytes,   23245256 total
- age  10:    1140496 bytes,   24385752 total
- age  11:    1116240 bytes,   25501992 total
- age  12:    1091264 bytes,   26593256 total
- age  13:     488776 bytes,   27082032 total
- age  14:       7072 bytes,   27089104 total
- age  15:       4168 bytes,   27093272 total
, 0.0272041 secs]
   [Parallel Time: 10.5 ms, GC Workers: 30]
      [GC Worker Start (ms): Min: 358487.4, Avg: 358487.8, Max: 358488.1, Diff: 0.7]
      [Ext Root Scanning (ms): Min: 0.3, Avg: 0.6, Max: 1.4, Diff: 1.1, Sum: 16.6]
      [Update RS (ms): Min: 1.7, Avg: 2.1, Max: 2.5, Diff: 0.8, Sum: 63.2]
         [Processed Buffers: Min: 2, Avg: 3.3, Max: 11, Diff: 9, Sum: 100]
      [Scan RS (ms): Min: 0.0, Avg: 0.2, Max: 0.5, Diff: 0.4, Sum: 5.3]
      [Code Root Scanning (ms): Min: 0.0, Avg: 0.0, Max: 0.0, Diff: 0.0, Sum: 0.1]
      [Object Copy (ms): Min: 6.3, Avg: 6.5, Max: 6.7, Diff: 0.4, Sum: 196.3]
      [Termination (ms): Min: 0.0, Avg: 0.0, Max: 0.0, Diff: 0.0, Sum: 0.2]
         [Termination Attempts: Min: 1, Avg: 1.0, Max: 1, Diff: 0, Sum: 30]
      [GC Worker Other (ms): Min: 0.0, Avg: 0.2, Max: 0.4, Diff: 0.3, Sum: 5.2]
      [GC Worker Total (ms): Min: 9.2, Avg: 9.6, Max: 10.0, Diff: 0.8, Sum: 286.8]
      [GC Worker End (ms): Min: 358497.2, Avg: 358497.4, Max: 358497.5, Diff: 0.3]
   [Code Root Fixup: 0.0 ms]
   [Code Root Purge: 0.0 ms]
   [Clear CT: 1.6 ms]
   [Other: 15.1 ms]
      [Choose CSet: 0.0 ms]
      [Ref Proc: 9.0 ms]
      [Ref Enq: 1.5 ms]
      [Redirty Cards: 2.0 ms]
      [Humongous Register: 0.3 ms]
      [Humongous Reclaim: 0.1 ms]
      [Free CSet: 1.5 ms]
   [Eden: 3924.0M(3924.0M)->0.0B(3924.0M) Survivors: 40.0M->40.0M Heap: 7024.9M(8192.0M)->3099.3M(8192.0M)]
 [Times: user=0.32 sys=0.00, real=0.03 secs]
2018-04-30T04:33:16.178+0200: 358.514: Total time for which application threads were stopped: 0.0286972 seconds, Stopping threads took: 0.0004367 seconds
2018-04-30T04:33:16.584+0200: 358.921: Application time: 0.4065757 seconds
2018-04-30T04:33:16.585+0200: 358.922: [GC pause (G1 Evacuation Pause) (young)
Desired survivor size 260046848 bytes, new threshold 15 (max 15)
- age   1:   10999776 bytes,   10999776 total
- age   2:    1134096 bytes,   12133872 total
- age   3:    1241592 bytes,   13375464 total
- age   4:    1123616 bytes,   14499080 total
- age   5:    1088704 bytes,   15587784 total
- age   6:    1296192 bytes,   16883976 total
- age   7:    1138376 bytes,   18022352 total
- age   8:    1091072 bytes,   19113424 total
- age   9:    1083352 bytes,   20196776 total
- age  10:    1097056 bytes,   21293832 total
- age  11:    1140368 bytes,   22434200 total
- age  12:    1116240 bytes,   23550440 total
- age  13:     469744 bytes,   24020184 total
- age  14:       4824 bytes,   24025008 total
- age  15:       7072 bytes,   24032080 total
, 0.0291497 secs]
   [Parallel Time: 11.8 ms, GC Workers: 30]
      [GC Worker Start (ms): Min: 358922.2, Avg: 358922.7, Max: 358923.2, Diff: 1.0]
      [Ext Root Scanning (ms): Min: 0.0, Avg: 0.5, Max: 1.3, Diff: 1.3, Sum: 15.5]
      [Update RS (ms): Min: 1.7, Avg: 2.2, Max: 2.6, Diff: 0.8, Sum: 65.1]
         [Processed Buffers: Min: 2, Avg: 3.3, Max: 11, Diff: 9, Sum: 98]
      [Scan RS (ms): Min: 0.0, Avg: 0.2, Max: 0.5, Diff: 0.5, Sum: 5.3]
      [Code Root Scanning (ms): Min: 0.0, Avg: 0.0, Max: 0.0, Diff: 0.0, Sum: 0.1]
      [Object Copy (ms): Min: 7.7, Avg: 7.9, Max: 8.1, Diff: 0.4, Sum: 237.8]
      [Termination (ms): Min: 0.0, Avg: 0.0, Max: 0.0, Diff: 0.0, Sum: 0.2]
         [Termination Attempts: Min: 1, Avg: 1.0, Max: 1, Diff: 0, Sum: 30]
      [GC Worker Other (ms): Min: 0.0, Avg: 0.2, Max: 0.3, Diff: 0.3, Sum: 5.2]
      [GC Worker Total (ms): Min: 10.3, Avg: 11.0, Max: 11.6, Diff: 1.3, Sum: 329.1]
      [GC Worker End (ms): Min: 358933.6, Avg: 358933.7, Max: 358933.9, Diff: 0.3]
   [Code Root Fixup: 0.0 ms]
   [Code Root Purge: 0.0 ms]
   [Clear CT: 2.4 ms]
   [Other: 14.9 ms]
      [Choose CSet: 0.0 ms]
      [Ref Proc: 9.0 ms]
      [Ref Enq: 1.2 ms]
      [Redirty Cards: 2.8 ms]
      [Humongous Register: 0.3 ms]
      [Humongous Reclaim: 0.1 ms]
      [Free CSet: 1.3 ms]
   [Eden: 3924.0M(3924.0M)->0.0B(3924.0M) Survivors: 40.0M->40.0M Heap: 7023.3M(8192.0M)->3098.4M(8192.0M)]
 [Times: user=0.35 sys=0.01, real=0.03 secs]
2018-04-30T04:33:16.615+0200: 358.951: Total time for which application threads were stopped: 0.0306377 seconds, Stopping threads took: 0.0004357 seconds
2018-04-30T04:33:17.025+0200: 359.361: Application time: 0.4102423 seconds
2018-04-30T04:33:17.029+0200: 359.365: [GC pause (G1 Evacuation Pause) (young)
Desired survivor size 260046848 bytes, new threshold 15 (max 15)
- age   1:   13918208 bytes,   13918208 total
- age   2:    1701888 bytes,   15620096 total
- age   3:    1120688 bytes,   16740784 total
- age   4:    1093152 bytes,   17833936 total
- age   5:    1122912 bytes,   18956848 total
- age   6:    1087168 bytes,   20044016 total
- age   7:    1295808 bytes,   21339824 total
- age   8:    1138376 bytes,   22478200 total
- age   9:    1091072 bytes,   23569272 total
- age  10:    1083352 bytes,   24652624 total
- age  11:    1097056 bytes,   25749680 total
- age  12:    1140304 bytes,   26889984 total
- age  13:     500976 bytes,   27390960 total
- age  14:       4624 bytes,   27395584 total
- age  15:       4760 bytes,   27400344 total
, 0.0305729 secs]
   [Parallel Time: 13.6 ms, GC Workers: 30]
      [GC Worker Start (ms): Min: 359365.3, Avg: 359365.9, Max: 359366.4, Diff: 1.0]
      [Ext Root Scanning (ms): Min: 0.0, Avg: 0.5, Max: 1.2, Diff: 1.2, Sum: 13.8]
      [Update RS (ms): Min: 1.8, Avg: 2.1, Max: 2.5, Diff: 0.7, Sum: 62.8]
         [Processed Buffers: Min: 2, Avg: 3.4, Max: 14, Diff: 12, Sum: 101]
      [Scan RS (ms): Min: 0.0, Avg: 0.2, Max: 0.5, Diff: 0.4, Sum: 6.0]
      [Code Root Scanning (ms): Min: 0.0, Avg: 0.0, Max: 0.0, Diff: 0.0, Sum: 0.1]
      [Object Copy (ms): Min: 9.4, Avg: 9.7, Max: 9.9, Diff: 0.5, Sum: 290.4]
      [Termination (ms): Min: 0.0, Avg: 0.1, Max: 0.2, Diff: 0.2, Sum: 4.1]
         [Termination Attempts: Min: 1, Avg: 35.5, Max: 44, Diff: 43, Sum: 1064]
      [GC Worker Other (ms): Min: 0.0, Avg: 0.2, Max: 0.3, Diff: 0.3, Sum: 4.9]
      [GC Worker Total (ms): Min: 12.1, Avg: 12.7, Max: 13.4, Diff: 1.2, Sum: 382.1]
      [GC Worker End (ms): Min: 359378.5, Avg: 359378.6, Max: 359378.8, Diff: 0.3]
   [Code Root Fixup: 0.0 ms]
   [Code Root Purge: 0.0 ms]
   [Clear CT: 2.6 ms]
   [Other: 14.4 ms]
      [Choose CSet: 0.0 ms]
      [Ref Proc: 9.1 ms]
      [Ref Enq: 1.3 ms]
      [Redirty Cards: 2.1 ms]
      [Humongous Register: 0.3 ms]
      [Humongous Reclaim: 0.1 ms]
      [Free CSet: 1.2 ms]
   [Eden: 3924.0M(3924.0M)->0.0B(3916.0M) Survivors: 40.0M->44.0M Heap: 7022.4M(8192.0M)->3104.1M(8192.0M)]
 [Times: user=0.40 sys=0.01, real=0.03 secs]
2018-04-30T04:33:17.059+0200: 359.396: Total time for which application threads were stopped: 0.0342110 seconds, Stopping threads took: 0.0026670 seconds
2018-04-30T04:33:17.455+0200: 359.791: Application time: 0.3953616 seconds
2018-04-30T04:33:17.456+0200: 359.792: [GC pause (G1 Evacuation Pause) (young)
Desired survivor size 260046848 bytes, new threshold 15 (max 15)
- age   1:   12190448 bytes,   12190448 total
- age   2:    1391488 bytes,   13581936 total
- age   3:    1553064 bytes,   15135000 total
- age   4:    1118992 bytes,   16253992 total
- age   5:    1091488 bytes,   17345480 total
- age   6:    1122272 bytes,   18467752 total
- age   7:    1086208 bytes,   19553960 total
- age   8:    1295808 bytes,   20849768 total
- age   9:    1138248 bytes,   21988016 total
- age  10:    1090816 bytes,   23078832 total
- age  11:    1083224 bytes,   24162056 total
- age  12:    1096928 bytes,   25258984 total
- age  13:     509200 bytes,   25768184 total
- age  14:      10432 bytes,   25778616 total
- age  15:       4560 bytes,   25783176 total
, 0.0222806 secs]
   [Parallel Time: 8.9 ms, GC Workers: 30]
      [GC Worker Start (ms): Min: 359792.3, Avg: 359792.5, Max: 359792.7, Diff: 0.4]
      [Ext Root Scanning (ms): Min: 0.2, Avg: 0.4, Max: 1.1, Diff: 0.9, Sum: 12.6]
      [Update RS (ms): Min: 1.3, Avg: 1.6, Max: 2.0, Diff: 0.6, Sum: 49.1]
         [Processed Buffers: Min: 2, Avg: 3.2, Max: 12, Diff: 10, Sum: 97]
      [Scan RS (ms): Min: 0.0, Avg: 0.2, Max: 0.4, Diff: 0.4, Sum: 5.0]
      [Code Root Scanning (ms): Min: 0.0, Avg: 0.0, Max: 0.0, Diff: 0.0, Sum: 0.1]
      [Object Copy (ms): Min: 5.8, Avg: 6.0, Max: 6.2, Diff: 0.3, Sum: 180.4]
      [Termination (ms): Min: 0.0, Avg: 0.0, Max: 0.0, Diff: 0.0, Sum: 0.1]
         [Termination Attempts: Min: 1, Avg: 1.0, Max: 1, Diff: 0, Sum: 30]
      [GC Worker Other (ms): Min: 0.0, Avg: 0.1, Max: 0.3, Diff: 0.2, Sum: 3.7]
      [GC Worker Total (ms): Min: 8.1, Avg: 8.4, Max: 8.6, Diff: 0.5, Sum: 251.1]
      [GC Worker End (ms): Min: 359800.7, Avg: 359800.8, Max: 359801.0, Diff: 0.2]
   [Code Root Fixup: 0.0 ms]
   [Code Root Purge: 0.0 ms]
   [Clear CT: 1.5 ms]
   [Other: 11.9 ms]
      [Choose CSet: 0.0 ms]
      [Ref Proc: 7.6 ms]
      [Ref Enq: 1.4 ms]
      [Redirty Cards: 1.1 ms]
      [Humongous Register: 0.3 ms]
      [Humongous Reclaim: 0.1 ms]
      [Free CSet: 1.3 ms]
   [Eden: 3916.0M(3916.0M)->0.0B(3916.0M) Survivors: 44.0M->44.0M Heap: 7020.1M(8192.0M)->3104.9M(8192.0M)]
 [Times: user=0.27 sys=0.00, real=0.02 secs]
2018-04-30T04:33:17.478+0200: 359.815: Total time for which application threads were stopped: 0.0234920 seconds, Stopping threads took: 0.0003294 seconds
2018-04-30T04:33:17.856+0200: 360.192: Application time: 0.3776878 seconds
2018-04-30T04:33:17.857+0200: 360.193: [GC pause (G1 Evacuation Pause) (young)
Desired survivor size 260046848 bytes, new threshold 15 (max 15)
- age   1:   12946616 bytes,   12946616 total
- age   2:    1341848 bytes,   14288464 total
- age   3:    1389000 bytes,   15677464 total
- age   4:    1550856 bytes,   17228320 total
- age   5:    1116624 bytes,   18344944 total
- age   6:    1090296 bytes,   19435240 total
- age   7:    1122080 bytes,   20557320 total
- age   8:    1086080 bytes,   21643400 total
- age   9:    1295744 bytes,   22939144 total
- age  10:    1138248 bytes,   24077392 total
- age  11:    1090816 bytes,   25168208 total
- age  12:    1083224 bytes,   26251432 total
- age  13:     550280 bytes,   26801712 total
- age  14:      18784 bytes,   26820496 total
- age  15:      10432 bytes,   26830928 total
, 0.0242695 secs]
   [Parallel Time: 8.9 ms, GC Workers: 30]
      [GC Worker Start (ms): Min: 360193.4, Avg: 360193.9, Max: 360194.2, Diff: 0.8]
      [Ext Root Scanning (ms): Min: 0.0, Avg: 0.4, Max: 1.0, Diff: 1.0, Sum: 11.2]
      [Update RS (ms): Min: 1.4, Avg: 1.8, Max: 2.3, Diff: 0.9, Sum: 54.8]
         [Processed Buffers: Min: 2, Avg: 3.2, Max: 13, Diff: 11, Sum: 97]
      [Scan RS (ms): Min: 0.0, Avg: 0.2, Max: 0.4, Diff: 0.4, Sum: 4.8]
      [Code Root Scanning (ms): Min: 0.0, Avg: 0.0, Max: 0.0, Diff: 0.0, Sum: 0.1]
      [Object Copy (ms): Min: 5.4, Avg: 5.7, Max: 5.8, Diff: 0.5, Sum: 170.2]
      [Termination (ms): Min: 0.0, Avg: 0.0, Max: 0.0, Diff: 0.0, Sum: 0.2]
         [Termination Attempts: Min: 1, Avg: 1.0, Max: 1, Diff: 0, Sum: 30]
      [GC Worker Other (ms): Min: 0.0, Avg: 0.1, Max: 0.3, Diff: 0.2, Sum: 3.8]
      [GC Worker Total (ms): Min: 7.8, Avg: 8.2, Max: 8.6, Diff: 0.8, Sum: 245.1]
      [GC Worker End (ms): Min: 360202.0, Avg: 360202.1, Max: 360202.2, Diff: 0.2]
   [Code Root Fixup: 0.0 ms]
   [Code Root Purge: 0.0 ms]
   [Clear CT: 1.7 ms]
   [Other: 13.6 ms]
      [Choose CSet: 0.0 ms]
      [Ref Proc: 8.0 ms]
      [Ref Enq: 1.5 ms]
      [Redirty Cards: 2.3 ms]
      [Humongous Register: 0.3 ms]
      [Humongous Reclaim: 0.1 ms]
      [Free CSet: 1.3 ms]
   [Eden: 3916.0M(3916.0M)->0.0B(3924.0M) Survivors: 44.0M->40.0M Heap: 7020.9M(8192.0M)->3099.3M(8192.0M)]
 [Times: user=0.27 sys=0.00, real=0.02 secs]
2018-04-30T04:33:17.881+0200: 360.218: Total time for which application threads were stopped: 0.0253738 seconds, Stopping threads took: 0.0002318 seconds
2018-04-30T04:33:18.300+0200: 360.636: Application time: 0.4183329 seconds
2018-04-30T04:33:18.305+0200: 360.641: [GC pause (G1 Evacuation Pause) (young)
Desired survivor size 260046848 bytes, new threshold 15 (max 15)
- age   1:   10020584 bytes,   10020584 total
- age   2:    1281440 bytes,   11302024 total
- age   3:    1333272 bytes,   12635296 total
- age   4:    1387976 bytes,   14023272 total
- age   5:    1546600 bytes,   15569872 total
- age   6:    1114976 bytes,   16684848 total
- age   7:    1089976 bytes,   17774824 total
- age   8:    1121952 bytes,   18896776 total
- age   9:    1085952 bytes,   19982728 total
- age  10:    1295744 bytes,   21278472 total
- age  11:    1138184 bytes,   22416656 total
- age  12:    1090816 bytes,   23507472 total
- age  13:     517760 bytes,   24025232 total
- age  14:       2680 bytes,   24027912 total
- age  15:      18784 bytes,   24046696 total
, 0.0283013 secs]
   [Parallel Time: 11.6 ms, GC Workers: 30]
      [GC Worker Start (ms): Min: 360641.5, Avg: 360642.1, Max: 360642.6, Diff: 1.0]
      [Ext Root Scanning (ms): Min: 0.0, Avg: 0.4, Max: 1.3, Diff: 1.3, Sum: 12.8]
      [Update RS (ms): Min: 1.8, Avg: 2.2, Max: 2.8, Diff: 1.0, Sum: 66.9]
         [Processed Buffers: Min: 2, Avg: 3.1, Max: 12, Diff: 10, Sum: 92]
      [Scan RS (ms): Min: 0.0, Avg: 0.2, Max: 0.5, Diff: 0.5, Sum: 5.7]
      [Code Root Scanning (ms): Min: 0.0, Avg: 0.0, Max: 0.0, Diff: 0.0, Sum: 0.1]
      [Object Copy (ms): Min: 7.3, Avg: 7.7, Max: 7.9, Diff: 0.6, Sum: 231.3]
      [Termination (ms): Min: 0.0, Avg: 0.0, Max: 0.0, Diff: 0.0, Sum: 0.4]
         [Termination Attempts: Min: 1, Avg: 1.0, Max: 1, Diff: 0, Sum: 30]
      [GC Worker Other (ms): Min: 0.0, Avg: 0.2, Max: 0.4, Diff: 0.3, Sum: 5.3]
      [GC Worker Total (ms): Min: 10.2, Avg: 10.7, Max: 11.4, Diff: 1.2, Sum: 322.5]
      [GC Worker End (ms): Min: 360652.7, Avg: 360652.8, Max: 360653.0, Diff: 0.3]
   [Code Root Fixup: 0.0 ms]
   [Code Root Purge: 0.0 ms]
   [Clear CT: 2.2 ms]
   [Other: 14.5 ms]
      [Choose CSet: 0.0 ms]
      [Ref Proc: 8.4 ms]
      [Ref Enq: 1.3 ms]
      [Redirty Cards: 2.8 ms]
      [Humongous Register: 0.3 ms]
      [Humongous Reclaim: 0.1 ms]
      [Free CSet: 1.3 ms]
   [Eden: 3924.0M(3924.0M)->0.0B(3932.0M) Survivors: 40.0M->36.0M Heap: 7023.3M(8192.0M)->3095.2M(8192.0M)]
 [Times: user=0.35 sys=0.00, real=0.03 secs]
2018-04-30T04:33:18.333+0200: 360.670: Total time for which application threads were stopped: 0.0336686 seconds, Stopping threads took: 0.0043810 seconds
2018-04-30T04:33:18.786+0200: 361.123: Application time: 0.4531552 seconds
2018-04-30T04:33:18.788+0200: 361.124: [GC pause (G1 Evacuation Pause) (young)
Desired survivor size 260046848 bytes, new threshold 15 (max 15)
- age   1:   10397384 bytes,   10397384 total
- age   2:    1273504 bytes,   11670888 total
- age   3:    1047472 bytes,   12718360 total
- age   4:    1143416 bytes,   13861776 total
- age   5:    1387528 bytes,   15249304 total
- age   6:    1508168 bytes,   16757472 total
- age   7:    1114656 bytes,   17872128 total
- age   8:    1089208 bytes,   18961336 total
- age   9:    1121440 bytes,   20082776 total
- age  10:    1085888 bytes,   21168664 total
- age  11:    1295488 bytes,   22464152 total
- age  12:    1138184 bytes,   23602336 total
- age  13:     551784 bytes,   24154120 total
- age  14:       3952 bytes,   24158072 total
- age  15:       2616 bytes,   24160688 total
, 0.0280062 secs]
   [Parallel Time: 11.7 ms, GC Workers: 30]
      [GC Worker Start (ms): Min: 361124.5, Avg: 361125.0, Max: 361125.5, Diff: 1.1]
      [Ext Root Scanning (ms): Min: 0.0, Avg: 0.5, Max: 1.3, Diff: 1.3, Sum: 13.7]
      [Update RS (ms): Min: 1.5, Avg: 2.1, Max: 2.8, Diff: 1.3, Sum: 64.2]
         [Processed Buffers: Min: 2, Avg: 3.1, Max: 14, Diff: 12, Sum: 94]
      [Scan RS (ms): Min: 0.0, Avg: 0.2, Max: 0.5, Diff: 0.5, Sum: 6.2]
      [Code Root Scanning (ms): Min: 0.0, Avg: 0.0, Max: 0.0, Diff: 0.0, Sum: 0.1]
      [Object Copy (ms): Min: 7.2, Avg: 7.7, Max: 7.9, Diff: 0.7, Sum: 231.2]
      [Termination (ms): Min: 0.0, Avg: 0.0, Max: 0.0, Diff: 0.0, Sum: 0.3]
         [Termination Attempts: Min: 1, Avg: 1.0, Max: 1, Diff: 0, Sum: 30]
      [GC Worker Other (ms): Min: 0.0, Avg: 0.2, Max: 0.4, Diff: 0.3, Sum: 5.1]
      [GC Worker Total (ms): Min: 10.0, Avg: 10.7, Max: 11.4, Diff: 1.4, Sum: 320.9]
      [GC Worker End (ms): Min: 361135.5, Avg: 361135.7, Max: 361135.9, Diff: 0.3]
   [Code Root Fixup: 0.0 ms]
   [Code Root Purge: 0.0 ms]
   [Clear CT: 2.3 ms]
   [Other: 14.0 ms]
      [Choose CSet: 0.0 ms]
      [Ref Proc: 8.2 ms]
      [Ref Enq: 1.3 ms]
      [Redirty Cards: 2.6 ms]
      [Humongous Register: 0.3 ms]
      [Humongous Reclaim: 0.1 ms]
      [Free CSet: 1.4 ms]
   [Eden: 3932.0M(3932.0M)->0.0B(3932.0M) Survivors: 36.0M->36.0M Heap: 7027.2M(8192.0M)->3096.7M(8192.0M)]
 [Times: user=0.33 sys=0.02, real=0.03 secs]
2018-04-30T04:33:18.816+0200: 361.152: Total time for which application threads were stopped: 0.0295450 seconds, Stopping threads took: 0.0004260 seconds
2018-04-30T04:33:19.240+0200: 361.576: Application time: 0.4242072 seconds
2018-04-30T04:33:19.241+0200: 361.578: [GC pause (G1 Evacuation Pause) (young)
Desired survivor size 260046848 bytes, new threshold 15 (max 15)
- age   1:   13328032 bytes,   13328032 total
- age   2:    1076272 bytes,   14404304 total
- age   3:    1270992 bytes,   15675296 total
- age   4:    1046384 bytes,   16721680 total
- age   5:    1142200 bytes,   17863880 total
- age   6:    1341480 bytes,   19205360 total
- age   7:    1126760 bytes,   20332120 total
- age   8:    1114144 bytes,   21446264 total
- age   9:    1087784 bytes,   22534048 total
- age  10:    1121040 bytes,   23655088 total
- age  11:    1085632 bytes,   24740720 total
- age  12:    1295296 bytes,   26036016 total
- age  13:     578136 bytes,   26614152 total
- age  14:       3176 bytes,   26617328 total
- age  15:       3888 bytes,   26621216 total
, 0.0268736 secs]
   [Parallel Time: 10.7 ms, GC Workers: 30]
      [GC Worker Start (ms): Min: 361578.0, Avg: 361578.4, Max: 361578.8, Diff: 0.8]
      [Ext Root Scanning (ms): Min: 0.1, Avg: 0.5, Max: 1.3, Diff: 1.2, Sum: 14.8]
      [Update RS (ms): Min: 1.6, Avg: 2.2, Max: 2.4, Diff: 0.9, Sum: 64.5]
         [Processed Buffers: Min: 2, Avg: 2.9, Max: 12, Diff: 10, Sum: 86]
      [Scan RS (ms): Min: 0.0, Avg: 0.2, Max: 0.6, Diff: 0.6, Sum: 5.1]
      [Code Root Scanning (ms): Min: 0.0, Avg: 0.0, Max: 0.0, Diff: 0.0, Sum: 0.1]
      [Object Copy (ms): Min: 6.8, Avg: 7.0, Max: 7.2, Diff: 0.4, Sum: 211.0]
      [Termination (ms): Min: 0.0, Avg: 0.0, Max: 0.0, Diff: 0.0, Sum: 0.3]
         [Termination Attempts: Min: 1, Avg: 1.0, Max: 1, Diff: 0, Sum: 30]
      [GC Worker Other (ms): Min: 0.0, Avg: 0.2, Max: 0.3, Diff: 0.3, Sum: 4.9]
      [GC Worker Total (ms): Min: 9.7, Avg: 10.0, Max: 10.6, Diff: 0.9, Sum: 300.8]
      [GC Worker End (ms): Min: 361588.3, Avg: 361588.4, Max: 361588.6, Diff: 0.3]
   [Code Root Fixup: 0.0 ms]
   [Code Root Purge: 0.0 ms]
   [Clear CT: 2.3 ms]
   [Other: 13.9 ms]
      [Choose CSet: 0.0 ms]
      [Ref Proc: 7.8 ms]
      [Ref Enq: 1.3 ms]
      [Redirty Cards: 2.7 ms]
      [Humongous Register: 0.3 ms]
      [Humongous Reclaim: 0.1 ms]
      [Free CSet: 1.4 ms]
   [Eden: 3932.0M(3932.0M)->0.0B(3924.0M) Survivors: 36.0M->40.0M Heap: 7028.7M(8192.0M)->3100.6M(8192.0M)]
 [Times: user=0.32 sys=0.00, real=0.03 secs]
2018-04-30T04:33:19.268+0200: 361.605: Total time for which application threads were stopped: 0.0281870 seconds, Stopping threads took: 0.0003338 seconds
2018-04-30T04:33:19.705+0200: 362.041: Application time: 0.4366274 seconds
2018-04-30T04:33:19.706+0200: 362.042: [GC pause (G1 Evacuation Pause) (young)
Desired survivor size 260046848 bytes, new threshold 15 (max 15)
- age   1:   11176584 bytes,   11176584 total
- age   2:    1940856 bytes,   13117440 total
- age   3:    1061600 bytes,   14179040 total
- age   4:    1129352 bytes,   15308392 total
- age   5:    1044272 bytes,   16352664 total
- age   6:    1134352 bytes,   17487016 total
- age   7:    1091384 bytes,   18578400 total
- age   8:    1124136 bytes,   19702536 total
- age   9:    1114016 bytes,   20816552 total
- age  10:    1087784 bytes,   21904336 total
- age  11:    1120976 bytes,   23025312 total
- age  12:    1085568 bytes,   24110880 total
- age  13:     818072 bytes,   24928952 total
- age  14:      10064 bytes,   24939016 total
- age  15:       3176 bytes,   24942192 total
, 0.0251338 secs]
   [Parallel Time: 10.1 ms, GC Workers: 30]
      [GC Worker Start (ms): Min: 362042.8, Avg: 362043.4, Max: 362043.9, Diff: 1.1]
      [Ext Root Scanning (ms): Min: 0.0, Avg: 0.4, Max: 1.3, Diff: 1.3, Sum: 13.4]
      [Update RS (ms): Min: 1.4, Avg: 2.0, Max: 2.4, Diff: 1.0, Sum: 59.3]
         [Processed Buffers: Min: 2, Avg: 2.8, Max: 11, Diff: 9, Sum: 84]
      [Scan RS (ms): Min: 0.0, Avg: 0.2, Max: 0.5, Diff: 0.4, Sum: 5.8]
      [Code Root Scanning (ms): Min: 0.0, Avg: 0.0, Max: 0.0, Diff: 0.0, Sum: 0.1]
      [Object Copy (ms): Min: 6.2, Avg: 6.5, Max: 6.7, Diff: 0.5, Sum: 194.3]
      [Termination (ms): Min: 0.0, Avg: 0.0, Max: 0.0, Diff: 0.0, Sum: 0.3]
         [Termination Attempts: Min: 1, Avg: 1.0, Max: 1, Diff: 0, Sum: 30]
      [GC Worker Other (ms): Min: 0.0, Avg: 0.2, Max: 0.3, Diff: 0.3, Sum: 4.8]
      [GC Worker Total (ms): Min: 8.7, Avg: 9.3, Max: 10.0, Diff: 1.3, Sum: 278.0]
      [GC Worker End (ms): Min: 362052.6, Avg: 362052.7, Max: 362052.9, Diff: 0.3]
   [Code Root Fixup: 0.0 ms]
   [Code Root Purge: 0.0 ms]
   [Clear CT: 2.6 ms]
   [Other: 12.4 ms]
      [Choose CSet: 0.0 ms]
      [Ref Proc: 7.3 ms]
      [Ref Enq: 1.1 ms]
      [Redirty Cards: 2.0 ms]
      [Humongous Register: 0.3 ms]
      [Humongous Reclaim: 0.1 ms]
      [Free CSet: 1.3 ms]
   [Eden: 3924.0M(3924.0M)->0.0B(3932.0M) Survivors: 40.0M->36.0M Heap: 7024.6M(8192.0M)->3094.5M(8192.0M)]
 [Times: user=0.29 sys=0.01, real=0.02 secs]
2018-04-30T04:33:19.731+0200: 362.068: Total time for which application threads were stopped: 0.0264378 seconds, Stopping threads took: 0.0003269 seconds
2018-04-30T04:33:20.184+0200: 362.520: Application time: 0.4523088 seconds
2018-04-30T04:33:20.184+0200: 362.521: [GC pause (G1 Evacuation Pause) (young)
Desired survivor size 260046848 bytes, new threshold 15 (max 15)
- age   1:    8516368 bytes,    8516368 total
- age   2:    1927904 bytes,   10444272 total
- age   3:    1935832 bytes,   12380104 total
- age   4:    1060032 bytes,   13440136 total
- age   5:    1127344 bytes,   14567480 total
- age   6:    1042544 bytes,   15610024 total
- age   7:    1133464 bytes,   16743488 total
- age   8:    1089536 bytes,   17833024 total
- age   9:    1123440 bytes,   18956464 total
- age  10:    1114016 bytes,   20070480 total
- age  11:    1085504 bytes,   21155984 total
- age  12:    1119648 bytes,   22275632 total
- age  13:     646840 bytes,   22922472 total
- age  14:     238488 bytes,   23160960 total
- age  15:      10064 bytes,   23171024 total
, 0.0186587 secs]
   [Parallel Time: 8.6 ms, GC Workers: 30]
      [GC Worker Start (ms): Min: 362521.2, Avg: 362521.5, Max: 362521.8, Diff: 0.7]
      [Ext Root Scanning (ms): Min: 0.0, Avg: 0.4, Max: 1.1, Diff: 1.1, Sum: 11.3]
      [Update RS (ms): Min: 1.2, Avg: 1.6, Max: 2.1, Diff: 0.9, Sum: 49.3]
         [Processed Buffers: Min: 1, Avg: 2.9, Max: 11, Diff: 10, Sum: 86]
      [Scan RS (ms): Min: 0.0, Avg: 0.1, Max: 0.4, Diff: 0.4, Sum: 4.3]
      [Code Root Scanning (ms): Min: 0.0, Avg: 0.0, Max: 0.0, Diff: 0.0, Sum: 0.0]
      [Object Copy (ms): Min: 5.5, Avg: 5.8, Max: 6.0, Diff: 0.5, Sum: 174.5]
      [Termination (ms): Min: 0.0, Avg: 0.0, Max: 0.0, Diff: 0.0, Sum: 0.1]
         [Termination Attempts: Min: 1, Avg: 1.0, Max: 1, Diff: 0, Sum: 30]
      [GC Worker Other (ms): Min: 0.0, Avg: 0.1, Max: 0.3, Diff: 0.3, Sum: 4.3]
      [GC Worker Total (ms): Min: 7.8, Avg: 8.1, Max: 8.5, Diff: 0.7, Sum: 243.9]
      [GC Worker End (ms): Min: 362529.5, Avg: 362529.6, Max: 362529.7, Diff: 0.3]
   [Code Root Fixup: 0.0 ms]
   [Code Root Purge: 0.0 ms]
   [Clear CT: 1.0 ms]
   [Other: 9.0 ms]
      [Choose CSet: 0.0 ms]
      [Ref Proc: 5.7 ms]
      [Ref Enq: 0.8 ms]
      [Redirty Cards: 1.0 ms]
      [Humongous Register: 0.3 ms]
      [Humongous Reclaim: 0.1 ms]
      [Free CSet: 1.0 ms]
   [Eden: 3932.0M(3932.0M)->0.0B(3932.0M) Survivors: 36.0M->36.0M Heap: 7026.5M(8192.0M)->3095.9M(8192.0M)]
 [Times: user=0.26 sys=0.00, real=0.01 secs]
2018-04-30T04:33:20.203+0200: 362.540: Total time for which application threads were stopped: 0.0196191 seconds, Stopping threads took: 0.0002211 seconds
2018-04-30T04:33:20.621+0200: 362.958: Application time: 0.4180365 seconds
2018-04-30T04:33:20.622+0200: 362.959: [GC pause (G1 Evacuation Pause) (young)
Desired survivor size 260046848 bytes, new threshold 15 (max 15)
- age   1:    9203592 bytes,    9203592 total
- age   2:    1041072 bytes,   10244664 total
- age   3:    1557240 bytes,   11801904 total
- age   4:    1930000 bytes,   13731904 total
- age   5:    1059136 bytes,   14791040 total
- age   6:    1126784 bytes,   15917824 total
- age   7:    1042160 bytes,   16959984 total
- age   8:    1133208 bytes,   18093192 total
- age   9:    1088832 bytes,   19182024 total
- age  10:    1123376 bytes,   20305400 total
- age  11:    1113696 bytes,   21419096 total
- age  12:    1085376 bytes,   22504472 total
- age  13:     749256 bytes,   23253728 total
- age  14:      21584 bytes,   23275312 total
- age  15:     238488 bytes,   23513800 total
, 0.0237194 secs]
   [Parallel Time: 9.9 ms, GC Workers: 30]
      [GC Worker Start (ms): Min: 362959.2, Avg: 362959.7, Max: 362960.1, Diff: 0.8]
      [Ext Root Scanning (ms): Min: 0.1, Avg: 0.4, Max: 1.3, Diff: 1.1, Sum: 13.3]
      [Update RS (ms): Min: 1.3, Avg: 1.7, Max: 2.2, Diff: 0.9, Sum: 52.2]
         [Processed Buffers: Min: 2, Avg: 2.6, Max: 12, Diff: 10, Sum: 79]
      [Scan RS (ms): Min: 0.0, Avg: 0.2, Max: 0.5, Diff: 0.4, Sum: 5.3]
      [Code Root Scanning (ms): Min: 0.0, Avg: 0.0, Max: 0.0, Diff: 0.0, Sum: 0.1]
      [Object Copy (ms): Min: 6.2, Avg: 6.5, Max: 6.7, Diff: 0.5, Sum: 195.5]
      [Termination (ms): Min: 0.0, Avg: 0.0, Max: 0.0, Diff: 0.0, Sum: 0.2]
         [Termination Attempts: Min: 1, Avg: 1.0, Max: 1, Diff: 0, Sum: 30]
      [GC Worker Other (ms): Min: 0.0, Avg: 0.2, Max: 0.3, Diff: 0.3, Sum: 5.1]
      [GC Worker Total (ms): Min: 8.6, Avg: 9.1, Max: 9.6, Diff: 0.9, Sum: 271.6]
      [GC Worker End (ms): Min: 362968.6, Avg: 362968.8, Max: 362968.9, Diff: 0.3]
   [Code Root Fixup: 0.0 ms]
   [Code Root Purge: 0.0 ms]
   [Clear CT: 1.7 ms]
   [Other: 12.1 ms]
      [Choose CSet: 0.0 ms]
      [Ref Proc: 6.8 ms]
      [Ref Enq: 1.1 ms]
      [Redirty Cards: 2.6 ms]
      [Humongous Register: 0.3 ms]
      [Humongous Reclaim: 0.1 ms]
      [Free CSet: 1.1 ms]
   [Eden: 3932.0M(3932.0M)->0.0B(3932.0M) Survivors: 36.0M->36.0M Heap: 7027.9M(8192.0M)->3097.7M(8192.0M)]
 [Times: user=0.29 sys=0.00, real=0.03 secs]
2018-04-30T04:33:20.646+0200: 362.983: Total time for which application threads were stopped: 0.0250466 seconds, Stopping threads took: 0.0005257 seconds
2018-04-30T04:33:21.150+0200: 363.486: Application time: 0.5037032 seconds
2018-04-30T04:33:21.151+0200: 363.487: [GC pause (G1 Evacuation Pause) (young)
Desired survivor size 260046848 bytes, new threshold 15 (max 15)
- age   1:   11180352 bytes,   11180352 total
- age   2:    1291176 bytes,   12471528 total
- age   3:    1037968 bytes,   13509496 total
- age   4:    1551384 bytes,   15060880 total
- age   5:    1923504 bytes,   16984384 total
- age   6:    1059008 bytes,   18043392 total
- age   7:    1126384 bytes,   19169776 total
- age   8:    1042096 bytes,   20211872 total
- age   9:    1133016 bytes,   21344888 total
- age  10:    1088576 bytes,   22433464 total
- age  11:    1123312 bytes,   23556776 total
- age  12:    1113696 bytes,   24670472 total
- age  13:     804400 bytes,   25474872 total
- age  14:       9416 bytes,   25484288 total
- age  15:      21584 bytes,   25505872 total
, 0.0248301 secs]
   [Parallel Time: 9.9 ms, GC Workers: 30]
      [GC Worker Start (ms): Min: 363487.9, Avg: 363488.4, Max: 363488.8, Diff: 0.9]
      [Ext Root Scanning (ms): Min: 0.1, Avg: 0.5, Max: 1.3, Diff: 1.1, Sum: 16.1]
      [Update RS (ms): Min: 1.3, Avg: 2.1, Max: 2.9, Diff: 1.6, Sum: 61.6]
         [Processed Buffers: Min: 1, Avg: 2.6, Max: 12, Diff: 11, Sum: 79]
      [Scan RS (ms): Min: 0.0, Avg: 0.2, Max: 0.6, Diff: 0.6, Sum: 5.6]
      [Code Root Scanning (ms): Min: 0.0, Avg: 0.0, Max: 0.0, Diff: 0.0, Sum: 0.1]
      [Object Copy (ms): Min: 5.5, Avg: 6.2, Max: 6.6, Diff: 1.1, Sum: 186.3]
      [Termination (ms): Min: 0.0, Avg: 0.0, Max: 0.0, Diff: 0.0, Sum: 0.3]
         [Termination Attempts: Min: 1, Avg: 1.0, Max: 1, Diff: 0, Sum: 30]
      [GC Worker Other (ms): Min: 0.0, Avg: 0.2, Max: 0.3, Diff: 0.3, Sum: 5.0]
      [GC Worker Total (ms): Min: 8.7, Avg: 9.2, Max: 9.8, Diff: 1.1, Sum: 274.9]
      [GC Worker End (ms): Min: 363497.4, Avg: 363497.6, Max: 363497.7, Diff: 0.3]
   [Code Root Fixup: 0.0 ms]
   [Code Root Purge: 0.0 ms]
   [Clear CT: 2.2 ms]
   [Other: 12.8 ms]
      [Choose CSet: 0.0 ms]
      [Ref Proc: 7.0 ms]
      [Ref Enq: 1.1 ms]
      [Redirty Cards: 2.4 ms]
      [Humongous Register: 0.4 ms]
      [Humongous Reclaim: 0.1 ms]
      [Free CSet: 1.6 ms]
   [Eden: 3932.0M(3932.0M)->0.0B(3940.0M) Survivors: 36.0M->32.0M Heap: 7029.7M(8192.0M)->3092.0M(8192.0M)]
 [Times: user=0.30 sys=0.00, real=0.03 secs]
2018-04-30T04:33:21.176+0200: 363.513: Total time for which application threads were stopped: 0.0260313 seconds, Stopping threads took: 0.0002727 seconds
2018-04-30T04:33:21.726+0200: 364.063: Application time: 0.5500647 seconds
2018-04-30T04:33:21.727+0200: 364.063: [GC pause (G1 Evacuation Pause) (young)
Desired survivor size 262144000 bytes, new threshold 15 (max 15)
- age   1:    7517264 bytes,    7517264 total
- age   2:    1352168 bytes,    8869432 total
- age   3:    1286376 bytes,   10155808 total
- age   4:    1037456 bytes,   11193264 total
- age   5:    1551096 bytes,   12744360 total
- age   6:    1918928 bytes,   14663288 total
- age   7:    1059008 bytes,   15722296 total
- age   8:    1126256 bytes,   16848552 total
- age   9:    1042096 bytes,   17890648 total
- age  10:    1132952 bytes,   19023600 total
- age  11:    1088448 bytes,   20112048 total
- age  12:    1123248 bytes,   21235296 total
- age  13:     946960 bytes,   22182256 total
- age  14:       6560 bytes,   22188816 total
- age  15:       9416 bytes,   22198232 total
, 0.0252669 secs]
   [Parallel Time: 10.2 ms, GC Workers: 30]
      [GC Worker Start (ms): Min: 364063.9, Avg: 364064.4, Max: 364065.0, Diff: 1.1]
      [Ext Root Scanning (ms): Min: 0.0, Avg: 0.5, Max: 1.3, Diff: 1.3, Sum: 14.0]
      [Update RS (ms): Min: 1.2, Avg: 1.9, Max: 2.5, Diff: 1.3, Sum: 56.5]
         [Processed Buffers: Min: 1, Avg: 2.3, Max: 9, Diff: 8, Sum: 68]
      [Scan RS (ms): Min: 0.0, Avg: 0.2, Max: 0.7, Diff: 0.6, Sum: 6.0]
      [Code Root Scanning (ms): Min: 0.0, Avg: 0.0, Max: 0.0, Diff: 0.0, Sum: 0.1]
      [Object Copy (ms): Min: 6.2, Avg: 6.6, Max: 7.0, Diff: 0.8, Sum: 197.9]
      [Termination (ms): Min: 0.0, Avg: 0.0, Max: 0.0, Diff: 0.0, Sum: 0.3]
         [Termination Attempts: Min: 1, Avg: 1.0, Max: 1, Diff: 0, Sum: 30]
      [GC Worker Other (ms): Min: 0.0, Avg: 0.2, Max: 0.4, Diff: 0.3, Sum: 5.2]
      [GC Worker Total (ms): Min: 8.7, Avg: 9.3, Max: 10.0, Diff: 1.3, Sum: 279.9]
      [GC Worker End (ms): Min: 364073.6, Avg: 364073.7, Max: 364073.9, Diff: 0.3]
   [Code Root Fixup: 0.0 ms]
   [Code Root Purge: 0.0 ms]
   [Clear CT: 2.6 ms]
   [Other: 12.5 ms]
      [Choose CSet: 0.0 ms]
      [Ref Proc: 6.7 ms]
      [Ref Enq: 1.0 ms]
      [Redirty Cards: 2.7 ms]
      [Humongous Register: 0.3 ms]
      [Humongous Reclaim: 0.1 ms]
      [Free CSet: 1.4 ms]
   [Eden: 3940.0M(3940.0M)->0.0B(3932.0M) Survivors: 32.0M->36.0M Heap: 7032.0M(8192.0M)->3096.2M(8192.0M)]
 [Times: user=0.30 sys=0.00, real=0.03 secs]
2018-04-30T04:33:21.753+0200: 364.089: Total time for which application threads were stopped: 0.0263357 seconds, Stopping threads took: 0.0001922 seconds
2018-04-30T04:33:22.343+0200: 364.680: Application time: 0.5908240 seconds
2018-04-30T04:33:22.344+0200: 364.681: [GC pause (G1 Evacuation Pause) (young)
Desired survivor size 260046848 bytes, new threshold 15 (max 15)
- age   1:    8858520 bytes,    8858520 total
- age   2:    1210816 bytes,   10069336 total
- age   3:    1344552 bytes,   11413888 total
- age   4:    1284032 bytes,   12697920 total
- age   5:    1036616 bytes,   13734536 total
- age   6:    1550888 bytes,   15285424 total
- age   7:    1914992 bytes,   17200416 total
- age   8:    1058624 bytes,   18259040 total
- age   9:    1126128 bytes,   19385168 total
- age  10:    1042096 bytes,   20427264 total
- age  11:    1132952 bytes,   21560216 total
- age  12:    1088448 bytes,   22648664 total
- age  13:    1123248 bytes,   23771912 total
- age  14:     122392 bytes,   23894304 total
- age  15:       6560 bytes,   23900864 total
, 0.0245095 secs]
   [Parallel Time: 10.9 ms, GC Workers: 30]
      [GC Worker Start (ms): Min: 364681.1, Avg: 364681.7, Max: 364682.2, Diff: 1.1]
      [Ext Root Scanning (ms): Min: 0.0, Avg: 0.5, Max: 1.2, Diff: 1.2, Sum: 13.8]
      [Update RS (ms): Min: 1.2, Avg: 1.8, Max: 2.9, Diff: 1.8, Sum: 54.8]
         [Processed Buffers: Min: 1, Avg: 2.4, Max: 11, Diff: 10, Sum: 72]
      [Scan RS (ms): Min: 0.0, Avg: 0.2, Max: 0.6, Diff: 0.5, Sum: 6.1]
      [Code Root Scanning (ms): Min: 0.0, Avg: 0.0, Max: 0.0, Diff: 0.0, Sum: 0.1]
      [Object Copy (ms): Min: 6.0, Avg: 7.1, Max: 7.4, Diff: 1.3, Sum: 211.6]
      [Termination (ms): Min: 0.0, Avg: 0.0, Max: 0.0, Diff: 0.0, Sum: 0.4]
         [Termination Attempts: Min: 1, Avg: 1.0, Max: 1, Diff: 0, Sum: 30]
      [GC Worker Other (ms): Min: 0.0, Avg: 0.2, Max: 0.3, Diff: 0.3, Sum: 5.0]
      [GC Worker Total (ms): Min: 9.2, Avg: 9.7, Max: 10.4, Diff: 1.2, Sum: 291.7]
      [GC Worker End (ms): Min: 364691.3, Avg: 364691.4, Max: 364691.6, Diff: 0.3]
   [Code Root Fixup: 0.0 ms]
   [Code Root Purge: 0.0 ms]
   [Clear CT: 2.0 ms]
   [Other: 11.6 ms]
      [Choose CSet: 0.0 ms]
      [Ref Proc: 6.4 ms]
      [Ref Enq: 1.0 ms]
      [Redirty Cards: 2.1 ms]
      [Humongous Register: 0.3 ms]
      [Humongous Reclaim: 0.1 ms]
      [Free CSet: 1.5 ms]
   [Eden: 3932.0M(3932.0M)->0.0B(3932.0M) Survivors: 36.0M->36.0M Heap: 7028.2M(8192.0M)->3096.3M(8192.0M)]
 [Times: user=0.30 sys=0.00, real=0.02 secs]
2018-04-30T04:33:22.369+0200: 364.705: Total time for which application threads were stopped: 0.0256239 seconds, Stopping threads took: 0.0002740 seconds
2018-04-30T04:33:23.102+0200: 365.439: Application time: 0.7334476 seconds
2018-04-30T04:33:23.103+0200: 365.440: [GC pause (G1 Evacuation Pause) (young)
Desired survivor size 260046848 bytes, new threshold 15 (max 15)
- age   1:    8880720 bytes,    8880720 total
- age   2:     845248 bytes,    9725968 total
- age   3:     981304 bytes,   10707272 total
- age   4:    1170440 bytes,   11877712 total
- age   5:    1275288 bytes,   13153000 total
- age   6:    1034264 bytes,   14187264 total
- age   7:    1550888 bytes,   15738152 total
- age   8:    1912608 bytes,   17650760 total
- age   9:    1058560 bytes,   18709320 total
- age  10:    1126128 bytes,   19835448 total
- age  11:    1042032 bytes,   20877480 total
- age  12:    1132952 bytes,   22010432 total
- age  13:    1088448 bytes,   23098880 total
- age  14:     472352 bytes,   23571232 total
- age  15:       6928 bytes,   23578160 total
, 0.0265397 secs]
   [Parallel Time: 11.4 ms, GC Workers: 30]
      [GC Worker Start (ms): Min: 365440.3, Avg: 365440.9, Max: 365441.4, Diff: 1.1]
      [Ext Root Scanning (ms): Min: 0.0, Avg: 0.4, Max: 1.4, Diff: 1.4, Sum: 13.1]
      [Update RS (ms): Min: 1.2, Avg: 2.0, Max: 3.1, Diff: 1.9, Sum: 59.2]
         [Processed Buffers: Min: 1, Avg: 2.2, Max: 9, Diff: 8, Sum: 65]
      [Scan RS (ms): Min: 0.0, Avg: 0.2, Max: 0.6, Diff: 0.6, Sum: 7.1]
      [Code Root Scanning (ms): Min: 0.0, Avg: 0.0, Max: 0.0, Diff: 0.0, Sum: 0.1]
      [Object Copy (ms): Min: 6.5, Avg: 7.4, Max: 7.9, Diff: 1.4, Sum: 222.7]
      [Termination (ms): Min: 0.0, Avg: 0.0, Max: 0.0, Diff: 0.0, Sum: 0.2]
         [Termination Attempts: Min: 1, Avg: 1.0, Max: 1, Diff: 0, Sum: 30]
      [GC Worker Other (ms): Min: 0.0, Avg: 0.2, Max: 0.4, Diff: 0.3, Sum: 5.3]
      [GC Worker Total (ms): Min: 9.5, Avg: 10.3, Max: 11.0, Diff: 1.4, Sum: 307.7]
      [GC Worker End (ms): Min: 365451.0, Avg: 365451.1, Max: 365451.3, Diff: 0.3]
   [Code Root Fixup: 0.0 ms]
   [Code Root Purge: 0.0 ms]
   [Clear CT: 1.8 ms]
   [Other: 13.4 ms]
      [Choose CSet: 0.0 ms]
      [Ref Proc: 7.6 ms]
      [Ref Enq: 1.3 ms]
      [Redirty Cards: 2.2 ms]
      [Humongous Register: 0.4 ms]
      [Humongous Reclaim: 0.1 ms]
      [Free CSet: 1.6 ms]
   [Eden: 3932.0M(3932.0M)->0.0B(3932.0M) Survivors: 36.0M->36.0M Heap: 7028.3M(8192.0M)->3097.8M(8192.0M)]
 [Times: user=0.33 sys=0.01, real=0.03 secs]
2018-04-30T04:33:23.130+0200: 365.467: Total time for which application threads were stopped: 0.0276767 seconds, Stopping threads took: 0.0001886 seconds
2018-04-30T04:33:24.080+0200: 366.416: Application time: 0.9494497 seconds
2018-04-30T04:33:24.080+0200: 366.417: [GC pause (G1 Evacuation Pause) (young)
Desired survivor size 260046848 bytes, new threshold 15 (max 15)
- age   1:   10799976 bytes,   10799976 total
- age   2:     790240 bytes,   11590216 total
- age   3:     834808 bytes,   12425024 total
- age   4:     975720 bytes,   13400744 total
- age   5:    1027264 bytes,   14428008 total
- age   6:    1008336 bytes,   15436344 total
- age   7:    1034232 bytes,   16470576 total
- age   8:    1515208 bytes,   17985784 total
- age   9:    1905560 bytes,   19891344 total
- age  10:    1058560 bytes,   20949904 total
- age  11:    1126128 bytes,   22076032 total
- age  12:    1042032 bytes,   23118064 total
- age  13:    1132888 bytes,   24250952 total
- age  14:     690920 bytes,   24941872 total
- age  15:      17840 bytes,   24959712 total
, 0.0215478 secs]
   [Parallel Time: 9.4 ms, GC Workers: 30]
      [GC Worker Start (ms): Min: 366417.1, Avg: 366417.7, Max: 366418.3, Diff: 1.2]
      [Ext Root Scanning (ms): Min: 0.0, Avg: 0.4, Max: 1.2, Diff: 1.2, Sum: 13.3]
      [Update RS (ms): Min: 1.0, Avg: 1.8, Max: 3.0, Diff: 2.0, Sum: 53.2]
         [Processed Buffers: Min: 1, Avg: 2.1, Max: 7, Diff: 6, Sum: 64]
      [Scan RS (ms): Min: 0.0, Avg: 0.2, Max: 0.6, Diff: 0.6, Sum: 7.1]
      [Code Root Scanning (ms): Min: 0.0, Avg: 0.0, Max: 0.0, Diff: 0.0, Sum: 0.1]
      [Object Copy (ms): Min: 4.6, Avg: 5.7, Max: 6.2, Diff: 1.5, Sum: 171.2]
      [Termination (ms): Min: 0.0, Avg: 0.0, Max: 0.0, Diff: 0.0, Sum: 0.4]
         [Termination Attempts: Min: 1, Avg: 1.4, Max: 3, Diff: 2, Sum: 42]
      [GC Worker Other (ms): Min: 0.0, Avg: 0.2, Max: 0.4, Diff: 0.4, Sum: 6.3]
      [GC Worker Total (ms): Min: 7.8, Avg: 8.4, Max: 9.1, Diff: 1.3, Sum: 251.5]
      [GC Worker End (ms): Min: 366425.9, Avg: 366426.1, Max: 366426.3, Diff: 0.4]
   [Code Root Fixup: 0.0 ms]
   [Code Root Purge: 0.0 ms]
   [Clear CT: 2.1 ms]
   [Other: 10.0 ms]
      [Choose CSet: 0.0 ms]
      [Ref Proc: 5.3 ms]
      [Ref Enq: 0.8 ms]
      [Redirty Cards: 2.0 ms]
      [Humongous Register: 0.3 ms]
      [Humongous Reclaim: 0.1 ms]
      [Free CSet: 1.3 ms]
   [Eden: 3932.0M(3932.0M)->0.0B(3940.0M) Survivors: 36.0M->32.0M Heap: 7029.8M(8192.0M)->3091.7M(8192.0M)]
 [Times: user=0.27 sys=0.01, real=0.02 secs]
2018-04-30T04:33:24.102+0200: 366.438: Total time for which application threads were stopped: 0.0224858 seconds, Stopping threads took: 0.0001487 seconds
2018-04-30T04:33:25.875+0200: 368.211: Application time: 1.7724404 seconds
2018-04-30T04:33:25.875+0200: 368.212: Total time for which application threads were stopped: 0.0007640 seconds, Stopping threads took: 0.0001506 seconds
2018-04-30T04:33:25.973+0200: 368.309: Application time: 0.0978235 seconds
2018-04-30T04:33:25.974+0200: 368.310: Total time for which application threads were stopped: 0.0005853 seconds, Stopping threads took: 0.0000992 seconds
2018-04-30T04:33:25.974+0200: 368.310: Application time: 0.0001827 seconds
2018-04-30T04:33:25.974+0200: 368.311: Total time for which application threads were stopped: 0.0003297 seconds, Stopping threads took: 0.0000197 seconds
2018-04-30T04:33:25.974+0200: 368.311: Application time: 0.0000655 seconds
2018-04-30T04:33:25.975+0200: 368.311: Total time for which application threads were stopped: 0.0003218 seconds, Stopping threads took: 0.0000176 seconds
2018-04-30T04:33:25.975+0200: 368.311: Application time: 0.0000494 seconds
2018-04-30T04:33:25.975+0200: 368.311: Total time for which application threads were stopped: 0.0003227 seconds, Stopping threads took: 0.0000168 seconds
2018-04-30T04:33:25.975+0200: 368.311: Application time: 0.0000606 seconds
2018-04-30T04:33:25.975+0200: 368.312: Total time for which application threads were stopped: 0.0003205 seconds, Stopping threads took: 0.0000167 seconds
2018-04-30T04:33:25.976+0200: 368.312: Application time: 0.0000844 seconds
2018-04-30T04:33:25.976+0200: 368.312: Total time for which application threads were stopped: 0.0003204 seconds, Stopping threads took: 0.0000168 seconds
2018-04-30T04:33:25.976+0200: 368.312: Application time: 0.0000493 seconds
2018-04-30T04:33:25.976+0200: 368.313: Total time for which application threads were stopped: 0.0003211 seconds, Stopping threads took: 0.0000167 seconds
2018-04-30T04:33:25.976+0200: 368.313: Application time: 0.0000485 seconds
2018-04-30T04:33:25.977+0200: 368.313: Total time for which application threads were stopped: 0.0003215 seconds, Stopping threads took: 0.0000168 seconds
2018-04-30T04:33:25.977+0200: 368.313: Application time: 0.0000485 seconds
2018-04-30T04:33:25.977+0200: 368.313: Total time for which application threads were stopped: 0.0003215 seconds, Stopping threads took: 0.0000170 seconds
2018-04-30T04:33:25.977+0200: 368.313: Application time: 0.0000597 seconds
2018-04-30T04:33:25.977+0200: 368.314: Total time for which application threads were stopped: 0.0003206 seconds, Stopping threads took: 0.0000166 seconds
2018-04-30T04:33:25.977+0200: 368.314: Application time: 0.0000482 seconds
2018-04-30T04:33:25.978+0200: 368.314: Total time for which application threads were stopped: 0.0003214 seconds, Stopping threads took: 0.0000166 seconds
2018-04-30T04:33:25.978+0200: 368.314: Application time: 0.0000487 seconds
2018-04-30T04:33:25.978+0200: 368.314: Total time for which application threads were stopped: 0.0003215 seconds, Stopping threads took: 0.0000167 seconds
2018-04-30T04:33:25.978+0200: 368.314: Application time: 0.0000546 seconds
2018-04-30T04:33:25.978+0200: 368.315: Total time for which application threads were stopped: 0.0003217 seconds, Stopping threads took: 0.0000168 seconds
2018-04-30T04:33:25.979+0200: 368.315: Application time: 0.0000542 seconds
2018-04-30T04:33:25.979+0200: 368.315: Total time for which application threads were stopped: 0.0003213 seconds, Stopping threads took: 0.0000167 seconds
2018-04-30T04:33:25.979+0200: 368.315: Application time: 0.0000490 seconds
2018-04-30T04:33:25.979+0200: 368.316: Total time for which application threads were stopped: 0.0003210 seconds, Stopping threads took: 0.0000166 seconds
2018-04-30T04:33:25.979+0200: 368.316: Application time: 0.0000593 seconds
2018-04-30T04:33:25.980+0200: 368.316: Total time for which application threads were stopped: 0.0003535 seconds, Stopping threads took: 0.0000168 seconds
2018-04-30T04:33:25.980+0200: 368.316: Application time: 0.0000559 seconds
2018-04-30T04:33:25.980+0200: 368.316: Total time for which application threads were stopped: 0.0003146 seconds, Stopping threads took: 0.0000171 seconds
2018-04-30T04:33:25.980+0200: 368.316: Application time: 0.0000476 seconds
2018-04-30T04:33:25.980+0200: 368.317: Total time for which application threads were stopped: 0.0003194 seconds, Stopping threads took: 0.0000163 seconds
2018-04-30T04:33:25.980+0200: 368.317: Application time: 0.0000473 seconds
2018-04-30T04:33:25.981+0200: 368.317: Total time for which application threads were stopped: 0.0003212 seconds, Stopping threads took: 0.0000165 seconds
2018-04-30T04:33:25.981+0200: 368.317: Application time: 0.0000482 seconds
2018-04-30T04:33:25.981+0200: 368.318: Total time for which application threads were stopped: 0.0004624 seconds, Stopping threads took: 0.0000164 seconds
2018-04-30T04:33:25.982+0200: 368.319: Application time: 0.0008628 seconds
2018-04-30T04:33:25.983+0200: 368.319: Total time for which application threads were stopped: 0.0005089 seconds, Stopping threads took: 0.0001994 seconds
2018-04-30T04:33:25.984+0200: 368.320: Application time: 0.0008996 seconds
2018-04-30T04:33:25.984+0200: 368.320: Total time for which application threads were stopped: 0.0004193 seconds, Stopping threads took: 0.0000960 seconds
2018-04-30T04:33:26.984+0200: 369.320: Application time: 1.0001528 seconds
2018-04-30T04:33:26.985+0200: 369.321: Total time for which application threads were stopped: 0.0004478 seconds, Stopping threads took: 0.0001002 seconds
2018-04-30T04:33:31.190+0200: 373.526: Application time: 4.2051280 seconds
2018-04-30T04:33:31.190+0200: 373.527: Total time for which application threads were stopped: 0.0005709 seconds, Stopping threads took: 0.0001518 seconds
2018-04-30T04:33:31.213+0200: 373.549: Application time: 0.0228282 seconds
2018-04-30T04:33:31.215+0200: 373.552: Total time for which application threads were stopped: 0.0020676 seconds, Stopping threads took: 0.0001495 seconds
2018-04-30T04:33:31.268+0200: 373.604: Application time: 0.0523112 seconds
2018-04-30T04:33:31.268+0200: 373.604: Total time for which application threads were stopped: 0.0005585 seconds, Stopping threads took: 0.0001257 seconds
2018-04-30T04:33:31.378+0200: 373.715: Application time: 0.1103362 seconds
2018-04-30T04:33:31.379+0200: 373.715: [GC pause (G1 Humongous Allocation) (young) (initial-mark)
Desired survivor size 262144000 bytes, new threshold 15 (max 15)
- age   1:    4911688 bytes,    4911688 total
- age   2:    1143256 bytes,    6054944 total
- age   3:     787648 bytes,    6842592 total
- age   4:     833776 bytes,    7676368 total
- age   5:     975272 bytes,    8651640 total
- age   6:    1026624 bytes,    9678264 total
- age   7:    1007952 bytes,   10686216 total
- age   8:    1034136 bytes,   11720352 total
- age   9:    1515208 bytes,   13235560 total
- age  10:    1901528 bytes,   15137088 total
- age  11:    1058560 bytes,   16195648 total
- age  12:    1126128 bytes,   17321776 total
- age  13:    1042032 bytes,   18363808 total
- age  14:    1068968 bytes,   19432776 total
- age  15:       8000 bytes,   19440776 total
, 0.0267251 secs]
   [Parallel Time: 13.0 ms, GC Workers: 30]
      [GC Worker Start (ms): Min: 373716.6, Avg: 373717.3, Max: 373718.0, Diff: 1.4]
      [Ext Root Scanning (ms): Min: 1.5, Avg: 2.1, Max: 3.5, Diff: 2.0, Sum: 62.6]
      [Update RS (ms): Min: 0.7, Avg: 1.9, Max: 5.0, Diff: 4.3, Sum: 57.5]
         [Processed Buffers: Min: 1, Avg: 2.2, Max: 5, Diff: 4, Sum: 66]
      [Scan RS (ms): Min: 0.0, Avg: 0.2, Max: 0.6, Diff: 0.6, Sum: 7.0]
      [Code Root Scanning (ms): Min: 0.0, Avg: 0.0, Max: 0.0, Diff: 0.0, Sum: 0.1]
      [Object Copy (ms): Min: 4.7, Avg: 7.3, Max: 7.8, Diff: 3.1, Sum: 217.6]
      [Termination (ms): Min: 0.0, Avg: 0.1, Max: 0.1, Diff: 0.1, Sum: 1.8]
         [Termination Attempts: Min: 1, Avg: 14.6, Max: 22, Diff: 21, Sum: 437]
      [GC Worker Other (ms): Min: 0.0, Avg: 0.2, Max: 0.3, Diff: 0.3, Sum: 5.1]
      [GC Worker Total (ms): Min: 11.0, Avg: 11.7, Max: 12.6, Diff: 1.6, Sum: 351.7]
      [GC Worker End (ms): Min: 373728.9, Avg: 373729.1, Max: 373729.2, Diff: 0.3]
   [Code Root Fixup: 0.0 ms]
   [Code Root Purge: 0.0 ms]
   [Clear CT: 2.8 ms]
   [Other: 10.9 ms]
      [Choose CSet: 0.0 ms]
      [Ref Proc: 4.9 ms]
      [Ref Enq: 0.7 ms]
      [Redirty Cards: 3.1 ms]
      [Humongous Register: 0.5 ms]
      [Humongous Reclaim: 0.1 ms]
      [Free CSet: 1.2 ms]
   [Eden: 3400.0M(3940.0M)->0.0B(3620.0M) Survivors: 32.0M->32.0M Heap: 6647.7M(8192.0M)->3250.9M(8192.0M)]
 [Times: user=0.32 sys=0.01, real=0.03 secs]
2018-04-30T04:33:31.406+0200: 373.742: [GC concurrent-root-region-scan-start]
2018-04-30T04:33:31.406+0200: 373.743: Total time for which application threads were stopped: 0.0277427 seconds, Stopping threads took: 0.0001159 seconds
2018-04-30T04:33:31.407+0200: 373.743: Application time: 0.0008133 seconds
2018-04-30T04:33:31.408+0200: 373.744: Total time for which application threads were stopped: 0.0005884 seconds, Stopping threads took: 0.0000687 seconds
2018-04-30T04:33:31.411+0200: 373.748: [GC concurrent-root-region-scan-end, 0.0052425 secs]
2018-04-30T04:33:31.411+0200: 373.748: [GC concurrent-mark-start]
2018-04-30T04:33:32.667+0200: 375.003: Application time: 1.2590535 seconds
2018-04-30T04:33:32.667+0200: 375.004: Total time for which application threads were stopped: 0.0005899 seconds, Stopping threads took: 0.0001637 seconds
2018-04-30T04:33:32.667+0200: 375.004: [GC concurrent-mark-reset-for-overflow]
2018-04-30T04:33:32.904+0200: 375.240: [GC concurrent-mark-end, 1.4924348 secs]
2018-04-30T04:33:32.904+0200: 375.240: Application time: 0.2367581 seconds
2018-04-30T04:33:32.905+0200: 375.241: [GC remark 2018-04-30T04:33:32.905+0200: 375.241: [Finalize Marking, 0.0015465 secs] 2018-04-30T04:33:32.906+0200: 375.243: [GC ref-proc, 0.0029948 secs] 2018-04-30T04:33:32.909+0200: 375.246: [Unloading, 0.0146118 secs], 0.0217806 secs]
 [Times: user=0.35 sys=0.01, real=0.02 secs]
2018-04-30T04:33:32.926+0200: 375.263: Total time for which application threads were stopped: 0.0224826 seconds, Stopping threads took: 0.0001561 seconds
2018-04-30T04:33:32.927+0200: 375.263: Application time: 0.0000727 seconds
2018-04-30T04:33:32.927+0200: 375.263: [GC cleanup 3472M->3357M(8192M), 0.0038314 secs]
 [Times: user=0.04 sys=0.00, real=0.00 secs]
2018-04-30T04:33:32.931+0200: 375.267: Total time for which application threads were stopped: 0.0044273 seconds, Stopping threads took: 0.0000817 seconds
2018-04-30T04:33:32.931+0200: 375.267: [GC concurrent-cleanup-start]
2018-04-30T04:33:32.931+0200: 375.267: [GC concurrent-cleanup-end, 0.0000695 secs]
2018-04-30T04:33:33.931+0200: 376.267: Application time: 1.0001540 seconds
2018-04-30T04:33:33.932+0200: 376.268: Total time for which application threads were stopped: 0.0005700 seconds, Stopping threads took: 0.0001284 seconds
2018-04-30T04:33:34.932+0200: 377.268: Application time: 1.0000956 seconds
2018-04-30T04:33:34.932+0200: 377.269: Total time for which application threads were stopped: 0.0005272 seconds, Stopping threads took: 0.0001231 seconds
2018-04-30T04:33:36.933+0200: 379.269: Application time: 2.0003089 seconds
2018-04-30T04:33:36.933+0200: 379.270: Total time for which application threads were stopped: 0.0005889 seconds, Stopping threads took: 0.0001673 seconds
2018-04-30T04:33:39.934+0200: 382.270: Application time: 3.0003946 seconds
2018-04-30T04:33:39.934+0200: 382.271: Total time for which application threads were stopped: 0.0005464 seconds, Stopping threads took: 0.0001408 seconds
2018-04-30T04:33:40.796+0200: 383.133: Application time: 0.8620839 seconds
2018-04-30T04:33:40.797+0200: 383.133: Total time for which application threads were stopped: 0.0004781 seconds, Stopping threads took: 0.0001391 seconds
2018-04-30T04:33:40.807+0200: 383.143: Application time: 0.0099605 seconds
2018-04-30T04:33:40.807+0200: 383.144: Total time for which application threads were stopped: 0.0007437 seconds, Stopping threads took: 0.0002173 seconds
2018-04-30T04:33:40.808+0200: 383.144: Application time: 0.0000725 seconds
2018-04-30T04:33:40.808+0200: 383.144: Total time for which application threads were stopped: 0.0004594 seconds, Stopping threads took: 0.0000807 seconds
2018-04-30T04:33:40.808+0200: 383.144: Application time: 0.0000976 seconds
2018-04-30T04:33:40.809+0200: 383.145: Total time for which application threads were stopped: 0.0004097 seconds, Stopping threads took: 0.0001016 seconds
2018-04-30T04:33:40.810+0200: 383.147: Application time: 0.0018108 seconds
2018-04-30T04:33:40.811+0200: 383.147: Total time for which application threads were stopped: 0.0003794 seconds, Stopping threads took: 0.0001872 seconds
2018-04-30T04:33:40.814+0200: 383.150: Application time: 0.0030462 seconds
2018-04-30T04:33:40.814+0200: 383.151: Total time for which application threads were stopped: 0.0003953 seconds, Stopping threads took: 0.0001304 seconds
2018-04-30T04:33:40.814+0200: 383.151: Application time: 0.0000785 seconds
2018-04-30T04:33:40.815+0200: 383.151: Total time for which application threads were stopped: 0.0004939 seconds, Stopping threads took: 0.0001030 seconds
2018-04-30T04:33:40.815+0200: 383.151: Application time: 0.0001531 seconds
2018-04-30T04:33:40.815+0200: 383.152: Total time for which application threads were stopped: 0.0004987 seconds, Stopping threads took: 0.0000974 seconds
2018-04-30T04:33:40.816+0200: 383.152: Application time: 0.0001626 seconds
2018-04-30T04:33:40.816+0200: 383.152: Total time for which application threads were stopped: 0.0005573 seconds, Stopping threads took: 0.0001590 seconds
2018-04-30T04:33:40.816+0200: 383.153: Application time: 0.0000692 seconds
2018-04-30T04:33:40.817+0200: 383.153: Total time for which application threads were stopped: 0.0004300 seconds, Stopping threads took: 0.0000695 seconds
2018-04-30T04:33:40.817+0200: 383.153: Application time: 0.0000550 seconds
2018-04-30T04:33:40.817+0200: 383.154: Total time for which application threads were stopped: 0.0004546 seconds, Stopping threads took: 0.0000969 seconds
2018-04-30T04:33:40.817+0200: 383.154: Application time: 0.0000465 seconds
2018-04-30T04:33:40.818+0200: 383.154: Total time for which application threads were stopped: 0.0004491 seconds, Stopping threads took: 0.0000838 seconds
2018-04-30T04:33:40.818+0200: 383.154: Application time: 0.0001212 seconds
2018-04-30T04:33:40.818+0200: 383.155: Total time for which application threads were stopped: 0.0005099 seconds, Stopping threads took: 0.0001000 seconds
2018-04-30T04:33:40.819+0200: 383.155: Application time: 0.0001547 seconds
2018-04-30T04:33:40.819+0200: 383.155: Total time for which application threads were stopped: 0.0005915 seconds, Stopping threads took: 0.0001979 seconds
2018-04-30T04:33:40.819+0200: 383.155: Application time: 0.0000523 seconds
2018-04-30T04:33:40.820+0200: 383.156: Total time for which application threads were stopped: 0.0005204 seconds, Stopping threads took: 0.0001131 seconds
2018-04-30T04:33:40.820+0200: 383.156: Application time: 0.0000569 seconds
2018-04-30T04:33:40.820+0200: 383.156: Total time for which application threads were stopped: 0.0002864 seconds, Stopping threads took: 0.0000591 seconds
2018-04-30T04:33:40.835+0200: 383.171: Application time: 0.0146593 seconds
2018-04-30T04:33:40.835+0200: 383.172: Total time for which application threads were stopped: 0.0006587 seconds, Stopping threads took: 0.0002016 seconds
2018-04-30T04:33:40.835+0200: 383.172: Application time: 0.0000556 seconds
2018-04-30T04:33:40.836+0200: 383.172: Total time for which application threads were stopped: 0.0004572 seconds, Stopping threads took: 0.0000734 seconds
2018-04-30T04:33:40.836+0200: 383.172: Application time: 0.0000444 seconds
2018-04-30T04:33:40.836+0200: 383.173: Total time for which application threads were stopped: 0.0004007 seconds, Stopping threads took: 0.0000712 seconds
2018-04-30T04:33:40.836+0200: 383.173: Application time: 0.0000506 seconds
2018-04-30T04:33:40.837+0200: 383.173: Total time for which application threads were stopped: 0.0004200 seconds, Stopping threads took: 0.0000824 seconds
2018-04-30T04:33:40.838+0200: 383.174: Application time: 0.0007747 seconds
2018-04-30T04:33:40.839+0200: 383.176: Total time for which application threads were stopped: 0.0017575 seconds, Stopping threads took: 0.0001270 seconds
2018-04-30T04:33:40.846+0200: 383.182: Application time: 0.0063693 seconds
2018-04-30T04:33:40.847+0200: 383.183: Total time for which application threads were stopped: 0.0009377 seconds, Stopping threads took: 0.0001778 seconds
2018-04-30T04:33:40.847+0200: 383.183: Application time: 0.0000690 seconds
2018-04-30T04:33:40.847+0200: 383.184: Total time for which application threads were stopped: 0.0007266 seconds, Stopping threads took: 0.0001071 seconds
2018-04-30T04:33:40.848+0200: 383.184: Application time: 0.0000771 seconds
2018-04-30T04:33:40.848+0200: 383.185: Total time for which application threads were stopped: 0.0007129 seconds, Stopping threads took: 0.0001068 seconds
2018-04-30T04:33:40.848+0200: 383.185: Application time: 0.0000731 seconds
2018-04-30T04:33:40.849+0200: 383.185: Total time for which application threads were stopped: 0.0006840 seconds, Stopping threads took: 0.0000756 seconds
2018-04-30T04:33:40.849+0200: 383.185: Application time: 0.0000763 seconds
2018-04-30T04:33:40.850+0200: 383.186: Total time for which application threads were stopped: 0.0006419 seconds, Stopping threads took: 0.0000789 seconds
2018-04-30T04:33:40.850+0200: 383.186: Application time: 0.0001486 seconds
2018-04-30T04:33:40.851+0200: 383.187: Total time for which application threads were stopped: 0.0006473 seconds, Stopping threads took: 0.0000730 seconds
2018-04-30T04:33:40.851+0200: 383.187: Application time: 0.0000715 seconds
2018-04-30T04:33:40.851+0200: 383.188: Total time for which application threads were stopped: 0.0006397 seconds, Stopping threads took: 0.0000684 seconds
2018-04-30T04:33:40.852+0200: 383.188: Application time: 0.0003364 seconds
2018-04-30T04:33:40.852+0200: 383.189: Total time for which application threads were stopped: 0.0007646 seconds, Stopping threads took: 0.0001687 seconds
2018-04-30T04:33:40.857+0200: 383.193: Application time: 0.0045545 seconds
2018-04-30T04:33:40.858+0200: 383.194: Total time for which application threads were stopped: 0.0008305 seconds, Stopping threads took: 0.0002165 seconds
2018-04-30T04:33:40.858+0200: 383.194: Application time: 0.0000739 seconds
2018-04-30T04:33:40.860+0200: 383.196: Total time for which application threads were stopped: 0.0022988 seconds, Stopping threads took: 0.0001264 seconds
2018-04-30T04:33:40.863+0200: 383.200: Application time: 0.0030909 seconds
2018-04-30T04:33:40.864+0200: 383.200: Total time for which application threads were stopped: 0.0009535 seconds, Stopping threads took: 0.0001942 seconds
2018-04-30T04:33:40.868+0200: 383.205: Application time: 0.0042953 seconds
2018-04-30T04:33:40.870+0200: 383.206: Total time for which application threads were stopped: 0.0014871 seconds, Stopping threads took: 0.0004668 seconds
2018-04-30T04:33:40.875+0200: 383.211: Application time: 0.0050445 seconds
2018-04-30T04:33:40.876+0200: 383.213: Total time for which application threads were stopped: 0.0015057 seconds, Stopping threads took: 0.0004009 seconds
2018-04-30T04:33:40.907+0200: 383.243: Application time: 0.0302581 seconds
2018-04-30T04:33:40.908+0200: 383.244: Total time for which application threads were stopped: 0.0013774 seconds, Stopping threads took: 0.0004009 seconds
2018-04-30T04:33:40.908+0200: 383.245: Application time: 0.0000770 seconds
2018-04-30T04:33:40.909+0200: 383.245: Total time for which application threads were stopped: 0.0005788 seconds, Stopping threads took: 0.0000223 seconds
2018-04-30T04:33:40.909+0200: 383.245: Application time: 0.0000686 seconds
2018-04-30T04:33:40.909+0200: 383.246: Total time for which application threads were stopped: 0.0004453 seconds, Stopping threads took: 0.0000184 seconds
2018-04-30T04:33:40.909+0200: 383.246: Application time: 0.0000380 seconds
2018-04-30T04:33:40.910+0200: 383.246: Total time for which application threads were stopped: 0.0004423 seconds, Stopping threads took: 0.0000345 seconds
2018-04-30T04:33:40.910+0200: 383.246: Application time: 0.0000336 seconds
2018-04-30T04:33:40.910+0200: 383.247: Total time for which application threads were stopped: 0.0004233 seconds, Stopping threads took: 0.0000177 seconds
2018-04-30T04:33:41.361+0200: 383.698: Application time: 0.4509891 seconds
2018-04-30T04:33:41.362+0200: 383.699: [GC pause (G1 Evacuation Pause) (young)
Desired survivor size 241172480 bytes, new threshold 15 (max 15)
- age   1:    4929440 bytes,    4929440 total
- age   2:     754840 bytes,    5684280 total
- age   3:    1104176 bytes,    6788456 total
- age   4:     787360 bytes,    7575816 total
- age   5:     833712 bytes,    8409528 total
- age   6:     975240 bytes,    9384768 total
- age   7:    1026624 bytes,   10411392 total
- age   8:    1007888 bytes,   11419280 total
- age   9:    1034136 bytes,   12453416 total
- age  10:    1514760 bytes,   13968176 total
- age  11:    1883840 bytes,   15852016 total
- age  12:    1058496 bytes,   16910512 total
- age  13:    1126128 bytes,   18036640 total
- age  14:    1042032 bytes,   19078672 total
- age  15:     501032 bytes,   19579704 total
, 0.0234973 secs]
   [Parallel Time: 12.1 ms, GC Workers: 30]
      [GC Worker Start (ms): Min: 383699.4, Avg: 383699.7, Max: 383700.0, Diff: 0.7]
      [Ext Root Scanning (ms): Min: 0.2, Avg: 0.5, Max: 1.2, Diff: 1.1, Sum: 14.3]
      [Update RS (ms): Min: 0.9, Avg: 1.4, Max: 1.9, Diff: 1.0, Sum: 41.3]
         [Processed Buffers: Min: 1, Avg: 6.3, Max: 16, Diff: 15, Sum: 188]
      [Scan RS (ms): Min: 0.0, Avg: 0.3, Max: 0.5, Diff: 0.4, Sum: 9.9]
      [Code Root Scanning (ms): Min: 0.0, Avg: 0.0, Max: 0.0, Diff: 0.0, Sum: 0.1]
      [Object Copy (ms): Min: 8.1, Avg: 8.5, Max: 9.0, Diff: 0.9, Sum: 254.7]
      [Termination (ms): Min: 0.2, Avg: 0.7, Max: 0.9, Diff: 0.8, Sum: 20.7]
         [Termination Attempts: Min: 1, Avg: 62.6, Max: 74, Diff: 73, Sum: 1879]
      [GC Worker Other (ms): Min: 0.0, Avg: 0.0, Max: 0.1, Diff: 0.0, Sum: 0.7]
      [GC Worker Total (ms): Min: 10.9, Avg: 11.4, Max: 11.8, Diff: 0.9, Sum: 341.7]
      [GC Worker End (ms): Min: 383710.9, Avg: 383711.1, Max: 383711.3, Diff: 0.4]
   [Code Root Fixup: 0.0 ms]
   [Code Root Purge: 0.0 ms]
   [Clear CT: 2.3 ms]
   [Other: 9.1 ms]
      [Choose CSet: 0.0 ms]
      [Ref Proc: 4.2 ms]
      [Ref Enq: 0.6 ms]
      [Redirty Cards: 1.9 ms]
      [Humongous Register: 0.4 ms]
      [Humongous Reclaim: 0.4 ms]
      [Free CSet: 1.3 ms]
   [Eden: 3620.0M(3620.0M)->0.0B(332.0M) Survivors: 32.0M->76.0M Heap: 7163.5M(8192.0M)->3305.4M(8192.0M)]
 [Times: user=0.35 sys=0.01, real=0.03 secs]
2018-04-30T04:33:41.386+0200: 383.723: Total time for which application threads were stopped: 0.0249666 seconds, Stopping threads took: 0.0001380 seconds
2018-04-30T04:33:41.507+0200: 383.844: Application time: 0.1210994 seconds
2018-04-30T04:33:41.508+0200: 383.845: [GC pause (G1 Evacuation Pause) (mixed)
Desired survivor size 27262976 bytes, new threshold 1 (max 15)
- age   1:   48582672 bytes,   48582672 total
- age   2:     921920 bytes,   49504592 total
- age   3:     748944 bytes,   50253536 total
- age   4:    1097856 bytes,   51351392 total
- age   5:     777752 bytes,   52129144 total
- age   6:     826944 bytes,   52956088 total
- age   7:     968528 bytes,   53924616 total
- age   8:    1023256 bytes,   54947872 total
- age   9:     999640 bytes,   55947512 total
- age  10:    1021976 bytes,   56969488 total
- age  11:    1503120 bytes,   58472608 total
- age  12:    1115000 bytes,   59587608 total
- age  13:    1054640 bytes,   60642248 total
- age  14:    1117024 bytes,   61759272 total
- age  15:    1039560 bytes,   62798832 total
, 0.0126859 secs]
   [Parallel Time: 9.9 ms, GC Workers: 30]
      [GC Worker Start (ms): Min: 383845.1, Avg: 383845.5, Max: 383845.8, Diff: 0.7]
      [Ext Root Scanning (ms): Min: 0.1, Avg: 0.4, Max: 1.1, Diff: 1.0, Sum: 13.2]
      [Update RS (ms): Min: 0.4, Avg: 0.6, Max: 1.1, Diff: 0.6, Sum: 19.3]
         [Processed Buffers: Min: 1, Avg: 3.5, Max: 17, Diff: 16, Sum: 106]
      [Scan RS (ms): Min: 0.0, Avg: 0.0, Max: 0.1, Diff: 0.1, Sum: 0.9]
      [Code Root Scanning (ms): Min: 0.0, Avg: 0.0, Max: 0.1, Diff: 0.1, Sum: 0.2]
      [Object Copy (ms): Min: 7.7, Avg: 8.1, Max: 8.3, Diff: 0.6, Sum: 241.9]
      [Termination (ms): Min: 0.0, Avg: 0.0, Max: 0.0, Diff: 0.0, Sum: 0.2]
         [Termination Attempts: Min: 1, Avg: 1.0, Max: 1, Diff: 0, Sum: 30]
      [GC Worker Other (ms): Min: 0.0, Avg: 0.1, Max: 0.2, Diff: 0.1, Sum: 2.0]
      [GC Worker Total (ms): Min: 8.9, Avg: 9.3, Max: 9.7, Diff: 0.8, Sum: 277.8]
      [GC Worker End (ms): Min: 383854.7, Avg: 383854.7, Max: 383854.8, Diff: 0.1]
   [Code Root Fixup: 0.0 ms]
   [Code Root Purge: 0.0 ms]
   [Clear CT: 0.4 ms]
   [Other: 2.3 ms]
      [Choose CSet: 0.0 ms]
      [Ref Proc: 0.9 ms]
      [Ref Enq: 0.1 ms]
      [Redirty Cards: 0.4 ms]
      [Humongous Register: 0.3 ms]
      [Humongous Reclaim: 0.1 ms]
      [Free CSet: 0.2 ms]
   [Eden: 332.0M(332.0M)->0.0B(3468.0M) Survivors: 76.0M->24.0M Heap: 3637.4M(8192.0M)->3283.5M(8192.0M)]
 [Times: user=0.24 sys=0.00, real=0.01 secs]
2018-04-30T04:33:41.521+0200: 383.858: Total time for which application threads were stopped: 0.0138805 seconds, Stopping threads took: 0.0001862 seconds
2018-04-30T04:33:42.373+0200: 384.709: Application time: 0.8516012 seconds
2018-04-30T04:33:42.374+0200: 384.710: [GC pause (G1 Evacuation Pause) (young)
Desired survivor size 230686720 bytes, new threshold 15 (max 15)
- age   1:    2797272 bytes,    2797272 total
, 0.0197218 secs]
   [Parallel Time: 8.6 ms, GC Workers: 30]
      [GC Worker Start (ms): Min: 384710.7, Avg: 384711.4, Max: 384712.0, Diff: 1.3]
      [Ext Root Scanning (ms): Min: 0.0, Avg: 0.4, Max: 1.3, Diff: 1.3, Sum: 12.0]
      [Update RS (ms): Min: 2.6, Avg: 3.1, Max: 3.7, Diff: 1.1, Sum: 91.9]
         [Processed Buffers: Min: 2, Avg: 6.4, Max: 20, Diff: 18, Sum: 193]
      [Scan RS (ms): Min: 0.0, Avg: 0.2, Max: 0.4, Diff: 0.4, Sum: 5.7]
      [Code Root Scanning (ms): Min: 0.0, Avg: 0.0, Max: 0.0, Diff: 0.0, Sum: 0.1]
      [Object Copy (ms): Min: 3.1, Avg: 3.7, Max: 3.8, Diff: 0.7, Sum: 110.0]
      [Termination (ms): Min: 0.0, Avg: 0.0, Max: 0.0, Diff: 0.0, Sum: 0.8]
         [Termination Attempts: Min: 1, Avg: 3.8, Max: 6, Diff: 5, Sum: 113]
      [GC Worker Other (ms): Min: 0.0, Avg: 0.1, Max: 0.3, Diff: 0.3, Sum: 4.3]
      [GC Worker Total (ms): Min: 6.8, Avg: 7.5, Max: 8.2, Diff: 1.4, Sum: 224.6]
      [GC Worker End (ms): Min: 384718.8, Avg: 384718.9, Max: 384719.0, Diff: 0.3]
   [Code Root Fixup: 0.0 ms]
   [Code Root Purge: 0.0 ms]
   [Clear CT: 1.3 ms]
   [Other: 9.8 ms]
      [Choose CSet: 0.0 ms]
      [Ref Proc: 4.5 ms]
      [Ref Enq: 0.6 ms]
      [Redirty Cards: 2.5 ms]
      [Humongous Register: 0.4 ms]
      [Humongous Reclaim: 0.1 ms]
      [Free CSet: 1.4 ms]
   [Eden: 3468.0M(3468.0M)->0.0B(3484.0M) Survivors: 24.0M->12.0M Heap: 6751.5M(8192.0M)->3271.5M(8192.0M)]
 [Times: user=0.24 sys=0.00, real=0.02 secs]
2018-04-30T04:33:42.394+0200: 384.730: Total time for which application threads were stopped: 0.0210765 seconds, Stopping threads took: 0.0001821 seconds
2018-04-30T04:33:43.048+0200: 385.385: Application time: 0.6544632 seconds
2018-04-30T04:33:43.049+0200: 385.386: [GC pause (G1 Evacuation Pause) (young) (initial-mark)
Desired survivor size 230686720 bytes, new threshold 15 (max 15)
- age   1:    8349368 bytes,    8349368 total
- age   2:     290936 bytes,    8640304 total
, 0.0230587 secs]
   [Parallel Time: 9.5 ms, GC Workers: 30]
      [GC Worker Start (ms): Min: 385386.8, Avg: 385387.3, Max: 385387.7, Diff: 0.9]
      [Ext Root Scanning (ms): Min: 1.1, Avg: 1.8, Max: 2.6, Diff: 1.5, Sum: 55.3]
      [Update RS (ms): Min: 0.8, Avg: 1.6, Max: 2.4, Diff: 1.6, Sum: 47.8]
         [Processed Buffers: Min: 2, Avg: 5.2, Max: 21, Diff: 19, Sum: 155]
      [Scan RS (ms): Min: 0.0, Avg: 0.2, Max: 0.4, Diff: 0.3, Sum: 5.3]
      [Code Root Scanning (ms): Min: 0.0, Avg: 0.0, Max: 0.0, Diff: 0.0, Sum: 0.0]
      [Object Copy (ms): Min: 4.2, Avg: 4.7, Max: 4.9, Diff: 0.7, Sum: 140.2]
      [Termination (ms): Min: 0.0, Avg: 0.0, Max: 0.0, Diff: 0.0, Sum: 0.2]
         [Termination Attempts: Min: 1, Avg: 1.0, Max: 1, Diff: 0, Sum: 30]
      [GC Worker Other (ms): Min: 0.0, Avg: 0.2, Max: 0.3, Diff: 0.3, Sum: 4.8]
      [GC Worker Total (ms): Min: 8.1, Avg: 8.5, Max: 8.9, Diff: 0.9, Sum: 253.6]
      [GC Worker End (ms): Min: 385395.6, Avg: 385395.7, Max: 385395.9, Diff: 0.3]
   [Code Root Fixup: 0.0 ms]
   [Code Root Purge: 0.0 ms]
   [Clear CT: 2.1 ms]
   [Other: 11.5 ms]
      [Choose CSet: 0.0 ms]
      [Ref Proc: 5.7 ms]
      [Ref Enq: 1.0 ms]
      [Redirty Cards: 2.6 ms]
      [Humongous Register: 0.5 ms]
      [Humongous Reclaim: 0.1 ms]
      [Free CSet: 1.2 ms]
   [Eden: 3484.0M(3484.0M)->0.0B(3480.0M) Survivors: 12.0M->20.0M Heap: 6755.5M(8192.0M)->3276.9M(8192.0M)]
 [Times: user=0.24 sys=0.00, real=0.03 secs]
2018-04-30T04:33:43.073+0200: 385.409: [GC concurrent-root-region-scan-start]
2018-04-30T04:33:43.073+0200: 385.409: Total time for which application threads were stopped: 0.0245069 seconds, Stopping threads took: 0.0003198 seconds
2018-04-30T04:33:43.082+0200: 385.418: [GC concurrent-root-region-scan-end, 0.0092171 secs]
2018-04-30T04:33:43.082+0200: 385.418: [GC concurrent-mark-start]
2018-04-30T04:33:44.115+0200: 386.451: Application time: 1.0422752 seconds
2018-04-30T04:33:44.116+0200: 386.452: [GC pause (G1 Evacuation Pause) (young)
Desired survivor size 230686720 bytes, new threshold 15 (max 15)
- age   1:   10270144 bytes,   10270144 total
- age   2:    2726504 bytes,   12996648 total
- age   3:     217840 bytes,   13214488 total
, 0.0221882 secs]
   [Parallel Time: 10.9 ms, GC Workers: 30]
      [GC Worker Start (ms): Min: 386452.7, Avg: 386453.4, Max: 386453.9, Diff: 1.2]
      [Ext Root Scanning (ms): Min: 0.0, Avg: 0.4, Max: 1.1, Diff: 1.1, Sum: 13.4]
      [Update RS (ms): Min: 1.0, Avg: 1.6, Max: 2.1, Diff: 1.1, Sum: 49.0]
         [Processed Buffers: Min: 2, Avg: 4.3, Max: 19, Diff: 17, Sum: 129]
      [Scan RS (ms): Min: 0.0, Avg: 0.2, Max: 0.4, Diff: 0.3, Sum: 5.1]
      [Code Root Scanning (ms): Min: 0.0, Avg: 0.0, Max: 0.0, Diff: 0.0, Sum: 0.1]
      [Object Copy (ms): Min: 6.8, Avg: 7.2, Max: 7.3, Diff: 0.6, Sum: 214.7]
      [Termination (ms): Min: 0.0, Avg: 0.2, Max: 0.3, Diff: 0.2, Sum: 6.0]
         [Termination Attempts: Min: 1, Avg: 44.2, Max: 55, Diff: 54, Sum: 1325]
      [GC Worker Other (ms): Min: 0.0, Avg: 0.2, Max: 0.4, Diff: 0.4, Sum: 5.8]
      [GC Worker Total (ms): Min: 9.1, Avg: 9.8, Max: 10.6, Diff: 1.4, Sum: 294.6]
      [GC Worker End (ms): Min: 386463.0, Avg: 386463.2, Max: 386463.4, Diff: 0.4]
   [Code Root Fixup: 0.0 ms]
   [Code Root Purge: 0.0 ms]
   [Clear CT: 2.0 ms]
   [Other: 9.3 ms]
      [Choose CSet: 0.0 ms]
      [Ref Proc: 5.1 ms]
      [Ref Enq: 0.9 ms]
      [Redirty Cards: 1.8 ms]
      [Humongous Register: 0.3 ms]
      [Humongous Reclaim: 0.1 ms]
      [Free CSet: 0.9 ms]
   [Eden: 3480.0M(3480.0M)->0.0B(3476.0M) Survivors: 20.0M->24.0M Heap: 6756.9M(8192.0M)->3281.8M(8192.0M)]
 [Times: user=0.31 sys=0.00, real=0.02 secs]
2018-04-30T04:33:44.138+0200: 386.475: Total time for which application threads were stopped: 0.0231133 seconds, Stopping threads took: 0.0001375 seconds
2018-04-30T04:33:44.138+0200: 386.475: [GC concurrent-mark-reset-for-overflow]
2018-04-30T04:33:44.535+0200: 386.871: [GC concurrent-mark-end, 1.4527187 secs]
2018-04-30T04:33:44.535+0200: 386.871: Application time: 0.3965473 seconds
2018-04-30T04:33:44.536+0200: 386.872: [GC remark 2018-04-30T04:33:44.536+0200: 386.872: [Finalize Marking, 0.0006424 secs] 2018-04-30T04:33:44.536+0200: 386.873: [GC ref-proc, 0.0041351 secs] 2018-04-30T04:33:44.541+0200: 386.877: [Unloading, 0.0078367 secs], 0.0158172 secs]
 [Times: user=0.28 sys=0.01, real=0.02 secs]
2018-04-30T04:33:44.552+0200: 386.888: Total time for which application threads were stopped: 0.0167744 seconds, Stopping threads took: 0.0002971 seconds
2018-04-30T04:33:44.552+0200: 386.888: Application time: 0.0000787 seconds
2018-04-30T04:33:44.552+0200: 386.889: [GC cleanup 5835M->5551M(8192M), 0.0032696 secs]
 [Times: user=0.05 sys=0.00, real=0.00 secs]
2018-04-30T04:33:44.556+0200: 386.892: Total time for which application threads were stopped: 0.0039095 seconds, Stopping threads took: 0.0000424 seconds
2018-04-30T04:33:44.556+0200: 386.892: [GC concurrent-cleanup-start]
2018-04-30T04:33:44.556+0200: 386.892: [GC concurrent-cleanup-end, 0.0002914 secs]
2018-04-30T04:33:44.644+0200: 386.980: Application time: 0.0881613 seconds
2018-04-30T04:33:44.645+0200: 386.981: [GC pause (G1 Evacuation Pause) (young)
Desired survivor size 230686720 bytes, new threshold 15 (max 15)
- age   1:   10118488 bytes,   10118488 total
- age   2:    1417304 bytes,   11535792 total
- age   3:    2676040 bytes,   14211832 total
- age   4:     212056 bytes,   14423888 total
, 0.0174968 secs]
   [Parallel Time: 7.7 ms, GC Workers: 30]
      [GC Worker Start (ms): Min: 386981.4, Avg: 386981.8, Max: 386982.2, Diff: 0.8]
      [Ext Root Scanning (ms): Min: 0.0, Avg: 0.4, Max: 0.9, Diff: 0.9, Sum: 11.5]
      [Update RS (ms): Min: 1.1, Avg: 1.4, Max: 1.7, Diff: 0.6, Sum: 42.5]
         [Processed Buffers: Min: 2, Avg: 4.0, Max: 18, Diff: 16, Sum: 119]
      [Scan RS (ms): Min: 0.0, Avg: 0.2, Max: 0.4, Diff: 0.3, Sum: 4.5]
      [Code Root Scanning (ms): Min: 0.0, Avg: 0.0, Max: 0.0, Diff: 0.0, Sum: 0.0]
      [Object Copy (ms): Min: 4.8, Avg: 5.0, Max: 5.1, Diff: 0.3, Sum: 149.9]
      [Termination (ms): Min: 0.0, Avg: 0.0, Max: 0.0, Diff: 0.0, Sum: 0.1]
         [Termination Attempts: Min: 1, Avg: 1.0, Max: 1, Diff: 0, Sum: 30]
      [GC Worker Other (ms): Min: 0.0, Avg: 0.1, Max: 0.3, Diff: 0.2, Sum: 3.8]
      [GC Worker Total (ms): Min: 6.6, Avg: 7.1, Max: 7.5, Diff: 0.9, Sum: 212.4]
      [GC Worker End (ms): Min: 386988.8, Avg: 386988.9, Max: 386989.0, Diff: 0.2]
   [Code Root Fixup: 0.0 ms]
   [Code Root Purge: 0.0 ms]
   [Clear CT: 1.5 ms]
   [Other: 8.3 ms]
      [Choose CSet: 0.0 ms]
      [Ref Proc: 5.6 ms]
      [Ref Enq: 0.8 ms]
      [Redirty Cards: 0.4 ms]
      [Humongous Register: 0.2 ms]
      [Humongous Reclaim: 0.1 ms]
      [Free CSet: 0.9 ms]
   [Eden: 3476.0M(3476.0M)->0.0B(380.0M) Survivors: 24.0M->28.0M Heap: 6473.8M(8192.0M)->3000.3M(8192.0M)]
 [Times: user=0.23 sys=0.00, real=0.01 secs]
2018-04-30T04:33:44.662+0200: 386.999: Total time for which application threads were stopped: 0.0186908 seconds, Stopping threads took: 0.0003725 seconds
2018-04-30T04:33:44.709+0200: 387.045: Application time: 0.0465963 seconds
2018-04-30T04:33:44.710+0200: 387.046: [GC pause (G1 Evacuation Pause) (mixed)
Desired survivor size 27262976 bytes, new threshold 15 (max 15)
- age   1:   12475904 bytes,   12475904 total
- age   2:    1271344 bytes,   13747248 total
- age   3:    1318608 bytes,   15065856 total
- age   4:    2380432 bytes,   17446288 total
- age   5:     142120 bytes,   17588408 total
, 0.0086573 secs]
   [Parallel Time: 5.8 ms, GC Workers: 30]
      [GC Worker Start (ms): Min: 387046.7, Avg: 387047.3, Max: 387047.7, Diff: 1.0]
      [Ext Root Scanning (ms): Min: 0.0, Avg: 0.3, Max: 0.9, Diff: 0.9, Sum: 9.4]
      [Update RS (ms): Min: 0.4, Avg: 0.6, Max: 0.8, Diff: 0.4, Sum: 19.3]
         [Processed Buffers: Min: 1, Avg: 3.5, Max: 14, Diff: 13, Sum: 106]
      [Scan RS (ms): Min: 0.0, Avg: 0.0, Max: 0.1, Diff: 0.1, Sum: 0.6]
      [Code Root Scanning (ms): Min: 0.0, Avg: 0.0, Max: 0.0, Diff: 0.0, Sum: 0.0]
      [Object Copy (ms): Min: 3.8, Avg: 3.9, Max: 4.0, Diff: 0.2, Sum: 117.9]
      [Termination (ms): Min: 0.0, Avg: 0.0, Max: 0.0, Diff: 0.0, Sum: 0.1]
         [Termination Attempts: Min: 1, Avg: 1.0, Max: 1, Diff: 0, Sum: 30]
      [GC Worker Other (ms): Min: 0.0, Avg: 0.1, Max: 0.2, Diff: 0.2, Sum: 2.6]
      [GC Worker Total (ms): Min: 4.5, Avg: 5.0, Max: 5.5, Diff: 1.0, Sum: 149.9]
      [GC Worker End (ms): Min: 387052.2, Avg: 387052.3, Max: 387052.4, Diff: 0.2]
   [Code Root Fixup: 0.0 ms]
   [Code Root Purge: 0.0 ms]
   [Clear CT: 0.4 ms]
   [Other: 2.5 ms]
      [Choose CSet: 0.0 ms]
      [Ref Proc: 1.2 ms]
      [Ref Enq: 0.1 ms]
      [Redirty Cards: 0.4 ms]
      [Humongous Register: 0.3 ms]
      [Humongous Reclaim: 0.1 ms]
      [Free CSet: 0.2 ms]
   [Eden: 380.0M(380.0M)->0.0B(4056.0M) Survivors: 28.0M->24.0M Heap: 3380.3M(8192.0M)->2986.0M(8192.0M)]
 [Times: user=0.16 sys=0.00, real=0.01 secs]
2018-04-30T04:33:44.719+0200: 387.055: Total time for which application threads were stopped: 0.0096838 seconds, Stopping threads took: 0.0002649 seconds
2018-04-30T04:33:45.129+0200: 387.465: Application time: 0.4101960 seconds
2018-04-30T04:33:45.130+0200: 387.467: [GC pause (G1 Evacuation Pause) (young)
Desired survivor size 268435456 bytes, new threshold 15 (max 15)
- age   1:    5384720 bytes,    5384720 total
- age   2:    4521792 bytes,    9906512 total
- age   3:    1270392 bytes,   11176904 total
- age   4:    1317328 bytes,   12494232 total
- age   5:    2377624 bytes,   14871856 total
- age   6:     141312 bytes,   15013168 total
, 0.0240877 secs]
   [Parallel Time: 8.8 ms, GC Workers: 30]
      [GC Worker Start (ms): Min: 387467.0, Avg: 387467.5, Max: 387468.1, Diff: 1.0]
      [Ext Root Scanning (ms): Min: 0.0, Avg: 0.5, Max: 1.3, Diff: 1.3, Sum: 15.6]
      [Update RS (ms): Min: 1.4, Avg: 1.9, Max: 2.4, Diff: 1.1, Sum: 58.4]
         [Processed Buffers: Min: 2, Avg: 4.0, Max: 13, Diff: 11, Sum: 119]
      [Scan RS (ms): Min: 0.0, Avg: 0.2, Max: 0.5, Diff: 0.4, Sum: 6.0]
      [Code Root Scanning (ms): Min: 0.0, Avg: 0.0, Max: 0.0, Diff: 0.0, Sum: 0.1]
      [Object Copy (ms): Min: 4.8, Avg: 5.1, Max: 5.3, Diff: 0.5, Sum: 152.8]
      [Termination (ms): Min: 0.0, Avg: 0.0, Max: 0.0, Diff: 0.0, Sum: 0.5]
         [Termination Attempts: Min: 1, Avg: 2.0, Max: 4, Diff: 3, Sum: 59]
      [GC Worker Other (ms): Min: 0.0, Avg: 0.2, Max: 0.3, Diff: 0.3, Sum: 4.9]
      [GC Worker Total (ms): Min: 7.4, Avg: 7.9, Max: 8.6, Diff: 1.1, Sum: 238.2]
      [GC Worker End (ms): Min: 387475.3, Avg: 387475.5, Max: 387475.7, Diff: 0.3]
   [Code Root Fixup: 0.0 ms]
   [Code Root Purge: 0.0 ms]
   [Clear CT: 1.9 ms]
   [Other: 13.3 ms]
      [Choose CSet: 0.0 ms]
      [Ref Proc: 7.7 ms]
      [Ref Enq: 1.2 ms]
      [Redirty Cards: 2.5 ms]
      [Humongous Register: 0.3 ms]
      [Humongous Reclaim: 0.1 ms]
      [Free CSet: 1.3 ms]
   [Eden: 4056.0M(4056.0M)->0.0B(4056.0M) Survivors: 24.0M->24.0M Heap: 7042.0M(8192.0M)->2985.8M(8192.0M)]
 [Times: user=0.26 sys=0.00, real=0.03 secs]
2018-04-30T04:33:45.155+0200: 387.491: Total time for which application threads were stopped: 0.0256194 seconds, Stopping threads took: 0.0004739 seconds
2018-04-30T04:33:45.559+0200: 387.895: Application time: 0.4040702 seconds
2018-04-30T04:33:45.560+0200: 387.896: Total time for which application threads were stopped: 0.0015316 seconds, Stopping threads took: 0.0006377 seconds
2018-04-30T04:33:45.614+0200: 387.950: Application time: 0.0534709 seconds
2018-04-30T04:33:45.615+0200: 387.951: [GC pause (G1 Evacuation Pause) (young)
Desired survivor size 268435456 bytes, new threshold 15 (max 15)
- age   1:    9945096 bytes,    9945096 total
- age   2:     110344 bytes,   10055440 total
- age   3:    1046816 bytes,   11102256 total
- age   4:    1261728 bytes,   12363984 total
- age   5:    1299792 bytes,   13663776 total
- age   6:    2249360 bytes,   15913136 total
- age   7:     140720 bytes,   16053856 total
, 0.0234329 secs]
   [Parallel Time: 9.3 ms, GC Workers: 30]
      [GC Worker Start (ms): Min: 387951.5, Avg: 387951.8, Max: 387952.1, Diff: 0.6]
      [Ext Root Scanning (ms): Min: 0.3, Avg: 0.6, Max: 1.4, Diff: 1.1, Sum: 17.5]
      [Update RS (ms): Min: 1.1, Avg: 1.9, Max: 2.5, Diff: 1.3, Sum: 58.1]
         [Processed Buffers: Min: 2, Avg: 3.7, Max: 12, Diff: 10, Sum: 110]
      [Scan RS (ms): Min: 0.0, Avg: 0.2, Max: 0.5, Diff: 0.5, Sum: 6.2]
      [Code Root Scanning (ms): Min: 0.0, Avg: 0.0, Max: 0.0, Diff: 0.0, Sum: 0.1]
      [Object Copy (ms): Min: 5.4, Avg: 5.7, Max: 5.9, Diff: 0.5, Sum: 171.0]
      [Termination (ms): Min: 0.0, Avg: 0.0, Max: 0.0, Diff: 0.0, Sum: 0.4]
         [Termination Attempts: Min: 1, Avg: 1.0, Max: 1, Diff: 0, Sum: 30]
      [GC Worker Other (ms): Min: 0.0, Avg: 0.2, Max: 0.3, Diff: 0.3, Sum: 5.2]
      [GC Worker Total (ms): Min: 8.2, Avg: 8.6, Max: 9.0, Diff: 0.8, Sum: 258.4]
      [GC Worker End (ms): Min: 387960.2, Avg: 387960.4, Max: 387960.6, Diff: 0.3]
   [Code Root Fixup: 0.0 ms]
   [Code Root Purge: 0.0 ms]
   [Clear CT: 2.6 ms]
   [Other: 11.6 ms]
      [Choose CSet: 0.0 ms]
      [Ref Proc: 7.2 ms]
      [Ref Enq: 0.9 ms]
      [Redirty Cards: 1.6 ms]
      [Humongous Register: 0.3 ms]
      [Humongous Reclaim: 0.1 ms]
      [Free CSet: 1.2 ms]
   [Eden: 4056.0M(4056.0M)->0.0B(4048.0M) Survivors: 24.0M->28.0M Heap: 7041.8M(8192.0M)->2990.4M(8192.0M)]
 [Times: user=0.28 sys=0.00, real=0.02 secs]
2018-04-30T04:33:45.638+0200: 387.975: Total time for which application threads were stopped: 0.0247402 seconds, Stopping threads took: 0.0003530 seconds
2018-04-30T04:33:46.098+0200: 388.434: Application time: 0.4592583 seconds
2018-04-30T04:33:46.099+0200: 388.435: [GC pause (G1 Evacuation Pause) (young)
Desired survivor size 268435456 bytes, new threshold 15 (max 15)
- age   1:    8942336 bytes,    8942336 total
- age   2:    2160896 bytes,   11103232 total
- age   3:     108576 bytes,   11211808 total
- age   4:    1045224 bytes,   12257032 total
- age   5:    1260200 bytes,   13517232 total
- age   6:    1298008 bytes,   14815240 total
- age   7:    2249296 bytes,   17064536 total
- age   8:     140720 bytes,   17205256 total
, 0.0242958 secs]
   [Parallel Time: 9.6 ms, GC Workers: 30]
      [GC Worker Start (ms): Min: 388435.4, Avg: 388435.9, Max: 388436.1, Diff: 0.7]
      [Ext Root Scanning (ms): Min: 0.3, Avg: 0.6, Max: 1.3, Diff: 1.0, Sum: 17.7]
      [Update RS (ms): Min: 1.3, Avg: 1.9, Max: 2.3, Diff: 0.9, Sum: 55.5]
         [Processed Buffers: Min: 2, Avg: 3.6, Max: 9, Diff: 7, Sum: 108]
      [Scan RS (ms): Min: 0.0, Avg: 0.2, Max: 0.4, Diff: 0.4, Sum: 6.0]
      [Code Root Scanning (ms): Min: 0.0, Avg: 0.0, Max: 0.0, Diff: 0.0, Sum: 0.1]
      [Object Copy (ms): Min: 5.6, Avg: 5.9, Max: 5.9, Diff: 0.3, Sum: 176.0]
      [Termination (ms): Min: 0.0, Avg: 0.0, Max: 0.0, Diff: 0.0, Sum: 0.3]
         [Termination Attempts: Min: 1, Avg: 1.0, Max: 1, Diff: 0, Sum: 30]
      [GC Worker Other (ms): Min: 0.0, Avg: 0.2, Max: 0.3, Diff: 0.3, Sum: 5.1]
      [GC Worker Total (ms): Min: 8.3, Avg: 8.7, Max: 9.1, Diff: 0.8, Sum: 260.7]
      [GC Worker End (ms): Min: 388444.4, Avg: 388444.6, Max: 388444.7, Diff: 0.3]
   [Code Root Fixup: 0.0 ms]
   [Code Root Purge: 0.0 ms]
   [Clear CT: 2.4 ms]
   [Other: 12.3 ms]
      [Choose CSet: 0.0 ms]
      [Ref Proc: 7.4 ms]
      [Ref Enq: 1.1 ms]
      [Redirty Cards: 2.0 ms]
      [Humongous Register: 0.3 ms]
      [Humongous Reclaim: 0.1 ms]
      [Free CSet: 1.3 ms]
   [Eden: 4048.0M(4048.0M)->0.0B(4040.0M) Survivors: 28.0M->32.0M Heap: 7038.4M(8192.0M)->2992.4M(8192.0M)]
 [Times: user=0.29 sys=0.00, real=0.02 secs]
2018-04-30T04:33:46.123+0200: 388.460: Total time for which application threads were stopped: 0.0255748 seconds, Stopping threads took: 0.0003052 seconds
2018-04-30T04:33:46.548+0200: 388.885: Application time: 0.4252514 seconds
2018-04-30T04:33:46.550+0200: 388.886: Total time for which application threads were stopped: 0.0011622 seconds, Stopping threads took: 0.0003327 seconds
2018-04-30T04:33:46.557+0200: 388.893: Application time: 0.0072720 seconds
2018-04-30T04:33:46.558+0200: 388.894: [GC pause (G1 Evacuation Pause) (young)
Desired survivor size 268435456 bytes, new threshold 15 (max 15)
- age   1:   10654280 bytes,   10654280 total
- age   2:    1236064 bytes,   11890344 total
- age   3:    2156056 bytes,   14046400 total
- age   4:     108576 bytes,   14154976 total
- age   5:    1044128 bytes,   15199104 total
- age   6:    1259416 bytes,   16458520 total
- age   7:    1295688 bytes,   17754208 total
- age   8:    2248768 bytes,   20002976 total
- age   9:     140720 bytes,   20143696 total
, 0.0243958 secs]
   [Parallel Time: 8.8 ms, GC Workers: 30]
      [GC Worker Start (ms): Min: 388894.7, Avg: 388895.3, Max: 388895.7, Diff: 1.0]
      [Ext Root Scanning (ms): Min: 0.0, Avg: 0.4, Max: 1.3, Diff: 1.2, Sum: 13.3]
      [Update RS (ms): Min: 1.6, Avg: 2.0, Max: 2.4, Diff: 0.8, Sum: 60.3]
         [Processed Buffers: Min: 2, Avg: 3.9, Max: 19, Diff: 17, Sum: 116]
      [Scan RS (ms): Min: 0.0, Avg: 0.2, Max: 0.5, Diff: 0.4, Sum: 6.3]
      [Code Root Scanning (ms): Min: 0.0, Avg: 0.0, Max: 0.0, Diff: 0.0, Sum: 0.1]
      [Object Copy (ms): Min: 4.7, Avg: 4.9, Max: 5.1, Diff: 0.4, Sum: 147.8]
      [Termination (ms): Min: 0.0, Avg: 0.0, Max: 0.0, Diff: 0.0, Sum: 0.2]
         [Termination Attempts: Min: 1, Avg: 1.0, Max: 1, Diff: 0, Sum: 30]
      [GC Worker Other (ms): Min: 0.0, Avg: 0.2, Max: 0.3, Diff: 0.3, Sum: 5.1]
      [GC Worker Total (ms): Min: 7.2, Avg: 7.8, Max: 8.4, Diff: 1.3, Sum: 233.0]
      [GC Worker End (ms): Min: 388902.9, Avg: 388903.0, Max: 388903.2, Diff: 0.3]
   [Code Root Fixup: 0.0 ms]
   [Code Root Purge: 0.0 ms]
   [Clear CT: 3.0 ms]
   [Other: 12.6 ms]
      [Choose CSet: 0.0 ms]
      [Ref Proc: 7.2 ms]
      [Ref Enq: 1.0 ms]
      [Redirty Cards: 2.4 ms]
      [Humongous Register: 0.3 ms]
      [Humongous Reclaim: 0.1 ms]
      [Free CSet: 1.4 ms]
   [Eden: 4040.0M(4040.0M)->0.0B(4048.0M) Survivors: 32.0M->28.0M Heap: 7032.4M(8192.0M)->2991.0M(8192.0M)]
 [Times: user=0.25 sys=0.00, real=0.02 secs]
2018-04-30T04:33:46.583+0200: 388.919: Total time for which application threads were stopped: 0.0256771 seconds, Stopping threads took: 0.0003285 seconds
2018-04-30T04:33:47.031+0200: 389.367: Application time: 0.4484150 seconds
2018-04-30T04:33:47.032+0200: 389.369: [GC pause (G1 Evacuation Pause) (young)
Desired survivor size 268435456 bytes, new threshold 15 (max 15)
- age   1:    7855336 bytes,    7855336 total
- age   2:    1351832 bytes,    9207168 total
- age   3:    1230864 bytes,   10438032 total
- age   4:    2154184 bytes,   12592216 total
- age   5:     108544 bytes,   12700760 total
- age   6:    1043304 bytes,   13744064 total
- age   7:    1259224 bytes,   15003288 total
- age   8:    1295256 bytes,   16298544 total
- age   9:    2247920 bytes,   18546464 total
- age  10:     140384 bytes,   18686848 total
, 0.0252923 secs]
   [Parallel Time: 10.0 ms, GC Workers: 30]
      [GC Worker Start (ms): Min: 389369.1, Avg: 389369.6, Max: 389370.0, Diff: 0.8]
      [Ext Root Scanning (ms): Min: 0.2, Avg: 0.5, Max: 1.2, Diff: 1.0, Sum: 15.5]
      [Update RS (ms): Min: 1.6, Avg: 2.0, Max: 2.5, Diff: 0.9, Sum: 59.9]
         [Processed Buffers: Min: 2, Avg: 3.9, Max: 20, Diff: 18, Sum: 116]
      [Scan RS (ms): Min: 0.0, Avg: 0.2, Max: 0.4, Diff: 0.4, Sum: 6.1]
      [Code Root Scanning (ms): Min: 0.0, Avg: 0.0, Max: 0.0, Diff: 0.0, Sum: 0.1]
      [Object Copy (ms): Min: 5.8, Avg: 6.2, Max: 6.3, Diff: 0.5, Sum: 184.7]
      [Termination (ms): Min: 0.0, Avg: 0.0, Max: 0.0, Diff: 0.0, Sum: 0.2]
         [Termination Attempts: Min: 1, Avg: 1.0, Max: 1, Diff: 0, Sum: 30]
      [GC Worker Other (ms): Min: 0.0, Avg: 0.2, Max: 0.4, Diff: 0.3, Sum: 5.6]
      [GC Worker Total (ms): Min: 8.7, Avg: 9.1, Max: 9.7, Diff: 1.0, Sum: 272.1]
      [GC Worker End (ms): Min: 389378.5, Avg: 389378.7, Max: 389378.9, Diff: 0.3]
   [Code Root Fixup: 0.0 ms]
   [Code Root Purge: 0.0 ms]
   [Clear CT: 2.2 ms]
   [Other: 13.1 ms]
      [Choose CSet: 0.0 ms]
      [Ref Proc: 7.6 ms]
      [Ref Enq: 0.9 ms]
      [Redirty Cards: 2.7 ms]
      [Humongous Register: 0.3 ms]
      [Humongous Reclaim: 0.1 ms]
      [Free CSet: 1.3 ms]
   [Eden: 4048.0M(4048.0M)->0.0B(4040.0M) Survivors: 28.0M->32.0M Heap: 7039.0M(8192.0M)->2995.6M(8192.0M)]
 [Times: user=0.29 sys=0.00, real=0.02 secs]
2018-04-30T04:33:47.058+0200: 389.394: Total time for which application threads were stopped: 0.0268919 seconds, Stopping threads took: 0.0005686 seconds
2018-04-30T04:33:47.498+0200: 389.834: Application time: 0.4399238 seconds
2018-04-30T04:33:47.499+0200: 389.835: [GC pause (G1 Evacuation Pause) (young)
Desired survivor size 268435456 bytes, new threshold 15 (max 15)
- age   1:   10023040 bytes,   10023040 total
- age   2:    1261416 bytes,   11284456 total
- age   3:    1347672 bytes,   12632128 total
- age   4:    1229232 bytes,   13861360 total
- age   5:    2151768 bytes,   16013128 total
- age   6:     108288 bytes,   16121416 total
- age   7:    1042848 bytes,   17164264 total
- age   8:    1258392 bytes,   18422656 total
- age   9:    1294792 bytes,   19717448 total
- age  10:    2247392 bytes,   21964840 total
- age  11:     140384 bytes,   22105224 total
, 0.0266539 secs]
   [Parallel Time: 11.0 ms, GC Workers: 30]
      [GC Worker Start (ms): Min: 389835.9, Avg: 389836.2, Max: 389836.5, Diff: 0.6]
      [Ext Root Scanning (ms): Min: 0.2, Avg: 0.6, Max: 1.3, Diff: 1.1, Sum: 16.9]
      [Update RS (ms): Min: 1.4, Avg: 2.0, Max: 2.3, Diff: 0.9, Sum: 58.7]
         [Processed Buffers: Min: 2, Avg: 3.9, Max: 14, Diff: 12, Sum: 118]
      [Scan RS (ms): Min: 0.0, Avg: 0.2, Max: 0.5, Diff: 0.4, Sum: 5.9]
      [Code Root Scanning (ms): Min: 0.0, Avg: 0.0, Max: 0.0, Diff: 0.0, Sum: 0.1]
      [Object Copy (ms): Min: 7.1, Avg: 7.3, Max: 7.5, Diff: 0.4, Sum: 219.3]
      [Termination (ms): Min: 0.0, Avg: 0.0, Max: 0.0, Diff: 0.0, Sum: 0.2]
         [Termination Attempts: Min: 1, Avg: 1.0, Max: 1, Diff: 0, Sum: 30]
      [GC Worker Other (ms): Min: 0.0, Avg: 0.2, Max: 0.4, Diff: 0.3, Sum: 5.6]
      [GC Worker Total (ms): Min: 9.8, Avg: 10.2, Max: 10.6, Diff: 0.8, Sum: 306.7]
      [GC Worker End (ms): Min: 389846.2, Avg: 389846.4, Max: 389846.6, Diff: 0.3]
   [Code Root Fixup: 0.0 ms]
   [Code Root Purge: 0.0 ms]
   [Clear CT: 1.9 ms]
   [Other: 13.8 ms]
      [Choose CSet: 0.0 ms]
      [Ref Proc: 8.6 ms]
      [Ref Enq: 1.0 ms]
      [Redirty Cards: 2.2 ms]
      [Humongous Register: 0.3 ms]
      [Humongous Reclaim: 0.1 ms]
      [Free CSet: 1.3 ms]
   [Eden: 4040.0M(4040.0M)->0.0B(4016.0M) Survivors: 32.0M->44.0M Heap: 7035.6M(8192.0M)->3005.9M(8192.0M)]
 [Times: user=0.32 sys=0.01, real=0.03 secs]
2018-04-30T04:33:47.526+0200: 389.862: Total time for which application threads were stopped: 0.0281919 seconds, Stopping threads took: 0.0004947 seconds
2018-04-30T04:33:47.829+0200: 390.165: Application time: 0.3029108 seconds
2018-04-30T04:33:47.832+0200: 390.169: Total time for which application threads were stopped: 0.0034062 seconds, Stopping threads took: 0.0025668 seconds
2018-04-30T04:33:47.966+0200: 390.302: Application time: 0.1337106 seconds
2018-04-30T04:33:47.967+0200: 390.304: [GC pause (G1 Evacuation Pause) (young)
Desired survivor size 266338304 bytes, new threshold 15 (max 15)
- age   1:   14372808 bytes,   14372808 total
- age   2:    1210656 bytes,   15583464 total
- age   3:    1244408 bytes,   16827872 total
- age   4:    1207408 bytes,   18035280 total
- age   5:    1227440 bytes,   19262720 total
- age   6:    2149992 bytes,   21412712 total
- age   7:     108224 bytes,   21520936 total
- age   8:    1042440 bytes,   22563376 total
- age   9:    1257064 bytes,   23820440 total
- age  10:    1292936 bytes,   25113376 total
- age  11:    2247056 bytes,   27360432 total
- age  12:     140384 bytes,   27500816 total
, 0.0254835 secs]
   [Parallel Time: 10.1 ms, GC Workers: 30]
      [GC Worker Start (ms): Min: 390304.0, Avg: 390304.2, Max: 390304.4, Diff: 0.4]
      [Ext Root Scanning (ms): Min: 0.4, Avg: 0.6, Max: 1.2, Diff: 0.8, Sum: 19.4]
      [Update RS (ms): Min: 1.3, Avg: 1.9, Max: 2.4, Diff: 1.0, Sum: 57.1]
         [Processed Buffers: Min: 2, Avg: 3.8, Max: 10, Diff: 8, Sum: 115]
      [Scan RS (ms): Min: 0.0, Avg: 0.2, Max: 0.4, Diff: 0.4, Sum: 5.9]
      [Code Root Scanning (ms): Min: 0.0, Avg: 0.0, Max: 0.0, Diff: 0.0, Sum: 0.0]
      [Object Copy (ms): Min: 6.3, Avg: 6.6, Max: 6.7, Diff: 0.4, Sum: 197.9]
      [Termination (ms): Min: 0.0, Avg: 0.0, Max: 0.0, Diff: 0.0, Sum: 0.2]
         [Termination Attempts: Min: 1, Avg: 1.0, Max: 1, Diff: 0, Sum: 30]
      [GC Worker Other (ms): Min: 0.0, Avg: 0.2, Max: 0.4, Diff: 0.3, Sum: 5.4]
      [GC Worker Total (ms): Min: 9.2, Avg: 9.5, Max: 9.8, Diff: 0.6, Sum: 286.0]
      [GC Worker End (ms): Min: 390313.6, Avg: 390313.7, Max: 390313.9, Diff: 0.3]
   [Code Root Fixup: 0.0 ms]
   [Code Root Purge: 0.0 ms]
   [Clear CT: 2.2 ms]
   [Other: 13.1 ms]
      [Choose CSet: 0.0 ms]
      [Ref Proc: 7.5 ms]
      [Ref Enq: 1.0 ms]
      [Redirty Cards: 2.7 ms]
      [Humongous Register: 0.3 ms]
      [Humongous Reclaim: 0.1 ms]
      [Free CSet: 1.3 ms]
   [Eden: 4016.0M(4016.0M)->0.0B(4016.0M) Survivors: 44.0M->44.0M Heap: 7021.9M(8192.0M)->3005.6M(8192.0M)]
 [Times: user=0.30 sys=0.01, real=0.03 secs]
2018-04-30T04:33:47.993+0200: 390.329: Total time for which application threads were stopped: 0.0268861 seconds, Stopping threads took: 0.0004028 seconds
2018-04-30T04:33:48.442+0200: 390.778: Application time: 0.4492301 seconds
2018-04-30T04:33:48.443+0200: 390.780: [GC pause (G1 Evacuation Pause) (young)
Desired survivor size 266338304 bytes, new threshold 15 (max 15)
- age   1:   11155024 bytes,   11155024 total
- age   2:    1483144 bytes,   12638168 total
- age   3:    1206112 bytes,   13844280 total
- age   4:    1242328 bytes,   15086608 total
- age   5:    1205528 bytes,   16292136 total
- age   6:    1226336 bytes,   17518472 total
- age   7:    2149608 bytes,   19668080 total
- age   8:     108224 bytes,   19776304 total
- age   9:    1041872 bytes,   20818176 total
- age  10:    1254768 bytes,   22072944 total
- age  11:    1291720 bytes,   23364664 total
- age  12:    2247024 bytes,   25611688 total
- age  13:     139504 bytes,   25751192 total
, 0.0246418 secs]
   [Parallel Time: 9.8 ms, GC Workers: 30]
      [GC Worker Start (ms): Min: 390780.1, Avg: 390780.3, Max: 390780.7, Diff: 0.6]
      [Ext Root Scanning (ms): Min: 0.3, Avg: 0.7, Max: 1.2, Diff: 1.0, Sum: 19.6]
      [Update RS (ms): Min: 1.4, Avg: 2.0, Max: 2.4, Diff: 1.1, Sum: 61.4]
         [Processed Buffers: Min: 2, Avg: 3.8, Max: 16, Diff: 14, Sum: 113]
      [Scan RS (ms): Min: 0.0, Avg: 0.2, Max: 0.5, Diff: 0.5, Sum: 6.2]
      [Code Root Scanning (ms): Min: 0.0, Avg: 0.0, Max: 0.0, Diff: 0.0, Sum: 0.1]
      [Object Copy (ms): Min: 5.9, Avg: 6.2, Max: 6.3, Diff: 0.5, Sum: 185.2]
      [Termination (ms): Min: 0.0, Avg: 0.0, Max: 0.0, Diff: 0.0, Sum: 0.3]
         [Termination Attempts: Min: 1, Avg: 1.0, Max: 1, Diff: 0, Sum: 30]
      [GC Worker Other (ms): Min: 0.0, Avg: 0.2, Max: 0.3, Diff: 0.3, Sum: 4.9]
      [GC Worker Total (ms): Min: 8.9, Avg: 9.3, Max: 9.6, Diff: 0.8, Sum: 277.6]
      [GC Worker End (ms): Min: 390789.4, Avg: 390789.6, Max: 390789.7, Diff: 0.3]
   [Code Root Fixup: 0.0 ms]
   [Code Root Purge: 0.0 ms]
   [Clear CT: 2.7 ms]
   [Other: 12.1 ms]
      [Choose CSet: 0.0 ms]
      [Ref Proc: 7.0 ms]
      [Ref Enq: 1.1 ms]
      [Redirty Cards: 2.1 ms]
      [Humongous Register: 0.3 ms]
      [Humongous Reclaim: 0.1 ms]
      [Free CSet: 1.3 ms]
   [Eden: 4016.0M(4016.0M)->0.0B(4016.0M) Survivors: 44.0M->44.0M Heap: 7021.6M(8192.0M)->3005.6M(8192.0M)]
 [Times: user=0.29 sys=0.00, real=0.03 secs]
2018-04-30T04:33:48.468+0200: 390.804: Total time for which application threads were stopped: 0.0259893 seconds, Stopping threads took: 0.0003060 seconds
2018-04-30T04:33:48.905+0200: 391.242: Application time: 0.4370888 seconds
2018-04-30T04:33:48.906+0200: 391.243: [GC pause (G1 Evacuation Pause) (young)
Desired survivor size 266338304 bytes, new threshold 15 (max 15)
- age   1:    9376376 bytes,    9376376 total
- age   2:    1185584 bytes,   10561960 total
- age   3:    1478424 bytes,   12040384 total
- age   4:    1202744 bytes,   13243128 total
- age   5:    1241144 bytes,   14484272 total
- age   6:    1203896 bytes,   15688168 total
- age   7:    1225792 bytes,   16913960 total
- age   8:    2149480 bytes,   19063440 total
- age   9:     108224 bytes,   19171664 total
- age  10:    1041600 bytes,   20213264 total
- age  11:    1253536 bytes,   21466800 total
- age  12:    1291656 bytes,   22758456 total
- age  13:    2245952 bytes,   25004408 total
- age  14:     139440 bytes,   25143848 total
, 0.0267052 secs]
   [Parallel Time: 10.9 ms, GC Workers: 30]
      [GC Worker Start (ms): Min: 391243.1, Avg: 391243.7, Max: 391244.1, Diff: 1.0]
      [Ext Root Scanning (ms): Min: 0.0, Avg: 0.5, Max: 1.3, Diff: 1.2, Sum: 13.7]
      [Update RS (ms): Min: 1.7, Avg: 2.1, Max: 2.6, Diff: 0.9, Sum: 61.5]
         [Processed Buffers: Min: 2, Avg: 3.8, Max: 19, Diff: 17, Sum: 114]
      [Scan RS (ms): Min: 0.0, Avg: 0.2, Max: 0.4, Diff: 0.4, Sum: 6.1]
      [Code Root Scanning (ms): Min: 0.0, Avg: 0.0, Max: 0.0, Diff: 0.0, Sum: 0.1]
      [Object Copy (ms): Min: 6.6, Avg: 6.9, Max: 7.1, Diff: 0.5, Sum: 208.1]
      [Termination (ms): Min: 0.0, Avg: 0.0, Max: 0.0, Diff: 0.0, Sum: 0.2]
         [Termination Attempts: Min: 1, Avg: 1.0, Max: 1, Diff: 0, Sum: 30]
      [GC Worker Other (ms): Min: 0.0, Avg: 0.2, Max: 0.4, Diff: 0.3, Sum: 5.3]
      [GC Worker Total (ms): Min: 9.3, Avg: 9.8, Max: 10.4, Diff: 1.1, Sum: 295.0]
      [GC Worker End (ms): Min: 391253.3, Avg: 391253.5, Max: 391253.7, Diff: 0.3]
   [Code Root Fixup: 0.0 ms]
   [Code Root Purge: 0.0 ms]
   [Clear CT: 2.5 ms]
   [Other: 13.3 ms]
      [Choose CSet: 0.0 ms]
      [Ref Proc: 7.7 ms]
      [Ref Enq: 1.0 ms]
      [Redirty Cards: 2.6 ms]
      [Humongous Register: 0.3 ms]
      [Humongous Reclaim: 0.1 ms]
      [Free CSet: 1.3 ms]
   [Eden: 4016.0M(4016.0M)->0.0B(4008.0M) Survivors: 44.0M->48.0M Heap: 7021.6M(8192.0M)->3010.3M(8192.0M)]
 [Times: user=0.32 sys=0.00, real=0.03 secs]
2018-04-30T04:33:48.933+0200: 391.270: Total time for which application threads were stopped: 0.0279709 seconds, Stopping threads took: 0.0002901 seconds
2018-04-30T04:33:49.366+0200: 391.702: Application time: 0.4324687 seconds
2018-04-30T04:33:49.367+0200: 391.703: [GC pause (G1 Evacuation Pause) (young)
Desired survivor size 266338304 bytes, new threshold 15 (max 15)
- age   1:   11947392 bytes,   11947392 total
- age   2:    1333288 bytes,   13280680 total
- age   3:    1182080 bytes,   14462760 total
- age   4:    1476872 bytes,   15939632 total
- age   5:    1201648 bytes,   17141280 total
- age   6:    1240440 bytes,   18381720 total
- age   7:    1202880 bytes,   19584600 total
- age   8:    1225536 bytes,   20810136 total
- age   9:    2149384 bytes,   22959520 total
- age  10:     108224 bytes,   23067744 total
- age  11:    1041536 bytes,   24109280 total
- age  12:    1253536 bytes,   25362816 total
- age  13:    1291320 bytes,   26654136 total
- age  14:    1639392 bytes,   28293528 total
- age  15:     104080 bytes,   28397608 total
, 0.0270557 secs]
   [Parallel Time: 10.8 ms, GC Workers: 30]
      [GC Worker Start (ms): Min: 391703.7, Avg: 391704.1, Max: 391704.3, Diff: 0.6]
      [Ext Root Scanning (ms): Min: 0.4, Avg: 0.6, Max: 1.2, Diff: 0.9, Sum: 18.9]
      [Update RS (ms): Min: 1.6, Avg: 2.1, Max: 2.5, Diff: 0.9, Sum: 62.3]
         [Processed Buffers: Min: 2, Avg: 3.9, Max: 16, Diff: 14, Sum: 118]
      [Scan RS (ms): Min: 0.0, Avg: 0.2, Max: 0.5, Diff: 0.4, Sum: 5.9]
      [Code Root Scanning (ms): Min: 0.0, Avg: 0.0, Max: 0.0, Diff: 0.0, Sum: 0.1]
      [Object Copy (ms): Min: 6.7, Avg: 6.9, Max: 7.1, Diff: 0.5, Sum: 208.2]
      [Termination (ms): Min: 0.0, Avg: 0.0, Max: 0.0, Diff: 0.0, Sum: 0.3]
         [Termination Attempts: Min: 1, Avg: 1.0, Max: 1, Diff: 0, Sum: 30]
      [GC Worker Other (ms): Min: 0.0, Avg: 0.2, Max: 0.3, Diff: 0.3, Sum: 5.2]
      [GC Worker Total (ms): Min: 9.7, Avg: 10.0, Max: 10.5, Diff: 0.8, Sum: 300.8]
      [GC Worker End (ms): Min: 391713.9, Avg: 391714.1, Max: 391714.2, Diff: 0.3]
   [Code Root Fixup: 0.0 ms]
   [Code Root Purge: 0.0 ms]
   [Clear CT: 2.0 ms]
   [Other: 14.2 ms]
      [Choose CSet: 0.0 ms]
      [Ref Proc: 8.5 ms]
      [Ref Enq: 1.3 ms]
      [Redirty Cards: 2.3 ms]
      [Humongous Register: 0.3 ms]
      [Humongous Reclaim: 0.1 ms]
      [Free CSet: 1.5 ms]
   [Eden: 4008.0M(4008.0M)->0.0B(4016.0M) Survivors: 48.0M->44.0M Heap: 7018.3M(8192.0M)->3006.7M(8192.0M)]
 [Times: user=0.31 sys=0.01, real=0.03 secs]
2018-04-30T04:33:49.394+0200: 391.731: Total time for which application threads were stopped: 0.0285421 seconds, Stopping threads took: 0.0004419 seconds
2018-04-30T04:33:49.836+0200: 392.172: Application time: 0.4415243 seconds
2018-04-30T04:33:49.837+0200: 392.173: [GC pause (G1 Evacuation Pause) (young)
Desired survivor size 266338304 bytes, new threshold 15 (max 15)
- age   1:   11359088 bytes,   11359088 total
- age   2:    1244776 bytes,   12603864 total
- age   3:    1326768 bytes,   13930632 total
- age   4:    1180288 bytes,   15110920 total
- age   5:    1475616 bytes,   16586536 total
- age   6:    1200368 bytes,   17786904 total
- age   7:    1239288 bytes,   19026192 total
- age   8:    1202624 bytes,   20228816 total
- age   9:    1225056 bytes,   21453872 total
- age  10:    2149032 bytes,   23602904 total
- age  11:     108224 bytes,   23711128 total
- age  12:    1041504 bytes,   24752632 total
- age  13:     878216 bytes,   25630848 total
- age  14:     521224 bytes,   26152072 total
- age  15:    1613016 bytes,   27765088 total
, 0.0244482 secs]
   [Parallel Time: 10.1 ms, GC Workers: 30]
      [GC Worker Start (ms): Min: 392173.7, Avg: 392174.1, Max: 392174.5, Diff: 0.8]
      [Ext Root Scanning (ms): Min: 0.2, Avg: 0.6, Max: 1.3, Diff: 1.0, Sum: 17.8]
      [Update RS (ms): Min: 1.7, Avg: 2.0, Max: 2.4, Diff: 0.7, Sum: 60.3]
         [Processed Buffers: Min: 2, Avg: 3.8, Max: 16, Diff: 14, Sum: 113]
      [Scan RS (ms): Min: 0.0, Avg: 0.2, Max: 0.4, Diff: 0.4, Sum: 6.2]
      [Code Root Scanning (ms): Min: 0.0, Avg: 0.0, Max: 0.0, Diff: 0.0, Sum: 0.1]
      [Object Copy (ms): Min: 6.1, Avg: 6.3, Max: 6.4, Diff: 0.4, Sum: 188.2]
      [Termination (ms): Min: 0.0, Avg: 0.0, Max: 0.0, Diff: 0.0, Sum: 0.3]
         [Termination Attempts: Min: 1, Avg: 1.0, Max: 1, Diff: 0, Sum: 30]
      [GC Worker Other (ms): Min: 0.0, Avg: 0.2, Max: 0.3, Diff: 0.3, Sum: 4.8]
      [GC Worker Total (ms): Min: 8.8, Avg: 9.3, Max: 9.7, Diff: 0.9, Sum: 277.7]
      [GC Worker End (ms): Min: 392183.2, Avg: 392183.4, Max: 392183.5, Diff: 0.3]
   [Code Root Fixup: 0.0 ms]
   [Code Root Purge: 0.0 ms]
   [Clear CT: 1.3 ms]
   [Other: 13.0 ms]
      [Choose CSet: 0.0 ms]
      [Ref Proc: 7.6 ms]
      [Ref Enq: 1.0 ms]
      [Redirty Cards: 2.4 ms]
      [Humongous Register: 0.3 ms]
      [Humongous Reclaim: 0.1 ms]
      [Free CSet: 1.4 ms]
   [Eden: 4016.0M(4016.0M)->0.0B(4024.0M) Survivors: 44.0M->40.0M Heap: 7022.7M(8192.0M)->3005.2M(8192.0M)]
 [Times: user=0.30 sys=0.00, real=0.02 secs]
2018-04-30T04:33:49.862+0200: 392.198: Total time for which application threads were stopped: 0.0258500 seconds, Stopping threads took: 0.0003812 seconds
2018-04-30T04:33:50.294+0200: 392.630: Application time: 0.4321664 seconds
2018-04-30T04:33:50.295+0200: 392.631: [GC pause (G1 Evacuation Pause) (young)
Desired survivor size 266338304 bytes, new threshold 15 (max 15)
- age   1:   11074680 bytes,   11074680 total
- age   2:    1185936 bytes,   12260616 total
- age   3:    1218040 bytes,   13478656 total
- age   4:    1185232 bytes,   14663888 total
- age   5:    1167904 bytes,   15831792 total
- age   6:    1217536 bytes,   17049328 total
- age   7:    1198752 bytes,   18248080 total
- age   8:    1239096 bytes,   19487176 total
- age   9:    1201856 bytes,   20689032 total
- age  10:    1224640 bytes,   21913672 total
- age  11:    2148536 bytes,   24062208 total
- age  12:     108192 bytes,   24170400 total
- age  13:     454736 bytes,   24625136 total
- age  14:     281312 bytes,   24906448 total
- age  15:     520696 bytes,   25427144 total
, 0.0298172 secs]
   [Parallel Time: 12.1 ms, GC Workers: 30]
      [GC Worker Start (ms): Min: 392631.7, Avg: 392632.1, Max: 392632.5, Diff: 0.8]
      [Ext Root Scanning (ms): Min: 0.1, Avg: 0.6, Max: 1.3, Diff: 1.1, Sum: 17.3]
      [Update RS (ms): Min: 1.7, Avg: 2.3, Max: 2.6, Diff: 1.0, Sum: 68.5]
         [Processed Buffers: Min: 2, Avg: 4.1, Max: 11, Diff: 9, Sum: 123]
      [Scan RS (ms): Min: 0.0, Avg: 0.2, Max: 0.5, Diff: 0.4, Sum: 5.7]
      [Code Root Scanning (ms): Min: 0.0, Avg: 0.0, Max: 0.0, Diff: 0.0, Sum: 0.1]
      [Object Copy (ms): Min: 7.3, Avg: 7.5, Max: 7.9, Diff: 0.6, Sum: 224.4]
      [Termination (ms): Min: 0.0, Avg: 0.6, Max: 0.8, Diff: 0.8, Sum: 18.9]
         [Termination Attempts: Min: 1, Avg: 1.0, Max: 1, Diff: 0, Sum: 30]
      [GC Worker Other (ms): Min: 0.0, Avg: 0.0, Max: 0.1, Diff: 0.1, Sum: 1.3]
      [GC Worker Total (ms): Min: 10.7, Avg: 11.2, Max: 11.8, Diff: 1.1, Sum: 336.2]
      [GC Worker End (ms): Min: 392643.0, Avg: 392643.3, Max: 392643.5, Diff: 0.5]
   [Code Root Fixup: 0.0 ms]
   [Code Root Purge: 0.0 ms]
   [Clear CT: 2.8 ms]
   [Other: 14.9 ms]
      [Choose CSet: 0.0 ms]
      [Ref Proc: 8.7 ms]
      [Ref Enq: 1.2 ms]
      [Redirty Cards: 3.0 ms]
      [Humongous Register: 0.3 ms]
      [Humongous Reclaim: 0.1 ms]
      [Free CSet: 1.4 ms]
   [Eden: 4024.0M(4024.0M)->0.0B(4000.0M) Survivors: 40.0M->52.0M Heap: 7029.2M(8192.0M)->3015.8M(8192.0M)]
 [Times: user=0.36 sys=0.00, real=0.03 secs]
2018-04-30T04:33:50.325+0200: 392.661: Total time for which application threads were stopped: 0.0311381 seconds, Stopping threads took: 0.0002885 seconds
2018-04-30T04:33:50.750+0200: 393.087: Application time: 0.4255632 seconds
2018-04-30T04:33:50.752+0200: 393.088: [GC pause (G1 Evacuation Pause) (young)
Desired survivor size 266338304 bytes, new threshold 15 (max 15)
- age   1:   15773088 bytes,   15773088 total
- age   2:    1663528 bytes,   17436616 total
- age   3:    1181568 bytes,   18618184 total
- age   4:    1215368 bytes,   19833552 total
- age   5:    1183888 bytes,   21017440 total
- age   6:    1167064 bytes,   22184504 total
- age   7:    1215856 bytes,   23400360 total
- age   8:    1197920 bytes,   24598280 total
- age   9:    1238576 bytes,   25836856 total
- age  10:    1201440 bytes,   27038296 total
- age  11:    1224248 bytes,   28262544 total
- age  12:    1480376 bytes,   29742920 total
- age  13:       5512 bytes,   29748432 total
- age  14:      33240 bytes,   29781672 total
- age  15:     281312 bytes,   30062984 total
, 0.0255453 secs]
   [Parallel Time: 10.4 ms, GC Workers: 30]
      [GC Worker Start (ms): Min: 393088.4, Avg: 393088.9, Max: 393089.4, Diff: 1.1]
      [Ext Root Scanning (ms): Min: 0.0, Avg: 0.5, Max: 1.2, Diff: 1.2, Sum: 15.3]
      [Update RS (ms): Min: 1.6, Avg: 2.0, Max: 2.5, Diff: 0.8, Sum: 61.2]
         [Processed Buffers: Min: 2, Avg: 3.7, Max: 8, Diff: 6, Sum: 111]
      [Scan RS (ms): Min: 0.0, Avg: 0.2, Max: 0.5, Diff: 0.5, Sum: 5.7]
      [Code Root Scanning (ms): Min: 0.0, Avg: 0.0, Max: 0.0, Diff: 0.0, Sum: 0.1]
      [Object Copy (ms): Min: 6.2, Avg: 6.5, Max: 6.7, Diff: 0.4, Sum: 196.4]
      [Termination (ms): Min: 0.0, Avg: 0.0, Max: 0.0, Diff: 0.0, Sum: 0.3]
         [Termination Attempts: Min: 1, Avg: 1.0, Max: 1, Diff: 0, Sum: 30]
      [GC Worker Other (ms): Min: 0.0, Avg: 0.2, Max: 0.3, Diff: 0.3, Sum: 5.2]
      [GC Worker Total (ms): Min: 8.9, Avg: 9.5, Max: 10.1, Diff: 1.2, Sum: 284.2]
      [GC Worker End (ms): Min: 393098.2, Avg: 393098.4, Max: 393098.5, Diff: 0.3]
   [Code Root Fixup: 0.0 ms]
   [Code Root Purge: 0.0 ms]
   [Clear CT: 1.7 ms]
   [Other: 13.4 ms]
      [Choose CSet: 0.0 ms]
      [Ref Proc: 7.7 ms]
      [Ref Enq: 1.1 ms]
      [Redirty Cards: 2.5 ms]
      [Humongous Register: 0.3 ms]
      [Humongous Reclaim: 0.1 ms]
      [Free CSet: 1.4 ms]
   [Eden: 4000.0M(4000.0M)->0.0B(4020.0M) Survivors: 52.0M->40.0M Heap: 7015.8M(8192.0M)->3007.2M(8192.0M)]
 [Times: user=0.30 sys=0.01, real=0.02 secs]
2018-04-30T04:33:50.777+0200: 393.114: Total time for which application threads were stopped: 0.0269526 seconds, Stopping threads took: 0.0003436 seconds
2018-04-30T04:33:51.081+0200: 393.418: Application time: 0.3039073 seconds
2018-04-30T04:33:51.083+0200: 393.419: Total time for which application threads were stopped: 0.0012318 seconds, Stopping threads took: 0.0004070 seconds
2018-04-30T04:33:51.220+0200: 393.557: Application time: 0.1376376 seconds
2018-04-30T04:33:51.221+0200: 393.558: [GC pause (G1 Evacuation Pause) (young)
Desired survivor size 266338304 bytes, new threshold 15 (max 15)
- age   1:   11766376 bytes,   11766376 total
- age   2:    1224640 bytes,   12991016 total
- age   3:    1658296 bytes,   14649312 total
- age   4:    1179776 bytes,   15829088 total
- age   5:    1214472 bytes,   17043560 total
- age   6:    1182096 bytes,   18225656 total
- age   7:    1166096 bytes,   19391752 total
- age   8:    1214632 bytes,   20606384 total
- age   9:    1197216 bytes,   21803600 total
- age  10:    1238320 bytes,   23041920 total
- age  11:    1201120 bytes,   24243040 total
- age  12:     596832 bytes,   24839872 total
- age  13:     940704 bytes,   25780576 total
- age  14:       5376 bytes,   25785952 total
- age  15:      33104 bytes,   25819056 total
, 0.0268659 secs]
   [Parallel Time: 10.6 ms, GC Workers: 30]
      [GC Worker Start (ms): Min: 393558.3, Avg: 393558.8, Max: 393559.4, Diff: 1.1]
      [Ext Root Scanning (ms): Min: 0.0, Avg: 0.6, Max: 1.3, Diff: 1.3, Sum: 17.5]
      [Update RS (ms): Min: 1.6, Avg: 2.0, Max: 2.5, Diff: 0.9, Sum: 61.5]
         [Processed Buffers: Min: 1, Avg: 3.9, Max: 19, Diff: 18, Sum: 116]
      [Scan RS (ms): Min: 0.0, Avg: 0.2, Max: 0.5, Diff: 0.5, Sum: 6.0]
      [Code Root Scanning (ms): Min: 0.0, Avg: 0.0, Max: 0.0, Diff: 0.0, Sum: 0.1]
      [Object Copy (ms): Min: 6.5, Avg: 6.8, Max: 6.9, Diff: 0.4, Sum: 204.5]
      [Termination (ms): Min: 0.0, Avg: 0.0, Max: 0.0, Diff: 0.0, Sum: 0.2]
         [Termination Attempts: Min: 1, Avg: 1.0, Max: 1, Diff: 0, Sum: 30]
      [GC Worker Other (ms): Min: 0.0, Avg: 0.2, Max: 0.4, Diff: 0.3, Sum: 5.9]
      [GC Worker Total (ms): Min: 9.2, Avg: 9.9, Max: 10.3, Diff: 1.1, Sum: 295.6]
      [GC Worker End (ms): Min: 393568.5, Avg: 393568.7, Max: 393568.8, Diff: 0.3]
   [Code Root Fixup: 0.0 ms]
   [Code Root Purge: 0.0 ms]
   [Clear CT: 2.8 ms]
   [Other: 13.4 ms]
      [Choose CSet: 0.0 ms]
      [Ref Proc: 7.6 ms]
      [Ref Enq: 1.0 ms]
      [Redirty Cards: 3.0 ms]
      [Humongous Register: 0.3 ms]
      [Humongous Reclaim: 0.1 ms]
      [Free CSet: 1.3 ms]
   [Eden: 4020.0M(4020.0M)->0.0B(4012.0M) Survivors: 40.0M->44.0M Heap: 7027.2M(8192.0M)->3011.1M(8192.0M)]
 [Times: user=0.32 sys=0.00, real=0.03 secs]
2018-04-30T04:33:51.249+0200: 393.585: Total time for which application threads were stopped: 0.0283621 seconds, Stopping threads took: 0.0004907 seconds
2018-04-30T04:33:51.543+0200: 393.880: Application time: 0.2946871 seconds
2018-04-30T04:33:51.545+0200: 393.881: Total time for which application threads were stopped: 0.0012324 seconds, Stopping threads took: 0.0004121 seconds
2018-04-30T04:33:51.679+0200: 394.015: Application time: 0.1340384 seconds
2018-04-30T04:33:51.680+0200: 394.016: [GC pause (G1 Evacuation Pause) (young)
Desired survivor size 266338304 bytes, new threshold 15 (max 15)
- age   1:   12606920 bytes,   12606920 total
- age   2:    1183272 bytes,   13790192 total
- age   3:    1220808 bytes,   15011000 total
- age   4:    1656120 bytes,   16667120 total
- age   5:    1178912 bytes,   17846032 total
- age   6:    1213512 bytes,   19059544 total
- age   7:    1181648 bytes,   20241192 total
- age   8:    1165584 bytes,   21406776 total
- age   9:    1214312 bytes,   22621088 total
- age  10:    1197088 bytes,   23818176 total
- age  11:    1238256 bytes,   25056432 total
- age  12:     637136 bytes,   25693568 total
- age  13:      27768 bytes,   25721336 total
- age  14:     940704 bytes,   26662040 total
- age  15:       5376 bytes,   26667416 total
, 0.0255092 secs]
   [Parallel Time: 10.8 ms, GC Workers: 30]
      [GC Worker Start (ms): Min: 394016.6, Avg: 394017.1, Max: 394017.5, Diff: 0.9]
      [Ext Root Scanning (ms): Min: 0.1, Avg: 0.5, Max: 1.2, Diff: 1.1, Sum: 15.7]
      [Update RS (ms): Min: 1.6, Avg: 1.9, Max: 2.3, Diff: 0.7, Sum: 55.8]
         [Processed Buffers: Min: 2, Avg: 3.8, Max: 9, Diff: 7, Sum: 113]
      [Scan RS (ms): Min: 0.0, Avg: 0.2, Max: 0.4, Diff: 0.4, Sum: 6.1]
      [Code Root Scanning (ms): Min: 0.0, Avg: 0.0, Max: 0.0, Diff: 0.0, Sum: 0.1]
      [Object Copy (ms): Min: 6.8, Avg: 7.1, Max: 7.2, Diff: 0.4, Sum: 212.3]
      [Termination (ms): Min: 0.0, Avg: 0.0, Max: 0.0, Diff: 0.0, Sum: 0.2]
         [Termination Attempts: Min: 1, Avg: 1.0, Max: 1, Diff: 0, Sum: 30]
      [GC Worker Other (ms): Min: 0.0, Avg: 0.2, Max: 0.3, Diff: 0.3, Sum: 5.0]
      [GC Worker Total (ms): Min: 9.3, Avg: 9.8, Max: 10.3, Diff: 1.0, Sum: 295.2]
      [GC Worker End (ms): Min: 394026.8, Avg: 394027.0, Max: 394027.1, Diff: 0.3]
   [Code Root Fixup: 0.0 ms]
   [Code Root Purge: 0.0 ms]
   [Clear CT: 2.0 ms]
   [Other: 12.7 ms]
      [Choose CSet: 0.0 ms]
      [Ref Proc: 7.3 ms]
      [Ref Enq: 0.8 ms]
      [Redirty Cards: 2.7 ms]
      [Humongous Register: 0.4 ms]
      [Humongous Reclaim: 0.1 ms]
      [Free CSet: 1.2 ms]
   [Eden: 4012.0M(4012.0M)->0.0B(4004.0M) Survivors: 44.0M->48.0M Heap: 7023.1M(8192.0M)->3012.6M(8192.0M)]
 [Times: user=0.31 sys=0.01, real=0.03 secs]
2018-04-30T04:33:51.706+0200: 394.042: Total time for which application threads were stopped: 0.0269721 seconds, Stopping threads took: 0.0004168 seconds
2018-04-30T04:33:52.070+0200: 394.406: Application time: 0.3641874 seconds
2018-04-30T04:33:52.071+0200: 394.407: Total time for which application threads were stopped: 0.0013911 seconds, Stopping threads took: 0.0005723 seconds
2018-04-30T04:33:52.129+0200: 394.465: Application time: 0.0577785 seconds
2018-04-30T04:33:52.130+0200: 394.466: [GC pause (G1 Evacuation Pause) (young)
Desired survivor size 266338304 bytes, new threshold 15 (max 15)
- age   1:   13272560 bytes,   13272560 total
- age   2:    1309368 bytes,   14581928 total
- age   3:    1179376 bytes,   15761304 total
- age   4:    1219528 bytes,   16980832 total
- age   5:    1654704 bytes,   18635536 total
- age   6:    1177504 bytes,   19813040 total
- age   7:    1213000 bytes,   21026040 total
- age   8:    1180752 bytes,   22206792 total
- age   9:    1165256 bytes,   23372048 total
- age  10:    1213864 bytes,   24585912 total
- age  11:    1197088 bytes,   25783000 total
- age  12:     693752 bytes,   26476752 total
- age  13:      22488 bytes,   26499240 total
- age  14:      27704 bytes,   26526944 total
- age  15:     940640 bytes,   27467584 total
, 0.0257709 secs]
   [Parallel Time: 10.4 ms, GC Workers: 30]
      [GC Worker Start (ms): Min: 394466.8, Avg: 394467.4, Max: 394467.7, Diff: 0.9]
      [Ext Root Scanning (ms): Min: 0.2, Avg: 0.6, Max: 1.3, Diff: 1.1, Sum: 16.5]
      [Update RS (ms): Min: 1.6, Avg: 1.9, Max: 2.3, Diff: 0.8, Sum: 57.4]
         [Processed Buffers: Min: 2, Avg: 3.7, Max: 13, Diff: 11, Sum: 110]
      [Scan RS (ms): Min: 0.0, Avg: 0.2, Max: 0.5, Diff: 0.4, Sum: 5.8]
      [Code Root Scanning (ms): Min: 0.0, Avg: 0.0, Max: 0.0, Diff: 0.0, Sum: 0.1]
      [Object Copy (ms): Min: 6.5, Avg: 6.8, Max: 6.9, Diff: 0.4, Sum: 203.7]
      [Termination (ms): Min: 0.0, Avg: 0.0, Max: 0.0, Diff: 0.0, Sum: 0.3]
         [Termination Attempts: Min: 1, Avg: 1.0, Max: 1, Diff: 0, Sum: 30]
      [GC Worker Other (ms): Min: 0.0, Avg: 0.2, Max: 0.3, Diff: 0.3, Sum: 4.9]
      [GC Worker Total (ms): Min: 9.2, Avg: 9.6, Max: 10.3, Diff: 1.1, Sum: 288.7]
      [GC Worker End (ms): Min: 394476.8, Avg: 394477.0, Max: 394477.1, Diff: 0.3]
   [Code Root Fixup: 0.0 ms]
   [Code Root Purge: 0.0 ms]
   [Clear CT: 2.3 ms]
   [Other: 13.1 ms]
      [Choose CSet: 0.0 ms]
      [Ref Proc: 7.6 ms]
      [Ref Enq: 1.0 ms]
      [Redirty Cards: 2.5 ms]
      [Humongous Register: 0.3 ms]
      [Humongous Reclaim: 0.1 ms]
      [Free CSet: 1.3 ms]
   [Eden: 4004.0M(4004.0M)->0.0B(4012.0M) Survivors: 48.0M->44.0M Heap: 7016.6M(8192.0M)->3009.5M(8192.0M)]
 [Times: user=0.31 sys=0.00, real=0.03 secs]
2018-04-30T04:33:52.156+0200: 394.492: Total time for which application threads were stopped: 0.0271548 seconds, Stopping threads took: 0.0003774 seconds
2018-04-30T04:33:52.611+0200: 394.948: Application time: 0.4554294 seconds
2018-04-30T04:33:52.613+0200: 394.949: [GC pause (G1 Evacuation Pause) (young)
Desired survivor size 266338304 bytes, new threshold 15 (max 15)
- age   1:   12791616 bytes,   12791616 total
- age   2:    1171608 bytes,   13963224 total
- age   3:    1153088 bytes,   15116312 total
- age   4:    1177584 bytes,   16293896 total
- age   5:    1217896 bytes,   17511792 total
- age   6:    1653424 bytes,   19165216 total
- age   7:    1176472 bytes,   20341688 total
- age   8:    1212744 bytes,   21554432 total
- age   9:    1180624 bytes,   22735056 total
- age  10:    1164552 bytes,   23899608 total
- age  11:    1213608 bytes,   25113216 total
- age  12:     725784 bytes,   25839000 total
- age  13:      15864 bytes,   25854864 total
- age  14:      22360 bytes,   25877224 total
- age  15:      27640 bytes,   25904864 total
, 0.0241068 secs]
   [Parallel Time: 10.2 ms, GC Workers: 30]
      [GC Worker Start (ms): Min: 394949.4, Avg: 394949.9, Max: 394950.4, Diff: 1.0]
      [Ext Root Scanning (ms): Min: 0.0, Avg: 0.5, Max: 1.2, Diff: 1.2, Sum: 14.3]
      [Update RS (ms): Min: 1.6, Avg: 2.0, Max: 2.3, Diff: 0.7, Sum: 59.0]
         [Processed Buffers: Min: 2, Avg: 3.8, Max: 10, Diff: 8, Sum: 115]
      [Scan RS (ms): Min: 0.0, Avg: 0.2, Max: 0.4, Diff: 0.4, Sum: 6.1]
      [Code Root Scanning (ms): Min: 0.0, Avg: 0.0, Max: 0.0, Diff: 0.0, Sum: 0.1]
      [Object Copy (ms): Min: 6.2, Avg: 6.4, Max: 6.6, Diff: 0.3, Sum: 192.8]
      [Termination (ms): Min: 0.0, Avg: 0.0, Max: 0.0, Diff: 0.0, Sum: 0.2]
         [Termination Attempts: Min: 1, Avg: 1.0, Max: 1, Diff: 0, Sum: 30]
      [GC Worker Other (ms): Min: 0.0, Avg: 0.2, Max: 0.4, Diff: 0.3, Sum: 5.4]
      [GC Worker Total (ms): Min: 8.7, Avg: 9.3, Max: 9.9, Diff: 1.2, Sum: 277.9]
      [GC Worker End (ms): Min: 394959.1, Avg: 394959.2, Max: 394959.4, Diff: 0.3]
   [Code Root Fixup: 0.0 ms]
   [Code Root Purge: 0.0 ms]
   [Clear CT: 1.5 ms]
   [Other: 12.4 ms]
      [Choose CSet: 0.0 ms]
      [Ref Proc: 7.2 ms]
      [Ref Enq: 1.0 ms]
      [Redirty Cards: 2.3 ms]
      [Humongous Register: 0.3 ms]
      [Humongous Reclaim: 0.1 ms]
      [Free CSet: 1.3 ms]
   [Eden: 4012.0M(4012.0M)->0.0B(4020.0M) Survivors: 44.0M->40.0M Heap: 7021.5M(8192.0M)->3007.2M(8192.0M)]
 [Times: user=0.30 sys=0.00, real=0.02 secs]
2018-04-30T04:33:52.637+0200: 394.973: Total time for which application threads were stopped: 0.0255109 seconds, Stopping threads took: 0.0003383 seconds
2018-04-30T04:33:52.923+0200: 395.260: Application time: 0.2863863 seconds
2018-04-30T04:33:52.925+0200: 395.261: Total time for which application threads were stopped: 0.0011674 seconds, Stopping threads took: 0.0003451 seconds
2018-04-30T04:33:53.086+0200: 395.422: Application time: 0.1609766 seconds
2018-04-30T04:33:53.087+0200: 395.423: [GC pause (G1 Evacuation Pause) (young)
Desired survivor size 266338304 bytes, new threshold 15 (max 15)
- age   1:    9924176 bytes,    9924176 total
- age   2:    1402208 bytes,   11326384 total
- age   3:    1167304 bytes,   12493688 total
- age   4:    1151456 bytes,   13645144 total
- age   5:    1176240 bytes,   14821384 total
- age   6:    1216872 bytes,   16038256 total
- age   7:    1652528 bytes,   17690784 total
- age   8:    1175896 bytes,   18866680 total
- age   9:    1212168 bytes,   20078848 total
- age  10:    1180048 bytes,   21258896 total
- age  11:    1164360 bytes,   22423256 total
- age  12:     782656 bytes,   23205912 total
- age  13:       6632 bytes,   23212544 total
- age  14:      15864 bytes,   23228408 total
- age  15:      21704 bytes,   23250112 total
, 0.0223986 secs]
   [Parallel Time: 9.1 ms, GC Workers: 30]
      [GC Worker Start (ms): Min: 395423.6, Avg: 395424.0, Max: 395424.5, Diff: 0.9]
      [Ext Root Scanning (ms): Min: 0.1, Avg: 0.5, Max: 1.3, Diff: 1.2, Sum: 16.3]
      [Update RS (ms): Min: 1.6, Avg: 2.0, Max: 2.4, Diff: 0.8, Sum: 59.5]
         [Processed Buffers: Min: 2, Avg: 3.7, Max: 12, Diff: 10, Sum: 110]
      [Scan RS (ms): Min: 0.0, Avg: 0.2, Max: 0.5, Diff: 0.5, Sum: 6.4]
      [Code Root Scanning (ms): Min: 0.0, Avg: 0.0, Max: 0.0, Diff: 0.0, Sum: 0.1]
      [Object Copy (ms): Min: 5.3, Avg: 5.5, Max: 5.6, Diff: 0.3, Sum: 164.4]
      [Termination (ms): Min: 0.0, Avg: 0.0, Max: 0.0, Diff: 0.0, Sum: 0.2]
         [Termination Attempts: Min: 1, Avg: 1.0, Max: 1, Diff: 0, Sum: 30]
      [GC Worker Other (ms): Min: 0.0, Avg: 0.2, Max: 0.3, Diff: 0.3, Sum: 4.8]
      [GC Worker Total (ms): Min: 7.8, Avg: 8.4, Max: 8.9, Diff: 1.1, Sum: 251.7]
      [GC Worker End (ms): Min: 395432.3, Avg: 395432.4, Max: 395432.6, Diff: 0.3]
   [Code Root Fixup: 0.0 ms]
   [Code Root Purge: 0.0 ms]
   [Clear CT: 2.2 ms]
   [Other: 11.0 ms]
      [Choose CSet: 0.0 ms]
      [Ref Proc: 6.6 ms]
      [Ref Enq: 0.7 ms]
      [Redirty Cards: 1.9 ms]
      [Humongous Register: 0.3 ms]
      [Humongous Reclaim: 0.1 ms]
      [Free CSet: 1.2 ms]
   [Eden: 4020.0M(4020.0M)->0.0B(4028.0M) Survivors: 40.0M->36.0M Heap: 7027.2M(8192.0M)->3003.1M(8192.0M)]
 [Times: user=0.27 sys=0.00, real=0.02 secs]
2018-04-30T04:33:53.109+0200: 395.446: Total time for which application threads were stopped: 0.0238317 seconds, Stopping threads took: 0.0004470 seconds
2018-04-30T04:33:53.556+0200: 395.892: Application time: 0.4462344 seconds
2018-04-30T04:33:53.557+0200: 395.893: [GC pause (G1 Evacuation Pause) (young)
Desired survivor size 266338304 bytes, new threshold 15 (max 15)
- age   1:    9006392 bytes,    9006392 total
- age   2:    1203312 bytes,   10209704 total
- age   3:    1395952 bytes,   11605656 total
- age   4:    1165832 bytes,   12771488 total
- age   5:    1150016 bytes,   13921504 total
- age   6:    1174760 bytes,   15096264 total
- age   7:    1216232 bytes,   16312496 total
- age   8:    1651760 bytes,   17964256 total
- age   9:    1175576 bytes,   19139832 total
- age  10:    1211720 bytes,   20351552 total
- age  11:    1179784 bytes,   21531336 total
- age  12:     799064 bytes,   22330400 total
- age  13:       8776 bytes,   22339176 total
- age  14:       6568 bytes,   22345744 total
- age  15:      15864 bytes,   22361608 total
, 0.0247828 secs]
   [Parallel Time: 10.8 ms, GC Workers: 30]
      [GC Worker Start (ms): Min: 395893.6, Avg: 395894.2, Max: 395894.6, Diff: 1.0]
      [Ext Root Scanning (ms): Min: 0.0, Avg: 0.5, Max: 1.2, Diff: 1.2, Sum: 14.9]
      [Update RS (ms): Min: 1.6, Avg: 1.9, Max: 2.3, Diff: 0.7, Sum: 56.7]
         [Processed Buffers: Min: 2, Avg: 3.7, Max: 10, Diff: 8, Sum: 112]
      [Scan RS (ms): Min: 0.0, Avg: 0.2, Max: 0.4, Diff: 0.4, Sum: 6.1]
      [Code Root Scanning (ms): Min: 0.0, Avg: 0.0, Max: 0.0, Diff: 0.0, Sum: 0.1]
      [Object Copy (ms): Min: 6.9, Avg: 7.1, Max: 7.2, Diff: 0.3, Sum: 213.3]
      [Termination (ms): Min: 0.0, Avg: 0.0, Max: 0.0, Diff: 0.0, Sum: 0.3]
         [Termination Attempts: Min: 1, Avg: 1.0, Max: 2, Diff: 1, Sum: 31]
      [GC Worker Other (ms): Min: 0.0, Avg: 0.2, Max: 0.4, Diff: 0.3, Sum: 5.4]
      [GC Worker Total (ms): Min: 9.3, Avg: 9.9, Max: 10.5, Diff: 1.2, Sum: 296.7]
      [GC Worker End (ms): Min: 395903.9, Avg: 395904.0, Max: 395904.2, Diff: 0.3]
   [Code Root Fixup: 0.0 ms]
   [Code Root Purge: 0.0 ms]
   [Clear CT: 1.1 ms]
   [Other: 12.9 ms]
      [Choose CSet: 0.0 ms]
      [Ref Proc: 7.3 ms]
      [Ref Enq: 1.1 ms]
      [Redirty Cards: 2.5 ms]
      [Humongous Register: 0.3 ms]
      [Humongous Reclaim: 0.1 ms]
      [Free CSet: 1.4 ms]
   [Eden: 4028.0M(4028.0M)->0.0B(4020.0M) Survivors: 36.0M->40.0M Heap: 7031.1M(8192.0M)->3007.0M(8192.0M)]
 [Times: user=0.32 sys=0.00, real=0.02 secs]
2018-04-30T04:33:53.582+0200: 395.918: Total time for which application threads were stopped: 0.0262518 seconds, Stopping threads took: 0.0004022 seconds
2018-04-30T04:33:53.893+0200: 396.230: Application time: 0.3114448 seconds
2018-04-30T04:33:53.895+0200: 396.231: Total time for which application threads were stopped: 0.0011968 seconds, Stopping threads took: 0.0003788 seconds
2018-04-30T04:33:54.059+0200: 396.396: Application time: 0.1647808 seconds
2018-04-30T04:33:54.060+0200: 396.397: [GC pause (G1 Evacuation Pause) (young)
Desired survivor size 266338304 bytes, new threshold 15 (max 15)
- age   1:   12882312 bytes,   12882312 total
- age   2:    1166848 bytes,   14049160 total
- age   3:    1196800 bytes,   15245960 total
- age   4:    1393968 bytes,   16639928 total
- age   5:    1164680 bytes,   17804608 total
- age   6:    1149248 bytes,   18953856 total
- age   7:    1173856 bytes,   20127712 total
- age   8:    1215976 bytes,   21343688 total
- age   9:    1651504 bytes,   22995192 total
- age  10:    1175576 bytes,   24170768 total
- age  11:    1211528 bytes,   25382296 total
- age  12:     855368 bytes,   26237664 total
- age  13:      15928 bytes,   26253592 total
- age  14:       8712 bytes,   26262304 total
- age  15:       6568 bytes,   26268872 total
, 0.0239436 secs]
   [Parallel Time: 9.2 ms, GC Workers: 30]
      [GC Worker Start (ms): Min: 396397.1, Avg: 396397.7, Max: 396398.1, Diff: 1.0]
      [Ext Root Scanning (ms): Min: 0.0, Avg: 0.4, Max: 1.2, Diff: 1.2, Sum: 13.0]
      [Update RS (ms): Min: 1.3, Avg: 1.9, Max: 2.3, Diff: 1.0, Sum: 56.9]
         [Processed Buffers: Min: 2, Avg: 3.7, Max: 13, Diff: 11, Sum: 110]
      [Scan RS (ms): Min: 0.0, Avg: 0.2, Max: 0.5, Diff: 0.5, Sum: 5.8]
      [Code Root Scanning (ms): Min: 0.0, Avg: 0.0, Max: 0.0, Diff: 0.0, Sum: 0.1]
      [Object Copy (ms): Min: 5.3, Avg: 5.6, Max: 5.8, Diff: 0.4, Sum: 168.2]
      [Termination (ms): Min: 0.0, Avg: 0.0, Max: 0.0, Diff: 0.0, Sum: 0.4]
         [Termination Attempts: Min: 1, Avg: 1.0, Max: 1, Diff: 0, Sum: 30]
      [GC Worker Other (ms): Min: 0.0, Avg: 0.2, Max: 0.3, Diff: 0.3, Sum: 4.8]
      [GC Worker Total (ms): Min: 7.9, Avg: 8.3, Max: 9.0, Diff: 1.1, Sum: 249.1]
      [GC Worker End (ms): Min: 396405.9, Avg: 396406.0, Max: 396406.2, Diff: 0.3]
   [Code Root Fixup: 0.0 ms]
   [Code Root Purge: 0.0 ms]
   [Clear CT: 2.7 ms]
   [Other: 12.1 ms]
      [Choose CSet: 0.0 ms]
      [Ref Proc: 6.6 ms]
      [Ref Enq: 1.0 ms]
      [Redirty Cards: 2.5 ms]
      [Humongous Register: 0.3 ms]
      [Humongous Reclaim: 0.1 ms]
      [Free CSet: 1.4 ms]
   [Eden: 4020.0M(4020.0M)->0.0B(4020.0M) Survivors: 40.0M->40.0M Heap: 7027.0M(8192.0M)->3008.1M(8192.0M)]
 [Times: user=0.27 sys=0.01, real=0.03 secs]
2018-04-30T04:33:54.085+0200: 396.421: Total time for which application threads were stopped: 0.0252717 seconds, Stopping threads took: 0.0003295 seconds
2018-04-30T04:33:54.555+0200: 396.891: Application time: 0.4699528 seconds
2018-04-30T04:33:54.556+0200: 396.892: [GC pause (G1 Evacuation Pause) (young)
Desired survivor size 266338304 bytes, new threshold 15 (max 15)
- age   1:    9358024 bytes,    9358024 total
- age   2:    1276912 bytes,   10634936 total
- age   3:    1162480 bytes,   11797416 total
- age   4:    1194904 bytes,   12992320 total
- age   5:    1392400 bytes,   14384720 total
- age   6:    1163976 bytes,   15548696 total
- age   7:    1148608 bytes,   16697304 total
- age   8:    1173600 bytes,   17870904 total
- age   9:    1215976 bytes,   19086880 total
- age  10:    1651504 bytes,   20738384 total
- age  11:    1175512 bytes,   21913896 total
- age  12:     907160 bytes,   22821056 total
- age  13:       9800 bytes,   22830856 total
- age  14:      15800 bytes,   22846656 total
- age  15:       8712 bytes,   22855368 total
, 0.0255408 secs]
   [Parallel Time: 10.5 ms, GC Workers: 30]
      [GC Worker Start (ms): Min: 396892.6, Avg: 396893.2, Max: 396893.7, Diff: 1.1]
      [Ext Root Scanning (ms): Min: 0.0, Avg: 0.5, Max: 1.2, Diff: 1.2, Sum: 14.3]
      [Update RS (ms): Min: 1.6, Avg: 2.0, Max: 2.5, Diff: 0.9, Sum: 60.1]
         [Processed Buffers: Min: 2, Avg: 3.7, Max: 12, Diff: 10, Sum: 110]
      [Scan RS (ms): Min: 0.0, Avg: 0.2, Max: 0.5, Diff: 0.5, Sum: 7.0]
      [Code Root Scanning (ms): Min: 0.0, Avg: 0.0, Max: 0.1, Diff: 0.1, Sum: 0.1]
      [Object Copy (ms): Min: 6.5, Avg: 6.8, Max: 6.9, Diff: 0.4, Sum: 203.2]
      [Termination (ms): Min: 0.0, Avg: 0.0, Max: 0.0, Diff: 0.0, Sum: 0.3]
         [Termination Attempts: Min: 1, Avg: 1.0, Max: 1, Diff: 0, Sum: 30]
      [GC Worker Other (ms): Min: 0.0, Avg: 0.2, Max: 0.3, Diff: 0.3, Sum: 4.7]
      [GC Worker Total (ms): Min: 9.0, Avg: 9.7, Max: 10.1, Diff: 1.1, Sum: 289.7]
      [GC Worker End (ms): Min: 396902.7, Avg: 396902.8, Max: 396903.0, Diff: 0.3]
   [Code Root Fixup: 0.0 ms]
   [Code Root Purge: 0.0 ms]
   [Clear CT: 2.1 ms]
   [Other: 12.9 ms]
      [Choose CSet: 0.0 ms]
      [Ref Proc: 7.4 ms]
      [Ref Enq: 1.0 ms]
      [Redirty Cards: 2.4 ms]
      [Humongous Register: 0.3 ms]
      [Humongous Reclaim: 0.1 ms]
      [Free CSet: 1.4 ms]
   [Eden: 4020.0M(4020.0M)->0.0B(4028.0M) Survivors: 40.0M->36.0M Heap: 7028.1M(8192.0M)->3003.9M(8192.0M)]
 [Times: user=0.30 sys=0.01, real=0.02 secs]
2018-04-30T04:33:54.582+0200: 396.918: Total time for which application threads were stopped: 0.0270959 seconds, Stopping threads took: 0.0004428 seconds
2018-04-30T04:33:54.590+0200: 396.926: Application time: 0.0078918 seconds
2018-04-30T04:33:54.591+0200: 396.927: Total time for which application threads were stopped: 0.0011525 seconds, Stopping threads took: 0.0003570 seconds
2018-04-30T04:33:55.013+0200: 397.349: Application time: 0.4218549 seconds
2018-04-30T04:33:55.014+0200: 397.350: [GC pause (G1 Evacuation Pause) (young)
Desired survivor size 266338304 bytes, new threshold 15 (max 15)
- age   1:   10418624 bytes,   10418624 total
- age   2:    1183592 bytes,   11602216 total
- age   3:    1271744 bytes,   12873960 total
- age   4:    1160656 bytes,   14034616 total
- age   5:    1193944 bytes,   15228560 total
- age   6:    1391376 bytes,   16619936 total
- age   7:    1163528 bytes,   17783464 total
- age   8:    1148288 bytes,   18931752 total
- age   9:    1173408 bytes,   20105160 total
- age  10:    1215784 bytes,   21320944 total
- age  11:    1651376 bytes,   22972320 total
- age  12:     949488 bytes,   23921808 total
- age  13:       4600 bytes,   23926408 total
- age  14:       9608 bytes,   23936016 total
- age  15:      15736 bytes,   23951752 total
, 0.0246522 secs]
   [Parallel Time: 10.6 ms, GC Workers: 30]
      [GC Worker Start (ms): Min: 397350.5, Avg: 397351.0, Max: 397351.4, Diff: 1.0]
      [Ext Root Scanning (ms): Min: 0.0, Avg: 0.5, Max: 1.2, Diff: 1.2, Sum: 14.3]
      [Update RS (ms): Min: 1.5, Avg: 2.0, Max: 2.4, Diff: 0.9, Sum: 59.4]
         [Processed Buffers: Min: 2, Avg: 3.8, Max: 19, Diff: 17, Sum: 115]
      [Scan RS (ms): Min: 0.0, Avg: 0.2, Max: 0.5, Diff: 0.4, Sum: 6.3]
      [Code Root Scanning (ms): Min: 0.0, Avg: 0.0, Max: 0.0, Diff: 0.0, Sum: 0.1]
      [Object Copy (ms): Min: 6.5, Avg: 6.8, Max: 6.9, Diff: 0.4, Sum: 203.6]
      [Termination (ms): Min: 0.0, Avg: 0.0, Max: 0.0, Diff: 0.0, Sum: 0.2]
         [Termination Attempts: Min: 1, Avg: 1.0, Max: 1, Diff: 0, Sum: 30]
      [GC Worker Other (ms): Min: 0.0, Avg: 0.2, Max: 0.4, Diff: 0.3, Sum: 5.5]
      [GC Worker Total (ms): Min: 9.1, Avg: 9.6, Max: 10.3, Diff: 1.2, Sum: 289.4]
      [GC Worker End (ms): Min: 397360.5, Avg: 397360.7, Max: 397360.8, Diff: 0.3]
   [Code Root Fixup: 0.0 ms]
   [Code Root Purge: 0.0 ms]
   [Clear CT: 2.0 ms]
   [Other: 12.0 ms]
      [Choose CSet: 0.0 ms]
      [Ref Proc: 7.0 ms]
      [Ref Enq: 1.0 ms]
      [Redirty Cards: 2.1 ms]
      [Humongous Register: 0.3 ms]
      [Humongous Reclaim: 0.1 ms]
      [Free CSet: 1.3 ms]
   [Eden: 4028.0M(4028.0M)->0.0B(4028.0M) Survivors: 36.0M->36.0M Heap: 7031.9M(8192.0M)->3003.9M(8192.0M)]
 [Times: user=0.32 sys=0.00, real=0.02 secs]
2018-04-30T04:33:55.039+0200: 397.375: Total time for which application threads were stopped: 0.0260707 seconds, Stopping threads took: 0.0003680 seconds
2018-04-30T04:33:55.483+0200: 397.820: Application time: 0.4447241 seconds
2018-04-30T04:33:55.484+0200: 397.821: [GC pause (G1 Evacuation Pause) (young)
Desired survivor size 266338304 bytes, new threshold 15 (max 15)
- age   1:   12241320 bytes,   12241320 total
- age   2:    1143128 bytes,   13384448 total
- age   3:    1166344 bytes,   14550792 total
- age   4:    1121664 bytes,   15672456 total
- age   5:    1154448 bytes,   16826904 total
- age   6:    1162024 bytes,   17988928 total
- age   7:    1155376 bytes,   19144304 total
- age   8:    1163144 bytes,   20307448 total
- age   9:    1147584 bytes,   21455032 total
- age  10:    1172000 bytes,   22627032 total
- age  11:    1198344 bytes,   23825376 total
- age  12:    1033304 bytes,   24858680 total
- age  13:       4776 bytes,   24863456 total
- age  14:       4600 bytes,   24868056 total
- age  15:       9416 bytes,   24877472 total
, 0.0278446 secs]
   [Parallel Time: 11.2 ms, GC Workers: 30]
      [GC Worker Start (ms): Min: 397821.3, Avg: 397821.7, Max: 397822.2, Diff: 0.9]
      [Ext Root Scanning (ms): Min: 0.0, Avg: 0.5, Max: 1.2, Diff: 1.2, Sum: 14.9]
      [Update RS (ms): Min: 1.6, Avg: 1.9, Max: 2.3, Diff: 0.8, Sum: 58.3]
         [Processed Buffers: Min: 2, Avg: 3.8, Max: 18, Diff: 16, Sum: 115]
      [Scan RS (ms): Min: 0.0, Avg: 0.2, Max: 0.4, Diff: 0.4, Sum: 5.8]
      [Code Root Scanning (ms): Min: 0.0, Avg: 0.0, Max: 0.0, Diff: 0.0, Sum: 0.1]
      [Object Copy (ms): Min: 7.4, Avg: 7.7, Max: 7.8, Diff: 0.4, Sum: 229.7]
      [Termination (ms): Min: 0.0, Avg: 0.0, Max: 0.0, Diff: 0.0, Sum: 0.3]
         [Termination Attempts: Min: 1, Avg: 1.0, Max: 1, Diff: 0, Sum: 30]
      [GC Worker Other (ms): Min: 0.0, Avg: 0.2, Max: 0.3, Diff: 0.3, Sum: 4.9]
      [GC Worker Total (ms): Min: 10.0, Avg: 10.5, Max: 10.9, Diff: 0.9, Sum: 314.0]
      [GC Worker End (ms): Min: 397832.1, Avg: 397832.2, Max: 397832.3, Diff: 0.3]
   [Code Root Fixup: 0.0 ms]
   [Code Root Purge: 0.0 ms]
   [Clear CT: 2.6 ms]
   [Other: 14.0 ms]
      [Choose CSet: 0.0 ms]
      [Ref Proc: 8.8 ms]
      [Ref Enq: 0.8 ms]
      [Redirty Cards: 2.5 ms]
      [Humongous Register: 0.3 ms]
      [Humongous Reclaim: 0.1 ms]
      [Free CSet: 1.3 ms]
   [Eden: 4028.0M(4028.0M)->0.0B(4020.0M) Survivors: 36.0M->40.0M Heap: 7031.9M(8192.0M)->3006.5M(8192.0M)]
 [Times: user=0.34 sys=0.00, real=0.03 secs]
2018-04-30T04:33:55.513+0200: 397.849: Total time for which application threads were stopped: 0.0292568 seconds, Stopping threads took: 0.0003976 seconds
2018-04-30T04:33:55.685+0200: 398.022: Application time: 0.1727829 seconds
2018-04-30T04:33:55.687+0200: 398.023: Total time for which application threads were stopped: 0.0011562 seconds, Stopping threads took: 0.0003470 seconds
2018-04-30T04:33:55.840+0200: 398.176: Application time: 0.1536195 seconds
2018-04-30T04:33:55.841+0200: 398.178: Total time for which application threads were stopped: 0.0011457 seconds, Stopping threads took: 0.0003575 seconds
2018-04-30T04:33:55.952+0200: 398.288: Application time: 0.1104724 seconds
2018-04-30T04:33:55.953+0200: 398.289: [GC pause (G1 Evacuation Pause) (young)
Desired survivor size 266338304 bytes, new threshold 15 (max 15)
- age   1:   14236088 bytes,   14236088 total
- age   2:    2856600 bytes,   17092688 total
- age   3:    1137560 bytes,   18230248 total
- age   4:    1163704 bytes,   19393952 total
- age   5:    1119744 bytes,   20513696 total
- age   6:    1152896 bytes,   21666592 total
- age   7:    1160488 bytes,   22827080 total
- age   8:    1154608 bytes,   23981688 total
- age   9:    1163016 bytes,   25144704 total
- age  10:    1147264 bytes,   26291968 total
- age  11:    1171616 bytes,   27463584 total
- age  12:    1071496 bytes,   28535080 total
- age  13:       5544 bytes,   28540624 total
- age  14:       4776 bytes,   28545400 total
- age  15:       4536 bytes,   28549936 total
, 0.0239231 secs]
   [Parallel Time: 9.3 ms, GC Workers: 30]
      [GC Worker Start (ms): Min: 398289.7, Avg: 398290.1, Max: 398290.5, Diff: 0.8]
      [Ext Root Scanning (ms): Min: 0.1, Avg: 0.5, Max: 1.2, Diff: 1.1, Sum: 15.3]
      [Update RS (ms): Min: 1.5, Avg: 1.9, Max: 2.3, Diff: 0.8, Sum: 57.5]
         [Processed Buffers: Min: 2, Avg: 4.0, Max: 18, Diff: 16, Sum: 119]
      [Scan RS (ms): Min: 0.0, Avg: 0.2, Max: 0.4, Diff: 0.4, Sum: 5.6]
      [Code Root Scanning (ms): Min: 0.0, Avg: 0.0, Max: 0.0, Diff: 0.0, Sum: 0.1]
      [Object Copy (ms): Min: 5.5, Avg: 5.8, Max: 5.9, Diff: 0.4, Sum: 173.6]
      [Termination (ms): Min: 0.0, Avg: 0.0, Max: 0.0, Diff: 0.0, Sum: 0.3]
         [Termination Attempts: Min: 1, Avg: 1.0, Max: 1, Diff: 0, Sum: 30]
      [GC Worker Other (ms): Min: 0.0, Avg: 0.2, Max: 0.3, Diff: 0.3, Sum: 5.0]
      [GC Worker Total (ms): Min: 8.1, Avg: 8.6, Max: 9.1, Diff: 1.0, Sum: 257.4]
      [GC Worker End (ms): Min: 398298.6, Avg: 398298.7, Max: 398298.9, Diff: 0.3]
   [Code Root Fixup: 0.0 ms]
   [Code Root Purge: 0.0 ms]
   [Clear CT: 2.3 ms]
   [Other: 12.3 ms]
      [Choose CSet: 0.0 ms]
      [Ref Proc: 6.7 ms]
      [Ref Enq: 0.9 ms]
      [Redirty Cards: 2.6 ms]
      [Humongous Register: 0.3 ms]
      [Humongous Reclaim: 0.1 ms]
      [Free CSet: 1.4 ms]
   [Eden: 4020.0M(4020.0M)->0.0B(4020.0M) Survivors: 40.0M->40.0M Heap: 7026.5M(8192.0M)->3007.6M(8192.0M)]
 [Times: user=0.27 sys=0.01, real=0.02 secs]
2018-04-30T04:33:55.977+0200: 398.313: Total time for which application threads were stopped: 0.0252668 seconds, Stopping threads took: 0.0003458 seconds
2018-04-30T04:33:56.427+0200: 398.763: Application time: 0.4500998 seconds
2018-04-30T04:33:56.428+0200: 398.765: Total time for which application threads were stopped: 0.0013267 seconds, Stopping threads took: 0.0003997 seconds
2018-04-30T04:33:56.435+0200: 398.771: Application time: 0.0062004 seconds
2018-04-30T04:33:56.436+0200: 398.772: [GC pause (G1 Evacuation Pause) (young)
Desired survivor size 266338304 bytes, new threshold 15 (max 15)
- age   1:   10073112 bytes,   10073112 total
- age   2:    1190328 bytes,   11263440 total
- age   3:    2849392 bytes,   14112832 total
- age   4:    1135768 bytes,   15248600 total
- age   5:    1161848 bytes,   16410448 total
- age   6:    1117808 bytes,   17528256 total
- age   7:    1152000 bytes,   18680256 total
- age   8:    1159848 bytes,   19840104 total
- age   9:    1154160 bytes,   20994264 total
- age  10:    1162760 bytes,   22157024 total
- age  11:    1147264 bytes,   23304288 total
- age  12:    1146456 bytes,   24450744 total
- age  13:       5208 bytes,   24455952 total
- age  14:       5352 bytes,   24461304 total
- age  15:       4776 bytes,   24466080 total
, 0.0255933 secs]
   [Parallel Time: 10.3 ms, GC Workers: 30]
      [GC Worker Start (ms): Min: 398772.5, Avg: 398773.2, Max: 398773.8, Diff: 1.3]
      [Ext Root Scanning (ms): Min: 0.0, Avg: 0.4, Max: 1.2, Diff: 1.2, Sum: 12.6]
      [Update RS (ms): Min: 1.5, Avg: 1.9, Max: 2.4, Diff: 0.9, Sum: 57.1]
         [Processed Buffers: Min: 2, Avg: 3.8, Max: 14, Diff: 12, Sum: 114]
      [Scan RS (ms): Min: 0.0, Avg: 0.2, Max: 0.4, Diff: 0.4, Sum: 6.5]
      [Code Root Scanning (ms): Min: 0.0, Avg: 0.0, Max: 0.0, Diff: 0.0, Sum: 0.1]
      [Object Copy (ms): Min: 6.3, Avg: 6.6, Max: 6.8, Diff: 0.4, Sum: 198.6]
      [Termination (ms): Min: 0.0, Avg: 0.0, Max: 0.0, Diff: 0.0, Sum: 0.3]
         [Termination Attempts: Min: 1, Avg: 1.0, Max: 1, Diff: 0, Sum: 30]
      [GC Worker Other (ms): Min: 0.0, Avg: 0.2, Max: 0.3, Diff: 0.3, Sum: 4.8]
      [GC Worker Total (ms): Min: 8.5, Avg: 9.3, Max: 10.0, Diff: 1.5, Sum: 279.9]
      [GC Worker End (ms): Min: 398782.4, Avg: 398782.5, Max: 398782.7, Diff: 0.3]
   [Code Root Fixup: 0.0 ms]
   [Code Root Purge: 0.0 ms]
   [Clear CT: 2.4 ms]
   [Other: 12.9 ms]
      [Choose CSet: 0.0 ms]
      [Ref Proc: 7.0 ms]
      [Ref Enq: 0.9 ms]
      [Redirty Cards: 2.9 ms]
      [Humongous Register: 0.3 ms]
      [Humongous Reclaim: 0.1 ms]
      [Free CSet: 1.4 ms]
   [Eden: 4020.0M(4020.0M)->0.0B(4012.0M) Survivors: 40.0M->44.0M Heap: 7027.6M(8192.0M)->3012.2M(8192.0M)]
 [Times: user=0.30 sys=0.01, real=0.02 secs]
2018-04-30T04:33:56.462+0200: 398.798: Total time for which application threads were stopped: 0.0268570 seconds, Stopping threads took: 0.0003134 seconds
2018-04-30T04:33:56.912+0200: 399.248: Application time: 0.4505639 seconds
2018-04-30T04:33:56.913+0200: 399.249: [GC pause (G1 Evacuation Pause) (young)
Desired survivor size 266338304 bytes, new threshold 15 (max 15)
- age   1:   10220704 bytes,   10220704 total
- age   2:    1238464 bytes,   11459168 total
- age   3:    1186352 bytes,   12645520 total
- age   4:    2847152 bytes,   15492672 total
- age   5:    1134416 bytes,   16627088 total
- age   6:    1161048 bytes,   17788136 total
- age   7:    1117168 bytes,   18905304 total
- age   8:    1151168 bytes,   20056472 total
- age   9:    1159080 bytes,   21215552 total
- age  10:    1153968 bytes,   22369520 total
- age  11:    1162496 bytes,   23532016 total
- age  12:    1147072 bytes,   24679088 total
- age  13:      18744 bytes,   24697832 total
- age  14:       5016 bytes,   24702848 total
- age  15:       5096 bytes,   24707944 total
, 0.0224796 secs]
   [Parallel Time: 8.8 ms, GC Workers: 30]
      [GC Worker Start (ms): Min: 399249.9, Avg: 399250.2, Max: 399250.6, Diff: 0.7]
      [Ext Root Scanning (ms): Min: 0.1, Avg: 0.5, Max: 1.3, Diff: 1.2, Sum: 16.3]
      [Update RS (ms): Min: 1.6, Avg: 1.9, Max: 2.3, Diff: 0.6, Sum: 58.2]
         [Processed Buffers: Min: 2, Avg: 3.7, Max: 16, Diff: 14, Sum: 111]
      [Scan RS (ms): Min: 0.0, Avg: 0.2, Max: 0.5, Diff: 0.4, Sum: 6.1]
      [Code Root Scanning (ms): Min: 0.0, Avg: 0.0, Max: 0.0, Diff: 0.0, Sum: 0.1]
      [Object Copy (ms): Min: 5.0, Avg: 5.2, Max: 5.3, Diff: 0.3, Sum: 155.0]
      [Termination (ms): Min: 0.0, Avg: 0.0, Max: 0.0, Diff: 0.0, Sum: 0.3]
         [Termination Attempts: Min: 1, Avg: 1.0, Max: 1, Diff: 0, Sum: 30]
      [GC Worker Other (ms): Min: 0.0, Avg: 0.2, Max: 0.3, Diff: 0.3, Sum: 4.9]
      [GC Worker Total (ms): Min: 7.6, Avg: 8.0, Max: 8.4, Diff: 0.8, Sum: 240.9]
      [GC Worker End (ms): Min: 399258.1, Avg: 399258.3, Max: 399258.4, Diff: 0.3]
   [Code Root Fixup: 0.0 ms]
   [Code Root Purge: 0.0 ms]
   [Clear CT: 1.9 ms]
   [Other: 11.8 ms]
      [Choose CSet: 0.0 ms]
      [Ref Proc: 6.5 ms]
      [Ref Enq: 0.9 ms]
      [Redirty Cards: 2.6 ms]
      [Humongous Register: 0.3 ms]
      [Humongous Reclaim: 0.1 ms]
      [Free CSet: 1.3 ms]
   [Eden: 4012.0M(4012.0M)->0.0B(4036.0M) Survivors: 44.0M->32.0M Heap: 7024.2M(8192.0M)->3000.2M(8192.0M)]
 [Times: user=0.26 sys=0.01, real=0.02 secs]
2018-04-30T04:33:56.936+0200: 399.272: Total time for which application threads were stopped: 0.0237564 seconds, Stopping threads took: 0.0002789 seconds
2018-04-30T04:33:57.383+0200: 399.719: Application time: 0.4472038 seconds
2018-04-30T04:33:57.384+0200: 399.721: [GC pause (G1 Evacuation Pause) (young)
Desired survivor size 268435456 bytes, new threshold 15 (max 15)
- age   1:    7624496 bytes,    7624496 total
- age   2:    1171864 bytes,    8796360 total
- age   3:    1233104 bytes,   10029464 total
- age   4:    1183520 bytes,   11212984 total
- age   5:    2845232 bytes,   14058216 total
- age   6:    1133584 bytes,   15191800 total
- age   7:    1160152 bytes,   16351952 total
- age   8:    1116848 bytes,   17468800 total
- age   9:    1150656 bytes,   18619456 total
- age  10:    1157864 bytes,   19777320 total
- age  11:    1153648 bytes,   20930968 total
- age  12:    1152376 bytes,   22083344 total
- age  13:      14744 bytes,   22098088 total
- age  14:       4816 bytes,   22102904 total
- age  15:       4952 bytes,   22107856 total
, 0.0250879 secs]
   [Parallel Time: 10.8 ms, GC Workers: 30]
      [GC Worker Start (ms): Min: 399721.1, Avg: 399721.7, Max: 399722.3, Diff: 1.2]
      [Ext Root Scanning (ms): Min: 0.0, Avg: 0.4, Max: 1.2, Diff: 1.2, Sum: 13.3]
      [Update RS (ms): Min: 1.5, Avg: 1.9, Max: 2.6, Diff: 1.1, Sum: 58.2]
         [Processed Buffers: Min: 2, Avg: 3.7, Max: 11, Diff: 9, Sum: 110]
      [Scan RS (ms): Min: 0.0, Avg: 0.2, Max: 0.4, Diff: 0.4, Sum: 6.1]
      [Code Root Scanning (ms): Min: 0.0, Avg: 0.0, Max: 0.0, Diff: 0.0, Sum: 0.1]
      [Object Copy (ms): Min: 6.6, Avg: 7.0, Max: 7.2, Diff: 0.6, Sum: 210.9]
      [Termination (ms): Min: 0.0, Avg: 0.0, Max: 0.0, Diff: 0.0, Sum: 0.2]
         [Termination Attempts: Min: 1, Avg: 1.0, Max: 1, Diff: 0, Sum: 30]
      [GC Worker Other (ms): Min: 0.0, Avg: 0.2, Max: 0.4, Diff: 0.4, Sum: 6.0]
      [GC Worker Total (ms): Min: 9.2, Avg: 9.8, Max: 10.5, Diff: 1.3, Sum: 294.8]
      [GC Worker End (ms): Min: 399731.4, Avg: 399731.6, Max: 399731.7, Diff: 0.4]
   [Code Root Fixup: 0.0 ms]
   [Code Root Purge: 0.0 ms]
   [Clear CT: 1.9 ms]
   [Other: 12.3 ms]
      [Choose CSet: 0.0 ms]
      [Ref Proc: 6.9 ms]
      [Ref Enq: 1.0 ms]
      [Redirty Cards: 2.5 ms]
      [Humongous Register: 0.3 ms]
      [Humongous Reclaim: 0.1 ms]
      [Free CSet: 1.2 ms]
   [Eden: 4036.0M(4036.0M)->0.0B(4020.0M) Survivors: 32.0M->40.0M Heap: 7036.2M(8192.0M)->3007.2M(8192.0M)]
 [Times: user=0.31 sys=0.01, real=0.02 secs]
2018-04-30T04:33:57.410+0200: 399.746: Total time for which application threads were stopped: 0.0265004 seconds, Stopping threads took: 0.0003757 seconds
2018-04-30T04:33:57.455+0200: 399.791: Application time: 0.0452379 seconds
2018-04-30T04:33:57.456+0200: 399.792: Total time for which application threads were stopped: 0.0010874 seconds, Stopping threads took: 0.0002941 seconds
2018-04-30T04:33:57.502+0200: 399.839: Application time: 0.0464723 seconds
2018-04-30T04:33:57.503+0200: 399.840: Total time for which application threads were stopped: 0.0010713 seconds, Stopping threads took: 0.0003013 seconds
2018-04-30T04:33:57.560+0200: 399.896: Application time: 0.0566028 seconds
2018-04-30T04:33:57.561+0200: 399.898: Total time for which application threads were stopped: 0.0012073 seconds, Stopping threads took: 0.0004047 seconds
2018-04-30T04:33:57.847+0200: 400.184: Application time: 0.2859376 seconds
2018-04-30T04:33:57.848+0200: 400.185: [GC pause (G1 Evacuation Pause) (young)
Desired survivor size 266338304 bytes, new threshold 15 (max 15)
- age   1:   12072472 bytes,   12072472 total
- age   2:    1186136 bytes,   13258608 total
- age   3:    1145256 bytes,   14403864 total
- age   4:    1102376 bytes,   15506240 total
- age   5:    1182336 bytes,   16688576 total
- age   6:    2844528 bytes,   19533104 total
- age   7:    1132880 bytes,   20665984 total
- age   8:    1159704 bytes,   21825688 total
- age   9:    1116528 bytes,   22942216 total
- age  10:    1150464 bytes,   24092680 total
- age  11:    1157480 bytes,   25250160 total
- age  12:    1153520 bytes,   26403680 total
- age  13:       6712 bytes,   26410392 total
- age  14:      14616 bytes,   26425008 total
- age  15:       4816 bytes,   26429824 total
, 0.0248624 secs]
   [Parallel Time: 9.6 ms, GC Workers: 30]
      [GC Worker Start (ms): Min: 400185.3, Avg: 400185.9, Max: 400186.5, Diff: 1.2]
      [Ext Root Scanning (ms): Min: 0.0, Avg: 0.5, Max: 1.2, Diff: 1.2, Sum: 13.8]
      [Update RS (ms): Min: 1.7, Avg: 2.1, Max: 2.5, Diff: 0.8, Sum: 61.8]
         [Processed Buffers: Min: 2, Avg: 3.9, Max: 13, Diff: 11, Sum: 118]
      [Scan RS (ms): Min: 0.0, Avg: 0.2, Max: 0.5, Diff: 0.5, Sum: 6.2]
      [Code Root Scanning (ms): Min: 0.0, Avg: 0.0, Max: 0.0, Diff: 0.0, Sum: 0.1]
      [Object Copy (ms): Min: 5.3, Avg: 5.5, Max: 5.7, Diff: 0.4, Sum: 166.2]
      [Termination (ms): Min: 0.0, Avg: 0.0, Max: 0.0, Diff: 0.0, Sum: 0.3]
         [Termination Attempts: Min: 1, Avg: 1.0, Max: 1, Diff: 0, Sum: 30]
      [GC Worker Other (ms): Min: 0.0, Avg: 0.2, Max: 0.3, Diff: 0.3, Sum: 5.3]
      [GC Worker Total (ms): Min: 7.7, Avg: 8.5, Max: 9.2, Diff: 1.4, Sum: 253.6]
      [GC Worker End (ms): Min: 400194.2, Avg: 400194.4, Max: 400194.6, Diff: 0.3]
   [Code Root Fixup: 0.0 ms]
   [Code Root Purge: 0.0 ms]
   [Clear CT: 2.3 ms]
   [Other: 13.0 ms]
      [Choose CSet: 0.0 ms]
      [Ref Proc: 6.9 ms]
      [Ref Enq: 0.9 ms]
      [Redirty Cards: 2.9 ms]
      [Humongous Register: 0.3 ms]
      [Humongous Reclaim: 0.1 ms]
      [Free CSet: 1.6 ms]
   [Eden: 4020.0M(4020.0M)->0.0B(4020.0M) Survivors: 40.0M->40.0M Heap: 7027.2M(8192.0M)->3008.3M(8192.0M)]
 [Times: user=0.27 sys=0.01, real=0.03 secs]
2018-04-30T04:33:57.874+0200: 400.210: Total time for which application threads were stopped: 0.0264424 seconds, Stopping threads took: 0.0004227 seconds
2018-04-30T04:33:58.107+0200: 400.443: Application time: 0.2334524 seconds
2018-04-30T04:33:58.108+0200: 400.445: Total time for which application threads were stopped: 0.0013032 seconds, Stopping threads took: 0.0004830 seconds
2018-04-30T04:33:58.268+0200: 400.605: Application time: 0.1598317 seconds
2018-04-30T04:33:58.269+0200: 400.606: Total time for which application threads were stopped: 0.0011464 seconds, Stopping threads took: 0.0003539 seconds
2018-04-30T04:33:58.317+0200: 400.653: Application time: 0.0473521 seconds
2018-04-30T04:33:58.318+0200: 400.654: [GC pause (G1 Evacuation Pause) (young)
Desired survivor size 266338304 bytes, new threshold 15 (max 15)
- age   1:    8354408 bytes,    8354408 total
- age   2:    1411216 bytes,    9765624 total
- age   3:    1167920 bytes,   10933544 total
- age   4:    1142632 bytes,   12076176 total
- age   5:    1100392 bytes,   13176568 total
- age   6:    1181760 bytes,   14358328 total
- age   7:    2843888 bytes,   17202216 total
- age   8:    1132560 bytes,   18334776 total
- age   9:    1159312 bytes,   19494088 total
- age  10:    1116336 bytes,   20610424 total
- age  11:    1150272 bytes,   21760696 total
- age  12:    1111760 bytes,   22872456 total
- age  13:       4392 bytes,   22876848 total
- age  14:       3312 bytes,   22880160 total
- age  15:      14616 bytes,   22894776 total
, 0.0248982 secs]
   [Parallel Time: 10.4 ms, GC Workers: 30]
      [GC Worker Start (ms): Min: 400654.6, Avg: 400655.1, Max: 400655.6, Diff: 1.0]
      [Ext Root Scanning (ms): Min: 0.0, Avg: 0.5, Max: 1.3, Diff: 1.3, Sum: 14.8]
      [Update RS (ms): Min: 1.7, Avg: 2.0, Max: 2.5, Diff: 0.8, Sum: 58.6]
         [Processed Buffers: Min: 2, Avg: 3.8, Max: 11, Diff: 9, Sum: 115]
      [Scan RS (ms): Min: 0.0, Avg: 0.2, Max: 0.4, Diff: 0.4, Sum: 6.6]
      [Code Root Scanning (ms): Min: 0.0, Avg: 0.0, Max: 0.0, Diff: 0.0, Sum: 0.1]
      [Object Copy (ms): Min: 6.3, Avg: 6.6, Max: 6.7, Diff: 0.5, Sum: 199.0]
      [Termination (ms): Min: 0.0, Avg: 0.0, Max: 0.0, Diff: 0.0, Sum: 0.3]
         [Termination Attempts: Min: 1, Avg: 1.0, Max: 1, Diff: 0, Sum: 30]
      [GC Worker Other (ms): Min: 0.0, Avg: 0.2, Max: 0.3, Diff: 0.3, Sum: 4.8]
      [GC Worker Total (ms): Min: 9.0, Avg: 9.5, Max: 10.1, Diff: 1.1, Sum: 284.0]
      [GC Worker End (ms): Min: 400664.5, Avg: 400664.6, Max: 400664.8, Diff: 0.3]
   [Code Root Fixup: 0.0 ms]
   [Code Root Purge: 0.0 ms]
   [Clear CT: 1.9 ms]
   [Other: 12.6 ms]
      [Choose CSet: 0.0 ms]
      [Ref Proc: 7.3 ms]
      [Ref Enq: 0.9 ms]
      [Redirty Cards: 2.5 ms]
      [Humongous Register: 0.3 ms]
      [Humongous Reclaim: 0.1 ms]
      [Free CSet: 1.3 ms]
   [Eden: 4020.0M(4020.0M)->0.0B(4028.0M) Survivors: 40.0M->36.0M Heap: 7028.3M(8192.0M)->3004.8M(8192.0M)]
 [Times: user=0.31 sys=0.00, real=0.02 secs]
2018-04-30T04:33:58.343+0200: 400.679: Total time for which application threads were stopped: 0.0261665 seconds, Stopping threads took: 0.0002985 seconds
2018-04-30T04:33:58.487+0200: 400.823: Application time: 0.1441809 seconds
2018-04-30T04:33:58.493+0200: 400.830: Total time for which application threads were stopped: 0.0063121 seconds, Stopping threads took: 0.0054786 seconds
2018-04-30T04:33:58.589+0200: 400.926: Application time: 0.0958697 seconds
2018-04-30T04:33:58.590+0200: 400.927: Total time for which application threads were stopped: 0.0011459 seconds, Stopping threads took: 0.0003416 seconds
2018-04-30T04:33:58.782+0200: 401.118: Application time: 0.1913253 seconds
2018-04-30T04:33:58.783+0200: 401.119: [GC pause (G1 Evacuation Pause) (young)
Desired survivor size 266338304 bytes, new threshold 15 (max 15)
- age   1:   10665816 bytes,   10665816 total
- age   2:    1227776 bytes,   11893592 total
- age   3:    1405968 bytes,   13299560 total
- age   4:    1165552 bytes,   14465112 total
- age   5:    1141640 bytes,   15606752 total
- age   6:    1099688 bytes,   16706440 total
- age   7:    1181440 bytes,   17887880 total
- age   8:    2843632 bytes,   20731512 total
- age   9:    1132368 bytes,   21863880 total
- age  10:    1159248 bytes,   23023128 total
- age  11:    1116144 bytes,   24139272 total
- age  12:    1074704 bytes,   25213976 total
- age  13:       7280 bytes,   25221256 total
- age  14:       4264 bytes,   25225520 total
- age  15:       3312 bytes,   25228832 total
, 0.0266547 secs]
   [Parallel Time: 10.9 ms, GC Workers: 30]
      [GC Worker Start (ms): Min: 401119.9, Avg: 401120.2, Max: 401120.7, Diff: 0.8]
      [Ext Root Scanning (ms): Min: 0.1, Avg: 0.6, Max: 1.3, Diff: 1.2, Sum: 16.7]
      [Update RS (ms): Min: 1.6, Avg: 2.0, Max: 2.6, Diff: 1.0, Sum: 59.8]
         [Processed Buffers: Min: 2, Avg: 4.0, Max: 23, Diff: 21, Sum: 119]
      [Scan RS (ms): Min: 0.0, Avg: 0.2, Max: 0.4, Diff: 0.4, Sum: 6.8]
      [Code Root Scanning (ms): Min: 0.0, Avg: 0.0, Max: 0.0, Diff: 0.0, Sum: 0.1]
      [Object Copy (ms): Min: 6.8, Avg: 7.1, Max: 7.3, Diff: 0.5, Sum: 214.2]
      [Termination (ms): Min: 0.0, Avg: 0.0, Max: 0.0, Diff: 0.0, Sum: 0.2]
         [Termination Attempts: Min: 1, Avg: 1.0, Max: 1, Diff: 0, Sum: 30]
      [GC Worker Other (ms): Min: 0.0, Avg: 0.2, Max: 0.4, Diff: 0.3, Sum: 5.4]
      [GC Worker Total (ms): Min: 9.7, Avg: 10.1, Max: 10.6, Diff: 1.0, Sum: 303.2]
      [GC Worker End (ms): Min: 401130.2, Avg: 401130.4, Max: 401130.5, Diff: 0.3]
   [Code Root Fixup: 0.0 ms]
   [Code Root Purge: 0.0 ms]
   [Clear CT: 2.4 ms]
   [Other: 13.3 ms]
      [Choose CSet: 0.0 ms]
      [Ref Proc: 7.2 ms]
      [Ref Enq: 0.9 ms]
      [Redirty Cards: 3.1 ms]
      [Humongous Register: 0.3 ms]
      [Humongous Reclaim: 0.1 ms]
      [Free CSet: 1.4 ms]
   [Eden: 4028.0M(4028.0M)->0.0B(4028.0M) Survivors: 36.0M->36.0M Heap: 7032.8M(8192.0M)->3003.4M(8192.0M)]
 [Times: user=0.32 sys=0.00, real=0.03 secs]
2018-04-30T04:33:58.810+0200: 401.146: Total time for which application threads were stopped: 0.0282052 seconds, Stopping threads took: 0.0004625 seconds
2018-04-30T04:33:59.185+0200: 401.522: Application time: 0.3752876 seconds
2018-04-30T04:33:59.187+0200: 401.523: Total time for which application threads were stopped: 0.0012195 seconds, Stopping threads took: 0.0004010 seconds
2018-04-30T04:33:59.241+0200: 401.577: Application time: 0.0542579 seconds
2018-04-30T04:33:59.242+0200: 401.578: [GC pause (G1 Evacuation Pause) (young)
Desired survivor size 266338304 bytes, new threshold 15 (max 15)
- age   1:   12002288 bytes,   12002288 total
- age   2:    1202440 bytes,   13204728 total
- age   3:    1223744 bytes,   14428472 total
- age   4:    1403888 bytes,   15832360 total
- age   5:    1163840 bytes,   16996200 total
- age   6:    1140552 bytes,   18136752 total
- age   7:    1099176 bytes,   19235928 total
- age   8:    1181376 bytes,   20417304 total
- age   9:    2843504 bytes,   23260808 total
- age  10:    1132176 bytes,   24392984 total
- age  11:    1158992 bytes,   25551976 total
- age  12:    1020424 bytes,   26572400 total
- age  13:      11528 bytes,   26583928 total
- age  14:       7088 bytes,   26591016 total
- age  15:       4200 bytes,   26595216 total
, 0.0320127 secs]
   [Parallel Time: 14.4 ms, GC Workers: 30]
      [GC Worker Start (ms): Min: 401578.7, Avg: 401579.4, Max: 401579.9, Diff: 1.3]
      [Ext Root Scanning (ms): Min: 0.0, Avg: 0.4, Max: 1.3, Diff: 1.3, Sum: 12.6]
      [Update RS (ms): Min: 0.0, Avg: 2.0, Max: 2.3, Diff: 2.3, Sum: 59.0]
         [Processed Buffers: Min: 0, Avg: 3.8, Max: 10, Diff: 10, Sum: 113]
      [Scan RS (ms): Min: 0.0, Avg: 0.2, Max: 0.4, Diff: 0.4, Sum: 5.9]
      [Code Root Scanning (ms): Min: 0.0, Avg: 0.0, Max: 0.0, Diff: 0.0, Sum: 0.1]
      [Object Copy (ms): Min: 10.1, Avg: 10.4, Max: 12.6, Diff: 2.5, Sum: 311.4]
      [Termination (ms): Min: 0.0, Avg: 0.2, Max: 0.2, Diff: 0.2, Sum: 4.9]
         [Termination Attempts: Min: 1, Avg: 49.4, Max: 61, Diff: 60, Sum: 1481]
      [GC Worker Other (ms): Min: 0.0, Avg: 0.2, Max: 0.4, Diff: 0.3, Sum: 5.3]
      [GC Worker Total (ms): Min: 12.6, Avg: 13.3, Max: 14.1, Diff: 1.5, Sum: 399.2]
      [GC Worker End (ms): Min: 401592.5, Avg: 401592.7, Max: 401592.8, Diff: 0.3]
   [Code Root Fixup: 0.0 ms]
   [Code Root Purge: 0.0 ms]
   [Clear CT: 1.9 ms]
   [Other: 15.7 ms]
      [Choose CSet: 0.0 ms]
      [Ref Proc: 9.4 ms]
      [Ref Enq: 1.6 ms]
      [Redirty Cards: 2.5 ms]
      [Humongous Register: 0.3 ms]
      [Humongous Reclaim: 0.1 ms]
      [Free CSet: 1.6 ms]
   [Eden: 4028.0M(4028.0M)->0.0B(3996.0M) Survivors: 36.0M->52.0M Heap: 7031.4M(8192.0M)->3017.9M(8192.0M)]
 [Times: user=0.40 sys=0.01, real=0.04 secs]
2018-04-30T04:33:59.274+0200: 401.611: Total time for which application threads were stopped: 0.0334254 seconds, Stopping threads took: 0.0003452 seconds
2018-04-30T04:33:59.313+0200: 401.650: Application time: 0.0392547 seconds
2018-04-30T04:33:59.315+0200: 401.651: Total time for which application threads were stopped: 0.0011533 seconds, Stopping threads took: 0.0003733 seconds
2018-04-30T04:33:59.343+0200: 401.679: Application time: 0.0284795 seconds
2018-04-30T04:33:59.344+0200: 401.681: Total time for which application threads were stopped: 0.0012791 seconds, Stopping threads took: 0.0004994 seconds
2018-04-30T04:33:59.708+0200: 402.044: Application time: 0.3634881 seconds
2018-04-30T04:33:59.709+0200: 402.045: [GC pause (G1 Evacuation Pause) (young)
Desired survivor size 266338304 bytes, new threshold 15 (max 15)
- age   1:   15476336 bytes,   15476336 total
- age   2:    1328792 bytes,   16805128 total
- age   3:    1197736 bytes,   18002864 total
- age   4:    1222112 bytes,   19224976 total
- age   5:    1401936 bytes,   20626912 total
- age   6:    1163328 bytes,   21790240 total
- age   7:    1139464 bytes,   22929704 total
- age   8:    1099112 bytes,   24028816 total
- age   9:    1180928 bytes,   25209744 total
- age  10:    2843056 bytes,   28052800 total
- age  11:    1131656 bytes,   29184456 total
- age  12:    1009056 bytes,   30193512 total
- age  13:       8528 bytes,   30202040 total
- age  14:      11528 bytes,   30213568 total
- age  15:       6896 bytes,   30220464 total
, 0.0247070 secs]
   [Parallel Time: 10.9 ms, GC Workers: 30]
      [GC Worker Start (ms): Min: 402045.8, Avg: 402046.4, Max: 402047.0, Diff: 1.1]
      [Ext Root Scanning (ms): Min: 0.0, Avg: 0.5, Max: 1.2, Diff: 1.2, Sum: 14.0]
      [Update RS (ms): Min: 1.8, Avg: 2.0, Max: 2.5, Diff: 0.8, Sum: 60.5]
         [Processed Buffers: Min: 2, Avg: 3.6, Max: 14, Diff: 12, Sum: 109]
      [Scan RS (ms): Min: 0.0, Avg: 0.2, Max: 0.4, Diff: 0.4, Sum: 6.7]
      [Code Root Scanning (ms): Min: 0.0, Avg: 0.0, Max: 0.0, Diff: 0.0, Sum: 0.1]
      [Object Copy (ms): Min: 6.8, Avg: 7.1, Max: 7.2, Diff: 0.4, Sum: 213.8]
      [Termination (ms): Min: 0.0, Avg: 0.0, Max: 0.0, Diff: 0.0, Sum: 0.2]
         [Termination Attempts: Min: 1, Avg: 1.0, Max: 1, Diff: 0, Sum: 30]
      [GC Worker Other (ms): Min: 0.0, Avg: 0.2, Max: 0.3, Diff: 0.3, Sum: 4.7]
      [GC Worker Total (ms): Min: 9.4, Avg: 10.0, Max: 10.5, Diff: 1.1, Sum: 300.1]
      [GC Worker End (ms): Min: 402056.3, Avg: 402056.4, Max: 402056.6, Diff: 0.3]
   [Code Root Fixup: 0.0 ms]
   [Code Root Purge: 0.0 ms]
   [Clear CT: 1.9 ms]
   [Other: 11.9 ms]
      [Choose CSet: 0.0 ms]
      [Ref Proc: 7.3 ms]
      [Ref Enq: 0.8 ms]
      [Redirty Cards: 1.9 ms]
      [Humongous Register: 0.3 ms]
      [Humongous Reclaim: 0.1 ms]
      [Free CSet: 1.3 ms]
   [Eden: 3996.0M(3996.0M)->0.0B(4028.0M) Survivors: 52.0M->36.0M Heap: 7013.9M(8192.0M)->3003.9M(8192.0M)]
 [Times: user=0.32 sys=0.00, real=0.03 secs]
2018-04-30T04:33:59.734+0200: 402.070: Total time for which application threads were stopped: 0.0261211 seconds, Stopping threads took: 0.0003815 seconds
2018-04-30T04:33:59.913+0200: 402.250: Application time: 0.1792142 seconds
2018-04-30T04:33:59.914+0200: 402.251: Total time for which application threads were stopped: 0.0011932 seconds, Stopping threads took: 0.0003521 seconds
2018-04-30T04:34:00.100+0200: 402.437: Application time: 0.1858035 seconds
2018-04-30T04:34:00.103+0200: 402.439: Total time for which application threads were stopped: 0.0025768 seconds, Stopping threads took: 0.0004282 seconds
2018-04-30T04:34:00.170+0200: 402.506: Application time: 0.0671637 seconds
2018-04-30T04:34:00.171+0200: 402.508: [GC pause (G1 Evacuation Pause) (young)
Desired survivor size 266338304 bytes, new threshold 15 (max 15)
- age   1:   11246360 bytes,   11246360 total
- age   2:    1178408 bytes,   12424768 total
- age   3:    1180608 bytes,   13605376 total
- age   4:    1196456 bytes,   14801832 total
- age   5:    1220704 bytes,   16022536 total
- age   6:    1400912 bytes,   17423448 total
- age   7:    1162624 bytes,   18586072 total
- age   8:    1139080 bytes,   19725152 total
- age   9:    1098600 bytes,   20823752 total
- age  10:    1180736 bytes,   22004488 total
- age  11:    2842864 bytes,   24847352 total
- age  12:     987704 bytes,   25835056 total
- age  13:       8848 bytes,   25843904 total
- age  14:       8464 bytes,   25852368 total
- age  15:      11464 bytes,   25863832 total
, 0.0260006 secs]
   [Parallel Time: 10.5 ms, GC Workers: 30]
      [GC Worker Start (ms): Min: 402508.1, Avg: 402508.4, Max: 402508.9, Diff: 0.8]
      [Ext Root Scanning (ms): Min: 0.1, Avg: 0.6, Max: 1.3, Diff: 1.2, Sum: 17.2]
      [Update RS (ms): Min: 1.6, Avg: 2.0, Max: 2.5, Diff: 0.9, Sum: 61.5]
         [Processed Buffers: Min: 2, Avg: 3.8, Max: 15, Diff: 13, Sum: 113]
      [Scan RS (ms): Min: 0.0, Avg: 0.2, Max: 0.5, Diff: 0.4, Sum: 5.8]
      [Code Root Scanning (ms): Min: 0.0, Avg: 0.0, Max: 0.0, Diff: 0.0, Sum: 0.1]
      [Object Copy (ms): Min: 6.6, Avg: 6.9, Max: 7.1, Diff: 0.5, Sum: 207.3]
      [Termination (ms): Min: 0.0, Avg: 0.0, Max: 0.0, Diff: 0.0, Sum: 0.2]
         [Termination Attempts: Min: 1, Avg: 1.0, Max: 1, Diff: 0, Sum: 30]
      [GC Worker Other (ms): Min: 0.0, Avg: 0.2, Max: 0.3, Diff: 0.3, Sum: 5.0]
      [GC Worker Total (ms): Min: 9.5, Avg: 9.9, Max: 10.4, Diff: 0.9, Sum: 297.0]
      [GC Worker End (ms): Min: 402518.2, Avg: 402518.3, Max: 402518.5, Diff: 0.3]
   [Code Root Fixup: 0.0 ms]
   [Code Root Purge: 0.0 ms]
   [Clear CT: 2.3 ms]
   [Other: 13.2 ms]
      [Choose CSet: 0.0 ms]
      [Ref Proc: 7.5 ms]
      [Ref Enq: 1.0 ms]
      [Redirty Cards: 2.6 ms]
      [Humongous Register: 0.3 ms]
      [Humongous Reclaim: 0.1 ms]
      [Free CSet: 1.4 ms]
   [Eden: 4028.0M(4028.0M)->0.0B(4012.0M) Survivors: 36.0M->44.0M Heap: 7031.9M(8192.0M)->3010.8M(8192.0M)]
 [Times: user=0.31 sys=0.01, real=0.03 secs]
2018-04-30T04:34:00.197+0200: 402.534: Total time for which application threads were stopped: 0.0275481 seconds, Stopping threads took: 0.0004820 seconds
2018-04-30T04:34:00.645+0200: 402.982: Application time: 0.4477268 seconds
2018-04-30T04:34:00.646+0200: 402.983: [GC pause (G1 Evacuation Pause) (young)
Desired survivor size 266338304 bytes, new threshold 15 (max 15)
- age   1:   12418032 bytes,   12418032 total
- age   2:    1160760 bytes,   13578792 total
- age   3:    1172376 bytes,   14751168 total
- age   4:    1173488 bytes,   15924656 total
- age   5:    1189080 bytes,   17113736 total
- age   6:    1205520 bytes,   18319256 total
- age   7:    1151216 bytes,   19470472 total
- age   8:    1162112 bytes,   20632584 total
- age   9:    1138248 bytes,   21770832 total
- age  10:    1098344 bytes,   22869176 total
- age  11:    1180544 bytes,   24049720 total
- age  12:    2661520 bytes,   26711240 total
- age  13:       3136 bytes,   26714376 total
- age  14:       8784 bytes,   26723160 total
- age  15:       8464 bytes,   26731624 total
, 0.0256956 secs]
   [Parallel Time: 10.8 ms, GC Workers: 30]
      [GC Worker Start (ms): Min: 402983.2, Avg: 402983.7, Max: 402984.0, Diff: 0.8]
      [Ext Root Scanning (ms): Min: 0.1, Avg: 0.5, Max: 1.2, Diff: 1.1, Sum: 16.1]
      [Update RS (ms): Min: 1.5, Avg: 2.0, Max: 2.4, Diff: 0.9, Sum: 59.5]
         [Processed Buffers: Min: 2, Avg: 3.6, Max: 12, Diff: 10, Sum: 109]
      [Scan RS (ms): Min: 0.0, Avg: 0.2, Max: 0.4, Diff: 0.4, Sum: 6.2]
      [Code Root Scanning (ms): Min: 0.0, Avg: 0.0, Max: 0.0, Diff: 0.0, Sum: 0.1]
      [Object Copy (ms): Min: 6.9, Avg: 7.1, Max: 7.3, Diff: 0.4, Sum: 213.5]
      [Termination (ms): Min: 0.0, Avg: 0.0, Max: 0.0, Diff: 0.0, Sum: 0.2]
         [Termination Attempts: Min: 1, Avg: 1.0, Max: 1, Diff: 0, Sum: 30]
      [GC Worker Other (ms): Min: 0.0, Avg: 0.2, Max: 0.3, Diff: 0.3, Sum: 5.0]
      [GC Worker Total (ms): Min: 9.5, Avg: 10.0, Max: 10.6, Diff: 1.1, Sum: 300.6]
      [GC Worker End (ms): Min: 402993.5, Avg: 402993.7, Max: 402993.8, Diff: 0.3]
   [Code Root Fixup: 0.0 ms]
   [Code Root Purge: 0.0 ms]
   [Clear CT: 2.2 ms]
   [Other: 12.6 ms]
      [Choose CSet: 0.0 ms]
      [Ref Proc: 7.3 ms]
      [Ref Enq: 1.1 ms]
      [Redirty Cards: 2.2 ms]
      [Humongous Register: 0.3 ms]
      [Humongous Reclaim: 0.1 ms]
      [Free CSet: 1.4 ms]
   [Eden: 4012.0M(4012.0M)->0.0B(4012.0M) Survivors: 44.0M->44.0M Heap: 7022.8M(8192.0M)->3012.6M(8192.0M)]
 [Times: user=0.32 sys=0.00, real=0.03 secs]
2018-04-30T04:34:00.672+0200: 403.009: Total time for which application threads were stopped: 0.0270979 seconds, Stopping threads took: 0.0003574 seconds
2018-04-30T04:34:01.116+0200: 403.453: Application time: 0.4439138 seconds
2018-04-30T04:34:01.118+0200: 403.454: [GC pause (G1 Evacuation Pause) (young)
Desired survivor size 266338304 bytes, new threshold 15 (max 15)
- age   1:   12333544 bytes,   12333544 total
- age   2:    1656280 bytes,   13989824 total
- age   3:    1156208 bytes,   15146032 total
- age   4:    1170136 bytes,   16316168 total
- age   5:    1172336 bytes,   17488504 total
- age   6:    1187976 bytes,   18676480 total
- age   7:    1204360 bytes,   19880840 total
- age   8:    1150000 bytes,   21030840 total
- age   9:    1161728 bytes,   22192568 total
- age  10:    1137672 bytes,   23330240 total
- age  11:    1098216 bytes,   24428456 total
- age  12:     954040 bytes,   25382496 total
- age  13:    1741352 bytes,   27123848 total
- age  14:       3008 bytes,   27126856 total
- age  15:       8784 bytes,   27135640 total
, 0.0274120 secs]
   [Parallel Time: 11.1 ms, GC Workers: 30]
      [GC Worker Start (ms): Min: 403454.4, Avg: 403454.9, Max: 403455.3, Diff: 0.9]
      [Ext Root Scanning (ms): Min: 0.1, Avg: 0.5, Max: 1.2, Diff: 1.2, Sum: 14.9]
      [Update RS (ms): Min: 1.5, Avg: 2.0, Max: 2.4, Diff: 0.9, Sum: 59.7]
         [Processed Buffers: Min: 2, Avg: 3.7, Max: 13, Diff: 11, Sum: 111]
      [Scan RS (ms): Min: 0.0, Avg: 0.2, Max: 0.4, Diff: 0.4, Sum: 5.9]
      [Code Root Scanning (ms): Min: 0.0, Avg: 0.0, Max: 0.0, Diff: 0.0, Sum: 0.1]
      [Object Copy (ms): Min: 7.1, Avg: 7.3, Max: 7.5, Diff: 0.4, Sum: 219.9]
      [Termination (ms): Min: 0.0, Avg: 0.0, Max: 0.0, Diff: 0.0, Sum: 0.2]
         [Termination Attempts: Min: 1, Avg: 1.0, Max: 1, Diff: 0, Sum: 30]
      [GC Worker Other (ms): Min: 0.0, Avg: 0.2, Max: 0.3, Diff: 0.3, Sum: 5.3]
      [GC Worker Total (ms): Min: 9.7, Avg: 10.2, Max: 10.8, Diff: 1.1, Sum: 306.0]
      [GC Worker End (ms): Min: 403464.9, Avg: 403465.1, Max: 403465.2, Diff: 0.3]
   [Code Root Fixup: 0.0 ms]
   [Code Root Purge: 0.0 ms]
   [Clear CT: 2.4 ms]
   [Other: 13.8 ms]
      [Choose CSet: 0.0 ms]
      [Ref Proc: 7.8 ms]
      [Ref Enq: 1.0 ms]
      [Redirty Cards: 2.9 ms]
      [Humongous Register: 0.3 ms]
      [Humongous Reclaim: 0.1 ms]
      [Free CSet: 1.4 ms]
   [Eden: 4012.0M(4012.0M)->0.0B(4012.0M) Survivors: 44.0M->44.0M Heap: 7024.6M(8192.0M)->3010.9M(8192.0M)]
 [Times: user=0.32 sys=0.00, real=0.03 secs]
2018-04-30T04:34:01.145+0200: 403.482: Total time for which application threads were stopped: 0.0289411 seconds, Stopping threads took: 0.0004566 seconds
2018-04-30T04:34:01.586+0200: 403.922: Application time: 0.4405773 seconds
2018-04-30T04:34:01.587+0200: 403.923: [GC pause (G1 Evacuation Pause) (young)
Desired survivor size 266338304 bytes, new threshold 15 (max 15)
- age   1:   11488016 bytes,   11488016 total
- age   2:    1162184 bytes,   12650200 total
- age   3:    1651864 bytes,   14302064 total
- age   4:    1153600 bytes,   15455664 total
- age   5:    1168440 bytes,   16624104 total
- age   6:    1171168 bytes,   17795272 total
- age   7:    1186888 bytes,   18982160 total
- age   8:    1203656 bytes,   20185816 total
- age   9:    1149424 bytes,   21335240 total
- age  10:    1161472 bytes,   22496712 total
- age  11:    1137160 bytes,   23633872 total
- age  12:     882056 bytes,   24515928 total
- age  13:      27344 bytes,   24543272 total
- age  14:    1741288 bytes,   26284560 total
- age  15:       2944 bytes,   26287504 total
, 0.0259280 secs]
   [Parallel Time: 10.5 ms, GC Workers: 30]
      [GC Worker Start (ms): Min: 403923.8, Avg: 403924.2, Max: 403924.7, Diff: 0.9]
      [Ext Root Scanning (ms): Min: 0.1, Avg: 0.6, Max: 1.2, Diff: 1.1, Sum: 18.3]
      [Update RS (ms): Min: 1.7, Avg: 2.0, Max: 2.5, Diff: 0.8, Sum: 59.7]
         [Processed Buffers: Min: 2, Avg: 3.8, Max: 17, Diff: 15, Sum: 113]
      [Scan RS (ms): Min: 0.0, Avg: 0.2, Max: 0.4, Diff: 0.4, Sum: 6.1]
      [Code Root Scanning (ms): Min: 0.0, Avg: 0.0, Max: 0.0, Diff: 0.0, Sum: 0.1]
      [Object Copy (ms): Min: 6.5, Avg: 6.8, Max: 7.0, Diff: 0.5, Sum: 204.7]
      [Termination (ms): Min: 0.0, Avg: 0.0, Max: 0.0, Diff: 0.0, Sum: 0.2]
         [Termination Attempts: Min: 1, Avg: 1.0, Max: 1, Diff: 0, Sum: 30]
      [GC Worker Other (ms): Min: 0.0, Avg: 0.2, Max: 0.3, Diff: 0.3, Sum: 5.0]
      [GC Worker Total (ms): Min: 9.3, Avg: 9.8, Max: 10.2, Diff: 1.0, Sum: 294.0]
      [GC Worker End (ms): Min: 403933.9, Avg: 403934.0, Max: 403934.2, Diff: 0.3]
   [Code Root Fixup: 0.0 ms]
   [Code Root Purge: 0.0 ms]
   [Clear CT: 2.7 ms]
   [Other: 12.7 ms]
      [Choose CSet: 0.0 ms]
      [Ref Proc: 7.0 ms]
      [Ref Enq: 0.9 ms]
      [Redirty Cards: 2.7 ms]
      [Humongous Register: 0.3 ms]
      [Humongous Reclaim: 0.1 ms]
      [Free CSet: 1.3 ms]
   [Eden: 4012.0M(4012.0M)->0.0B(4020.0M) Survivors: 44.0M->40.0M Heap: 7022.9M(8192.0M)->3006.9M(8192.0M)]
 [Times: user=0.31 sys=0.01, real=0.03 secs]
2018-04-30T04:34:01.613+0200: 403.949: Total time for which application threads were stopped: 0.0273550 seconds, Stopping threads took: 0.0003526 seconds
2018-04-30T04:34:02.038+0200: 404.374: Application time: 0.4247620 seconds
2018-04-30T04:34:02.041+0200: 404.377: [GC pause (G1 Evacuation Pause) (young)
Desired survivor size 266338304 bytes, new threshold 15 (max 15)
- age   1:    9472520 bytes,    9472520 total
- age   2:    1305816 bytes,   10778336 total
- age   3:    1158296 bytes,   11936632 total
- age   4:    1650256 bytes,   13586888 total
- age   5:    1152160 bytes,   14739048 total
- age   6:    1167544 bytes,   15906592 total
- age   7:    1170592 bytes,   17077184 total
- age   8:    1186568 bytes,   18263752 total
- age   9:    1203208 bytes,   19466960 total
- age  10:    1148848 bytes,   20615808 total
- age  11:    1161344 bytes,   21777152 total
- age  12:     856064 bytes,   22633216 total
- age  13:       6760 bytes,   22639976 total
- age  14:      27344 bytes,   22667320 total
- age  15:    1741288 bytes,   24408608 total
, 0.0261398 secs]
   [Parallel Time: 10.8 ms, GC Workers: 30]
      [GC Worker Start (ms): Min: 404377.5, Avg: 404378.1, Max: 404378.5, Diff: 1.0]
      [Ext Root Scanning (ms): Min: 0.0, Avg: 0.5, Max: 1.2, Diff: 1.2, Sum: 14.4]
      [Update RS (ms): Min: 1.7, Avg: 2.0, Max: 2.5, Diff: 0.8, Sum: 59.5]
         [Processed Buffers: Min: 2, Avg: 3.7, Max: 10, Diff: 8, Sum: 112]
      [Scan RS (ms): Min: 0.0, Avg: 0.2, Max: 0.5, Diff: 0.4, Sum: 6.3]
      [Code Root Scanning (ms): Min: 0.0, Avg: 0.0, Max: 0.0, Diff: 0.0, Sum: 0.1]
      [Object Copy (ms): Min: 6.6, Avg: 6.9, Max: 7.0, Diff: 0.5, Sum: 207.4]
      [Termination (ms): Min: 0.0, Avg: 0.0, Max: 0.0, Diff: 0.0, Sum: 0.2]
         [Termination Attempts: Min: 1, Avg: 1.0, Max: 1, Diff: 0, Sum: 30]
      [GC Worker Other (ms): Min: 0.0, Avg: 0.2, Max: 0.3, Diff: 0.3, Sum: 5.0]
      [GC Worker Total (ms): Min: 9.3, Avg: 9.8, Max: 10.4, Diff: 1.1, Sum: 293.0]
      [GC Worker End (ms): Min: 404387.7, Avg: 404387.9, Max: 404388.0, Diff: 0.3]
   [Code Root Fixup: 0.0 ms]
   [Code Root Purge: 0.0 ms]
   [Clear CT: 2.4 ms]
   [Other: 13.0 ms]
      [Choose CSet: 0.0 ms]
      [Ref Proc: 7.3 ms]
      [Ref Enq: 0.8 ms]
      [Redirty Cards: 2.8 ms]
      [Humongous Register: 0.3 ms]
      [Humongous Reclaim: 0.1 ms]
      [Free CSet: 1.4 ms]
   [Eden: 4020.0M(4020.0M)->0.0B(4028.0M) Survivors: 40.0M->36.0M Heap: 7026.9M(8192.0M)->3004.5M(8192.0M)]
 [Times: user=0.31 sys=0.00, real=0.03 secs]
2018-04-30T04:34:02.067+0200: 404.403: Total time for which application threads were stopped: 0.0291813 seconds, Stopping threads took: 0.0020123 seconds
2018-04-30T04:34:02.494+0200: 404.831: Application time: 0.4273927 seconds
2018-04-30T04:34:02.496+0200: 404.832: [GC pause (G1 Evacuation Pause) (young)
Desired survivor size 266338304 bytes, new threshold 15 (max 15)
- age   1:   10639104 bytes,   10639104 total
- age   2:    1191776 bytes,   11830880 total
- age   3:    1300736 bytes,   13131616 total
- age   4:    1156120 bytes,   14287736 total
- age   5:    1648624 bytes,   15936360 total
- age   6:    1151264 bytes,   17087624 total
- age   7:    1166904 bytes,   18254528 total
- age   8:    1170016 bytes,   19424544 total
- age   9:    1186376 bytes,   20610920 total
- age  10:    1202824 bytes,   21813744 total
- age  11:    1148528 bytes,   22962272 total
- age  12:     870784 bytes,   23833056 total
- age  13:       8936 bytes,   23841992 total
- age  14:       6696 bytes,   23848688 total
- age  15:      27344 bytes,   23876032 total
, 0.0257366 secs]
   [Parallel Time: 10.7 ms, GC Workers: 30]
      [GC Worker Start (ms): Min: 404832.6, Avg: 404833.0, Max: 404833.3, Diff: 0.7]
      [Ext Root Scanning (ms): Min: 0.2, Avg: 0.5, Max: 1.2, Diff: 1.0, Sum: 15.9]
      [Update RS (ms): Min: 1.5, Avg: 2.0, Max: 2.5, Diff: 1.0, Sum: 60.1]
         [Processed Buffers: Min: 2, Avg: 3.7, Max: 11, Diff: 9, Sum: 111]
      [Scan RS (ms): Min: 0.0, Avg: 0.2, Max: 0.4, Diff: 0.4, Sum: 5.9]
      [Code Root Scanning (ms): Min: 0.0, Avg: 0.0, Max: 0.0, Diff: 0.0, Sum: 0.1]
      [Object Copy (ms): Min: 6.7, Avg: 7.1, Max: 7.3, Diff: 0.5, Sum: 212.2]
      [Termination (ms): Min: 0.0, Avg: 0.0, Max: 0.0, Diff: 0.0, Sum: 0.2]
         [Termination Attempts: Min: 1, Avg: 1.0, Max: 1, Diff: 0, Sum: 30]
      [GC Worker Other (ms): Min: 0.0, Avg: 0.2, Max: 0.3, Diff: 0.3, Sum: 5.5]
      [GC Worker Total (ms): Min: 9.7, Avg: 10.0, Max: 10.5, Diff: 0.8, Sum: 299.9]
      [GC Worker End (ms): Min: 404842.8, Avg: 404843.0, Max: 404843.1, Diff: 0.3]
   [Code Root Fixup: 0.0 ms]
   [Code Root Purge: 0.0 ms]
   [Clear CT: 2.0 ms]
   [Other: 13.0 ms]
      [Choose CSet: 0.0 ms]
      [Ref Proc: 7.9 ms]
      [Ref Enq: 1.2 ms]
      [Redirty Cards: 1.9 ms]
      [Humongous Register: 0.3 ms]
      [Humongous Reclaim: 0.1 ms]
      [Free CSet: 1.4 ms]
   [Eden: 4028.0M(4028.0M)->0.0B(4028.0M) Survivors: 36.0M->36.0M Heap: 7032.5M(8192.0M)->3006.8M(8192.0M)]
 [Times: user=0.31 sys=0.01, real=0.02 secs]
2018-04-30T04:34:02.522+0200: 404.858: Total time for which application threads were stopped: 0.0273056 seconds, Stopping threads took: 0.0005044 seconds
2018-04-30T04:34:02.959+0200: 405.295: Application time: 0.4373155 seconds
2018-04-30T04:34:02.960+0200: 405.297: [GC pause (G1 Evacuation Pause) (young)
Desired survivor size 266338304 bytes, new threshold 15 (max 15)
- age   1:   12344768 bytes,   12344768 total
- age   2:    1158344 bytes,   13503112 total
- age   3:    1175080 bytes,   14678192 total
- age   4:    1153536 bytes,   15831728 total
- age   5:    1155160 bytes,   16986888 total
- age   6:    1647728 bytes,   18634616 total
- age   7:    1150816 bytes,   19785432 total
- age   8:    1166584 bytes,   20952016 total
- age   9:    1169760 bytes,   22121776 total
- age  10:    1186248 bytes,   23308024 total
- age  11:    1202696 bytes,   24510720 total
- age  12:     830520 bytes,   25341240 total
- age  13:       5288 bytes,   25346528 total
- age  14:       8744 bytes,   25355272 total
- age  15:       6632 bytes,   25361904 total
, 0.0254947 secs]
   [Parallel Time: 10.3 ms, GC Workers: 30]
      [GC Worker Start (ms): Min: 405297.0, Avg: 405297.7, Max: 405298.3, Diff: 1.3]
      [Ext Root Scanning (ms): Min: 0.0, Avg: 0.4, Max: 1.2, Diff: 1.2, Sum: 12.4]
      [Update RS (ms): Min: 1.5, Avg: 2.0, Max: 2.4, Diff: 0.9, Sum: 59.5]
         [Processed Buffers: Min: 2, Avg: 3.9, Max: 16, Diff: 14, Sum: 117]
      [Scan RS (ms): Min: 0.0, Avg: 0.2, Max: 0.5, Diff: 0.4, Sum: 6.2]
      [Code Root Scanning (ms): Min: 0.0, Avg: 0.0, Max: 0.0, Diff: 0.0, Sum: 0.1]
      [Object Copy (ms): Min: 6.2, Avg: 6.4, Max: 6.5, Diff: 0.4, Sum: 191.3]
      [Termination (ms): Min: 0.0, Avg: 0.0, Max: 0.0, Diff: 0.0, Sum: 0.3]
         [Termination Attempts: Min: 1, Avg: 1.0, Max: 1, Diff: 0, Sum: 30]
      [GC Worker Other (ms): Min: 0.0, Avg: 0.2, Max: 0.3, Diff: 0.3, Sum: 4.8]
      [GC Worker Total (ms): Min: 8.4, Avg: 9.2, Max: 9.9, Diff: 1.5, Sum: 274.6]
      [GC Worker End (ms): Min: 405306.7, Avg: 405306.9, Max: 405307.0, Diff: 0.3]
   [Code Root Fixup: 0.0 ms]
   [Code Root Purge: 0.0 ms]
   [Clear CT: 2.3 ms]
   [Other: 12.9 ms]
      [Choose CSet: 0.0 ms]
      [Ref Proc: 7.5 ms]
      [Ref Enq: 1.0 ms]
      [Redirty Cards: 2.2 ms]
      [Humongous Register: 0.3 ms]
      [Humongous Reclaim: 0.1 ms]
      [Free CSet: 1.4 ms]
   [Eden: 4028.0M(4028.0M)->0.0B(4028.0M) Survivors: 36.0M->36.0M Heap: 7034.8M(8192.0M)->3003.8M(8192.0M)]
 [Times: user=0.28 sys=0.01, real=0.03 secs]
2018-04-30T04:34:02.986+0200: 405.322: Total time for which application threads were stopped: 0.0268728 seconds, Stopping threads took: 0.0003177 seconds
2018-04-30T04:34:03.421+0200: 405.758: Application time: 0.4354799 seconds
2018-04-30T04:34:03.423+0200: 405.759: [GC pause (G1 Evacuation Pause) (young)
Desired survivor size 266338304 bytes, new threshold 15 (max 15)
- age   1:   10693552 bytes,   10693552 total
- age   2:    1474000 bytes,   12167552 total
- age   3:    1154328 bytes,   13321880 total
- age   4:    1173192 bytes,   14495072 total
- age   5:    1152064 bytes,   15647136 total
- age   6:    1154328 bytes,   16801464 total
- age   7:    1647408 bytes,   18448872 total
- age   8:    1150560 bytes,   19599432 total
- age   9:    1166200 bytes,   20765632 total
- age  10:    1169104 bytes,   21934736 total
- age  11:    1186184 bytes,   23120920 total
- age  12:     902296 bytes,   24023216 total
- age  13:       2144 bytes,   24025360 total
- age  14:       5288 bytes,   24030648 total
- age  15:       8744 bytes,   24039392 total
, 0.0249406 secs]
   [Parallel Time: 9.9 ms, GC Workers: 30]
      [GC Worker Start (ms): Min: 405759.3, Avg: 405759.7, Max: 405760.1, Diff: 0.7]
      [Ext Root Scanning (ms): Min: 0.2, Avg: 0.5, Max: 1.2, Diff: 1.0, Sum: 16.0]
      [Update RS (ms): Min: 1.6, Avg: 1.9, Max: 2.5, Diff: 0.9, Sum: 58.2]
         [Processed Buffers: Min: 2, Avg: 3.8, Max: 21, Diff: 19, Sum: 115]
      [Scan RS (ms): Min: 0.0, Avg: 0.2, Max: 0.4, Diff: 0.4, Sum: 5.3]
      [Code Root Scanning (ms): Min: 0.0, Avg: 0.0, Max: 0.0, Diff: 0.0, Sum: 0.1]
      [Object Copy (ms): Min: 6.0, Avg: 6.4, Max: 6.6, Diff: 0.5, Sum: 192.7]
      [Termination (ms): Min: 0.0, Avg: 0.0, Max: 0.0, Diff: 0.0, Sum: 0.5]
         [Termination Attempts: Min: 1, Avg: 1.1, Max: 2, Diff: 1, Sum: 34]
      [GC Worker Other (ms): Min: 0.0, Avg: 0.2, Max: 0.3, Diff: 0.3, Sum: 5.0]
      [GC Worker Total (ms): Min: 8.8, Avg: 9.3, Max: 9.8, Diff: 1.0, Sum: 277.9]
      [GC Worker End (ms): Min: 405768.8, Avg: 405769.0, Max: 405769.1, Diff: 0.3]
   [Code Root Fixup: 0.0 ms]
   [Code Root Purge: 0.0 ms]
   [Clear CT: 2.4 ms]
   [Other: 12.6 ms]
      [Choose CSet: 0.0 ms]
      [Ref Proc: 7.1 ms]
      [Ref Enq: 1.0 ms]
      [Redirty Cards: 2.7 ms]
      [Humongous Register: 0.3 ms]
      [Humongous Reclaim: 0.1 ms]
      [Free CSet: 1.2 ms]
   [Eden: 4028.0M(4028.0M)->0.0B(4036.0M) Survivors: 36.0M->32.0M Heap: 7031.8M(8192.0M)->3002.9M(8192.0M)]
 [Times: user=0.30 sys=0.00, real=0.03 secs]
2018-04-30T04:34:03.448+0200: 405.784: Total time for which application threads were stopped: 0.0262581 seconds, Stopping threads took: 0.0003184 seconds
2018-04-30T04:34:03.869+0200: 406.205: Application time: 0.4208565 seconds
2018-04-30T04:34:03.870+0200: 406.206: [GC pause (G1 Evacuation Pause) (young)
Desired survivor size 268435456 bytes, new threshold 15 (max 15)
- age   1:   10739688 bytes,   10739688 total
- age   2:    1147720 bytes,   11887408 total
- age   3:    1469512 bytes,   13356920 total
- age   4:    1151928 bytes,   14508848 total
- age   5:    1171208 bytes,   15680056 total
- age   6:    1150496 bytes,   16830552 total
- age   7:    1153624 bytes,   17984176 total
- age   8:    1646768 bytes,   19630944 total
- age   9:    1150240 bytes,   20781184 total
- age  10:    1165672 bytes,   21946856 total
- age  11:    1168720 bytes,   23115576 total
- age  12:     941528 bytes,   24057104 total
- age  13:       4832 bytes,   24061936 total
- age  14:       1888 bytes,   24063824 total
- age  15:       5160 bytes,   24068984 total
, 0.0250147 secs]
   [Parallel Time: 11.3 ms, GC Workers: 30]
      [GC Worker Start (ms): Min: 406206.5, Avg: 406207.0, Max: 406207.5, Diff: 1.1]
      [Ext Root Scanning (ms): Min: 0.0, Avg: 0.5, Max: 1.2, Diff: 1.2, Sum: 14.6]
      [Update RS (ms): Min: 1.7, Avg: 2.0, Max: 2.6, Diff: 0.9, Sum: 61.3]
         [Processed Buffers: Min: 2, Avg: 3.9, Max: 11, Diff: 9, Sum: 118]
      [Scan RS (ms): Min: 0.0, Avg: 0.2, Max: 0.5, Diff: 0.4, Sum: 6.5]
      [Code Root Scanning (ms): Min: 0.0, Avg: 0.0, Max: 0.0, Diff: 0.0, Sum: 0.1]
      [Object Copy (ms): Min: 7.1, Avg: 7.4, Max: 7.5, Diff: 0.5, Sum: 222.1]
      [Termination (ms): Min: 0.0, Avg: 0.0, Max: 0.0, Diff: 0.0, Sum: 0.2]
         [Termination Attempts: Min: 1, Avg: 1.0, Max: 1, Diff: 0, Sum: 30]
      [GC Worker Other (ms): Min: 0.0, Avg: 0.2, Max: 0.3, Diff: 0.3, Sum: 5.1]
      [GC Worker Total (ms): Min: 9.8, Avg: 10.3, Max: 10.9, Diff: 1.1, Sum: 309.8]
      [GC Worker End (ms): Min: 406217.1, Avg: 406217.3, Max: 406217.5, Diff: 0.3]
   [Code Root Fixup: 0.0 ms]
   [Code Root Purge: 0.0 ms]
   [Clear CT: 1.6 ms]
   [Other: 12.1 ms]
      [Choose CSet: 0.0 ms]
      [Ref Proc: 7.1 ms]
      [Ref Enq: 1.0 ms]
      [Redirty Cards: 2.1 ms]
      [Humongous Register: 0.3 ms]
      [Humongous Reclaim: 0.1 ms]
      [Free CSet: 1.3 ms]
   [Eden: 4036.0M(4036.0M)->0.0B(4028.0M) Survivors: 32.0M->36.0M Heap: 7038.9M(8192.0M)->3006.1M(8192.0M)]
 [Times: user=0.33 sys=0.00, real=0.03 secs]
2018-04-30T04:34:03.895+0200: 406.231: Total time for which application threads were stopped: 0.0263672 seconds, Stopping threads took: 0.0003688 seconds
2018-04-30T04:34:04.340+0200: 406.676: Application time: 0.4447312 seconds
2018-04-30T04:34:04.341+0200: 406.677: [GC pause (G1 Evacuation Pause) (young)
Desired survivor size 266338304 bytes, new threshold 15 (max 15)
- age   1:   12114888 bytes,   12114888 total
- age   2:    1165328 bytes,   13280216 total
- age   3:    1143936 bytes,   14424152 total
- age   4:    1468328 bytes,   15892480 total
- age   5:    1150840 bytes,   17043320 total
- age   6:    1169592 bytes,   18212912 total
- age   7:    1149152 bytes,   19362064 total
- age   8:    1153496 bytes,   20515560 total
- age   9:    1645936 bytes,   22161496 total
- age  10:    1149920 bytes,   23311416 total
- age  11:    1165608 bytes,   24477024 total
- age  12:     955000 bytes,   25432024 total
- age  13:       6264 bytes,   25438288 total
- age  14:       4768 bytes,   25443056 total
- age  15:       1760 bytes,   25444816 total
, 0.0236884 secs]
   [Parallel Time: 10.6 ms, GC Workers: 30]
      [GC Worker Start (ms): Min: 406677.7, Avg: 406678.2, Max: 406678.6, Diff: 0.8]
      [Ext Root Scanning (ms): Min: 0.2, Avg: 0.5, Max: 1.2, Diff: 1.1, Sum: 16.0]
      [Update RS (ms): Min: 1.6, Avg: 1.9, Max: 2.3, Diff: 0.8, Sum: 57.0]
         [Processed Buffers: Min: 2, Avg: 3.9, Max: 18, Diff: 16, Sum: 116]
      [Scan RS (ms): Min: 0.0, Avg: 0.2, Max: 0.4, Diff: 0.4, Sum: 5.6]
      [Code Root Scanning (ms): Min: 0.0, Avg: 0.0, Max: 0.0, Diff: 0.0, Sum: 0.1]
      [Object Copy (ms): Min: 6.6, Avg: 6.9, Max: 7.1, Diff: 0.4, Sum: 207.0]
      [Termination (ms): Min: 0.0, Avg: 0.0, Max: 0.0, Diff: 0.0, Sum: 0.2]
         [Termination Attempts: Min: 1, Avg: 1.0, Max: 1, Diff: 0, Sum: 30]
      [GC Worker Other (ms): Min: 0.0, Avg: 0.2, Max: 0.4, Diff: 0.4, Sum: 6.1]
      [GC Worker Total (ms): Min: 9.2, Avg: 9.7, Max: 10.2, Diff: 1.0, Sum: 292.1]
      [GC Worker End (ms): Min: 406687.8, Avg: 406687.9, Max: 406688.1, Diff: 0.4]
   [Code Root Fixup: 0.0 ms]
   [Code Root Purge: 0.0 ms]
   [Clear CT: 1.6 ms]
   [Other: 11.5 ms]
      [Choose CSet: 0.0 ms]
      [Ref Proc: 6.8 ms]
      [Ref Enq: 0.9 ms]
      [Redirty Cards: 1.8 ms]
      [Humongous Register: 0.3 ms]
      [Humongous Reclaim: 0.1 ms]
      [Free CSet: 1.3 ms]
   [Eden: 4028.0M(4028.0M)->0.0B(4028.0M) Survivors: 36.0M->36.0M Heap: 7034.1M(8192.0M)->3005.4M(8192.0M)]
 [Times: user=0.31 sys=0.00, real=0.03 secs]
2018-04-30T04:34:04.365+0200: 406.701: Total time for which application threads were stopped: 0.0251790 seconds, Stopping threads took: 0.0004437 seconds
2018-04-30T04:34:04.797+0200: 407.133: Application time: 0.4321200 seconds
2018-04-30T04:34:04.798+0200: 407.135: [GC pause (G1 Evacuation Pause) (young)
Desired survivor size 266338304 bytes, new threshold 15 (max 15)
- age   1:   11724712 bytes,   11724712 total
- age   2:    1317720 bytes,   13042432 total
- age   3:    1159584 bytes,   14202016 total
- age   4:    1142560 bytes,   15344576 total
- age   5:    1467208 bytes,   16811784 total
- age   6:    1149400 bytes,   17961184 total
- age   7:    1168816 bytes,   19130000 total
- age   8:    1148128 bytes,   20278128 total
- age   9:    1153368 bytes,   21431496 total
- age  10:    1645808 bytes,   23077304 total
- age  11:    1149856 bytes,   24227160 total
- age  12:     978184 bytes,   25205344 total
- age  13:      10176 bytes,   25215520 total
- age  14:       6136 bytes,   25221656 total
- age  15:       4768 bytes,   25226424 total
, 0.0254474 secs]
   [Parallel Time: 10.3 ms, GC Workers: 30]
      [GC Worker Start (ms): Min: 407135.0, Avg: 407135.3, Max: 407135.6, Diff: 0.6]
      [Ext Root Scanning (ms): Min: 0.2, Avg: 0.5, Max: 1.3, Diff: 1.1, Sum: 16.3]
      [Update RS (ms): Min: 1.1, Avg: 1.9, Max: 2.3, Diff: 1.2, Sum: 57.0]
         [Processed Buffers: Min: 1, Avg: 3.8, Max: 19, Diff: 18, Sum: 115]
      [Scan RS (ms): Min: 0.0, Avg: 0.2, Max: 0.4, Diff: 0.4, Sum: 6.3]
      [Code Root Scanning (ms): Min: 0.0, Avg: 0.0, Max: 0.0, Diff: 0.0, Sum: 0.1]
      [Object Copy (ms): Min: 6.5, Avg: 6.8, Max: 6.9, Diff: 0.4, Sum: 204.3]
      [Termination (ms): Min: 0.0, Avg: 0.0, Max: 0.0, Diff: 0.0, Sum: 0.2]
         [Termination Attempts: Min: 1, Avg: 1.0, Max: 1, Diff: 0, Sum: 30]
      [GC Worker Other (ms): Min: 0.0, Avg: 0.2, Max: 0.3, Diff: 0.3, Sum: 5.2]
      [GC Worker Total (ms): Min: 9.3, Avg: 9.6, Max: 10.1, Diff: 0.7, Sum: 289.3]
      [GC Worker End (ms): Min: 407144.8, Avg: 407144.9, Max: 407145.1, Diff: 0.3]
   [Code Root Fixup: 0.0 ms]
   [Code Root Purge: 0.0 ms]
   [Clear CT: 2.5 ms]
   [Other: 12.7 ms]
      [Choose CSet: 0.0 ms]
      [Ref Proc: 6.9 ms]
      [Ref Enq: 1.2 ms]
      [Redirty Cards: 2.3 ms]
      [Humongous Register: 0.3 ms]
      [Humongous Reclaim: 0.1 ms]
      [Free CSet: 1.6 ms]
   [Eden: 4028.0M(4028.0M)->0.0B(4012.0M) Survivors: 36.0M->44.0M Heap: 7033.4M(8192.0M)->3012.6M(8192.0M)]
 [Times: user=0.31 sys=0.00, real=0.03 secs]
2018-04-30T04:34:04.824+0200: 407.160: Total time for which application threads were stopped: 0.0269312 seconds, Stopping threads took: 0.0003902 seconds
2018-04-30T04:34:05.256+0200: 407.592: Application time: 0.4320438 seconds
2018-04-30T04:34:05.257+0200: 407.594: [GC pause (G1 Evacuation Pause) (young)
Desired survivor size 266338304 bytes, new threshold 15 (max 15)
- age   1:   10926776 bytes,   10926776 total
- age   2:    1146992 bytes,   12073768 total
- age   3:    1160232 bytes,   13234000 total
- age   4:    1154368 bytes,   14388368 total
- age   5:    1133952 bytes,   15522320 total
- age   6:    1208064 bytes,   16730384 total
- age   7:    1147720 bytes,   17878104 total
- age   8:    1168240 bytes,   19046344 total
- age   9:    1147744 bytes,   20194088 total
- age  10:    1153240 bytes,   21347328 total
- age  11:    1645680 bytes,   22993008 total
- age  12:    1010864 bytes,   24003872 total
- age  13:       3680 bytes,   24007552 total
- age  14:      10176 bytes,   24017728 total
- age  15:       6136 bytes,   24023864 total
, 0.0232345 secs]
   [Parallel Time: 9.4 ms, GC Workers: 30]
      [GC Worker Start (ms): Min: 407594.0, Avg: 407594.6, Max: 407595.1, Diff: 1.1]
      [Ext Root Scanning (ms): Min: 0.0, Avg: 0.5, Max: 1.2, Diff: 1.2, Sum: 14.3]
      [Update RS (ms): Min: 1.7, Avg: 2.0, Max: 2.3, Diff: 0.6, Sum: 59.1]
         [Processed Buffers: Min: 2, Avg: 3.9, Max: 11, Diff: 9, Sum: 117]
      [Scan RS (ms): Min: 0.0, Avg: 0.2, Max: 0.4, Diff: 0.4, Sum: 6.2]
      [Code Root Scanning (ms): Min: 0.0, Avg: 0.0, Max: 0.0, Diff: 0.0, Sum: 0.1]
      [Object Copy (ms): Min: 5.4, Avg: 5.6, Max: 5.7, Diff: 0.3, Sum: 167.6]
      [Termination (ms): Min: 0.0, Avg: 0.0, Max: 0.0, Diff: 0.0, Sum: 0.2]
         [Termination Attempts: Min: 1, Avg: 1.0, Max: 1, Diff: 0, Sum: 30]
      [GC Worker Other (ms): Min: 0.0, Avg: 0.2, Max: 0.3, Diff: 0.3, Sum: 5.2]
      [GC Worker Total (ms): Min: 7.9, Avg: 8.4, Max: 9.1, Diff: 1.2, Sum: 252.7]
      [GC Worker End (ms): Min: 407602.9, Avg: 407603.0, Max: 407603.2, Diff: 0.3]
   [Code Root Fixup: 0.0 ms]
   [Code Root Purge: 0.0 ms]
   [Clear CT: 2.1 ms]
   [Other: 11.8 ms]
      [Choose CSet: 0.0 ms]
      [Ref Proc: 6.4 ms]
      [Ref Enq: 0.8 ms]
      [Redirty Cards: 2.7 ms]
      [Humongous Register: 0.3 ms]
      [Humongous Reclaim: 0.1 ms]
      [Free CSet: 1.3 ms]
   [Eden: 4012.0M(4012.0M)->0.0B(4036.0M) Survivors: 44.0M->32.0M Heap: 7024.6M(8192.0M)->3001.4M(8192.0M)]
 [Times: user=0.28 sys=0.00, real=0.02 secs]
2018-04-30T04:34:05.281+0200: 407.617: Total time for which application threads were stopped: 0.0247682 seconds, Stopping threads took: 0.0005224 seconds
2018-04-30T04:34:05.701+0200: 408.038: Application time: 0.4204840 seconds
2018-04-30T04:34:05.702+0200: 408.039: [GC pause (G1 Evacuation Pause) (young)
Desired survivor size 268435456 bytes, new threshold 15 (max 15)
- age   1:    9460216 bytes,    9460216 total
- age   2:    1134216 bytes,   10594432 total
- age   3:    1139776 bytes,   11734208 total
- age   4:    1155816 bytes,   12890024 total
- age   5:    1152640 bytes,   14042664 total
- age   6:    1132736 bytes,   15175400 total
- age   7:    1204528 bytes,   16379928 total
- age   8:    1146952 bytes,   17526880 total
- age   9:    1167600 bytes,   18694480 total
- age  10:    1146208 bytes,   19840688 total
- age  11:    1149720 bytes,   20990408 total
- age  12:    1017272 bytes,   22007680 total
- age  13:       4736 bytes,   22012416 total
- age  14:       3680 bytes,   22016096 total
- age  15:      10112 bytes,   22026208 total
, 0.0282291 secs]
   [Parallel Time: 13.1 ms, GC Workers: 30]
      [GC Worker Start (ms): Min: 408039.3, Avg: 408039.8, Max: 408040.2, Diff: 0.9]
      [Ext Root Scanning (ms): Min: 0.1, Avg: 0.5, Max: 1.2, Diff: 1.1, Sum: 14.9]
      [Update RS (ms): Min: 1.7, Avg: 2.0, Max: 2.4, Diff: 0.7, Sum: 58.7]
         [Processed Buffers: Min: 2, Avg: 3.9, Max: 12, Diff: 10, Sum: 116]
      [Scan RS (ms): Min: 0.0, Avg: 0.2, Max: 0.4, Diff: 0.4, Sum: 6.1]
      [Code Root Scanning (ms): Min: 0.0, Avg: 0.0, Max: 0.0, Diff: 0.0, Sum: 0.1]
      [Object Copy (ms): Min: 9.2, Avg: 9.4, Max: 9.5, Diff: 0.4, Sum: 282.7]
      [Termination (ms): Min: 0.0, Avg: 0.0, Max: 0.0, Diff: 0.0, Sum: 0.5]
         [Termination Attempts: Min: 1, Avg: 1.3, Max: 2, Diff: 1, Sum: 38]
      [GC Worker Other (ms): Min: 0.0, Avg: 0.2, Max: 0.3, Diff: 0.3, Sum: 5.1]
      [GC Worker Total (ms): Min: 11.8, Avg: 12.3, Max: 12.9, Diff: 1.2, Sum: 368.0]
      [GC Worker End (ms): Min: 408051.9, Avg: 408052.1, Max: 408052.2, Diff: 0.3]
   [Code Root Fixup: 0.0 ms]
   [Code Root Purge: 0.0 ms]
   [Clear CT: 1.9 ms]
   [Other: 13.2 ms]
      [Choose CSet: 0.0 ms]
      [Ref Proc: 8.3 ms]
      [Ref Enq: 1.2 ms]
      [Redirty Cards: 1.7 ms]
      [Humongous Register: 0.3 ms]
      [Humongous Reclaim: 0.1 ms]
      [Free CSet: 1.4 ms]
   [Eden: 4036.0M(4036.0M)->0.0B(4004.0M) Survivors: 32.0M->48.0M Heap: 7037.4M(8192.0M)->3017.2M(8192.0M)]
 [Times: user=0.39 sys=0.00, real=0.03 secs]
2018-04-30T04:34:05.731+0200: 408.067: Total time for which application threads were stopped: 0.0297360 seconds, Stopping threads took: 0.0004418 seconds
2018-04-30T04:34:06.162+0200: 408.499: Application time: 0.4313700 seconds
2018-04-30T04:34:06.164+0200: 408.500: [GC pause (G1 Evacuation Pause) (young)
Desired survivor size 266338304 bytes, new threshold 15 (max 15)
- age   1:   17209112 bytes,   17209112 total
- age   2:    2076464 bytes,   19285576 total
- age   3:    1130944 bytes,   20416520 total
- age   4:    1138816 bytes,   21555336 total
- age   5:    1154424 bytes,   22709760 total
- age   6:    1151744 bytes,   23861504 total
- age   7:    1132160 bytes,   24993664 total
- age   8:    1204464 bytes,   26198128 total
- age   9:    1146760 bytes,   27344888 total
- age  10:    1167408 bytes,   28512296 total
- age  11:    1145888 bytes,   29658184 total
- age  12:     931328 bytes,   30589512 total
- age  13:       4640 bytes,   30594152 total
- age  14:       4736 bytes,   30598888 total
- age  15:       3616 bytes,   30602504 total
, 0.0282860 secs]
   [Parallel Time: 10.8 ms, GC Workers: 30]
      [GC Worker Start (ms): Min: 408500.3, Avg: 408500.9, Max: 408501.4, Diff: 1.0]
      [Ext Root Scanning (ms): Min: 0.1, Avg: 0.5, Max: 1.2, Diff: 1.2, Sum: 15.7]
      [Update RS (ms): Min: 1.5, Avg: 2.0, Max: 2.4, Diff: 0.8, Sum: 58.6]
         [Processed Buffers: Min: 2, Avg: 3.9, Max: 14, Diff: 12, Sum: 118]
      [Scan RS (ms): Min: 0.0, Avg: 0.2, Max: 0.4, Diff: 0.4, Sum: 6.5]
      [Code Root Scanning (ms): Min: 0.0, Avg: 0.0, Max: 0.0, Diff: 0.0, Sum: 0.1]
      [Object Copy (ms): Min: 6.7, Avg: 7.0, Max: 7.1, Diff: 0.4, Sum: 209.3]
      [Termination (ms): Min: 0.0, Avg: 0.0, Max: 0.0, Diff: 0.0, Sum: 0.2]
         [Termination Attempts: Min: 1, Avg: 1.0, Max: 1, Diff: 0, Sum: 30]
      [GC Worker Other (ms): Min: 0.0, Avg: 0.2, Max: 0.3, Diff: 0.3, Sum: 4.9]
      [GC Worker Total (ms): Min: 9.4, Avg: 9.8, Max: 10.4, Diff: 1.0, Sum: 295.3]
      [GC Worker End (ms): Min: 408510.6, Avg: 408510.8, Max: 408510.9, Diff: 0.3]
   [Code Root Fixup: 0.0 ms]
   [Code Root Purge: 0.0 ms]
   [Clear CT: 2.1 ms]
   [Other: 15.4 ms]
      [Choose CSet: 0.0 ms]
      [Ref Proc: 8.6 ms]
      [Ref Enq: 1.4 ms]
      [Redirty Cards: 3.1 ms]
      [Humongous Register: 0.3 ms]
      [Humongous Reclaim: 0.1 ms]
      [Free CSet: 1.7 ms]
   [Eden: 4004.0M(4004.0M)->0.0B(4020.0M) Survivors: 48.0M->40.0M Heap: 7021.2M(8192.0M)->3008.0M(8192.0M)]
 [Times: user=0.31 sys=0.01, real=0.03 secs]
2018-04-30T04:34:06.192+0200: 408.528: Total time for which application threads were stopped: 0.0297154 seconds, Stopping threads took: 0.0003737 seconds
2018-04-30T04:34:06.628+0200: 408.964: Application time: 0.4360943 seconds
2018-04-30T04:34:06.629+0200: 408.966: [GC pause (G1 Evacuation Pause) (young)
Desired survivor size 266338304 bytes, new threshold 15 (max 15)
- age   1:    9377896 bytes,    9377896 total
- age   2:    1246336 bytes,   10624232 total
- age   3:    2071920 bytes,   12696152 total
- age   4:    1128192 bytes,   13824344 total
- age   5:    1137440 bytes,   14961784 total
- age   6:    1153336 bytes,   16115120 total
- age   7:    1150592 bytes,   17265712 total
- age   8:    1131712 bytes,   18397424 total
- age   9:    1204336 bytes,   19601760 total
- age  10:    1146376 bytes,   20748136 total
- age  11:    1167088 bytes,   21915224 total
- age  12:     927792 bytes,   22843016 total
- age  13:       2824 bytes,   22845840 total
- age  14:       4640 bytes,   22850480 total
- age  15:       4672 bytes,   22855152 total
, 0.0242114 secs]
   [Parallel Time: 9.9 ms, GC Workers: 30]
      [GC Worker Start (ms): Min: 408966.1, Avg: 408966.6, Max: 408967.0, Diff: 1.0]
      [Ext Root Scanning (ms): Min: 0.1, Avg: 0.5, Max: 1.2, Diff: 1.1, Sum: 14.9]
      [Update RS (ms): Min: 1.7, Avg: 2.0, Max: 2.5, Diff: 0.8, Sum: 61.1]
         [Processed Buffers: Min: 2, Avg: 3.9, Max: 19, Diff: 17, Sum: 118]
      [Scan RS (ms): Min: 0.0, Avg: 0.2, Max: 0.4, Diff: 0.4, Sum: 6.4]
      [Code Root Scanning (ms): Min: 0.0, Avg: 0.0, Max: 0.0, Diff: 0.0, Sum: 0.1]
      [Object Copy (ms): Min: 5.9, Avg: 6.2, Max: 6.3, Diff: 0.4, Sum: 186.8]
      [Termination (ms): Min: 0.0, Avg: 0.0, Max: 0.0, Diff: 0.0, Sum: 0.3]
         [Termination Attempts: Min: 1, Avg: 1.0, Max: 1, Diff: 0, Sum: 30]
      [GC Worker Other (ms): Min: 0.0, Avg: 0.2, Max: 0.3, Diff: 0.3, Sum: 4.6]
      [GC Worker Total (ms): Min: 8.6, Avg: 9.1, Max: 9.9, Diff: 1.2, Sum: 274.2]
      [GC Worker End (ms): Min: 408975.6, Avg: 408975.8, Max: 408975.9, Diff: 0.3]
   [Code Root Fixup: 0.0 ms]
   [Code Root Purge: 0.0 ms]
   [Clear CT: 1.1 ms]
   [Other: 13.2 ms]
      [Choose CSet: 0.0 ms]
      [Ref Proc: 7.6 ms]
      [Ref Enq: 1.2 ms]
      [Redirty Cards: 2.4 ms]
      [Humongous Register: 0.3 ms]
      [Humongous Reclaim: 0.1 ms]
      [Free CSet: 1.4 ms]
   [Eden: 4020.0M(4020.0M)->0.0B(4036.0M) Survivors: 40.0M->32.0M Heap: 7028.0M(8192.0M)->3002.9M(8192.0M)]
 [Times: user=0.30 sys=0.00, real=0.03 secs]
2018-04-30T04:34:06.654+0200: 408.990: Total time for which application threads were stopped: 0.0256152 seconds, Stopping threads took: 0.0003449 seconds
2018-04-30T04:34:07.094+0200: 409.431: Application time: 0.4404916 seconds
2018-04-30T04:34:07.095+0200: 409.432: [GC pause (G1 Evacuation Pause) (young)
Desired survivor size 268435456 bytes, new threshold 15 (max 15)
- age   1:    9061488 bytes,    9061488 total
- age   2:    1313744 bytes,   10375232 total
- age   3:    1244352 bytes,   11619584 total
- age   4:    2070144 bytes,   13689728 total
- age   5:    1127168 bytes,   14816896 total
- age   6:    1136608 bytes,   15953504 total
- age   7:    1152680 bytes,   17106184 total
- age   8:    1150208 bytes,   18256392 total
- age   9:    1131520 bytes,   19387912 total
- age  10:    1204272 bytes,   20592184 total
- age  11:    1146056 bytes,   21738240 total
- age  12:     902440 bytes,   22640680 total
- age  13:       3128 bytes,   22643808 total
- age  14:       2632 bytes,   22646440 total
- age  15:       4512 bytes,   22650952 total
, 0.0263770 secs]
   [Parallel Time: 10.7 ms, GC Workers: 30]
      [GC Worker Start (ms): Min: 409432.2, Avg: 409432.7, Max: 409433.2, Diff: 1.0]
      [Ext Root Scanning (ms): Min: 0.0, Avg: 0.5, Max: 1.2, Diff: 1.2, Sum: 14.5]
      [Update RS (ms): Min: 1.6, Avg: 1.9, Max: 2.4, Diff: 0.9, Sum: 57.2]
         [Processed Buffers: Min: 2, Avg: 3.8, Max: 15, Diff: 13, Sum: 113]
      [Scan RS (ms): Min: 0.0, Avg: 0.2, Max: 0.4, Diff: 0.4, Sum: 6.4]
      [Code Root Scanning (ms): Min: 0.0, Avg: 0.0, Max: 0.0, Diff: 0.0, Sum: 0.1]
      [Object Copy (ms): Min: 6.6, Avg: 6.9, Max: 7.0, Diff: 0.5, Sum: 207.5]
      [Termination (ms): Min: 0.0, Avg: 0.0, Max: 0.0, Diff: 0.0, Sum: 0.2]
         [Termination Attempts: Min: 1, Avg: 1.0, Max: 1, Diff: 0, Sum: 30]
      [GC Worker Other (ms): Min: 0.0, Avg: 0.2, Max: 0.4, Diff: 0.3, Sum: 5.5]
      [GC Worker Total (ms): Min: 9.2, Avg: 9.7, Max: 10.3, Diff: 1.1, Sum: 291.3]
      [GC Worker End (ms): Min: 409442.2, Avg: 409442.4, Max: 409442.5, Diff: 0.3]
   [Code Root Fixup: 0.0 ms]
   [Code Root Purge: 0.0 ms]
   [Clear CT: 2.4 ms]
   [Other: 13.3 ms]
      [Choose CSet: 0.0 ms]
      [Ref Proc: 7.4 ms]
      [Ref Enq: 1.2 ms]
      [Redirty Cards: 2.7 ms]
      [Humongous Register: 0.3 ms]
      [Humongous Reclaim: 0.1 ms]
      [Free CSet: 1.4 ms]
   [Eden: 4036.0M(4036.0M)->0.0B(4028.0M) Survivors: 32.0M->36.0M Heap: 7038.9M(8192.0M)->3006.0M(8192.0M)]
 [Times: user=0.31 sys=0.00, real=0.02 secs]
2018-04-30T04:34:07.122+0200: 409.458: Total time for which application threads were stopped: 0.0277091 seconds, Stopping threads took: 0.0002977 seconds
2018-04-30T04:34:07.545+0200: 409.882: Application time: 0.4233605 seconds
2018-04-30T04:34:07.546+0200: 409.883: [GC pause (G1 Evacuation Pause) (young)
Desired survivor size 266338304 bytes, new threshold 15 (max 15)
- age   1:   10890592 bytes,   10890592 total
- age   2:    1222000 bytes,   12112592 total
- age   3:    1308920 bytes,   13421512 total
- age   4:    1242048 bytes,   14663560 total
- age   5:    2068512 bytes,   16732072 total
- age   6:    1126784 bytes,   17858856 total
- age   7:    1135968 bytes,   18994824 total
- age   8:    1152552 bytes,   20147376 total
- age   9:    1149952 bytes,   21297328 total
- age  10:    1131456 bytes,   22428784 total
- age  11:    1203872 bytes,   23632656 total
- age  12:     873448 bytes,   24506104 total
- age  13:      10560 bytes,   24516664 total
- age  14:       3064 bytes,   24519728 total
- age  15:       2504 bytes,   24522232 total
, 0.0226596 secs]
   [Parallel Time: 9.2 ms, GC Workers: 30]
      [GC Worker Start (ms): Min: 409883.3, Avg: 409883.6, Max: 409884.0, Diff: 0.8]
      [Ext Root Scanning (ms): Min: 0.1, Avg: 0.5, Max: 1.3, Diff: 1.1, Sum: 16.1]
      [Update RS (ms): Min: 1.5, Avg: 2.0, Max: 2.4, Diff: 0.9, Sum: 59.1]
         [Processed Buffers: Min: 2, Avg: 3.9, Max: 16, Diff: 14, Sum: 116]
      [Scan RS (ms): Min: 0.0, Avg: 0.2, Max: 0.4, Diff: 0.4, Sum: 6.0]
      [Code Root Scanning (ms): Min: 0.0, Avg: 0.0, Max: 0.0, Diff: 0.0, Sum: 0.1]
      [Object Copy (ms): Min: 5.4, Avg: 5.6, Max: 5.8, Diff: 0.3, Sum: 168.9]
      [Termination (ms): Min: 0.0, Avg: 0.0, Max: 0.0, Diff: 0.0, Sum: 0.3]
         [Termination Attempts: Min: 1, Avg: 1.0, Max: 1, Diff: 0, Sum: 30]
      [GC Worker Other (ms): Min: 0.0, Avg: 0.2, Max: 0.3, Diff: 0.3, Sum: 4.6]
      [GC Worker Total (ms): Min: 8.0, Avg: 8.5, Max: 9.0, Diff: 1.0, Sum: 254.9]
      [GC Worker End (ms): Min: 409892.0, Avg: 409892.1, Max: 409892.3, Diff: 0.3]
   [Code Root Fixup: 0.0 ms]
   [Code Root Purge: 0.0 ms]
   [Clear CT: 1.5 ms]
   [Other: 12.0 ms]
      [Choose CSet: 0.0 ms]
      [Ref Proc: 6.8 ms]
      [Ref Enq: 0.9 ms]
      [Redirty Cards: 2.3 ms]
      [Humongous Register: 0.3 ms]
      [Humongous Reclaim: 0.1 ms]
      [Free CSet: 1.3 ms]
   [Eden: 4028.0M(4028.0M)->0.0B(4028.0M) Survivors: 36.0M->36.0M Heap: 7034.0M(8192.0M)->3003.9M(8192.0M)]
 [Times: user=0.28 sys=0.01, real=0.02 secs]
2018-04-30T04:34:07.569+0200: 409.906: Total time for which application threads were stopped: 0.0240046 seconds, Stopping threads took: 0.0002981 seconds
2018-04-30T04:34:08.012+0200: 410.348: Application time: 0.4421957 seconds
2018-04-30T04:34:08.013+0200: 410.349: [GC pause (G1 Evacuation Pause) (young)
Desired survivor size 266338304 bytes, new threshold 15 (max 15)
- age   1:    7713320 bytes,    7713320 total
- age   2:    1183968 bytes,    8897288 total
- age   3:    1203784 bytes,   10101072 total
- age   4:    1164920 bytes,   11265992 total
- age   5:    1240320 bytes,   12506312 total
- age   6:    2067232 bytes,   14573544 total
- age   7:    1126272 bytes,   15699816 total
- age   8:    1135328 bytes,   16835144 total
- age   9:    1152360 bytes,   17987504 total
- age  10:    1149824 bytes,   19137328 total
- age  11:    1131200 bytes,   20268528 total
- age  12:     877280 bytes,   21145808 total
- age  13:       8352 bytes,   21154160 total
- age  14:      10496 bytes,   21164656 total
- age  15:       3000 bytes,   21167656 total
, 0.0246015 secs]
   [Parallel Time: 10.1 ms, GC Workers: 30]
      [GC Worker Start (ms): Min: 410349.6, Avg: 410350.0, Max: 410350.4, Diff: 0.8]
      [Ext Root Scanning (ms): Min: 0.1, Avg: 0.5, Max: 1.3, Diff: 1.2, Sum: 15.4]
      [Update RS (ms): Min: 1.6, Avg: 1.9, Max: 2.3, Diff: 0.8, Sum: 56.2]
         [Processed Buffers: Min: 2, Avg: 3.7, Max: 16, Diff: 14, Sum: 112]
      [Scan RS (ms): Min: 0.0, Avg: 0.2, Max: 0.4, Diff: 0.4, Sum: 6.2]
      [Code Root Scanning (ms): Min: 0.0, Avg: 0.0, Max: 0.0, Diff: 0.0, Sum: 0.1]
      [Object Copy (ms): Min: 6.4, Avg: 6.7, Max: 6.8, Diff: 0.4, Sum: 199.9]
      [Termination (ms): Min: 0.0, Avg: 0.0, Max: 0.0, Diff: 0.0, Sum: 0.4]
         [Termination Attempts: Min: 1, Avg: 1.1, Max: 2, Diff: 1, Sum: 34]
      [GC Worker Other (ms): Min: 0.0, Avg: 0.2, Max: 0.3, Diff: 0.3, Sum: 4.9]
      [GC Worker Total (ms): Min: 8.9, Avg: 9.4, Max: 9.9, Diff: 1.0, Sum: 283.0]
      [GC Worker End (ms): Min: 410359.3, Avg: 410359.4, Max: 410359.6, Diff: 0.3]
   [Code Root Fixup: 0.0 ms]
   [Code Root Purge: 0.0 ms]
   [Clear CT: 2.1 ms]
   [Other: 12.4 ms]
      [Choose CSet: 0.0 ms]
      [Ref Proc: 7.2 ms]
      [Ref Enq: 0.9 ms]
      [Redirty Cards: 2.3 ms]
      [Humongous Register: 0.3 ms]
      [Humongous Reclaim: 0.1 ms]
      [Free CSet: 1.3 ms]
   [Eden: 4028.0M(4028.0M)->0.0B(4020.0M) Survivors: 36.0M->40.0M Heap: 7031.9M(8192.0M)->3009.9M(8192.0M)]
 [Times: user=0.30 sys=0.01, real=0.02 secs]
2018-04-30T04:34:08.038+0200: 410.374: Total time for which application threads were stopped: 0.0260599 seconds, Stopping threads took: 0.0004189 seconds
2018-04-30T04:34:08.485+0200: 410.821: Application time: 0.4470555 seconds
2018-04-30T04:34:08.486+0200: 410.822: [GC pause (G1 Evacuation Pause) (young)
Desired survivor size 266338304 bytes, new threshold 15 (max 15)
- age   1:   10950424 bytes,   10950424 total
- age   2:    1468192 bytes,   12418616 total
- age   3:    1179696 bytes,   13598312 total
- age   4:    1201576 bytes,   14799888 total
- age   5:    1163192 bytes,   15963080 total
- age   6:    1239104 bytes,   17202184 total
- age   7:    2066272 bytes,   19268456 total
- age   8:    1125952 bytes,   20394408 total
- age   9:    1135136 bytes,   21529544 total
- age  10:    1152232 bytes,   22681776 total
- age  11:    1149232 bytes,   23831008 total
- age  12:     851048 bytes,   24682056 total
- age  13:      20896 bytes,   24702952 total
- age  14:       8016 bytes,   24710968 total
- age  15:      10496 bytes,   24721464 total
, 0.0261638 secs]
   [Parallel Time: 11.1 ms, GC Workers: 30]
      [GC Worker Start (ms): Min: 410822.6, Avg: 410823.0, Max: 410823.4, Diff: 0.7]
      [Ext Root Scanning (ms): Min: 0.1, Avg: 0.5, Max: 1.3, Diff: 1.1, Sum: 15.5]
      [Update RS (ms): Min: 1.3, Avg: 1.9, Max: 2.4, Diff: 1.0, Sum: 57.5]
         [Processed Buffers: Min: 2, Avg: 4.0, Max: 11, Diff: 9, Sum: 121]
      [Scan RS (ms): Min: 0.0, Avg: 0.2, Max: 0.5, Diff: 0.4, Sum: 5.5]
      [Code Root Scanning (ms): Min: 0.0, Avg: 0.0, Max: 0.0, Diff: 0.0, Sum: 0.1]
      [Object Copy (ms): Min: 7.3, Avg: 7.6, Max: 7.7, Diff: 0.4, Sum: 226.6]
      [Termination (ms): Min: 0.0, Avg: 0.0, Max: 0.0, Diff: 0.0, Sum: 0.2]
         [Termination Attempts: Min: 1, Avg: 1.0, Max: 1, Diff: 0, Sum: 30]
      [GC Worker Other (ms): Min: 0.0, Avg: 0.2, Max: 0.3, Diff: 0.3, Sum: 5.3]
      [GC Worker Total (ms): Min: 10.1, Avg: 10.4, Max: 10.8, Diff: 0.7, Sum: 310.8]
      [GC Worker End (ms): Min: 410833.2, Avg: 410833.4, Max: 410833.5, Diff: 0.3]
   [Code Root Fixup: 0.0 ms]
   [Code Root Purge: 0.0 ms]
   [Clear CT: 2.4 ms]
   [Other: 12.6 ms]
      [Choose CSet: 0.0 ms]
      [Ref Proc: 7.2 ms]
      [Ref Enq: 1.0 ms]
      [Redirty Cards: 2.5 ms]
      [Humongous Register: 0.3 ms]
      [Humongous Reclaim: 0.1 ms]
      [Free CSet: 1.3 ms]
   [Eden: 4020.0M(4020.0M)->0.0B(4020.0M) Survivors: 40.0M->40.0M Heap: 7029.9M(8192.0M)->3008.7M(8192.0M)]
 [Times: user=0.33 sys=0.00, real=0.03 secs]
2018-04-30T04:34:08.512+0200: 410.849: Total time for which application threads were stopped: 0.0276057 seconds, Stopping threads took: 0.0004237 seconds
2018-04-30T04:34:08.950+0200: 411.286: Application time: 0.4372949 seconds
2018-04-30T04:34:08.951+0200: 411.287: [GC pause (G1 Evacuation Pause) (young)
Desired survivor size 266338304 bytes, new threshold 15 (max 15)
- age   1:   14475792 bytes,   14475792 total
- age   2:    1158160 bytes,   15633952 total
- age   3:    1463712 bytes,   17097664 total
- age   4:    1176816 bytes,   18274480 total
- age   5:    1199400 bytes,   19473880 total
- age   6:    1160920 bytes,   20634800 total
- age   7:    1238400 bytes,   21873200 total
- age   8:    2065504 bytes,   23938704 total
- age   9:    1125504 bytes,   25064208 total
- age  10:    1134624 bytes,   26198832 total
- age  11:    1152040 bytes,   27350872 total
- age  12:     864872 bytes,   28215744 total
- age  13:       2552 bytes,   28218296 total
- age  14:      20768 bytes,   28239064 total
- age  15:       7888 bytes,   28246952 total
, 0.0261975 secs]
   [Parallel Time: 10.3 ms, GC Workers: 30]
      [GC Worker Start (ms): Min: 411287.5, Avg: 411288.0, Max: 411288.2, Diff: 0.7]
      [Ext Root Scanning (ms): Min: 0.3, Avg: 0.6, Max: 1.2, Diff: 0.9, Sum: 17.8]
      [Update RS (ms): Min: 1.6, Avg: 1.9, Max: 2.4, Diff: 0.8, Sum: 58.0]
         [Processed Buffers: Min: 2, Avg: 3.7, Max: 14, Diff: 12, Sum: 111]
      [Scan RS (ms): Min: 0.0, Avg: 0.2, Max: 0.5, Diff: 0.4, Sum: 5.9]
      [Code Root Scanning (ms): Min: 0.0, Avg: 0.0, Max: 0.0, Diff: 0.0, Sum: 0.1]
      [Object Copy (ms): Min: 6.4, Avg: 6.7, Max: 6.9, Diff: 0.5, Sum: 201.2]
      [Termination (ms): Min: 0.0, Avg: 0.0, Max: 0.0, Diff: 0.0, Sum: 0.4]
         [Termination Attempts: Min: 1, Avg: 1.0, Max: 1, Diff: 0, Sum: 30]
      [GC Worker Other (ms): Min: 0.0, Avg: 0.2, Max: 0.3, Diff: 0.3, Sum: 4.7]
      [GC Worker Total (ms): Min: 9.3, Avg: 9.6, Max: 10.0, Diff: 0.8, Sum: 287.9]
      [GC Worker End (ms): Min: 411297.4, Avg: 411297.6, Max: 411297.7, Diff: 0.3]
   [Code Root Fixup: 0.0 ms]
   [Code Root Purge: 0.0 ms]
   [Clear CT: 2.5 ms]
   [Other: 13.4 ms]
      [Choose CSet: 0.0 ms]
      [Ref Proc: 7.7 ms]
      [Ref Enq: 1.0 ms]
      [Redirty Cards: 2.8 ms]
      [Humongous Register: 0.3 ms]
      [Humongous Reclaim: 0.1 ms]
      [Free CSet: 1.3 ms]
   [Eden: 4020.0M(4020.0M)->0.0B(4020.0M) Survivors: 40.0M->40.0M Heap: 7028.7M(8192.0M)->3009.8M(8192.0M)]
 [Times: user=0.31 sys=0.00, real=0.03 secs]
2018-04-30T04:34:08.977+0200: 411.314: Total time for which application threads were stopped: 0.0275802 seconds, Stopping threads took: 0.0003890 seconds
2018-04-30T04:34:09.405+0200: 411.741: Application time: 0.4279981 seconds
2018-04-30T04:34:09.406+0200: 411.743: [GC pause (G1 Evacuation Pause) (young)
Desired survivor size 266338304 bytes, new threshold 15 (max 15)
- age   1:   11213264 bytes,   11213264 total
- age   2:    1279368 bytes,   12492632 total
- age   3:    1152936 bytes,   13645568 total
- age   4:    1460864 bytes,   15106432 total
- age   5:    1175408 bytes,   16281840 total
- age   6:    1197592 bytes,   17479432 total
- age   7:    1159896 bytes,   18639328 total
- age   8:    1237824 bytes,   19877152 total
- age   9:    2064992 bytes,   21942144 total
- age  10:    1125184 bytes,   23067328 total
- age  11:    1134432 bytes,   24201760 total
- age  12:     870032 bytes,   25071792 total
- age  13:       6792 bytes,   25078584 total
- age  14:       2488 bytes,   25081072 total
- age  15:      20704 bytes,   25101776 total
, 0.0264946 secs]
   [Parallel Time: 9.8 ms, GC Workers: 30]
      [GC Worker Start (ms): Min: 411743.2, Avg: 411743.7, Max: 411744.1, Diff: 0.9]
      [Ext Root Scanning (ms): Min: 0.1, Avg: 0.6, Max: 1.4, Diff: 1.3, Sum: 17.1]
      [Update RS (ms): Min: 1.5, Avg: 1.9, Max: 2.3, Diff: 0.8, Sum: 57.3]
         [Processed Buffers: Min: 2, Avg: 3.8, Max: 16, Diff: 14, Sum: 113]
      [Scan RS (ms): Min: 0.0, Avg: 0.2, Max: 0.4, Diff: 0.4, Sum: 6.5]
      [Code Root Scanning (ms): Min: 0.0, Avg: 0.0, Max: 0.0, Diff: 0.0, Sum: 0.1]
      [Object Copy (ms): Min: 5.8, Avg: 6.0, Max: 6.1, Diff: 0.3, Sum: 180.2]
      [Termination (ms): Min: 0.0, Avg: 0.0, Max: 0.0, Diff: 0.0, Sum: 0.3]
         [Termination Attempts: Min: 1, Avg: 1.0, Max: 2, Diff: 1, Sum: 31]
      [GC Worker Other (ms): Min: 0.0, Avg: 0.2, Max: 0.3, Diff: 0.3, Sum: 5.1]
      [GC Worker Total (ms): Min: 8.4, Avg: 8.9, Max: 9.4, Diff: 0.9, Sum: 266.6]
      [GC Worker End (ms): Min: 411752.4, Avg: 411752.6, Max: 411752.7, Diff: 0.3]
   [Code Root Fixup: 0.0 ms]
   [Code Root Purge: 0.0 ms]
   [Clear CT: 3.1 ms]
   [Other: 13.6 ms]
      [Choose CSet: 0.0 ms]
      [Ref Proc: 7.4 ms]
      [Ref Enq: 1.1 ms]
      [Redirty Cards: 3.1 ms]
      [Humongous Register: 0.3 ms]
      [Humongous Reclaim: 0.1 ms]
      [Free CSet: 1.3 ms]
   [Eden: 4020.0M(4020.0M)->0.0B(4012.0M) Survivors: 40.0M->44.0M Heap: 7029.8M(8192.0M)->3012.0M(8192.0M)]
 [Times: user=0.29 sys=0.00, real=0.03 secs]
2018-04-30T04:34:09.433+0200: 411.769: Total time for which application threads were stopped: 0.0279486 seconds, Stopping threads took: 0.0003857 seconds
2018-04-30T04:34:09.852+0200: 412.188: Application time: 0.4189196 seconds
2018-04-30T04:34:09.853+0200: 412.189: [GC pause (G1 Evacuation Pause) (young)
Desired survivor size 266338304 bytes, new threshold 15 (max 15)
- age   1:   10827800 bytes,   10827800 total
- age   2:    1177704 bytes,   12005504 total
- age   3:    1273928 bytes,   13279432 total
- age   4:    1150216 bytes,   14429648 total
- age   5:    1459024 bytes,   15888672 total
- age   6:    1174864 bytes,   17063536 total
- age   7:    1197272 bytes,   18260808 total
- age   8:    1159256 bytes,   19420064 total
- age   9:    1237632 bytes,   20657696 total
- age  10:    2064416 bytes,   22722112 total
- age  11:    1124032 bytes,   23846144 total
- age  12:     843408 bytes,   24689552 total
- age  13:       2624 bytes,   24692176 total
- age  14:       6664 bytes,   24698840 total
- age  15:       2488 bytes,   24701328 total
, 0.0267278 secs]
   [Parallel Time: 11.2 ms, GC Workers: 30]
      [GC Worker Start (ms): Min: 412189.9, Avg: 412190.4, Max: 412190.9, Diff: 0.9]
      [Ext Root Scanning (ms): Min: 0.1, Avg: 0.5, Max: 1.3, Diff: 1.2, Sum: 15.9]
      [Update RS (ms): Min: 1.6, Avg: 1.9, Max: 2.4, Diff: 0.8, Sum: 56.4]
         [Processed Buffers: Min: 2, Avg: 3.7, Max: 13, Diff: 11, Sum: 112]
      [Scan RS (ms): Min: 0.0, Avg: 0.2, Max: 0.5, Diff: 0.4, Sum: 6.3]
      [Code Root Scanning (ms): Min: 0.0, Avg: 0.0, Max: 0.0, Diff: 0.0, Sum: 0.1]
      [Object Copy (ms): Min: 7.4, Avg: 7.7, Max: 7.8, Diff: 0.4, Sum: 230.3]
      [Termination (ms): Min: 0.0, Avg: 0.0, Max: 0.0, Diff: 0.0, Sum: 0.3]
         [Termination Attempts: Min: 1, Avg: 1.0, Max: 1, Diff: 0, Sum: 30]
      [GC Worker Other (ms): Min: 0.0, Avg: 0.2, Max: 0.3, Diff: 0.3, Sum: 5.1]
      [GC Worker Total (ms): Min: 10.1, Avg: 10.5, Max: 11.1, Diff: 1.0, Sum: 314.3]
      [GC Worker End (ms): Min: 412200.8, Avg: 412200.9, Max: 412201.1, Diff: 0.3]
   [Code Root Fixup: 0.0 ms]
   [Code Root Purge: 0.0 ms]
   [Clear CT: 2.4 ms]
   [Other: 13.1 ms]
      [Choose CSet: 0.0 ms]
      [Ref Proc: 7.2 ms]
      [Ref Enq: 1.0 ms]
      [Redirty Cards: 2.8 ms]
      [Humongous Register: 0.3 ms]
      [Humongous Reclaim: 0.1 ms]
      [Free CSet: 1.4 ms]
   [Eden: 4012.0M(4012.0M)->0.0B(4020.0M) Survivors: 44.0M->40.0M Heap: 7024.0M(8192.0M)->3010.4M(8192.0M)]
 [Times: user=0.34 sys=0.00, real=0.02 secs]
2018-04-30T04:34:09.880+0200: 412.217: Total time for which application threads were stopped: 0.0281647 seconds, Stopping threads took: 0.0003673 seconds
2018-04-30T04:34:10.327+0200: 412.663: Application time: 0.4469173 seconds
2018-04-30T04:34:10.328+0200: 412.665: [GC pause (G1 Evacuation Pause) (young)
Desired survivor size 266338304 bytes, new threshold 15 (max 15)
- age   1:   15634112 bytes,   15634112 total
- age   2:    1174464 bytes,   16808576 total
- age   3:    1150200 bytes,   17958776 total
- age   4:    1140696 bytes,   19099472 total
- age   5:    1141928 bytes,   20241400 total
- age   6:    1202032 bytes,   21443432 total
- age   7:    1174224 bytes,   22617656 total
- age   8:    1196696 bytes,   23814352 total
- age   9:    1158232 bytes,   24972584 total
- age  10:    1237440 bytes,   26210024 total
- age  11:    2064224 bytes,   28274248 total
- age  12:     853272 bytes,   29127520 total
- age  13:       1992 bytes,   29129512 total
- age  14:       2560 bytes,   29132072 total
- age  15:       6600 bytes,   29138672 total
, 0.0256777 secs]
   [Parallel Time: 10.3 ms, GC Workers: 30]
      [GC Worker Start (ms): Min: 412665.2, Avg: 412666.0, Max: 412666.6, Diff: 1.4]
      [Ext Root Scanning (ms): Min: 0.0, Avg: 0.5, Max: 1.3, Diff: 1.3, Sum: 15.0]
      [Update RS (ms): Min: 1.6, Avg: 2.0, Max: 2.4, Diff: 0.8, Sum: 59.6]
         [Processed Buffers: Min: 2, Avg: 4.0, Max: 14, Diff: 12, Sum: 120]
      [Scan RS (ms): Min: 0.0, Avg: 0.2, Max: 0.5, Diff: 0.4, Sum: 6.2]
      [Code Root Scanning (ms): Min: 0.0, Avg: 0.0, Max: 0.0, Diff: 0.0, Sum: 0.1]
      [Object Copy (ms): Min: 5.9, Avg: 6.2, Max: 6.4, Diff: 0.5, Sum: 187.0]
      [Termination (ms): Min: 0.0, Avg: 0.0, Max: 0.1, Diff: 0.1, Sum: 1.4]
         [Termination Attempts: Min: 1, Avg: 2.3, Max: 3, Diff: 2, Sum: 68]
      [GC Worker Other (ms): Min: 0.0, Avg: 0.1, Max: 0.3, Diff: 0.3, Sum: 4.5]
      [GC Worker Total (ms): Min: 8.4, Avg: 9.1, Max: 10.0, Diff: 1.6, Sum: 273.7]
      [GC Worker End (ms): Min: 412675.0, Avg: 412675.1, Max: 412675.3, Diff: 0.3]
   [Code Root Fixup: 0.0 ms]
   [Code Root Purge: 0.0 ms]
   [Clear CT: 2.6 ms]
   [Other: 12.7 ms]
      [Choose CSet: 0.0 ms]
      [Ref Proc: 7.1 ms]
      [Ref Enq: 1.1 ms]
      [Redirty Cards: 2.6 ms]
      [Humongous Register: 0.3 ms]
      [Humongous Reclaim: 0.1 ms]
      [Free CSet: 1.2 ms]
   [Eden: 4020.0M(4020.0M)->0.0B(4020.0M) Survivors: 40.0M->40.0M Heap: 7030.4M(8192.0M)->3009.0M(8192.0M)]
 [Times: user=0.29 sys=0.00, real=0.03 secs]
2018-04-30T04:34:10.354+0200: 412.691: Total time for which application threads were stopped: 0.0271731 seconds, Stopping threads took: 0.0005030 seconds
2018-04-30T04:34:10.781+0200: 413.117: Application time: 0.4262306 seconds
2018-04-30T04:34:10.782+0200: 413.118: [GC pause (G1 Evacuation Pause) (young)
Desired survivor size 266338304 bytes, new threshold 15 (max 15)
- age   1:    9625440 bytes,    9625440 total
- age   2:    1577640 bytes,   11203080 total
- age   3:    1169376 bytes,   12372456 total
- age   4:    1147272 bytes,   13519728 total
- age   5:    1139344 bytes,   14659072 total
- age   6:    1141032 bytes,   15800104 total
- age   7:    1201136 bytes,   17001240 total
- age   8:    1173904 bytes,   18175144 total
- age   9:    1196312 bytes,   19371456 total
- age  10:    1157976 bytes,   20529432 total
- age  11:    1237312 bytes,   21766744 total
- age  12:    1756016 bytes,   23522760 total
- age  13:      10248 bytes,   23533008 total
- age  14:       1864 bytes,   23534872 total
- age  15:       2560 bytes,   23537432 total
, 0.0236734 secs]
   [Parallel Time: 10.3 ms, GC Workers: 30]
      [GC Worker Start (ms): Min: 413118.4, Avg: 413118.9, Max: 413119.4, Diff: 1.0]
      [Ext Root Scanning (ms): Min: 0.0, Avg: 0.5, Max: 1.2, Diff: 1.2, Sum: 14.2]
      [Update RS (ms): Min: 1.6, Avg: 2.0, Max: 2.4, Diff: 0.8, Sum: 58.6]
         [Processed Buffers: Min: 2, Avg: 3.8, Max: 17, Diff: 15, Sum: 114]
      [Scan RS (ms): Min: 0.0, Avg: 0.2, Max: 0.4, Diff: 0.4, Sum: 6.5]
      [Code Root Scanning (ms): Min: 0.0, Avg: 0.0, Max: 0.0, Diff: 0.0, Sum: 0.1]
      [Object Copy (ms): Min: 6.4, Avg: 6.7, Max: 6.9, Diff: 0.4, Sum: 202.3]
      [Termination (ms): Min: 0.0, Avg: 0.0, Max: 0.0, Diff: 0.0, Sum: 0.5]
         [Termination Attempts: Min: 1, Avg: 1.0, Max: 1, Diff: 0, Sum: 30]
      [GC Worker Other (ms): Min: 0.0, Avg: 0.2, Max: 0.3, Diff: 0.3, Sum: 5.1]
      [GC Worker Total (ms): Min: 9.0, Avg: 9.6, Max: 10.1, Diff: 1.1, Sum: 287.2]
      [GC Worker End (ms): Min: 413128.3, Avg: 413128.5, Max: 413128.6, Diff: 0.3]
   [Code Root Fixup: 0.0 ms]
   [Code Root Purge: 0.0 ms]
   [Clear CT: 1.2 ms]
   [Other: 12.1 ms]
      [Choose CSet: 0.0 ms]
      [Ref Proc: 7.1 ms]
      [Ref Enq: 0.8 ms]
      [Redirty Cards: 2.3 ms]
      [Humongous Register: 0.3 ms]
      [Humongous Reclaim: 0.1 ms]
      [Free CSet: 1.2 ms]
   [Eden: 4020.0M(4020.0M)->0.0B(4028.0M) Survivors: 40.0M->36.0M Heap: 7029.0M(8192.0M)->3005.6M(8192.0M)]
 [Times: user=0.31 sys=0.00, real=0.03 secs]
2018-04-30T04:34:10.806+0200: 413.142: Total time for which application threads were stopped: 0.0250439 seconds, Stopping threads took: 0.0003610 seconds
2018-04-30T04:34:11.234+0200: 413.570: Application time: 0.4285365 seconds
2018-04-30T04:34:11.235+0200: 413.572: [GC pause (G1 Evacuation Pause) (young)
Desired survivor size 266338304 bytes, new threshold 15 (max 15)
- age   1:   10689568 bytes,   10689568 total
- age   2:    1190568 bytes,   11880136 total
- age   3:    1573056 bytes,   13453192 total
- age   4:    1167616 bytes,   14620808 total
- age   5:    1145672 bytes,   15766480 total
- age   6:    1138136 bytes,   16904616 total
- age   7:    1140520 bytes,   18045136 total
- age   8:    1200112 bytes,   19245248 total
- age   9:    1173584 bytes,   20418832 total
- age  10:    1196120 bytes,   21614952 total
- age  11:    1157528 bytes,   22772480 total
- age  12:     936184 bytes,   23708664 total
- age  13:     902592 bytes,   24611256 total
- age  14:       9464 bytes,   24620720 total
- age  15:       1864 bytes,   24622584 total
, 0.0262205 secs]
   [Parallel Time: 12.4 ms, GC Workers: 30]
      [GC Worker Start (ms): Min: 413572.0, Avg: 413572.4, Max: 413575.8, Diff: 3.8]
      [Ext Root Scanning (ms): Min: 0.0, Avg: 0.7, Max: 1.5, Diff: 1.5, Sum: 20.7]
      [Update RS (ms): Min: 0.0, Avg: 1.8, Max: 2.4, Diff: 2.4, Sum: 54.1]
         [Processed Buffers: Min: 0, Avg: 3.7, Max: 13, Diff: 13, Sum: 110]
      [Scan RS (ms): Min: 0.0, Avg: 0.2, Max: 0.5, Diff: 0.4, Sum: 5.9]
      [Code Root Scanning (ms): Min: 0.0, Avg: 0.0, Max: 0.0, Diff: 0.0, Sum: 0.1]
      [Object Copy (ms): Min: 7.4, Avg: 8.3, Max: 8.7, Diff: 1.3, Sum: 248.8]
      [Termination (ms): Min: 0.0, Avg: 0.8, Max: 0.9, Diff: 0.9, Sum: 24.1]
         [Termination Attempts: Min: 1, Avg: 25.7, Max: 35, Diff: 34, Sum: 772]
      [GC Worker Other (ms): Min: 0.0, Avg: 0.1, Max: 0.2, Diff: 0.2, Sum: 1.8]
      [GC Worker Total (ms): Min: 8.4, Avg: 11.8, Max: 12.3, Diff: 4.0, Sum: 355.4]
      [GC Worker End (ms): Min: 413584.0, Avg: 413584.2, Max: 413584.4, Diff: 0.4]
   [Code Root Fixup: 0.0 ms]
   [Code Root Purge: 0.0 ms]
   [Clear CT: 2.0 ms]
   [Other: 11.8 ms]
      [Choose CSet: 0.0 ms]
      [Ref Proc: 6.7 ms]
      [Ref Enq: 0.9 ms]
      [Redirty Cards: 2.2 ms]
      [Humongous Register: 0.3 ms]
      [Humongous Reclaim: 0.1 ms]
      [Free CSet: 1.3 ms]
   [Eden: 4028.0M(4028.0M)->0.0B(4020.0M) Survivors: 36.0M->40.0M Heap: 7033.6M(8192.0M)->3008.8M(8192.0M)]
 [Times: user=0.37 sys=0.00, real=0.02 secs]
2018-04-30T04:34:11.262+0200: 413.598: Total time for which application threads were stopped: 0.0275973 seconds, Stopping threads took: 0.0003691 seconds
2018-04-30T04:34:11.688+0200: 414.025: Application time: 0.4267687 seconds
2018-04-30T04:34:11.690+0200: 414.026: [GC pause (G1 Evacuation Pause) (young)
Desired survivor size 266338304 bytes, new threshold 15 (max 15)
- age   1:   10487432 bytes,   10487432 total
- age   2:    1173960 bytes,   11661392 total
- age   3:    1185744 bytes,   12847136 total
- age   4:    1569856 bytes,   14416992 total
- age   5:    1165728 bytes,   15582720 total
- age   6:    1144648 bytes,   16727368 total
- age   7:    1136472 bytes,   17863840 total
- age   8:    1139816 bytes,   19003656 total
- age   9:    1199280 bytes,   20202936 total
- age  10:    1173136 bytes,   21376072 total
- age  11:    1195864 bytes,   22571936 total
- age  12:     967336 bytes,   23539272 total
- age  13:      10160 bytes,   23549432 total
- age  14:     902592 bytes,   24452024 total
- age  15:       9464 bytes,   24461488 total
, 0.0244909 secs]
   [Parallel Time: 10.2 ms, GC Workers: 30]
      [GC Worker Start (ms): Min: 414026.4, Avg: 414027.0, Max: 414027.4, Diff: 1.0]
      [Ext Root Scanning (ms): Min: 0.0, Avg: 0.4, Max: 1.3, Diff: 1.3, Sum: 13.4]
      [Update RS (ms): Min: 1.5, Avg: 1.8, Max: 2.2, Diff: 0.7, Sum: 55.5]
         [Processed Buffers: Min: 2, Avg: 3.9, Max: 15, Diff: 13, Sum: 116]
      [Scan RS (ms): Min: 0.0, Avg: 0.2, Max: 0.4, Diff: 0.4, Sum: 6.4]
      [Code Root Scanning (ms): Min: 0.0, Avg: 0.0, Max: 0.0, Diff: 0.0, Sum: 0.1]
      [Object Copy (ms): Min: 6.3, Avg: 6.5, Max: 6.6, Diff: 0.3, Sum: 193.9]
      [Termination (ms): Min: 0.0, Avg: 0.0, Max: 0.0, Diff: 0.0, Sum: 0.2]
         [Termination Attempts: Min: 1, Avg: 1.0, Max: 1, Diff: 0, Sum: 30]
      [GC Worker Other (ms): Min: 0.0, Avg: 0.2, Max: 0.3, Diff: 0.3, Sum: 5.0]
      [GC Worker Total (ms): Min: 8.6, Avg: 9.2, Max: 9.8, Diff: 1.2, Sum: 274.6]
      [GC Worker End (ms): Min: 414036.0, Avg: 414036.1, Max: 414036.3, Diff: 0.3]
   [Code Root Fixup: 0.0 ms]
   [Code Root Purge: 0.0 ms]
   [Clear CT: 1.7 ms]
   [Other: 12.6 ms]
      [Choose CSet: 0.0 ms]
      [Ref Proc: 7.3 ms]
      [Ref Enq: 0.9 ms]
      [Redirty Cards: 2.6 ms]
      [Humongous Register: 0.3 ms]
      [Humongous Reclaim: 0.1 ms]
      [Free CSet: 1.2 ms]
   [Eden: 4020.0M(4020.0M)->0.0B(4020.0M) Survivors: 40.0M->40.0M Heap: 7028.8M(8192.0M)->3008.8M(8192.0M)]
 [Times: user=0.30 sys=0.00, real=0.03 secs]
2018-04-30T04:34:11.714+0200: 414.051: Total time for which application threads were stopped: 0.0258336 seconds, Stopping threads took: 0.0004058 seconds
2018-04-30T04:34:12.138+0200: 414.475: Application time: 0.4238842 seconds
2018-04-30T04:34:12.139+0200: 414.476: [GC pause (G1 Evacuation Pause) (young)
Desired survivor size 266338304 bytes, new threshold 15 (max 15)
- age   1:   11296696 bytes,   11296696 total
- age   2:    1287248 bytes,   12583944 total
- age   3:    1170576 bytes,   13754520 total
- age   4:    1184048 bytes,   14938568 total
- age   5:    1568576 bytes,   16507144 total
- age   6:    1165280 bytes,   17672424 total
- age   7:    1144072 bytes,   18816496 total
- age   8:    1135640 bytes,   19952136 total
- age   9:    1139624 bytes,   21091760 total
- age  10:    1199152 bytes,   22290912 total
- age  11:    1173136 bytes,   23464048 total
- age  12:    1010496 bytes,   24474544 total
- age  13:      10992 bytes,   24485536 total
- age  14:      10032 bytes,   24495568 total
- age  15:     902528 bytes,   25398096 total
, 0.0256581 secs]
   [Parallel Time: 10.6 ms, GC Workers: 30]
      [GC Worker Start (ms): Min: 414476.2, Avg: 414476.7, Max: 414477.2, Diff: 1.0]
      [Ext Root Scanning (ms): Min: 0.0, Avg: 0.5, Max: 1.2, Diff: 1.2, Sum: 15.0]
      [Update RS (ms): Min: 1.6, Avg: 1.9, Max: 2.3, Diff: 0.7, Sum: 58.1]
         [Processed Buffers: Min: 2, Avg: 3.8, Max: 18, Diff: 16, Sum: 115]
      [Scan RS (ms): Min: 0.0, Avg: 0.2, Max: 0.4, Diff: 0.4, Sum: 6.5]
      [Code Root Scanning (ms): Min: 0.0, Avg: 0.0, Max: 0.0, Diff: 0.0, Sum: 0.1]
      [Object Copy (ms): Min: 6.8, Avg: 7.0, Max: 7.2, Diff: 0.4, Sum: 209.9]
      [Termination (ms): Min: 0.0, Avg: 0.0, Max: 0.0, Diff: 0.0, Sum: 0.2]
         [Termination Attempts: Min: 1, Avg: 1.0, Max: 1, Diff: 0, Sum: 30]
      [GC Worker Other (ms): Min: 0.0, Avg: 0.2, Max: 0.4, Diff: 0.3, Sum: 5.3]
      [GC Worker Total (ms): Min: 9.3, Avg: 9.8, Max: 10.5, Diff: 1.2, Sum: 295.1]
      [GC Worker End (ms): Min: 414486.4, Avg: 414486.6, Max: 414486.7, Diff: 0.3]
   [Code Root Fixup: 0.0 ms]
   [Code Root Purge: 0.0 ms]
   [Clear CT: 2.1 ms]
   [Other: 12.9 ms]
      [Choose CSet: 0.0 ms]
      [Ref Proc: 7.1 ms]
      [Ref Enq: 0.9 ms]
      [Redirty Cards: 2.8 ms]
      [Humongous Register: 0.4 ms]
      [Humongous Reclaim: 0.1 ms]
      [Free CSet: 1.4 ms]
   [Eden: 4020.0M(4020.0M)->0.0B(4008.0M) Survivors: 40.0M->44.0M Heap: 7028.8M(8192.0M)->3013.8M(8192.0M)]
 [Times: user=0.31 sys=0.01, real=0.03 secs]
2018-04-30T04:34:12.165+0200: 414.502: Total time for which application threads were stopped: 0.0270929 seconds, Stopping threads took: 0.0004091 seconds
2018-04-30T04:34:12.596+0200: 414.932: Application time: 0.4302561 seconds
2018-04-30T04:34:12.597+0200: 414.933: [GC pause (G1 Evacuation Pause) (young)
Desired survivor size 266338304 bytes, new threshold 15 (max 15)
- age   1:   11557024 bytes,   11557024 total
- age   2:    1158136 bytes,   12715160 total
- age   3:    1282832 bytes,   13997992 total
- age   4:    1168992 bytes,   15166984 total
- age   5:    1182736 bytes,   16349720 total
- age   6:    1567808 bytes,   17917528 total
- age   7:    1164320 bytes,   19081848 total
- age   8:    1143368 bytes,   20225216 total
- age   9:    1135064 bytes,   21360280 total
- age  10:    1139368 bytes,   22499648 total
- age  11:    1198576 bytes,   23698224 total
- age  12:    1060128 bytes,   24758352 total
- age  13:       6888 bytes,   24765240 total
- age  14:      10608 bytes,   24775848 total
- age  15:      10032 bytes,   24785880 total
, 0.0243359 secs]
   [Parallel Time: 10.0 ms, GC Workers: 30]
      [GC Worker Start (ms): Min: 414933.6, Avg: 414934.1, Max: 414934.6, Diff: 1.0]
      [Ext Root Scanning (ms): Min: 0.0, Avg: 0.5, Max: 1.3, Diff: 1.2, Sum: 15.5]
      [Update RS (ms): Min: 1.6, Avg: 2.0, Max: 2.6, Diff: 1.0, Sum: 60.4]
         [Processed Buffers: Min: 2, Avg: 4.0, Max: 25, Diff: 23, Sum: 119]
      [Scan RS (ms): Min: 0.0, Avg: 0.2, Max: 0.5, Diff: 0.4, Sum: 6.1]
      [Code Root Scanning (ms): Min: 0.0, Avg: 0.0, Max: 0.0, Diff: 0.0, Sum: 0.1]
      [Object Copy (ms): Min: 5.7, Avg: 6.1, Max: 6.3, Diff: 0.6, Sum: 183.3]
      [Termination (ms): Min: 0.0, Avg: 0.0, Max: 0.0, Diff: 0.0, Sum: 0.4]
         [Termination Attempts: Min: 1, Avg: 1.0, Max: 2, Diff: 1, Sum: 31]
      [GC Worker Other (ms): Min: 0.0, Avg: 0.2, Max: 0.4, Diff: 0.3, Sum: 5.5]
      [GC Worker Total (ms): Min: 8.4, Avg: 9.0, Max: 9.7, Diff: 1.3, Sum: 271.2]
      [GC Worker End (ms): Min: 414943.0, Avg: 414943.2, Max: 414943.3, Diff: 0.3]
   [Code Root Fixup: 0.0 ms]
   [Code Root Purge: 0.0 ms]
   [Clear CT: 1.8 ms]
   [Other: 12.5 ms]
      [Choose CSet: 0.0 ms]
      [Ref Proc: 7.1 ms]
      [Ref Enq: 0.9 ms]
      [Redirty Cards: 2.5 ms]
      [Humongous Register: 0.3 ms]
      [Humongous Reclaim: 0.1 ms]
      [Free CSet: 1.3 ms]
   [Eden: 4008.0M(4008.0M)->0.0B(4024.0M) Survivors: 44.0M->36.0M Heap: 7021.8M(8192.0M)->3007.3M(8192.0M)]
 [Times: user=0.30 sys=0.00, real=0.02 secs]
2018-04-30T04:34:12.621+0200: 414.958: Total time for which application threads were stopped: 0.0257940 seconds, Stopping threads took: 0.0003872 seconds
2018-04-30T04:34:13.051+0200: 415.387: Application time: 0.4293964 seconds
2018-04-30T04:34:13.052+0200: 415.388: [GC pause (G1 Evacuation Pause) (young)
Desired survivor size 266338304 bytes, new threshold 15 (max 15)
- age   1:   11623976 bytes,   11623976 total
- age   2:    1133864 bytes,   12757840 total
- age   3:    1149208 bytes,   13907048 total
- age   4:    1132760 bytes,   15039808 total
- age   5:    1167880 bytes,   16207688 total
- age   6:    1182152 bytes,   17389840 total
- age   7:    1567232 bytes,   18957072 total
- age   8:    1164000 bytes,   20121072 total
- age   9:    1142984 bytes,   21264056 total
- age  10:    1135000 bytes,   22399056 total
- age  11:    1139176 bytes,   23538232 total
- age  12:    1105216 bytes,   24643448 total
- age  13:       8856 bytes,   24652304 total
- age  14:       6888 bytes,   24659192 total
- age  15:      10544 bytes,   24669736 total
, 0.0263792 secs]
   [Parallel Time: 11.3 ms, GC Workers: 30]
      [GC Worker Start (ms): Min: 415389.0, Avg: 415389.5, Max: 415390.1, Diff: 1.1]
      [Ext Root Scanning (ms): Min: 0.0, Avg: 0.5, Max: 1.3, Diff: 1.3, Sum: 15.6]
      [Update RS (ms): Min: 1.6, Avg: 2.0, Max: 2.4, Diff: 0.8, Sum: 59.3]
         [Processed Buffers: Min: 2, Avg: 3.9, Max: 20, Diff: 18, Sum: 117]
      [Scan RS (ms): Min: 0.0, Avg: 0.2, Max: 0.5, Diff: 0.5, Sum: 5.9]
      [Code Root Scanning (ms): Min: 0.0, Avg: 0.0, Max: 0.0, Diff: 0.0, Sum: 0.1]
      [Object Copy (ms): Min: 7.2, Avg: 7.4, Max: 7.6, Diff: 0.4, Sum: 223.5]
      [Termination (ms): Min: 0.0, Avg: 0.0, Max: 0.0, Diff: 0.0, Sum: 0.3]
         [Termination Attempts: Min: 1, Avg: 1.0, Max: 1, Diff: 0, Sum: 30]
      [GC Worker Other (ms): Min: 0.0, Avg: 0.2, Max: 0.4, Diff: 0.4, Sum: 5.6]
      [GC Worker Total (ms): Min: 9.6, Avg: 10.3, Max: 10.8, Diff: 1.2, Sum: 310.2]
      [GC Worker End (ms): Min: 415399.7, Avg: 415399.8, Max: 415400.0, Diff: 0.4]
   [Code Root Fixup: 0.0 ms]
   [Code Root Purge: 0.0 ms]
   [Clear CT: 2.2 ms]
   [Other: 12.8 ms]
      [Choose CSet: 0.0 ms]
      [Ref Proc: 7.4 ms]
      [Ref Enq: 1.1 ms]
      [Redirty Cards: 2.2 ms]
      [Humongous Register: 0.3 ms]
      [Humongous Reclaim: 0.1 ms]
      [Free CSet: 1.5 ms]
   [Eden: 4024.0M(4024.0M)->0.0B(4016.0M) Survivors: 36.0M->40.0M Heap: 7031.3M(8192.0M)->3010.6M(8192.0M)]
 [Times: user=0.33 sys=0.01, real=0.02 secs]
2018-04-30T04:34:13.079+0200: 415.415: Total time for which application threads were stopped: 0.0280965 seconds, Stopping threads took: 0.0005652 seconds
2018-04-30T04:34:13.497+0200: 415.834: Application time: 0.4186071 seconds
2018-04-30T04:34:13.499+0200: 415.835: [GC pause (G1 Evacuation Pause) (young)
Desired survivor size 266338304 bytes, new threshold 15 (max 15)
- age   1:   13322952 bytes,   13322952 total
- age   2:    1430168 bytes,   14753120 total
- age   3:    1129352 bytes,   15882472 total
- age   4:    1147032 bytes,   17029504 total
- age   5:    1130616 bytes,   18160120 total
- age   6:    1166344 bytes,   19326464 total
- age   7:    1181512 bytes,   20507976 total
- age   8:    1566464 bytes,   22074440 total
- age   9:    1163152 bytes,   23237592 total
- age  10:    1142472 bytes,   24380064 total
- age  11:    1134872 bytes,   25514936 total
- age  12:    1069008 bytes,   26583944 total
- age  13:       6760 bytes,   26590704 total
- age  14:       8792 bytes,   26599496 total
- age  15:       6888 bytes,   26606384 total
, 0.0255747 secs]
   [Parallel Time: 10.3 ms, GC Workers: 30]
      [GC Worker Start (ms): Min: 415835.4, Avg: 415835.8, Max: 415836.2, Diff: 0.8]
      [Ext Root Scanning (ms): Min: 0.2, Avg: 0.5, Max: 1.4, Diff: 1.3, Sum: 16.3]
      [Update RS (ms): Min: 1.5, Avg: 1.8, Max: 2.2, Diff: 0.7, Sum: 54.5]
         [Processed Buffers: Min: 2, Avg: 3.8, Max: 18, Diff: 16, Sum: 114]
      [Scan RS (ms): Min: 0.0, Avg: 0.2, Max: 0.4, Diff: 0.4, Sum: 6.1]
      [Code Root Scanning (ms): Min: 0.0, Avg: 0.0, Max: 0.0, Diff: 0.0, Sum: 0.1]
      [Object Copy (ms): Min: 6.6, Avg: 6.8, Max: 6.9, Diff: 0.3, Sum: 203.4]
      [Termination (ms): Min: 0.0, Avg: 0.0, Max: 0.0, Diff: 0.0, Sum: 0.3]
         [Termination Attempts: Min: 1, Avg: 1.0, Max: 1, Diff: 0, Sum: 30]
      [GC Worker Other (ms): Min: 0.0, Avg: 0.2, Max: 0.3, Diff: 0.3, Sum: 4.9]
      [GC Worker Total (ms): Min: 9.1, Avg: 9.5, Max: 10.1, Diff: 1.0, Sum: 285.7]
      [GC Worker End (ms): Min: 415845.2, Avg: 415845.3, Max: 415845.5, Diff: 0.3]
   [Code Root Fixup: 0.0 ms]
   [Code Root Purge: 0.0 ms]
   [Clear CT: 2.8 ms]
   [Other: 12.4 ms]
      [Choose CSet: 0.0 ms]
      [Ref Proc: 6.9 ms]
      [Ref Enq: 0.9 ms]
      [Redirty Cards: 2.8 ms]
      [Humongous Register: 0.3 ms]
      [Humongous Reclaim: 0.1 ms]
      [Free CSet: 1.3 ms]
   [Eden: 4016.0M(4016.0M)->0.0B(4016.0M) Survivors: 40.0M->40.0M Heap: 7026.6M(8192.0M)->3011.5M(8192.0M)]
 [Times: user=0.31 sys=0.00, real=0.03 secs]
2018-04-30T04:34:13.524+0200: 415.861: Total time for which application threads were stopped: 0.0269887 seconds, Stopping threads took: 0.0003928 seconds
2018-04-30T04:34:13.939+0200: 416.275: Application time: 0.4146883 seconds
2018-04-30T04:34:13.940+0200: 416.277: [GC pause (G1 Evacuation Pause) (young)
Desired survivor size 266338304 bytes, new threshold 15 (max 15)
- age   1:   12099168 bytes,   12099168 total
- age   2:    1192928 bytes,   13292096 total
- age   3:    1426520 bytes,   14718616 total
- age   4:    1126952 bytes,   15845568 total
- age   5:    1146136 bytes,   16991704 total
- age   6:    1128480 bytes,   18120184 total
- age   7:    1165832 bytes,   19286016 total
- age   8:    1181256 bytes,   20467272 total
- age   9:    1565824 bytes,   22033096 total
- age  10:    1162896 bytes,   23195992 total
- age  11:    1142344 bytes,   24338336 total
- age  12:    1098848 bytes,   25437184 total
- age  13:       2704 bytes,   25439888 total
- age  14:       6568 bytes,   25446456 total
- age  15:       8792 bytes,   25455248 total
, 0.0264432 secs]
   [Parallel Time: 11.8 ms, GC Workers: 30]
      [GC Worker Start (ms): Min: 416277.1, Avg: 416277.6, Max: 416278.2, Diff: 1.1]
      [Ext Root Scanning (ms): Min: 0.0, Avg: 0.5, Max: 1.2, Diff: 1.2, Sum: 15.0]
      [Update RS (ms): Min: 1.7, Avg: 1.9, Max: 2.4, Diff: 0.7, Sum: 57.4]
         [Processed Buffers: Min: 2, Avg: 3.9, Max: 12, Diff: 10, Sum: 117]
      [Scan RS (ms): Min: 0.0, Avg: 0.2, Max: 0.4, Diff: 0.4, Sum: 7.2]
      [Code Root Scanning (ms): Min: 0.0, Avg: 0.0, Max: 0.0, Diff: 0.0, Sum: 0.1]
      [Object Copy (ms): Min: 7.6, Avg: 8.0, Max: 8.1, Diff: 0.4, Sum: 239.0]
      [Termination (ms): Min: 0.0, Avg: 0.0, Max: 0.0, Diff: 0.0, Sum: 0.2]
         [Termination Attempts: Min: 1, Avg: 1.0, Max: 1, Diff: 0, Sum: 30]
      [GC Worker Other (ms): Min: 0.0, Avg: 0.2, Max: 0.3, Diff: 0.3, Sum: 5.0]
      [GC Worker Total (ms): Min: 10.1, Avg: 10.8, Max: 11.3, Diff: 1.2, Sum: 323.9]
      [GC Worker End (ms): Min: 416288.3, Avg: 416288.4, Max: 416288.6, Diff: 0.3]
   [Code Root Fixup: 0.0 ms]
   [Code Root Purge: 0.0 ms]
   [Clear CT: 2.2 ms]
   [Other: 12.4 ms]
      [Choose CSet: 0.0 ms]
      [Ref Proc: 7.2 ms]
      [Ref Enq: 1.1 ms]
      [Redirty Cards: 2.0 ms]
      [Humongous Register: 0.3 ms]
      [Humongous Reclaim: 0.1 ms]
      [Free CSet: 1.4 ms]
   [Eden: 4016.0M(4016.0M)->0.0B(4000.0M) Survivors: 40.0M->48.0M Heap: 7027.5M(8192.0M)->3018.7M(8192.0M)]
 [Times: user=0.35 sys=0.00, real=0.03 secs]
2018-04-30T04:34:13.967+0200: 416.303: Total time for which application threads were stopped: 0.0278385 seconds, Stopping threads took: 0.0003461 seconds
2018-04-30T04:34:14.382+0200: 416.718: Application time: 0.4150285 seconds
2018-04-30T04:34:14.383+0200: 416.720: [GC pause (G1 Evacuation Pause) (young)
Desired survivor size 266338304 bytes, new threshold 15 (max 15)
- age   1:   14799232 bytes,   14799232 total
- age   2:    1251512 bytes,   16050744 total
- age   3:    1190080 bytes,   17240824 total
- age   4:    1425816 bytes,   18666640 total
- age   5:    1125864 bytes,   19792504 total
- age   6:    1145304 bytes,   20937808 total
- age   7:    1127712 bytes,   22065520 total
- age   8:    1165448 bytes,   23230968 total
- age   9:    1180600 bytes,   24411568 total
- age  10:    1565696 bytes,   25977264 total
- age  11:    1162432 bytes,   27139696 total
- age  12:    1093688 bytes,   28233384 total
- age  13:       1984 bytes,   28235368 total
- age  14:       2704 bytes,   28238072 total
- age  15:       6504 bytes,   28244576 total
, 0.0229992 secs]
   [Parallel Time: 9.6 ms, GC Workers: 30]
      [GC Worker Start (ms): Min: 416720.1, Avg: 416720.3, Max: 416720.8, Diff: 0.7]
      [Ext Root Scanning (ms): Min: 0.2, Avg: 0.6, Max: 1.3, Diff: 1.1, Sum: 17.7]
      [Update RS (ms): Min: 1.5, Avg: 1.9, Max: 2.3, Diff: 0.8, Sum: 56.5]
         [Processed Buffers: Min: 2, Avg: 3.8, Max: 14, Diff: 12, Sum: 115]
      [Scan RS (ms): Min: 0.0, Avg: 0.2, Max: 0.5, Diff: 0.5, Sum: 5.9]
      [Code Root Scanning (ms): Min: 0.0, Avg: 0.0, Max: 0.0, Diff: 0.0, Sum: 0.1]
      [Object Copy (ms): Min: 6.0, Avg: 6.3, Max: 6.4, Diff: 0.4, Sum: 187.5]
      [Termination (ms): Min: 0.0, Avg: 0.0, Max: 0.0, Diff: 0.0, Sum: 0.3]
         [Termination Attempts: Min: 1, Avg: 1.0, Max: 1, Diff: 0, Sum: 30]
      [GC Worker Other (ms): Min: 0.0, Avg: 0.2, Max: 0.3, Diff: 0.3, Sum: 5.3]
      [GC Worker Total (ms): Min: 8.6, Avg: 9.1, Max: 9.5, Diff: 0.9, Sum: 273.4]
      [GC Worker End (ms): Min: 416729.3, Avg: 416729.5, Max: 416729.6, Diff: 0.3]
   [Code Root Fixup: 0.0 ms]
   [Code Root Purge: 0.0 ms]
   [Clear CT: 2.5 ms]
   [Other: 10.9 ms]
      [Choose CSet: 0.0 ms]
      [Ref Proc: 6.5 ms]
      [Ref Enq: 0.8 ms]
      [Redirty Cards: 1.7 ms]
      [Humongous Register: 0.3 ms]
      [Humongous Reclaim: 0.1 ms]
      [Free CSet: 1.2 ms]
   [Eden: 4000.0M(4000.0M)->0.0B(4024.0M) Survivors: 48.0M->36.0M Heap: 7018.7M(8192.0M)->3006.9M(8192.0M)]
 [Times: user=0.29 sys=0.00, real=0.03 secs]
2018-04-30T04:34:14.406+0200: 416.743: Total time for which application threads were stopped: 0.0244669 seconds, Stopping threads took: 0.0004308 seconds
2018-04-30T04:34:14.846+0200: 417.182: Application time: 0.4395381 seconds
2018-04-30T04:34:14.847+0200: 417.183: [GC pause (G1 Evacuation Pause) (young)
Desired survivor size 266338304 bytes, new threshold 15 (max 15)
- age   1:    8800256 bytes,    8800256 total
- age   2:    1184568 bytes,    9984824 total
- age   3:    1245664 bytes,   11230488 total
- age   4:    1188496 bytes,   12418984 total
- age   5:    1424328 bytes,   13843312 total
- age   6:    1123912 bytes,   14967224 total
- age   7:    1144664 bytes,   16111888 total
- age   8:    1126944 bytes,   17238832 total
- age   9:    1165128 bytes,   18403960 total
- age  10:    1180472 bytes,   19584432 total
- age  11:    1565632 bytes,   21150064 total
- age  12:    1137832 bytes,   22287896 total
- age  13:       2720 bytes,   22290616 total
- age  14:       1984 bytes,   22292600 total
- age  15:       2640 bytes,   22295240 total
, 0.0261370 secs]
   [Parallel Time: 11.9 ms, GC Workers: 30]
      [GC Worker Start (ms): Min: 417183.9, Avg: 417184.2, Max: 417184.5, Diff: 0.5]
      [Ext Root Scanning (ms): Min: 0.4, Avg: 0.6, Max: 1.3, Diff: 0.9, Sum: 18.8]
      [Update RS (ms): Min: 1.5, Avg: 1.8, Max: 2.2, Diff: 0.7, Sum: 54.5]
         [Processed Buffers: Min: 2, Avg: 4.0, Max: 19, Diff: 17, Sum: 119]
      [Scan RS (ms): Min: 0.0, Avg: 0.2, Max: 0.5, Diff: 0.4, Sum: 6.3]
      [Code Root Scanning (ms): Min: 0.0, Avg: 0.0, Max: 0.0, Diff: 0.0, Sum: 0.1]
      [Object Copy (ms): Min: 8.1, Avg: 8.4, Max: 8.5, Diff: 0.4, Sum: 251.6]
      [Termination (ms): Min: 0.0, Avg: 0.0, Max: 0.0, Diff: 0.0, Sum: 0.3]
         [Termination Attempts: Min: 1, Avg: 1.0, Max: 1, Diff: 0, Sum: 30]
      [GC Worker Other (ms): Min: 0.0, Avg: 0.2, Max: 0.4, Diff: 0.3, Sum: 5.2]
      [GC Worker Total (ms): Min: 10.9, Avg: 11.2, Max: 11.6, Diff: 0.7, Sum: 336.7]
      [GC Worker End (ms): Min: 417195.3, Avg: 417195.4, Max: 417195.6, Diff: 0.3]
   [Code Root Fixup: 0.0 ms]
   [Code Root Purge: 0.0 ms]
   [Clear CT: 1.9 ms]
   [Other: 12.3 ms]
      [Choose CSet: 0.0 ms]
      [Ref Proc: 7.3 ms]
      [Ref Enq: 0.9 ms]
      [Redirty Cards: 2.2 ms]
      [Humongous Register: 0.3 ms]
      [Humongous Reclaim: 0.1 ms]
      [Free CSet: 1.3 ms]
   [Eden: 4024.0M(4024.0M)->0.0B(4016.0M) Survivors: 36.0M->40.0M Heap: 7030.9M(8192.0M)->3012.0M(8192.0M)]
 [Times: user=0.35 sys=0.00, real=0.03 secs]
2018-04-30T04:34:14.874+0200: 417.210: Total time for which application threads were stopped: 0.0275017 seconds, Stopping threads took: 0.0003450 seconds
2018-04-30T04:34:15.298+0200: 417.635: Application time: 0.4248836 seconds
2018-04-30T04:34:15.300+0200: 417.636: [GC pause (G1 Evacuation Pause) (young)
Desired survivor size 266338304 bytes, new threshold 15 (max 15)
- age   1:   15326072 bytes,   15326072 total
- age   2:    1147408 bytes,   16473480 total
- age   3:    1156432 bytes,   17629912 total
- age   4:    1111568 bytes,   18741480 total
- age   5:    1181648 bytes,   19923128 total
- age   6:    1157792 bytes,   21080920 total
- age   7:    1123400 bytes,   22204320 total
- age   8:    1144152 bytes,   23348472 total
- age   9:    1123360 bytes,   24471832 total
- age  10:    1163208 bytes,   25635040 total
- age  11:    1158936 bytes,   26793976 total
- age  12:    1115232 bytes,   27909208 total
- age  13:      40112 bytes,   27949320 total
- age  14:       2720 bytes,   27952040 total
- age  15:       1984 bytes,   27954024 total
, 0.0248207 secs]
   [Parallel Time: 10.6 ms, GC Workers: 30]
      [GC Worker Start (ms): Min: 417636.4, Avg: 417636.9, Max: 417637.5, Diff: 1.1]
      [Ext Root Scanning (ms): Min: 0.0, Avg: 0.5, Max: 1.2, Diff: 1.1, Sum: 14.1]
      [Update RS (ms): Min: 1.4, Avg: 1.8, Max: 2.4, Diff: 0.9, Sum: 55.4]
         [Processed Buffers: Min: 2, Avg: 3.9, Max: 16, Diff: 14, Sum: 116]
      [Scan RS (ms): Min: 0.0, Avg: 0.2, Max: 0.5, Diff: 0.5, Sum: 5.4]
      [Code Root Scanning (ms): Min: 0.0, Avg: 0.0, Max: 0.0, Diff: 0.0, Sum: 0.0]
      [Object Copy (ms): Min: 6.6, Avg: 7.0, Max: 7.1, Diff: 0.5, Sum: 209.9]
      [Termination (ms): Min: 0.0, Avg: 0.0, Max: 0.0, Diff: 0.0, Sum: 0.3]
         [Termination Attempts: Min: 1, Avg: 1.0, Max: 1, Diff: 0, Sum: 30]
      [GC Worker Other (ms): Min: 0.0, Avg: 0.2, Max: 0.3, Diff: 0.3, Sum: 4.7]
      [GC Worker Total (ms): Min: 9.0, Avg: 9.7, Max: 10.3, Diff: 1.3, Sum: 290.0]
      [GC Worker End (ms): Min: 417646.5, Avg: 417646.6, Max: 417646.8, Diff: 0.3]
   [Code Root Fixup: 0.0 ms]
   [Code Root Purge: 0.0 ms]
   [Clear CT: 2.4 ms]
   [Other: 11.7 ms]
      [Choose CSet: 0.0 ms]
      [Ref Proc: 6.7 ms]
      [Ref Enq: 0.9 ms]
      [Redirty Cards: 2.2 ms]
      [Humongous Register: 0.3 ms]
      [Humongous Reclaim: 0.1 ms]
      [Free CSet: 1.4 ms]
   [Eden: 4016.0M(4016.0M)->0.0B(4008.0M) Survivors: 40.0M->44.0M Heap: 7028.0M(8192.0M)->3015.7M(8192.0M)]
 [Times: user=0.30 sys=0.00, real=0.03 secs]
2018-04-30T04:34:15.325+0200: 417.661: Total time for which application threads were stopped: 0.0262398 seconds, Stopping threads took: 0.0003801 seconds
2018-04-30T04:34:15.751+0200: 418.087: Application time: 0.4262586 seconds
2018-04-30T04:34:15.752+0200: 418.088: [GC pause (G1 Evacuation Pause) (young)
Desired survivor size 266338304 bytes, new threshold 15 (max 15)
- age   1:   17287856 bytes,   17287856 total
- age   2:    1112672 bytes,   18400528 total
- age   3:    1128128 bytes,   19528656 total
- age   4:    1152912 bytes,   20681568 total
- age   5:    1108752 bytes,   21790320 total
- age   6:    1179792 bytes,   22970112 total
- age   7:    1155552 bytes,   24125664 total
- age   8:    1122376 bytes,   25248040 total
- age   9:    1143704 bytes,   26391744 total
- age  10:    1122720 bytes,   27514464 total
- age  11:    1162824 bytes,   28677288 total
- age  12:    1157848 bytes,   29835136 total
- age  13:      82576 bytes,   29917712 total
- age  14:       3872 bytes,   29921584 total
- age  15:       2720 bytes,   29924304 total
, 0.0257276 secs]
   [Parallel Time: 10.3 ms, GC Workers: 30]
      [GC Worker Start (ms): Min: 418088.9, Avg: 418089.5, Max: 418089.9, Diff: 1.0]
      [Ext Root Scanning (ms): Min: 0.1, Avg: 0.5, Max: 1.2, Diff: 1.2, Sum: 15.3]
      [Update RS (ms): Min: 1.6, Avg: 2.0, Max: 2.5, Diff: 0.9, Sum: 59.5]
         [Processed Buffers: Min: 2, Avg: 3.8, Max: 16, Diff: 14, Sum: 113]
      [Scan RS (ms): Min: 0.0, Avg: 0.2, Max: 0.5, Diff: 0.5, Sum: 6.2]
      [Code Root Scanning (ms): Min: 0.0, Avg: 0.0, Max: 0.0, Diff: 0.0, Sum: 0.1]
      [Object Copy (ms): Min: 6.0, Avg: 6.3, Max: 6.4, Diff: 0.5, Sum: 189.2]
      [Termination (ms): Min: 0.0, Avg: 0.0, Max: 0.0, Diff: 0.0, Sum: 0.2]
         [Termination Attempts: Min: 1, Avg: 1.0, Max: 1, Diff: 0, Sum: 30]
      [GC Worker Other (ms): Min: 0.0, Avg: 0.2, Max: 0.3, Diff: 0.3, Sum: 5.1]
      [GC Worker Total (ms): Min: 8.6, Avg: 9.2, Max: 9.8, Diff: 1.2, Sum: 275.6]
      [GC Worker End (ms): Min: 418098.5, Avg: 418098.7, Max: 418098.8, Diff: 0.3]
   [Code Root Fixup: 0.0 ms]
   [Code Root Purge: 0.0 ms]
   [Clear CT: 1.4 ms]
   [Other: 14.0 ms]
      [Choose CSet: 0.0 ms]
      [Ref Proc: 8.3 ms]
      [Ref Enq: 1.2 ms]
      [Redirty Cards: 2.2 ms]
      [Humongous Register: 0.3 ms]
      [Humongous Reclaim: 0.1 ms]
      [Free CSet: 1.6 ms]
   [Eden: 4008.0M(4008.0M)->0.0B(4008.0M) Survivors: 44.0M->44.0M Heap: 7023.7M(8192.0M)->3013.2M(8192.0M)]
 [Times: user=0.30 sys=0.00, real=0.02 secs]
2018-04-30T04:34:15.778+0200: 418.114: Total time for which application threads were stopped: 0.0271596 seconds, Stopping threads took: 0.0003059 seconds
2018-04-30T04:34:16.217+0200: 418.554: Application time: 0.4391662 seconds
2018-04-30T04:34:16.218+0200: 418.555: [GC pause (G1 Evacuation Pause) (young)
Desired survivor size 266338304 bytes, new threshold 15 (max 15)
- age   1:    9780936 bytes,    9780936 total
- age   2:    4525104 bytes,   14306040 total
- age   3:    1107088 bytes,   15413128 total
- age   4:    1125008 bytes,   16538136 total
- age   5:    1151504 bytes,   17689640 total
- age   6:    1107344 bytes,   18796984 total
- age   7:    1178960 bytes,   19975944 total
- age   8:    1154848 bytes,   21130792 total
- age   9:    1122056 bytes,   22252848 total
- age  10:    1143448 bytes,   23396296 total
- age  11:    1122272 bytes,   24518568 total
- age  12:    1162440 bytes,   25681008 total
- age  13:      45344 bytes,   25726352 total
- age  14:       2000 bytes,   25728352 total
- age  15:       3680 bytes,   25732032 total
, 0.0258376 secs]
   [Parallel Time: 11.2 ms, GC Workers: 30]
      [GC Worker Start (ms): Min: 418555.2, Avg: 418555.7, Max: 418556.1, Diff: 0.9]
      [Ext Root Scanning (ms): Min: 0.1, Avg: 0.6, Max: 1.3, Diff: 1.2, Sum: 17.3]
      [Update RS (ms): Min: 1.3, Avg: 1.9, Max: 2.3, Diff: 1.1, Sum: 57.3]
         [Processed Buffers: Min: 2, Avg: 3.8, Max: 11, Diff: 9, Sum: 115]
      [Scan RS (ms): Min: 0.0, Avg: 0.2, Max: 0.5, Diff: 0.4, Sum: 5.6]
      [Code Root Scanning (ms): Min: 0.0, Avg: 0.0, Max: 0.0, Diff: 0.0, Sum: 0.1]
      [Object Copy (ms): Min: 7.2, Avg: 7.4, Max: 7.6, Diff: 0.4, Sum: 222.9]
      [Termination (ms): Min: 0.0, Avg: 0.0, Max: 0.0, Diff: 0.0, Sum: 0.2]
         [Termination Attempts: Min: 1, Avg: 1.0, Max: 1, Diff: 0, Sum: 30]
      [GC Worker Other (ms): Min: 0.0, Avg: 0.2, Max: 0.4, Diff: 0.3, Sum: 5.5]
      [GC Worker Total (ms): Min: 9.7, Avg: 10.3, Max: 10.8, Diff: 1.0, Sum: 308.9]
      [GC Worker End (ms): Min: 418565.8, Avg: 418566.0, Max: 418566.1, Diff: 0.3]
   [Code Root Fixup: 0.0 ms]
   [Code Root Purge: 0.0 ms]
   [Clear CT: 2.0 ms]
   [Other: 12.6 ms]
      [Choose CSet: 0.0 ms]
      [Ref Proc: 7.2 ms]
      [Ref Enq: 1.2 ms]
      [Redirty Cards: 2.2 ms]
      [Humongous Register: 0.3 ms]
      [Humongous Reclaim: 0.1 ms]
      [Free CSet: 1.4 ms]
   [Eden: 4008.0M(4008.0M)->0.0B(4000.0M) Survivors: 44.0M->48.0M Heap: 7021.2M(8192.0M)->3017.2M(8192.0M)]
 [Times: user=0.33 sys=0.00, real=0.03 secs]
2018-04-30T04:34:16.245+0200: 418.581: Total time for which application threads were stopped: 0.0273097 seconds, Stopping threads took: 0.0004032 seconds
2018-04-30T04:34:16.674+0200: 419.010: Application time: 0.4289575 seconds
2018-04-30T04:34:16.675+0200: 419.011: [GC pause (G1 Evacuation Pause) (young)
Desired survivor size 266338304 bytes, new threshold 15 (max 15)
- age   1:   12854288 bytes,   12854288 total
- age   2:    1220704 bytes,   14074992 total
- age   3:    4522264 bytes,   18597256 total
- age   4:    1105440 bytes,   19702696 total
- age   5:    1123248 bytes,   20825944 total
- age   6:    1150928 bytes,   21976872 total
- age   7:    1106896 bytes,   23083768 total
- age   8:    1178576 bytes,   24262344 total
- age   9:    1154528 bytes,   25416872 total
- age  10:    1122056 bytes,   26538928 total
- age  11:    1143320 bytes,   27682248 total
- age  12:    1122208 bytes,   28804456 total
- age  13:      79472 bytes,   28883928 total
- age  14:       6328 bytes,   28890256 total
- age  15:       1808 bytes,   28892064 total
, 0.0276335 secs]
   [Parallel Time: 11.4 ms, GC Workers: 30]
      [GC Worker Start (ms): Min: 419011.7, Avg: 419012.0, Max: 419012.4, Diff: 0.7]
      [Ext Root Scanning (ms): Min: 0.2, Avg: 0.6, Max: 1.4, Diff: 1.1, Sum: 17.3]
      [Update RS (ms): Min: 1.2, Avg: 1.9, Max: 2.3, Diff: 1.1, Sum: 56.7]
         [Processed Buffers: Min: 2, Avg: 3.8, Max: 17, Diff: 15, Sum: 113]
      [Scan RS (ms): Min: 0.0, Avg: 0.2, Max: 0.4, Diff: 0.4, Sum: 5.7]
      [Code Root Scanning (ms): Min: 0.0, Avg: 0.0, Max: 0.0, Diff: 0.0, Sum: 0.1]
      [Object Copy (ms): Min: 7.5, Avg: 7.7, Max: 7.9, Diff: 0.4, Sum: 232.2]
      [Termination (ms): Min: 0.0, Avg: 0.0, Max: 0.0, Diff: 0.0, Sum: 0.2]
         [Termination Attempts: Min: 1, Avg: 1.0, Max: 1, Diff: 0, Sum: 30]
      [GC Worker Other (ms): Min: 0.0, Avg: 0.2, Max: 0.4, Diff: 0.4, Sum: 5.7]
      [GC Worker Total (ms): Min: 10.1, Avg: 10.6, Max: 11.0, Diff: 0.9, Sum: 317.9]
      [GC Worker End (ms): Min: 419022.5, Avg: 419022.6, Max: 419022.8, Diff: 0.4]
   [Code Root Fixup: 0.0 ms]
   [Code Root Purge: 0.0 ms]
   [Clear CT: 1.9 ms]
   [Other: 14.3 ms]
      [Choose CSet: 0.0 ms]
      [Ref Proc: 8.6 ms]
      [Ref Enq: 1.4 ms]
      [Redirty Cards: 2.4 ms]
      [Humongous Register: 0.3 ms]
      [Humongous Reclaim: 0.1 ms]
      [Free CSet: 1.3 ms]
   [Eden: 4000.0M(4000.0M)->0.0B(4008.0M) Survivors: 48.0M->44.0M Heap: 7017.2M(8192.0M)->3015.0M(8192.0M)]
 [Times: user=0.33 sys=0.01, real=0.02 secs]
2018-04-30T04:34:16.703+0200: 419.039: Total time for which application threads were stopped: 0.0292453 seconds, Stopping threads took: 0.0005649 seconds
2018-04-30T04:34:17.136+0200: 419.473: Application time: 0.4334861 seconds
2018-04-30T04:34:17.137+0200: 419.474: [GC pause (G1 Evacuation Pause) (young)
Desired survivor size 266338304 bytes, new threshold 15 (max 15)
- age   1:   14093592 bytes,   14093592 total
- age   2:    1282592 bytes,   15376184 total
- age   3:    1215000 bytes,   16591184 total
- age   4:    4520472 bytes,   21111656 total
- age   5:    1103520 bytes,   22215176 total
- age   6:    1122160 bytes,   23337336 total
- age   7:    1149968 bytes,   24487304 total
- age   8:    1106192 bytes,   25593496 total
- age   9:    1178320 bytes,   26771816 total
- age  10:    1153696 bytes,   27925512 total
- age  11:    1121992 bytes,   29047504 total
- age  12:    1143256 bytes,   30190760 total
- age  13:      82832 bytes,   30273592 total
- age  14:       8144 bytes,   30281736 total
- age  15:       6264 bytes,   30288000 total
, 0.0241839 secs]
   [Parallel Time: 10.4 ms, GC Workers: 30]
      [GC Worker Start (ms): Min: 419474.3, Avg: 419474.8, Max: 419475.3, Diff: 1.0]
      [Ext Root Scanning (ms): Min: 0.0, Avg: 0.5, Max: 1.2, Diff: 1.2, Sum: 15.6]
      [Update RS (ms): Min: 1.5, Avg: 1.8, Max: 2.3, Diff: 0.8, Sum: 55.2]
         [Processed Buffers: Min: 2, Avg: 3.7, Max: 13, Diff: 11, Sum: 112]
      [Scan RS (ms): Min: 0.0, Avg: 0.2, Max: 0.4, Diff: 0.4, Sum: 5.6]
      [Code Root Scanning (ms): Min: 0.0, Avg: 0.0, Max: 0.0, Diff: 0.0, Sum: 0.1]
      [Object Copy (ms): Min: 6.3, Avg: 6.7, Max: 6.9, Diff: 0.5, Sum: 200.7]
      [Termination (ms): Min: 0.0, Avg: 0.0, Max: 0.0, Diff: 0.0, Sum: 0.3]
         [Termination Attempts: Min: 1, Avg: 1.0, Max: 1, Diff: 0, Sum: 30]
      [GC Worker Other (ms): Min: 0.0, Avg: 0.2, Max: 0.3, Diff: 0.3, Sum: 5.2]
      [GC Worker Total (ms): Min: 8.9, Avg: 9.4, Max: 10.0, Diff: 1.1, Sum: 282.7]
      [GC Worker End (ms): Min: 419484.1, Avg: 419484.2, Max: 419484.4, Diff: 0.3]
   [Code Root Fixup: 0.0 ms]
   [Code Root Purge: 0.0 ms]
   [Clear CT: 1.8 ms]
   [Other: 12.0 ms]
      [Choose CSet: 0.0 ms]
      [Ref Proc: 7.2 ms]
      [Ref Enq: 1.1 ms]
      [Redirty Cards: 1.8 ms]
      [Humongous Register: 0.3 ms]
      [Humongous Reclaim: 0.1 ms]
      [Free CSet: 1.3 ms]
   [Eden: 4008.0M(4008.0M)->0.0B(4008.0M) Survivors: 44.0M->44.0M Heap: 7023.0M(8192.0M)->3013.3M(8192.0M)]
 [Times: user=0.31 sys=0.00, real=0.02 secs]
2018-04-30T04:34:17.162+0200: 419.498: Total time for which application threads were stopped: 0.0256158 seconds, Stopping threads took: 0.0003827 seconds
2018-04-30T04:34:17.596+0200: 419.932: Application time: 0.4336706 seconds
2018-04-30T04:34:17.597+0200: 419.933: [GC pause (G1 Evacuation Pause) (young)
Desired survivor size 266338304 bytes, new threshold 15 (max 15)
- age   1:   11472048 bytes,   11472048 total
- age   2:    1131456 bytes,   12603504 total
- age   3:    1277856 bytes,   13881360 total
- age   4:    1212120 bytes,   15093480 total
- age   5:    4519672 bytes,   19613152 total
- age   6:    1102432 bytes,   20715584 total
- age   7:    1121520 bytes,   21837104 total
- age   8:    1149584 bytes,   22986688 total
- age   9:    1105488 bytes,   24092176 total
- age  10:    1178000 bytes,   25270176 total
- age  11:    1153504 bytes,   26423680 total
- age  12:    1121992 bytes,   27545672 total
- age  13:      87696 bytes,   27633368 total
- age  14:       5992 bytes,   27639360 total
- age  15:       8144 bytes,   27647504 total
, 0.0263675 secs]
   [Parallel Time: 10.0 ms, GC Workers: 30]
      [GC Worker Start (ms): Min: 419933.5, Avg: 419934.0, Max: 419934.6, Diff: 1.1]
      [Ext Root Scanning (ms): Min: 0.0, Avg: 0.4, Max: 1.2, Diff: 1.2, Sum: 12.6]
      [Update RS (ms): Min: 1.4, Avg: 1.9, Max: 2.3, Diff: 0.9, Sum: 56.2]
         [Processed Buffers: Min: 2, Avg: 3.9, Max: 11, Diff: 9, Sum: 116]
      [Scan RS (ms): Min: 0.0, Avg: 0.2, Max: 0.5, Diff: 0.4, Sum: 6.2]
      [Code Root Scanning (ms): Min: 0.0, Avg: 0.0, Max: 0.0, Diff: 0.0, Sum: 0.1]
      [Object Copy (ms): Min: 6.0, Avg: 6.3, Max: 6.4, Diff: 0.4, Sum: 189.7]
      [Termination (ms): Min: 0.0, Avg: 0.0, Max: 0.0, Diff: 0.0, Sum: 0.3]
         [Termination Attempts: Min: 1, Avg: 1.0, Max: 1, Diff: 0, Sum: 30]
      [GC Worker Other (ms): Min: 0.0, Avg: 0.2, Max: 0.3, Diff: 0.3, Sum: 4.8]
      [GC Worker Total (ms): Min: 8.4, Avg: 9.0, Max: 9.7, Diff: 1.3, Sum: 269.9]
      [GC Worker End (ms): Min: 419942.9, Avg: 419943.0, Max: 419943.2, Diff: 0.3]
   [Code Root Fixup: 0.0 ms]
   [Code Root Purge: 0.0 ms]
   [Clear CT: 2.7 ms]
   [Other: 13.6 ms]
      [Choose CSet: 0.0 ms]
      [Ref Proc: 7.5 ms]
      [Ref Enq: 1.1 ms]
      [Redirty Cards: 3.0 ms]
      [Humongous Register: 0.3 ms]
      [Humongous Reclaim: 0.1 ms]
      [Free CSet: 1.4 ms]
   [Eden: 4008.0M(4008.0M)->0.0B(4008.0M) Survivors: 44.0M->44.0M Heap: 7021.3M(8192.0M)->3015.1M(8192.0M)]
 [Times: user=0.28 sys=0.01, real=0.02 secs]
2018-04-30T04:34:17.623+0200: 419.960: Total time for which application threads were stopped: 0.0276897 seconds, Stopping threads took: 0.0002945 seconds
2018-04-30T04:34:18.072+0200: 420.408: Application time: 0.4488769 seconds
2018-04-30T04:34:18.073+0200: 420.410: [GC pause (G1 Evacuation Pause) (young)
Desired survivor size 266338304 bytes, new threshold 15 (max 15)
- age   1:   11599488 bytes,   11599488 total
- age   2:    1151424 bytes,   12750912 total
- age   3:    1120272 bytes,   13871184 total
- age   4:    1131248 bytes,   15002432 total
- age   5:    1210904 bytes,   16213336 total
- age   6:    4519032 bytes,   20732368 total
- age   7:    1101664 bytes,   21834032 total
- age   8:    1121392 bytes,   22955424 total
- age   9:    1149200 bytes,   24104624 total
- age  10:    1105424 bytes,   25210048 total
- age  11:    1177344 bytes,   26387392 total
- age  12:    1153504 bytes,   27540896 total
- age  13:      76632 bytes,   27617528 total
- age  14:       1544 bytes,   27619072 total
- age  15:       5864 bytes,   27624936 total
, 0.0250283 secs]
   [Parallel Time: 10.4 ms, GC Workers: 30]
      [GC Worker Start (ms): Min: 420410.0, Avg: 420410.5, Max: 420410.8, Diff: 0.8]
      [Ext Root Scanning (ms): Min: 0.2, Avg: 0.5, Max: 1.3, Diff: 1.1, Sum: 15.4]
      [Update RS (ms): Min: 1.5, Avg: 1.8, Max: 2.2, Diff: 0.7, Sum: 54.4]
         [Processed Buffers: Min: 2, Avg: 3.9, Max: 16, Diff: 14, Sum: 118]
      [Scan RS (ms): Min: 0.0, Avg: 0.2, Max: 0.4, Diff: 0.4, Sum: 5.9]
      [Code Root Scanning (ms): Min: 0.0, Avg: 0.0, Max: 0.0, Diff: 0.0, Sum: 0.1]
      [Object Copy (ms): Min: 6.8, Avg: 7.1, Max: 7.2, Diff: 0.4, Sum: 211.8]
      [Termination (ms): Min: 0.0, Avg: 0.0, Max: 0.0, Diff: 0.0, Sum: 0.2]
         [Termination Attempts: Min: 1, Avg: 1.0, Max: 1, Diff: 0, Sum: 30]
      [GC Worker Other (ms): Min: 0.0, Avg: 0.2, Max: 0.4, Diff: 0.3, Sum: 5.7]
      [GC Worker Total (ms): Min: 9.3, Avg: 9.8, Max: 10.3, Diff: 0.9, Sum: 293.5]
      [GC Worker End (ms): Min: 420420.1, Avg: 420420.3, Max: 420420.4, Diff: 0.3]
   [Code Root Fixup: 0.0 ms]
   [Code Root Purge: 0.0 ms]
   [Clear CT: 2.4 ms]
   [Other: 12.2 ms]
      [Choose CSet: 0.0 ms]
      [Ref Proc: 7.0 ms]
      [Ref Enq: 1.0 ms]
      [Redirty Cards: 2.3 ms]
      [Humongous Register: 0.3 ms]
      [Humongous Reclaim: 0.1 ms]
      [Free CSet: 1.3 ms]
   [Eden: 4008.0M(4008.0M)->0.0B(4000.0M) Survivors: 44.0M->48.0M Heap: 7023.1M(8192.0M)->3018.1M(8192.0M)]
 [Times: user=0.31 sys=0.00, real=0.02 secs]
2018-04-30T04:34:18.099+0200: 420.435: Total time for which application threads were stopped: 0.0264140 seconds, Stopping threads took: 0.0003694 seconds
2018-04-30T04:34:18.531+0200: 420.868: Application time: 0.4327095 seconds
2018-04-30T04:34:18.532+0200: 420.869: [GC pause (G1 Evacuation Pause) (young)
Desired survivor size 266338304 bytes, new threshold 15 (max 15)
- age   1:   11930856 bytes,   11930856 total
- age   2:    1401600 bytes,   13332456 total
- age   3:    1146352 bytes,   14478808 total
- age   4:    1118096 bytes,   15596904 total
- age   5:    1129872 bytes,   16726776 total
- age   6:    1210136 bytes,   17936912 total
- age   7:    4518392 bytes,   22455304 total
- age   8:    1101472 bytes,   23556776 total
- age   9:    1121264 bytes,   24678040 total
- age  10:    1149072 bytes,   25827112 total
- age  11:    1105168 bytes,   26932280 total
- age  12:    1177280 bytes,   28109560 total
- age  13:     149440 bytes,   28259000 total
- age  14:       5376 bytes,   28264376 total
- age  15:       1480 bytes,   28265856 total
, 0.0264527 secs]
   [Parallel Time: 11.5 ms, GC Workers: 30]
      [GC Worker Start (ms): Min: 420869.2, Avg: 420869.8, Max: 420870.3, Diff: 1.1]
      [Ext Root Scanning (ms): Min: 0.0, Avg: 0.5, Max: 1.2, Diff: 1.2, Sum: 14.2]
      [Update RS (ms): Min: 1.4, Avg: 1.9, Max: 2.4, Diff: 1.0, Sum: 58.3]
         [Processed Buffers: Min: 2, Avg: 3.8, Max: 13, Diff: 11, Sum: 114]
      [Scan RS (ms): Min: 0.0, Avg: 0.2, Max: 0.6, Diff: 0.5, Sum: 5.9]
      [Code Root Scanning (ms): Min: 0.0, Avg: 0.0, Max: 0.0, Diff: 0.0, Sum: 0.1]
      [Object Copy (ms): Min: 7.3, Avg: 7.6, Max: 7.8, Diff: 0.5, Sum: 229.2]
      [Termination (ms): Min: 0.0, Avg: 0.0, Max: 0.0, Diff: 0.0, Sum: 0.2]
         [Termination Attempts: Min: 1, Avg: 1.0, Max: 1, Diff: 0, Sum: 30]
      [GC Worker Other (ms): Min: 0.0, Avg: 0.2, Max: 0.4, Diff: 0.3, Sum: 5.3]
      [GC Worker Total (ms): Min: 9.8, Avg: 10.4, Max: 11.0, Diff: 1.2, Sum: 313.1]
      [GC Worker End (ms): Min: 420880.1, Avg: 420880.2, Max: 420880.4, Diff: 0.3]
   [Code Root Fixup: 0.0 ms]
   [Code Root Purge: 0.0 ms]
   [Clear CT: 2.3 ms]
   [Other: 12.7 ms]
      [Choose CSet: 0.0 ms]
      [Ref Proc: 7.3 ms]
      [Ref Enq: 0.9 ms]
      [Redirty Cards: 2.6 ms]
      [Humongous Register: 0.3 ms]
      [Humongous Reclaim: 0.1 ms]
      [Free CSet: 1.3 ms]
   [Eden: 4000.0M(4000.0M)->0.0B(4000.0M) Survivors: 48.0M->48.0M Heap: 7018.1M(8192.0M)->3020.0M(8192.0M)]
 [Times: user=0.34 sys=0.00, real=0.02 secs]
2018-04-30T04:34:18.559+0200: 420.895: Total time for which application threads were stopped: 0.0278512 seconds, Stopping threads took: 0.0004195 seconds
2018-04-30T04:34:18.994+0200: 421.331: Application time: 0.4351701 seconds
2018-04-30T04:34:18.995+0200: 421.332: [GC pause (G1 Evacuation Pause) (young)
Desired survivor size 266338304 bytes, new threshold 15 (max 15)
- age   1:   13941168 bytes,   13941168 total
- age   2:    1118432 bytes,   15059600 total
- age   3:    1397200 bytes,   16456800 total
- age   4:    1144512 bytes,   17601312 total
- age   5:    1116112 bytes,   18717424 total
- age   6:    1128032 bytes,   19845456 total
- age   7:    1209496 bytes,   21054952 total
- age   8:    4517560 bytes,   25572512 total
- age   9:    1101024 bytes,   26673536 total
- age  10:    1121136 bytes,   27794672 total
- age  11:    1148624 bytes,   28943296 total
- age  12:    1105104 bytes,   30048400 total
- age  13:     156944 bytes,   30205344 total
- age  14:       8680 bytes,   30214024 total
- age  15:       5376 bytes,   30219400 total
, 0.0255754 secs]
   [Parallel Time: 10.9 ms, GC Workers: 30]
      [GC Worker Start (ms): Min: 421332.2, Avg: 421332.7, Max: 421333.1, Diff: 0.9]
      [Ext Root Scanning (ms): Min: 0.0, Avg: 0.5, Max: 1.2, Diff: 1.1, Sum: 14.8]
      [Update RS (ms): Min: 1.5, Avg: 1.8, Max: 2.3, Diff: 0.8, Sum: 55.4]
         [Processed Buffers: Min: 2, Avg: 3.7, Max: 11, Diff: 9, Sum: 111]
      [Scan RS (ms): Min: 0.0, Avg: 0.2, Max: 0.4, Diff: 0.4, Sum: 6.2]
      [Code Root Scanning (ms): Min: 0.0, Avg: 0.0, Max: 0.0, Diff: 0.0, Sum: 0.1]
      [Object Copy (ms): Min: 7.0, Avg: 7.3, Max: 7.5, Diff: 0.5, Sum: 220.1]
      [Termination (ms): Min: 0.0, Avg: 0.0, Max: 0.0, Diff: 0.0, Sum: 0.2]
         [Termination Attempts: Min: 1, Avg: 1.0, Max: 1, Diff: 0, Sum: 30]
      [GC Worker Other (ms): Min: 0.0, Avg: 0.2, Max: 0.4, Diff: 0.3, Sum: 5.4]
      [GC Worker Total (ms): Min: 9.6, Avg: 10.1, Max: 10.6, Diff: 1.1, Sum: 302.2]
      [GC Worker End (ms): Min: 421342.6, Avg: 421342.7, Max: 421342.9, Diff: 0.3]
   [Code Root Fixup: 0.0 ms]
   [Code Root Purge: 0.0 ms]
   [Clear CT: 2.0 ms]
   [Other: 12.7 ms]
      [Choose CSet: 0.0 ms]
      [Ref Proc: 7.1 ms]
      [Ref Enq: 0.9 ms]
      [Redirty Cards: 2.7 ms]
      [Humongous Register: 0.3 ms]
      [Humongous Reclaim: 0.1 ms]
      [Free CSet: 1.3 ms]
   [Eden: 4000.0M(4000.0M)->0.0B(4008.0M) Survivors: 48.0M->44.0M Heap: 7020.0M(8192.0M)->3013.3M(8192.0M)]
 [Times: user=0.32 sys=0.00, real=0.02 secs]
2018-04-30T04:34:19.021+0200: 421.358: Total time for which application threads were stopped: 0.0269729 seconds, Stopping threads took: 0.0003659 seconds
2018-04-30T04:34:19.573+0200: 421.909: Application time: 0.5512827 seconds
2018-04-30T04:34:19.574+0200: 421.910: [GC pause (G1 Evacuation Pause) (young)
Desired survivor size 266338304 bytes, new threshold 15 (max 15)
- age   1:   13392744 bytes,   13392744 total
- age   2:    1307320 bytes,   14700064 total
- age   3:    1100592 bytes,   15800656 total
- age   4:    1395184 bytes,   17195840 total
- age   5:    1142416 bytes,   18338256 total
- age   6:    1115088 bytes,   19453344 total
- age   7:    1127200 bytes,   20580544 total
- age   8:    1208856 bytes,   21789400 total
- age   9:    4517496 bytes,   26306896 total
- age  10:    1100896 bytes,   27407792 total
- age  11:    1121072 bytes,   28528864 total
- age  12:    1148560 bytes,   29677424 total
- age  13:     115568 bytes,   29792992 total
- age  14:       8912 bytes,   29801904 total
- age  15:       8680 bytes,   29810584 total
, 0.0261316 secs]
   [Parallel Time: 10.3 ms, GC Workers: 30]
      [GC Worker Start (ms): Min: 421910.5, Avg: 421911.0, Max: 421911.5, Diff: 1.0]
      [Ext Root Scanning (ms): Min: 0.0, Avg: 0.5, Max: 1.2, Diff: 1.2, Sum: 15.0]
      [Update RS (ms): Min: 1.6, Avg: 1.8, Max: 2.2, Diff: 0.6, Sum: 54.1]
         [Processed Buffers: Min: 2, Avg: 3.9, Max: 15, Diff: 13, Sum: 117]
      [Scan RS (ms): Min: 0.0, Avg: 0.2, Max: 0.4, Diff: 0.4, Sum: 6.2]
      [Code Root Scanning (ms): Min: 0.0, Avg: 0.0, Max: 0.0, Diff: 0.0, Sum: 0.1]
      [Object Copy (ms): Min: 6.5, Avg: 6.7, Max: 6.8, Diff: 0.3, Sum: 201.2]
      [Termination (ms): Min: 0.0, Avg: 0.0, Max: 0.0, Diff: 0.0, Sum: 0.3]
         [Termination Attempts: Min: 1, Avg: 1.0, Max: 1, Diff: 0, Sum: 30]
      [GC Worker Other (ms): Min: 0.0, Avg: 0.2, Max: 0.3, Diff: 0.3, Sum: 5.0]
      [GC Worker Total (ms): Min: 8.9, Avg: 9.4, Max: 9.9, Diff: 1.0, Sum: 281.9]
      [GC Worker End (ms): Min: 421920.3, Avg: 421920.4, Max: 421920.6, Diff: 0.3]
   [Code Root Fixup: 0.0 ms]
   [Code Root Purge: 0.0 ms]
   [Clear CT: 2.8 ms]
   [Other: 13.0 ms]
      [Choose CSet: 0.0 ms]
      [Ref Proc: 7.3 ms]
      [Ref Enq: 1.1 ms]
      [Redirty Cards: 2.7 ms]
      [Humongous Register: 0.3 ms]
      [Humongous Reclaim: 0.1 ms]
      [Free CSet: 1.3 ms]
   [Eden: 4008.0M(4008.0M)->0.0B(4008.0M) Survivors: 44.0M->44.0M Heap: 7021.3M(8192.0M)->3014.3M(8192.0M)]
 [Times: user=0.31 sys=0.00, real=0.02 secs]
2018-04-30T04:34:19.600+0200: 421.936: Total time for which application threads were stopped: 0.0276116 seconds, Stopping threads took: 0.0003859 seconds
2018-04-30T04:34:20.056+0200: 422.393: Application time: 0.4561091 seconds
2018-04-30T04:34:20.061+0200: 422.397: [GC pause (G1 Evacuation Pause) (young)
Desired survivor size 266338304 bytes, new threshold 15 (max 15)
- age   1:   10541424 bytes,   10541424 total
- age   2:    1186152 bytes,   11727576 total
- age   3:    1302944 bytes,   13030520 total
- age   4:    1097312 bytes,   14127832 total
- age   5:    1393712 bytes,   15521544 total
- age   6:    1141744 bytes,   16663288 total
- age   7:    1114448 bytes,   17777736 total
- age   8:    1126944 bytes,   18904680 total
- age   9:    1208600 bytes,   20113280 total
- age  10:    4517240 bytes,   24630520 total
- age  11:    1100640 bytes,   25731160 total
- age  12:    1121072 bytes,   26852232 total
- age  13:     138216 bytes,   26990448 total
- age  14:       3032 bytes,   26993480 total
- age  15:       8784 bytes,   27002264 total
, 0.0256412 secs]
   [Parallel Time: 11.3 ms, GC Workers: 30]
      [GC Worker Start (ms): Min: 422397.5, Avg: 422398.0, Max: 422398.6, Diff: 1.1]
      [Ext Root Scanning (ms): Min: 0.0, Avg: 0.5, Max: 1.2, Diff: 1.2, Sum: 14.7]
      [Update RS (ms): Min: 1.5, Avg: 1.9, Max: 2.4, Diff: 0.8, Sum: 58.3]
         [Processed Buffers: Min: 2, Avg: 3.7, Max: 13, Diff: 11, Sum: 112]
      [Scan RS (ms): Min: 0.0, Avg: 0.2, Max: 0.5, Diff: 0.4, Sum: 6.8]
      [Code Root Scanning (ms): Min: 0.0, Avg: 0.0, Max: 0.0, Diff: 0.0, Sum: 0.1]
      [Object Copy (ms): Min: 7.1, Avg: 7.4, Max: 7.6, Diff: 0.4, Sum: 221.5]
      [Termination (ms): Min: 0.0, Avg: 0.0, Max: 0.0, Diff: 0.0, Sum: 0.2]
         [Termination Attempts: Min: 1, Avg: 1.0, Max: 1, Diff: 0, Sum: 30]
      [GC Worker Other (ms): Min: 0.0, Avg: 0.2, Max: 0.4, Diff: 0.3, Sum: 5.5]
      [GC Worker Total (ms): Min: 9.6, Avg: 10.2, Max: 10.8, Diff: 1.2, Sum: 307.1]
      [GC Worker End (ms): Min: 422408.1, Avg: 422408.3, Max: 422408.5, Diff: 0.3]
   [Code Root Fixup: 0.0 ms]
   [Code Root Purge: 0.0 ms]
   [Clear CT: 1.9 ms]
   [Other: 12.4 ms]
      [Choose CSet: 0.0 ms]
      [Ref Proc: 7.3 ms]
      [Ref Enq: 0.9 ms]
      [Redirty Cards: 2.4 ms]
      [Humongous Register: 0.3 ms]
      [Humongous Reclaim: 0.1 ms]
      [Free CSet: 1.3 ms]
   [Eden: 4008.0M(4008.0M)->0.0B(4008.0M) Survivors: 44.0M->44.0M Heap: 7022.3M(8192.0M)->3014.2M(8192.0M)]
 [Times: user=0.33 sys=0.00, real=0.03 secs]
2018-04-30T04:34:20.087+0200: 422.423: Total time for which application threads were stopped: 0.0302889 seconds, Stopping threads took: 0.0036772 seconds
2018-04-30T04:34:20.510+0200: 422.847: Application time: 0.4237616 seconds
2018-04-30T04:34:20.511+0200: 422.848: [GC pause (G1 Evacuation Pause) (young)
Desired survivor size 266338304 bytes, new threshold 15 (max 15)
- age   1:   12372152 bytes,   12372152 total
- age   2:    1139176 bytes,   13511328 total
- age   3:    1148032 bytes,   14659360 total
- age   4:    1167784 bytes,   15827144 total
- age   5:    1088720 bytes,   16915864 total
- age   6:    1137560 bytes,   18053424 total
- age   7:    1140720 bytes,   19194144 total
- age   8:    1114192 bytes,   20308336 total
- age   9:    1126432 bytes,   21434768 total
- age  10:    1208472 bytes,   22643240 total
- age  11:    4517176 bytes,   27160416 total
- age  12:    1100448 bytes,   28260864 total
- age  13:     113992 bytes,   28374856 total
- age  14:       3104 bytes,   28377960 total
- age  15:       3032 bytes,   28380992 total
, 0.0263252 secs]
   [Parallel Time: 11.0 ms, GC Workers: 30]
      [GC Worker Start (ms): Min: 422848.2, Avg: 422848.7, Max: 422849.2, Diff: 1.0]
      [Ext Root Scanning (ms): Min: 0.0, Avg: 0.5, Max: 1.2, Diff: 1.2, Sum: 15.3]
      [Update RS (ms): Min: 1.5, Avg: 1.9, Max: 2.3, Diff: 0.7, Sum: 57.0]
         [Processed Buffers: Min: 2, Avg: 3.7, Max: 12, Diff: 10, Sum: 112]
      [Scan RS (ms): Min: 0.0, Avg: 0.2, Max: 0.5, Diff: 0.4, Sum: 6.0]
      [Code Root Scanning (ms): Min: 0.0, Avg: 0.0, Max: 0.0, Diff: 0.0, Sum: 0.1]
      [Object Copy (ms): Min: 7.1, Avg: 7.3, Max: 7.5, Diff: 0.3, Sum: 220.3]
      [Termination (ms): Min: 0.0, Avg: 0.0, Max: 0.0, Diff: 0.0, Sum: 0.2]
         [Termination Attempts: Min: 1, Avg: 1.0, Max: 1, Diff: 0, Sum: 30]
      [GC Worker Other (ms): Min: 0.0, Avg: 0.2, Max: 0.3, Diff: 0.3, Sum: 4.8]
      [GC Worker Total (ms): Min: 9.5, Avg: 10.1, Max: 10.7, Diff: 1.2, Sum: 303.6]
      [GC Worker End (ms): Min: 422858.7, Avg: 422858.8, Max: 422859.0, Diff: 0.3]
   [Code Root Fixup: 0.0 ms]
   [Code Root Purge: 0.0 ms]
   [Clear CT: 1.8 ms]
   [Other: 13.5 ms]
      [Choose CSet: 0.0 ms]
      [Ref Proc: 7.9 ms]
      [Ref Enq: 1.2 ms]
      [Redirty Cards: 2.2 ms]
      [Humongous Register: 0.3 ms]
      [Humongous Reclaim: 0.1 ms]
      [Free CSet: 1.4 ms]
   [Eden: 4008.0M(4008.0M)->0.0B(4008.0M) Survivors: 44.0M->44.0M Heap: 7022.2M(8192.0M)->3014.2M(8192.0M)]
 [Times: user=0.31 sys=0.01, real=0.03 secs]
2018-04-30T04:34:20.538+0200: 422.874: Total time for which application threads were stopped: 0.0276709 seconds, Stopping threads took: 0.0003087 seconds
2018-04-30T04:34:20.972+0200: 423.309: Application time: 0.4342334 seconds
2018-04-30T04:34:20.973+0200: 423.310: [GC pause (G1 Evacuation Pause) (young)
Desired survivor size 266338304 bytes, new threshold 15 (max 15)
- age   1:   11140984 bytes,   11140984 total
- age   2:    1607360 bytes,   12748344 total
- age   3:    1133672 bytes,   13882016 total
- age   4:    1144832 bytes,   15026848 total
- age   5:    1165256 bytes,   16192104 total
- age   6:    1087360 bytes,   17279464 total
- age   7:    1136536 bytes,   18416000 total
- age   8:    1139952 bytes,   19555952 total
- age   9:    1113616 bytes,   20669568 total
- age  10:    1126304 bytes,   21795872 total
- age  11:    1208472 bytes,   23004344 total
- age  12:    4517048 bytes,   27521392 total
- age  13:      33872 bytes,   27555264 total
- age  14:       6144 bytes,   27561408 total
- age  15:       3104 bytes,   27564512 total
, 0.0262253 secs]
   [Parallel Time: 11.5 ms, GC Workers: 30]
      [GC Worker Start (ms): Min: 423310.3, Avg: 423310.9, Max: 423311.4, Diff: 1.1]
      [Ext Root Scanning (ms): Min: 0.0, Avg: 0.5, Max: 1.2, Diff: 1.2, Sum: 14.6]
      [Update RS (ms): Min: 1.7, Avg: 2.0, Max: 2.3, Diff: 0.6, Sum: 59.8]
         [Processed Buffers: Min: 2, Avg: 3.9, Max: 13, Diff: 11, Sum: 118]
      [Scan RS (ms): Min: 0.0, Avg: 0.2, Max: 0.5, Diff: 0.4, Sum: 6.8]
      [Code Root Scanning (ms): Min: 0.0, Avg: 0.0, Max: 0.0, Diff: 0.0, Sum: 0.1]
      [Object Copy (ms): Min: 7.7, Avg: 7.8, Max: 7.9, Diff: 0.3, Sum: 233.7]
      [Termination (ms): Min: 0.0, Avg: 0.0, Max: 0.0, Diff: 0.0, Sum: 0.2]
         [Termination Attempts: Min: 1, Avg: 1.0, Max: 1, Diff: 0, Sum: 30]
      [GC Worker Other (ms): Min: 0.0, Avg: 0.2, Max: 0.3, Diff: 0.3, Sum: 5.0]
      [GC Worker Total (ms): Min: 10.0, Avg: 10.7, Max: 11.4, Diff: 1.3, Sum: 320.2]
      [GC Worker End (ms): Min: 423321.4, Avg: 423321.6, Max: 423321.7, Diff: 0.3]
   [Code Root Fixup: 0.0 ms]
   [Code Root Purge: 0.0 ms]
   [Clear CT: 2.1 ms]
   [Other: 12.6 ms]
      [Choose CSet: 0.0 ms]
      [Ref Proc: 7.1 ms]
      [Ref Enq: 0.9 ms]
      [Redirty Cards: 2.7 ms]
      [Humongous Register: 0.3 ms]
      [Humongous Reclaim: 0.1 ms]
      [Free CSet: 1.2 ms]
   [Eden: 4008.0M(4008.0M)->0.0B(4008.0M) Survivors: 44.0M->44.0M Heap: 7022.2M(8192.0M)->3015.1M(8192.0M)]
 [Times: user=0.33 sys=0.00, real=0.02 secs]
2018-04-30T04:34:21.000+0200: 423.336: Total time for which application threads were stopped: 0.0276897 seconds, Stopping threads took: 0.0004155 seconds
2018-04-30T04:34:21.437+0200: 423.774: Application time: 0.4375262 seconds
2018-04-30T04:34:21.439+0200: 423.775: [GC pause (G1 Evacuation Pause) (young)
Desired survivor size 266338304 bytes, new threshold 15 (max 15)
- age   1:   12509648 bytes,   12509648 total
- age   2:    1203856 bytes,   13713504 total
- age   3:    1604512 bytes,   15318016 total
- age   4:    1132408 bytes,   16450424 total
- age   5:    1142528 bytes,   17592952 total
- age   6:    1164168 bytes,   18757120 total
- age   7:    1086336 bytes,   19843456 total
- age   8:    1135832 bytes,   20979288 total
- age   9:    1139760 bytes,   22119048 total
- age  10:    1113552 bytes,   23232600 total
- age  11:    1126112 bytes,   24358712 total
- age  12:    1174960 bytes,   25533672 total
- age  13:    3449112 bytes,   28982784 total
- age  14:       2664 bytes,   28985448 total
- age  15:       6016 bytes,   28991464 total
, 0.0268988 secs]
   [Parallel Time: 10.9 ms, GC Workers: 30]
      [GC Worker Start (ms): Min: 423775.4, Avg: 423776.0, Max: 423776.3, Diff: 0.9]
      [Ext Root Scanning (ms): Min: 0.2, Avg: 0.6, Max: 1.3, Diff: 1.0, Sum: 17.1]
      [Update RS (ms): Min: 1.6, Avg: 2.0, Max: 2.4, Diff: 0.8, Sum: 58.7]
         [Processed Buffers: Min: 2, Avg: 3.7, Max: 10, Diff: 8, Sum: 110]
      [Scan RS (ms): Min: 0.0, Avg: 0.2, Max: 0.5, Diff: 0.5, Sum: 6.1]
      [Code Root Scanning (ms): Min: 0.0, Avg: 0.0, Max: 0.0, Diff: 0.0, Sum: 0.1]
      [Object Copy (ms): Min: 6.9, Avg: 7.1, Max: 7.2, Diff: 0.3, Sum: 213.5]
      [Termination (ms): Min: 0.0, Avg: 0.0, Max: 0.0, Diff: 0.0, Sum: 0.2]
         [Termination Attempts: Min: 1, Avg: 1.0, Max: 1, Diff: 0, Sum: 30]
      [GC Worker Other (ms): Min: 0.0, Avg: 0.2, Max: 0.4, Diff: 0.3, Sum: 5.5]
      [GC Worker Total (ms): Min: 9.6, Avg: 10.0, Max: 10.5, Diff: 0.9, Sum: 301.2]
      [GC Worker End (ms): Min: 423785.8, Avg: 423786.0, Max: 423786.2, Diff: 0.3]
   [Code Root Fixup: 0.0 ms]
   [Code Root Purge: 0.0 ms]
   [Clear CT: 3.1 ms]
   [Other: 12.9 ms]
      [Choose CSet: 0.0 ms]
      [Ref Proc: 7.3 ms]
      [Ref Enq: 1.0 ms]
      [Redirty Cards: 2.8 ms]
      [Humongous Register: 0.3 ms]
      [Humongous Reclaim: 0.1 ms]
      [Free CSet: 1.2 ms]
   [Eden: 4008.0M(4008.0M)->0.0B(4016.0M) Survivors: 44.0M->40.0M Heap: 7023.1M(8192.0M)->3011.3M(8192.0M)]
 [Times: user=0.32 sys=0.01, real=0.03 secs]
2018-04-30T04:34:21.466+0200: 423.802: Total time for which application threads were stopped: 0.0282640 seconds, Stopping threads took: 0.0003629 seconds
2018-04-30T04:34:21.888+0200: 424.224: Application time: 0.4223897 seconds
2018-04-30T04:34:21.889+0200: 424.226: [GC pause (G1 Evacuation Pause) (young)
Desired survivor size 266338304 bytes, new threshold 15 (max 15)
- age   1:   10452704 bytes,   10452704 total
- age   2:    1155144 bytes,   11607848 total
- age   3:    1201248 bytes,   12809096 total
- age   4:    1603904 bytes,   14413000 total
- age   5:    1131544 bytes,   15544544 total
- age   6:    1141360 bytes,   16685904 total
- age   7:    1163464 bytes,   17849368 total
- age   8:    1086016 bytes,   18935384 total
- age   9:    1135256 bytes,   20070640 total
- age  10:    1139568 bytes,   21210208 total
- age  11:    1113296 bytes,   22323504 total
- age  12:    1121360 bytes,   23444864 total
- age  13:      15968 bytes,   23460832 total
- age  14:    3449112 bytes,   26909944 total
- age  15:       2664 bytes,   26912608 total
, 0.0249039 secs]
   [Parallel Time: 10.1 ms, GC Workers: 30]
      [GC Worker Start (ms): Min: 424226.2, Avg: 424226.5, Max: 424226.9, Diff: 0.7]
      [Ext Root Scanning (ms): Min: 0.2, Avg: 0.6, Max: 1.4, Diff: 1.2, Sum: 19.1]
      [Update RS (ms): Min: 1.4, Avg: 1.8, Max: 2.2, Diff: 0.8, Sum: 55.5]
         [Processed Buffers: Min: 2, Avg: 3.7, Max: 15, Diff: 13, Sum: 111]
      [Scan RS (ms): Min: 0.0, Avg: 0.2, Max: 0.5, Diff: 0.4, Sum: 5.8]
      [Code Root Scanning (ms): Min: 0.0, Avg: 0.0, Max: 0.0, Diff: 0.0, Sum: 0.1]
      [Object Copy (ms): Min: 6.1, Avg: 6.4, Max: 6.5, Diff: 0.4, Sum: 191.5]
      [Termination (ms): Min: 0.0, Avg: 0.0, Max: 0.0, Diff: 0.0, Sum: 0.2]
         [Termination Attempts: Min: 1, Avg: 1.0, Max: 1, Diff: 0, Sum: 30]
      [GC Worker Other (ms): Min: 0.0, Avg: 0.2, Max: 0.4, Diff: 0.3, Sum: 5.6]
      [GC Worker Total (ms): Min: 8.8, Avg: 9.3, Max: 9.7, Diff: 1.0, Sum: 277.8]
      [GC Worker End (ms): Min: 424235.6, Avg: 424235.8, Max: 424236.0, Diff: 0.3]
   [Code Root Fixup: 0.0 ms]
   [Code Root Purge: 0.0 ms]
   [Clear CT: 1.9 ms]
   [Other: 13.0 ms]
      [Choose CSet: 0.0 ms]
      [Ref Proc: 7.2 ms]
      [Ref Enq: 1.1 ms]
      [Redirty Cards: 2.7 ms]
      [Humongous Register: 0.3 ms]
      [Humongous Reclaim: 0.1 ms]
      [Free CSet: 1.4 ms]
   [Eden: 4016.0M(4016.0M)->0.0B(4000.0M) Survivors: 40.0M->48.0M Heap: 7027.3M(8192.0M)->3018.2M(8192.0M)]
 [Times: user=0.30 sys=0.00, real=0.03 secs]
2018-04-30T04:34:21.915+0200: 424.251: Total time for which application threads were stopped: 0.0264281 seconds, Stopping threads took: 0.0004662 seconds
2018-04-30T04:34:22.344+0200: 424.680: Application time: 0.4290649 seconds
2018-04-30T04:34:22.345+0200: 424.681: [GC pause (G1 Evacuation Pause) (young)
Desired survivor size 266338304 bytes, new threshold 15 (max 15)
- age   1:   11673936 bytes,   11673936 total
- age   2:    1325560 bytes,   12999496 total
- age   3:    1151288 bytes,   14150784 total
- age   4:    1199776 bytes,   15350560 total
- age   5:    1602752 bytes,   16953312 total
- age   6:    1130712 bytes,   18084024 total
- age   7:    1140784 bytes,   19224808 total
- age   8:    1163336 bytes,   20388144 total
- age   9:    1085440 bytes,   21473584 total
- age  10:    1134872 bytes,   22608456 total
- age  11:    1139120 bytes,   23747576 total
- age  12:    1113168 bytes,   24860744 total
- age  13:      14328 bytes,   24875072 total
- age  14:      15968 bytes,   24891040 total
- age  15:    3449048 bytes,   28340088 total
, 0.0245741 secs]
   [Parallel Time: 9.7 ms, GC Workers: 30]
      [GC Worker Start (ms): Min: 424681.5, Avg: 424681.9, Max: 424682.5, Diff: 0.9]
      [Ext Root Scanning (ms): Min: 0.0, Avg: 0.5, Max: 1.3, Diff: 1.3, Sum: 15.8]
      [Update RS (ms): Min: 1.2, Avg: 1.8, Max: 2.1, Diff: 1.0, Sum: 54.0]
         [Processed Buffers: Min: 2, Avg: 3.8, Max: 12, Diff: 10, Sum: 113]
      [Scan RS (ms): Min: 0.0, Avg: 0.2, Max: 0.5, Diff: 0.4, Sum: 6.1]
      [Code Root Scanning (ms): Min: 0.0, Avg: 0.0, Max: 0.0, Diff: 0.0, Sum: 0.1]
      [Object Copy (ms): Min: 5.9, Avg: 6.1, Max: 6.2, Diff: 0.3, Sum: 183.0]
      [Termination (ms): Min: 0.0, Avg: 0.0, Max: 0.1, Diff: 0.1, Sum: 1.0]
         [Termination Attempts: Min: 1, Avg: 1.9, Max: 3, Diff: 2, Sum: 56]
      [GC Worker Other (ms): Min: 0.0, Avg: 0.2, Max: 0.4, Diff: 0.3, Sum: 5.4]
      [GC Worker Total (ms): Min: 8.2, Avg: 8.8, Max: 9.3, Diff: 1.1, Sum: 265.4]
      [GC Worker End (ms): Min: 424690.6, Avg: 424690.8, Max: 424691.0, Diff: 0.3]
   [Code Root Fixup: 0.0 ms]
   [Code Root Purge: 0.0 ms]
   [Clear CT: 2.4 ms]
   [Other: 12.5 ms]
      [Choose CSet: 0.0 ms]
      [Ref Proc: 6.8 ms]
      [Ref Enq: 0.9 ms]
      [Redirty Cards: 2.9 ms]
      [Humongous Register: 0.3 ms]
      [Humongous Reclaim: 0.1 ms]
      [Free CSet: 1.3 ms]
   [Eden: 4000.0M(4000.0M)->0.0B(4012.0M) Survivors: 48.0M->40.0M Heap: 7018.2M(8192.0M)->3013.6M(8192.0M)]
 [Times: user=0.28 sys=0.00, real=0.02 secs]
2018-04-30T04:34:22.370+0200: 424.706: Total time for which application threads were stopped: 0.0259563 seconds, Stopping threads took: 0.0003686 seconds
2018-04-30T04:34:22.814+0200: 425.150: Application time: 0.4440827 seconds
2018-04-30T04:34:22.815+0200: 425.151: [GC pause (G1 Evacuation Pause) (young)
Desired survivor size 266338304 bytes, new threshold 15 (max 15)
- age   1:   10167264 bytes,   10167264 total
- age   2:    1141136 bytes,   11308400 total
- age   3:    1175216 bytes,   12483616 total
- age   4:    1149712 bytes,   13633328 total
- age   5:    1198304 bytes,   14831632 total
- age   6:    1602336 bytes,   16433968 total
- age   7:    1130136 bytes,   17564104 total
- age   8:    1140592 bytes,   18704696 total
- age   9:    1163144 bytes,   19867840 total
- age  10:    1085248 bytes,   20953088 total
- age  11:    1134488 bytes,   22087576 total
- age  12:    1139120 bytes,   23226696 total
- age  13:      32256 bytes,   23258952 total
- age  14:       4128 bytes,   23263080 total
- age  15:      15904 bytes,   23278984 total
, 0.0255157 secs]
   [Parallel Time: 10.7 ms, GC Workers: 30]
      [GC Worker Start (ms): Min: 425151.7, Avg: 425152.1, Max: 425152.5, Diff: 0.8]
      [Ext Root Scanning (ms): Min: 0.2, Avg: 0.6, Max: 1.3, Diff: 1.1, Sum: 17.1]
      [Update RS (ms): Min: 1.4, Avg: 1.8, Max: 2.2, Diff: 0.7, Sum: 54.3]
         [Processed Buffers: Min: 2, Avg: 3.6, Max: 9, Diff: 7, Sum: 108]
      [Scan RS (ms): Min: 0.0, Avg: 0.2, Max: 0.5, Diff: 0.5, Sum: 6.3]
      [Code Root Scanning (ms): Min: 0.0, Avg: 0.0, Max: 0.0, Diff: 0.0, Sum: 0.1]
      [Object Copy (ms): Min: 6.9, Avg: 7.1, Max: 7.2, Diff: 0.3, Sum: 212.2]
      [Termination (ms): Min: 0.0, Avg: 0.0, Max: 0.0, Diff: 0.0, Sum: 0.3]
         [Termination Attempts: Min: 1, Avg: 1.0, Max: 1, Diff: 0, Sum: 30]
      [GC Worker Other (ms): Min: 0.0, Avg: 0.2, Max: 0.4, Diff: 0.3, Sum: 5.4]
      [GC Worker Total (ms): Min: 9.3, Avg: 9.9, Max: 10.4, Diff: 1.0, Sum: 295.7]
      [GC Worker End (ms): Min: 425161.8, Avg: 425162.0, Max: 425162.2, Diff: 0.3]
   [Code Root Fixup: 0.0 ms]
   [Code Root Purge: 0.0 ms]
   [Clear CT: 2.3 ms]
   [Other: 12.5 ms]
      [Choose CSet: 0.0 ms]
      [Ref Proc: 7.2 ms]
      [Ref Enq: 1.0 ms]
      [Redirty Cards: 2.4 ms]
      [Humongous Register: 0.3 ms]
      [Humongous Reclaim: 0.1 ms]
      [Free CSet: 1.3 ms]
   [Eden: 4012.0M(4012.0M)->0.0B(4012.0M) Survivors: 40.0M->40.0M Heap: 7025.6M(8192.0M)->3015.8M(8192.0M)]
 [Times: user=0.31 sys=0.01, real=0.02 secs]
2018-04-30T04:34:22.841+0200: 425.177: Total time for which application threads were stopped: 0.0270553 seconds, Stopping threads took: 0.0004987 seconds
2018-04-30T04:34:23.271+0200: 425.607: Application time: 0.4299206 seconds
2018-04-30T04:34:23.272+0200: 425.608: [GC pause (G1 Evacuation Pause) (young)
Desired survivor size 266338304 bytes, new threshold 15 (max 15)
- age   1:   14888776 bytes,   14888776 total
- age   2:    1342568 bytes,   16231344 total
- age   3:    1135344 bytes,   17366688 total
- age   4:    1173136 bytes,   18539824 total
- age   5:    1148208 bytes,   19688032 total
- age   6:    1197664 bytes,   20885696 total
- age   7:    1601632 bytes,   22487328 total
- age   8:    1129560 bytes,   23616888 total
- age   9:    1140208 bytes,   24757096 total
- age  10:    1162888 bytes,   25919984 total
- age  11:    1084992 bytes,   27004976 total
- age  12:    1133976 bytes,   28138952 total
- age  13:      64656 bytes,   28203608 total
- age  14:       2272 bytes,   28205880 total
- age  15:       4064 bytes,   28209944 total
, 0.0254052 secs]
   [Parallel Time: 9.8 ms, GC Workers: 30]
      [GC Worker Start (ms): Min: 425608.6, Avg: 425609.2, Max: 425609.7, Diff: 1.1]
      [Ext Root Scanning (ms): Min: 0.0, Avg: 0.4, Max: 1.1, Diff: 1.1, Sum: 13.1]
      [Update RS (ms): Min: 1.5, Avg: 1.8, Max: 2.2, Diff: 0.8, Sum: 54.1]
         [Processed Buffers: Min: 2, Avg: 3.8, Max: 10, Diff: 8, Sum: 114]
      [Scan RS (ms): Min: 0.0, Avg: 0.2, Max: 0.4, Diff: 0.4, Sum: 6.2]
      [Code Root Scanning (ms): Min: 0.0, Avg: 0.0, Max: 0.0, Diff: 0.0, Sum: 0.1]
      [Object Copy (ms): Min: 6.0, Avg: 6.2, Max: 6.3, Diff: 0.3, Sum: 185.5]
      [Termination (ms): Min: 0.0, Avg: 0.0, Max: 0.1, Diff: 0.1, Sum: 1.1]
         [Termination Attempts: Min: 1, Avg: 2.0, Max: 3, Diff: 2, Sum: 61]
      [GC Worker Other (ms): Min: 0.0, Avg: 0.2, Max: 0.3, Diff: 0.3, Sum: 5.0]
      [GC Worker Total (ms): Min: 8.4, Avg: 8.8, Max: 9.6, Diff: 1.2, Sum: 265.2]
      [GC Worker End (ms): Min: 425617.9, Avg: 425618.0, Max: 425618.2, Diff: 0.3]
   [Code Root Fixup: 0.0 ms]
   [Code Root Purge: 0.0 ms]
   [Clear CT: 2.4 ms]
   [Other: 13.2 ms]
      [Choose CSet: 0.0 ms]
      [Ref Proc: 6.9 ms]
      [Ref Enq: 1.1 ms]
      [Redirty Cards: 3.3 ms]
      [Humongous Register: 0.3 ms]
      [Humongous Reclaim: 0.1 ms]
      [Free CSet: 1.4 ms]
   [Eden: 4012.0M(4012.0M)->0.0B(4012.0M) Survivors: 40.0M->40.0M Heap: 7027.8M(8192.0M)->3014.5M(8192.0M)]
 [Times: user=0.29 sys=0.00, real=0.02 secs]
2018-04-30T04:34:23.297+0200: 425.634: Total time for which application threads were stopped: 0.0267606 seconds, Stopping threads took: 0.0003570 seconds
2018-04-30T04:34:23.715+0200: 426.051: Application time: 0.4175309 seconds
2018-04-30T04:34:23.716+0200: 426.052: [GC pause (G1 Evacuation Pause) (young)
Desired survivor size 266338304 bytes, new threshold 15 (max 15)
- age   1:   10921552 bytes,   10921552 total
- age   2:    1147920 bytes,   12069472 total
- age   3:    1339328 bytes,   13408800 total
- age   4:    1132848 bytes,   14541648 total
- age   5:    1171184 bytes,   15712832 total
- age   6:    1147056 bytes,   16859888 total
- age   7:    1197152 bytes,   18057040 total
- age   8:    1601312 bytes,   19658352 total
- age   9:    1129112 bytes,   20787464 total
- age  10:    1139888 bytes,   21927352 total
- age  11:    1162824 bytes,   23090176 total
- age  12:    1084736 bytes,   24174912 total
- age  13:      75224 bytes,   24250136 total
- age  14:       6720 bytes,   24256856 total
- age  15:       2272 bytes,   24259128 total
, 0.0248766 secs]
   [Parallel Time: 10.4 ms, GC Workers: 30]
      [GC Worker Start (ms): Min: 426052.8, Avg: 426053.4, Max: 426054.0, Diff: 1.2]
      [Ext Root Scanning (ms): Min: 0.0, Avg: 0.4, Max: 1.2, Diff: 1.2, Sum: 12.5]
      [Update RS (ms): Min: 1.6, Avg: 1.9, Max: 2.3, Diff: 0.7, Sum: 57.1]
         [Processed Buffers: Min: 2, Avg: 4.0, Max: 12, Diff: 10, Sum: 119]
      [Scan RS (ms): Min: 0.0, Avg: 0.2, Max: 0.5, Diff: 0.5, Sum: 6.4]
      [Code Root Scanning (ms): Min: 0.0, Avg: 0.0, Max: 0.0, Diff: 0.0, Sum: 0.1]
      [Object Copy (ms): Min: 6.4, Avg: 6.6, Max: 6.7, Diff: 0.3, Sum: 196.6]
      [Termination (ms): Min: 0.0, Avg: 0.0, Max: 0.0, Diff: 0.0, Sum: 0.2]
         [Termination Attempts: Min: 1, Avg: 1.0, Max: 1, Diff: 0, Sum: 30]
      [GC Worker Other (ms): Min: 0.0, Avg: 0.2, Max: 0.3, Diff: 0.3, Sum: 5.3]
      [GC Worker Total (ms): Min: 8.8, Avg: 9.3, Max: 9.9, Diff: 1.1, Sum: 278.1]
      [GC Worker End (ms): Min: 426062.5, Avg: 426062.7, Max: 426062.9, Diff: 0.3]
   [Code Root Fixup: 0.0 ms]
   [Code Root Purge: 0.0 ms]
   [Clear CT: 2.2 ms]
   [Other: 12.3 ms]
      [Choose CSet: 0.0 ms]
      [Ref Proc: 7.0 ms]
      [Ref Enq: 0.8 ms]
      [Redirty Cards: 2.7 ms]
      [Humongous Register: 0.3 ms]
      [Humongous Reclaim: 0.1 ms]
      [Free CSet: 1.2 ms]
   [Eden: 4012.0M(4012.0M)->0.0B(4028.0M) Survivors: 40.0M->32.0M Heap: 7026.5M(8192.0M)->3007.9M(8192.0M)]
 [Times: user=0.29 sys=0.01, real=0.02 secs]
2018-04-30T04:34:23.741+0200: 426.077: Total time for which application threads were stopped: 0.0261218 seconds, Stopping threads took: 0.0003354 seconds
2018-04-30T04:34:24.180+0200: 426.516: Application time: 0.4385512 seconds
2018-04-30T04:34:24.181+0200: 426.517: [GC pause (G1 Evacuation Pause) (young)
Desired survivor size 266338304 bytes, new threshold 15 (max 15)
- age   1:   10145528 bytes,   10145528 total
- age   2:    1132168 bytes,   11277696 total
- age   3:    1144632 bytes,   12422328 total
- age   4:    1337664 bytes,   13759992 total
- age   5:    1131568 bytes,   14891560 total
- age   6:    1169904 bytes,   16061464 total
- age   7:    1146736 bytes,   17208200 total
- age   8:    1196512 bytes,   18404712 total
- age   9:    1600864 bytes,   20005576 total
- age  10:    1128600 bytes,   21134176 total
- age  11:    1139760 bytes,   22273936 total
- age  12:    1153576 bytes,   23427512 total
- age  13:       9672 bytes,   23437184 total
- age  14:       2208 bytes,   23439392 total
- age  15:       6720 bytes,   23446112 total
, 0.0253517 secs]
   [Parallel Time: 9.3 ms, GC Workers: 30]
      [GC Worker Start (ms): Min: 426517.7, Avg: 426518.2, Max: 426518.7, Diff: 1.0]
      [Ext Root Scanning (ms): Min: 0.0, Avg: 0.5, Max: 1.3, Diff: 1.3, Sum: 15.1]
      [Update RS (ms): Min: 1.4, Avg: 1.9, Max: 2.2, Diff: 0.8, Sum: 56.1]
         [Processed Buffers: Min: 2, Avg: 3.9, Max: 14, Diff: 12, Sum: 117]
      [Scan RS (ms): Min: 0.0, Avg: 0.2, Max: 0.4, Diff: 0.4, Sum: 5.7]
      [Code Root Scanning (ms): Min: 0.0, Avg: 0.0, Max: 0.0, Diff: 0.0, Sum: 0.1]
      [Object Copy (ms): Min: 5.4, Avg: 5.6, Max: 5.7, Diff: 0.3, Sum: 166.6]
      [Termination (ms): Min: 0.0, Avg: 0.0, Max: 0.0, Diff: 0.0, Sum: 0.3]
         [Termination Attempts: Min: 1, Avg: 1.0, Max: 1, Diff: 0, Sum: 30]
      [GC Worker Other (ms): Min: 0.0, Avg: 0.2, Max: 0.3, Diff: 0.3, Sum: 5.2]
      [GC Worker Total (ms): Min: 7.8, Avg: 8.3, Max: 8.9, Diff: 1.0, Sum: 249.1]
      [GC Worker End (ms): Min: 426526.3, Avg: 426526.5, Max: 426526.6, Diff: 0.3]
   [Code Root Fixup: 0.0 ms]
   [Code Root Purge: 0.0 ms]
   [Clear CT: 3.0 ms]
   [Other: 13.0 ms]
      [Choose CSet: 0.0 ms]
      [Ref Proc: 7.1 ms]
      [Ref Enq: 1.1 ms]
      [Redirty Cards: 3.0 ms]
      [Humongous Register: 0.3 ms]
      [Humongous Reclaim: 0.1 ms]
      [Free CSet: 1.2 ms]
   [Eden: 4028.0M(4028.0M)->0.0B(4020.0M) Survivors: 32.0M->36.0M Heap: 7035.9M(8192.0M)->3009.4M(8192.0M)]
 [Times: user=0.26 sys=0.00, real=0.03 secs]
2018-04-30T04:34:24.206+0200: 426.543: Total time for which application threads were stopped: 0.0267873 seconds, Stopping threads took: 0.0004407 seconds
2018-04-30T04:34:24.653+0200: 426.990: Application time: 0.4467845 seconds
2018-04-30T04:34:24.654+0200: 426.991: [GC pause (G1 Evacuation Pause) (young)
Desired survivor size 266338304 bytes, new threshold 15 (max 15)
- age   1:    9040952 bytes,    9040952 total
- age   2:    1313976 bytes,   10354928 total
- age   3:    1129520 bytes,   11484448 total
- age   4:    1143096 bytes,   12627544 total
- age   5:    1337056 bytes,   13964600 total
- age   6:    1130544 bytes,   15095144 total
- age   7:    1169392 bytes,   16264536 total
- age   8:    1146032 bytes,   17410568 total
- age   9:    1196320 bytes,   18606888 total
- age  10:    1600480 bytes,   20207368 total
- age  11:    1128600 bytes,   21335968 total
- age  12:    1107936 bytes,   22443904 total
- age  13:       1664 bytes,   22445568 total
- age  14:       9272 bytes,   22454840 total
- age  15:       2016 bytes,   22456856 total
, 0.0264140 secs]
   [Parallel Time: 11.1 ms, GC Workers: 30]
      [GC Worker Start (ms): Min: 426991.1, Avg: 426991.6, Max: 426992.2, Diff: 1.0]
      [Ext Root Scanning (ms): Min: 0.0, Avg: 0.5, Max: 1.4, Diff: 1.4, Sum: 16.0]
      [Update RS (ms): Min: 1.4, Avg: 1.9, Max: 2.3, Diff: 0.9, Sum: 57.6]
         [Processed Buffers: Min: 2, Avg: 3.7, Max: 16, Diff: 14, Sum: 112]
      [Scan RS (ms): Min: 0.0, Avg: 0.2, Max: 0.5, Diff: 0.4, Sum: 6.1]
      [Code Root Scanning (ms): Min: 0.0, Avg: 0.0, Max: 0.0, Diff: 0.0, Sum: 0.1]
      [Object Copy (ms): Min: 7.1, Avg: 7.4, Max: 7.5, Diff: 0.3, Sum: 220.6]
      [Termination (ms): Min: 0.0, Avg: 0.0, Max: 0.0, Diff: 0.0, Sum: 0.2]
         [Termination Attempts: Min: 1, Avg: 1.0, Max: 1, Diff: 0, Sum: 30]
      [GC Worker Other (ms): Min: 0.0, Avg: 0.2, Max: 0.4, Diff: 0.3, Sum: 5.4]
      [GC Worker Total (ms): Min: 9.7, Avg: 10.2, Max: 10.8, Diff: 1.1, Sum: 306.1]
      [GC Worker End (ms): Min: 427001.6, Avg: 427001.8, Max: 427002.0, Diff: 0.3]
   [Code Root Fixup: 0.0 ms]
   [Code Root Purge: 0.0 ms]
   [Clear CT: 2.3 ms]
   [Other: 13.0 ms]
      [Choose CSet: 0.0 ms]
      [Ref Proc: 7.6 ms]
      [Ref Enq: 1.0 ms]
      [Redirty Cards: 2.4 ms]
      [Humongous Register: 0.3 ms]
      [Humongous Reclaim: 0.1 ms]
      [Free CSet: 1.4 ms]
   [Eden: 4020.0M(4020.0M)->0.0B(4012.0M) Survivors: 36.0M->40.0M Heap: 7029.4M(8192.0M)->3015.5M(8192.0M)]
 [Times: user=0.33 sys=0.00, real=0.02 secs]
2018-04-30T04:34:24.681+0200: 427.017: Total time for which application threads were stopped: 0.0278594 seconds, Stopping threads took: 0.0004273 seconds
2018-04-30T04:34:25.105+0200: 427.442: Application time: 0.4242241 seconds
2018-04-30T04:34:25.107+0200: 427.443: [GC pause (G1 Evacuation Pause) (young)
Desired survivor size 266338304 bytes, new threshold 15 (max 15)
- age   1:   12404424 bytes,   12404424 total
- age   2:    1336160 bytes,   13740584 total
- age   3:    1310104 bytes,   15050688 total
- age   4:    1127760 bytes,   16178448 total
- age   5:    1142264 bytes,   17320712 total
- age   6:    1336160 bytes,   18656872 total
- age   7:    1129712 bytes,   19786584 total
- age   8:    1169200 bytes,   20955784 total
- age   9:    1145776 bytes,   22101560 total
- age  10:    1195936 bytes,   23297496 total
- age  11:    1600480 bytes,   24897976 total
- age  12:    1049656 bytes,   25947632 total
- age  13:       2192 bytes,   25949824 total
- age  14:       1600 bytes,   25951424 total
- age  15:       9208 bytes,   25960632 total
, 0.0258438 secs]
   [Parallel Time: 11.3 ms, GC Workers: 30]
      [GC Worker Start (ms): Min: 427443.3, Avg: 427443.9, Max: 427444.4, Diff: 1.1]
      [Ext Root Scanning (ms): Min: 0.0, Avg: 0.5, Max: 1.2, Diff: 1.2, Sum: 15.1]
      [Update RS (ms): Min: 1.6, Avg: 1.9, Max: 2.2, Diff: 0.6, Sum: 56.4]
         [Processed Buffers: Min: 2, Avg: 3.8, Max: 15, Diff: 13, Sum: 113]
      [Scan RS (ms): Min: 0.0, Avg: 0.2, Max: 0.4, Diff: 0.4, Sum: 5.9]
      [Code Root Scanning (ms): Min: 0.0, Avg: 0.0, Max: 0.0, Diff: 0.0, Sum: 0.1]
      [Object Copy (ms): Min: 6.4, Avg: 6.6, Max: 7.6, Diff: 1.2, Sum: 198.1]
      [Termination (ms): Min: 0.0, Avg: 1.0, Max: 1.1, Diff: 1.1, Sum: 30.1]
         [Termination Attempts: Min: 1, Avg: 1.0, Max: 1, Diff: 0, Sum: 30]
      [GC Worker Other (ms): Min: 0.0, Avg: 0.1, Max: 0.2, Diff: 0.2, Sum: 2.8]
      [GC Worker Total (ms): Min: 9.7, Avg: 10.3, Max: 10.9, Diff: 1.2, Sum: 308.5]
      [GC Worker End (ms): Min: 427454.1, Avg: 427454.2, Max: 427454.3, Diff: 0.3]
   [Code Root Fixup: 0.0 ms]
   [Code Root Purge: 0.0 ms]
   [Clear CT: 2.5 ms]
   [Other: 12.1 ms]
      [Choose CSet: 0.0 ms]
      [Ref Proc: 7.0 ms]
      [Ref Enq: 0.9 ms]
      [Redirty Cards: 2.2 ms]
      [Humongous Register: 0.3 ms]
      [Humongous Reclaim: 0.1 ms]
      [Free CSet: 1.3 ms]
   [Eden: 4012.0M(4012.0M)->0.0B(4020.0M) Survivors: 40.0M->36.0M Heap: 7027.5M(8192.0M)->3009.5M(8192.0M)]
 [Times: user=0.32 sys=0.00, real=0.03 secs]
2018-04-30T04:34:25.133+0200: 427.469: Total time for which application threads were stopped: 0.0273390 seconds, Stopping threads took: 0.0004899 seconds
2018-04-30T04:34:25.561+0200: 427.897: Application time: 0.4284184 seconds
2018-04-30T04:34:25.562+0200: 427.899: [GC pause (G1 Evacuation Pause) (young)
Desired survivor size 266338304 bytes, new threshold 15 (max 15)
- age   1:   10970608 bytes,   10970608 total
- age   2:    1205936 bytes,   12176544 total
- age   3:    1317848 bytes,   13494392 total
- age   4:    1163248 bytes,   14657640 total
- age   5:    1122256 bytes,   15779896 total
- age   6:    1111816 bytes,   16891712 total
- age   7:    1095296 bytes,   17987008 total
- age   8:    1129192 bytes,   19116200 total
- age   9:    1167088 bytes,   20283288 total
- age  10:    1142768 bytes,   21426056 total
- age  11:    1178240 bytes,   22604296 total
- age  12:    1014912 bytes,   23619208 total
- age  13:       5336 bytes,   23624544 total
- age  14:       2192 bytes,   23626736 total
- age  15:       1536 bytes,   23628272 total
, 0.0257524 secs]
   [Parallel Time: 10.1 ms, GC Workers: 30]
      [GC Worker Start (ms): Min: 427899.0, Avg: 427899.5, Max: 427900.0, Diff: 1.0]
      [Ext Root Scanning (ms): Min: 0.0, Avg: 0.5, Max: 1.3, Diff: 1.3, Sum: 14.4]
      [Update RS (ms): Min: 1.4, Avg: 2.0, Max: 2.3, Diff: 0.9, Sum: 58.9]
         [Processed Buffers: Min: 2, Avg: 3.8, Max: 16, Diff: 14, Sum: 115]
      [Scan RS (ms): Min: 0.0, Avg: 0.2, Max: 0.5, Diff: 0.4, Sum: 5.7]
      [Code Root Scanning (ms): Min: 0.0, Avg: 0.0, Max: 0.0, Diff: 0.0, Sum: 0.1]
      [Object Copy (ms): Min: 6.4, Avg: 6.5, Max: 6.6, Diff: 0.3, Sum: 195.4]
      [Termination (ms): Min: 0.0, Avg: 0.0, Max: 0.0, Diff: 0.0, Sum: 0.3]
         [Termination Attempts: Min: 1, Avg: 1.0, Max: 1, Diff: 0, Sum: 30]
      [GC Worker Other (ms): Min: 0.0, Avg: 0.2, Max: 0.3, Diff: 0.3, Sum: 4.6]
      [GC Worker Total (ms): Min: 8.9, Avg: 9.3, Max: 9.9, Diff: 1.1, Sum: 279.4]
      [GC Worker End (ms): Min: 427908.7, Avg: 427908.8, Max: 427909.0, Diff: 0.3]
   [Code Root Fixup: 0.0 ms]
   [Code Root Purge: 0.0 ms]
   [Clear CT: 2.6 ms]
   [Other: 13.0 ms]
      [Choose CSet: 0.0 ms]
      [Ref Proc: 7.4 ms]
      [Ref Enq: 0.9 ms]
      [Redirty Cards: 2.7 ms]
      [Humongous Register: 0.3 ms]
      [Humongous Reclaim: 0.1 ms]
      [Free CSet: 1.3 ms]
   [Eden: 4020.0M(4020.0M)->0.0B(4020.0M) Survivors: 36.0M->36.0M Heap: 7029.5M(8192.0M)->3011.7M(8192.0M)]
 [Times: user=0.31 sys=0.00, real=0.03 secs]
2018-04-30T04:34:25.588+0200: 427.925: Total time for which application threads were stopped: 0.0271519 seconds, Stopping threads took: 0.0004068 seconds
2018-04-30T04:34:26.025+0200: 428.362: Application time: 0.4371553 seconds
2018-04-30T04:34:26.027+0200: 428.363: [GC pause (G1 Evacuation Pause) (young)
Desired survivor size 266338304 bytes, new threshold 15 (max 15)
- age   1:    9999136 bytes,    9999136 total
- age   2:    2084488 bytes,   12083624 total
- age   3:    1202936 bytes,   13286560 total
- age   4:    1316600 bytes,   14603160 total
- age   5:    1161776 bytes,   15764936 total
- age   6:    1122000 bytes,   16886936 total
- age   7:    1111368 bytes,   17998304 total
- age   8:    1094976 bytes,   19093280 total
- age   9:    1128872 bytes,   20222152 total
- age  10:    1166896 bytes,   21389048 total
- age  11:    1142384 bytes,   22531432 total
- age  12:     973648 bytes,   23505080 total
- age  13:       4464 bytes,   23509544 total
- age  14:       5336 bytes,   23514880 total
- age  15:       2128 bytes,   23517008 total
, 0.0233419 secs]
   [Parallel Time: 10.1 ms, GC Workers: 30]
      [GC Worker Start (ms): Min: 428363.4, Avg: 428363.9, Max: 428364.3, Diff: 0.9]
      [Ext Root Scanning (ms): Min: 0.2, Avg: 0.6, Max: 1.4, Diff: 1.2, Sum: 17.0]
      [Update RS (ms): Min: 1.6, Avg: 2.0, Max: 2.4, Diff: 0.8, Sum: 58.8]
         [Processed Buffers: Min: 2, Avg: 3.7, Max: 14, Diff: 12, Sum: 111]
      [Scan RS (ms): Min: 0.0, Avg: 0.2, Max: 0.5, Diff: 0.4, Sum: 6.3]
      [Code Root Scanning (ms): Min: 0.0, Avg: 0.0, Max: 0.0, Diff: 0.0, Sum: 0.1]
      [Object Copy (ms): Min: 6.2, Avg: 6.5, Max: 6.7, Diff: 0.4, Sum: 195.8]
      [Termination (ms): Min: 0.0, Avg: 0.0, Max: 0.0, Diff: 0.0, Sum: 0.3]
         [Termination Attempts: Min: 1, Avg: 1.0, Max: 1, Diff: 0, Sum: 30]
      [GC Worker Other (ms): Min: 0.0, Avg: 0.2, Max: 0.3, Diff: 0.3, Sum: 4.7]
      [GC Worker Total (ms): Min: 8.9, Avg: 9.4, Max: 10.0, Diff: 1.0, Sum: 282.9]
      [GC Worker End (ms): Min: 428373.2, Avg: 428373.3, Max: 428373.5, Diff: 0.3]
   [Code Root Fixup: 0.0 ms]
   [Code Root Purge: 0.0 ms]
   [Clear CT: 2.2 ms]
   [Other: 11.0 ms]
      [Choose CSet: 0.0 ms]
      [Ref Proc: 7.0 ms]
      [Ref Enq: 0.9 ms]
      [Redirty Cards: 1.3 ms]
      [Humongous Register: 0.3 ms]
      [Humongous Reclaim: 0.1 ms]
      [Free CSet: 1.2 ms]
   [Eden: 4020.0M(4020.0M)->0.0B(4020.0M) Survivors: 36.0M->36.0M Heap: 7031.7M(8192.0M)->3010.2M(8192.0M)]
 [Times: user=0.30 sys=0.00, real=0.02 secs]
2018-04-30T04:34:26.050+0200: 428.386: Total time for which application threads were stopped: 0.0247820 seconds, Stopping threads took: 0.0004034 seconds
2018-04-30T04:34:26.494+0200: 428.830: Application time: 0.4438988 seconds
2018-04-30T04:34:26.497+0200: 428.833: [GC pause (G1 Evacuation Pause) (young)
Desired survivor size 266338304 bytes, new threshold 15 (max 15)
- age   1:   10113264 bytes,   10113264 total
- age   2:    1240064 bytes,   11353328 total
- age   3:    2079872 bytes,   13433200 total
- age   4:    1201528 bytes,   14634728 total
- age   5:    1315384 bytes,   15950112 total
- age   6:    1160880 bytes,   17110992 total
- age   7:    1121360 bytes,   18232352 total
- age   8:    1109896 bytes,   19342248 total
- age   9:    1094528 bytes,   20436776 total
- age  10:    1128744 bytes,   21565520 total
- age  11:    1166768 bytes,   22732288 total
- age  12:     900312 bytes,   23632600 total
- age  13:       3048 bytes,   23635648 total
- age  14:       4016 bytes,   23639664 total
- age  15:       5336 bytes,   23645000 total
, 0.0251353 secs]
   [Parallel Time: 9.9 ms, GC Workers: 30]
      [GC Worker Start (ms): Min: 428833.5, Avg: 428834.2, Max: 428834.7, Diff: 1.2]
      [Ext Root Scanning (ms): Min: 0.0, Avg: 0.4, Max: 1.2, Diff: 1.2, Sum: 13.5]
      [Update RS (ms): Min: 1.5, Avg: 1.9, Max: 2.2, Diff: 0.7, Sum: 55.9]
         [Processed Buffers: Min: 2, Avg: 3.9, Max: 14, Diff: 12, Sum: 116]
      [Scan RS (ms): Min: 0.0, Avg: 0.2, Max: 0.4, Diff: 0.4, Sum: 6.2]
      [Code Root Scanning (ms): Min: 0.0, Avg: 0.0, Max: 0.0, Diff: 0.0, Sum: 0.1]
      [Object Copy (ms): Min: 6.0, Avg: 6.3, Max: 6.4, Diff: 0.4, Sum: 187.5]
      [Termination (ms): Min: 0.0, Avg: 0.0, Max: 0.0, Diff: 0.0, Sum: 0.3]
         [Termination Attempts: Min: 1, Avg: 1.0, Max: 1, Diff: 0, Sum: 30]
      [GC Worker Other (ms): Min: 0.0, Avg: 0.2, Max: 0.3, Diff: 0.3, Sum: 4.9]
      [GC Worker Total (ms): Min: 8.3, Avg: 8.9, Max: 9.7, Diff: 1.4, Sum: 268.4]
      [GC Worker End (ms): Min: 428843.0, Avg: 428843.1, Max: 428843.3, Diff: 0.3]
   [Code Root Fixup: 0.0 ms]
   [Code Root Purge: 0.0 ms]
   [Clear CT: 2.2 ms]
   [Other: 13.1 ms]
      [Choose CSet: 0.0 ms]
      [Ref Proc: 7.6 ms]
      [Ref Enq: 1.1 ms]
      [Redirty Cards: 2.5 ms]
      [Humongous Register: 0.3 ms]
      [Humongous Reclaim: 0.1 ms]
      [Free CSet: 1.3 ms]
   [Eden: 4020.0M(4020.0M)->0.0B(4020.0M) Survivors: 36.0M->36.0M Heap: 7030.2M(8192.0M)->3011.7M(8192.0M)]
 [Times: user=0.28 sys=0.01, real=0.02 secs]
2018-04-30T04:34:26.522+0200: 428.858: Total time for which application threads were stopped: 0.0280644 seconds, Stopping threads took: 0.0018980 seconds
2018-04-30T04:34:26.973+0200: 429.309: Application time: 0.4509667 seconds
2018-04-30T04:34:26.974+0200: 429.311: [GC pause (G1 Evacuation Pause) (young)
Desired survivor size 266338304 bytes, new threshold 15 (max 15)
- age   1:   10837672 bytes,   10837672 total
- age   2:    1225336 bytes,   12063008 total
- age   3:    1236680 bytes,   13299688 total
- age   4:    2077488 bytes,   15377176 total
- age   5:    1200552 bytes,   16577728 total
- age   6:    1314520 bytes,   17892248 total
- age   7:    1159984 bytes,   19052232 total
- age   8:    1120848 bytes,   20173080 total
- age   9:    1109000 bytes,   21282080 total
- age  10:    1094208 bytes,   22376288 total
- age  11:    1128232 bytes,   23504520 total
- age  12:     855296 bytes,   24359816 total
- age  13:       9824 bytes,   24369640 total
- age  14:       2856 bytes,   24372496 total
- age  15:       3696 bytes,   24376192 total
, 0.0267434 secs]
   [Parallel Time: 10.9 ms, GC Workers: 30]
      [GC Worker Start (ms): Min: 429311.0, Avg: 429311.5, Max: 429311.9, Diff: 0.9]
      [Ext Root Scanning (ms): Min: 0.0, Avg: 0.5, Max: 1.2, Diff: 1.2, Sum: 14.3]
      [Update RS (ms): Min: 1.4, Avg: 1.9, Max: 2.3, Diff: 0.9, Sum: 57.2]
         [Processed Buffers: Min: 1, Avg: 3.7, Max: 10, Diff: 9, Sum: 112]
      [Scan RS (ms): Min: 0.0, Avg: 0.2, Max: 0.5, Diff: 0.4, Sum: 6.1]
      [Code Root Scanning (ms): Min: 0.0, Avg: 0.0, Max: 0.0, Diff: 0.0, Sum: 0.1]
      [Object Copy (ms): Min: 7.3, Avg: 7.5, Max: 7.6, Diff: 0.3, Sum: 224.3]
      [Termination (ms): Min: 0.0, Avg: 0.0, Max: 0.0, Diff: 0.0, Sum: 0.3]
         [Termination Attempts: Min: 1, Avg: 1.0, Max: 1, Diff: 0, Sum: 30]
      [GC Worker Other (ms): Min: 0.0, Avg: 0.2, Max: 0.3, Diff: 0.3, Sum: 4.7]
      [GC Worker Total (ms): Min: 9.7, Avg: 10.2, Max: 10.7, Diff: 1.0, Sum: 307.0]
      [GC Worker End (ms): Min: 429321.6, Avg: 429321.7, Max: 429321.9, Diff: 0.3]
   [Code Root Fixup: 0.0 ms]
   [Code Root Purge: 0.0 ms]
   [Clear CT: 2.3 ms]
   [Other: 13.5 ms]
      [Choose CSet: 0.0 ms]
      [Ref Proc: 7.6 ms]
      [Ref Enq: 1.1 ms]
      [Redirty Cards: 2.9 ms]
      [Humongous Register: 0.3 ms]
      [Humongous Reclaim: 0.1 ms]
      [Free CSet: 1.3 ms]
   [Eden: 4020.0M(4020.0M)->0.0B(4012.0M) Survivors: 36.0M->40.0M Heap: 7031.7M(8192.0M)->3014.3M(8192.0M)]
 [Times: user=0.33 sys=0.00, real=0.02 secs]
2018-04-30T04:34:27.001+0200: 429.338: Total time for which application threads were stopped: 0.0282024 seconds, Stopping threads took: 0.0004362 seconds
2018-04-30T04:34:27.461+0200: 429.798: Application time: 0.4599641 seconds
2018-04-30T04:34:27.462+0200: 429.799: [GC pause (G1 Evacuation Pause) (young)
Desired survivor size 266338304 bytes, new threshold 15 (max 15)
- age   1:   14311296 bytes,   14311296 total
- age   2:    1380864 bytes,   15692160 total
- age   3:    1220432 bytes,   16912592 total
- age   4:    1235880 bytes,   18148472 total
- age   5:    2075696 bytes,   20224168 total
- age   6:    1200232 bytes,   21424400 total
- age   7:    1313944 bytes,   22738344 total
- age   8:    1159336 bytes,   23897680 total
- age   9:    1120208 bytes,   25017888 total
- age  10:    1108488 bytes,   26126376 total
- age  11:    1094144 bytes,   27220520 total
- age  12:     789536 bytes,   28010056 total
- age  13:       3056 bytes,   28013112 total
- age  14:       9824 bytes,   28022936 total
- age  15:       2792 bytes,   28025728 total
, 0.0286322 secs]
   [Parallel Time: 12.6 ms, GC Workers: 30]
      [GC Worker Start (ms): Min: 429799.2, Avg: 429799.7, Max: 429800.2, Diff: 1.0]
      [Ext Root Scanning (ms): Min: 0.1, Avg: 0.5, Max: 1.4, Diff: 1.3, Sum: 16.4]
      [Update RS (ms): Min: 1.6, Avg: 2.0, Max: 2.4, Diff: 0.8, Sum: 60.3]
         [Processed Buffers: Min: 1, Avg: 4.0, Max: 14, Diff: 13, Sum: 119]
      [Scan RS (ms): Min: 0.0, Avg: 0.2, Max: 0.5, Diff: 0.4, Sum: 5.7]
      [Code Root Scanning (ms): Min: 0.0, Avg: 0.0, Max: 0.0, Diff: 0.0, Sum: 0.1]
      [Object Copy (ms): Min: 8.5, Avg: 8.7, Max: 8.9, Diff: 0.4, Sum: 262.5]
      [Termination (ms): Min: 0.0, Avg: 0.0, Max: 0.0, Diff: 0.0, Sum: 0.3]
         [Termination Attempts: Min: 1, Avg: 1.0, Max: 1, Diff: 0, Sum: 30]
      [GC Worker Other (ms): Min: 0.0, Avg: 0.2, Max: 0.4, Diff: 0.4, Sum: 5.7]
      [GC Worker Total (ms): Min: 11.1, Avg: 11.7, Max: 12.1, Diff: 1.0, Sum: 350.9]
      [GC Worker End (ms): Min: 429811.2, Avg: 429811.4, Max: 429811.6, Diff: 0.4]
   [Code Root Fixup: 0.0 ms]
   [Code Root Purge: 0.0 ms]
   [Clear CT: 2.2 ms]
   [Other: 13.8 ms]
      [Choose CSet: 0.0 ms]
      [Ref Proc: 7.8 ms]
      [Ref Enq: 1.2 ms]
      [Redirty Cards: 2.5 ms]
      [Humongous Register: 0.3 ms]
      [Humongous Reclaim: 0.1 ms]
      [Free CSet: 1.6 ms]
   [Eden: 4012.0M(4012.0M)->0.0B(4004.0M) Survivors: 40.0M->44.0M Heap: 7026.3M(8192.0M)->3018.6M(8192.0M)]
 [Times: user=0.38 sys=0.00, real=0.03 secs]
2018-04-30T04:34:27.491+0200: 429.828: Total time for which application threads were stopped: 0.0301114 seconds, Stopping threads took: 0.0003698 seconds
2018-04-30T04:34:27.925+0200: 430.261: Application time: 0.4336908 seconds
2018-04-30T04:34:27.926+0200: 430.262: [GC pause (G1 Evacuation Pause) (young)
Desired survivor size 266338304 bytes, new threshold 15 (max 15)
- age   1:   13482384 bytes,   13482384 total
- age   2:    1203296 bytes,   14685680 total
- age   3:    1225704 bytes,   15911384 total
- age   4:    1218768 bytes,   17130152 total
- age   5:    1235240 bytes,   18365392 total
- age   6:    2074576 bytes,   20439968 total
- age   7:    1199464 bytes,   21639432 total
- age   8:    1312984 bytes,   22952416 total
- age   9:    1159080 bytes,   24111496 total
- age  10:    1119760 bytes,   25231256 total
- age  11:    1107856 bytes,   26339112 total
- age  12:     700232 bytes,   27039344 total
- age  13:      20208 bytes,   27059552 total
- age  14:       2928 bytes,   27062480 total
- age  15:       9264 bytes,   27071744 total
, 0.0264367 secs]
   [Parallel Time: 10.4 ms, GC Workers: 30]
      [GC Worker Start (ms): Min: 430262.9, Avg: 430263.5, Max: 430264.0, Diff: 1.1]
      [Ext Root Scanning (ms): Min: 0.0, Avg: 0.5, Max: 1.2, Diff: 1.2, Sum: 15.0]
      [Update RS (ms): Min: 1.6, Avg: 1.9, Max: 2.3, Diff: 0.7, Sum: 56.8]
         [Processed Buffers: Min: 2, Avg: 3.7, Max: 16, Diff: 14, Sum: 112]
      [Scan RS (ms): Min: 0.0, Avg: 0.2, Max: 0.5, Diff: 0.4, Sum: 6.5]
      [Code Root Scanning (ms): Min: 0.0, Avg: 0.0, Max: 0.0, Diff: 0.0, Sum: 0.1]
      [Object Copy (ms): Min: 6.6, Avg: 6.8, Max: 6.9, Diff: 0.3, Sum: 202.7]
      [Termination (ms): Min: 0.0, Avg: 0.0, Max: 0.0, Diff: 0.0, Sum: 0.3]
         [Termination Attempts: Min: 1, Avg: 1.0, Max: 1, Diff: 0, Sum: 30]
      [GC Worker Other (ms): Min: 0.0, Avg: 0.2, Max: 0.4, Diff: 0.3, Sum: 5.5]
      [GC Worker Total (ms): Min: 9.0, Avg: 9.6, Max: 10.1, Diff: 1.2, Sum: 286.8]
      [GC Worker End (ms): Min: 430272.9, Avg: 430273.0, Max: 430273.2, Diff: 0.3]
   [Code Root Fixup: 0.0 ms]
   [Code Root Purge: 0.0 ms]
   [Clear CT: 2.5 ms]
   [Other: 13.5 ms]
      [Choose CSet: 0.0 ms]
      [Ref Proc: 7.7 ms]
      [Ref Enq: 1.1 ms]
      [Redirty Cards: 2.8 ms]
      [Humongous Register: 0.3 ms]
      [Humongous Reclaim: 0.1 ms]
      [Free CSet: 1.3 ms]
   [Eden: 4004.0M(4004.0M)->0.0B(4012.0M) Survivors: 44.0M->40.0M Heap: 7022.6M(8192.0M)->3014.6M(8192.0M)]
 [Times: user=0.31 sys=0.00, real=0.03 secs]
2018-04-30T04:34:27.953+0200: 430.289: Total time for which application threads were stopped: 0.0277638 seconds, Stopping threads took: 0.0003282 seconds
2018-04-30T04:34:28.398+0200: 430.734: Application time: 0.4447810 seconds
2018-04-30T04:34:28.399+0200: 430.735: [GC pause (G1 Evacuation Pause) (young)
Desired survivor size 266338304 bytes, new threshold 15 (max 15)
- age   1:   10541560 bytes,   10541560 total
- age   2:    1437792 bytes,   11979352 total
- age   3:    1199352 bytes,   13178704 total
- age   4:    1222944 bytes,   14401648 total
- age   5:    1217552 bytes,   15619200 total
- age   6:    1234600 bytes,   16853800 total
- age   7:    2073424 bytes,   18927224 total
- age   8:    1199144 bytes,   20126368 total
- age   9:    1312792 bytes,   21439160 total
- age  10:    1158888 bytes,   22598048 total
- age  11:    1119696 bytes,   23717744 total
- age  12:     670768 bytes,   24388512 total
- age  13:       2968 bytes,   24391480 total
- age  14:      20144 bytes,   24411624 total
- age  15:       2928 bytes,   24414552 total
, 0.0266208 secs]
   [Parallel Time: 11.8 ms, GC Workers: 30]
      [GC Worker Start (ms): Min: 430735.8, Avg: 430736.2, Max: 430736.6, Diff: 0.8]
      [Ext Root Scanning (ms): Min: 0.2, Avg: 0.6, Max: 1.3, Diff: 1.1, Sum: 17.4]
      [Update RS (ms): Min: 1.6, Avg: 2.0, Max: 2.3, Diff: 0.7, Sum: 59.0]
         [Processed Buffers: Min: 1, Avg: 3.7, Max: 15, Diff: 14, Sum: 110]
      [Scan RS (ms): Min: 0.0, Avg: 0.2, Max: 0.4, Diff: 0.4, Sum: 6.1]
      [Code Root Scanning (ms): Min: 0.0, Avg: 0.0, Max: 0.0, Diff: 0.0, Sum: 0.1]
      [Object Copy (ms): Min: 7.9, Avg: 8.1, Max: 8.2, Diff: 0.3, Sum: 241.8]
      [Termination (ms): Min: 0.0, Avg: 0.0, Max: 0.0, Diff: 0.0, Sum: 0.3]
         [Termination Attempts: Min: 1, Avg: 1.0, Max: 1, Diff: 0, Sum: 30]
      [GC Worker Other (ms): Min: 0.0, Avg: 0.2, Max: 0.4, Diff: 0.3, Sum: 5.7]
      [GC Worker Total (ms): Min: 10.5, Avg: 11.0, Max: 11.5, Diff: 1.0, Sum: 330.3]
      [GC Worker End (ms): Min: 430747.1, Avg: 430747.2, Max: 430747.4, Diff: 0.3]
   [Code Root Fixup: 0.0 ms]
   [Code Root Purge: 0.0 ms]
   [Clear CT: 1.8 ms]
   [Other: 12.9 ms]
      [Choose CSet: 0.0 ms]
      [Ref Proc: 7.9 ms]
      [Ref Enq: 1.1 ms]
      [Redirty Cards: 1.9 ms]
      [Humongous Register: 0.3 ms]
      [Humongous Reclaim: 0.1 ms]
      [Free CSet: 1.3 ms]
   [Eden: 4012.0M(4012.0M)->0.0B(4020.0M) Survivors: 40.0M->36.0M Heap: 7026.6M(8192.0M)->3011.2M(8192.0M)]
 [Times: user=0.34 sys=0.01, real=0.03 secs]
2018-04-30T04:34:28.426+0200: 430.762: Total time for which application threads were stopped: 0.0281921 seconds, Stopping threads took: 0.0004660 seconds
2018-04-30T04:34:28.877+0200: 431.213: Application time: 0.4510392 seconds
2018-04-30T04:34:28.878+0200: 431.214: [GC pause (G1 Evacuation Pause) (young)
Desired survivor size 266338304 bytes, new threshold 15 (max 15)
- age   1:   11701728 bytes,   11701728 total
- age   2:    1171112 bytes,   12872840 total
- age   3:    1432448 bytes,   14305288 total
- age   4:    1197176 bytes,   15502464 total
- age   5:    1221184 bytes,   16723648 total
- age   6:    1216976 bytes,   17940624 total
- age   7:    1234344 bytes,   19174968 total
- age   8:    2072656 bytes,   21247624 total
- age   9:    1198760 bytes,   22446384 total
- age  10:    1312408 bytes,   23758792 total
- age  11:    1158568 bytes,   24917360 total
- age  12:     612568 bytes,   25529928 total
- age  13:       2960 bytes,   25532888 total
- age  14:       2840 bytes,   25535728 total
- age  15:      20080 bytes,   25555808 total
, 0.0258864 secs]
   [Parallel Time: 10.4 ms, GC Workers: 30]
      [GC Worker Start (ms): Min: 431214.7, Avg: 431215.1, Max: 431215.6, Diff: 0.9]
      [Ext Root Scanning (ms): Min: 0.0, Avg: 0.5, Max: 1.2, Diff: 1.2, Sum: 13.8]
      [Update RS (ms): Min: 1.7, Avg: 2.0, Max: 2.4, Diff: 0.7, Sum: 59.3]
         [Processed Buffers: Min: 2, Avg: 3.7, Max: 12, Diff: 10, Sum: 112]
      [Scan RS (ms): Min: 0.0, Avg: 0.2, Max: 0.4, Diff: 0.4, Sum: 6.3]
      [Code Root Scanning (ms): Min: 0.0, Avg: 0.0, Max: 0.0, Diff: 0.0, Sum: 0.1]
      [Object Copy (ms): Min: 6.5, Avg: 6.7, Max: 6.8, Diff: 0.3, Sum: 201.5]
      [Termination (ms): Min: 0.0, Avg: 0.0, Max: 0.0, Diff: 0.0, Sum: 0.2]
         [Termination Attempts: Min: 1, Avg: 1.0, Max: 1, Diff: 0, Sum: 30]
      [GC Worker Other (ms): Min: 0.0, Avg: 0.2, Max: 0.4, Diff: 0.3, Sum: 5.2]
      [GC Worker Total (ms): Min: 9.0, Avg: 9.5, Max: 10.0, Diff: 1.0, Sum: 286.4]
      [GC Worker End (ms): Min: 431224.5, Avg: 431224.7, Max: 431224.8, Diff: 0.3]
   [Code Root Fixup: 0.0 ms]
   [Code Root Purge: 0.0 ms]
   [Clear CT: 2.8 ms]
   [Other: 12.7 ms]
      [Choose CSet: 0.0 ms]
      [Ref Proc: 7.3 ms]
      [Ref Enq: 1.1 ms]
      [Redirty Cards: 2.4 ms]
      [Humongous Register: 0.3 ms]
      [Humongous Reclaim: 0.1 ms]
      [Free CSet: 1.4 ms]
   [Eden: 4020.0M(4020.0M)->0.0B(4004.0M) Survivors: 36.0M->44.0M Heap: 7031.2M(8192.0M)->3017.7M(8192.0M)]
 [Times: user=0.32 sys=0.00, real=0.03 secs]
2018-04-30T04:34:28.904+0200: 431.240: Total time for which application threads were stopped: 0.0272329 seconds, Stopping threads took: 0.0003401 seconds
2018-04-30T04:34:29.340+0200: 431.676: Application time: 0.4358710 seconds
2018-04-30T04:34:29.341+0200: 431.677: [GC pause (G1 Evacuation Pause) (young)
Desired survivor size 266338304 bytes, new threshold 15 (max 15)
- age   1:   11447176 bytes,   11447176 total
- age   2:    1195760 bytes,   12642936 total
- age   3:    1167312 bytes,   13810248 total
- age   4:    1430656 bytes,   15240904 total
- age   5:    1195512 bytes,   16436416 total
- age   6:    1219328 bytes,   17655744 total
- age   7:    1216208 bytes,   18871952 total
- age   8:    1234152 bytes,   20106104 total
- age   9:    2072464 bytes,   22178568 total
- age  10:    1198504 bytes,   23377072 total
- age  11:    1312216 bytes,   24689288 total
- age  12:     616208 bytes,   25305496 total
- age  13:       2688 bytes,   25308184 total
- age  14:       2576 bytes,   25310760 total
- age  15:       2776 bytes,   25313536 total
, 0.0239764 secs]
   [Parallel Time: 9.7 ms, GC Workers: 30]
      [GC Worker Start (ms): Min: 431678.0, Avg: 431678.5, Max: 431679.1, Diff: 1.1]
      [Ext Root Scanning (ms): Min: 0.0, Avg: 0.6, Max: 1.3, Diff: 1.3, Sum: 16.5]
      [Update RS (ms): Min: 1.6, Avg: 1.9, Max: 2.4, Diff: 0.7, Sum: 57.0]
         [Processed Buffers: Min: 2, Avg: 3.7, Max: 9, Diff: 7, Sum: 110]
      [Scan RS (ms): Min: 0.0, Avg: 0.2, Max: 0.5, Diff: 0.4, Sum: 6.8]
      [Code Root Scanning (ms): Min: 0.0, Avg: 0.0, Max: 0.0, Diff: 0.0, Sum: 0.1]
      [Object Copy (ms): Min: 5.7, Avg: 6.0, Max: 6.0, Diff: 0.4, Sum: 178.8]
      [Termination (ms): Min: 0.0, Avg: 0.0, Max: 0.0, Diff: 0.0, Sum: 0.4]
         [Termination Attempts: Min: 1, Avg: 1.2, Max: 2, Diff: 1, Sum: 35]
      [GC Worker Other (ms): Min: 0.0, Avg: 0.2, Max: 0.3, Diff: 0.3, Sum: 5.0]
      [GC Worker Total (ms): Min: 8.3, Avg: 8.8, Max: 9.3, Diff: 1.0, Sum: 264.6]
      [GC Worker End (ms): Min: 431687.2, Avg: 431687.3, Max: 431687.5, Diff: 0.3]
   [Code Root Fixup: 0.0 ms]
   [Code Root Purge: 0.0 ms]
   [Clear CT: 1.5 ms]
   [Other: 12.8 ms]
      [Choose CSet: 0.0 ms]
      [Ref Proc: 7.1 ms]
      [Ref Enq: 1.1 ms]
      [Redirty Cards: 2.5 ms]
      [Humongous Register: 0.3 ms]
      [Humongous Reclaim: 0.1 ms]
      [Free CSet: 1.4 ms]
   [Eden: 4004.0M(4004.0M)->0.0B(4004.0M) Survivors: 44.0M->44.0M Heap: 7021.7M(8192.0M)->3017.7M(8192.0M)]
 [Times: user=0.28 sys=0.00, real=0.03 secs]
2018-04-30T04:34:29.365+0200: 431.702: Total time for which application threads were stopped: 0.0254198 seconds, Stopping threads took: 0.0003902 seconds
2018-04-30T04:34:29.814+0200: 432.151: Application time: 0.4489717 seconds
2018-04-30T04:34:29.816+0200: 432.152: [GC pause (G1 Evacuation Pause) (young)
Desired survivor size 266338304 bytes, new threshold 15 (max 15)
- age   1:    9133824 bytes,    9133824 total
- age   2:    1318560 bytes,   10452384 total
- age   3:    1190648 bytes,   11643032 total
- age   4:    1164592 bytes,   12807624 total
- age   5:    1429216 bytes,   14236840 total
- age   6:    1195064 bytes,   15431904 total
- age   7:    1218496 bytes,   16650400 total
- age   8:    1215952 bytes,   17866352 total
- age   9:    1234088 bytes,   19100440 total
- age  10:    2072144 bytes,   21172584 total
- age  11:    1198440 bytes,   22371024 total
- age  12:     748024 bytes,   23119048 total
- age  13:       1624 bytes,   23120672 total
- age  14:       2688 bytes,   23123360 total
- age  15:       2384 bytes,   23125744 total
, 0.0250752 secs]
   [Parallel Time: 10.2 ms, GC Workers: 30]
      [GC Worker Start (ms): Min: 432152.4, Avg: 432152.9, Max: 432153.4, Diff: 1.1]
      [Ext Root Scanning (ms): Min: 0.0, Avg: 0.5, Max: 1.2, Diff: 1.2, Sum: 14.6]
      [Update RS (ms): Min: 1.6, Avg: 1.9, Max: 2.2, Diff: 0.7, Sum: 55.6]
         [Processed Buffers: Min: 2, Avg: 3.7, Max: 13, Diff: 11, Sum: 111]
      [Scan RS (ms): Min: 0.0, Avg: 0.2, Max: 0.4, Diff: 0.4, Sum: 6.3]
      [Code Root Scanning (ms): Min: 0.0, Avg: 0.0, Max: 0.0, Diff: 0.0, Sum: 0.1]
      [Object Copy (ms): Min: 6.4, Avg: 6.6, Max: 6.8, Diff: 0.3, Sum: 199.1]
      [Termination (ms): Min: 0.0, Avg: 0.0, Max: 0.0, Diff: 0.0, Sum: 0.4]
         [Termination Attempts: Min: 1, Avg: 1.0, Max: 1, Diff: 0, Sum: 30]
      [GC Worker Other (ms): Min: 0.0, Avg: 0.2, Max: 0.3, Diff: 0.3, Sum: 5.0]
      [GC Worker Total (ms): Min: 8.8, Avg: 9.4, Max: 10.0, Diff: 1.2, Sum: 281.0]
      [GC Worker End (ms): Min: 432162.1, Avg: 432162.3, Max: 432162.5, Diff: 0.3]
   [Code Root Fixup: 0.0 ms]
   [Code Root Purge: 0.0 ms]
   [Clear CT: 2.5 ms]
   [Other: 12.3 ms]
      [Choose CSet: 0.0 ms]
      [Ref Proc: 7.0 ms]
      [Ref Enq: 0.9 ms]
      [Redirty Cards: 2.5 ms]
      [Humongous Register: 0.3 ms]
      [Humongous Reclaim: 0.1 ms]
      [Free CSet: 1.3 ms]
   [Eden: 4004.0M(4004.0M)->0.0B(4020.0M) Survivors: 44.0M->36.0M Heap: 7021.7M(8192.0M)->3011.9M(8192.0M)]
 [Times: user=0.30 sys=0.00, real=0.02 secs]
2018-04-30T04:34:29.841+0200: 432.177: Total time for which application threads were stopped: 0.0265900 seconds, Stopping threads took: 0.0004342 seconds
2018-04-30T04:34:30.294+0200: 432.631: Application time: 0.4534819 seconds
2018-04-30T04:34:30.296+0200: 432.632: [GC pause (G1 Evacuation Pause) (young)
Desired survivor size 266338304 bytes, new threshold 15 (max 15)
- age   1:   11448864 bytes,   11448864 total
- age   2:    1205176 bytes,   12654040 total
- age   3:    1314360 bytes,   13968400 total
- age   4:    1188056 bytes,   15156456 total
- age   5:    1163056 bytes,   16319512 total
- age   6:    1427680 bytes,   17747192 total
- age   7:    1194680 bytes,   18941872 total
- age   8:    1218112 bytes,   20159984 total
- age   9:    1215824 bytes,   21375808 total
- age  10:    1233896 bytes,   22609704 total
- age  11:    2072016 bytes,   24681720 total
- age  12:     662680 bytes,   25344400 total
- age  13:     128544 bytes,   25472944 total
- age  14:       1432 bytes,   25474376 total
- age  15:       2432 bytes,   25476808 total
, 0.0252653 secs]
   [Parallel Time: 11.2 ms, GC Workers: 30]
      [GC Worker Start (ms): Min: 432632.5, Avg: 432633.1, Max: 432633.7, Diff: 1.2]
      [Ext Root Scanning (ms): Min: 0.0, Avg: 0.4, Max: 1.1, Diff: 1.1, Sum: 12.3]
      [Update RS (ms): Min: 1.4, Avg: 1.9, Max: 2.5, Diff: 1.0, Sum: 56.1]
         [Processed Buffers: Min: 2, Avg: 3.8, Max: 12, Diff: 10, Sum: 113]
      [Scan RS (ms): Min: 0.0, Avg: 0.2, Max: 0.4, Diff: 0.4, Sum: 6.5]
      [Code Root Scanning (ms): Min: 0.0, Avg: 0.0, Max: 0.0, Diff: 0.0, Sum: 0.1]
      [Object Copy (ms): Min: 7.0, Avg: 7.3, Max: 7.5, Diff: 0.6, Sum: 220.4]
      [Termination (ms): Min: 0.0, Avg: 0.0, Max: 0.0, Diff: 0.0, Sum: 0.3]
         [Termination Attempts: Min: 1, Avg: 1.0, Max: 1, Diff: 0, Sum: 30]
      [GC Worker Other (ms): Min: 0.0, Avg: 0.2, Max: 0.4, Diff: 0.4, Sum: 5.7]
      [GC Worker Total (ms): Min: 9.4, Avg: 10.0, Max: 10.8, Diff: 1.4, Sum: 301.3]
      [GC Worker End (ms): Min: 432643.0, Avg: 432643.2, Max: 432643.3, Diff: 0.4]
   [Code Root Fixup: 0.0 ms]
   [Code Root Purge: 0.0 ms]
   [Clear CT: 1.8 ms]
   [Other: 12.2 ms]
      [Choose CSet: 0.0 ms]
      [Ref Proc: 6.9 ms]
      [Ref Enq: 0.7 ms]
      [Redirty Cards: 2.6 ms]
      [Humongous Register: 0.3 ms]
      [Humongous Reclaim: 0.1 ms]
      [Free CSet: 1.3 ms]
   [Eden: 4020.0M(4020.0M)->0.0B(4020.0M) Survivors: 36.0M->36.0M Heap: 7031.9M(8192.0M)->3011.3M(8192.0M)]
 [Times: user=0.32 sys=0.01, real=0.02 secs]
2018-04-30T04:34:30.321+0200: 432.657: Total time for which application threads were stopped: 0.0267049 seconds, Stopping threads took: 0.0003397 seconds
2018-04-30T04:34:30.783+0200: 433.119: Application time: 0.4619786 seconds
2018-04-30T04:34:30.784+0200: 433.121: [GC pause (G1 Evacuation Pause) (young)
Desired survivor size 266338304 bytes, new threshold 15 (max 15)
- age   1:   12511200 bytes,   12511200 total
- age   2:    1170600 bytes,   13681800 total
- age   3:    1192704 bytes,   14874504 total
- age   4:    1162752 bytes,   16037256 total
- age   5:    1181912 bytes,   17219168 total
- age   6:    1146000 bytes,   18365168 total
- age   7:    1176424 bytes,   19541592 total
- age   8:    1194552 bytes,   20736144 total
- age   9:    1217664 bytes,   21953808 total
- age  10:    1215824 bytes,   23169632 total
- age  11:    1233896 bytes,   24403528 total
- age  12:    1621320 bytes,   26024848 total
- age  13:      13352 bytes,   26038200 total
- age  14:     128544 bytes,   26166744 total
- age  15:       1432 bytes,   26168176 total
, 0.0244773 secs]
   [Parallel Time: 9.8 ms, GC Workers: 30]
      [GC Worker Start (ms): Min: 433121.0, Avg: 433121.5, Max: 433122.0, Diff: 0.9]
      [Ext Root Scanning (ms): Min: 0.0, Avg: 0.5, Max: 1.2, Diff: 1.2, Sum: 15.2]
      [Update RS (ms): Min: 1.6, Avg: 1.9, Max: 2.4, Diff: 0.8, Sum: 58.2]
         [Processed Buffers: Min: 2, Avg: 3.8, Max: 17, Diff: 15, Sum: 113]
      [Scan RS (ms): Min: 0.0, Avg: 0.2, Max: 0.5, Diff: 0.4, Sum: 6.4]
      [Code Root Scanning (ms): Min: 0.0, Avg: 0.0, Max: 0.0, Diff: 0.0, Sum: 0.1]
      [Object Copy (ms): Min: 5.8, Avg: 6.1, Max: 6.3, Diff: 0.4, Sum: 183.5]
      [Termination (ms): Min: 0.0, Avg: 0.0, Max: 0.0, Diff: 0.0, Sum: 0.2]
         [Termination Attempts: Min: 1, Avg: 1.0, Max: 1, Diff: 0, Sum: 30]
      [GC Worker Other (ms): Min: 0.0, Avg: 0.2, Max: 0.3, Diff: 0.3, Sum: 4.9]
      [GC Worker Total (ms): Min: 8.4, Avg: 8.9, Max: 9.5, Diff: 1.1, Sum: 268.4]
      [GC Worker End (ms): Min: 433130.3, Avg: 433130.4, Max: 433130.6, Diff: 0.3]
   [Code Root Fixup: 0.0 ms]
   [Code Root Purge: 0.0 ms]
   [Clear CT: 2.5 ms]
   [Other: 12.2 ms]
      [Choose CSet: 0.0 ms]
      [Ref Proc: 7.1 ms]
      [Ref Enq: 0.8 ms]
      [Redirty Cards: 2.5 ms]
      [Humongous Register: 0.3 ms]
      [Humongous Reclaim: 0.1 ms]
      [Free CSet: 1.2 ms]
   [Eden: 4020.0M(4020.0M)->0.0B(4012.0M) Survivors: 36.0M->40.0M Heap: 7031.3M(8192.0M)->3014.6M(8192.0M)]
 [Times: user=0.29 sys=0.00, real=0.02 secs]
2018-04-30T04:34:30.809+0200: 433.145: Total time for which application threads were stopped: 0.0257881 seconds, Stopping threads took: 0.0003366 seconds
2018-04-30T04:34:31.258+0200: 433.594: Application time: 0.4487749 seconds
2018-04-30T04:34:31.259+0200: 433.595: [GC pause (G1 Evacuation Pause) (young)
Desired survivor size 266338304 bytes, new threshold 15 (max 15)
- age   1:    8876208 bytes,    8876208 total
- age   2:    1591584 bytes,   10467792 total
- age   3:    1166320 bytes,   11634112 total
- age   4:    1190464 bytes,   12824576 total
- age   5:    1160768 bytes,   13985344 total
- age   6:    1180504 bytes,   15165848 total
- age   7:    1144656 bytes,   16310504 total
- age   8:    1175000 bytes,   17485504 total
- age   9:    1194424 bytes,   18679928 total
- age  10:    1217408 bytes,   19897336 total
- age  11:    1215760 bytes,   21113096 total
- age  12:     820184 bytes,   21933280 total
- age  13:     895760 bytes,   22829040 total
- age  14:      13160 bytes,   22842200 total
- age  15:     128544 bytes,   22970744 total
, 0.0254704 secs]
   [Parallel Time: 10.2 ms, GC Workers: 30]
      [GC Worker Start (ms): Min: 433595.5, Avg: 433595.9, Max: 433596.2, Diff: 0.7]
      [Ext Root Scanning (ms): Min: 0.2, Avg: 0.5, Max: 1.2, Diff: 1.0, Sum: 14.1]
      [Update RS (ms): Min: 1.3, Avg: 1.8, Max: 2.3, Diff: 1.0, Sum: 54.1]
         [Processed Buffers: Min: 2, Avg: 3.8, Max: 16, Diff: 14, Sum: 114]
      [Scan RS (ms): Min: 0.0, Avg: 0.2, Max: 0.4, Diff: 0.4, Sum: 5.7]
      [Code Root Scanning (ms): Min: 0.0, Avg: 0.0, Max: 0.0, Diff: 0.0, Sum: 0.1]
      [Object Copy (ms): Min: 6.4, Avg: 6.7, Max: 6.9, Diff: 0.4, Sum: 202.4]
      [Termination (ms): Min: 0.0, Avg: 0.0, Max: 0.0, Diff: 0.0, Sum: 0.3]
         [Termination Attempts: Min: 1, Avg: 1.0, Max: 1, Diff: 0, Sum: 30]
      [GC Worker Other (ms): Min: 0.0, Avg: 0.2, Max: 0.3, Diff: 0.3, Sum: 4.5]
      [GC Worker Total (ms): Min: 9.0, Avg: 9.4, Max: 9.8, Diff: 0.9, Sum: 281.2]
      [GC Worker End (ms): Min: 433605.1, Avg: 433605.3, Max: 433605.4, Diff: 0.3]
   [Code Root Fixup: 0.0 ms]
   [Code Root Purge: 0.0 ms]
   [Clear CT: 2.2 ms]
   [Other: 13.1 ms]
      [Choose CSet: 0.0 ms]
      [Ref Proc: 7.9 ms]
      [Ref Enq: 1.1 ms]
      [Redirty Cards: 2.1 ms]
      [Humongous Register: 0.3 ms]
      [Humongous Reclaim: 0.1 ms]
      [Free CSet: 1.4 ms]
   [Eden: 4012.0M(4012.0M)->0.0B(4020.0M) Survivors: 40.0M->36.0M Heap: 7026.6M(8192.0M)->3009.8M(8192.0M)]
 [Times: user=0.30 sys=0.00, real=0.03 secs]
2018-04-30T04:34:31.284+0200: 433.621: Total time for which application threads were stopped: 0.0268090 seconds, Stopping threads took: 0.0002839 seconds
2018-04-30T04:34:31.725+0200: 434.062: Application time: 0.4408797 seconds
2018-04-30T04:34:31.727+0200: 434.063: [GC pause (G1 Evacuation Pause) (young)
Desired survivor size 266338304 bytes, new threshold 15 (max 15)
- age   1:   10591448 bytes,   10591448 total
- age   2:    1157560 bytes,   11749008 total
- age   3:    1585264 bytes,   13334272 total
- age   4:    1164016 bytes,   14498288 total
- age   5:    1189728 bytes,   15688016 total
- age   6:    1159552 bytes,   16847568 total
- age   7:    1179608 bytes,   18027176 total
- age   8:    1143440 bytes,   19170616 total
- age   9:    1174232 bytes,   20344848 total
- age  10:    1194232 bytes,   21539080 total
- age  11:    1216496 bytes,   22755576 total
- age  12:     874304 bytes,   23629880 total
- age  13:      19656 bytes,   23649536 total
- age  14:     895440 bytes,   24544976 total
- age  15:      13032 bytes,   24558008 total
, 0.0260307 secs]
   [Parallel Time: 10.3 ms, GC Workers: 30]
      [GC Worker Start (ms): Min: 434063.5, Avg: 434064.0, Max: 434064.3, Diff: 0.8]
      [Ext Root Scanning (ms): Min: 0.3, Avg: 0.6, Max: 1.2, Diff: 1.0, Sum: 16.9]
      [Update RS (ms): Min: 1.5, Avg: 1.9, Max: 2.3, Diff: 0.8, Sum: 55.6]
         [Processed Buffers: Min: 2, Avg: 3.7, Max: 12, Diff: 10, Sum: 112]
      [Scan RS (ms): Min: 0.0, Avg: 0.2, Max: 0.4, Diff: 0.4, Sum: 6.4]
      [Code Root Scanning (ms): Min: 0.0, Avg: 0.0, Max: 0.0, Diff: 0.0, Sum: 0.1]
      [Object Copy (ms): Min: 6.5, Avg: 6.7, Max: 6.9, Diff: 0.4, Sum: 201.4]
      [Termination (ms): Min: 0.0, Avg: 0.0, Max: 0.0, Diff: 0.0, Sum: 0.2]
         [Termination Attempts: Min: 1, Avg: 1.0, Max: 1, Diff: 0, Sum: 30]
      [GC Worker Other (ms): Min: 0.0, Avg: 0.2, Max: 0.3, Diff: 0.3, Sum: 5.0]
      [GC Worker Total (ms): Min: 9.2, Avg: 9.5, Max: 10.1, Diff: 0.9, Sum: 285.7]
      [GC Worker End (ms): Min: 434073.4, Avg: 434073.5, Max: 434073.7, Diff: 0.3]
   [Code Root Fixup: 0.0 ms]
   [Code Root Purge: 0.0 ms]
   [Clear CT: 2.6 ms]
   [Other: 13.1 ms]
      [Choose CSet: 0.0 ms]
      [Ref Proc: 7.3 ms]
      [Ref Enq: 1.0 ms]
      [Redirty Cards: 3.0 ms]
      [Humongous Register: 0.3 ms]
      [Humongous Reclaim: 0.1 ms]
      [Free CSet: 1.2 ms]
   [Eden: 4020.0M(4020.0M)->0.0B(4020.0M) Survivors: 36.0M->36.0M Heap: 7029.8M(8192.0M)->3010.6M(8192.0M)]
 [Times: user=0.30 sys=0.01, real=0.03 secs]
2018-04-30T04:34:31.753+0200: 434.089: Total time for which application threads were stopped: 0.0276610 seconds, Stopping threads took: 0.0005520 seconds
2018-04-30T04:34:32.187+0200: 434.524: Application time: 0.4341706 seconds
2018-04-30T04:34:32.188+0200: 434.525: [GC pause (G1 Evacuation Pause) (young)
Desired survivor size 266338304 bytes, new threshold 15 (max 15)
- age   1:   10504960 bytes,   10504960 total
- age   2:    1305296 bytes,   11810256 total
- age   3:    1153432 bytes,   12963688 total
- age   4:    1583568 bytes,   14547256 total
- age   5:    1162992 bytes,   15710248 total
- age   6:    1187920 bytes,   16898168 total
- age   7:    1159040 bytes,   18057208 total
- age   8:    1179096 bytes,   19236304 total
- age   9:    1143184 bytes,   20379488 total
- age  10:    1174168 bytes,   21553656 total
- age  11:    1194168 bytes,   22747824 total
- age  12:     890368 bytes,   23638192 total
- age  13:       3632 bytes,   23641824 total
- age  14:      19592 bytes,   23661416 total
- age  15:     895376 bytes,   24556792 total
, 0.0262351 secs]
   [Parallel Time: 11.4 ms, GC Workers: 30]
      [GC Worker Start (ms): Min: 434525.3, Avg: 434525.8, Max: 434526.3, Diff: 1.0]
      [Ext Root Scanning (ms): Min: 0.0, Avg: 0.5, Max: 1.2, Diff: 1.2, Sum: 15.6]
      [Update RS (ms): Min: 1.6, Avg: 1.9, Max: 2.4, Diff: 0.8, Sum: 57.9]
         [Processed Buffers: Min: 2, Avg: 3.9, Max: 17, Diff: 15, Sum: 116]
      [Scan RS (ms): Min: 0.0, Avg: 0.2, Max: 0.4, Diff: 0.4, Sum: 6.9]
      [Code Root Scanning (ms): Min: 0.0, Avg: 0.0, Max: 0.0, Diff: 0.0, Sum: 0.1]
      [Object Copy (ms): Min: 7.5, Avg: 7.8, Max: 8.0, Diff: 0.5, Sum: 234.2]
      [Termination (ms): Min: 0.0, Avg: 0.0, Max: 0.0, Diff: 0.0, Sum: 0.4]
         [Termination Attempts: Min: 1, Avg: 1.0, Max: 1, Diff: 0, Sum: 30]
      [GC Worker Other (ms): Min: 0.0, Avg: 0.2, Max: 0.3, Diff: 0.3, Sum: 5.1]
      [GC Worker Total (ms): Min: 10.1, Avg: 10.7, Max: 11.1, Diff: 1.0, Sum: 320.2]
      [GC Worker End (ms): Min: 434536.3, Avg: 434536.4, Max: 434536.6, Diff: 0.3]
   [Code Root Fixup: 0.0 ms]
   [Code Root Purge: 0.0 ms]
   [Clear CT: 2.3 ms]
   [Other: 12.5 ms]
      [Choose CSet: 0.0 ms]
      [Ref Proc: 7.6 ms]
      [Ref Enq: 1.0 ms]
      [Redirty Cards: 2.0 ms]
      [Humongous Register: 0.3 ms]
      [Humongous Reclaim: 0.1 ms]
      [Free CSet: 1.2 ms]
   [Eden: 4020.0M(4020.0M)->0.0B(4020.0M) Survivors: 36.0M->36.0M Heap: 7030.6M(8192.0M)->3013.1M(8192.0M)]
 [Times: user=0.34 sys=0.00, real=0.03 secs]
2018-04-30T04:34:32.215+0200: 434.551: Total time for which application threads were stopped: 0.0277245 seconds, Stopping threads took: 0.0004443 seconds
2018-04-30T04:34:32.651+0200: 434.987: Application time: 0.4357726 seconds
2018-04-30T04:34:32.652+0200: 434.988: [GC pause (G1 Evacuation Pause) (young)
Desired survivor size 266338304 bytes, new threshold 15 (max 15)
- age   1:   13490552 bytes,   13490552 total
- age   2:    1232560 bytes,   14723112 total
- age   3:    1299960 bytes,   16023072 total
- age   4:    1151352 bytes,   17174424 total
- age   5:    1582512 bytes,   18756936 total
- age   6:    1161968 bytes,   19918904 total
- age   7:    1187728 bytes,   21106632 total
- age   8:    1158208 bytes,   22264840 total
- age   9:    1178456 bytes,   23443296 total
- age  10:    1142784 bytes,   24586080 total
- age  11:    1173848 bytes,   25759928 total
- age  12:     890280 bytes,   26650208 total
- age  13:      14664 bytes,   26664872 total
- age  14:       3632 bytes,   26668504 total
- age  15:      19592 bytes,   26688096 total
, 0.0243255 secs]
   [Parallel Time: 9.1 ms, GC Workers: 30]
      [GC Worker Start (ms): Min: 434988.6, Avg: 434989.1, Max: 434989.7, Diff: 1.2]
      [Ext Root Scanning (ms): Min: 0.0, Avg: 0.4, Max: 1.2, Diff: 1.2, Sum: 13.0]
      [Update RS (ms): Min: 1.4, Avg: 1.8, Max: 2.3, Diff: 0.9, Sum: 53.8]
         [Processed Buffers: Min: 2, Avg: 3.9, Max: 20, Diff: 18, Sum: 116]
      [Scan RS (ms): Min: 0.0, Avg: 0.2, Max: 0.4, Diff: 0.4, Sum: 7.3]
      [Code Root Scanning (ms): Min: 0.0, Avg: 0.0, Max: 0.0, Diff: 0.0, Sum: 0.1]
      [Object Copy (ms): Min: 5.2, Avg: 5.5, Max: 5.6, Diff: 0.4, Sum: 164.3]
      [Termination (ms): Min: 0.0, Avg: 0.0, Max: 0.0, Diff: 0.0, Sum: 0.2]
         [Termination Attempts: Min: 1, Avg: 1.0, Max: 1, Diff: 0, Sum: 30]
      [GC Worker Other (ms): Min: 0.0, Avg: 0.2, Max: 0.3, Diff: 0.3, Sum: 5.4]
      [GC Worker Total (ms): Min: 7.5, Avg: 8.1, Max: 8.8, Diff: 1.3, Sum: 244.1]
      [GC Worker End (ms): Min: 434997.1, Avg: 434997.3, Max: 434997.4, Diff: 0.3]
   [Code Root Fixup: 0.0 ms]
   [Code Root Purge: 0.0 ms]
   [Clear CT: 2.9 ms]
   [Other: 12.4 ms]
      [Choose CSet: 0.0 ms]
      [Ref Proc: 6.7 ms]
      [Ref Enq: 1.0 ms]
      [Redirty Cards: 2.7 ms]
      [Humongous Register: 0.3 ms]
      [Humongous Reclaim: 0.1 ms]
      [Free CSet: 1.4 ms]
   [Eden: 4020.0M(4020.0M)->0.0B(4020.0M) Survivors: 36.0M->36.0M Heap: 7033.1M(8192.0M)->3012.5M(8192.0M)]
 [Times: user=0.26 sys=0.00, real=0.02 secs]
2018-04-30T04:34:32.676+0200: 435.013: Total time for which application threads were stopped: 0.0256679 seconds, Stopping threads took: 0.0003220 seconds
2018-04-30T04:34:33.111+0200: 435.447: Application time: 0.4344540 seconds
2018-04-30T04:34:33.112+0200: 435.448: [GC pause (G1 Evacuation Pause) (young)
Desired survivor size 266338304 bytes, new threshold 15 (max 15)
- age   1:    8945528 bytes,    8945528 total
- age   2:    1206072 bytes,   10151600 total
- age   3:    1215832 bytes,   11367432 total
- age   4:    1156928 bytes,   12524360 total
- age   5:    1149944 bytes,   13674304 total
- age   6:    1580832 bytes,   15255136 total
- age   7:    1161200 bytes,   16416336 total
- age   8:    1186176 bytes,   17602512 total
- age   9:    1157120 bytes,   18759632 total
- age  10:    1178136 bytes,   19937768 total
- age  11:    1142464 bytes,   21080232 total
- age  12:     930152 bytes,   22010384 total
- age  13:       3568 bytes,   22013952 total
- age  14:      14600 bytes,   22028552 total
- age  15:       3568 bytes,   22032120 total
, 0.0258547 secs]
   [Parallel Time: 11.2 ms, GC Workers: 30]
      [GC Worker Start (ms): Min: 435448.9, Avg: 435449.4, Max: 435449.9, Diff: 1.0]
      [Ext Root Scanning (ms): Min: 0.1, Avg: 0.5, Max: 1.2, Diff: 1.2, Sum: 15.1]
      [Update RS (ms): Min: 1.5, Avg: 1.9, Max: 2.2, Diff: 0.7, Sum: 56.6]
         [Processed Buffers: Min: 2, Avg: 3.9, Max: 14, Diff: 12, Sum: 117]
      [Scan RS (ms): Min: 0.0, Avg: 0.2, Max: 0.5, Diff: 0.5, Sum: 6.6]
      [Code Root Scanning (ms): Min: 0.0, Avg: 0.0, Max: 0.0, Diff: 0.0, Sum: 0.1]
      [Object Copy (ms): Min: 7.2, Avg: 7.4, Max: 7.5, Diff: 0.3, Sum: 221.4]
      [Termination (ms): Min: 0.0, Avg: 0.0, Max: 0.0, Diff: 0.0, Sum: 0.3]
         [Termination Attempts: Min: 1, Avg: 1.0, Max: 1, Diff: 0, Sum: 30]
      [GC Worker Other (ms): Min: 0.0, Avg: 0.2, Max: 0.4, Diff: 0.3, Sum: 5.1]
      [GC Worker Total (ms): Min: 9.7, Avg: 10.2, Max: 10.8, Diff: 1.2, Sum: 305.2]
      [GC Worker End (ms): Min: 435459.5, Avg: 435459.6, Max: 435459.8, Diff: 0.3]
   [Code Root Fixup: 0.0 ms]
   [Code Root Purge: 0.0 ms]
   [Clear CT: 1.6 ms]
   [Other: 13.0 ms]
      [Choose CSet: 0.0 ms]
      [Ref Proc: 7.7 ms]
      [Ref Enq: 1.0 ms]
      [Redirty Cards: 2.3 ms]
      [Humongous Register: 0.3 ms]
      [Humongous Reclaim: 0.1 ms]
      [Free CSet: 1.4 ms]
   [Eden: 4020.0M(4020.0M)->0.0B(4012.0M) Survivors: 36.0M->40.0M Heap: 7032.5M(8192.0M)->3015.4M(8192.0M)]
 [Times: user=0.32 sys=0.01, real=0.02 secs]
2018-04-30T04:34:33.138+0200: 435.475: Total time for which application threads were stopped: 0.0273433 seconds, Stopping threads took: 0.0004370 seconds
2018-04-30T04:34:33.580+0200: 435.916: Application time: 0.4413710 seconds
2018-04-30T04:34:33.581+0200: 435.917: [GC pause (G1 Evacuation Pause) (young)
Desired survivor size 266338304 bytes, new threshold 15 (max 15)
- age   1:   12724456 bytes,   12724456 total
- age   2:    1401008 bytes,   14125464 total
- age   3:    1200680 bytes,   15326144 total
- age   4:    1213272 bytes,   16539416 total
- age   5:    1154400 bytes,   17693816 total
- age   6:    1149112 bytes,   18842928 total
- age   7:    1580192 bytes,   20423120 total
- age   8:    1160816 bytes,   21583936 total
- age   9:    1185984 bytes,   22769920 total
- age  10:    1156928 bytes,   23926848 total
- age  11:    1177944 bytes,   25104792 total
- age  12:     883592 bytes,   25988384 total
- age  13:      11200 bytes,   25999584 total
- age  14:       3568 bytes,   26003152 total
- age  15:      14600 bytes,   26017752 total
, 0.0244384 secs]
   [Parallel Time: 10.4 ms, GC Workers: 30]
      [GC Worker Start (ms): Min: 435917.5, Avg: 435918.0, Max: 435918.4, Diff: 0.9]
      [Ext Root Scanning (ms): Min: 0.1, Avg: 0.6, Max: 1.3, Diff: 1.2, Sum: 16.7]
      [Update RS (ms): Min: 1.5, Avg: 1.9, Max: 2.3, Diff: 0.7, Sum: 56.9]
         [Processed Buffers: Min: 2, Avg: 3.8, Max: 17, Diff: 15, Sum: 114]
      [Scan RS (ms): Min: 0.0, Avg: 0.2, Max: 0.5, Diff: 0.4, Sum: 5.8]
      [Code Root Scanning (ms): Min: 0.0, Avg: 0.0, Max: 0.0, Diff: 0.0, Sum: 0.1]
      [Object Copy (ms): Min: 6.6, Avg: 6.9, Max: 7.0, Diff: 0.4, Sum: 205.8]
      [Termination (ms): Min: 0.0, Avg: 0.0, Max: 0.0, Diff: 0.0, Sum: 0.5]
         [Termination Attempts: Min: 1, Avg: 1.0, Max: 1, Diff: 0, Sum: 30]
      [GC Worker Other (ms): Min: 0.0, Avg: 0.2, Max: 0.3, Diff: 0.3, Sum: 4.9]
      [GC Worker Total (ms): Min: 9.2, Avg: 9.7, Max: 10.3, Diff: 1.1, Sum: 290.6]
      [GC Worker End (ms): Min: 435927.5, Avg: 435927.7, Max: 435927.9, Diff: 0.3]
   [Code Root Fixup: 0.0 ms]
   [Code Root Purge: 0.0 ms]
   [Clear CT: 1.8 ms]
   [Other: 12.2 ms]
      [Choose CSet: 0.0 ms]
      [Ref Proc: 7.1 ms]
      [Ref Enq: 1.0 ms]
      [Redirty Cards: 2.3 ms]
      [Humongous Register: 0.3 ms]
      [Humongous Reclaim: 0.1 ms]
      [Free CSet: 1.2 ms]
   [Eden: 4012.0M(4012.0M)->0.0B(4004.0M) Survivors: 40.0M->44.0M Heap: 7027.4M(8192.0M)->3019.7M(8192.0M)]
 [Times: user=0.31 sys=0.01, real=0.03 secs]
2018-04-30T04:34:33.605+0200: 435.942: Total time for which application threads were stopped: 0.0258460 seconds, Stopping threads took: 0.0003725 seconds
2018-04-30T04:34:34.055+0200: 436.392: Application time: 0.4498247 seconds
2018-04-30T04:34:34.056+0200: 436.393: [GC pause (G1 Evacuation Pause) (young)
Desired survivor size 266338304 bytes, new threshold 15 (max 15)
- age   1:   11878944 bytes,   11878944 total
- age   2:    1209232 bytes,   13088176 total
- age   3:    1396632 bytes,   14484808 total
- age   4:    1199912 bytes,   15684720 total
- age   5:    1211544 bytes,   16896264 total
- age   6:    1153440 bytes,   18049704 total
- age   7:    1148408 bytes,   19198112 total
- age   8:    1579680 bytes,   20777792 total
- age   9:    1160432 bytes,   21938224 total
- age  10:    1185856 bytes,   23124080 total
- age  11:    1156736 bytes,   24280816 total
- age  12:     926224 bytes,   25207040 total
- age  13:       8368 bytes,   25215408 total
- age  14:      10752 bytes,   25226160 total
- age  15:       3504 bytes,   25229664 total
, 0.0242318 secs]
   [Parallel Time: 9.5 ms, GC Workers: 30]
      [GC Worker Start (ms): Min: 436393.1, Avg: 436393.6, Max: 436394.0, Diff: 0.8]
      [Ext Root Scanning (ms): Min: 0.1, Avg: 0.6, Max: 1.3, Diff: 1.2, Sum: 17.2]
      [Update RS (ms): Min: 1.5, Avg: 1.9, Max: 2.2, Diff: 0.8, Sum: 55.6]
         [Processed Buffers: Min: 2, Avg: 3.8, Max: 12, Diff: 10, Sum: 115]
      [Scan RS (ms): Min: 0.0, Avg: 0.2, Max: 0.5, Diff: 0.4, Sum: 6.4]
      [Code Root Scanning (ms): Min: 0.0, Avg: 0.0, Max: 0.0, Diff: 0.0, Sum: 0.1]
      [Object Copy (ms): Min: 5.9, Avg: 6.1, Max: 6.2, Diff: 0.3, Sum: 183.0]
      [Termination (ms): Min: 0.0, Avg: 0.0, Max: 0.0, Diff: 0.0, Sum: 0.4]
         [Termination Attempts: Min: 1, Avg: 1.0, Max: 1, Diff: 0, Sum: 30]
      [GC Worker Other (ms): Min: 0.0, Avg: 0.2, Max: 0.3, Diff: 0.3, Sum: 4.8]
      [GC Worker Total (ms): Min: 8.4, Avg: 8.9, Max: 9.3, Diff: 0.9, Sum: 267.5]
      [GC Worker End (ms): Min: 436402.4, Avg: 436402.5, Max: 436402.7, Diff: 0.3]
   [Code Root Fixup: 0.0 ms]
   [Code Root Purge: 0.0 ms]
   [Clear CT: 2.2 ms]
   [Other: 12.5 ms]
      [Choose CSet: 0.0 ms]
      [Ref Proc: 7.1 ms]
      [Ref Enq: 0.9 ms]
      [Redirty Cards: 2.4 ms]
      [Humongous Register: 0.3 ms]
      [Humongous Reclaim: 0.1 ms]
      [Free CSet: 1.3 ms]
   [Eden: 4004.0M(4004.0M)->0.0B(4020.0M) Survivors: 44.0M->36.0M Heap: 7023.7M(8192.0M)->3010.9M(8192.0M)]
 [Times: user=0.29 sys=0.00, real=0.02 secs]
2018-04-30T04:34:34.081+0200: 436.417: Total time for which application threads were stopped: 0.0256168 seconds, Stopping threads took: 0.0003891 seconds
2018-04-30T04:34:34.543+0200: 436.879: Application time: 0.4618130 seconds
2018-04-30T04:34:34.544+0200: 436.880: [GC pause (G1 Evacuation Pause) (young)
Desired survivor size 266338304 bytes, new threshold 15 (max 15)
- age   1:   10286752 bytes,   10286752 total
- age   2:    1277608 bytes,   11564360 total
- age   3:    1204424 bytes,   12768784 total
- age   4:    1395640 bytes,   14164424 total
- age   5:    1198520 bytes,   15362944 total
- age   6:    1210712 bytes,   16573656 total
- age   7:    1152160 bytes,   17725816 total
- age   8:    1148344 bytes,   18874160 total
- age   9:    1579424 bytes,   20453584 total
- age  10:    1160048 bytes,   21613632 total
- age  11:    1185792 bytes,   22799424 total
- age  12:     910512 bytes,   23709936 total
- age  13:       3264 bytes,   23713200 total
- age  14:       8304 bytes,   23721504 total
- age  15:      10688 bytes,   23732192 total
, 0.0248016 secs]
   [Parallel Time: 10.8 ms, GC Workers: 30]
      [GC Worker Start (ms): Min: 436880.7, Avg: 436881.2, Max: 436881.8, Diff: 1.1]
      [Ext Root Scanning (ms): Min: 0.0, Avg: 0.5, Max: 1.2, Diff: 1.2, Sum: 14.4]
      [Update RS (ms): Min: 1.5, Avg: 1.9, Max: 2.5, Diff: 1.0, Sum: 55.7]
         [Processed Buffers: Min: 2, Avg: 3.9, Max: 12, Diff: 10, Sum: 118]
      [Scan RS (ms): Min: 0.0, Avg: 0.2, Max: 0.5, Diff: 0.5, Sum: 6.2]
      [Code Root Scanning (ms): Min: 0.0, Avg: 0.0, Max: 0.0, Diff: 0.0, Sum: 0.1]
      [Object Copy (ms): Min: 6.5, Avg: 7.0, Max: 7.2, Diff: 0.6, Sum: 210.1]
      [Termination (ms): Min: 0.0, Avg: 0.0, Max: 0.0, Diff: 0.0, Sum: 0.3]
         [Termination Attempts: Min: 1, Avg: 1.0, Max: 1, Diff: 0, Sum: 30]
      [GC Worker Other (ms): Min: 0.0, Avg: 0.2, Max: 0.4, Diff: 0.3, Sum: 5.6]
      [GC Worker Total (ms): Min: 9.1, Avg: 9.7, Max: 10.4, Diff: 1.3, Sum: 292.4]
      [GC Worker End (ms): Min: 436890.8, Avg: 436891.0, Max: 436891.1, Diff: 0.3]
   [Code Root Fixup: 0.0 ms]
   [Code Root Purge: 0.0 ms]
   [Clear CT: 1.9 ms]
   [Other: 12.1 ms]
      [Choose CSet: 0.0 ms]
      [Ref Proc: 7.0 ms]
      [Ref Enq: 0.9 ms]
      [Redirty Cards: 2.4 ms]
      [Humongous Register: 0.3 ms]
      [Humongous Reclaim: 0.1 ms]
      [Free CSet: 1.3 ms]
   [Eden: 4020.0M(4020.0M)->0.0B(4020.0M) Survivors: 36.0M->36.0M Heap: 7030.9M(8192.0M)->3010.8M(8192.0M)]
 [Times: user=0.31 sys=0.01, real=0.02 secs]
2018-04-30T04:34:34.569+0200: 436.905: Total time for which application threads were stopped: 0.0261788 seconds, Stopping threads took: 0.0003418 seconds
2018-04-30T04:34:34.994+0200: 437.330: Application time: 0.4252564 seconds
2018-04-30T04:34:34.995+0200: 437.332: [GC pause (G1 Evacuation Pause) (young)
Desired survivor size 266338304 bytes, new threshold 15 (max 15)
- age   1:   11775912 bytes,   11775912 total
- age   2:    1204160 bytes,   12980072 total
- age   3:    1271784 bytes,   14251856 total
- age   4:    1201432 bytes,   15453288 total
- age   5:    1394616 bytes,   16847904 total
- age   6:    1197560 bytes,   18045464 total
- age   7:    1210328 bytes,   19255792 total
- age   8:    1150944 bytes,   20406736 total
- age   9:    1147960 bytes,   21554696 total
- age  10:    1579104 bytes,   23133800 total
- age  11:    1159856 bytes,   24293656 total
- age  12:     984312 bytes,   25277968 total
- age  13:       4752 bytes,   25282720 total
- age  14:       3200 bytes,   25285920 total
- age  15:       8112 bytes,   25294032 total
, 0.0247066 secs]
   [Parallel Time: 9.9 ms, GC Workers: 30]
      [GC Worker Start (ms): Min: 437332.3, Avg: 437332.9, Max: 437333.4, Diff: 1.2]
      [Ext Root Scanning (ms): Min: 0.0, Avg: 0.5, Max: 1.2, Diff: 1.2, Sum: 13.7]
      [Update RS (ms): Min: 1.4, Avg: 1.8, Max: 2.1, Diff: 0.7, Sum: 53.2]
         [Processed Buffers: Min: 2, Avg: 3.8, Max: 17, Diff: 15, Sum: 114]
      [Scan RS (ms): Min: 0.0, Avg: 0.2, Max: 0.4, Diff: 0.4, Sum: 5.9]
      [Code Root Scanning (ms): Min: 0.0, Avg: 0.0, Max: 0.0, Diff: 0.0, Sum: 0.1]
      [Object Copy (ms): Min: 6.0, Avg: 6.2, Max: 6.4, Diff: 0.3, Sum: 186.7]
      [Termination (ms): Min: 0.0, Avg: 0.0, Max: 0.0, Diff: 0.0, Sum: 0.2]
         [Termination Attempts: Min: 1, Avg: 1.0, Max: 1, Diff: 0, Sum: 30]
      [GC Worker Other (ms): Min: 0.0, Avg: 0.2, Max: 0.3, Diff: 0.3, Sum: 5.4]
      [GC Worker Total (ms): Min: 8.3, Avg: 8.8, Max: 9.4, Diff: 1.1, Sum: 265.1]
      [GC Worker End (ms): Min: 437341.5, Avg: 437341.7, Max: 437341.9, Diff: 0.3]
   [Code Root Fixup: 0.0 ms]
   [Code Root Purge: 0.0 ms]
   [Clear CT: 2.6 ms]
   [Other: 12.3 ms]
      [Choose CSet: 0.0 ms]
      [Ref Proc: 6.8 ms]
      [Ref Enq: 0.9 ms]
      [Redirty Cards: 2.7 ms]
      [Humongous Register: 0.3 ms]
      [Humongous Reclaim: 0.1 ms]
      [Free CSet: 1.2 ms]
   [Eden: 4020.0M(4020.0M)->0.0B(4012.0M) Survivors: 36.0M->40.0M Heap: 7030.8M(8192.0M)->3014.1M(8192.0M)]
 [Times: user=0.29 sys=0.00, real=0.02 secs]
2018-04-30T04:34:35.020+0200: 437.357: Total time for which application threads were stopped: 0.0262629 seconds, Stopping threads took: 0.0004999 seconds
2018-04-30T04:34:35.463+0200: 437.799: Application time: 0.4425533 seconds
2018-04-30T04:34:35.464+0200: 437.800: [GC pause (G1 Evacuation Pause) (young)
Desired survivor size 266338304 bytes, new threshold 15 (max 15)
- age   1:   13336464 bytes,   13336464 total
- age   2:    1125096 bytes,   14461560 total
- age   3:    1180320 bytes,   15641880 total
- age   4:    1134768 bytes,   16776648 total
- age   5:    1186872 bytes,   17963520 total
- age   6:    1140192 bytes,   19103712 total
- age   7:    1195640 bytes,   20299352 total
- age   8:    1208856 bytes,   21508208 total
- age   9:    1148704 bytes,   22656912 total
- age  10:    1143352 bytes,   23800264 total
- age  11:    1111224 bytes,   24911488 total
- age  12:    1040656 bytes,   25952144 total
- age  13:       7016 bytes,   25959160 total
- age  14:       4752 bytes,   25963912 total
- age  15:       3136 bytes,   25967048 total
, 0.0249749 secs]
   [Parallel Time: 10.7 ms, GC Workers: 30]
      [GC Worker Start (ms): Min: 437800.9, Avg: 437801.3, Max: 437801.8, Diff: 1.0]
      [Ext Root Scanning (ms): Min: 0.0, Avg: 0.5, Max: 1.3, Diff: 1.3, Sum: 16.2]
      [Update RS (ms): Min: 1.5, Avg: 1.9, Max: 2.4, Diff: 0.9, Sum: 57.1]
         [Processed Buffers: Min: 2, Avg: 4.1, Max: 12, Diff: 10, Sum: 122]
      [Scan RS (ms): Min: 0.0, Avg: 0.3, Max: 0.5, Diff: 0.5, Sum: 7.6]
      [Code Root Scanning (ms): Min: 0.0, Avg: 0.0, Max: 0.1, Diff: 0.1, Sum: 0.1]
      [Object Copy (ms): Min: 6.6, Avg: 6.9, Max: 7.1, Diff: 0.5, Sum: 206.6]
      [Termination (ms): Min: 0.0, Avg: 0.0, Max: 0.0, Diff: 0.0, Sum: 0.3]
         [Termination Attempts: Min: 1, Avg: 1.0, Max: 1, Diff: 0, Sum: 30]
      [GC Worker Other (ms): Min: 0.0, Avg: 0.2, Max: 0.4, Diff: 0.4, Sum: 5.9]
      [GC Worker Total (ms): Min: 9.2, Avg: 9.8, Max: 10.4, Diff: 1.2, Sum: 293.7]
      [GC Worker End (ms): Min: 437811.0, Avg: 437811.1, Max: 437811.3, Diff: 0.3]
   [Code Root Fixup: 0.0 ms]
   [Code Root Purge: 0.0 ms]
   [Clear CT: 2.2 ms]
   [Other: 12.1 ms]
      [Choose CSet: 0.0 ms]
      [Ref Proc: 6.9 ms]
      [Ref Enq: 1.0 ms]
      [Redirty Cards: 2.4 ms]
      [Humongous Register: 0.3 ms]
      [Humongous Reclaim: 0.1 ms]
      [Free CSet: 1.2 ms]
   [Eden: 4012.0M(4012.0M)->0.0B(4004.0M) Survivors: 40.0M->44.0M Heap: 7026.1M(8192.0M)->3018.2M(8192.0M)]
 [Times: user=0.31 sys=0.00, real=0.02 secs]
2018-04-30T04:34:35.489+0200: 437.826: Total time for which application threads were stopped: 0.0263752 seconds, Stopping threads took: 0.0004082 seconds
2018-04-30T04:34:35.939+0200: 438.275: Application time: 0.4496940 seconds
2018-04-30T04:34:35.940+0200: 438.277: [GC pause (G1 Evacuation Pause) (young)
Desired survivor size 266338304 bytes, new threshold 15 (max 15)
- age   1:   12559232 bytes,   12559232 total
- age   2:    1110864 bytes,   13670096 total
- age   3:    1118832 bytes,   14788928 total
- age   4:    1175824 bytes,   15964752 total
- age   5:    1132352 bytes,   17097104 total
- age   6:    1185080 bytes,   18282184 total
- age   7:    1139424 bytes,   19421608 total
- age   8:    1195192 bytes,   20616800 total
- age   9:    1208344 bytes,   21825144 total
- age  10:    1148128 bytes,   22973272 total
- age  11:    1142968 bytes,   24116240 total
- age  12:     984368 bytes,   25100608 total
- age  13:       4888 bytes,   25105496 total
- age  14:       6952 bytes,   25112448 total
- age  15:       4752 bytes,   25117200 total
, 0.0273459 secs]
   [Parallel Time: 11.3 ms, GC Workers: 30]
      [GC Worker Start (ms): Min: 438277.2, Avg: 438277.8, Max: 438278.2, Diff: 0.9]
      [Ext Root Scanning (ms): Min: 0.1, Avg: 0.5, Max: 1.3, Diff: 1.2, Sum: 16.2]
      [Update RS (ms): Min: 1.4, Avg: 1.9, Max: 2.3, Diff: 0.9, Sum: 56.0]
         [Processed Buffers: Min: 2, Avg: 3.8, Max: 16, Diff: 14, Sum: 113]
      [Scan RS (ms): Min: 0.0, Avg: 0.2, Max: 0.4, Diff: 0.4, Sum: 6.3]
      [Code Root Scanning (ms): Min: 0.0, Avg: 0.0, Max: 0.0, Diff: 0.0, Sum: 0.1]
      [Object Copy (ms): Min: 7.2, Avg: 7.5, Max: 7.6, Diff: 0.4, Sum: 224.0]
      [Termination (ms): Min: 0.0, Avg: 0.0, Max: 0.0, Diff: 0.0, Sum: 0.2]
         [Termination Attempts: Min: 1, Avg: 1.0, Max: 1, Diff: 0, Sum: 30]
      [GC Worker Other (ms): Min: 0.0, Avg: 0.2, Max: 0.3, Diff: 0.3, Sum: 5.3]
      [GC Worker Total (ms): Min: 9.7, Avg: 10.3, Max: 10.8, Diff: 1.1, Sum: 308.1]
      [GC Worker End (ms): Min: 438287.9, Avg: 438288.0, Max: 438288.2, Diff: 0.3]
   [Code Root Fixup: 0.0 ms]
   [Code Root Purge: 0.0 ms]
   [Clear CT: 2.6 ms]
   [Other: 13.5 ms]
      [Choose CSet: 0.0 ms]
      [Ref Proc: 8.1 ms]
      [Ref Enq: 1.1 ms]
      [Redirty Cards: 2.3 ms]
      [Humongous Register: 0.3 ms]
      [Humongous Reclaim: 0.1 ms]
      [Free CSet: 1.3 ms]
   [Eden: 4004.0M(4004.0M)->0.0B(4004.0M) Survivors: 44.0M->44.0M Heap: 7022.2M(8192.0M)->3020.6M(8192.0M)]
 [Times: user=0.33 sys=0.00, real=0.03 secs]
2018-04-30T04:34:35.968+0200: 438.304: Total time for which application threads were stopped: 0.0289140 seconds, Stopping threads took: 0.0004823 seconds
2018-04-30T04:34:36.382+0200: 438.718: Application time: 0.4141296 seconds
2018-04-30T04:34:36.383+0200: 438.720: [GC pause (G1 Evacuation Pause) (young)
Desired survivor size 266338304 bytes, new threshold 15 (max 15)
- age   1:   13880800 bytes,   13880800 total
- age   2:    2918744 bytes,   16799544 total
- age   3:    1107152 bytes,   17906696 total
- age   4:    1116864 bytes,   19023560 total
- age   5:    1174928 bytes,   20198488 total
- age   6:    1131328 bytes,   21329816 total
- age   7:    1184504 bytes,   22514320 total
- age   8:    1138784 bytes,   23653104 total
- age   9:    1195000 bytes,   24848104 total
- age  10:    1208216 bytes,   26056320 total
- age  11:    1148000 bytes,   27204320 total
- age  12:     949440 bytes,   28153760 total
- age  13:       9472 bytes,   28163232 total
- age  14:       4888 bytes,   28168120 total
- age  15:       6824 bytes,   28174944 total
, 0.0266973 secs]
   [Parallel Time: 10.6 ms, GC Workers: 30]
      [GC Worker Start (ms): Min: 438720.0, Avg: 438720.3, Max: 438720.7, Diff: 0.7]
      [Ext Root Scanning (ms): Min: 0.2, Avg: 0.6, Max: 1.2, Diff: 1.0, Sum: 18.9]
      [Update RS (ms): Min: 1.3, Avg: 1.9, Max: 2.2, Diff: 0.9, Sum: 55.5]
         [Processed Buffers: Min: 2, Avg: 3.8, Max: 15, Diff: 13, Sum: 115]
      [Scan RS (ms): Min: 0.0, Avg: 0.2, Max: 0.4, Diff: 0.4, Sum: 5.9]
      [Code Root Scanning (ms): Min: 0.0, Avg: 0.0, Max: 0.0, Diff: 0.0, Sum: 0.1]
      [Object Copy (ms): Min: 6.8, Avg: 7.0, Max: 7.2, Diff: 0.3, Sum: 210.5]
      [Termination (ms): Min: 0.0, Avg: 0.0, Max: 0.0, Diff: 0.0, Sum: 0.2]
         [Termination Attempts: Min: 1, Avg: 1.0, Max: 1, Diff: 0, Sum: 30]
      [GC Worker Other (ms): Min: 0.0, Avg: 0.2, Max: 0.4, Diff: 0.3, Sum: 5.4]
      [GC Worker Total (ms): Min: 9.4, Avg: 9.9, Max: 10.3, Diff: 1.0, Sum: 296.5]
      [GC Worker End (ms): Min: 438730.0, Avg: 438730.1, Max: 438730.3, Diff: 0.3]
   [Code Root Fixup: 0.0 ms]
   [Code Root Purge: 0.0 ms]
   [Clear CT: 1.6 ms]
   [Other: 14.5 ms]
      [Choose CSet: 0.0 ms]
      [Ref Proc: 8.4 ms]
      [Ref Enq: 1.2 ms]
      [Redirty Cards: 2.7 ms]
      [Humongous Register: 0.3 ms]
      [Humongous Reclaim: 0.1 ms]
      [Free CSet: 1.5 ms]
   [Eden: 4004.0M(4004.0M)->0.0B(4004.0M) Survivors: 44.0M->44.0M Heap: 7024.6M(8192.0M)->3018.3M(8192.0M)]
 [Times: user=0.31 sys=0.00, real=0.03 secs]
2018-04-30T04:34:36.410+0200: 438.747: Total time for which application threads were stopped: 0.0281542 seconds, Stopping threads took: 0.0004121 seconds
2018-04-30T04:34:36.849+0200: 439.185: Application time: 0.4388004 seconds
2018-04-30T04:34:36.850+0200: 439.186: [GC pause (G1 Evacuation Pause) (young)
Desired survivor size 266338304 bytes, new threshold 15 (max 15)
- age   1:   11735648 bytes,   11735648 total
- age   2:    1180744 bytes,   12916392 total
- age   3:    2913776 bytes,   15830168 total
- age   4:    1105072 bytes,   16935240 total
- age   5:    1115968 bytes,   18051208 total
- age   6:    1174448 bytes,   19225656 total
- age   7:    1130560 bytes,   20356216 total
- age   8:    1183928 bytes,   21540144 total
- age   9:    1138336 bytes,   22678480 total
- age  10:    1194680 bytes,   23873160 total
- age  11:    1207560 bytes,   25080720 total
- age  12:     899344 bytes,   25980064 total
- age  13:       3568 bytes,   25983632 total
- age  14:       8640 bytes,   25992272 total
- age  15:       4760 bytes,   25997032 total
, 0.0256395 secs]
   [Parallel Time: 9.6 ms, GC Workers: 30]
      [GC Worker Start (ms): Min: 439186.9, Avg: 439187.5, Max: 439187.9, Diff: 1.0]
      [Ext Root Scanning (ms): Min: 0.1, Avg: 0.5, Max: 1.3, Diff: 1.2, Sum: 14.3]
      [Update RS (ms): Min: 1.7, Avg: 1.9, Max: 2.3, Diff: 0.6, Sum: 58.4]
         [Processed Buffers: Min: 2, Avg: 3.9, Max: 15, Diff: 13, Sum: 116]
      [Scan RS (ms): Min: 0.0, Avg: 0.2, Max: 0.4, Diff: 0.4, Sum: 5.8]
      [Code Root Scanning (ms): Min: 0.0, Avg: 0.0, Max: 0.0, Diff: 0.0, Sum: 0.1]
      [Object Copy (ms): Min: 5.8, Avg: 6.0, Max: 6.1, Diff: 0.3, Sum: 179.6]
      [Termination (ms): Min: 0.0, Avg: 0.0, Max: 0.0, Diff: 0.0, Sum: 0.5]
         [Termination Attempts: Min: 1, Avg: 1.0, Max: 1, Diff: 0, Sum: 30]
      [GC Worker Other (ms): Min: 0.0, Avg: 0.2, Max: 0.3, Diff: 0.3, Sum: 4.6]
      [GC Worker Total (ms): Min: 8.3, Avg: 8.8, Max: 9.4, Diff: 1.1, Sum: 263.2]
      [GC Worker End (ms): Min: 439196.1, Avg: 439196.3, Max: 439196.4, Diff: 0.3]
   [Code Root Fixup: 0.0 ms]
   [Code Root Purge: 0.0 ms]
   [Clear CT: 2.8 ms]
   [Other: 13.2 ms]
      [Choose CSet: 0.0 ms]
      [Ref Proc: 7.7 ms]
      [Ref Enq: 1.2 ms]
      [Redirty Cards: 2.5 ms]
      [Humongous Register: 0.3 ms]
      [Humongous Reclaim: 0.1 ms]
      [Free CSet: 1.2 ms]
   [Eden: 4004.0M(4004.0M)->0.0B(4012.0M) Survivors: 44.0M->40.0M Heap: 7022.3M(8192.0M)->3015.9M(8192.0M)]
 [Times: user=0.29 sys=0.00, real=0.03 secs]
2018-04-30T04:34:36.876+0200: 439.212: Total time for which application threads were stopped: 0.0270022 seconds, Stopping threads took: 0.0003674 seconds
2018-04-30T04:34:37.322+0200: 439.659: Application time: 0.4463551 seconds
2018-04-30T04:34:37.323+0200: 439.660: [GC pause (G1 Evacuation Pause) (young)
Desired survivor size 266338304 bytes, new threshold 15 (max 15)
- age   1:    8650424 bytes,    8650424 total
- age   2:    1365008 bytes,   10015432 total
- age   3:    1177664 bytes,   11193096 total
- age   4:    2912048 bytes,   14105144 total
- age   5:    1103664 bytes,   15208808 total
- age   6:    1115200 bytes,   16324008 total
- age   7:    1174064 bytes,   17498072 total
- age   8:    1130304 bytes,   18628376 total
- age   9:    1183352 bytes,   19811728 total
- age  10:    1137888 bytes,   20949616 total
- age  11:    1194680 bytes,   22144296 total
- age  12:     888784 bytes,   23033080 total
- age  13:       5696 bytes,   23038776 total
- age  14:       3248 bytes,   23042024 total
- age  15:       8384 bytes,   23050408 total
, 0.0258076 secs]
   [Parallel Time: 10.6 ms, GC Workers: 30]
      [GC Worker Start (ms): Min: 439660.2, Avg: 439660.6, Max: 439661.1, Diff: 0.9]
      [Ext Root Scanning (ms): Min: 0.0, Avg: 0.5, Max: 1.2, Diff: 1.2, Sum: 14.8]
      [Update RS (ms): Min: 1.5, Avg: 1.9, Max: 2.4, Diff: 0.8, Sum: 56.6]
         [Processed Buffers: Min: 2, Avg: 3.9, Max: 14, Diff: 12, Sum: 116]
      [Scan RS (ms): Min: 0.0, Avg: 0.2, Max: 0.5, Diff: 0.4, Sum: 6.1]
      [Code Root Scanning (ms): Min: 0.0, Avg: 0.0, Max: 0.0, Diff: 0.0, Sum: 0.1]
      [Object Copy (ms): Min: 6.8, Avg: 7.1, Max: 7.2, Diff: 0.4, Sum: 211.7]
      [Termination (ms): Min: 0.0, Avg: 0.0, Max: 0.0, Diff: 0.0, Sum: 0.3]
         [Termination Attempts: Min: 1, Avg: 1.0, Max: 1, Diff: 0, Sum: 30]
      [GC Worker Other (ms): Min: 0.0, Avg: 0.2, Max: 0.3, Diff: 0.3, Sum: 4.9]
      [GC Worker Total (ms): Min: 9.2, Avg: 9.8, Max: 10.4, Diff: 1.1, Sum: 294.4]
      [GC Worker End (ms): Min: 439670.3, Avg: 439670.5, Max: 439670.6, Diff: 0.3]
   [Code Root Fixup: 0.0 ms]
   [Code Root Purge: 0.0 ms]
   [Clear CT: 2.6 ms]
   [Other: 12.6 ms]
      [Choose CSet: 0.0 ms]
      [Ref Proc: 6.8 ms]
      [Ref Enq: 0.9 ms]
      [Redirty Cards: 2.8 ms]
      [Humongous Register: 0.3 ms]
      [Humongous Reclaim: 0.1 ms]
      [Free CSet: 1.4 ms]
   [Eden: 4012.0M(4012.0M)->0.0B(4020.0M) Survivors: 40.0M->36.0M Heap: 7027.9M(8192.0M)->3010.2M(8192.0M)]
 [Times: user=0.31 sys=0.00, real=0.03 secs]
2018-04-30T04:34:37.350+0200: 439.686: Total time for which application threads were stopped: 0.0271507 seconds, Stopping threads took: 0.0003016 seconds
2018-04-30T04:34:37.801+0200: 440.137: Application time: 0.4514595 seconds
2018-04-30T04:34:37.802+0200: 440.138: [GC pause (G1 Evacuation Pause) (young)
Desired survivor size 266338304 bytes, new threshold 15 (max 15)
- age   1:   10461560 bytes,   10461560 total
- age   2:    1231864 bytes,   11693424 total
- age   3:    1205792 bytes,   12899216 total
- age   4:    1175520 bytes,   14074736 total
- age   5:    2910224 bytes,   16984960 total
- age   6:    1101808 bytes,   18086768 total
- age   7:    1114496 bytes,   19201264 total
- age   8:    1173808 bytes,   20375072 total
- age   9:    1129856 bytes,   21504928 total
- age  10:    1182840 bytes,   22687768 total
- age  11:    1137440 bytes,   23825208 total
- age  12:     934792 bytes,   24760000 total
- age  13:      10504 bytes,   24770504 total
- age  14:       5632 bytes,   24776136 total
- age  15:       3184 bytes,   24779320 total
, 0.0229814 secs]
   [Parallel Time: 9.5 ms, GC Workers: 30]
      [GC Worker Start (ms): Min: 440138.8, Avg: 440139.2, Max: 440139.5, Diff: 0.7]
      [Ext Root Scanning (ms): Min: 0.2, Avg: 0.5, Max: 1.3, Diff: 1.1, Sum: 16.1]
      [Update RS (ms): Min: 1.1, Avg: 1.8, Max: 2.2, Diff: 1.1, Sum: 55.0]
         [Processed Buffers: Min: 2, Avg: 3.8, Max: 12, Diff: 10, Sum: 113]
      [Scan RS (ms): Min: 0.0, Avg: 0.2, Max: 0.4, Diff: 0.4, Sum: 5.6]
      [Code Root Scanning (ms): Min: 0.0, Avg: 0.0, Max: 0.0, Diff: 0.0, Sum: 0.1]
      [Object Copy (ms): Min: 5.8, Avg: 6.0, Max: 6.2, Diff: 0.4, Sum: 181.1]
      [Termination (ms): Min: 0.0, Avg: 0.0, Max: 0.0, Diff: 0.0, Sum: 0.7]
         [Termination Attempts: Min: 1, Avg: 1.0, Max: 1, Diff: 0, Sum: 30]
      [GC Worker Other (ms): Min: 0.0, Avg: 0.2, Max: 0.3, Diff: 0.3, Sum: 5.2]
      [GC Worker Total (ms): Min: 8.3, Avg: 8.8, Max: 9.3, Diff: 1.0, Sum: 263.7]
      [GC Worker End (ms): Min: 440147.8, Avg: 440148.0, Max: 440148.1, Diff: 0.3]
   [Code Root Fixup: 0.0 ms]
   [Code Root Purge: 0.0 ms]
   [Clear CT: 1.5 ms]
   [Other: 12.0 ms]
      [Choose CSet: 0.0 ms]
      [Ref Proc: 6.8 ms]
      [Ref Enq: 0.9 ms]
      [Redirty Cards: 2.3 ms]
      [Humongous Register: 0.3 ms]
      [Humongous Reclaim: 0.1 ms]
      [Free CSet: 1.4 ms]
   [Eden: 4020.0M(4020.0M)->0.0B(4020.0M) Survivors: 36.0M->36.0M Heap: 7030.2M(8192.0M)->3011.0M(8192.0M)]
 [Times: user=0.27 sys=0.01, real=0.03 secs]
2018-04-30T04:34:37.825+0200: 440.162: Total time for which application threads were stopped: 0.0243105 seconds, Stopping threads took: 0.0003132 seconds
2018-04-30T04:34:38.261+0200: 440.597: Application time: 0.4356792 seconds
2018-04-30T04:34:38.262+0200: 440.598: [GC pause (G1 Evacuation Pause) (young)
Desired survivor size 266338304 bytes, new threshold 15 (max 15)
- age   1:    9724768 bytes,    9724768 total
- age   2:    1407232 bytes,   11132000 total
- age   3:    1226480 bytes,   12358480 total
- age   4:    1202368 bytes,   13560848 total
- age   5:    1174368 bytes,   14735216 total
- age   6:    2909392 bytes,   17644608 total
- age   7:    1101040 bytes,   18745648 total
- age   8:    1113472 bytes,   19859120 total
- age   9:    1173488 bytes,   21032608 total
- age  10:    1129856 bytes,   22162464 total
- age  11:    1182648 bytes,   23345112 total
- age  12:     958440 bytes,   24303552 total
- age  13:      14864 bytes,   24318416 total
- age  14:      10440 bytes,   24328856 total
- age  15:       5632 bytes,   24334488 total
, 0.0297190 secs]
   [Parallel Time: 11.0 ms, GC Workers: 30]
      [GC Worker Start (ms): Min: 440598.8, Avg: 440599.5, Max: 440600.0, Diff: 1.1]
      [Ext Root Scanning (ms): Min: 0.0, Avg: 0.4, Max: 1.2, Diff: 1.2, Sum: 12.3]
      [Update RS (ms): Min: 1.6, Avg: 1.9, Max: 2.4, Diff: 0.8, Sum: 55.8]
         [Processed Buffers: Min: 2, Avg: 4.0, Max: 20, Diff: 18, Sum: 119]
      [Scan RS (ms): Min: 0.0, Avg: 0.2, Max: 0.4, Diff: 0.4, Sum: 6.3]
      [Code Root Scanning (ms): Min: 0.0, Avg: 0.0, Max: 0.0, Diff: 0.0, Sum: 0.1]
      [Object Copy (ms): Min: 7.1, Avg: 7.4, Max: 7.5, Diff: 0.5, Sum: 221.8]
      [Termination (ms): Min: 0.0, Avg: 0.0, Max: 0.0, Diff: 0.0, Sum: 0.2]
         [Termination Attempts: Min: 1, Avg: 1.0, Max: 1, Diff: 0, Sum: 30]
      [GC Worker Other (ms): Min: 0.0, Avg: 0.2, Max: 0.3, Diff: 0.3, Sum: 5.2]
      [GC Worker Total (ms): Min: 9.5, Avg: 10.1, Max: 10.8, Diff: 1.3, Sum: 301.7]
      [GC Worker End (ms): Min: 440609.4, Avg: 440609.5, Max: 440609.7, Diff: 0.3]
   [Code Root Fixup: 0.0 ms]
   [Code Root Purge: 0.0 ms]
   [Clear CT: 2.3 ms]
   [Other: 16.4 ms]
      [Choose CSet: 0.0 ms]
      [Ref Proc: 10.8 ms]
      [Ref Enq: 1.3 ms]
      [Redirty Cards: 2.4 ms]
      [Humongous Register: 0.3 ms]
      [Humongous Reclaim: 0.1 ms]
      [Free CSet: 1.3 ms]
   [Eden: 4020.0M(4020.0M)->0.0B(4012.0M) Survivors: 36.0M->40.0M Heap: 7031.0M(8192.0M)->3015.0M(8192.0M)]
 [Times: user=0.33 sys=0.00, real=0.04 secs]
2018-04-30T04:34:38.292+0200: 440.628: Total time for which application threads were stopped: 0.0309856 seconds, Stopping threads took: 0.0002941 seconds
2018-04-30T04:34:38.724+0200: 441.060: Application time: 0.4317026 seconds
2018-04-30T04:34:38.725+0200: 441.061: [GC pause (G1 Evacuation Pause) (young)
Desired survivor size 266338304 bytes, new threshold 15 (max 15)
- age   1:   12484840 bytes,   12484840 total
- age   2:    1132064 bytes,   13616904 total
- age   3:    1390328 bytes,   15007232 total
- age   4:    1224816 bytes,   16232048 total
- age   5:    1200352 bytes,   17432400 total
- age   6:    1173728 bytes,   18606128 total
- age   7:    2908944 bytes,   21515072 total
- age   8:    1100912 bytes,   22615984 total
- age   9:    1113152 bytes,   23729136 total
- age  10:    1173168 bytes,   24902304 total
- age  11:    1129792 bytes,   26032096 total
- age  12:     989672 bytes,   27021768 total
- age  13:       7128 bytes,   27028896 total
- age  14:      14864 bytes,   27043760 total
- age  15:      10440 bytes,   27054200 total
, 0.0248593 secs]
   [Parallel Time: 10.9 ms, GC Workers: 30]
      [GC Worker Start (ms): Min: 441061.6, Avg: 441062.0, Max: 441062.4, Diff: 0.8]
      [Ext Root Scanning (ms): Min: 0.1, Avg: 0.5, Max: 1.2, Diff: 1.1, Sum: 16.0]
      [Update RS (ms): Min: 1.6, Avg: 1.9, Max: 2.3, Diff: 0.7, Sum: 57.5]
         [Processed Buffers: Min: 2, Avg: 3.9, Max: 20, Diff: 18, Sum: 117]
      [Scan RS (ms): Min: 0.0, Avg: 0.2, Max: 0.4, Diff: 0.4, Sum: 6.0]
      [Code Root Scanning (ms): Min: 0.0, Avg: 0.0, Max: 0.0, Diff: 0.0, Sum: 0.1]
      [Object Copy (ms): Min: 7.1, Avg: 7.2, Max: 7.4, Diff: 0.3, Sum: 217.4]
      [Termination (ms): Min: 0.0, Avg: 0.0, Max: 0.0, Diff: 0.0, Sum: 0.3]
         [Termination Attempts: Min: 1, Avg: 1.0, Max: 1, Diff: 0, Sum: 30]
      [GC Worker Other (ms): Min: 0.0, Avg: 0.2, Max: 0.4, Diff: 0.3, Sum: 5.3]
      [GC Worker Total (ms): Min: 9.6, Avg: 10.1, Max: 10.6, Diff: 1.0, Sum: 302.4]
      [GC Worker End (ms): Min: 441071.9, Avg: 441072.1, Max: 441072.3, Diff: 0.3]
   [Code Root Fixup: 0.0 ms]
   [Code Root Purge: 0.0 ms]
   [Clear CT: 1.6 ms]
   [Other: 12.3 ms]
      [Choose CSet: 0.0 ms]
      [Ref Proc: 7.4 ms]
      [Ref Enq: 1.1 ms]
      [Redirty Cards: 2.0 ms]
      [Humongous Register: 0.3 ms]
      [Humongous Reclaim: 0.1 ms]
      [Free CSet: 1.2 ms]
   [Eden: 4012.0M(4012.0M)->0.0B(4004.0M) Survivors: 40.0M->44.0M Heap: 7027.0M(8192.0M)->3019.2M(8192.0M)]
 [Times: user=0.32 sys=0.00, real=0.02 secs]
2018-04-30T04:34:38.750+0200: 441.086: Total time for which application threads were stopped: 0.0262482 seconds, Stopping threads took: 0.0003811 seconds
2018-04-30T04:34:39.188+0200: 441.524: Application time: 0.4379801 seconds
2018-04-30T04:34:39.189+0200: 441.525: [GC pause (G1 Evacuation Pause) (young)
Desired survivor size 266338304 bytes, new threshold 15 (max 15)
- age   1:   12039624 bytes,   12039624 total
- age   2:    1161200 bytes,   13200824 total
- age   3:    1127488 bytes,   14328312 total
- age   4:    1388264 bytes,   15716576 total
- age   5:    1222864 bytes,   16939440 total
- age   6:    1199264 bytes,   18138704 total
- age   7:    1173152 bytes,   19311856 total
- age   8:    2908688 bytes,   22220544 total
- age   9:    1100656 bytes,   23321200 total
- age  10:    1112752 bytes,   24433952 total
- age  11:    1173168 bytes,   25607120 total
- age  12:     978432 bytes,   26585552 total
- age  13:       4632 bytes,   26590184 total
- age  14:       6936 bytes,   26597120 total
- age  15:      14864 bytes,   26611984 total
, 0.0293704 secs]
   [Parallel Time: 12.5 ms, GC Workers: 30]
      [GC Worker Start (ms): Min: 441525.9, Avg: 441526.3, Max: 441526.8, Diff: 0.9]
      [Ext Root Scanning (ms): Min: 0.1, Avg: 0.5, Max: 1.2, Diff: 1.1, Sum: 15.9]
      [Update RS (ms): Min: 1.5, Avg: 1.9, Max: 2.5, Diff: 1.0, Sum: 56.6]
         [Processed Buffers: Min: 2, Avg: 3.9, Max: 14, Diff: 12, Sum: 117]
      [Scan RS (ms): Min: 0.0, Avg: 0.2, Max: 0.4, Diff: 0.4, Sum: 5.7]
      [Code Root Scanning (ms): Min: 0.0, Avg: 0.0, Max: 0.0, Diff: 0.0, Sum: 0.1]
      [Object Copy (ms): Min: 8.4, Avg: 8.9, Max: 9.1, Diff: 0.7, Sum: 265.8]
      [Termination (ms): Min: 0.0, Avg: 0.0, Max: 0.0, Diff: 0.0, Sum: 0.4]
         [Termination Attempts: Min: 1, Avg: 1.0, Max: 1, Diff: 0, Sum: 30]
      [GC Worker Other (ms): Min: 0.0, Avg: 0.2, Max: 0.3, Diff: 0.3, Sum: 5.0]
      [GC Worker Total (ms): Min: 11.2, Avg: 11.7, Max: 12.2, Diff: 1.0, Sum: 349.5]
      [GC Worker End (ms): Min: 441537.8, Avg: 441538.0, Max: 441538.2, Diff: 0.3]
   [Code Root Fixup: 0.0 ms]
   [Code Root Purge: 0.0 ms]
   [Clear CT: 2.8 ms]
   [Other: 14.1 ms]
      [Choose CSet: 0.0 ms]
      [Ref Proc: 8.2 ms]
      [Ref Enq: 1.1 ms]
      [Redirty Cards: 2.9 ms]
      [Humongous Register: 0.3 ms]
      [Humongous Reclaim: 0.1 ms]
      [Free CSet: 1.3 ms]
   [Eden: 4004.0M(4004.0M)->0.0B(3988.0M) Survivors: 44.0M->52.0M Heap: 7023.2M(8192.0M)->3026.3M(8192.0M)]
 [Times: user=0.37 sys=0.01, real=0.03 secs]
2018-04-30T04:34:39.219+0200: 441.555: Total time for which application threads were stopped: 0.0308186 seconds, Stopping threads took: 0.0004083 seconds
2018-04-30T04:34:39.638+0200: 441.974: Application time: 0.4193676 seconds
2018-04-30T04:34:39.639+0200: 441.976: [GC pause (G1 Evacuation Pause) (young)
Desired survivor size 266338304 bytes, new threshold 15 (max 15)
- age   1:   15481176 bytes,   15481176 total
- age   2:    1301096 bytes,   16782272 total
- age   3:    1158104 bytes,   17940376 total
- age   4:    1125440 bytes,   19065816 total
- age   5:    1386888 bytes,   20452704 total
- age   6:    1222032 bytes,   21674736 total
- age   7:    1198816 bytes,   22873552 total
- age   8:    1172576 bytes,   24046128 total
- age   9:    2908240 bytes,   26954368 total
- age  10:    1100336 bytes,   28054704 total
- age  11:    1112688 bytes,   29167392 total
- age  12:     997864 bytes,   30165256 total
- age  13:       2912 bytes,   30168168 total
- age  14:       4440 bytes,   30172608 total
- age  15:       6744 bytes,   30179352 total
, 0.0242399 secs]
   [Parallel Time: 10.1 ms, GC Workers: 30]
      [GC Worker Start (ms): Min: 441976.0, Avg: 441976.5, Max: 441977.0, Diff: 1.0]
      [Ext Root Scanning (ms): Min: 0.0, Avg: 0.5, Max: 1.2, Diff: 1.2, Sum: 14.5]
      [Update RS (ms): Min: 1.3, Avg: 1.8, Max: 2.3, Diff: 1.0, Sum: 55.4]
         [Processed Buffers: Min: 2, Avg: 3.9, Max: 19, Diff: 17, Sum: 116]
      [Scan RS (ms): Min: 0.0, Avg: 0.2, Max: 0.5, Diff: 0.4, Sum: 5.9]
      [Code Root Scanning (ms): Min: 0.0, Avg: 0.0, Max: 0.0, Diff: 0.0, Sum: 0.1]
      [Object Copy (ms): Min: 6.2, Avg: 6.4, Max: 6.6, Diff: 0.4, Sum: 193.4]
      [Termination (ms): Min: 0.0, Avg: 0.0, Max: 0.0, Diff: 0.0, Sum: 0.5]
         [Termination Attempts: Min: 1, Avg: 1.2, Max: 2, Diff: 1, Sum: 35]
      [GC Worker Other (ms): Min: 0.0, Avg: 0.2, Max: 0.4, Diff: 0.3, Sum: 5.4]
      [GC Worker Total (ms): Min: 8.6, Avg: 9.2, Max: 9.8, Diff: 1.2, Sum: 275.1]
      [GC Worker End (ms): Min: 441985.5, Avg: 441985.7, Max: 441985.9, Diff: 0.3]
   [Code Root Fixup: 0.0 ms]
   [Code Root Purge: 0.0 ms]
   [Clear CT: 2.1 ms]
   [Other: 12.1 ms]
      [Choose CSet: 0.0 ms]
      [Ref Proc: 6.9 ms]
      [Ref Enq: 0.8 ms]
      [Redirty Cards: 2.4 ms]
      [Humongous Register: 0.3 ms]
      [Humongous Reclaim: 0.1 ms]
      [Free CSet: 1.2 ms]
   [Eden: 3988.0M(3988.0M)->0.0B(4012.0M) Survivors: 52.0M->40.0M Heap: 7014.3M(8192.0M)->3014.4M(8192.0M)]
 [Times: user=0.29 sys=0.00, real=0.03 secs]
2018-04-30T04:34:39.664+0200: 442.000: Total time for which application threads were stopped: 0.0255935 seconds, Stopping threads took: 0.0003679 seconds
2018-04-30T04:34:40.094+0200: 442.431: Application time: 0.4305380 seconds
2018-04-30T04:34:40.095+0200: 442.432: [GC pause (G1 Evacuation Pause) (young)
Desired survivor size 266338304 bytes, new threshold 15 (max 15)
- age   1:   10547512 bytes,   10547512 total
- age   2:    1177440 bytes,   11724952 total
- age   3:    1295472 bytes,   13020424 total
- age   4:    1155176 bytes,   14175600 total
- age   5:    1123968 bytes,   15299568 total
- age   6:    1385272 bytes,   16684840 total
- age   7:    1221392 bytes,   17906232 total
- age   8:    1198496 bytes,   19104728 total
- age   9:    1172448 bytes,   20277176 total
- age  10:    2907920 bytes,   23185096 total
- age  11:    1100144 bytes,   24285240 total
- age  12:     983152 bytes,   25268392 total
- age  13:       4048 bytes,   25272440 total
- age  14:       2784 bytes,   25275224 total
- age  15:       4376 bytes,   25279600 total
, 0.0270456 secs]
   [Parallel Time: 11.6 ms, GC Workers: 30]
      [GC Worker Start (ms): Min: 442432.2, Avg: 442432.7, Max: 442433.2, Diff: 0.9]
      [Ext Root Scanning (ms): Min: 0.0, Avg: 0.5, Max: 1.2, Diff: 1.2, Sum: 14.4]
      [Update RS (ms): Min: 1.4, Avg: 1.9, Max: 2.2, Diff: 0.9, Sum: 56.1]
         [Processed Buffers: Min: 2, Avg: 4.0, Max: 13, Diff: 11, Sum: 121]
      [Scan RS (ms): Min: 0.0, Avg: 0.2, Max: 0.4, Diff: 0.4, Sum: 5.9]
      [Code Root Scanning (ms): Min: 0.0, Avg: 0.0, Max: 0.0, Diff: 0.0, Sum: 0.1]
      [Object Copy (ms): Min: 7.8, Avg: 8.0, Max: 8.1, Diff: 0.3, Sum: 239.2]
      [Termination (ms): Min: 0.0, Avg: 0.0, Max: 0.0, Diff: 0.0, Sum: 0.2]
         [Termination Attempts: Min: 1, Avg: 1.0, Max: 1, Diff: 0, Sum: 30]
      [GC Worker Other (ms): Min: 0.0, Avg: 0.2, Max: 0.4, Diff: 0.3, Sum: 5.6]
      [GC Worker Total (ms): Min: 10.1, Avg: 10.7, Max: 11.3, Diff: 1.2, Sum: 321.5]
      [GC Worker End (ms): Min: 442443.2, Avg: 442443.4, Max: 442443.6, Diff: 0.3]
   [Code Root Fixup: 0.0 ms]
   [Code Root Purge: 0.0 ms]
   [Clear CT: 1.8 ms]
   [Other: 13.6 ms]
      [Choose CSet: 0.0 ms]
      [Ref Proc: 8.1 ms]
      [Ref Enq: 1.1 ms]
      [Redirty Cards: 2.3 ms]
      [Humongous Register: 0.3 ms]
      [Humongous Reclaim: 0.1 ms]
      [Free CSet: 1.4 ms]
   [Eden: 4012.0M(4012.0M)->0.0B(3988.0M) Survivors: 40.0M->52.0M Heap: 7026.4M(8192.0M)->3026.4M(8192.0M)]
 [Times: user=0.34 sys=0.01, real=0.02 secs]
2018-04-30T04:34:40.123+0200: 442.459: Total time for which application threads were stopped: 0.0285423 seconds, Stopping threads took: 0.0004398 seconds
2018-04-30T04:34:40.556+0200: 442.893: Application time: 0.4335628 seconds
2018-04-30T04:34:40.557+0200: 442.894: [GC pause (G1 Evacuation Pause) (young)
Desired survivor size 266338304 bytes, new threshold 15 (max 15)
- age   1:   14460216 bytes,   14460216 total
- age   2:    1137408 bytes,   15597624 total
- age   3:    1162824 bytes,   16760448 total
- age   4:    1144208 bytes,   17904656 total
- age   5:    1148760 bytes,   19053416 total
- age   6:    1103536 bytes,   20156952 total
- age   7:    1143304 bytes,   21300256 total
- age   8:    1220624 bytes,   22520880 total
- age   9:    1198048 bytes,   23718928 total
- age  10:    1172320 bytes,   24891248 total
- age  11:    2907456 bytes,   27798704 total
- age  12:     905544 bytes,   28704248 total
- age  13:       5320 bytes,   28709568 total
- age  14:       4048 bytes,   28713616 total
- age  15:       2656 bytes,   28716272 total
, 0.0237889 secs]
   [Parallel Time: 10.2 ms, GC Workers: 30]
      [GC Worker Start (ms): Min: 442894.2, Avg: 442894.8, Max: 442895.4, Diff: 1.2]
      [Ext Root Scanning (ms): Min: 0.0, Avg: 0.4, Max: 1.2, Diff: 1.2, Sum: 11.7]
      [Update RS (ms): Min: 1.4, Avg: 1.9, Max: 2.5, Diff: 1.0, Sum: 56.9]
         [Processed Buffers: Min: 1, Avg: 3.8, Max: 9, Diff: 8, Sum: 113]
      [Scan RS (ms): Min: 0.0, Avg: 0.2, Max: 0.5, Diff: 0.5, Sum: 6.3]
      [Code Root Scanning (ms): Min: 0.0, Avg: 0.0, Max: 0.0, Diff: 0.0, Sum: 0.1]
      [Object Copy (ms): Min: 6.3, Avg: 6.7, Max: 6.9, Diff: 0.5, Sum: 201.4]
      [Termination (ms): Min: 0.0, Avg: 0.0, Max: 0.0, Diff: 0.0, Sum: 0.4]
         [Termination Attempts: Min: 1, Avg: 1.0, Max: 1, Diff: 0, Sum: 30]
      [GC Worker Other (ms): Min: 0.0, Avg: 0.2, Max: 0.3, Diff: 0.3, Sum: 4.8]
      [GC Worker Total (ms): Min: 8.7, Avg: 9.4, Max: 10.2, Diff: 1.5, Sum: 281.5]
      [GC Worker End (ms): Min: 442904.1, Avg: 442904.2, Max: 442904.4, Diff: 0.3]
   [Code Root Fixup: 0.0 ms]
   [Code Root Purge: 0.0 ms]
   [Clear CT: 1.4 ms]
   [Other: 12.2 ms]
      [Choose CSet: 0.0 ms]
      [Ref Proc: 7.0 ms]
      [Ref Enq: 0.8 ms]
      [Redirty Cards: 2.4 ms]
      [Humongous Register: 0.3 ms]
      [Humongous Reclaim: 0.1 ms]
      [Free CSet: 1.3 ms]
   [Eden: 3988.0M(3988.0M)->0.0B(4012.0M) Survivors: 52.0M->40.0M Heap: 7014.4M(8192.0M)->3015.3M(8192.0M)]
 [Times: user=0.30 sys=0.00, real=0.02 secs]
2018-04-30T04:34:40.582+0200: 442.918: Total time for which application threads were stopped: 0.0251688 seconds, Stopping threads took: 0.0003346 seconds
2018-04-30T04:34:40.791+0200: 443.128: Application time: 0.2097677 seconds
2018-04-30T04:34:40.793+0200: 443.129: Total time for which application threads were stopped: 0.0012425 seconds, Stopping threads took: 0.0004539 seconds
2018-04-30T04:34:40.793+0200: 443.129: Application time: 0.0000414 seconds
2018-04-30T04:34:40.793+0200: 443.130: Total time for which application threads were stopped: 0.0005990 seconds, Stopping threads took: 0.0000165 seconds
2018-04-30T04:34:40.793+0200: 443.130: Application time: 0.0001002 seconds
2018-04-30T04:34:40.794+0200: 443.130: Total time for which application threads were stopped: 0.0004538 seconds, Stopping threads took: 0.0000230 seconds
2018-04-30T04:34:40.794+0200: 443.130: Application time: 0.0001933 seconds
2018-04-30T04:34:40.794+0200: 443.131: Total time for which application threads were stopped: 0.0004635 seconds, Stopping threads took: 0.0000199 seconds
2018-04-30T04:34:41.026+0200: 443.362: Application time: 0.2312819 seconds
2018-04-30T04:34:41.027+0200: 443.363: [GC pause (G1 Evacuation Pause) (young)
Desired survivor size 266338304 bytes, new threshold 15 (max 15)
- age   1:   10611200 bytes,   10611200 total
- age   2:    1658496 bytes,   12269696 total
- age   3:    1132968 bytes,   13402664 total
- age   4:    1160328 bytes,   14562992 total
- age   5:    1142160 bytes,   15705152 total
- age   6:    1147736 bytes,   16852888 total
- age   7:    1102320 bytes,   17955208 total
- age   8:    1142536 bytes,   19097744 total
- age   9:    1220432 bytes,   20318176 total
- age  10:    1197536 bytes,   21515712 total
- age  11:    1172000 bytes,   22687712 total
- age  12:    2617440 bytes,   25305152 total
- age  13:       3392 bytes,   25308544 total
- age  14:       5064 bytes,   25313608 total
- age  15:       4048 bytes,   25317656 total
, 0.0254031 secs]
   [Parallel Time: 9.7 ms, GC Workers: 30]
      [GC Worker Start (ms): Min: 443363.5, Avg: 443363.9, Max: 443364.3, Diff: 0.8]
      [Ext Root Scanning (ms): Min: 0.2, Avg: 0.5, Max: 1.3, Diff: 1.1, Sum: 16.4]
      [Update RS (ms): Min: 1.5, Avg: 1.8, Max: 2.2, Diff: 0.7, Sum: 55.0]
         [Processed Buffers: Min: 2, Avg: 3.9, Max: 16, Diff: 14, Sum: 117]
      [Scan RS (ms): Min: 0.0, Avg: 0.2, Max: 0.4, Diff: 0.4, Sum: 5.9]
      [Code Root Scanning (ms): Min: 0.0, Avg: 0.0, Max: 0.0, Diff: 0.0, Sum: 0.1]
      [Object Copy (ms): Min: 5.9, Avg: 6.1, Max: 6.2, Diff: 0.4, Sum: 183.7]
      [Termination (ms): Min: 0.0, Avg: 0.0, Max: 0.0, Diff: 0.0, Sum: 0.3]
         [Termination Attempts: Min: 1, Avg: 1.0, Max: 1, Diff: 0, Sum: 30]
      [GC Worker Other (ms): Min: 0.0, Avg: 0.2, Max: 0.4, Diff: 0.3, Sum: 5.0]
      [GC Worker Total (ms): Min: 8.5, Avg: 8.9, Max: 9.3, Diff: 0.8, Sum: 266.4]
      [GC Worker End (ms): Min: 443372.6, Avg: 443372.8, Max: 443373.0, Diff: 0.3]
   [Code Root Fixup: 0.0 ms]
   [Code Root Purge: 0.0 ms]
   [Clear CT: 2.8 ms]
   [Other: 12.9 ms]
      [Choose CSet: 0.0 ms]
      [Ref Proc: 7.1 ms]
      [Ref Enq: 0.9 ms]
      [Redirty Cards: 2.9 ms]
      [Humongous Register: 0.3 ms]
      [Humongous Reclaim: 0.1 ms]
      [Free CSet: 1.3 ms]
   [Eden: 4012.0M(4012.0M)->0.0B(4004.0M) Survivors: 40.0M->44.0M Heap: 7027.3M(8192.0M)->3019.2M(8192.0M)]
 [Times: user=0.29 sys=0.00, real=0.03 secs]
2018-04-30T04:34:41.052+0200: 443.389: Total time for which application threads were stopped: 0.0267282 seconds, Stopping threads took: 0.0003245 seconds
2018-04-30T04:34:41.486+0200: 443.822: Application time: 0.4331855 seconds
2018-04-30T04:34:41.487+0200: 443.823: [GC pause (G1 Evacuation Pause) (young)
Desired survivor size 266338304 bytes, new threshold 15 (max 15)
- age   1:   10713032 bytes,   10713032 total
- age   2:    1221688 bytes,   11934720 total
- age   3:    1654416 bytes,   13589136 total
- age   4:    1129560 bytes,   14718696 total
- age   5:    1159240 bytes,   15877936 total
- age   6:    1140752 bytes,   17018688 total
- age   7:    1146776 bytes,   18165464 total
- age   8:    1101424 bytes,   19266888 total
- age   9:    1141704 bytes,   20408592 total
- age  10:    1220112 bytes,   21628704 total
- age  11:    1197344 bytes,   22826048 total
- age  12:     885592 bytes,   23711640 total
- age  13:    1746432 bytes,   25458072 total
- age  14:       3072 bytes,   25461144 total
- age  15:       5064 bytes,   25466208 total
, 0.0229235 secs]
   [Parallel Time: 9.1 ms, GC Workers: 30]
      [GC Worker Start (ms): Min: 443823.4, Avg: 443823.9, Max: 443824.3, Diff: 0.9]
      [Ext Root Scanning (ms): Min: 0.2, Avg: 0.6, Max: 1.4, Diff: 1.2, Sum: 16.6]
      [Update RS (ms): Min: 1.6, Avg: 1.8, Max: 2.2, Diff: 0.6, Sum: 54.4]
         [Processed Buffers: Min: 2, Avg: 4.0, Max: 13, Diff: 11, Sum: 119]
      [Scan RS (ms): Min: 0.0, Avg: 0.2, Max: 0.4, Diff: 0.4, Sum: 6.3]
      [Code Root Scanning (ms): Min: 0.0, Avg: 0.0, Max: 0.0, Diff: 0.0, Sum: 0.1]
      [Object Copy (ms): Min: 5.3, Avg: 5.6, Max: 5.7, Diff: 0.3, Sum: 167.6]
      [Termination (ms): Min: 0.0, Avg: 0.0, Max: 0.0, Diff: 0.0, Sum: 0.4]
         [Termination Attempts: Min: 1, Avg: 1.0, Max: 1, Diff: 0, Sum: 30]
      [GC Worker Other (ms): Min: 0.0, Avg: 0.2, Max: 0.3, Diff: 0.3, Sum: 5.2]
      [GC Worker Total (ms): Min: 8.0, Avg: 8.4, Max: 8.9, Diff: 1.0, Sum: 250.5]
      [GC Worker End (ms): Min: 443832.1, Avg: 443832.3, Max: 443832.5, Diff: 0.3]
   [Code Root Fixup: 0.0 ms]
   [Code Root Purge: 0.0 ms]
   [Clear CT: 1.9 ms]
   [Other: 11.8 ms]
      [Choose CSet: 0.0 ms]
      [Ref Proc: 6.6 ms]
      [Ref Enq: 0.9 ms]
      [Redirty Cards: 2.5 ms]
      [Humongous Register: 0.3 ms]
      [Humongous Reclaim: 0.1 ms]
      [Free CSet: 1.2 ms]
   [Eden: 4004.0M(4004.0M)->0.0B(4004.0M) Survivors: 44.0M->44.0M Heap: 7023.2M(8192.0M)->3018.4M(8192.0M)]
 [Times: user=0.26 sys=0.00, real=0.02 secs]
2018-04-30T04:34:41.510+0200: 443.846: Total time for which application threads were stopped: 0.0242191 seconds, Stopping threads took: 0.0003200 seconds
2018-04-30T04:34:41.945+0200: 444.281: Application time: 0.4353010 seconds
2018-04-30T04:34:41.946+0200: 444.283: [GC pause (G1 Evacuation Pause) (young)
Desired survivor size 266338304 bytes, new threshold 15 (max 15)
- age   1:    7526832 bytes,    7526832 total
- age   2:    1720184 bytes,    9247016 total
- age   3:    1218024 bytes,   10465040 total
- age   4:    1651936 bytes,   12116976 total
- age   5:    1128856 bytes,   13245832 total
- age   6:    1158696 bytes,   14404528 total
- age   7:    1140304 bytes,   15544832 total
- age   8:    1146712 bytes,   16691544 total
- age   9:    1101040 bytes,   17792584 total
- age  10:    1141448 bytes,   18934032 total
- age  11:    1220048 bytes,   20154080 total
- age  12:     933776 bytes,   21087856 total
- age  13:       3768 bytes,   21091624 total
- age  14:    1746432 bytes,   22838056 total
- age  15:       3072 bytes,   22841128 total
, 0.0240607 secs]
   [Parallel Time: 9.6 ms, GC Workers: 30]
      [GC Worker Start (ms): Min: 444283.0, Avg: 444283.6, Max: 444284.1, Diff: 1.0]
      [Ext Root Scanning (ms): Min: 0.1, Avg: 0.6, Max: 1.3, Diff: 1.2, Sum: 17.8]
      [Update RS (ms): Min: 1.5, Avg: 1.9, Max: 2.2, Diff: 0.7, Sum: 57.2]
         [Processed Buffers: Min: 2, Avg: 3.9, Max: 15, Diff: 13, Sum: 118]
      [Scan RS (ms): Min: 0.0, Avg: 0.2, Max: 0.4, Diff: 0.4, Sum: 5.9]
      [Code Root Scanning (ms): Min: 0.0, Avg: 0.0, Max: 0.0, Diff: 0.0, Sum: 0.1]
      [Object Copy (ms): Min: 5.6, Avg: 5.7, Max: 5.8, Diff: 0.2, Sum: 171.2]
      [Termination (ms): Min: 0.0, Avg: 0.0, Max: 0.0, Diff: 0.0, Sum: 0.2]
         [Termination Attempts: Min: 1, Avg: 1.0, Max: 1, Diff: 0, Sum: 30]
      [GC Worker Other (ms): Min: 0.0, Avg: 0.2, Max: 0.4, Diff: 0.3, Sum: 5.6]
      [GC Worker Total (ms): Min: 8.0, Avg: 8.6, Max: 9.2, Diff: 1.2, Sum: 258.0]
      [GC Worker End (ms): Min: 444292.0, Avg: 444292.2, Max: 444292.3, Diff: 0.3]
   [Code Root Fixup: 0.0 ms]
   [Code Root Purge: 0.0 ms]
   [Clear CT: 2.0 ms]
   [Other: 12.4 ms]
      [Choose CSet: 0.0 ms]
      [Ref Proc: 7.1 ms]
      [Ref Enq: 1.0 ms]
      [Redirty Cards: 2.4 ms]
      [Humongous Register: 0.3 ms]
      [Humongous Reclaim: 0.1 ms]
      [Free CSet: 1.3 ms]
   [Eden: 4004.0M(4004.0M)->0.0B(4020.0M) Survivors: 44.0M->36.0M Heap: 7022.4M(8192.0M)->3012.6M(8192.0M)]
 [Times: user=0.27 sys=0.00, real=0.02 secs]
2018-04-30T04:34:41.971+0200: 444.307: Total time for which application threads were stopped: 0.0254356 seconds, Stopping threads took: 0.0003678 seconds
2018-04-30T04:34:42.389+0200: 444.726: Application time: 0.4187362 seconds
2018-04-30T04:34:42.391+0200: 444.727: [GC pause (G1 Evacuation Pause) (young)
Desired survivor size 266338304 bytes, new threshold 15 (max 15)
- age   1:    8655288 bytes,    8655288 total
- age   2:    1183472 bytes,    9838760 total
- age   3:    1714544 bytes,   11553304 total
- age   4:    1216040 bytes,   12769344 total
- age   5:    1649608 bytes,   14418952 total
- age   6:    1127832 bytes,   15546784 total
- age   7:    1158120 bytes,   16704904 total
- age   8:    1140048 bytes,   17844952 total
- age   9:    1146264 bytes,   18991216 total
- age  10:    1100720 bytes,   20091936 total
- age  11:    1140936 bytes,   21232872 total
- age  12:     987360 bytes,   22220232 total
- age  13:       3200 bytes,   22223432 total
- age  14:       3704 bytes,   22227136 total
- age  15:    1746304 bytes,   23973440 total
, 0.0232635 secs]
   [Parallel Time: 10.0 ms, GC Workers: 30]
      [GC Worker Start (ms): Min: 444727.3, Avg: 444727.8, Max: 444728.2, Diff: 0.9]
      [Ext Root Scanning (ms): Min: 0.2, Avg: 0.5, Max: 1.3, Diff: 1.1, Sum: 16.2]
      [Update RS (ms): Min: 1.6, Avg: 1.8, Max: 2.3, Diff: 0.6, Sum: 54.7]
         [Processed Buffers: Min: 2, Avg: 3.9, Max: 9, Diff: 7, Sum: 117]
      [Scan RS (ms): Min: 0.0, Avg: 0.2, Max: 0.4, Diff: 0.4, Sum: 6.8]
      [Code Root Scanning (ms): Min: 0.0, Avg: 0.0, Max: 0.0, Diff: 0.0, Sum: 0.1]
      [Object Copy (ms): Min: 6.2, Avg: 6.5, Max: 6.6, Diff: 0.3, Sum: 194.7]
      [Termination (ms): Min: 0.0, Avg: 0.0, Max: 0.0, Diff: 0.0, Sum: 0.3]
         [Termination Attempts: Min: 1, Avg: 1.0, Max: 1, Diff: 0, Sum: 30]
      [GC Worker Other (ms): Min: 0.0, Avg: 0.2, Max: 0.3, Diff: 0.3, Sum: 4.7]
      [GC Worker Total (ms): Min: 8.8, Avg: 9.3, Max: 9.9, Diff: 1.1, Sum: 277.5]
      [GC Worker End (ms): Min: 444736.9, Avg: 444737.1, Max: 444737.2, Diff: 0.3]
   [Code Root Fixup: 0.0 ms]
   [Code Root Purge: 0.0 ms]
   [Clear CT: 2.0 ms]
   [Other: 11.2 ms]
      [Choose CSet: 0.0 ms]
      [Ref Proc: 7.1 ms]
      [Ref Enq: 0.9 ms]
      [Redirty Cards: 1.5 ms]
      [Humongous Register: 0.3 ms]
      [Humongous Reclaim: 0.1 ms]
      [Free CSet: 1.2 ms]
   [Eden: 4020.0M(4020.0M)->0.0B(4020.0M) Survivors: 36.0M->36.0M Heap: 7032.6M(8192.0M)->3013.6M(8192.0M)]
 [Times: user=0.30 sys=0.00, real=0.03 secs]
2018-04-30T04:34:42.414+0200: 444.750: Total time for which application threads were stopped: 0.0247080 seconds, Stopping threads took: 0.0004527 seconds
2018-04-30T04:34:42.842+0200: 445.178: Application time: 0.4279779 seconds
2018-04-30T04:34:42.843+0200: 445.180: [GC pause (G1 Evacuation Pause) (young)
Desired survivor size 266338304 bytes, new threshold 15 (max 15)
- age   1:   11158904 bytes,   11158904 total
- age   2:    1178032 bytes,   12336936 total
- age   3:    1160408 bytes,   13497344 total
- age   4:    1576976 bytes,   15074320 total
- age   5:    1214312 bytes,   16288632 total
- age   6:    1649064 bytes,   17937696 total
- age   7:    1127448 bytes,   19065144 total
- age   8:    1157224 bytes,   20222368 total
- age   9:    1139536 bytes,   21361904 total
- age  10:    1146136 bytes,   22508040 total
- age  11:    1100400 bytes,   23608440 total
- age  12:     931984 bytes,   24540424 total
- age  13:       7624 bytes,   24548048 total
- age  14:       3200 bytes,   24551248 total
- age  15:       3704 bytes,   24554952 total
, 0.0253042 secs]
   [Parallel Time: 10.3 ms, GC Workers: 30]
      [GC Worker Start (ms): Min: 445179.9, Avg: 445180.3, Max: 445180.7, Diff: 0.8]
      [Ext Root Scanning (ms): Min: 0.1, Avg: 0.6, Max: 1.3, Diff: 1.1, Sum: 17.1]
      [Update RS (ms): Min: 1.5, Avg: 1.8, Max: 2.3, Diff: 0.8, Sum: 55.1]
         [Processed Buffers: Min: 2, Avg: 3.9, Max: 18, Diff: 16, Sum: 117]
      [Scan RS (ms): Min: 0.0, Avg: 0.2, Max: 0.4, Diff: 0.4, Sum: 6.3]
      [Code Root Scanning (ms): Min: 0.0, Avg: 0.0, Max: 0.0, Diff: 0.0, Sum: 0.1]
      [Object Copy (ms): Min: 6.4, Avg: 6.7, Max: 6.8, Diff: 0.4, Sum: 201.7]
      [Termination (ms): Min: 0.0, Avg: 0.0, Max: 0.0, Diff: 0.0, Sum: 0.3]
         [Termination Attempts: Min: 1, Avg: 1.0, Max: 1, Diff: 0, Sum: 30]
      [GC Worker Other (ms): Min: 0.0, Avg: 0.2, Max: 0.3, Diff: 0.3, Sum: 5.1]
      [GC Worker Total (ms): Min: 9.1, Avg: 9.5, Max: 9.9, Diff: 0.8, Sum: 285.6]
      [GC Worker End (ms): Min: 445189.7, Avg: 445189.8, Max: 445190.0, Diff: 0.3]
   [Code Root Fixup: 0.0 ms]
   [Code Root Purge: 0.0 ms]
   [Clear CT: 2.3 ms]
   [Other: 12.7 ms]
      [Choose CSet: 0.0 ms]
      [Ref Proc: 7.1 ms]
      [Ref Enq: 1.1 ms]
      [Redirty Cards: 2.5 ms]
      [Humongous Register: 0.3 ms]
      [Humongous Reclaim: 0.1 ms]
      [Free CSet: 1.3 ms]
   [Eden: 4020.0M(4020.0M)->0.0B(4020.0M) Survivors: 36.0M->36.0M Heap: 7033.6M(8192.0M)->3012.1M(8192.0M)]
 [Times: user=0.30 sys=0.00, real=0.03 secs]
2018-04-30T04:34:42.869+0200: 445.205: Total time for which application threads were stopped: 0.0267281 seconds, Stopping threads took: 0.0003896 seconds
2018-04-30T04:34:43.289+0200: 445.626: Application time: 0.4205422 seconds
2018-04-30T04:34:43.290+0200: 445.627: [GC pause (G1 Evacuation Pause) (young)
Desired survivor size 266338304 bytes, new threshold 15 (max 15)
- age   1:   10160456 bytes,   10160456 total
- age   2:    1459272 bytes,   11619728 total
- age   3:    1174192 bytes,   12793920 total
- age   4:    1156888 bytes,   13950808 total
- age   5:    1575632 bytes,   15526440 total
- age   6:    1213416 bytes,   16739856 total
- age   7:    1648616 bytes,   18388472 total
- age   8:    1127320 bytes,   19515792 total
- age   9:    1157096 bytes,   20672888 total
- age  10:    1139216 bytes,   21812104 total
- age  11:    1145752 bytes,   22957856 total
- age  12:     866832 bytes,   23824688 total
- age  13:       2832 bytes,   23827520 total
- age  14:       7624 bytes,   23835144 total
- age  15:       3200 bytes,   23838344 total
, 0.0286240 secs]
   [Parallel Time: 11.1 ms, GC Workers: 30]
      [GC Worker Start (ms): Min: 445627.3, Avg: 445627.7, Max: 445628.1, Diff: 0.8]
      [Ext Root Scanning (ms): Min: 0.2, Avg: 0.6, Max: 1.3, Diff: 1.1, Sum: 16.6]
      [Update RS (ms): Min: 1.4, Avg: 1.9, Max: 2.3, Diff: 0.9, Sum: 57.3]
         [Processed Buffers: Min: 2, Avg: 3.9, Max: 10, Diff: 8, Sum: 117]
      [Scan RS (ms): Min: 0.0, Avg: 0.2, Max: 0.4, Diff: 0.4, Sum: 6.3]
      [Code Root Scanning (ms): Min: 0.0, Avg: 0.0, Max: 0.0, Diff: 0.0, Sum: 0.1]
      [Object Copy (ms): Min: 7.3, Avg: 7.5, Max: 7.6, Diff: 0.4, Sum: 225.9]
      [Termination (ms): Min: 0.0, Avg: 0.0, Max: 0.0, Diff: 0.0, Sum: 0.2]
         [Termination Attempts: Min: 1, Avg: 1.0, Max: 1, Diff: 0, Sum: 30]
      [GC Worker Other (ms): Min: 0.0, Avg: 0.2, Max: 0.3, Diff: 0.3, Sum: 5.1]
      [GC Worker Total (ms): Min: 9.9, Avg: 10.4, Max: 11.0, Diff: 1.0, Sum: 311.4]
      [GC Worker End (ms): Min: 445638.0, Avg: 445638.1, Max: 445638.3, Diff: 0.3]
   [Code Root Fixup: 0.0 ms]
   [Code Root Purge: 0.0 ms]
   [Clear CT: 2.4 ms]
   [Other: 15.1 ms]
      [Choose CSet: 0.0 ms]
      [Ref Proc: 8.8 ms]
      [Ref Enq: 1.4 ms]
      [Redirty Cards: 3.0 ms]
      [Humongous Register: 0.3 ms]
      [Humongous Reclaim: 0.1 ms]
      [Free CSet: 1.2 ms]
   [Eden: 4020.0M(4020.0M)->0.0B(4020.0M) Survivors: 36.0M->36.0M Heap: 7032.1M(8192.0M)->3015.1M(8192.0M)]
 [Times: user=0.33 sys=0.00, real=0.03 secs]
2018-04-30T04:34:43.319+0200: 445.656: Total time for which application threads were stopped: 0.0300749 seconds, Stopping threads took: 0.0004176 seconds
2018-04-30T04:34:43.752+0200: 446.089: Application time: 0.4328715 seconds
2018-04-30T04:34:43.753+0200: 446.090: [GC pause (G1 Evacuation Pause) (young)
Desired survivor size 266338304 bytes, new threshold 15 (max 15)
- age   1:   13153128 bytes,   13153128 total
- age   2:    1190240 bytes,   14343368 total
- age   3:    1454640 bytes,   15798008 total
- age   4:    1171952 bytes,   16969960 total
- age   5:    1155640 bytes,   18125600 total
- age   6:    1574224 bytes,   19699824 total
- age   7:    1212904 bytes,   20912728 total
- age   8:    1648040 bytes,   22560768 total
- age   9:    1126872 bytes,   23687640 total
- age  10:    1156840 bytes,   24844480 total
- age  11:    1139024 bytes,   25983504 total
- age  12:     811304 bytes,   26794808 total
- age  13:       1440 bytes,   26796248 total
- age  14:       2704 bytes,   26798952 total
- age  15:       7624 bytes,   26806576 total
, 0.0236697 secs]
   [Parallel Time: 10.0 ms, GC Workers: 30]
      [GC Worker Start (ms): Min: 446090.2, Avg: 446090.8, Max: 446091.4, Diff: 1.2]
      [Ext Root Scanning (ms): Min: 0.0, Avg: 0.5, Max: 1.2, Diff: 1.2, Sum: 13.9]
      [Update RS (ms): Min: 1.5, Avg: 1.9, Max: 2.3, Diff: 0.8, Sum: 56.7]
         [Processed Buffers: Min: 2, Avg: 3.8, Max: 17, Diff: 15, Sum: 115]
      [Scan RS (ms): Min: 0.0, Avg: 0.2, Max: 0.5, Diff: 0.4, Sum: 5.9]
      [Code Root Scanning (ms): Min: 0.0, Avg: 0.0, Max: 0.0, Diff: 0.0, Sum: 0.1]
      [Object Copy (ms): Min: 6.2, Avg: 6.4, Max: 6.6, Diff: 0.4, Sum: 192.7]
      [Termination (ms): Min: 0.0, Avg: 0.0, Max: 0.0, Diff: 0.0, Sum: 0.4]
         [Termination Attempts: Min: 1, Avg: 1.0, Max: 1, Diff: 0, Sum: 30]
      [GC Worker Other (ms): Min: 0.0, Avg: 0.2, Max: 0.3, Diff: 0.3, Sum: 5.3]
      [GC Worker Total (ms): Min: 8.4, Avg: 9.2, Max: 9.9, Diff: 1.4, Sum: 274.9]
      [GC Worker End (ms): Min: 446099.8, Avg: 446099.9, Max: 446100.1, Diff: 0.3]
   [Code Root Fixup: 0.0 ms]
   [Code Root Purge: 0.0 ms]
   [Clear CT: 1.1 ms]
   [Other: 12.6 ms]
      [Choose CSet: 0.0 ms]
      [Ref Proc: 7.5 ms]
      [Ref Enq: 0.9 ms]
      [Redirty Cards: 2.2 ms]
      [Humongous Register: 0.3 ms]
      [Humongous Reclaim: 0.1 ms]
      [Free CSet: 1.3 ms]
   [Eden: 4020.0M(4020.0M)->0.0B(4004.0M) Survivors: 36.0M->44.0M Heap: 7035.1M(8192.0M)->3021.0M(8192.0M)]
 [Times: user=0.26 sys=0.04, real=0.02 secs]
2018-04-30T04:34:43.777+0200: 446.114: Total time for which application threads were stopped: 0.0251013 seconds, Stopping threads took: 0.0004097 seconds
2018-04-30T04:34:43.817+0200: 446.154: Application time: 0.0401551 seconds
2018-04-30T04:34:43.819+0200: 446.155: Total time for which application threads were stopped: 0.0011082 seconds, Stopping threads took: 0.0003252 seconds
2018-04-30T04:34:43.819+0200: 446.155: Application time: 0.0001958 seconds
2018-04-30T04:34:43.819+0200: 446.156: Total time for which application threads were stopped: 0.0005984 seconds, Stopping threads took: 0.0000457 seconds
2018-04-30T04:34:44.214+0200: 446.550: Application time: 0.3946755 seconds
2018-04-30T04:34:44.215+0200: 446.552: [GC pause (G1 Evacuation Pause) (young)
Desired survivor size 266338304 bytes, new threshold 15 (max 15)
- age   1:   10867624 bytes,   10867624 total
- age   2:    1227344 bytes,   12094968 total
- age   3:    1184936 bytes,   13279904 total
- age   4:    1451888 bytes,   14731792 total
- age   5:    1170160 bytes,   15901952 total
- age   6:    1154680 bytes,   17056632 total
- age   7:    1573776 bytes,   18630408 total
- age   8:    1212440 bytes,   19842848 total
- age   9:    1647848 bytes,   21490696 total
- age  10:    1126488 bytes,   22617184 total
- age  11:    1156584 bytes,   23773768 total
- age  12:     801960 bytes,   24575728 total
- age  13:       1360 bytes,   24577088 total
- age  14:       1440 bytes,   24578528 total
- age  15:       2704 bytes,   24581232 total
, 0.0251197 secs]
   [Parallel Time: 10.0 ms, GC Workers: 30]
      [GC Worker Start (ms): Min: 446552.1, Avg: 446552.4, Max: 446552.9, Diff: 0.8]
      [Ext Root Scanning (ms): Min: 0.1, Avg: 0.6, Max: 1.3, Diff: 1.2, Sum: 16.8]
      [Update RS (ms): Min: 1.3, Avg: 1.8, Max: 2.2, Diff: 1.0, Sum: 54.3]
         [Processed Buffers: Min: 2, Avg: 3.9, Max: 23, Diff: 21, Sum: 118]
      [Scan RS (ms): Min: 0.0, Avg: 0.2, Max: 0.4, Diff: 0.4, Sum: 6.0]
      [Code Root Scanning (ms): Min: 0.0, Avg: 0.0, Max: 0.0, Diff: 0.0, Sum: 0.1]
      [Object Copy (ms): Min: 6.2, Avg: 6.5, Max: 6.6, Diff: 0.4, Sum: 195.5]
      [Termination (ms): Min: 0.0, Avg: 0.1, Max: 0.2, Diff: 0.2, Sum: 2.7]
         [Termination Attempts: Min: 1, Avg: 3.1, Max: 6, Diff: 5, Sum: 93]
      [GC Worker Other (ms): Min: 0.0, Avg: 0.1, Max: 0.3, Diff: 0.3, Sum: 4.0]
      [GC Worker Total (ms): Min: 8.8, Avg: 9.3, Max: 9.8, Diff: 1.0, Sum: 279.4]
      [GC Worker End (ms): Min: 446561.6, Avg: 446561.7, Max: 446561.9, Diff: 0.3]
   [Code Root Fixup: 0.0 ms]
   [Code Root Purge: 0.0 ms]
   [Clear CT: 2.8 ms]
   [Other: 12.4 ms]
      [Choose CSet: 0.0 ms]
      [Ref Proc: 7.1 ms]
      [Ref Enq: 0.9 ms]
      [Redirty Cards: 2.4 ms]
      [Humongous Register: 0.3 ms]
      [Humongous Reclaim: 0.1 ms]
      [Free CSet: 1.3 ms]
   [Eden: 4004.0M(4004.0M)->0.0B(4020.0M) Survivors: 44.0M->36.0M Heap: 7025.0M(8192.0M)->3013.7M(8192.0M)]
 [Times: user=0.30 sys=0.01, real=0.02 secs]
2018-04-30T04:34:44.241+0200: 446.577: Total time for which application threads were stopped: 0.0266005 seconds, Stopping threads took: 0.0004684 seconds
2018-04-30T04:34:44.659+0200: 446.995: Application time: 0.4179026 seconds
2018-04-30T04:34:44.660+0200: 446.996: [GC pause (G1 Evacuation Pause) (young)
Desired survivor size 266338304 bytes, new threshold 15 (max 15)
- age   1:   11108168 bytes,   11108168 total
- age   2:    1319152 bytes,   12427320 total
- age   3:    1222840 bytes,   13650160 total
- age   4:    1183224 bytes,   14833384 total
- age   5:    1450640 bytes,   16284024 total
- age   6:    1168744 bytes,   17452768 total
- age   7:    1154296 bytes,   18607064 total
- age   8:    1573456 bytes,   20180520 total
- age   9:    1211800 bytes,   21392320 total
- age  10:    1647656 bytes,   23039976 total
- age  11:    1125976 bytes,   24165952 total
- age  12:     825024 bytes,   24990976 total
- age  13:       2696 bytes,   24993672 total
- age  14:       1296 bytes,   24994968 total
- age  15:       1184 bytes,   24996152 total
, 0.0254574 secs]
   [Parallel Time: 11.0 ms, GC Workers: 30]
      [GC Worker Start (ms): Min: 446996.6, Avg: 446997.2, Max: 446997.7, Diff: 1.1]
      [Ext Root Scanning (ms): Min: 0.0, Avg: 0.5, Max: 1.2, Diff: 1.2, Sum: 13.9]
      [Update RS (ms): Min: 1.6, Avg: 1.9, Max: 2.5, Diff: 0.9, Sum: 57.8]
         [Processed Buffers: Min: 2, Avg: 3.7, Max: 14, Diff: 12, Sum: 112]
      [Scan RS (ms): Min: 0.0, Avg: 0.2, Max: 0.5, Diff: 0.4, Sum: 6.3]
      [Code Root Scanning (ms): Min: 0.0, Avg: 0.0, Max: 0.0, Diff: 0.0, Sum: 0.1]
      [Object Copy (ms): Min: 6.8, Avg: 7.2, Max: 7.4, Diff: 0.6, Sum: 217.0]
      [Termination (ms): Min: 0.0, Avg: 0.0, Max: 0.0, Diff: 0.0, Sum: 0.3]
         [Termination Attempts: Min: 1, Avg: 1.0, Max: 1, Diff: 0, Sum: 30]
      [GC Worker Other (ms): Min: 0.0, Avg: 0.2, Max: 0.4, Diff: 0.3, Sum: 5.1]
      [GC Worker Total (ms): Min: 9.4, Avg: 10.0, Max: 10.7, Diff: 1.2, Sum: 300.5]
      [GC Worker End (ms): Min: 447007.1, Avg: 447007.2, Max: 447007.4, Diff: 0.3]
   [Code Root Fixup: 0.0 ms]
   [Code Root Purge: 0.0 ms]
   [Clear CT: 1.8 ms]
   [Other: 12.7 ms]
      [Choose CSet: 0.0 ms]
      [Ref Proc: 7.4 ms]
      [Ref Enq: 0.9 ms]
      [Redirty Cards: 2.6 ms]
      [Humongous Register: 0.3 ms]
      [Humongous Reclaim: 0.1 ms]
      [Free CSet: 1.2 ms]
   [Eden: 4020.0M(4020.0M)->0.0B(4012.0M) Survivors: 36.0M->40.0M Heap: 7033.7M(8192.0M)->3016.2M(8192.0M)]
 [Times: user=0.31 sys=0.02, real=0.03 secs]
2018-04-30T04:34:44.685+0200: 447.022: Total time for which application threads were stopped: 0.0268915 seconds, Stopping threads took: 0.0003472 seconds
2018-04-30T04:34:45.107+0200: 447.444: Application time: 0.4219958 seconds
2018-04-30T04:34:45.109+0200: 447.445: [GC pause (G1 Evacuation Pause) (young)
Desired survivor size 266338304 bytes, new threshold 15 (max 15)
- age   1:   13057592 bytes,   13057592 total
- age   2:    1147136 bytes,   14204728 total
- age   3:    1163552 bytes,   15368280 total
- age   4:    1219528 bytes,   16587808 total
- age   5:    1181432 bytes,   17769240 total
- age   6:    1449552 bytes,   19218792 total
- age   7:    1168296 bytes,   20387088 total
- age   8:    1153784 bytes,   21540872 total
- age   9:    1572624 bytes,   23113496 total
- age  10:    1211672 bytes,   24325168 total
- age  11:    1647592 bytes,   25972760 total
- age  12:     743352 bytes,   26716112 total
- age  13:       5568 bytes,   26721680 total
- age  14:       2696 bytes,   26724376 total
- age  15:       1296 bytes,   26725672 total
, 0.0258549 secs]
   [Parallel Time: 11.3 ms, GC Workers: 30]
      [GC Worker Start (ms): Min: 447445.5, Avg: 447446.0, Max: 447446.4, Diff: 1.0]
      [Ext Root Scanning (ms): Min: 0.0, Avg: 0.5, Max: 1.2, Diff: 1.2, Sum: 13.7]
      [Update RS (ms): Min: 1.6, Avg: 2.0, Max: 2.3, Diff: 0.7, Sum: 59.0]
         [Processed Buffers: Min: 2, Avg: 3.9, Max: 17, Diff: 15, Sum: 116]
      [Scan RS (ms): Min: 0.0, Avg: 0.2, Max: 0.5, Diff: 0.4, Sum: 6.1]
      [Code Root Scanning (ms): Min: 0.0, Avg: 0.0, Max: 0.0, Diff: 0.0, Sum: 0.1]
      [Object Copy (ms): Min: 7.5, Avg: 7.7, Max: 7.8, Diff: 0.3, Sum: 230.1]
      [Termination (ms): Min: 0.0, Avg: 0.0, Max: 0.0, Diff: 0.0, Sum: 0.2]
         [Termination Attempts: Min: 1, Avg: 1.0, Max: 1, Diff: 0, Sum: 30]
      [GC Worker Other (ms): Min: 0.0, Avg: 0.2, Max: 0.3, Diff: 0.3, Sum: 5.0]
      [GC Worker Total (ms): Min: 10.0, Avg: 10.5, Max: 11.0, Diff: 1.0, Sum: 314.2]
      [GC Worker End (ms): Min: 447456.3, Avg: 447456.5, Max: 447456.6, Diff: 0.3]
   [Code Root Fixup: 0.0 ms]
   [Code Root Purge: 0.0 ms]
   [Clear CT: 2.1 ms]
   [Other: 12.4 ms]
      [Choose CSet: 0.0 ms]
      [Ref Proc: 7.5 ms]
      [Ref Enq: 1.3 ms]
      [Redirty Cards: 1.4 ms]
      [Humongous Register: 0.3 ms]
      [Humongous Reclaim: 0.1 ms]
      [Free CSet: 1.6 ms]
   [Eden: 4012.0M(4012.0M)->0.0B(4012.0M) Survivors: 40.0M->40.0M Heap: 7028.2M(8192.0M)->3018.7M(8192.0M)]
 [Times: user=0.34 sys=0.00, real=0.03 secs]
2018-04-30T04:34:45.135+0200: 447.471: Total time for which application threads were stopped: 0.0273376 seconds, Stopping threads took: 0.0003849 seconds
2018-04-30T04:34:45.584+0200: 447.920: Application time: 0.4490668 seconds
2018-04-30T04:34:45.585+0200: 447.921: [GC pause (G1 Evacuation Pause) (young)
Desired survivor size 266338304 bytes, new threshold 15 (max 15)
- age   1:   11808216 bytes,   11808216 total
- age   2:    1219592 bytes,   13027808 total
- age   3:    1140456 bytes,   14168264 total
- age   4:    1158400 bytes,   15326664 total
- age   5:    1213368 bytes,   16540032 total
- age   6:    1168168 bytes,   17708200 total
- age   7:    1198448 bytes,   18906648 total
- age   8:    1166616 bytes,   20073264 total
- age   9:    1151016 bytes,   21224280 total
- age  10:    1570896 bytes,   22795176 total
- age  11:    1206232 bytes,   24001408 total
- age  12:     771280 bytes,   24772688 total
- age  13:       2304 bytes,   24774992 total
- age  14:       5504 bytes,   24780496 total
- age  15:       2632 bytes,   24783128 total
, 0.0246220 secs]
   [Parallel Time: 9.9 ms, GC Workers: 30]
      [GC Worker Start (ms): Min: 447921.9, Avg: 447922.3, Max: 447922.7, Diff: 0.8]
      [Ext Root Scanning (ms): Min: 0.2, Avg: 0.6, Max: 1.3, Diff: 1.1, Sum: 18.0]
      [Update RS (ms): Min: 1.5, Avg: 1.8, Max: 2.2, Diff: 0.7, Sum: 54.1]
         [Processed Buffers: Min: 2, Avg: 3.7, Max: 13, Diff: 11, Sum: 112]
      [Scan RS (ms): Min: 0.0, Avg: 0.2, Max: 0.4, Diff: 0.4, Sum: 5.8]
      [Code Root Scanning (ms): Min: 0.0, Avg: 0.0, Max: 0.0, Diff: 0.0, Sum: 0.1]
      [Object Copy (ms): Min: 6.1, Avg: 6.3, Max: 6.5, Diff: 0.3, Sum: 190.5]
      [Termination (ms): Min: 0.0, Avg: 0.0, Max: 0.0, Diff: 0.0, Sum: 0.3]
         [Termination Attempts: Min: 1, Avg: 1.0, Max: 1, Diff: 0, Sum: 30]
      [GC Worker Other (ms): Min: 0.0, Avg: 0.2, Max: 0.3, Diff: 0.3, Sum: 5.0]
      [GC Worker Total (ms): Min: 8.6, Avg: 9.1, Max: 9.6, Diff: 1.0, Sum: 273.8]
      [GC Worker End (ms): Min: 447931.3, Avg: 447931.4, Max: 447931.6, Diff: 0.3]
   [Code Root Fixup: 0.0 ms]
   [Code Root Purge: 0.0 ms]
   [Clear CT: 2.2 ms]
   [Other: 12.6 ms]
      [Choose CSet: 0.0 ms]
      [Ref Proc: 7.3 ms]
      [Ref Enq: 1.0 ms]
      [Redirty Cards: 2.5 ms]
      [Humongous Register: 0.3 ms]
      [Humongous Reclaim: 0.1 ms]
      [Free CSet: 1.3 ms]
   [Eden: 4012.0M(4012.0M)->0.0B(4020.0M) Survivors: 40.0M->36.0M Heap: 7030.7M(8192.0M)->3014.6M(8192.0M)]
 [Times: user=0.29 sys=0.00, real=0.02 secs]
2018-04-30T04:34:45.610+0200: 447.946: Total time for which application threads were stopped: 0.0260376 seconds, Stopping threads took: 0.0003891 seconds
2018-04-30T04:34:46.031+0200: 448.367: Application time: 0.4208188 seconds
2018-04-30T04:34:46.037+0200: 448.373: [GC pause (G1 Evacuation Pause) (young)
Desired survivor size 266338304 bytes, new threshold 15 (max 15)
- age   1:   10291824 bytes,   10291824 total
- age   2:    2060896 bytes,   12352720 total
- age   3:    1213680 bytes,   13566400 total
- age   4:    1138824 bytes,   14705224 total
- age   5:    1157120 bytes,   15862344 total
- age   6:    1212152 bytes,   17074496 total
- age   7:    1167400 bytes,   18241896 total
- age   8:    1197408 bytes,   19439304 total
- age   9:    1166296 bytes,   20605600 total
- age  10:    1150824 bytes,   21756424 total
- age  11:    1570576 bytes,   23327000 total
- age  12:     836408 bytes,   24163408 total
- age  13:       5520 bytes,   24168928 total
- age  14:       2304 bytes,   24171232 total
- age  15:       5440 bytes,   24176672 total
, 0.0251991 secs]
   [Parallel Time: 10.3 ms, GC Workers: 30]
      [GC Worker Start (ms): Min: 448373.6, Avg: 448374.1, Max: 448374.6, Diff: 1.0]
      [Ext Root Scanning (ms): Min: 0.0, Avg: 0.4, Max: 1.2, Diff: 1.2, Sum: 13.0]
      [Update RS (ms): Min: 1.6, Avg: 1.9, Max: 2.2, Diff: 0.6, Sum: 56.8]
         [Processed Buffers: Min: 2, Avg: 3.8, Max: 13, Diff: 11, Sum: 113]
      [Scan RS (ms): Min: 0.0, Avg: 0.2, Max: 0.5, Diff: 0.4, Sum: 6.4]
      [Code Root Scanning (ms): Min: 0.0, Avg: 0.0, Max: 0.0, Diff: 0.0, Sum: 0.1]
      [Object Copy (ms): Min: 6.6, Avg: 6.7, Max: 6.8, Diff: 0.2, Sum: 202.0]
      [Termination (ms): Min: 0.0, Avg: 0.0, Max: 0.0, Diff: 0.0, Sum: 0.4]
         [Termination Attempts: Min: 1, Avg: 1.3, Max: 2, Diff: 1, Sum: 39]
      [GC Worker Other (ms): Min: 0.0, Avg: 0.2, Max: 0.4, Diff: 0.3, Sum: 5.5]
      [GC Worker Total (ms): Min: 9.0, Avg: 9.5, Max: 10.2, Diff: 1.2, Sum: 284.3]
      [GC Worker End (ms): Min: 448383.4, Avg: 448383.6, Max: 448383.8, Diff: 0.3]
   [Code Root Fixup: 0.0 ms]
   [Code Root Purge: 0.0 ms]
   [Clear CT: 2.1 ms]
   [Other: 12.8 ms]
      [Choose CSet: 0.0 ms]
      [Ref Proc: 7.1 ms]
      [Ref Enq: 0.9 ms]
      [Redirty Cards: 2.9 ms]
      [Humongous Register: 0.3 ms]
      [Humongous Reclaim: 0.1 ms]
      [Free CSet: 1.3 ms]
   [Eden: 4020.0M(4020.0M)->0.0B(4020.0M) Survivors: 36.0M->36.0M Heap: 7034.6M(8192.0M)->3013.0M(8192.0M)]
 [Times: user=0.29 sys=0.01, real=0.02 secs]
2018-04-30T04:34:46.062+0200: 448.399: Total time for which application threads were stopped: 0.0315102 seconds, Stopping threads took: 0.0053458 seconds
2018-04-30T04:34:46.483+0200: 448.819: Application time: 0.4203771 seconds
2018-04-30T04:34:46.484+0200: 448.820: [GC pause (G1 Evacuation Pause) (young)
Desired survivor size 266338304 bytes, new threshold 15 (max 15)
- age   1:   10616808 bytes,   10616808 total
- age   2:    1156120 bytes,   11772928 total
- age   3:    2056384 bytes,   13829312 total
- age   4:    1211120 bytes,   15040432 total
- age   5:    1136832 bytes,   16177264 total
- age   6:    1156096 bytes,   17333360 total
- age   7:    1209784 bytes,   18543144 total
- age   8:    1166632 bytes,   19709776 total
- age   9:    1196768 bytes,   20906544 total
- age  10:    1166168 bytes,   22072712 total
- age  11:    1150504 bytes,   23223216 total
- age  12:    1223104 bytes,   24446320 total
- age  13:      13680 bytes,   24460000 total
- age  14:       4816 bytes,   24464816 total
- age  15:       2304 bytes,   24467120 total
, 0.0284751 secs]
   [Parallel Time: 11.2 ms, GC Workers: 30]
      [GC Worker Start (ms): Min: 448820.8, Avg: 448821.3, Max: 448821.9, Diff: 1.2]
      [Ext Root Scanning (ms): Min: 0.0, Avg: 0.5, Max: 1.2, Diff: 1.2, Sum: 15.3]
      [Update RS (ms): Min: 1.6, Avg: 1.9, Max: 2.3, Diff: 0.7, Sum: 56.0]
         [Processed Buffers: Min: 2, Avg: 3.9, Max: 14, Diff: 12, Sum: 118]
      [Scan RS (ms): Min: 0.0, Avg: 0.2, Max: 0.4, Diff: 0.4, Sum: 6.6]
      [Code Root Scanning (ms): Min: 0.0, Avg: 0.0, Max: 0.0, Diff: 0.0, Sum: 0.1]
      [Object Copy (ms): Min: 7.0, Avg: 7.3, Max: 7.4, Diff: 0.4, Sum: 219.1]
      [Termination (ms): Min: 0.0, Avg: 0.0, Max: 0.0, Diff: 0.0, Sum: 0.2]
         [Termination Attempts: Min: 1, Avg: 1.0, Max: 1, Diff: 0, Sum: 30]
      [GC Worker Other (ms): Min: 0.0, Avg: 0.2, Max: 0.4, Diff: 0.3, Sum: 5.3]
      [GC Worker Total (ms): Min: 9.5, Avg: 10.1, Max: 10.7, Diff: 1.2, Sum: 302.6]
      [GC Worker End (ms): Min: 448831.3, Avg: 448831.4, Max: 448831.6, Diff: 0.3]
   [Code Root Fixup: 0.0 ms]
   [Code Root Purge: 0.0 ms]
   [Clear CT: 2.5 ms]
   [Other: 14.8 ms]
      [Choose CSet: 0.0 ms]
      [Ref Proc: 8.5 ms]
      [Ref Enq: 1.4 ms]
      [Redirty Cards: 2.6 ms]
      [Humongous Register: 0.3 ms]
      [Humongous Reclaim: 0.1 ms]
      [Free CSet: 1.6 ms]
   [Eden: 4020.0M(4020.0M)->0.0B(4020.0M) Survivors: 36.0M->36.0M Heap: 7033.0M(8192.0M)->3014.6M(8192.0M)]
 [Times: user=0.32 sys=0.01, real=0.03 secs]
2018-04-30T04:34:46.513+0200: 448.849: Total time for which application threads were stopped: 0.0300996 seconds, Stopping threads took: 0.0004471 seconds
2018-04-30T04:34:46.941+0200: 449.278: Application time: 0.4285539 seconds
2018-04-30T04:34:46.942+0200: 449.279: [GC pause (G1 Evacuation Pause) (young)
Desired survivor size 266338304 bytes, new threshold 15 (max 15)
- age   1:   12550504 bytes,   12550504 total
- age   2:    1327944 bytes,   13878448 total
- age   3:    1153488 bytes,   15031936 total
- age   4:    2054976 bytes,   17086912 total
- age   5:    1209776 bytes,   18296688 total
- age   6:    1136160 bytes,   19432848 total
- age   7:    1155200 bytes,   20588048 total
- age   8:    1209400 bytes,   21797448 total
- age   9:    1166120 bytes,   22963568 total
- age  10:    1196320 bytes,   24159888 total
- age  11:    1166168 bytes,   25326056 total
- age  12:     783168 bytes,   26109224 total
- age  13:     413160 bytes,   26522384 total
- age  14:      13280 bytes,   26535664 total
- age  15:       4304 bytes,   26539968 total
, 0.0274795 secs]
   [Parallel Time: 11.1 ms, GC Workers: 30]
      [GC Worker Start (ms): Min: 449279.3, Avg: 449279.7, Max: 449280.1, Diff: 0.8]
      [Ext Root Scanning (ms): Min: 0.2, Avg: 0.6, Max: 1.4, Diff: 1.3, Sum: 16.8]
      [Update RS (ms): Min: 1.5, Avg: 1.8, Max: 2.2, Diff: 0.7, Sum: 55.0]
         [Processed Buffers: Min: 2, Avg: 3.9, Max: 17, Diff: 15, Sum: 116]
      [Scan RS (ms): Min: 0.0, Avg: 0.2, Max: 0.5, Diff: 0.4, Sum: 6.2]
      [Code Root Scanning (ms): Min: 0.0, Avg: 0.0, Max: 0.0, Diff: 0.0, Sum: 0.1]
      [Object Copy (ms): Min: 7.2, Avg: 7.4, Max: 7.5, Diff: 0.3, Sum: 223.0]
      [Termination (ms): Min: 0.0, Avg: 0.0, Max: 0.0, Diff: 0.0, Sum: 0.2]
         [Termination Attempts: Min: 1, Avg: 1.0, Max: 1, Diff: 0, Sum: 30]
      [GC Worker Other (ms): Min: 0.0, Avg: 0.2, Max: 0.4, Diff: 0.3, Sum: 5.4]
      [GC Worker Total (ms): Min: 9.8, Avg: 10.2, Max: 10.7, Diff: 0.9, Sum: 306.6]
      [GC Worker End (ms): Min: 449289.8, Avg: 449290.0, Max: 449290.1, Diff: 0.3]
   [Code Root Fixup: 0.0 ms]
   [Code Root Purge: 0.0 ms]
   [Clear CT: 2.1 ms]
   [Other: 14.2 ms]
      [Choose CSet: 0.0 ms]
      [Ref Proc: 8.1 ms]
      [Ref Enq: 1.2 ms]
      [Redirty Cards: 2.8 ms]
      [Humongous Register: 0.3 ms]
      [Humongous Reclaim: 0.1 ms]
      [Free CSet: 1.5 ms]
   [Eden: 4020.0M(4020.0M)->0.0B(3996.0M) Survivors: 36.0M->48.0M Heap: 7034.6M(8192.0M)->3024.3M(8192.0M)]
 [Times: user=0.31 sys=0.02, real=0.03 secs]
2018-04-30T04:34:46.970+0200: 449.307: Total time for which application threads were stopped: 0.0289638 seconds, Stopping threads took: 0.0004354 seconds
2018-04-30T04:34:47.390+0200: 449.726: Application time: 0.4195582 seconds
2018-04-30T04:34:47.391+0200: 449.727: [GC pause (G1 Evacuation Pause) (young)
Desired survivor size 266338304 bytes, new threshold 15 (max 15)
- age   1:   13276328 bytes,   13276328 total
- age   2:    1213984 bytes,   14490312 total
- age   3:    1323568 bytes,   15813880 total
- age   4:    1152528 bytes,   16966408 total
- age   5:    2054016 bytes,   19020424 total
- age   6:    1209008 bytes,   20229432 total
- age   7:    1135456 bytes,   21364888 total
- age   8:    1154432 bytes,   22519320 total
- age   9:    1209080 bytes,   23728400 total
- age  10:    1165992 bytes,   24894392 total
- age  11:    1196000 bytes,   26090392 total
- age  12:     793872 bytes,   26884264 total
- age  13:       5048 bytes,   26889312 total
- age  14:     413160 bytes,   27302472 total
- age  15:      13280 bytes,   27315752 total
, 0.0255476 secs]
   [Parallel Time: 10.7 ms, GC Workers: 30]
      [GC Worker Start (ms): Min: 449727.8, Avg: 449728.3, Max: 449728.8, Diff: 1.0]
      [Ext Root Scanning (ms): Min: 0.0, Avg: 0.6, Max: 1.3, Diff: 1.3, Sum: 16.6]
      [Update RS (ms): Min: 1.4, Avg: 1.8, Max: 2.2, Diff: 0.9, Sum: 53.6]
         [Processed Buffers: Min: 1, Avg: 4.0, Max: 12, Diff: 11, Sum: 121]
      [Scan RS (ms): Min: 0.0, Avg: 0.2, Max: 0.4, Diff: 0.4, Sum: 6.8]
      [Code Root Scanning (ms): Min: 0.0, Avg: 0.0, Max: 0.0, Diff: 0.0, Sum: 0.1]
      [Object Copy (ms): Min: 6.7, Avg: 7.0, Max: 7.1, Diff: 0.4, Sum: 209.9]
      [Termination (ms): Min: 0.0, Avg: 0.0, Max: 0.0, Diff: 0.0, Sum: 0.4]
         [Termination Attempts: Min: 1, Avg: 1.0, Max: 1, Diff: 0, Sum: 30]
      [GC Worker Other (ms): Min: 0.0, Avg: 0.2, Max: 0.3, Diff: 0.3, Sum: 5.1]
      [GC Worker Total (ms): Min: 9.2, Avg: 9.7, Max: 10.2, Diff: 1.0, Sum: 292.3]
      [GC Worker End (ms): Min: 449737.9, Avg: 449738.0, Max: 449738.2, Diff: 0.3]
   [Code Root Fixup: 0.0 ms]
   [Code Root Purge: 0.0 ms]
   [Clear CT: 2.4 ms]
   [Other: 12.4 ms]
      [Choose CSet: 0.0 ms]
      [Ref Proc: 7.1 ms]
      [Ref Enq: 0.9 ms]
      [Redirty Cards: 2.5 ms]
      [Humongous Register: 0.3 ms]
      [Humongous Reclaim: 0.1 ms]
      [Free CSet: 1.3 ms]
   [Eden: 3996.0M(3996.0M)->0.0B(4012.0M) Survivors: 48.0M->40.0M Heap: 7020.3M(8192.0M)->3018.0M(8192.0M)]
 [Times: user=0.31 sys=0.01, real=0.03 secs]
2018-04-30T04:34:47.417+0200: 449.753: Total time for which application threads were stopped: 0.0269160 seconds, Stopping threads took: 0.0003767 seconds
2018-04-30T04:34:47.850+0200: 450.186: Application time: 0.4331140 seconds
2018-04-30T04:34:47.851+0200: 450.187: [GC pause (G1 Evacuation Pause) (young)
Desired survivor size 266338304 bytes, new threshold 15 (max 15)
- age   1:   10749312 bytes,   10749312 total
- age   2:    1162928 bytes,   11912240 total
- age   3:    1193448 bytes,   13105688 total
- age   4:    1180688 bytes,   14286376 total
- age   5:    1151056 bytes,   15437432 total
- age   6:    2053280 bytes,   17490712 total
- age   7:    1207984 bytes,   18698696 total
- age   8:    1135200 bytes,   19833896 total
- age   9:    1153600 bytes,   20987496 total
- age  10:    1208696 bytes,   22196192 total
- age  11:    1165672 bytes,   23361864 total
- age  12:     851464 bytes,   24213328 total
- age  13:       3032 bytes,   24216360 total
- age  14:       5048 bytes,   24221408 total
- age  15:     412968 bytes,   24634376 total
, 0.0288412 secs]
   [Parallel Time: 12.9 ms, GC Workers: 30]
      [GC Worker Start (ms): Min: 450187.9, Avg: 450188.2, Max: 450188.4, Diff: 0.5]
      [Ext Root Scanning (ms): Min: 0.5, Avg: 0.7, Max: 1.5, Diff: 1.0, Sum: 21.4]
      [Update RS (ms): Min: 0.0, Avg: 1.7, Max: 2.2, Diff: 2.2, Sum: 51.2]
         [Processed Buffers: Min: 0, Avg: 3.9, Max: 13, Diff: 13, Sum: 117]
      [Scan RS (ms): Min: 0.0, Avg: 0.2, Max: 0.5, Diff: 0.4, Sum: 6.5]
      [Code Root Scanning (ms): Min: 0.0, Avg: 0.0, Max: 0.0, Diff: 0.0, Sum: 0.1]
      [Object Copy (ms): Min: 9.0, Avg: 9.3, Max: 11.3, Diff: 2.2, Sum: 280.3]
      [Termination (ms): Min: 0.0, Avg: 0.1, Max: 0.1, Diff: 0.1, Sum: 3.0]
         [Termination Attempts: Min: 1, Avg: 25.1, Max: 31, Diff: 30, Sum: 753]
      [GC Worker Other (ms): Min: 0.0, Avg: 0.2, Max: 0.3, Diff: 0.3, Sum: 5.0]
      [GC Worker Total (ms): Min: 11.9, Avg: 12.2, Max: 12.6, Diff: 0.7, Sum: 367.4]
      [GC Worker End (ms): Min: 450200.3, Avg: 450200.4, Max: 450200.6, Diff: 0.3]
   [Code Root Fixup: 0.0 ms]
   [Code Root Purge: 0.0 ms]
   [Clear CT: 2.4 ms]
   [Other: 13.5 ms]
      [Choose CSet: 0.0 ms]
      [Ref Proc: 7.5 ms]
      [Ref Enq: 1.4 ms]
      [Redirty Cards: 2.7 ms]
      [Humongous Register: 0.3 ms]
      [Humongous Reclaim: 0.1 ms]
      [Free CSet: 1.2 ms]
   [Eden: 4012.0M(4012.0M)->0.0B(3984.0M) Survivors: 40.0M->52.0M Heap: 7030.0M(8192.0M)->3029.5M(8192.0M)]
 [Times: user=0.37 sys=0.00, real=0.03 secs]
2018-04-30T04:34:47.880+0200: 450.216: Total time for which application threads were stopped: 0.0302897 seconds, Stopping threads took: 0.0004418 seconds
2018-04-30T04:34:48.335+0200: 450.671: Application time: 0.4549610 seconds
2018-04-30T04:34:48.336+0200: 450.673: [GC pause (G1 Evacuation Pause) (young)
Desired survivor size 266338304 bytes, new threshold 15 (max 15)
- age   1:   14982760 bytes,   14982760 total
- age   2:    1404200 bytes,   16386960 total
- age   3:    1158352 bytes,   17545312 total
- age   4:    1191208 bytes,   18736520 total
- age   5:    1179280 bytes,   19915800 total
- age   6:    1150160 bytes,   21065960 total
- age   7:    2052832 bytes,   23118792 total
- age   8:    1207792 bytes,   24326584 total
- age   9:    1134944 bytes,   25461528 total
- age  10:    1153408 bytes,   26614936 total
- age  11:    1208504 bytes,   27823440 total
- age  12:     818880 bytes,   28642320 total
- age  13:       7120 bytes,   28649440 total
- age  14:       2968 bytes,   28652408 total
- age  15:       5048 bytes,   28657456 total
, 0.0251481 secs]
   [Parallel Time: 10.8 ms, GC Workers: 30]
      [GC Worker Start (ms): Min: 450673.1, Avg: 450673.8, Max: 450674.3, Diff: 1.2]
      [Ext Root Scanning (ms): Min: 0.0, Avg: 0.5, Max: 1.2, Diff: 1.2, Sum: 14.1]
      [Update RS (ms): Min: 1.5, Avg: 2.0, Max: 2.4, Diff: 0.8, Sum: 58.9]
         [Processed Buffers: Min: 1, Avg: 3.9, Max: 12, Diff: 11, Sum: 117]
      [Scan RS (ms): Min: 0.0, Avg: 0.2, Max: 0.5, Diff: 0.4, Sum: 5.9]
      [Code Root Scanning (ms): Min: 0.0, Avg: 0.0, Max: 0.0, Diff: 0.0, Sum: 0.1]
      [Object Copy (ms): Min: 6.8, Avg: 7.0, Max: 7.2, Diff: 0.4, Sum: 211.4]
      [Termination (ms): Min: 0.0, Avg: 0.0, Max: 0.0, Diff: 0.0, Sum: 0.3]
         [Termination Attempts: Min: 1, Avg: 1.0, Max: 1, Diff: 0, Sum: 30]
      [GC Worker Other (ms): Min: 0.0, Avg: 0.2, Max: 0.3, Diff: 0.3, Sum: 5.0]
      [GC Worker Total (ms): Min: 9.2, Avg: 9.9, Max: 10.5, Diff: 1.3, Sum: 295.6]
      [GC Worker End (ms): Min: 450683.5, Avg: 450683.6, Max: 450683.8, Diff: 0.3]
   [Code Root Fixup: 0.0 ms]
   [Code Root Purge: 0.0 ms]
   [Clear CT: 1.3 ms]
   [Other: 13.1 ms]
      [Choose CSet: 0.0 ms]
      [Ref Proc: 7.9 ms]
      [Ref Enq: 1.3 ms]
      [Redirty Cards: 1.9 ms]
      [Humongous Register: 0.3 ms]
      [Humongous Reclaim: 0.1 ms]
      [Free CSet: 1.3 ms]
   [Eden: 3984.0M(3984.0M)->0.0B(4000.0M) Survivors: 52.0M->44.0M Heap: 7013.5M(8192.0M)->3020.8M(8192.0M)]
 [Times: user=0.31 sys=0.00, real=0.02 secs]
2018-04-30T04:34:48.362+0200: 450.698: Total time for which application threads were stopped: 0.0266620 seconds, Stopping threads took: 0.0004786 seconds
2018-04-30T04:34:48.785+0200: 451.122: Application time: 0.4236402 seconds
2018-04-30T04:34:48.787+0200: 451.123: [GC pause (G1 Evacuation Pause) (young)
Desired survivor size 266338304 bytes, new threshold 15 (max 15)
- age   1:   13064440 bytes,   13064440 total
- age   2:    1217672 bytes,   14282112 total
- age   3:    1400464 bytes,   15682576 total
- age   4:    1156464 bytes,   16839040 total
- age   5:    1189288 bytes,   18028328 total
- age   6:    1177928 bytes,   19206256 total
- age   7:    1149904 bytes,   20356160 total
- age   8:    2051600 bytes,   22407760 total
- age   9:    1207536 bytes,   23615296 total
- age  10:    1134752 bytes,   24750048 total
- age  11:    1152752 bytes,   25902800 total
- age  12:     914016 bytes,   26816816 total
- age  13:       2760 bytes,   26819576 total
- age  14:       6864 bytes,   26826440 total
- age  15:       2840 bytes,   26829280 total
, 0.0231836 secs]
   [Parallel Time: 9.7 ms, GC Workers: 30]
      [GC Worker Start (ms): Min: 451123.3, Avg: 451123.8, Max: 451124.2, Diff: 0.9]
      [Ext Root Scanning (ms): Min: 0.2, Avg: 0.6, Max: 1.3, Diff: 1.1, Sum: 16.9]
      [Update RS (ms): Min: 1.5, Avg: 1.8, Max: 2.3, Diff: 0.7, Sum: 54.9]
         [Processed Buffers: Min: 2, Avg: 3.8, Max: 19, Diff: 17, Sum: 114]
      [Scan RS (ms): Min: 0.0, Avg: 0.2, Max: 0.5, Diff: 0.4, Sum: 5.9]
      [Code Root Scanning (ms): Min: 0.0, Avg: 0.0, Max: 0.0, Diff: 0.0, Sum: 0.1]
      [Object Copy (ms): Min: 5.9, Avg: 6.1, Max: 6.2, Diff: 0.3, Sum: 182.0]
      [Termination (ms): Min: 0.0, Avg: 0.0, Max: 0.0, Diff: 0.0, Sum: 0.2]
         [Termination Attempts: Min: 1, Avg: 1.0, Max: 1, Diff: 0, Sum: 30]
      [GC Worker Other (ms): Min: 0.0, Avg: 0.2, Max: 0.3, Diff: 0.3, Sum: 5.0]
      [GC Worker Total (ms): Min: 8.4, Avg: 8.8, Max: 9.3, Diff: 0.9, Sum: 264.9]
      [GC Worker End (ms): Min: 451132.5, Avg: 451132.7, Max: 451132.8, Diff: 0.3]
   [Code Root Fixup: 0.0 ms]
   [Code Root Purge: 0.0 ms]
   [Clear CT: 2.4 ms]
   [Other: 11.1 ms]
      [Choose CSet: 0.0 ms]
      [Ref Proc: 6.6 ms]
      [Ref Enq: 0.9 ms]
      [Redirty Cards: 1.8 ms]
      [Humongous Register: 0.3 ms]
      [Humongous Reclaim: 0.1 ms]
      [Free CSet: 1.2 ms]
   [Eden: 4000.0M(4000.0M)->0.0B(4008.0M) Survivors: 44.0M->40.0M Heap: 7020.8M(8192.0M)->3017.7M(8192.0M)]
 [Times: user=0.28 sys=0.01, real=0.02 secs]
2018-04-30T04:34:48.810+0200: 451.146: Total time for which application threads were stopped: 0.0245693 seconds, Stopping threads took: 0.0003697 seconds
2018-04-30T04:34:49.314+0200: 451.650: Application time: 0.5036487 seconds
2018-04-30T04:34:49.315+0200: 451.651: [GC pause (G1 Evacuation Pause) (young)
Desired survivor size 266338304 bytes, new threshold 15 (max 15)
- age   1:    8392496 bytes,    8392496 total
- age   2:    1128776 bytes,    9521272 total
- age   3:    1213632 bytes,   10734904 total
- age   4:    1399616 bytes,   12134520 total
- age   5:    1155216 bytes,   13289736 total
- age   6:    1187800 bytes,   14477536 total
- age   7:    1177224 bytes,   15654760 total
- age   8:    1149136 bytes,   16803896 total
- age   9:    2051408 bytes,   18855304 total
- age  10:    1207216 bytes,   20062520 total
- age  11:    1134432 bytes,   21196952 total
- age  12:     918224 bytes,   22115176 total
- age  13:       8536 bytes,   22123712 total
- age  14:       2632 bytes,   22126344 total
- age  15:       6800 bytes,   22133144 total
, 0.0231491 secs]
   [Parallel Time: 9.9 ms, GC Workers: 30]
      [GC Worker Start (ms): Min: 451651.6, Avg: 451652.0, Max: 451652.3, Diff: 0.7]
      [Ext Root Scanning (ms): Min: 0.3, Avg: 0.6, Max: 1.5, Diff: 1.2, Sum: 18.1]
      [Update RS (ms): Min: 1.4, Avg: 1.9, Max: 2.3, Diff: 0.9, Sum: 55.7]
         [Processed Buffers: Min: 2, Avg: 3.8, Max: 12, Diff: 10, Sum: 113]
      [Scan RS (ms): Min: 0.0, Avg: 0.2, Max: 0.5, Diff: 0.5, Sum: 6.9]
      [Code Root Scanning (ms): Min: 0.0, Avg: 0.0, Max: 0.0, Diff: 0.0, Sum: 0.1]
      [Object Copy (ms): Min: 6.0, Avg: 6.3, Max: 6.5, Diff: 0.5, Sum: 188.5]
      [Termination (ms): Min: 0.0, Avg: 0.0, Max: 0.1, Diff: 0.1, Sum: 1.2]
         [Termination Attempts: Min: 1, Avg: 8.5, Max: 11, Diff: 10, Sum: 254]
      [GC Worker Other (ms): Min: 0.0, Avg: 0.2, Max: 0.4, Diff: 0.3, Sum: 5.6]
      [GC Worker Total (ms): Min: 8.9, Avg: 9.2, Max: 9.7, Diff: 0.8, Sum: 276.0]
      [GC Worker End (ms): Min: 451661.0, Avg: 451661.2, Max: 451661.4, Diff: 0.3]
   [Code Root Fixup: 0.0 ms]
   [Code Root Purge: 0.0 ms]
   [Clear CT: 1.8 ms]
   [Other: 11.4 ms]
      [Choose CSet: 0.0 ms]
      [Ref Proc: 6.5 ms]
      [Ref Enq: 0.9 ms]
      [Redirty Cards: 2.2 ms]
      [Humongous Register: 0.3 ms]
      [Humongous Reclaim: 0.1 ms]
      [Free CSet: 1.3 ms]
   [Eden: 4008.0M(4008.0M)->0.0B(4016.0M) Survivors: 40.0M->36.0M Heap: 7025.7M(8192.0M)->3012.7M(8192.0M)]
 [Times: user=0.30 sys=0.00, real=0.02 secs]
2018-04-30T04:34:49.338+0200: 451.675: Total time for which application threads were stopped: 0.0245287 seconds, Stopping threads took: 0.0003991 seconds
2018-04-30T04:34:49.770+0200: 452.106: Application time: 0.4319305 seconds
2018-04-30T04:34:49.771+0200: 452.108: [GC pause (G1 Evacuation Pause) (young)
Desired survivor size 266338304 bytes, new threshold 15 (max 15)
- age   1:    7078096 bytes,    7078096 total
- age   2:    1305072 bytes,    8383168 total
- age   3:    1124016 bytes,    9507184 total
- age   4:    1211776 bytes,   10718960 total
- age   5:    1398784 bytes,   12117744 total
- age   6:    1154640 bytes,   13272384 total
- age   7:    1187416 bytes,   14459800 total
- age   8:    1176520 bytes,   15636320 total
- age   9:    1148880 bytes,   16785200 total
- age  10:    2051008 bytes,   18836208 total
- age  11:    1207024 bytes,   20043232 total
- age  12:     922952 bytes,   20966184 total
- age  13:       5744 bytes,   20971928 total
- age  14:       8216 bytes,   20980144 total
- age  15:       2632 bytes,   20982776 total
, 0.0226489 secs]
   [Parallel Time: 9.6 ms, GC Workers: 30]
      [GC Worker Start (ms): Min: 452108.0, Avg: 452108.3, Max: 452108.8, Diff: 0.7]
      [Ext Root Scanning (ms): Min: 0.2, Avg: 0.6, Max: 1.4, Diff: 1.2, Sum: 18.3]
      [Update RS (ms): Min: 1.4, Avg: 1.8, Max: 2.2, Diff: 0.8, Sum: 53.1]
         [Processed Buffers: Min: 1, Avg: 3.9, Max: 14, Diff: 13, Sum: 116]
      [Scan RS (ms): Min: 0.0, Avg: 0.2, Max: 0.5, Diff: 0.5, Sum: 6.8]
      [Code Root Scanning (ms): Min: 0.0, Avg: 0.0, Max: 0.0, Diff: 0.0, Sum: 0.1]
      [Object Copy (ms): Min: 6.0, Avg: 6.2, Max: 6.4, Diff: 0.3, Sum: 187.3]
      [Termination (ms): Min: 0.0, Avg: 0.0, Max: 0.1, Diff: 0.0, Sum: 1.0]
         [Termination Attempts: Min: 1, Avg: 6.2, Max: 11, Diff: 10, Sum: 187]
      [GC Worker Other (ms): Min: 0.0, Avg: 0.1, Max: 0.3, Diff: 0.3, Sum: 4.4]
      [GC Worker Total (ms): Min: 8.5, Avg: 9.0, Max: 9.4, Diff: 0.9, Sum: 270.9]
      [GC Worker End (ms): Min: 452117.2, Avg: 452117.4, Max: 452117.5, Diff: 0.3]
   [Code Root Fixup: 0.0 ms]
   [Code Root Purge: 0.0 ms]
   [Clear CT: 2.4 ms]
   [Other: 10.7 ms]
      [Choose CSet: 0.0 ms]
      [Ref Proc: 6.7 ms]
      [Ref Enq: 0.8 ms]
      [Redirty Cards: 1.3 ms]
      [Humongous Register: 0.3 ms]
      [Humongous Reclaim: 0.1 ms]
      [Free CSet: 1.2 ms]
   [Eden: 4016.0M(4016.0M)->0.0B(4016.0M) Survivors: 36.0M->36.0M Heap: 7028.7M(8192.0M)->3014.7M(8192.0M)]
 [Times: user=0.28 sys=0.01, real=0.03 secs]
2018-04-30T04:34:49.794+0200: 452.130: Total time for which application threads were stopped: 0.0239872 seconds, Stopping threads took: 0.0003714 seconds
2018-04-30T04:34:50.242+0200: 452.578: Application time: 0.4477519 seconds
2018-04-30T04:34:50.243+0200: 452.579: [GC pause (G1 Evacuation Pause) (young)
Desired survivor size 266338304 bytes, new threshold 15 (max 15)
- age   1:    8504304 bytes,    8504304 total
- age   2:    1151840 bytes,    9656144 total
- age   3:    1299424 bytes,   10955568 total
- age   4:    1120976 bytes,   12076544 total
- age   5:    1210368 bytes,   13286912 total
- age   6:    1398528 bytes,   14685440 total
- age   7:    1153744 bytes,   15839184 total
- age   8:    1187096 bytes,   17026280 total
- age   9:    1175816 bytes,   18202096 total
- age  10:    1148432 bytes,   19350528 total
- age  11:    2051008 bytes,   21401536 total
- age  12:    1028672 bytes,   22430208 total
- age  13:       3480 bytes,   22433688 total
- age  14:       4960 bytes,   22438648 total
- age  15:       8216 bytes,   22446864 total
, 0.0234378 secs]
   [Parallel Time: 9.5 ms, GC Workers: 30]
      [GC Worker Start (ms): Min: 452579.9, Avg: 452580.1, Max: 452580.4, Diff: 0.5]
      [Ext Root Scanning (ms): Min: 0.3, Avg: 0.6, Max: 1.3, Diff: 1.0, Sum: 17.3]
      [Update RS (ms): Min: 0.9, Avg: 1.7, Max: 2.2, Diff: 1.3, Sum: 52.2]
         [Processed Buffers: Min: 2, Avg: 3.9, Max: 15, Diff: 13, Sum: 118]
      [Scan RS (ms): Min: 0.0, Avg: 0.2, Max: 0.4, Diff: 0.4, Sum: 5.5]
      [Code Root Scanning (ms): Min: 0.0, Avg: 0.0, Max: 0.0, Diff: 0.0, Sum: 0.1]
      [Object Copy (ms): Min: 6.1, Avg: 6.4, Max: 6.5, Diff: 0.4, Sum: 191.1]
      [Termination (ms): Min: 0.0, Avg: 0.0, Max: 0.0, Diff: 0.0, Sum: 0.3]
         [Termination Attempts: Min: 1, Avg: 1.0, Max: 1, Diff: 0, Sum: 30]
      [GC Worker Other (ms): Min: 0.0, Avg: 0.2, Max: 0.3, Diff: 0.3, Sum: 4.7]
      [GC Worker Total (ms): Min: 8.7, Avg: 9.0, Max: 9.3, Diff: 0.7, Sum: 271.1]
      [GC Worker End (ms): Min: 452589.0, Avg: 452589.2, Max: 452589.3, Diff: 0.3]
   [Code Root Fixup: 0.0 ms]
   [Code Root Purge: 0.0 ms]
   [Clear CT: 2.0 ms]
   [Other: 12.0 ms]
      [Choose CSet: 0.0 ms]
      [Ref Proc: 7.1 ms]
      [Ref Enq: 1.0 ms]
      [Redirty Cards: 1.9 ms]
      [Humongous Register: 0.3 ms]
      [Humongous Reclaim: 0.1 ms]
      [Free CSet: 1.3 ms]
   [Eden: 4016.0M(4016.0M)->0.0B(4008.0M) Survivors: 36.0M->40.0M Heap: 7030.7M(8192.0M)->3016.7M(8192.0M)]
 [Times: user=0.29 sys=0.00, real=0.03 secs]
2018-04-30T04:34:50.267+0200: 452.603: Total time for which application threads were stopped: 0.0249265 seconds, Stopping threads took: 0.0004361 seconds
2018-04-30T04:34:50.685+0200: 453.022: Application time: 0.4185381 seconds
2018-04-30T04:34:50.686+0200: 453.023: [GC pause (G1 Evacuation Pause) (young)
Desired survivor size 266338304 bytes, new threshold 15 (max 15)
- age   1:   10956600 bytes,   10956600 total
- age   2:    1134896 bytes,   12091496 total
- age   3:    1138240 bytes,   13229736 total
- age   4:    1149048 bytes,   14378784 total
- age   5:    1117832 bytes,   15496616 total
- age   6:    1198176 bytes,   16694792 total
- age   7:    1140432 bytes,   17835224 total
- age   8:    1153424 bytes,   18988648 total
- age   9:    1186904 bytes,   20175552 total
- age  10:    1175432 bytes,   21350984 total
- age  11:    1148304 bytes,   22499288 total
- age  12:    1964920 bytes,   24464208 total
- age  13:       5008 bytes,   24469216 total
- age  14:       3480 bytes,   24472696 total
- age  15:       4960 bytes,   24477656 total
, 0.0255106 secs]
   [Parallel Time: 10.2 ms, GC Workers: 30]
      [GC Worker Start (ms): Min: 453023.3, Avg: 453023.8, Max: 453024.0, Diff: 0.7]
      [Ext Root Scanning (ms): Min: 0.3, Avg: 0.6, Max: 1.4, Diff: 1.0, Sum: 18.3]
      [Update RS (ms): Min: 1.2, Avg: 1.9, Max: 2.3, Diff: 1.0, Sum: 56.1]
         [Processed Buffers: Min: 2, Avg: 3.9, Max: 13, Diff: 11, Sum: 118]
      [Scan RS (ms): Min: 0.0, Avg: 0.2, Max: 0.5, Diff: 0.5, Sum: 6.0]
      [Code Root Scanning (ms): Min: 0.0, Avg: 0.0, Max: 0.0, Diff: 0.0, Sum: 0.1]
      [Object Copy (ms): Min: 6.4, Avg: 6.6, Max: 6.7, Diff: 0.4, Sum: 198.9]
      [Termination (ms): Min: 0.0, Avg: 0.0, Max: 0.0, Diff: 0.0, Sum: 0.3]
         [Termination Attempts: Min: 1, Avg: 1.0, Max: 1, Diff: 0, Sum: 30]
      [GC Worker Other (ms): Min: 0.0, Avg: 0.2, Max: 0.3, Diff: 0.3, Sum: 4.8]
      [GC Worker Total (ms): Min: 9.1, Avg: 9.5, Max: 10.0, Diff: 0.9, Sum: 284.5]
      [GC Worker End (ms): Min: 453033.1, Avg: 453033.2, Max: 453033.4, Diff: 0.3]
   [Code Root Fixup: 0.0 ms]
   [Code Root Purge: 0.0 ms]
   [Clear CT: 2.6 ms]
   [Other: 12.7 ms]
      [Choose CSet: 0.0 ms]
      [Ref Proc: 7.3 ms]
      [Ref Enq: 1.0 ms]
      [Redirty Cards: 2.5 ms]
      [Humongous Register: 0.3 ms]
      [Humongous Reclaim: 0.1 ms]
      [Free CSet: 1.3 ms]
   [Eden: 4008.0M(4008.0M)->0.0B(4008.0M) Survivors: 40.0M->40.0M Heap: 7024.7M(8192.0M)->3016.8M(8192.0M)]
 [Times: user=0.31 sys=0.00, real=0.03 secs]
2018-04-30T04:34:50.712+0200: 453.049: Total time for which application threads were stopped: 0.0269233 seconds, Stopping threads took: 0.0003625 seconds
2018-04-30T04:34:51.134+0200: 453.470: Application time: 0.4217239 seconds
2018-04-30T04:34:51.135+0200: 453.472: [GC pause (G1 Evacuation Pause) (young)
Desired survivor size 266338304 bytes, new threshold 15 (max 15)
- age   1:   11365928 bytes,   11365928 total
- age   2:    1594568 bytes,   12960496 total
- age   3:    1116464 bytes,   14076960 total
- age   4:    1135360 bytes,   15212320 total
- age   5:    1147256 bytes,   16359576 total
- age   6:    1116296 bytes,   17475872 total
- age   7:    1197472 bytes,   18673344 total
- age   8:    1139344 bytes,   19812688 total
- age   9:    1153168 bytes,   20965856 total
- age  10:    1186520 bytes,   22152376 total
- age  11:    1175112 bytes,   23327488 total
- age  12:    1000688 bytes,   24328176 total
- age  13:     902832 bytes,   25231008 total
- age  14:       4944 bytes,   25235952 total
- age  15:       3480 bytes,   25239432 total
, 0.0253396 secs]
   [Parallel Time: 10.1 ms, GC Workers: 30]
      [GC Worker Start (ms): Min: 453472.0, Avg: 453472.2, Max: 453472.4, Diff: 0.5]
      [Ext Root Scanning (ms): Min: 0.4, Avg: 0.7, Max: 1.4, Diff: 1.0, Sum: 20.1]
      [Update RS (ms): Min: 1.4, Avg: 1.8, Max: 2.1, Diff: 0.8, Sum: 52.6]
         [Processed Buffers: Min: 2, Avg: 3.8, Max: 15, Diff: 13, Sum: 113]
      [Scan RS (ms): Min: 0.0, Avg: 0.2, Max: 0.4, Diff: 0.4, Sum: 5.9]
      [Code Root Scanning (ms): Min: 0.0, Avg: 0.0, Max: 0.0, Diff: 0.0, Sum: 0.1]
      [Object Copy (ms): Min: 6.5, Avg: 6.7, Max: 6.8, Diff: 0.3, Sum: 200.0]
      [Termination (ms): Min: 0.0, Avg: 0.0, Max: 0.0, Diff: 0.0, Sum: 0.3]
         [Termination Attempts: Min: 1, Avg: 1.0, Max: 1, Diff: 0, Sum: 30]
      [GC Worker Other (ms): Min: 0.0, Avg: 0.2, Max: 0.3, Diff: 0.3, Sum: 5.7]
      [GC Worker Total (ms): Min: 9.2, Avg: 9.5, Max: 9.8, Diff: 0.6, Sum: 284.6]
      [GC Worker End (ms): Min: 453481.5, Avg: 453481.6, Max: 453481.8, Diff: 0.3]
   [Code Root Fixup: 0.0 ms]
   [Code Root Purge: 0.0 ms]
   [Clear CT: 2.3 ms]
   [Other: 12.9 ms]
      [Choose CSet: 0.0 ms]
      [Ref Proc: 7.0 ms]
      [Ref Enq: 1.1 ms]
      [Redirty Cards: 2.9 ms]
      [Humongous Register: 0.3 ms]
      [Humongous Reclaim: 0.1 ms]
      [Free CSet: 1.3 ms]
   [Eden: 4008.0M(4008.0M)->0.0B(4016.0M) Survivors: 40.0M->36.0M Heap: 7024.8M(8192.0M)->3015.2M(8192.0M)]
 [Times: user=0.30 sys=0.00, real=0.02 secs]
2018-04-30T04:34:51.161+0200: 453.497: Total time for which application threads were stopped: 0.0268119 seconds, Stopping threads took: 0.0004328 seconds
2018-04-30T04:34:51.579+0200: 453.915: Application time: 0.4177967 seconds
2018-04-30T04:34:51.580+0200: 453.916: [GC pause (G1 Evacuation Pause) (young)
Desired survivor size 266338304 bytes, new threshold 15 (max 15)
- age   1:   11418952 bytes,   11418952 total
- age   2:    1233888 bytes,   12652840 total
- age   3:    1590016 bytes,   14242856 total
- age   4:    1113088 bytes,   15355944 total
- age   5:    1133536 bytes,   16489480 total
- age   6:    1146232 bytes,   17635712 total
- age   7:    1115336 bytes,   18751048 total
- age   8:    1197024 bytes,   19948072 total
- age   9:    1138192 bytes,   21086264 total
- age  10:    1152976 bytes,   22239240 total
- age  11:    1186456 bytes,   23425696 total
- age  12:    1022256 bytes,   24447952 total
- age  13:      13880 bytes,   24461832 total
- age  14:     902832 bytes,   25364664 total
- age  15:       4944 bytes,   25369608 total
, 0.0259792 secs]
   [Parallel Time: 10.4 ms, GC Workers: 30]
      [GC Worker Start (ms): Min: 453916.6, Avg: 453917.0, Max: 453917.5, Diff: 0.9]
      [Ext Root Scanning (ms): Min: 0.0, Avg: 0.5, Max: 1.3, Diff: 1.2, Sum: 15.6]
      [Update RS (ms): Min: 1.5, Avg: 1.8, Max: 2.2, Diff: 0.7, Sum: 54.4]
         [Processed Buffers: Min: 1, Avg: 3.9, Max: 20, Diff: 19, Sum: 116]
      [Scan RS (ms): Min: 0.0, Avg: 0.2, Max: 0.4, Diff: 0.4, Sum: 5.6]
      [Code Root Scanning (ms): Min: 0.0, Avg: 0.0, Max: 0.0, Diff: 0.0, Sum: 0.1]
      [Object Copy (ms): Min: 6.5, Avg: 6.7, Max: 6.8, Diff: 0.3, Sum: 201.6]
      [Termination (ms): Min: 0.0, Avg: 0.0, Max: 0.0, Diff: 0.0, Sum: 0.2]
         [Termination Attempts: Min: 1, Avg: 1.0, Max: 1, Diff: 0, Sum: 30]
      [GC Worker Other (ms): Min: 0.0, Avg: 0.2, Max: 0.4, Diff: 0.3, Sum: 5.7]
      [GC Worker Total (ms): Min: 8.9, Avg: 9.4, Max: 10.0, Diff: 1.1, Sum: 283.1]
      [GC Worker End (ms): Min: 453926.3, Avg: 453926.5, Max: 453926.6, Diff: 0.3]
   [Code Root Fixup: 0.0 ms]
   [Code Root Purge: 0.0 ms]
   [Clear CT: 2.7 ms]
   [Other: 12.8 ms]
      [Choose CSet: 0.0 ms]
      [Ref Proc: 7.2 ms]
      [Ref Enq: 1.1 ms]
      [Redirty Cards: 2.5 ms]
      [Humongous Register: 0.3 ms]
      [Humongous Reclaim: 0.1 ms]
      [Free CSet: 1.4 ms]
   [Eden: 4016.0M(4016.0M)->0.0B(4016.0M) Survivors: 36.0M->36.0M Heap: 7031.2M(8192.0M)->3013.6M(8192.0M)]
 [Times: user=0.29 sys=0.00, real=0.03 secs]
2018-04-30T04:34:51.606+0200: 453.942: Total time for which application threads were stopped: 0.0274071 seconds, Stopping threads took: 0.0003560 seconds
2018-04-30T04:34:52.033+0200: 454.369: Application time: 0.4265284 seconds
2018-04-30T04:34:52.034+0200: 454.370: [GC pause (G1 Evacuation Pause) (young)
Desired survivor size 266338304 bytes, new threshold 15 (max 15)
- age   1:    9181744 bytes,    9181744 total
- age   2:    1297312 bytes,   10479056 total
- age   3:    1229000 bytes,   11708056 total
- age   4:    1587696 bytes,   13295752 total
- age   5:    1110736 bytes,   14406488 total
- age   6:    1132448 bytes,   15538936 total
- age   7:    1145528 bytes,   16684464 total
- age   8:    1114952 bytes,   17799416 total
- age   9:    1196448 bytes,   18995864 total
- age  10:    1137808 bytes,   20133672 total
- age  11:    1152656 bytes,   21286328 total
- age  12:    1044616 bytes,   22330944 total
- age  13:       4784 bytes,   22335728 total
- age  14:      13816 bytes,   22349544 total
- age  15:     902832 bytes,   23252376 total
, 0.0238417 secs]
   [Parallel Time: 10.8 ms, GC Workers: 30]
      [GC Worker Start (ms): Min: 454370.5, Avg: 454371.0, Max: 454371.4, Diff: 0.9]
      [Ext Root Scanning (ms): Min: 0.0, Avg: 0.5, Max: 1.2, Diff: 1.2, Sum: 16.2]
      [Update RS (ms): Min: 1.5, Avg: 1.7, Max: 2.2, Diff: 0.7, Sum: 51.6]
         [Processed Buffers: Min: 2, Avg: 3.8, Max: 14, Diff: 12, Sum: 113]
      [Scan RS (ms): Min: 0.0, Avg: 0.2, Max: 0.4, Diff: 0.3, Sum: 6.7]
      [Code Root Scanning (ms): Min: 0.0, Avg: 0.0, Max: 0.0, Diff: 0.0, Sum: 0.1]
      [Object Copy (ms): Min: 6.9, Avg: 7.2, Max: 7.3, Diff: 0.4, Sum: 216.3]
      [Termination (ms): Min: 0.0, Avg: 0.0, Max: 0.0, Diff: 0.0, Sum: 0.2]
         [Termination Attempts: Min: 1, Avg: 1.0, Max: 1, Diff: 0, Sum: 30]
      [GC Worker Other (ms): Min: 0.0, Avg: 0.2, Max: 0.4, Diff: 0.3, Sum: 5.3]
      [GC Worker Total (ms): Min: 9.3, Avg: 9.9, Max: 10.4, Diff: 1.1, Sum: 296.4]
      [GC Worker End (ms): Min: 454380.7, Avg: 454380.8, Max: 454381.0, Diff: 0.3]
   [Code Root Fixup: 0.0 ms]
   [Code Root Purge: 0.0 ms]
   [Clear CT: 1.9 ms]
   [Other: 11.2 ms]
      [Choose CSet: 0.0 ms]
      [Ref Proc: 6.9 ms]
      [Ref Enq: 0.9 ms]
      [Redirty Cards: 1.6 ms]
      [Humongous Register: 0.3 ms]
      [Humongous Reclaim: 0.1 ms]
      [Free CSet: 1.2 ms]
   [Eden: 4016.0M(4016.0M)->0.0B(4016.0M) Survivors: 36.0M->36.0M Heap: 7029.6M(8192.0M)->3016.7M(8192.0M)]
 [Times: user=0.32 sys=0.00, real=0.02 secs]
2018-04-30T04:34:52.058+0200: 454.394: Total time for which application threads were stopped: 0.0252859 seconds, Stopping threads took: 0.0004664 seconds
2018-04-30T04:34:52.510+0200: 454.846: Application time: 0.4522299 seconds
2018-04-30T04:34:52.511+0200: 454.847: [GC pause (G1 Evacuation Pause) (young)
Desired survivor size 266338304 bytes, new threshold 15 (max 15)
- age   1:   12861992 bytes,   12861992 total
- age   2:    1187312 bytes,   14049304 total
- age   3:    1292832 bytes,   15342136 total
- age   4:    1227656 bytes,   16569792 total
- age   5:    1587024 bytes,   18156816 total
- age   6:    1109584 bytes,   19266400 total
- age   7:    1131808 bytes,   20398208 total
- age   8:    1144504 bytes,   21542712 total
- age   9:    1114632 bytes,   22657344 total
- age  10:    1196128 bytes,   23853472 total
- age  11:    1137552 bytes,   24991024 total
- age  12:    1118320 bytes,   26109344 total
- age  13:       9048 bytes,   26118392 total
- age  14:       4384 bytes,   26122776 total
- age  15:      13752 bytes,   26136528 total
, 0.0257235 secs]
   [Parallel Time: 9.7 ms, GC Workers: 30]
      [GC Worker Start (ms): Min: 454847.9, Avg: 454848.1, Max: 454848.4, Diff: 0.5]
      [Ext Root Scanning (ms): Min: 0.4, Avg: 0.7, Max: 1.4, Diff: 1.0, Sum: 19.6]
      [Update RS (ms): Min: 1.0, Avg: 1.8, Max: 2.4, Diff: 1.3, Sum: 53.8]
         [Processed Buffers: Min: 1, Avg: 3.9, Max: 16, Diff: 15, Sum: 118]
      [Scan RS (ms): Min: 0.0, Avg: 0.2, Max: 0.4, Diff: 0.4, Sum: 6.3]
      [Code Root Scanning (ms): Min: 0.0, Avg: 0.0, Max: 0.0, Diff: 0.0, Sum: 0.1]
      [Object Copy (ms): Min: 5.8, Avg: 6.2, Max: 6.4, Diff: 0.5, Sum: 186.9]
      [Termination (ms): Min: 0.0, Avg: 0.0, Max: 0.0, Diff: 0.0, Sum: 0.2]
         [Termination Attempts: Min: 1, Avg: 1.0, Max: 1, Diff: 0, Sum: 30]
      [GC Worker Other (ms): Min: 0.0, Avg: 0.2, Max: 0.3, Diff: 0.3, Sum: 4.9]
      [GC Worker Total (ms): Min: 8.8, Avg: 9.1, Max: 9.4, Diff: 0.6, Sum: 271.7]
      [GC Worker End (ms): Min: 454857.1, Avg: 454857.2, Max: 454857.4, Diff: 0.3]
   [Code Root Fixup: 0.0 ms]
   [Code Root Purge: 0.0 ms]
   [Clear CT: 2.9 ms]
   [Other: 13.1 ms]
      [Choose CSet: 0.0 ms]
      [Ref Proc: 6.9 ms]
      [Ref Enq: 1.0 ms]
      [Redirty Cards: 3.2 ms]
      [Humongous Register: 0.3 ms]
      [Humongous Reclaim: 0.1 ms]
      [Free CSet: 1.3 ms]
   [Eden: 4016.0M(4016.0M)->0.0B(4008.0M) Survivors: 36.0M->40.0M Heap: 7032.7M(8192.0M)->3019.4M(8192.0M)]
 [Times: user=0.29 sys=0.00, real=0.03 secs]
2018-04-30T04:34:52.537+0200: 454.873: Total time for which application threads were stopped: 0.0270575 seconds, Stopping threads took: 0.0002939 seconds
2018-04-30T04:34:52.960+0200: 455.297: Application time: 0.4232588 seconds
2018-04-30T04:34:52.962+0200: 455.298: [GC pause (G1 Evacuation Pause) (young)
Desired survivor size 266338304 bytes, new threshold 15 (max 15)
- age   1:    9115256 bytes,    9115256 total
- age   2:    1085592 bytes,   10200848 total
- age   3:    1169024 bytes,   11369872 total
- age   4:    1151120 bytes,   12520992 total
- age   5:    1225656 bytes,   13746648 total
- age   6:    1586024 bytes,   15332672 total
- age   7:    1108880 bytes,   16441552 total
- age   8:    1131552 bytes,   17573104 total
- age   9:    1144248 bytes,   18717352 total
- age  10:    1114376 bytes,   19831728 total
- age  11:    1196064 bytes,   21027792 total
- age  12:    1137360 bytes,   22165152 total
- age  13:      55968 bytes,   22221120 total
- age  14:       8856 bytes,   22229976 total
- age  15:       4064 bytes,   22234040 total
, 0.0269929 secs]
   [Parallel Time: 11.9 ms, GC Workers: 30]
      [GC Worker Start (ms): Min: 455298.3, Avg: 455298.8, Max: 455299.2, Diff: 0.9]
      [Ext Root Scanning (ms): Min: 0.0, Avg: 0.5, Max: 1.2, Diff: 1.2, Sum: 14.9]
      [Update RS (ms): Min: 1.6, Avg: 1.9, Max: 2.3, Diff: 0.7, Sum: 57.5]
         [Processed Buffers: Min: 2, Avg: 4.0, Max: 14, Diff: 12, Sum: 119]
      [Scan RS (ms): Min: 0.0, Avg: 0.2, Max: 0.4, Diff: 0.4, Sum: 5.9]
      [Code Root Scanning (ms): Min: 0.0, Avg: 0.0, Max: 0.0, Diff: 0.0, Sum: 0.1]
      [Object Copy (ms): Min: 7.9, Avg: 8.2, Max: 8.3, Diff: 0.4, Sum: 244.8]
      [Termination (ms): Min: 0.0, Avg: 0.0, Max: 0.0, Diff: 0.0, Sum: 0.2]
         [Termination Attempts: Min: 1, Avg: 1.0, Max: 1, Diff: 0, Sum: 30]
      [GC Worker Other (ms): Min: 0.0, Avg: 0.2, Max: 0.4, Diff: 0.3, Sum: 5.4]
      [GC Worker Total (ms): Min: 10.3, Avg: 11.0, Max: 11.5, Diff: 1.2, Sum: 328.8]
      [GC Worker End (ms): Min: 455309.6, Avg: 455309.7, Max: 455309.9, Diff: 0.3]
   [Code Root Fixup: 0.0 ms]
   [Code Root Purge: 0.0 ms]
   [Clear CT: 2.4 ms]
   [Other: 12.7 ms]
      [Choose CSet: 0.0 ms]
      [Ref Proc: 7.4 ms]
      [Ref Enq: 1.0 ms]
      [Redirty Cards: 2.3 ms]
      [Humongous Register: 0.3 ms]
      [Humongous Reclaim: 0.1 ms]
      [Free CSet: 1.4 ms]
   [Eden: 4008.0M(4008.0M)->0.0B(4000.0M) Survivors: 40.0M->44.0M Heap: 7027.4M(8192.0M)->3023.2M(8192.0M)]
 [Times: user=0.35 sys=0.00, real=0.03 secs]
2018-04-30T04:34:52.989+0200: 455.325: Total time for which application threads were stopped: 0.0284304 seconds, Stopping threads took: 0.0004321 seconds
2018-04-30T04:34:53.399+0200: 455.736: Application time: 0.4105671 seconds
2018-04-30T04:34:53.401+0200: 455.737: [GC pause (G1 Evacuation Pause) (young)
Desired survivor size 266338304 bytes, new threshold 15 (max 15)
- age   1:   16113296 bytes,   16113296 total
- age   2:    1332640 bytes,   17445936 total
- age   3:    1080928 bytes,   18526864 total
- age   4:    1165840 bytes,   19692704 total
- age   5:    1148896 bytes,   20841600 total
- age   6:    1224504 bytes,   22066104 total
- age   7:    1584920 bytes,   23651024 total
- age   8:    1108176 bytes,   24759200 total
- age   9:    1131232 bytes,   25890432 total
- age  10:    1143992 bytes,   27034424 total
- age  11:    1114120 bytes,   28148544 total
- age  12:    1196064 bytes,   29344608 total
- age  13:      53312 bytes,   29397920 total
- age  14:       2112 bytes,   29400032 total
- age  15:       8856 bytes,   29408888 total
, 0.0241497 secs]
   [Parallel Time: 9.5 ms, GC Workers: 30]
      [GC Worker Start (ms): Min: 455737.5, Avg: 455738.0, Max: 455738.4, Diff: 1.0]
      [Ext Root Scanning (ms): Min: 0.0, Avg: 0.5, Max: 1.2, Diff: 1.2, Sum: 14.6]
      [Update RS (ms): Min: 1.5, Avg: 1.9, Max: 2.3, Diff: 0.7, Sum: 56.2]
         [Processed Buffers: Min: 2, Avg: 3.9, Max: 13, Diff: 11, Sum: 117]
      [Scan RS (ms): Min: 0.0, Avg: 0.2, Max: 0.4, Diff: 0.4, Sum: 6.1]
      [Code Root Scanning (ms): Min: 0.0, Avg: 0.0, Max: 0.0, Diff: 0.0, Sum: 0.1]
      [Object Copy (ms): Min: 5.5, Avg: 5.8, Max: 5.9, Diff: 0.4, Sum: 173.4]
      [Termination (ms): Min: 0.0, Avg: 0.0, Max: 0.0, Diff: 0.0, Sum: 0.3]
         [Termination Attempts: Min: 1, Avg: 1.0, Max: 1, Diff: 0, Sum: 30]
      [GC Worker Other (ms): Min: 0.0, Avg: 0.2, Max: 0.4, Diff: 0.3, Sum: 5.4]
      [GC Worker Total (ms): Min: 7.9, Avg: 8.5, Max: 9.1, Diff: 1.2, Sum: 256.0]
      [GC Worker End (ms): Min: 455746.3, Avg: 455746.5, Max: 455746.7, Diff: 0.3]
   [Code Root Fixup: 0.0 ms]
   [Code Root Purge: 0.0 ms]
   [Clear CT: 2.4 ms]
   [Other: 12.2 ms]
      [Choose CSet: 0.0 ms]
      [Ref Proc: 6.6 ms]
      [Ref Enq: 1.3 ms]
      [Redirty Cards: 2.2 ms]
      [Humongous Register: 0.3 ms]
      [Humongous Reclaim: 0.1 ms]
      [Free CSet: 1.5 ms]
   [Eden: 4000.0M(4000.0M)->0.0B(4016.0M) Survivors: 44.0M->36.0M Heap: 7023.2M(8192.0M)->3016.5M(8192.0M)]
 [Times: user=0.28 sys=0.00, real=0.03 secs]
2018-04-30T04:34:53.425+0200: 455.761: Total time for which application threads were stopped: 0.0256507 seconds, Stopping threads took: 0.0004851 seconds
2018-04-30T04:34:53.845+0200: 456.181: Application time: 0.4200237 seconds
2018-04-30T04:34:53.846+0200: 456.183: [GC pause (G1 Evacuation Pause) (young)
Desired survivor size 266338304 bytes, new threshold 15 (max 15)
- age   1:    8723808 bytes,    8723808 total
- age   2:    1161592 bytes,    9885400 total
- age   3:    1326680 bytes,   11212080 total
- age   4:    1078368 bytes,   12290448 total
- age   5:    1164624 bytes,   13455072 total
- age   6:    1147904 bytes,   14602976 total
- age   7:    1223928 bytes,   15826904 total
- age   8:    1584344 bytes,   17411248 total
- age   9:    1107792 bytes,   18519040 total
- age  10:    1131232 bytes,   19650272 total
- age  11:    1143608 bytes,   20793880 total
- age  12:    1114056 bytes,   21907936 total
- age  13:     115960 bytes,   22023896 total
- age  14:       1984 bytes,   22025880 total
- age  15:       2048 bytes,   22027928 total
, 0.0241630 secs]
   [Parallel Time: 10.7 ms, GC Workers: 30]
      [GC Worker Start (ms): Min: 456183.2, Avg: 456183.7, Max: 456184.0, Diff: 0.8]
      [Ext Root Scanning (ms): Min: 0.2, Avg: 0.5, Max: 1.3, Diff: 1.1, Sum: 15.9]
      [Update RS (ms): Min: 1.6, Avg: 1.8, Max: 2.1, Diff: 0.5, Sum: 54.6]
         [Processed Buffers: Min: 2, Avg: 3.8, Max: 12, Diff: 10, Sum: 113]
      [Scan RS (ms): Min: 0.0, Avg: 0.2, Max: 0.4, Diff: 0.4, Sum: 6.8]
      [Code Root Scanning (ms): Min: 0.0, Avg: 0.0, Max: 0.0, Diff: 0.0, Sum: 0.1]
      [Object Copy (ms): Min: 6.8, Avg: 6.9, Max: 7.0, Diff: 0.2, Sum: 208.4]
      [Termination (ms): Min: 0.0, Avg: 0.0, Max: 0.0, Diff: 0.0, Sum: 0.4]
         [Termination Attempts: Min: 1, Avg: 1.0, Max: 1, Diff: 0, Sum: 30]
      [GC Worker Other (ms): Min: 0.0, Avg: 0.2, Max: 0.4, Diff: 0.3, Sum: 5.6]
      [GC Worker Total (ms): Min: 9.4, Avg: 9.7, Max: 10.3, Diff: 1.0, Sum: 291.6]
      [GC Worker End (ms): Min: 456193.3, Avg: 456193.4, Max: 456193.6, Diff: 0.3]
   [Code Root Fixup: 0.0 ms]
   [Code Root Purge: 0.0 ms]
   [Clear CT: 2.0 ms]
   [Other: 11.4 ms]
      [Choose CSet: 0.0 ms]
      [Ref Proc: 7.0 ms]
      [Ref Enq: 0.9 ms]
      [Redirty Cards: 1.6 ms]
      [Humongous Register: 0.3 ms]
      [Humongous Reclaim: 0.1 ms]
      [Free CSet: 1.3 ms]
   [Eden: 4016.0M(4016.0M)->0.0B(4016.0M) Survivors: 36.0M->36.0M Heap: 7032.5M(8192.0M)->3016.7M(8192.0M)]
 [Times: user=0.30 sys=0.00, real=0.02 secs]
2018-04-30T04:34:53.871+0200: 456.207: Total time for which application threads were stopped: 0.0257249 seconds, Stopping threads took: 0.0004899 seconds
2018-04-30T04:34:54.278+0200: 456.614: Application time: 0.4073166 seconds
2018-04-30T04:34:54.279+0200: 456.616: [GC pause (G1 Evacuation Pause) (young)
Desired survivor size 266338304 bytes, new threshold 15 (max 15)
- age   1:   11988952 bytes,   11988952 total
- age   2:    1156408 bytes,   13145360 total
- age   3:    1157136 bytes,   14302496 total
- age   4:    1324728 bytes,   15627224 total
- age   5:    1077024 bytes,   16704248 total
- age   6:    1163984 bytes,   17868232 total
- age   7:    1147200 bytes,   19015432 total
- age   8:    1223480 bytes,   20238912 total
- age   9:    1584152 bytes,   21823064 total
- age  10:    1107664 bytes,   22930728 total
- age  11:    1131104 bytes,   24061832 total
- age  12:    1143608 bytes,   25205440 total
- age  13:      87328 bytes,   25292768 total
- age  14:       4992 bytes,   25297760 total
- age  15:       1984 bytes,   25299744 total
, 0.0249958 secs]
   [Parallel Time: 9.7 ms, GC Workers: 30]
      [GC Worker Start (ms): Min: 456616.1, Avg: 456616.4, Max: 456616.8, Diff: 0.7]
      [Ext Root Scanning (ms): Min: 0.2, Avg: 0.6, Max: 1.3, Diff: 1.2, Sum: 17.2]
      [Update RS (ms): Min: 1.5, Avg: 1.8, Max: 2.2, Diff: 0.6, Sum: 55.4]
         [Processed Buffers: Min: 1, Avg: 4.0, Max: 15, Diff: 14, Sum: 120]
      [Scan RS (ms): Min: 0.0, Avg: 0.2, Max: 0.4, Diff: 0.4, Sum: 5.9]
      [Code Root Scanning (ms): Min: 0.0, Avg: 0.0, Max: 0.0, Diff: 0.0, Sum: 0.1]
      [Object Copy (ms): Min: 6.0, Avg: 6.1, Max: 6.3, Diff: 0.3, Sum: 183.8]
      [Termination (ms): Min: 0.0, Avg: 0.0, Max: 0.0, Diff: 0.0, Sum: 0.2]
         [Termination Attempts: Min: 1, Avg: 1.0, Max: 1, Diff: 0, Sum: 30]
      [GC Worker Other (ms): Min: 0.0, Avg: 0.2, Max: 0.4, Diff: 0.3, Sum: 5.8]
      [GC Worker Total (ms): Min: 8.5, Avg: 8.9, Max: 9.3, Diff: 0.9, Sum: 268.4]
      [GC Worker End (ms): Min: 456625.2, Avg: 456625.3, Max: 456625.5, Diff: 0.3]
   [Code Root Fixup: 0.0 ms]
   [Code Root Purge: 0.0 ms]
   [Clear CT: 2.2 ms]
   [Other: 13.1 ms]
      [Choose CSet: 0.0 ms]
      [Ref Proc: 7.5 ms]
      [Ref Enq: 1.0 ms]
      [Redirty Cards: 2.5 ms]
      [Humongous Register: 0.3 ms]
      [Humongous Reclaim: 0.1 ms]
      [Free CSet: 1.4 ms]
   [Eden: 4016.0M(4016.0M)->0.0B(4016.0M) Survivors: 36.0M->36.0M Heap: 7032.7M(8192.0M)->3014.6M(8192.0M)]
 [Times: user=0.28 sys=0.00, real=0.03 secs]
2018-04-30T04:34:54.304+0200: 456.641: Total time for which application threads were stopped: 0.0263909 seconds, Stopping threads took: 0.0003927 seconds
2018-04-30T04:34:54.727+0200: 457.064: Application time: 0.4227333 seconds
2018-04-30T04:34:54.728+0200: 457.065: [GC pause (G1 Evacuation Pause) (young)
Desired survivor size 266338304 bytes, new threshold 15 (max 15)
- age   1:   10934888 bytes,   10934888 total
- age   2:    1291600 bytes,   12226488 total
- age   3:    1152168 bytes,   13378656 total
- age   4:    1155104 bytes,   14533760 total
- age   5:    1323096 bytes,   15856856 total
- age   6:    1076320 bytes,   16933176 total
- age   7:    1163280 bytes,   18096456 total
- age   8:    1146688 bytes,   19243144 total
- age   9:    1223352 bytes,   20466496 total
- age  10:    1584088 bytes,   22050584 total
- age  11:    1107472 bytes,   23158056 total
- age  12:    1130912 bytes,   24288968 total
- age  13:      83632 bytes,   24372600 total
- age  14:       3768 bytes,   24376368 total
- age  15:       4928 bytes,   24381296 total
, 0.0245310 secs]
   [Parallel Time: 10.9 ms, GC Workers: 30]
      [GC Worker Start (ms): Min: 457065.2, Avg: 457065.7, Max: 457066.0, Diff: 0.7]
      [Ext Root Scanning (ms): Min: 0.2, Avg: 0.5, Max: 1.2, Diff: 1.0, Sum: 16.2]
      [Update RS (ms): Min: 1.6, Avg: 1.8, Max: 2.2, Diff: 0.6, Sum: 55.3]
         [Processed Buffers: Min: 2, Avg: 3.8, Max: 15, Diff: 13, Sum: 115]
      [Scan RS (ms): Min: 0.0, Avg: 0.2, Max: 0.4, Diff: 0.4, Sum: 6.3]
      [Code Root Scanning (ms): Min: 0.0, Avg: 0.0, Max: 0.0, Diff: 0.0, Sum: 0.1]
      [Object Copy (ms): Min: 7.0, Avg: 7.1, Max: 7.2, Diff: 0.3, Sum: 214.4]
      [Termination (ms): Min: 0.0, Avg: 0.0, Max: 0.0, Diff: 0.0, Sum: 0.2]
         [Termination Attempts: Min: 1, Avg: 1.0, Max: 1, Diff: 0, Sum: 30]
      [GC Worker Other (ms): Min: 0.0, Avg: 0.2, Max: 0.4, Diff: 0.4, Sum: 5.5]
      [GC Worker Total (ms): Min: 9.5, Avg: 9.9, Max: 10.4, Diff: 0.9, Sum: 297.9]
      [GC Worker End (ms): Min: 457075.4, Avg: 457075.6, Max: 457075.8, Diff: 0.4]
   [Code Root Fixup: 0.0 ms]
   [Code Root Purge: 0.0 ms]
   [Clear CT: 1.4 ms]
   [Other: 12.2 ms]
      [Choose CSet: 0.0 ms]
      [Ref Proc: 7.1 ms]
      [Ref Enq: 1.0 ms]
      [Redirty Cards: 2.3 ms]
      [Humongous Register: 0.3 ms]
      [Humongous Reclaim: 0.1 ms]
      [Free CSet: 1.2 ms]
   [Eden: 4016.0M(4016.0M)->0.0B(4016.0M) Survivors: 36.0M->36.0M Heap: 7030.6M(8192.0M)->3015.4M(8192.0M)]
 [Times: user=0.31 sys=0.00, real=0.03 secs]
2018-04-30T04:34:54.753+0200: 457.090: Total time for which application threads were stopped: 0.0260094 seconds, Stopping threads took: 0.0004359 seconds
2018-04-30T04:34:55.178+0200: 457.514: Application time: 0.4244035 seconds
2018-04-30T04:34:55.179+0200: 457.515: [GC pause (G1 Evacuation Pause) (young)
Desired survivor size 266338304 bytes, new threshold 15 (max 15)
- age   1:   12834168 bytes,   12834168 total
- age   2:    1172520 bytes,   14006688 total
- age   3:    1287472 bytes,   15294160 total
- age   4:    1150456 bytes,   16444616 total
- age   5:    1154032 bytes,   17598648 total
- age   6:    1321872 bytes,   18920520 total
- age   7:    1075808 bytes,   19996328 total
- age   8:    1162960 bytes,   21159288 total
- age   9:    1146560 bytes,   22305848 total
- age  10:    1222968 bytes,   23528816 total
- age  11:    1583960 bytes,   25112776 total
- age  12:    1107472 bytes,   26220248 total
- age  13:      96736 bytes,   26316984 total
- age  14:       3632 bytes,   26320616 total
- age  15:       3704 bytes,   26324320 total
, 0.0250362 secs]
   [Parallel Time: 10.0 ms, GC Workers: 30]
      [GC Worker Start (ms): Min: 457515.6, Avg: 457516.1, Max: 457516.7, Diff: 1.1]
      [Ext Root Scanning (ms): Min: 0.0, Avg: 0.5, Max: 1.2, Diff: 1.2, Sum: 14.8]
      [Update RS (ms): Min: 1.5, Avg: 1.8, Max: 2.1, Diff: 0.6, Sum: 55.4]
         [Processed Buffers: Min: 2, Avg: 4.1, Max: 20, Diff: 18, Sum: 123]
      [Scan RS (ms): Min: 0.0, Avg: 0.2, Max: 0.4, Diff: 0.4, Sum: 5.8]
      [Code Root Scanning (ms): Min: 0.0, Avg: 0.0, Max: 0.0, Diff: 0.0, Sum: 0.1]
      [Object Copy (ms): Min: 6.2, Avg: 6.4, Max: 6.5, Diff: 0.2, Sum: 191.2]
      [Termination (ms): Min: 0.0, Avg: 0.0, Max: 0.0, Diff: 0.0, Sum: 0.2]
         [Termination Attempts: Min: 1, Avg: 1.0, Max: 1, Diff: 0, Sum: 30]
      [GC Worker Other (ms): Min: 0.0, Avg: 0.2, Max: 0.3, Diff: 0.3, Sum: 4.9]
      [GC Worker Total (ms): Min: 8.4, Avg: 9.1, Max: 9.6, Diff: 1.2, Sum: 272.3]
      [GC Worker End (ms): Min: 457525.1, Avg: 457525.2, Max: 457525.4, Diff: 0.3]
   [Code Root Fixup: 0.0 ms]
   [Code Root Purge: 0.0 ms]
   [Clear CT: 2.4 ms]
   [Other: 12.6 ms]
      [Choose CSet: 0.0 ms]
      [Ref Proc: 7.3 ms]
      [Ref Enq: 1.1 ms]
      [Redirty Cards: 2.2 ms]
      [Humongous Register: 0.3 ms]
      [Humongous Reclaim: 0.1 ms]
      [Free CSet: 1.4 ms]
   [Eden: 4016.0M(4016.0M)->0.0B(4008.0M) Survivors: 36.0M->40.0M Heap: 7031.4M(8192.0M)->3018.7M(8192.0M)]
 [Times: user=0.29 sys=0.01, real=0.03 secs]
2018-04-30T04:34:55.204+0200: 457.540: Total time for which application threads were stopped: 0.0264287 seconds, Stopping threads took: 0.0003616 seconds
2018-04-30T04:34:55.611+0200: 457.948: Application time: 0.4071191 seconds
2018-04-30T04:34:55.612+0200: 457.949: [GC pause (G1 Evacuation Pause) (young)
Desired survivor size 266338304 bytes, new threshold 15 (max 15)
- age   1:   12028720 bytes,   12028720 total
- age   2:    1124696 bytes,   13153416 total
- age   3:    1152736 bytes,   14306152 total
- age   4:    1142688 bytes,   15448840 total
- age   5:    1139752 bytes,   16588592 total
- age   6:    1141984 bytes,   17730576 total
- age   7:    1071248 bytes,   18801824 total
- age   8:    1073568 bytes,   19875392 total
- age   9:    1161232 bytes,   21036624 total
- age  10:    1142080 bytes,   22178704 total
- age  11:    1215912 bytes,   23394616 total
- age  12:    1117720 bytes,   24512336 total
- age  13:     114880 bytes,   24627216 total
- age  14:       7048 bytes,   24634264 total
- age  15:       3504 bytes,   24637768 total
, 0.0249801 secs]
   [Parallel Time: 10.8 ms, GC Workers: 30]
      [GC Worker Start (ms): Min: 457949.1, Avg: 457949.7, Max: 457950.0, Diff: 0.9]
      [Ext Root Scanning (ms): Min: 0.1, Avg: 0.5, Max: 1.2, Diff: 1.1, Sum: 14.9]
      [Update RS (ms): Min: 1.6, Avg: 1.9, Max: 2.3, Diff: 0.7, Sum: 57.5]
         [Processed Buffers: Min: 2, Avg: 3.8, Max: 19, Diff: 17, Sum: 115]
      [Scan RS (ms): Min: 0.0, Avg: 0.2, Max: 0.4, Diff: 0.4, Sum: 5.9]
      [Code Root Scanning (ms): Min: 0.0, Avg: 0.0, Max: 0.0, Diff: 0.0, Sum: 0.1]
      [Object Copy (ms): Min: 6.8, Avg: 7.0, Max: 7.2, Diff: 0.4, Sum: 210.6]
      [Termination (ms): Min: 0.0, Avg: 0.0, Max: 0.0, Diff: 0.0, Sum: 0.2]
         [Termination Attempts: Min: 1, Avg: 1.0, Max: 1, Diff: 0, Sum: 30]
      [GC Worker Other (ms): Min: 0.0, Avg: 0.2, Max: 0.3, Diff: 0.3, Sum: 5.2]
      [GC Worker Total (ms): Min: 9.4, Avg: 9.8, Max: 10.4, Diff: 1.0, Sum: 294.2]
      [GC Worker End (ms): Min: 457959.3, Avg: 457959.5, Max: 457959.6, Diff: 0.3]
   [Code Root Fixup: 0.0 ms]
   [Code Root Purge: 0.0 ms]
   [Clear CT: 1.8 ms]
   [Other: 12.4 ms]
      [Choose CSet: 0.0 ms]
      [Ref Proc: 7.3 ms]
      [Ref Enq: 1.0 ms]
      [Redirty Cards: 2.2 ms]
      [Humongous Register: 0.3 ms]
      [Humongous Reclaim: 0.1 ms]
      [Free CSet: 1.3 ms]
   [Eden: 4008.0M(4008.0M)->0.0B(4016.0M) Survivors: 40.0M->36.0M Heap: 7026.7M(8192.0M)->3015.4M(8192.0M)]
 [Times: user=0.31 sys=0.00, real=0.02 secs]
2018-04-30T04:34:55.638+0200: 457.974: Total time for which application threads were stopped: 0.0263900 seconds, Stopping threads took: 0.0003832 seconds
2018-04-30T04:34:56.074+0200: 458.410: Application time: 0.4364816 seconds
2018-04-30T04:34:56.075+0200: 458.412: [GC pause (G1 Evacuation Pause) (young)
Desired survivor size 266338304 bytes, new threshold 15 (max 15)
- age   1:   15007616 bytes,   15007616 total
- age   2:    1105592 bytes,   16113208 total
- age   3:    1120304 bytes,   17233512 total
- age   4:    1151456 bytes,   18384968 total
- age   5:    1141504 bytes,   19526472 total
- age   6:    1138536 bytes,   20665008 total
- age   7:    1141600 bytes,   21806608 total
- age   8:    1070224 bytes,   22876832 total
- age   9:    1073440 bytes,   23950272 total
- age  10:    1160592 bytes,   25110864 total
- age  11:    1141504 bytes,   26252368 total
- age  12:    1215144 bytes,   27467512 total
- age  13:      99184 bytes,   27566696 total
- age  14:      10160 bytes,   27576856 total
- age  15:       6984 bytes,   27583840 total
, 0.0257670 secs]
   [Parallel Time: 9.6 ms, GC Workers: 30]
      [GC Worker Start (ms): Min: 458412.1, Avg: 458412.7, Max: 458413.3, Diff: 1.1]
      [Ext Root Scanning (ms): Min: 0.0, Avg: 0.5, Max: 1.2, Diff: 1.2, Sum: 13.9]
      [Update RS (ms): Min: 1.4, Avg: 1.9, Max: 2.2, Diff: 0.8, Sum: 55.7]
         [Processed Buffers: Min: 2, Avg: 3.9, Max: 16, Diff: 14, Sum: 116]
      [Scan RS (ms): Min: 0.0, Avg: 0.2, Max: 0.4, Diff: 0.3, Sum: 5.9]
      [Code Root Scanning (ms): Min: 0.0, Avg: 0.0, Max: 0.0, Diff: 0.0, Sum: 0.1]
      [Object Copy (ms): Min: 6.0, Avg: 6.2, Max: 6.3, Diff: 0.3, Sum: 185.3]
      [Termination (ms): Min: 0.0, Avg: 0.0, Max: 0.0, Diff: 0.0, Sum: 0.3]
         [Termination Attempts: Min: 1, Avg: 1.0, Max: 1, Diff: 0, Sum: 30]
      [GC Worker Other (ms): Min: 0.0, Avg: 0.2, Max: 0.3, Diff: 0.3, Sum: 4.8]
      [GC Worker Total (ms): Min: 8.2, Avg: 8.9, Max: 9.5, Diff: 1.2, Sum: 265.9]
      [GC Worker End (ms): Min: 458421.4, Avg: 458421.5, Max: 458421.7, Diff: 0.3]
   [Code Root Fixup: 0.0 ms]
   [Code Root Purge: 0.0 ms]
   [Clear CT: 2.3 ms]
   [Other: 13.8 ms]
      [Choose CSet: 0.0 ms]
      [Ref Proc: 7.8 ms]
      [Ref Enq: 0.9 ms]
      [Redirty Cards: 3.1 ms]
      [Humongous Register: 0.3 ms]
      [Humongous Reclaim: 0.1 ms]
      [Free CSet: 1.4 ms]
   [Eden: 4016.0M(4016.0M)->0.0B(4008.0M) Survivors: 36.0M->40.0M Heap: 7031.4M(8192.0M)->3019.6M(8192.0M)]
 [Times: user=0.28 sys=0.00, real=0.02 secs]
2018-04-30T04:34:56.101+0200: 458.438: Total time for which application threads were stopped: 0.0273578 seconds, Stopping threads took: 0.0004021 seconds
2018-04-30T04:34:56.522+0200: 458.859: Application time: 0.4209336 seconds
2018-04-30T04:34:56.523+0200: 458.860: [GC pause (G1 Evacuation Pause) (young)
Desired survivor size 266338304 bytes, new threshold 15 (max 15)
- age   1:   11416896 bytes,   11416896 total
- age   2:    1139592 bytes,   12556488 total
- age   3:    1100392 bytes,   13656880 total
- age   4:    1119248 bytes,   14776128 total
- age   5:    1149728 bytes,   15925856 total
- age   6:    1140672 bytes,   17066528 total
- age   7:    1137576 bytes,   18204104 total
- age   8:    1140960 bytes,   19345064 total
- age   9:    1069520 bytes,   20414584 total
- age  10:    1073312 bytes,   21487896 total
- age  11:    1160464 bytes,   22648360 total
- age  12:    1141248 bytes,   23789608 total
- age  13:     172976 bytes,   23962584 total
- age  14:       5216 bytes,   23967800 total
- age  15:      10160 bytes,   23977960 total
, 0.0285233 secs]
   [Parallel Time: 12.0 ms, GC Workers: 30]
      [GC Worker Start (ms): Min: 458860.3, Avg: 458860.8, Max: 458861.2, Diff: 0.9]
      [Ext Root Scanning (ms): Min: 0.1, Avg: 0.5, Max: 1.3, Diff: 1.1, Sum: 15.9]
      [Update RS (ms): Min: 1.5, Avg: 2.0, Max: 2.3, Diff: 0.8, Sum: 58.8]
         [Processed Buffers: Min: 2, Avg: 3.7, Max: 11, Diff: 9, Sum: 110]
      [Scan RS (ms): Min: 0.0, Avg: 0.2, Max: 0.5, Diff: 0.4, Sum: 5.8]
      [Code Root Scanning (ms): Min: 0.0, Avg: 0.0, Max: 0.0, Diff: 0.0, Sum: 0.1]
      [Object Copy (ms): Min: 7.9, Avg: 8.1, Max: 8.2, Diff: 0.4, Sum: 242.5]
      [Termination (ms): Min: 0.0, Avg: 0.0, Max: 0.1, Diff: 0.0, Sum: 1.0]
         [Termination Attempts: Min: 1, Avg: 4.2, Max: 7, Diff: 6, Sum: 125]
      [GC Worker Other (ms): Min: 0.0, Avg: 0.2, Max: 0.3, Diff: 0.3, Sum: 5.1]
      [GC Worker Total (ms): Min: 10.5, Avg: 11.0, Max: 11.4, Diff: 0.9, Sum: 329.2]
      [GC Worker End (ms): Min: 458871.6, Avg: 458871.8, Max: 458872.0, Diff: 0.3]
   [Code Root Fixup: 0.0 ms]
   [Code Root Purge: 0.0 ms]
   [Clear CT: 2.7 ms]
   [Other: 13.8 ms]
      [Choose CSet: 0.0 ms]
      [Ref Proc: 8.0 ms]
      [Ref Enq: 1.2 ms]
      [Redirty Cards: 2.6 ms]
      [Humongous Register: 0.3 ms]
      [Humongous Reclaim: 0.1 ms]
      [Free CSet: 1.4 ms]
   [Eden: 4008.0M(4008.0M)->0.0B(4016.0M) Survivors: 40.0M->36.0M Heap: 7027.6M(8192.0M)->3016.2M(8192.0M)]
 [Times: user=0.34 sys=0.01, real=0.03 secs]
2018-04-30T04:34:56.552+0200: 458.889: Total time for which application threads were stopped: 0.0299284 seconds, Stopping threads took: 0.0003840 seconds
2018-04-30T04:34:56.987+0200: 459.323: Application time: 0.4345054 seconds
2018-04-30T04:34:56.988+0200: 459.324: [GC pause (G1 Evacuation Pause) (young)
Desired survivor size 266338304 bytes, new threshold 15 (max 15)
- age   1:   11801624 bytes,   11801624 total
- age   2:    1491760 bytes,   13293384 total
- age   3:    1134664 bytes,   14428048 total
- age   4:    1098136 bytes,   15526184 total
- age   5:    1117960 bytes,   16644144 total
- age   6:    1148576 bytes,   17792720 total
- age   7:    1140032 bytes,   18932752 total
- age   8:    1137256 bytes,   20070008 total
- age   9:    1140576 bytes,   21210584 total
- age  10:    1069328 bytes,   22279912 total
- age  11:    1073248 bytes,   23353160 total
- age  12:    1160336 bytes,   24513496 total
- age  13:     136144 bytes,   24649640 total
- age  14:       5696 bytes,   24655336 total
- age  15:       5216 bytes,   24660552 total
, 0.0228258 secs]
   [Parallel Time: 9.4 ms, GC Workers: 30]
      [GC Worker Start (ms): Min: 459324.8, Avg: 459325.4, Max: 459325.8, Diff: 1.0]
      [Ext Root Scanning (ms): Min: 0.0, Avg: 0.5, Max: 1.2, Diff: 1.2, Sum: 14.9]
      [Update RS (ms): Min: 1.5, Avg: 1.9, Max: 2.3, Diff: 0.8, Sum: 56.6]
         [Processed Buffers: Min: 2, Avg: 3.6, Max: 14, Diff: 12, Sum: 108]
      [Scan RS (ms): Min: 0.0, Avg: 0.2, Max: 0.4, Diff: 0.4, Sum: 7.2]
      [Code Root Scanning (ms): Min: 0.0, Avg: 0.0, Max: 0.0, Diff: 0.0, Sum: 0.1]
      [Object Copy (ms): Min: 5.5, Avg: 5.7, Max: 5.8, Diff: 0.3, Sum: 170.1]
      [Termination (ms): Min: 0.0, Avg: 0.0, Max: 0.0, Diff: 0.0, Sum: 0.2]
         [Termination Attempts: Min: 1, Avg: 1.0, Max: 1, Diff: 0, Sum: 30]
      [GC Worker Other (ms): Min: 0.0, Avg: 0.2, Max: 0.3, Diff: 0.3, Sum: 4.9]
      [GC Worker Total (ms): Min: 7.9, Avg: 8.5, Max: 9.1, Diff: 1.2, Sum: 254.0]
      [GC Worker End (ms): Min: 459333.7, Avg: 459333.8, Max: 459334.0, Diff: 0.3]
   [Code Root Fixup: 0.0 ms]
   [Code Root Purge: 0.0 ms]
   [Clear CT: 1.6 ms]
   [Other: 11.8 ms]
      [Choose CSet: 0.0 ms]
      [Ref Proc: 7.5 ms]
      [Ref Enq: 1.0 ms]
      [Redirty Cards: 1.4 ms]
      [Humongous Register: 0.3 ms]
      [Humongous Reclaim: 0.1 ms]
      [Free CSet: 1.3 ms]
   [Eden: 4016.0M(4016.0M)->0.0B(4024.0M) Survivors: 36.0M->32.0M Heap: 7032.2M(8192.0M)->3011.4M(8192.0M)]
 [Times: user=0.27 sys=0.01, real=0.02 secs]
2018-04-30T04:34:57.011+0200: 459.347: Total time for which application threads were stopped: 0.0242483 seconds, Stopping threads took: 0.0003825 seconds
2018-04-30T04:34:57.433+0200: 459.770: Application time: 0.4223688 seconds
2018-04-30T04:34:57.437+0200: 459.773: [GC pause (G1 Evacuation Pause) (young)
Desired survivor size 266338304 bytes, new threshold 15 (max 15)
- age   1:    8623304 bytes,    8623304 total
- age   2:    1248152 bytes,    9871456 total
- age   3:    1487544 bytes,   11359000 total
- age   4:    1132520 bytes,   12491520 total
- age   5:    1097240 bytes,   13588760 total
- age   6:    1116808 bytes,   14705568 total
- age   7:    1148000 bytes,   15853568 total
- age   8:    1139520 bytes,   16993088 total
- age   9:    1137064 bytes,   18130152 total
- age  10:    1140320 bytes,   19270472 total
- age  11:    1068944 bytes,   20339416 total
- age  12:    1073120 bytes,   21412536 total
- age  13:     193648 bytes,   21606184 total
- age  14:       1712 bytes,   21607896 total
- age  15:       5632 bytes,   21613528 total
, 0.0250640 secs]
   [Parallel Time: 10.3 ms, GC Workers: 30]
      [GC Worker Start (ms): Min: 459773.4, Avg: 459773.9, Max: 459774.3, Diff: 0.9]
      [Ext Root Scanning (ms): Min: 0.1, Avg: 0.4, Max: 1.2, Diff: 1.1, Sum: 13.1]
      [Update RS (ms): Min: 1.6, Avg: 2.0, Max: 2.4, Diff: 0.8, Sum: 60.3]
         [Processed Buffers: Min: 1, Avg: 3.8, Max: 14, Diff: 13, Sum: 114]
      [Scan RS (ms): Min: 0.0, Avg: 0.2, Max: 0.5, Diff: 0.4, Sum: 6.2]
      [Code Root Scanning (ms): Min: 0.0, Avg: 0.0, Max: 0.0, Diff: 0.0, Sum: 0.1]
      [Object Copy (ms): Min: 6.4, Avg: 6.6, Max: 6.7, Diff: 0.4, Sum: 198.3]
      [Termination (ms): Min: 0.0, Avg: 0.0, Max: 0.0, Diff: 0.0, Sum: 0.3]
         [Termination Attempts: Min: 1, Avg: 1.0, Max: 1, Diff: 0, Sum: 30]
      [GC Worker Other (ms): Min: 0.0, Avg: 0.2, Max: 0.4, Diff: 0.3, Sum: 5.2]
      [GC Worker Total (ms): Min: 9.0, Avg: 9.4, Max: 10.1, Diff: 1.2, Sum: 283.4]
      [GC Worker End (ms): Min: 459783.2, Avg: 459783.3, Max: 459783.5, Diff: 0.3]
   [Code Root Fixup: 0.0 ms]
   [Code Root Purge: 0.0 ms]
   [Clear CT: 1.8 ms]
   [Other: 13.0 ms]
      [Choose CSet: 0.0 ms]
      [Ref Proc: 7.7 ms]
      [Ref Enq: 0.9 ms]
      [Redirty Cards: 2.5 ms]
      [Humongous Register: 0.3 ms]
      [Humongous Reclaim: 0.1 ms]
      [Free CSet: 1.2 ms]
   [Eden: 4024.0M(4024.0M)->0.0B(4016.0M) Survivors: 32.0M->36.0M Heap: 7035.4M(8192.0M)->3014.5M(8192.0M)]
 [Times: user=0.30 sys=0.00, real=0.02 secs]
2018-04-30T04:34:57.462+0200: 459.798: Total time for which application threads were stopped: 0.0284181 seconds, Stopping threads took: 0.0023757 seconds
2018-04-30T04:34:57.897+0200: 460.234: Application time: 0.4354183 seconds
2018-04-30T04:34:57.901+0200: 460.237: [GC pause (G1 Evacuation Pause) (young)
Desired survivor size 266338304 bytes, new threshold 15 (max 15)
- age   1:   10663648 bytes,   10663648 total
- age   2:    1127208 bytes,   11790856 total
- age   3:    1223152 bytes,   13014008 total
- age   4:    1352424 bytes,   14366432 total
- age   5:    1131368 bytes,   15497800 total
- age   6:    1095672 bytes,   16593472 total
- age   7:    1116488 bytes,   17709960 total
- age   8:    1147424 bytes,   18857384 total
- age   9:    1139072 bytes,   19996456 total
- age  10:    1137000 bytes,   21133456 total
- age  11:    1140064 bytes,   22273520 total
- age  12:    1068816 bytes,   23342336 total
- age  13:      57208 bytes,   23399544 total
- age  14:       1344 bytes,   23400888 total
- age  15:       1712 bytes,   23402600 total
, 0.0278015 secs]
   [Parallel Time: 10.7 ms, GC Workers: 30]
      [GC Worker Start (ms): Min: 460237.5, Avg: 460238.0, Max: 460238.5, Diff: 1.1]
      [Ext Root Scanning (ms): Min: 0.0, Avg: 0.5, Max: 1.2, Diff: 1.2, Sum: 15.8]
      [Update RS (ms): Min: 1.5, Avg: 2.0, Max: 2.3, Diff: 0.7, Sum: 58.5]
         [Processed Buffers: Min: 2, Avg: 3.7, Max: 16, Diff: 14, Sum: 111]
      [Scan RS (ms): Min: 0.0, Avg: 0.2, Max: 0.5, Diff: 0.4, Sum: 6.1]
      [Code Root Scanning (ms): Min: 0.0, Avg: 0.0, Max: 0.0, Diff: 0.0, Sum: 0.1]
      [Object Copy (ms): Min: 6.9, Avg: 7.1, Max: 7.2, Diff: 0.3, Sum: 211.6]
      [Termination (ms): Min: 0.0, Avg: 0.0, Max: 0.0, Diff: 0.0, Sum: 0.2]
         [Termination Attempts: Min: 1, Avg: 1.0, Max: 1, Diff: 0, Sum: 30]
      [GC Worker Other (ms): Min: 0.0, Avg: 0.2, Max: 0.4, Diff: 0.4, Sum: 5.9]
      [GC Worker Total (ms): Min: 9.4, Avg: 9.9, Max: 10.5, Diff: 1.2, Sum: 298.2]
      [GC Worker End (ms): Min: 460247.8, Avg: 460247.9, Max: 460248.1, Diff: 0.4]
   [Code Root Fixup: 0.0 ms]
   [Code Root Purge: 0.0 ms]
   [Clear CT: 2.3 ms]
   [Other: 14.8 ms]
      [Choose CSet: 0.0 ms]
      [Ref Proc: 8.7 ms]
      [Ref Enq: 1.4 ms]
      [Redirty Cards: 2.7 ms]
      [Humongous Register: 0.3 ms]
      [Humongous Reclaim: 0.1 ms]
      [Free CSet: 1.3 ms]
   [Eden: 4016.0M(4016.0M)->0.0B(4016.0M) Survivors: 36.0M->36.0M Heap: 7030.5M(8192.0M)->3016.0M(8192.0M)]
 [Times: user=0.32 sys=0.01, real=0.03 secs]
2018-04-30T04:34:57.929+0200: 460.265: Total time for which application threads were stopped: 0.0314506 seconds, Stopping threads took: 0.0026205 seconds
2018-04-30T04:34:58.364+0200: 460.701: Application time: 0.4356815 seconds
2018-04-30T04:34:58.366+0200: 460.702: [GC pause (G1 Evacuation Pause) (young)
Desired survivor size 266338304 bytes, new threshold 15 (max 15)
- age   1:   11713000 bytes,   11713000 total
- age   2:    1482416 bytes,   13195416 total
- age   3:    1122128 bytes,   14317544 total
- age   4:    1220512 bytes,   15538056 total
- age   5:    1351080 bytes,   16889136 total
- age   6:    1130088 bytes,   18019224 total
- age   7:    1095032 bytes,   19114256 total
- age   8:    1116104 bytes,   20230360 total
- age   9:    1147296 bytes,   21377656 total
- age  10:    1139072 bytes,   22516728 total
- age  11:    1136936 bytes,   23653664 total
- age  12:    1093288 bytes,   24746952 total
- age  13:       6528 bytes,   24753480 total
- age  14:       3216 bytes,   24756696 total
- age  15:       1344 bytes,   24758040 total
, 0.0276107 secs]
   [Parallel Time: 12.5 ms, GC Workers: 30]
      [GC Worker Start (ms): Min: 460702.3, Avg: 460702.7, Max: 460703.2, Diff: 0.9]
      [Ext Root Scanning (ms): Min: 0.0, Avg: 0.5, Max: 1.2, Diff: 1.2, Sum: 15.3]
      [Update RS (ms): Min: 1.6, Avg: 1.9, Max: 2.2, Diff: 0.7, Sum: 56.8]
         [Processed Buffers: Min: 2, Avg: 3.9, Max: 14, Diff: 12, Sum: 116]
      [Scan RS (ms): Min: 0.0, Avg: 0.2, Max: 0.4, Diff: 0.4, Sum: 5.8]
      [Code Root Scanning (ms): Min: 0.0, Avg: 0.0, Max: 0.0, Diff: 0.0, Sum: 0.1]
      [Object Copy (ms): Min: 8.7, Avg: 8.8, Max: 9.0, Diff: 0.3, Sum: 265.4]
      [Termination (ms): Min: 0.0, Avg: 0.1, Max: 0.1, Diff: 0.1, Sum: 1.5]
         [Termination Attempts: Min: 1, Avg: 16.5, Max: 26, Diff: 25, Sum: 494]
      [GC Worker Other (ms): Min: 0.0, Avg: 0.2, Max: 0.3, Diff: 0.3, Sum: 4.6]
      [GC Worker Total (ms): Min: 11.2, Avg: 11.7, Max: 12.2, Diff: 0.9, Sum: 349.6]
      [GC Worker End (ms): Min: 460714.2, Avg: 460714.4, Max: 460714.5, Diff: 0.3]
   [Code Root Fixup: 0.0 ms]
   [Code Root Purge: 0.0 ms]
   [Clear CT: 2.1 ms]
   [Other: 13.0 ms]
      [Choose CSet: 0.0 ms]
      [Ref Proc: 7.6 ms]
      [Ref Enq: 1.0 ms]
      [Redirty Cards: 2.5 ms]
      [Humongous Register: 0.3 ms]
      [Humongous Reclaim: 0.1 ms]
      [Free CSet: 1.2 ms]
   [Eden: 4016.0M(4016.0M)->0.0B(4008.0M) Survivors: 36.0M->40.0M Heap: 7032.0M(8192.0M)->3017.9M(8192.0M)]
 [Times: user=0.36 sys=0.01, real=0.03 secs]
2018-04-30T04:34:58.393+0200: 460.730: Total time for which application threads were stopped: 0.0289808 seconds, Stopping threads took: 0.0003544 seconds
2018-04-30T04:34:58.823+0200: 461.160: Application time: 0.4298996 seconds
2018-04-30T04:34:58.824+0200: 461.161: [GC pause (G1 Evacuation Pause) (young)
Desired survivor size 266338304 bytes, new threshold 15 (max 15)
- age   1:   13176224 bytes,   13176224 total
- age   2:    1196024 bytes,   14372248 total
- age   3:    1477640 bytes,   15849888 total
- age   4:    1118944 bytes,   16968832 total
- age   5:    1218272 bytes,   18187104 total
- age   6:    1350472 bytes,   19537576 total
- age   7:    1129512 bytes,   20667088 total
- age   8:    1094264 bytes,   21761352 total
- age   9:    1115848 bytes,   22877200 total
- age  10:    1146976 bytes,   24024176 total
- age  11:    1138944 bytes,   25163120 total
- age  12:    1073496 bytes,   26236616 total
- age  13:       1968 bytes,   26238584 total
- age  14:       6464 bytes,   26245048 total
- age  15:       3152 bytes,   26248200 total
, 0.0264714 secs]
   [Parallel Time: 10.6 ms, GC Workers: 30]
      [GC Worker Start (ms): Min: 461161.2, Avg: 461161.7, Max: 461162.1, Diff: 1.0]
      [Ext Root Scanning (ms): Min: 0.0, Avg: 0.5, Max: 1.2, Diff: 1.2, Sum: 14.0]
      [Update RS (ms): Min: 1.6, Avg: 1.8, Max: 2.1, Diff: 0.6, Sum: 54.3]
         [Processed Buffers: Min: 2, Avg: 3.8, Max: 17, Diff: 15, Sum: 114]
      [Scan RS (ms): Min: 0.0, Avg: 0.2, Max: 0.4, Diff: 0.4, Sum: 6.1]
      [Code Root Scanning (ms): Min: 0.0, Avg: 0.0, Max: 0.0, Diff: 0.0, Sum: 0.1]
      [Object Copy (ms): Min: 6.9, Avg: 7.0, Max: 7.1, Diff: 0.3, Sum: 210.1]
      [Termination (ms): Min: 0.0, Avg: 0.0, Max: 0.0, Diff: 0.0, Sum: 0.3]
         [Termination Attempts: Min: 1, Avg: 1.0, Max: 1, Diff: 0, Sum: 30]
      [GC Worker Other (ms): Min: 0.0, Avg: 0.2, Max: 0.3, Diff: 0.3, Sum: 5.4]
      [GC Worker Total (ms): Min: 9.1, Avg: 9.7, Max: 10.2, Diff: 1.1, Sum: 290.2]
      [GC Worker End (ms): Min: 461171.2, Avg: 461171.4, Max: 461171.5, Diff: 0.3]
   [Code Root Fixup: 0.0 ms]
   [Code Root Purge: 0.0 ms]
   [Clear CT: 2.3 ms]
   [Other: 13.6 ms]
      [Choose CSet: 0.0 ms]
      [Ref Proc: 7.5 ms]
      [Ref Enq: 1.2 ms]
      [Redirty Cards: 2.8 ms]
      [Humongous Register: 0.3 ms]
      [Humongous Reclaim: 0.1 ms]
      [Free CSet: 1.4 ms]
   [Eden: 4008.0M(4008.0M)->0.0B(4008.0M) Survivors: 40.0M->40.0M Heap: 7025.9M(8192.0M)->3019.6M(8192.0M)]
 [Times: user=0.30 sys=0.02, real=0.02 secs]
2018-04-30T04:34:58.851+0200: 461.187: Total time for which application threads were stopped: 0.0278503 seconds, Stopping threads took: 0.0003516 seconds
2018-04-30T04:34:59.289+0200: 461.625: Application time: 0.4374207 seconds
2018-04-30T04:34:59.290+0200: 461.626: [GC pause (G1 Evacuation Pause) (young)
Desired survivor size 266338304 bytes, new threshold 15 (max 15)
- age   1:    9944072 bytes,    9944072 total
- age   2:    1180208 bytes,   11124280 total
- age   3:    1192704 bytes,   12316984 total
- age   4:    1475448 bytes,   13792432 total
- age   5:    1116896 bytes,   14909328 total
- age   6:    1217496 bytes,   16126824 total
- age   7:    1349704 bytes,   17476528 total
- age   8:    1129192 bytes,   18605720 total
- age   9:    1093752 bytes,   19699472 total
- age  10:    1115656 bytes,   20815128 total
- age  11:    1146848 bytes,   21961976 total
- age  12:    1081896 bytes,   23043872 total
- age  13:       5696 bytes,   23049568 total
- age  14:       1840 bytes,   23051408 total
- age  15:       6336 bytes,   23057744 total
, 0.0278725 secs]
   [Parallel Time: 11.1 ms, GC Workers: 30]
      [GC Worker Start (ms): Min: 461626.6, Avg: 461627.1, Max: 461627.7, Diff: 1.0]
      [Ext Root Scanning (ms): Min: 0.0, Avg: 0.5, Max: 1.2, Diff: 1.2, Sum: 15.2]
      [Update RS (ms): Min: 1.4, Avg: 1.8, Max: 2.2, Diff: 0.8, Sum: 54.7]
         [Processed Buffers: Min: 2, Avg: 3.8, Max: 15, Diff: 13, Sum: 115]
      [Scan RS (ms): Min: 0.0, Avg: 0.2, Max: 0.4, Diff: 0.4, Sum: 5.8]
      [Code Root Scanning (ms): Min: 0.0, Avg: 0.0, Max: 0.0, Diff: 0.0, Sum: 0.1]
      [Object Copy (ms): Min: 7.2, Avg: 7.4, Max: 7.6, Diff: 0.4, Sum: 222.2]
      [Termination (ms): Min: 0.0, Avg: 0.0, Max: 0.0, Diff: 0.0, Sum: 0.3]
         [Termination Attempts: Min: 1, Avg: 1.0, Max: 1, Diff: 0, Sum: 30]
      [GC Worker Other (ms): Min: 0.0, Avg: 0.2, Max: 0.3, Diff: 0.3, Sum: 5.0]
      [GC Worker Total (ms): Min: 9.5, Avg: 10.1, Max: 10.7, Diff: 1.2, Sum: 303.2]
      [GC Worker End (ms): Min: 461637.1, Avg: 461637.2, Max: 461637.4, Diff: 0.3]
   [Code Root Fixup: 0.0 ms]
   [Code Root Purge: 0.0 ms]
   [Clear CT: 2.5 ms]
   [Other: 14.2 ms]
      [Choose CSet: 0.0 ms]
      [Ref Proc: 7.6 ms]
      [Ref Enq: 1.3 ms]
      [Redirty Cards: 3.3 ms]
      [Humongous Register: 0.3 ms]
      [Humongous Reclaim: 0.1 ms]
      [Free CSet: 1.4 ms]
   [Eden: 4008.0M(4008.0M)->0.0B(4008.0M) Survivors: 40.0M->40.0M Heap: 7027.6M(8192.0M)->3018.7M(8192.0M)]
 [Times: user=0.32 sys=0.00, real=0.03 secs]
2018-04-30T04:34:59.318+0200: 461.654: Total time for which application threads were stopped: 0.0294032 seconds, Stopping threads took: 0.0004567 seconds
2018-04-30T04:34:59.762+0200: 462.098: Application time: 0.4436230 seconds
2018-04-30T04:34:59.763+0200: 462.099: [GC pause (G1 Evacuation Pause) (young)
Desired survivor size 266338304 bytes, new threshold 15 (max 15)
- age   1:   13326912 bytes,   13326912 total
- age   2:    1307512 bytes,   14634424 total
- age   3:    1175336 bytes,   15809760 total
- age   4:    1190624 bytes,   17000384 total
- age   5:    1473352 bytes,   18473736 total
- age   6:    1116000 bytes,   19589736 total
- age   7:    1216792 bytes,   20806528 total
- age   8:    1349448 bytes,   22155976 total
- age   9:    1128872 bytes,   23284848 total
- age  10:    1093688 bytes,   24378536 total
- age  11:    1115464 bytes,   25494000 total
- age  12:    1092448 bytes,   26586448 total
- age  13:       1312 bytes,   26587760 total
- age  14:       5696 bytes,   26593456 total
- age  15:       1776 bytes,   26595232 total
, 0.0264995 secs]
   [Parallel Time: 12.3 ms, GC Workers: 30]
      [GC Worker Start (ms): Min: 462099.5, Avg: 462099.9, Max: 462100.2, Diff: 0.7]
      [Ext Root Scanning (ms): Min: 0.3, Avg: 0.6, Max: 1.4, Diff: 1.1, Sum: 18.3]
      [Update RS (ms): Min: 1.5, Avg: 1.8, Max: 2.4, Diff: 0.9, Sum: 54.8]
         [Processed Buffers: Min: 1, Avg: 3.8, Max: 19, Diff: 18, Sum: 115]
      [Scan RS (ms): Min: 0.0, Avg: 0.2, Max: 0.5, Diff: 0.4, Sum: 5.9]
      [Code Root Scanning (ms): Min: 0.0, Avg: 0.0, Max: 0.0, Diff: 0.0, Sum: 0.1]
      [Object Copy (ms): Min: 8.2, Avg: 8.6, Max: 8.7, Diff: 0.5, Sum: 256.8]
      [Termination (ms): Min: 0.0, Avg: 0.1, Max: 0.1, Diff: 0.1, Sum: 1.9]
         [Termination Attempts: Min: 1, Avg: 21.3, Max: 27, Diff: 26, Sum: 639]
      [GC Worker Other (ms): Min: 0.0, Avg: 0.2, Max: 0.4, Diff: 0.3, Sum: 5.5]
      [GC Worker Total (ms): Min: 11.0, Avg: 11.4, Max: 11.9, Diff: 0.9, Sum: 343.2]
      [GC Worker End (ms): Min: 462111.2, Avg: 462111.4, Max: 462111.5, Diff: 0.3]
   [Code Root Fixup: 0.0 ms]
   [Code Root Purge: 0.0 ms]
   [Clear CT: 1.7 ms]
   [Other: 12.5 ms]
      [Choose CSet: 0.0 ms]
      [Ref Proc: 7.2 ms]
      [Ref Enq: 1.0 ms]
      [Redirty Cards: 2.5 ms]
      [Humongous Register: 0.3 ms]
      [Humongous Reclaim: 0.1 ms]
      [Free CSet: 1.2 ms]
   [Eden: 4008.0M(4008.0M)->0.0B(4008.0M) Survivors: 40.0M->40.0M Heap: 7026.7M(8192.0M)->3020.4M(8192.0M)]
 [Times: user=0.35 sys=0.01, real=0.03 secs]
2018-04-30T04:34:59.790+0200: 462.126: Total time for which application threads were stopped: 0.0278853 seconds, Stopping threads took: 0.0003557 seconds
2018-04-30T04:35:00.227+0200: 462.564: Application time: 0.4378433 seconds
2018-04-30T04:35:00.229+0200: 462.565: [GC pause (G1 Evacuation Pause) (young)
Desired survivor size 266338304 bytes, new threshold 15 (max 15)
- age   1:   10625416 bytes,   10625416 total
- age   2:    1149888 bytes,   11775304 total
- age   3:    1141144 bytes,   12916448 total
- age   4:    1172664 bytes,   14089112 total
- age   5:    1189664 bytes,   15278776 total
- age   6:    1472136 bytes,   16750912 total
- age   7:    1115296 bytes,   17866208 total
- age   8:    1216088 bytes,   19082296 total
- age   9:    1349064 bytes,   20431360 total
- age  10:    1128744 bytes,   21560104 total
- age  11:    1093432 bytes,   22653536 total
- age  12:    1098744 bytes,   23752280 total
- age  13:       3568 bytes,   23755848 total
- age  14:       1248 bytes,   23757096 total
- age  15:       5696 bytes,   23762792 total
, 0.0244563 secs]
   [Parallel Time: 9.8 ms, GC Workers: 30]
      [GC Worker Start (ms): Min: 462565.4, Avg: 462565.7, Max: 462566.1, Diff: 0.7]
      [Ext Root Scanning (ms): Min: 0.1, Avg: 0.6, Max: 1.3, Diff: 1.2, Sum: 17.2]
      [Update RS (ms): Min: 1.4, Avg: 1.7, Max: 2.1, Diff: 0.7, Sum: 52.1]
         [Processed Buffers: Min: 2, Avg: 3.7, Max: 12, Diff: 10, Sum: 110]
      [Scan RS (ms): Min: 0.0, Avg: 0.2, Max: 0.4, Diff: 0.3, Sum: 6.1]
      [Code Root Scanning (ms): Min: 0.0, Avg: 0.0, Max: 0.0, Diff: 0.0, Sum: 0.1]
      [Object Copy (ms): Min: 6.3, Avg: 6.5, Max: 6.7, Diff: 0.3, Sum: 195.7]
      [Termination (ms): Min: 0.0, Avg: 0.0, Max: 0.0, Diff: 0.0, Sum: 0.3]
         [Termination Attempts: Min: 1, Avg: 1.0, Max: 1, Diff: 0, Sum: 30]
      [GC Worker Other (ms): Min: 0.0, Avg: 0.2, Max: 0.3, Diff: 0.3, Sum: 4.8]
      [GC Worker Total (ms): Min: 8.7, Avg: 9.2, Max: 9.6, Diff: 0.9, Sum: 276.4]
      [GC Worker End (ms): Min: 462574.8, Avg: 462574.9, Max: 462575.1, Diff: 0.3]
   [Code Root Fixup: 0.0 ms]
   [Code Root Purge: 0.0 ms]
   [Clear CT: 1.7 ms]
   [Other: 12.9 ms]
      [Choose CSet: 0.0 ms]
      [Ref Proc: 7.4 ms]
      [Ref Enq: 1.0 ms]
      [Redirty Cards: 2.6 ms]
      [Humongous Register: 0.3 ms]
      [Humongous Reclaim: 0.1 ms]
      [Free CSet: 1.3 ms]
   [Eden: 4008.0M(4008.0M)->0.0B(4016.0M) Survivors: 40.0M->36.0M Heap: 7028.4M(8192.0M)->3013.9M(8192.0M)]
 [Times: user=0.29 sys=0.01, real=0.03 secs]
2018-04-30T04:35:00.253+0200: 462.590: Total time for which application threads were stopped: 0.0259686 seconds, Stopping threads took: 0.0004892 seconds
2018-04-30T04:35:00.674+0200: 463.011: Application time: 0.4211191 seconds
2018-04-30T04:35:00.676+0200: 463.012: [GC pause (G1 Evacuation Pause) (young)
Desired survivor size 266338304 bytes, new threshold 15 (max 15)
- age   1:   10523624 bytes,   10523624 total
- age   2:    1122544 bytes,   11646168 total
- age   3:    1145288 bytes,   12791456 total
- age   4:    1135992 bytes,   13927448 total
- age   5:    1164552 bytes,   15092000 total
- age   6:    1176896 bytes,   16268896 total
- age   7:    1216888 bytes,   17485784 total
- age   8:    1114400 bytes,   18600184 total
- age   9:    1215384 bytes,   19815568 total
- age  10:    1348808 bytes,   21164376 total
- age  11:    1128680 bytes,   22293056 total
- age  12:    1069720 bytes,   23362776 total
- age  13:       1160 bytes,   23363936 total
- age  14:       3568 bytes,   23367504 total
- age  15:       1184 bytes,   23368688 total
, 0.0268057 secs]
   [Parallel Time: 11.2 ms, GC Workers: 30]
      [GC Worker Start (ms): Min: 463012.5, Avg: 463013.1, Max: 463013.5, Diff: 1.0]
      [Ext Root Scanning (ms): Min: 0.0, Avg: 0.5, Max: 1.2, Diff: 1.2, Sum: 14.3]
      [Update RS (ms): Min: 1.6, Avg: 1.9, Max: 2.2, Diff: 0.6, Sum: 55.8]
         [Processed Buffers: Min: 2, Avg: 3.8, Max: 11, Diff: 9, Sum: 113]
      [Scan RS (ms): Min: 0.0, Avg: 0.2, Max: 0.4, Diff: 0.4, Sum: 5.9]
      [Code Root Scanning (ms): Min: 0.0, Avg: 0.0, Max: 0.0, Diff: 0.0, Sum: 0.1]
      [Object Copy (ms): Min: 7.3, Avg: 7.5, Max: 7.6, Diff: 0.3, Sum: 223.8]
      [Termination (ms): Min: 0.0, Avg: 0.0, Max: 0.1, Diff: 0.0, Sum: 1.1]
         [Termination Attempts: Min: 1, Avg: 11.1, Max: 15, Diff: 14, Sum: 333]
      [GC Worker Other (ms): Min: 0.0, Avg: 0.2, Max: 0.3, Diff: 0.3, Sum: 5.1]
      [GC Worker Total (ms): Min: 9.6, Avg: 10.2, Max: 10.9, Diff: 1.2, Sum: 306.1]
      [GC Worker End (ms): Min: 463023.1, Avg: 463023.3, Max: 463023.4, Diff: 0.3]
   [Code Root Fixup: 0.0 ms]
   [Code Root Purge: 0.0 ms]
   [Clear CT: 2.2 ms]
   [Other: 13.4 ms]
      [Choose CSet: 0.0 ms]
      [Ref Proc: 7.8 ms]
      [Ref Enq: 1.1 ms]
      [Redirty Cards: 2.6 ms]
      [Humongous Register: 0.3 ms]
      [Humongous Reclaim: 0.1 ms]
      [Free CSet: 1.3 ms]
   [Eden: 4016.0M(4016.0M)->0.0B(4016.0M) Survivors: 36.0M->36.0M Heap: 7029.9M(8192.0M)->3013.9M(8192.0M)]
 [Times: user=0.32 sys=0.01, real=0.02 secs]
2018-04-30T04:35:00.703+0200: 463.039: Total time for which application threads were stopped: 0.0283178 seconds, Stopping threads took: 0.0004139 seconds
2018-04-30T04:35:01.127+0200: 463.464: Application time: 0.4244861 seconds
2018-04-30T04:35:01.128+0200: 463.465: [GC pause (G1 Evacuation Pause) (young)
Desired survivor size 266338304 bytes, new threshold 15 (max 15)
- age   1:    9557856 bytes,    9557856 total
- age   2:    1599872 bytes,   11157728 total
- age   3:    1118480 bytes,   12276208 total
- age   4:    1143608 bytes,   13419816 total
- age   5:    1134456 bytes,   14554272 total
- age   6:    1163528 bytes,   15717800 total
- age   7:    1176256 bytes,   16894056 total
- age   8:    1216184 bytes,   18110240 total
- age   9:    1114336 bytes,   19224576 total
- age  10:    1215256 bytes,   20439832 total
- age  11:    1348616 bytes,   21788448 total
- age  12:    1003912 bytes,   22792360 total
- age  13:      10896 bytes,   22803256 total
- age  14:       1160 bytes,   22804416 total
- age  15:       3568 bytes,   22807984 total
, 0.0250934 secs]
   [Parallel Time: 10.7 ms, GC Workers: 30]
      [GC Worker Start (ms): Min: 463465.2, Avg: 463465.7, Max: 463466.1, Diff: 0.9]
      [Ext Root Scanning (ms): Min: 0.1, Avg: 0.5, Max: 1.2, Diff: 1.2, Sum: 15.3]
      [Update RS (ms): Min: 1.3, Avg: 1.8, Max: 2.2, Diff: 0.9, Sum: 53.9]
         [Processed Buffers: Min: 2, Avg: 3.8, Max: 16, Diff: 14, Sum: 114]
      [Scan RS (ms): Min: 0.0, Avg: 0.2, Max: 0.4, Diff: 0.4, Sum: 6.0]
      [Code Root Scanning (ms): Min: 0.0, Avg: 0.0, Max: 0.0, Diff: 0.0, Sum: 0.1]
      [Object Copy (ms): Min: 7.0, Avg: 7.2, Max: 7.3, Diff: 0.3, Sum: 216.5]
      [Termination (ms): Min: 0.0, Avg: 0.0, Max: 0.0, Diff: 0.0, Sum: 1.0]
         [Termination Attempts: Min: 1, Avg: 6.6, Max: 9, Diff: 8, Sum: 199]
      [GC Worker Other (ms): Min: 0.0, Avg: 0.2, Max: 0.3, Diff: 0.3, Sum: 4.6]
      [GC Worker Total (ms): Min: 9.4, Avg: 9.9, Max: 10.5, Diff: 1.1, Sum: 297.2]
      [GC Worker End (ms): Min: 463475.4, Avg: 463475.6, Max: 463475.7, Diff: 0.3]
   [Code Root Fixup: 0.0 ms]
   [Code Root Purge: 0.0 ms]
   [Clear CT: 2.1 ms]
   [Other: 12.3 ms]
      [Choose CSet: 0.0 ms]
      [Ref Proc: 7.4 ms]
      [Ref Enq: 1.3 ms]
      [Redirty Cards: 1.8 ms]
      [Humongous Register: 0.3 ms]
      [Humongous Reclaim: 0.1 ms]
      [Free CSet: 1.2 ms]
   [Eden: 4016.0M(4016.0M)->0.0B(4008.0M) Survivors: 36.0M->40.0M Heap: 7029.9M(8192.0M)->3017.9M(8192.0M)]
 [Times: user=0.30 sys=0.01, real=0.03 secs]
2018-04-30T04:35:01.154+0200: 463.490: Total time for which application threads were stopped: 0.0265162 seconds, Stopping threads took: 0.0004155 seconds
2018-04-30T04:35:01.585+0200: 463.922: Application time: 0.4315489 seconds
2018-04-30T04:35:01.586+0200: 463.923: [GC pause (G1 Evacuation Pause) (young)
Desired survivor size 266338304 bytes, new threshold 15 (max 15)
- age   1:   10746192 bytes,   10746192 total
- age   2:    1220976 bytes,   11967168 total
- age   3:    1595960 bytes,   13563128 total
- age   4:    1115968 bytes,   14679096 total
- age   5:    1142216 bytes,   15821312 total
- age   6:    1133040 bytes,   16954352 total
- age   7:    1162376 bytes,   18116728 total
- age   8:    1175808 bytes,   19292536 total
- age   9:    1215224 bytes,   20507760 total
- age  10:    1113824 bytes,   21621584 total
- age  11:    1214552 bytes,   22836136 total
- age  12:    1182032 bytes,   24018168 total
- age  13:       7856 bytes,   24026024 total
- age  14:      10832 bytes,   24036856 total
- age  15:       1096 bytes,   24037952 total
, 0.0269010 secs]
   [Parallel Time: 10.5 ms, GC Workers: 30]
      [GC Worker Start (ms): Min: 463923.2, Avg: 463923.7, Max: 463924.1, Diff: 0.9]
      [Ext Root Scanning (ms): Min: 0.1, Avg: 0.6, Max: 1.2, Diff: 1.1, Sum: 17.0]
      [Update RS (ms): Min: 1.5, Avg: 1.8, Max: 2.2, Diff: 0.7, Sum: 55.0]
         [Processed Buffers: Min: 2, Avg: 3.6, Max: 13, Diff: 11, Sum: 109]
      [Scan RS (ms): Min: 0.0, Avg: 0.2, Max: 0.5, Diff: 0.4, Sum: 6.9]
      [Code Root Scanning (ms): Min: 0.0, Avg: 0.0, Max: 0.0, Diff: 0.0, Sum: 0.1]
      [Object Copy (ms): Min: 6.5, Avg: 6.7, Max: 6.8, Diff: 0.3, Sum: 201.9]
      [Termination (ms): Min: 0.0, Avg: 0.0, Max: 0.0, Diff: 0.0, Sum: 0.6]
         [Termination Attempts: Min: 1, Avg: 1.0, Max: 2, Diff: 1, Sum: 31]
      [GC Worker Other (ms): Min: 0.0, Avg: 0.2, Max: 0.4, Diff: 0.3, Sum: 5.4]
      [GC Worker Total (ms): Min: 9.0, Avg: 9.6, Max: 10.2, Diff: 1.2, Sum: 286.8]
      [GC Worker End (ms): Min: 463933.1, Avg: 463933.3, Max: 463933.4, Diff: 0.3]
   [Code Root Fixup: 0.0 ms]
   [Code Root Purge: 0.0 ms]
   [Clear CT: 2.3 ms]
   [Other: 14.1 ms]
      [Choose CSet: 0.0 ms]
      [Ref Proc: 8.0 ms]
      [Ref Enq: 1.1 ms]
      [Redirty Cards: 3.0 ms]
      [Humongous Register: 0.3 ms]
      [Humongous Reclaim: 0.1 ms]
      [Free CSet: 1.4 ms]
   [Eden: 4008.0M(4008.0M)->0.0B(4016.0M) Survivors: 40.0M->36.0M Heap: 7025.9M(8192.0M)->3013.9M(8192.0M)]
 [Times: user=0.31 sys=0.00, real=0.03 secs]
2018-04-30T04:35:01.614+0200: 463.950: Total time for which application threads were stopped: 0.0282540 seconds, Stopping threads took: 0.0002927 seconds
2018-04-30T04:35:02.042+0200: 464.378: Application time: 0.4281083 seconds
2018-04-30T04:35:02.043+0200: 464.379: [GC pause (G1 Evacuation Pause) (young)
Desired survivor size 266338304 bytes, new threshold 15 (max 15)
- age   1:   11053680 bytes,   11053680 total
- age   2:    1319248 bytes,   12372928 total
- age   3:    1203400 bytes,   13576328 total
- age   4:    1595208 bytes,   15171536 total
- age   5:    1114192 bytes,   16285728 total
- age   6:    1140856 bytes,   17426584 total
- age   7:    1132272 bytes,   18558856 total
- age   8:    1162120 bytes,   19720976 total
- age   9:    1175488 bytes,   20896464 total
- age  10:    1214632 bytes,   22111096 total
- age  11:    1113488 bytes,   23224584 total
- age  12:    1035448 bytes,   24260032 total
- age  13:     212160 bytes,   24472192 total
- age  14:       7856 bytes,   24480048 total
- age  15:      10832 bytes,   24490880 total
, 0.0260175 secs]
   [Parallel Time: 10.7 ms, GC Workers: 30]
      [GC Worker Start (ms): Min: 464379.7, Avg: 464380.0, Max: 464380.3, Diff: 0.6]
      [Ext Root Scanning (ms): Min: 0.3, Avg: 0.6, Max: 1.3, Diff: 0.9, Sum: 19.4]
      [Update RS (ms): Min: 1.5, Avg: 1.8, Max: 2.1, Diff: 0.7, Sum: 52.9]
         [Processed Buffers: Min: 2, Avg: 3.7, Max: 15, Diff: 13, Sum: 111]
      [Scan RS (ms): Min: 0.0, Avg: 0.2, Max: 0.4, Diff: 0.4, Sum: 6.3]
      [Code Root Scanning (ms): Min: 0.0, Avg: 0.0, Max: 0.0, Diff: 0.0, Sum: 0.1]
      [Object Copy (ms): Min: 6.9, Avg: 7.1, Max: 7.3, Diff: 0.4, Sum: 213.6]
      [Termination (ms): Min: 0.0, Avg: 0.0, Max: 0.0, Diff: 0.0, Sum: 0.2]
         [Termination Attempts: Min: 1, Avg: 1.0, Max: 1, Diff: 0, Sum: 30]
      [GC Worker Other (ms): Min: 0.0, Avg: 0.2, Max: 0.4, Diff: 0.3, Sum: 5.3]
      [GC Worker Total (ms): Min: 9.6, Avg: 9.9, Max: 10.4, Diff: 0.8, Sum: 297.8]
      [GC Worker End (ms): Min: 464389.8, Avg: 464389.9, Max: 464390.1, Diff: 0.3]
   [Code Root Fixup: 0.0 ms]
   [Code Root Purge: 0.0 ms]
   [Clear CT: 1.8 ms]
   [Other: 13.4 ms]
      [Choose CSet: 0.0 ms]
      [Ref Proc: 7.8 ms]
      [Ref Enq: 1.2 ms]
      [Redirty Cards: 2.4 ms]
      [Humongous Register: 0.3 ms]
      [Humongous Reclaim: 0.1 ms]
      [Free CSet: 1.4 ms]
   [Eden: 4016.0M(4016.0M)->0.0B(4016.0M) Survivors: 36.0M->36.0M Heap: 7029.9M(8192.0M)->3014.7M(8192.0M)]
 [Times: user=0.30 sys=0.01, real=0.03 secs]
2018-04-30T04:35:02.069+0200: 464.406: Total time for which application threads were stopped: 0.0274761 seconds, Stopping threads took: 0.0004118 seconds
2018-04-30T04:35:02.501+0200: 464.837: Application time: 0.4317144 seconds
2018-04-30T04:35:02.503+0200: 464.839: [GC pause (G1 Evacuation Pause) (young)
Desired survivor size 266338304 bytes, new threshold 15 (max 15)
- age   1:   11635352 bytes,   11635352 total
- age   2:    1193056 bytes,   12828408 total
- age   3:    1315152 bytes,   14143560 total
- age   4:    1201464 bytes,   15345024 total
- age   5:    1592744 bytes,   16937768 total
- age   6:    1113232 bytes,   18051000 total
- age   7:    1140536 bytes,   19191536 total
- age   8:    1131888 bytes,   20323424 total
- age   9:    1161864 bytes,   21485288 total
- age  10:    1175232 bytes,   22660520 total
- age  11:    1214120 bytes,   23874640 total
- age  12:     960024 bytes,   24834664 total
- age  13:      41704 bytes,   24876368 total
- age  14:     211904 bytes,   25088272 total
- age  15:       7792 bytes,   25096064 total
, 0.0263065 secs]
   [Parallel Time: 11.0 ms, GC Workers: 30]
      [GC Worker Start (ms): Min: 464839.9, Avg: 464840.2, Max: 464840.6, Diff: 0.7]
      [Ext Root Scanning (ms): Min: 0.2, Avg: 0.6, Max: 1.3, Diff: 1.1, Sum: 19.3]
      [Update RS (ms): Min: 1.5, Avg: 1.9, Max: 2.3, Diff: 0.8, Sum: 56.1]
         [Processed Buffers: Min: 2, Avg: 3.7, Max: 16, Diff: 14, Sum: 111]
      [Scan RS (ms): Min: 0.0, Avg: 0.2, Max: 0.4, Diff: 0.4, Sum: 6.7]
      [Code Root Scanning (ms): Min: 0.0, Avg: 0.0, Max: 0.0, Diff: 0.0, Sum: 0.1]
      [Object Copy (ms): Min: 7.0, Avg: 7.3, Max: 7.4, Diff: 0.5, Sum: 218.1]
      [Termination (ms): Min: 0.0, Avg: 0.0, Max: 0.0, Diff: 0.0, Sum: 0.4]
         [Termination Attempts: Min: 1, Avg: 1.0, Max: 1, Diff: 0, Sum: 30]
      [GC Worker Other (ms): Min: 0.0, Avg: 0.2, Max: 0.3, Diff: 0.3, Sum: 5.1]
      [GC Worker Total (ms): Min: 9.7, Avg: 10.2, Max: 10.6, Diff: 1.0, Sum: 305.8]
      [GC Worker End (ms): Min: 464850.3, Avg: 464850.4, Max: 464850.6, Diff: 0.3]
   [Code Root Fixup: 0.0 ms]
   [Code Root Purge: 0.0 ms]
   [Clear CT: 2.1 ms]
   [Other: 13.2 ms]
      [Choose CSet: 0.0 ms]
      [Ref Proc: 7.4 ms]
      [Ref Enq: 1.1 ms]
      [Redirty Cards: 2.8 ms]
      [Humongous Register: 0.3 ms]
      [Humongous Reclaim: 0.1 ms]
      [Free CSet: 1.2 ms]
   [Eden: 4016.0M(4016.0M)->0.0B(4016.0M) Survivors: 36.0M->36.0M Heap: 7030.7M(8192.0M)->3015.6M(8192.0M)]
 [Times: user=0.31 sys=0.01, real=0.03 secs]
2018-04-30T04:35:02.530+0200: 464.866: Total time for which application threads were stopped: 0.0286834 seconds, Stopping threads took: 0.0013602 seconds
2018-04-30T04:35:02.954+0200: 465.290: Application time: 0.4242072 seconds
2018-04-30T04:35:02.955+0200: 465.291: [GC pause (G1 Evacuation Pause) (young)
Desired survivor size 266338304 bytes, new threshold 15 (max 15)
- age   1:   12433000 bytes,   12433000 total
- age   2:    1161624 bytes,   13594624 total
- age   3:    1161384 bytes,   14756008 total
- age   4:    1172136 bytes,   15928144 total
- age   5:    1200376 bytes,   17128520 total
- age   6:    1591848 bytes,   18720368 total
- age   7:    1113104 bytes,   19833472 total
- age   8:    1140152 bytes,   20973624 total
- age   9:    1131184 bytes,   22104808 total
- age  10:    1161672 bytes,   23266480 total
- age  11:    1174576 bytes,   24441056 total
- age  12:    1011240 bytes,   25452296 total
- age  13:      12112 bytes,   25464408 total
- age  14:      41576 bytes,   25505984 total
- age  15:     211904 bytes,   25717888 total
, 0.0271784 secs]
   [Parallel Time: 11.2 ms, GC Workers: 30]
      [GC Worker Start (ms): Min: 465291.9, Avg: 465292.2, Max: 465292.5, Diff: 0.7]
      [Ext Root Scanning (ms): Min: 0.3, Avg: 0.6, Max: 1.3, Diff: 1.0, Sum: 18.1]
      [Update RS (ms): Min: 1.3, Avg: 1.9, Max: 2.3, Diff: 1.0, Sum: 56.7]
         [Processed Buffers: Min: 1, Avg: 3.8, Max: 11, Diff: 10, Sum: 113]
      [Scan RS (ms): Min: 0.0, Avg: 0.2, Max: 0.4, Diff: 0.4, Sum: 5.8]
      [Code Root Scanning (ms): Min: 0.0, Avg: 0.0, Max: 0.0, Diff: 0.0, Sum: 0.1]
      [Object Copy (ms): Min: 7.3, Avg: 7.5, Max: 7.7, Diff: 0.4, Sum: 225.7]
      [Termination (ms): Min: 0.0, Avg: 0.0, Max: 0.0, Diff: 0.0, Sum: 0.2]
         [Termination Attempts: Min: 1, Avg: 1.0, Max: 1, Diff: 0, Sum: 30]
      [GC Worker Other (ms): Min: 0.0, Avg: 0.2, Max: 0.4, Diff: 0.3, Sum: 5.6]
      [GC Worker Total (ms): Min: 10.0, Avg: 10.4, Max: 10.8, Diff: 0.8, Sum: 312.2]
      [GC Worker End (ms): Min: 465302.5, Avg: 465302.6, Max: 465302.8, Diff: 0.3]
   [Code Root Fixup: 0.0 ms]
   [Code Root Purge: 0.0 ms]
   [Clear CT: 2.5 ms]
   [Other: 13.5 ms]
      [Choose CSet: 0.0 ms]
      [Ref Proc: 7.8 ms]
      [Ref Enq: 1.0 ms]
      [Redirty Cards: 2.6 ms]
      [Humongous Register: 0.3 ms]
      [Humongous Reclaim: 0.1 ms]
      [Free CSet: 1.4 ms]
   [Eden: 4016.0M(4016.0M)->0.0B(4008.0M) Survivors: 36.0M->40.0M Heap: 7031.6M(8192.0M)->3020.7M(8192.0M)]
 [Times: user=0.32 sys=0.01, real=0.02 secs]
2018-04-30T04:35:02.983+0200: 465.319: Total time for which application threads were stopped: 0.0287634 seconds, Stopping threads took: 0.0005149 seconds
2018-04-30T04:35:03.407+0200: 465.743: Application time: 0.4241892 seconds
2018-04-30T04:35:03.408+0200: 465.744: [GC pause (G1 Evacuation Pause) (young)
Desired survivor size 266338304 bytes, new threshold 15 (max 15)
- age   1:   12175536 bytes,   12175536 total
- age   2:    1419448 bytes,   13594984 total
- age   3:    1157504 bytes,   14752488 total
- age   4:    1159560 bytes,   15912048 total
- age   5:    1169840 bytes,   17081888 total
- age   6:    1199928 bytes,   18281816 total
- age   7:    1591464 bytes,   19873280 total
- age   8:    1112912 bytes,   20986192 total
- age   9:    1140024 bytes,   22126216 total
- age  10:    1130800 bytes,   23257016 total
- age  11:    1161608 bytes,   24418624 total
- age  12:    1024776 bytes,   25443400 total
- age  13:       5392 bytes,   25448792 total
- age  14:      12112 bytes,   25460904 total
- age  15:      41576 bytes,   25502480 total
, 0.0290562 secs]
   [Parallel Time: 12.7 ms, GC Workers: 30]
      [GC Worker Start (ms): Min: 465744.6, Avg: 465745.2, Max: 465745.6, Diff: 1.0]
      [Ext Root Scanning (ms): Min: 0.0, Avg: 0.4, Max: 1.2, Diff: 1.2, Sum: 13.4]
      [Update RS (ms): Min: 1.5, Avg: 1.8, Max: 2.1, Diff: 0.6, Sum: 54.5]
         [Processed Buffers: Min: 1, Avg: 3.6, Max: 11, Diff: 10, Sum: 109]
      [Scan RS (ms): Min: 0.0, Avg: 0.2, Max: 0.4, Diff: 0.4, Sum: 5.9]
      [Code Root Scanning (ms): Min: 0.0, Avg: 0.0, Max: 0.0, Diff: 0.0, Sum: 0.1]
      [Object Copy (ms): Min: 9.0, Avg: 9.1, Max: 9.3, Diff: 0.3, Sum: 273.6]
      [Termination (ms): Min: 0.0, Avg: 0.0, Max: 0.0, Diff: 0.0, Sum: 0.2]
         [Termination Attempts: Min: 1, Avg: 1.0, Max: 1, Diff: 0, Sum: 30]
      [GC Worker Other (ms): Min: 0.0, Avg: 0.2, Max: 0.3, Diff: 0.3, Sum: 5.3]
      [GC Worker Total (ms): Min: 11.3, Avg: 11.8, Max: 12.3, Diff: 1.0, Sum: 353.1]
      [GC Worker End (ms): Min: 465756.8, Avg: 465756.9, Max: 465757.1, Diff: 0.3]
   [Code Root Fixup: 0.0 ms]
   [Code Root Purge: 0.0 ms]
   [Clear CT: 2.7 ms]
   [Other: 13.6 ms]
      [Choose CSet: 0.0 ms]
      [Ref Proc: 7.8 ms]
      [Ref Enq: 1.1 ms]
      [Redirty Cards: 2.8 ms]
      [Humongous Register: 0.3 ms]
      [Humongous Reclaim: 0.1 ms]
      [Free CSet: 1.3 ms]
   [Eden: 4008.0M(4008.0M)->0.0B(3984.0M) Survivors: 40.0M->52.0M Heap: 7028.7M(8192.0M)->3030.3M(8192.0M)]
 [Times: user=0.37 sys=0.00, real=0.03 secs]
2018-04-30T04:35:03.437+0200: 465.774: Total time for which application threads were stopped: 0.0304223 seconds, Stopping threads took: 0.0003319 seconds
2018-04-30T04:35:03.907+0200: 466.244: Application time: 0.4700218 seconds
2018-04-30T04:35:03.908+0200: 466.245: [GC pause (G1 Evacuation Pause) (young)
Desired survivor size 266338304 bytes, new threshold 15 (max 15)
- age   1:   17313408 bytes,   17313408 total
- age   2:    1193456 bytes,   18506864 total
- age   3:    1415528 bytes,   19922392 total
- age   4:    1155072 bytes,   21077464 total
- age   5:    1158536 bytes,   22236000 total
- age   6:    1168784 bytes,   23404784 total
- age   7:    1199224 bytes,   24604008 total
- age   8:    1591336 bytes,   26195344 total
- age   9:    1112656 bytes,   27308000 total
- age  10:    1139576 bytes,   28447576 total
- age  11:    1130480 bytes,   29578056 total
- age  12:    1070096 bytes,   30648152 total
- age  13:      11648 bytes,   30659800 total
- age  14:       5392 bytes,   30665192 total
- age  15:      12048 bytes,   30677240 total
, 0.0246994 secs]
   [Parallel Time: 9.6 ms, GC Workers: 30]
      [GC Worker Start (ms): Min: 466245.2, Avg: 466245.6, Max: 466246.1, Diff: 0.9]
      [Ext Root Scanning (ms): Min: 0.0, Avg: 0.5, Max: 1.2, Diff: 1.2, Sum: 15.8]
      [Update RS (ms): Min: 1.4, Avg: 1.9, Max: 2.4, Diff: 0.9, Sum: 56.1]
         [Processed Buffers: Min: 2, Avg: 3.7, Max: 12, Diff: 10, Sum: 112]
      [Scan RS (ms): Min: 0.0, Avg: 0.2, Max: 0.4, Diff: 0.4, Sum: 5.9]
      [Code Root Scanning (ms): Min: 0.0, Avg: 0.0, Max: 0.0, Diff: 0.0, Sum: 0.1]
      [Object Copy (ms): Min: 5.7, Avg: 6.0, Max: 6.2, Diff: 0.5, Sum: 180.6]
      [Termination (ms): Min: 0.0, Avg: 0.0, Max: 0.0, Diff: 0.0, Sum: 0.2]
         [Termination Attempts: Min: 1, Avg: 1.0, Max: 1, Diff: 0, Sum: 30]
      [GC Worker Other (ms): Min: 0.0, Avg: 0.2, Max: 0.3, Diff: 0.3, Sum: 4.7]
      [GC Worker Total (ms): Min: 8.3, Avg: 8.8, Max: 9.3, Diff: 1.0, Sum: 263.4]
      [GC Worker End (ms): Min: 466254.3, Avg: 466254.4, Max: 466254.6, Diff: 0.3]
   [Code Root Fixup: 0.0 ms]
   [Code Root Purge: 0.0 ms]
   [Clear CT: 2.1 ms]
   [Other: 13.0 ms]
      [Choose CSet: 0.0 ms]
      [Ref Proc: 7.2 ms]
      [Ref Enq: 1.0 ms]
      [Redirty Cards: 2.8 ms]
      [Humongous Register: 0.3 ms]
      [Humongous Reclaim: 0.1 ms]
      [Free CSet: 1.4 ms]
   [Eden: 3984.0M(3984.0M)->0.0B(4008.0M) Survivors: 52.0M->40.0M Heap: 7014.3M(8192.0M)->3018.5M(8192.0M)]
 [Times: user=0.29 sys=0.00, real=0.03 secs]
2018-04-30T04:35:03.933+0200: 466.270: Total time for which application threads were stopped: 0.0261172 seconds, Stopping threads took: 0.0003679 seconds
2018-04-30T04:35:04.397+0200: 466.734: Application time: 0.4641650 seconds
2018-04-30T04:35:04.399+0200: 466.735: [GC pause (G1 Evacuation Pause) (young)
Desired survivor size 266338304 bytes, new threshold 15 (max 15)
- age   1:    9777032 bytes,    9777032 total
- age   2:    1247968 bytes,   11025000 total
- age   3:    1188536 bytes,   12213536 total
- age   4:    1413608 bytes,   13627144 total
- age   5:    1152896 bytes,   14780040 total
- age   6:    1158216 bytes,   15938256 total
- age   7:    1168144 bytes,   17106400 total
- age   8:    1198648 bytes,   18305048 total
- age   9:    1591208 bytes,   19896256 total
- age  10:    1112400 bytes,   21008656 total
- age  11:    1139320 bytes,   22147976 total
- age  12:    1071392 bytes,   23219368 total
- age  13:       6576 bytes,   23225944 total
- age  14:      11456 bytes,   23237400 total
- age  15:       5328 bytes,   23242728 total
, 0.0272053 secs]
   [Parallel Time: 11.6 ms, GC Workers: 30]
      [GC Worker Start (ms): Min: 466735.6, Avg: 466736.0, Max: 466736.3, Diff: 0.7]
      [Ext Root Scanning (ms): Min: 0.3, Avg: 0.6, Max: 1.3, Diff: 1.0, Sum: 17.4]
      [Update RS (ms): Min: 1.4, Avg: 1.8, Max: 2.1, Diff: 0.8, Sum: 54.3]
         [Processed Buffers: Min: 2, Avg: 3.8, Max: 17, Diff: 15, Sum: 113]
      [Scan RS (ms): Min: 0.0, Avg: 0.2, Max: 0.4, Diff: 0.4, Sum: 6.6]
      [Code Root Scanning (ms): Min: 0.0, Avg: 0.0, Max: 0.0, Diff: 0.0, Sum: 0.1]
      [Object Copy (ms): Min: 8.0, Avg: 8.1, Max: 8.3, Diff: 0.3, Sum: 244.2]
      [Termination (ms): Min: 0.0, Avg: 0.0, Max: 0.0, Diff: 0.0, Sum: 0.2]
         [Termination Attempts: Min: 1, Avg: 1.0, Max: 1, Diff: 0, Sum: 30]
      [GC Worker Other (ms): Min: 0.0, Avg: 0.2, Max: 0.4, Diff: 0.3, Sum: 5.2]
      [GC Worker Total (ms): Min: 10.5, Avg: 10.9, Max: 11.5, Diff: 0.9, Sum: 328.1]
      [GC Worker End (ms): Min: 466746.8, Avg: 466746.9, Max: 466747.1, Diff: 0.3]
   [Code Root Fixup: 0.0 ms]
   [Code Root Purge: 0.0 ms]
   [Clear CT: 2.2 ms]
   [Other: 13.4 ms]
      [Choose CSet: 0.0 ms]
      [Ref Proc: 8.1 ms]
      [Ref Enq: 1.0 ms]
      [Redirty Cards: 2.3 ms]
      [Humongous Register: 0.3 ms]
      [Humongous Reclaim: 0.1 ms]
      [Free CSet: 1.3 ms]
   [Eden: 4008.0M(4008.0M)->0.0B(4008.0M) Survivors: 40.0M->40.0M Heap: 7026.5M(8192.0M)->3019.1M(8192.0M)]
 [Times: user=0.34 sys=0.02, real=0.03 secs]
2018-04-30T04:35:04.426+0200: 466.763: Total time for which application threads were stopped: 0.0288150 seconds, Stopping threads took: 0.0005369 seconds
2018-04-30T04:35:04.852+0200: 467.188: Application time: 0.4253875 seconds
2018-04-30T04:35:04.853+0200: 467.189: [GC pause (G1 Evacuation Pause) (young)
Desired survivor size 266338304 bytes, new threshold 15 (max 15)
- age   1:   13906000 bytes,   13906000 total
- age   2:    1167640 bytes,   15073640 total
- age   3:    1242448 bytes,   16316088 total
- age   4:    1186904 bytes,   17502992 total
- age   5:    1412584 bytes,   18915576 total
- age   6:    1152096 bytes,   20067672 total
- age   7:    1157576 bytes,   21225248 total
- age   8:    1167376 bytes,   22392624 total
- age   9:    1198392 bytes,   23591016 total
- age  10:    1590952 bytes,   25181968 total
- age  11:    1112080 bytes,   26294048 total
- age  12:    1116816 bytes,   27410864 total
- age  13:       4800 bytes,   27415664 total
- age  14:       6512 bytes,   27422176 total
- age  15:      11328 bytes,   27433504 total
, 0.0244117 secs]
   [Parallel Time: 10.0 ms, GC Workers: 30]
      [GC Worker Start (ms): Min: 467189.6, Avg: 467190.0, Max: 467190.3, Diff: 0.7]
      [Ext Root Scanning (ms): Min: 0.2, Avg: 0.5, Max: 1.2, Diff: 1.0, Sum: 15.7]
      [Update RS (ms): Min: 1.6, Avg: 1.9, Max: 2.3, Diff: 0.7, Sum: 56.1]
         [Processed Buffers: Min: 2, Avg: 3.8, Max: 13, Diff: 11, Sum: 115]
      [Scan RS (ms): Min: 0.0, Avg: 0.2, Max: 0.4, Diff: 0.4, Sum: 6.3]
      [Code Root Scanning (ms): Min: 0.0, Avg: 0.0, Max: 0.0, Diff: 0.0, Sum: 0.1]
      [Object Copy (ms): Min: 6.0, Avg: 6.4, Max: 6.5, Diff: 0.5, Sum: 190.7]
      [Termination (ms): Min: 0.0, Avg: 0.0, Max: 0.0, Diff: 0.0, Sum: 0.2]
         [Termination Attempts: Min: 1, Avg: 1.0, Max: 1, Diff: 0, Sum: 30]
      [GC Worker Other (ms): Min: 0.0, Avg: 0.2, Max: 0.3, Diff: 0.3, Sum: 5.2]
      [GC Worker Total (ms): Min: 8.7, Avg: 9.1, Max: 9.7, Diff: 1.0, Sum: 274.4]
      [GC Worker End (ms): Min: 467199.0, Avg: 467199.2, Max: 467199.4, Diff: 0.3]
   [Code Root Fixup: 0.0 ms]
   [Code Root Purge: 0.0 ms]
   [Clear CT: 1.9 ms]
   [Other: 12.5 ms]
      [Choose CSet: 0.0 ms]
      [Ref Proc: 6.8 ms]
      [Ref Enq: 0.9 ms]
      [Redirty Cards: 2.8 ms]
      [Humongous Register: 0.3 ms]
      [Humongous Reclaim: 0.1 ms]
      [Free CSet: 1.5 ms]
   [Eden: 4008.0M(4008.0M)->0.0B(4008.0M) Survivors: 40.0M->40.0M Heap: 7027.1M(8192.0M)->3020.1M(8192.0M)]
 [Times: user=0.28 sys=0.01, real=0.02 secs]
2018-04-30T04:35:04.878+0200: 467.214: Total time for which application threads were stopped: 0.0258724 seconds, Stopping threads took: 0.0004390 seconds
2018-04-30T04:35:05.317+0200: 467.653: Application time: 0.4393137 seconds
2018-04-30T04:35:05.318+0200: 467.654: [GC pause (G1 Evacuation Pause) (young)
Desired survivor size 266338304 bytes, new threshold 15 (max 15)
- age   1:    9727632 bytes,    9727632 total
- age   2:    1109992 bytes,   10837624 total
- age   3:    1137040 bytes,   11974664 total
- age   4:    1116584 bytes,   13091248 total
- age   5:    1185944 bytes,   14277192 total
- age   6:    1412072 bytes,   15689264 total
- age   7:    1151392 bytes,   16840656 total
- age   8:    1156744 bytes,   17997400 total
- age   9:    1167184 bytes,   19164584 total
- age  10:    1198200 bytes,   20362784 total
- age  11:    1590888 bytes,   21953672 total
- age  12:    1112016 bytes,   23065688 total
- age  13:      37192 bytes,   23102880 total
- age  14:       4800 bytes,   23107680 total
- age  15:       6512 bytes,   23114192 total
, 0.0250567 secs]
   [Parallel Time: 9.9 ms, GC Workers: 30]
      [GC Worker Start (ms): Min: 467654.9, Avg: 467655.3, Max: 467655.7, Diff: 0.8]
      [Ext Root Scanning (ms): Min: 0.1, Avg: 0.5, Max: 1.2, Diff: 1.1, Sum: 16.1]
      [Update RS (ms): Min: 1.4, Avg: 1.9, Max: 2.3, Diff: 0.9, Sum: 55.9]
         [Processed Buffers: Min: 2, Avg: 3.8, Max: 11, Diff: 9, Sum: 113]
      [Scan RS (ms): Min: 0.0, Avg: 0.2, Max: 0.4, Diff: 0.4, Sum: 5.8]
      [Code Root Scanning (ms): Min: 0.0, Avg: 0.0, Max: 0.0, Diff: 0.0, Sum: 0.1]
      [Object Copy (ms): Min: 6.3, Avg: 6.6, Max: 6.7, Diff: 0.3, Sum: 197.0]
      [Termination (ms): Min: 0.0, Avg: 0.0, Max: 0.0, Diff: 0.0, Sum: 0.2]
         [Termination Attempts: Min: 1, Avg: 1.0, Max: 1, Diff: 0, Sum: 30]
      [GC Worker Other (ms): Min: 0.0, Avg: 0.2, Max: 0.3, Diff: 0.3, Sum: 4.9]
      [GC Worker Total (ms): Min: 8.8, Avg: 9.3, Max: 9.8, Diff: 0.9, Sum: 280.1]
      [GC Worker End (ms): Min: 467664.5, Avg: 467664.6, Max: 467664.8, Diff: 0.3]
   [Code Root Fixup: 0.0 ms]
   [Code Root Purge: 0.0 ms]
   [Clear CT: 2.0 ms]
   [Other: 13.2 ms]
      [Choose CSet: 0.0 ms]
      [Ref Proc: 7.9 ms]
      [Ref Enq: 0.9 ms]
      [Redirty Cards: 2.5 ms]
      [Humongous Register: 0.3 ms]
      [Humongous Reclaim: 0.1 ms]
      [Free CSet: 1.2 ms]
   [Eden: 4008.0M(4008.0M)->0.0B(4016.0M) Survivors: 40.0M->36.0M Heap: 7028.1M(8192.0M)->3015.1M(8192.0M)]
 [Times: user=0.30 sys=0.00, real=0.02 secs]
2018-04-30T04:35:05.343+0200: 467.680: Total time for which application threads were stopped: 0.0265470 seconds, Stopping threads took: 0.0004885 seconds
2018-04-30T04:35:05.779+0200: 468.116: Application time: 0.4358143 seconds
2018-04-30T04:35:05.780+0200: 468.117: [GC pause (G1 Evacuation Pause) (young)
Desired survivor size 266338304 bytes, new threshold 15 (max 15)
- age   1:   11672744 bytes,   11672744 total
- age   2:    1089848 bytes,   12762592 total
- age   3:    1101304 bytes,   13863896 total
- age   4:    1131888 bytes,   14995784 total
- age   5:    1113384 bytes,   16109168 total
- age   6:    1170224 bytes,   17279392 total
- age   7:    1155752 bytes,   18435144 total
- age   8:    1149792 bytes,   19584936 total
- age   9:    1153928 bytes,   20738864 total
- age  10:    1164944 bytes,   21903808 total
- age  11:    1190440 bytes,   23094248 total
- age  12:    1111960 bytes,   24206208 total
- age  13:       5184 bytes,   24211392 total
- age  14:       3808 bytes,   24215200 total
- age  15:       4672 bytes,   24219872 total
, 0.0267181 secs]
   [Parallel Time: 11.7 ms, GC Workers: 30]
      [GC Worker Start (ms): Min: 468117.3, Avg: 468117.9, Max: 468118.4, Diff: 1.1]
      [Ext Root Scanning (ms): Min: 0.0, Avg: 0.5, Max: 1.3, Diff: 1.3, Sum: 16.1]
      [Update RS (ms): Min: 1.5, Avg: 1.9, Max: 2.3, Diff: 0.9, Sum: 56.9]
         [Processed Buffers: Min: 2, Avg: 3.7, Max: 16, Diff: 14, Sum: 110]
      [Scan RS (ms): Min: 0.0, Avg: 0.2, Max: 0.5, Diff: 0.4, Sum: 6.6]
      [Code Root Scanning (ms): Min: 0.0, Avg: 0.0, Max: 0.0, Diff: 0.0, Sum: 0.1]
      [Object Copy (ms): Min: 7.6, Avg: 7.8, Max: 8.0, Diff: 0.4, Sum: 234.8]
      [Termination (ms): Min: 0.0, Avg: 0.0, Max: 0.0, Diff: 0.0, Sum: 0.3]
         [Termination Attempts: Min: 1, Avg: 1.0, Max: 1, Diff: 0, Sum: 30]
      [GC Worker Other (ms): Min: 0.0, Avg: 0.2, Max: 0.3, Diff: 0.3, Sum: 4.9]
      [GC Worker Total (ms): Min: 10.1, Avg: 10.7, Max: 11.2, Diff: 1.2, Sum: 319.7]
      [GC Worker End (ms): Min: 468128.4, Avg: 468128.5, Max: 468128.7, Diff: 0.3]
   [Code Root Fixup: 0.0 ms]
   [Code Root Purge: 0.0 ms]
   [Clear CT: 2.1 ms]
   [Other: 13.0 ms]
      [Choose CSet: 0.0 ms]
      [Ref Proc: 7.2 ms]
      [Ref Enq: 1.1 ms]
      [Redirty Cards: 2.6 ms]
      [Humongous Register: 0.3 ms]
      [Humongous Reclaim: 0.1 ms]
      [Free CSet: 1.4 ms]
   [Eden: 4016.0M(4016.0M)->0.0B(4008.0M) Survivors: 36.0M->40.0M Heap: 7031.1M(8192.0M)->3019.1M(8192.0M)]
 [Times: user=0.34 sys=0.00, real=0.03 secs]
2018-04-30T04:35:05.807+0200: 468.144: Total time for which application threads were stopped: 0.0282431 seconds, Stopping threads took: 0.0003547 seconds
2018-04-30T04:35:06.259+0200: 468.595: Application time: 0.4511905 seconds
2018-04-30T04:35:06.260+0200: 468.596: [GC pause (G1 Evacuation Pause) (young)
Desired survivor size 266338304 bytes, new threshold 15 (max 15)
- age   1:   12269152 bytes,   12269152 total
- age   2:    2065808 bytes,   14334960 total
- age   3:    1085880 bytes,   15420840 total
- age   4:    1100136 bytes,   16520976 total
- age   5:    1130352 bytes,   17651328 total
- age   6:    1112360 bytes,   18763688 total
- age   7:    1169776 bytes,   19933464 total
- age   8:    1154856 bytes,   21088320 total
- age   9:    1149472 bytes,   22237792 total
- age  10:    1153800 bytes,   23391592 total
- age  11:    1164752 bytes,   24556344 total
- age  12:    1155376 bytes,   25711720 total
- age  13:       3632 bytes,   25715352 total
- age  14:       5184 bytes,   25720536 total
- age  15:       3808 bytes,   25724344 total
, 0.0252216 secs]
   [Parallel Time: 9.7 ms, GC Workers: 30]
      [GC Worker Start (ms): Min: 468596.6, Avg: 468597.2, Max: 468597.7, Diff: 1.1]
      [Ext Root Scanning (ms): Min: 0.0, Avg: 0.5, Max: 1.2, Diff: 1.2, Sum: 14.7]
      [Update RS (ms): Min: 1.5, Avg: 1.9, Max: 2.3, Diff: 0.8, Sum: 55.8]
         [Processed Buffers: Min: 2, Avg: 3.8, Max: 16, Diff: 14, Sum: 113]
      [Scan RS (ms): Min: 0.0, Avg: 0.2, Max: 0.5, Diff: 0.5, Sum: 6.0]
      [Code Root Scanning (ms): Min: 0.0, Avg: 0.0, Max: 0.0, Diff: 0.0, Sum: 0.1]
      [Object Copy (ms): Min: 5.7, Avg: 6.0, Max: 6.1, Diff: 0.4, Sum: 180.7]
      [Termination (ms): Min: 0.0, Avg: 0.0, Max: 0.0, Diff: 0.0, Sum: 0.4]
         [Termination Attempts: Min: 1, Avg: 1.1, Max: 2, Diff: 1, Sum: 32]
      [GC Worker Other (ms): Min: 0.0, Avg: 0.2, Max: 0.3, Diff: 0.3, Sum: 4.9]
      [GC Worker Total (ms): Min: 8.2, Avg: 8.8, Max: 9.4, Diff: 1.2, Sum: 262.5]
      [GC Worker End (ms): Min: 468605.8, Avg: 468605.9, Max: 468606.1, Diff: 0.3]
   [Code Root Fixup: 0.0 ms]
   [Code Root Purge: 0.0 ms]
   [Clear CT: 3.0 ms]
   [Other: 12.5 ms]
      [Choose CSet: 0.0 ms]
      [Ref Proc: 6.6 ms]
      [Ref Enq: 1.0 ms]
      [Redirty Cards: 2.9 ms]
      [Humongous Register: 0.4 ms]
      [Humongous Reclaim: 0.1 ms]
      [Free CSet: 1.3 ms]
   [Eden: 4008.0M(4008.0M)->0.0B(4024.0M) Survivors: 40.0M->32.0M Heap: 7027.1M(8192.0M)->3012.8M(8192.0M)]
 [Times: user=0.27 sys=0.01, real=0.03 secs]
2018-04-30T04:35:06.285+0200: 468.622: Total time for which application threads were stopped: 0.0266197 seconds, Stopping threads took: 0.0002966 seconds
2018-04-30T04:35:06.720+0200: 469.057: Application time: 0.4351239 seconds
2018-04-30T04:35:06.722+0200: 469.058: [GC pause (G1 Evacuation Pause) (young)
Desired survivor size 266338304 bytes, new threshold 15 (max 15)
- age   1:    8756696 bytes,    8756696 total
- age   2:    1157816 bytes,    9914512 total
- age   3:    2061192 bytes,   11975704 total
- age   4:    1084408 bytes,   13060112 total
- age   5:    1098888 bytes,   14159000 total
- age   6:    1129648 bytes,   15288648 total
- age   7:    1111720 bytes,   16400368 total
- age   8:    1168944 bytes,   17569312 total
- age   9:    1153960 bytes,   18723272 total
- age  10:    1149024 bytes,   19872296 total
- age  11:    1153480 bytes,   21025776 total
- age  12:    1164112 bytes,   22189888 total
- age  13:      71752 bytes,   22261640 total
- age  14:       2608 bytes,   22264248 total
- age  15:       4928 bytes,   22269176 total
, 0.0247237 secs]
   [Parallel Time: 10.0 ms, GC Workers: 30]
      [GC Worker Start (ms): Min: 469058.4, Avg: 469058.8, Max: 469059.3, Diff: 0.9]
      [Ext Root Scanning (ms): Min: 0.1, Avg: 0.5, Max: 1.2, Diff: 1.1, Sum: 16.1]
      [Update RS (ms): Min: 1.5, Avg: 1.9, Max: 2.4, Diff: 0.8, Sum: 57.6]
         [Processed Buffers: Min: 1, Avg: 3.6, Max: 10, Diff: 9, Sum: 109]
      [Scan RS (ms): Min: 0.0, Avg: 0.2, Max: 0.5, Diff: 0.4, Sum: 6.0]
      [Code Root Scanning (ms): Min: 0.0, Avg: 0.0, Max: 0.0, Diff: 0.0, Sum: 0.1]
      [Object Copy (ms): Min: 5.9, Avg: 6.2, Max: 6.3, Diff: 0.4, Sum: 185.8]
      [Termination (ms): Min: 0.0, Avg: 0.0, Max: 0.0, Diff: 0.0, Sum: 0.3]
         [Termination Attempts: Min: 1, Avg: 1.0, Max: 1, Diff: 0, Sum: 30]
      [GC Worker Other (ms): Min: 0.0, Avg: 0.2, Max: 0.3, Diff: 0.3, Sum: 5.1]
      [GC Worker Total (ms): Min: 8.6, Avg: 9.0, Max: 9.6, Diff: 1.0, Sum: 271.1]
      [GC Worker End (ms): Min: 469067.7, Avg: 469067.9, Max: 469068.0, Diff: 0.3]
   [Code Root Fixup: 0.0 ms]
   [Code Root Purge: 0.0 ms]
   [Clear CT: 1.2 ms]
   [Other: 13.5 ms]
      [Choose CSet: 0.0 ms]
      [Ref Proc: 7.7 ms]
      [Ref Enq: 1.2 ms]
      [Redirty Cards: 2.6 ms]
      [Humongous Register: 0.3 ms]
      [Humongous Reclaim: 0.1 ms]
      [Free CSet: 1.4 ms]
   [Eden: 4024.0M(4024.0M)->0.0B(4016.0M) Survivors: 32.0M->36.0M Heap: 7036.8M(8192.0M)->3015.1M(8192.0M)]
 [Times: user=0.29 sys=0.01, real=0.03 secs]
2018-04-30T04:35:06.747+0200: 469.083: Total time for which application threads were stopped: 0.0261188 seconds, Stopping threads took: 0.0002943 seconds
2018-04-30T04:35:07.163+0200: 469.499: Application time: 0.4161877 seconds
2018-04-30T04:35:07.164+0200: 469.500: [GC pause (G1 Evacuation Pause) (young)
Desired survivor size 266338304 bytes, new threshold 15 (max 15)
- age   1:    8797544 bytes,    8797544 total
- age   2:    1255000 bytes,   10052544 total
- age   3:    1153248 bytes,   11205792 total
- age   4:    2059608 bytes,   13265400 total
- age   5:    1083448 bytes,   14348848 total
- age   6:    1098248 bytes,   15447096 total
- age   7:    1129328 bytes,   16576424 total
- age   8:    1111336 bytes,   17687760 total
- age   9:    1167968 bytes,   18855728 total
- age  10:    1153448 bytes,   20009176 total
- age  11:    1148960 bytes,   21158136 total
- age  12:    1153288 bytes,   22311424 total
- age  13:      44632 bytes,   22356056 total
- age  14:       6208 bytes,   22362264 total
- age  15:       2224 bytes,   22364488 total
, 0.0272358 secs]
   [Parallel Time: 11.1 ms, GC Workers: 30]
      [GC Worker Start (ms): Min: 469500.7, Avg: 469501.1, Max: 469501.5, Diff: 0.7]
      [Ext Root Scanning (ms): Min: 0.2, Avg: 0.6, Max: 1.3, Diff: 1.2, Sum: 16.6]
      [Update RS (ms): Min: 1.2, Avg: 1.8, Max: 2.3, Diff: 1.1, Sum: 54.1]
         [Processed Buffers: Min: 1, Avg: 4.0, Max: 13, Diff: 12, Sum: 119]
      [Scan RS (ms): Min: 0.0, Avg: 0.2, Max: 0.4, Diff: 0.3, Sum: 5.8]
      [Code Root Scanning (ms): Min: 0.0, Avg: 0.0, Max: 0.0, Diff: 0.0, Sum: 0.1]
      [Object Copy (ms): Min: 7.4, Avg: 7.7, Max: 7.8, Diff: 0.4, Sum: 229.9]
      [Termination (ms): Min: 0.0, Avg: 0.0, Max: 0.0, Diff: 0.0, Sum: 0.2]
         [Termination Attempts: Min: 1, Avg: 1.0, Max: 1, Diff: 0, Sum: 30]
      [GC Worker Other (ms): Min: 0.0, Avg: 0.2, Max: 0.4, Diff: 0.3, Sum: 5.7]
      [GC Worker Total (ms): Min: 10.0, Avg: 10.4, Max: 10.9, Diff: 0.9, Sum: 312.4]
      [GC Worker End (ms): Min: 469511.4, Avg: 469511.5, Max: 469511.7, Diff: 0.3]
   [Code Root Fixup: 0.0 ms]
   [Code Root Purge: 0.0 ms]
   [Clear CT: 2.2 ms]
   [Other: 13.9 ms]
      [Choose CSet: 0.0 ms]
      [Ref Proc: 8.1 ms]
      [Ref Enq: 1.1 ms]
      [Redirty Cards: 2.6 ms]
      [Humongous Register: 0.3 ms]
      [Humongous Reclaim: 0.1 ms]
      [Free CSet: 1.4 ms]
   [Eden: 4016.0M(4016.0M)->0.0B(4000.0M) Survivors: 36.0M->44.0M Heap: 7031.1M(8192.0M)->3023.1M(8192.0M)]
 [Times: user=0.33 sys=0.00, real=0.02 secs]
2018-04-30T04:35:07.191+0200: 469.528: Total time for which application threads were stopped: 0.0287553 seconds, Stopping threads took: 0.0004133 seconds
2018-04-30T04:35:07.637+0200: 469.974: Application time: 0.4459980 seconds
2018-04-30T04:35:07.639+0200: 469.975: [GC pause (G1 Evacuation Pause) (young)
Desired survivor size 266338304 bytes, new threshold 15 (max 15)
- age   1:   14063872 bytes,   14063872 total
- age   2:    1212512 bytes,   15276384 total
- age   3:    1249208 bytes,   16525592 total
- age   4:    1151040 bytes,   17676632 total
- age   5:    2058096 bytes,   19734728 total
- age   6:    1082744 bytes,   20817472 total
- age   7:    1097928 bytes,   21915400 total
- age   8:    1128752 bytes,   23044152 total
- age   9:    1110824 bytes,   24154976 total
- age  10:    1167776 bytes,   25322752 total
- age  11:    1153128 bytes,   26475880 total
- age  12:    1148832 bytes,   27624712 total
- age  13:      32104 bytes,   27656816 total
- age  14:       1792 bytes,   27658608 total
- age  15:       5952 bytes,   27664560 total
, 0.0261088 secs]
   [Parallel Time: 11.4 ms, GC Workers: 30]
      [GC Worker Start (ms): Min: 469975.4, Avg: 469975.9, Max: 469976.3, Diff: 0.9]
      [Ext Root Scanning (ms): Min: 0.2, Avg: 0.6, Max: 1.2, Diff: 1.0, Sum: 17.1]
      [Update RS (ms): Min: 1.6, Avg: 1.9, Max: 2.2, Diff: 0.7, Sum: 56.0]
         [Processed Buffers: Min: 2, Avg: 3.7, Max: 15, Diff: 13, Sum: 111]
      [Scan RS (ms): Min: 0.0, Avg: 0.2, Max: 0.5, Diff: 0.4, Sum: 6.4]
      [Code Root Scanning (ms): Min: 0.0, Avg: 0.0, Max: 0.0, Diff: 0.0, Sum: 0.1]
      [Object Copy (ms): Min: 7.4, Avg: 7.6, Max: 7.7, Diff: 0.3, Sum: 228.5]
      [Termination (ms): Min: 0.0, Avg: 0.0, Max: 0.0, Diff: 0.0, Sum: 0.2]
         [Termination Attempts: Min: 1, Avg: 1.0, Max: 1, Diff: 0, Sum: 30]
      [GC Worker Other (ms): Min: 0.0, Avg: 0.2, Max: 0.3, Diff: 0.3, Sum: 5.0]
      [GC Worker Total (ms): Min: 10.0, Avg: 10.4, Max: 10.9, Diff: 0.9, Sum: 313.2]
      [GC Worker End (ms): Min: 469986.2, Avg: 469986.3, Max: 469986.5, Diff: 0.3]
   [Code Root Fixup: 0.0 ms]
   [Code Root Purge: 0.0 ms]
   [Clear CT: 2.1 ms]
   [Other: 12.7 ms]
      [Choose CSet: 0.0 ms]
      [Ref Proc: 7.5 ms]
      [Ref Enq: 1.0 ms]
      [Redirty Cards: 2.2 ms]
      [Humongous Register: 0.3 ms]
      [Humongous Reclaim: 0.1 ms]
      [Free CSet: 1.4 ms]
   [Eden: 4000.0M(4000.0M)->0.0B(4000.0M) Survivors: 44.0M->44.0M Heap: 7023.1M(8192.0M)->3023.3M(8192.0M)]
 [Times: user=0.33 sys=0.01, real=0.03 secs]
2018-04-30T04:35:07.665+0200: 470.001: Total time for which application threads were stopped: 0.0275295 seconds, Stopping threads took: 0.0003678 seconds
2018-04-30T04:35:08.086+0200: 470.422: Application time: 0.4210698 seconds
2018-04-30T04:35:08.087+0200: 470.424: [GC pause (G1 Evacuation Pause) (young)
Desired survivor size 266338304 bytes, new threshold 15 (max 15)
- age   1:   13494448 bytes,   13494448 total
- age   2:    1184152 bytes,   14678600 total
- age   3:    1197600 bytes,   15876200 total
- age   4:    1103208 bytes,   16979408 total
- age   5:    1149584 bytes,   18128992 total
- age   6:    2057264 bytes,   20186256 total
- age   7:    1082424 bytes,   21268680 total
- age   8:    1097096 bytes,   22365776 total
- age   9:    1128240 bytes,   23494016 total
- age  10:    1110568 bytes,   24604584 total
- age  11:    1167584 bytes,   25772168 total
- age  12:    1152680 bytes,   26924848 total
- age  13:      75536 bytes,   27000384 total
- age  14:       4648 bytes,   27005032 total
- age  15:       1728 bytes,   27006760 total
, 0.0241973 secs]
   [Parallel Time: 9.4 ms, GC Workers: 30]
      [GC Worker Start (ms): Min: 470424.0, Avg: 470424.3, Max: 470424.7, Diff: 0.6]
      [Ext Root Scanning (ms): Min: 0.2, Avg: 0.6, Max: 1.4, Diff: 1.2, Sum: 17.8]
      [Update RS (ms): Min: 1.5, Avg: 1.8, Max: 2.1, Diff: 0.6, Sum: 53.8]
         [Processed Buffers: Min: 1, Avg: 3.8, Max: 13, Diff: 12, Sum: 115]
      [Scan RS (ms): Min: 0.0, Avg: 0.2, Max: 0.4, Diff: 0.4, Sum: 5.9]
      [Code Root Scanning (ms): Min: 0.0, Avg: 0.0, Max: 0.0, Diff: 0.0, Sum: 0.1]
      [Object Copy (ms): Min: 5.8, Avg: 6.0, Max: 6.2, Diff: 0.3, Sum: 181.4]
      [Termination (ms): Min: 0.0, Avg: 0.0, Max: 0.0, Diff: 0.0, Sum: 0.2]
         [Termination Attempts: Min: 1, Avg: 1.0, Max: 1, Diff: 0, Sum: 30]
      [GC Worker Other (ms): Min: 0.0, Avg: 0.2, Max: 0.3, Diff: 0.3, Sum: 4.6]
      [GC Worker Total (ms): Min: 8.4, Avg: 8.8, Max: 9.2, Diff: 0.8, Sum: 263.7]
      [GC Worker End (ms): Min: 470432.9, Avg: 470433.1, Max: 470433.2, Diff: 0.3]
   [Code Root Fixup: 0.0 ms]
   [Code Root Purge: 0.0 ms]
   [Clear CT: 2.4 ms]
   [Other: 12.3 ms]
      [Choose CSet: 0.0 ms]
      [Ref Proc: 7.3 ms]
      [Ref Enq: 1.0 ms]
      [Redirty Cards: 2.0 ms]
      [Humongous Register: 0.3 ms]
      [Humongous Reclaim: 0.1 ms]
      [Free CSet: 1.4 ms]
   [Eden: 4000.0M(4000.0M)->0.0B(4008.0M) Survivors: 44.0M->40.0M Heap: 7023.3M(8192.0M)->3020.2M(8192.0M)]
 [Times: user=0.28 sys=0.01, real=0.03 secs]
2018-04-30T04:35:08.112+0200: 470.448: Total time for which application threads were stopped: 0.0256048 seconds, Stopping threads took: 0.0003488 seconds
2018-04-30T04:35:08.553+0200: 470.889: Application time: 0.4408698 seconds
2018-04-30T04:35:08.554+0200: 470.890: [GC pause (G1 Evacuation Pause) (young)
Desired survivor size 266338304 bytes, new threshold 15 (max 15)
- age   1:    9686880 bytes,    9686880 total
- age   2:    1383376 bytes,   11070256 total
- age   3:    1177888 bytes,   12248144 total
- age   4:    1195872 bytes,   13444016 total
- age   5:    1100168 bytes,   14544184 total
- age   6:    1148128 bytes,   15692312 total
- age   7:    2056624 bytes,   17748936 total
- age   8:    1082040 bytes,   18830976 total
- age   9:    1096840 bytes,   19927816 total
- age  10:    1128048 bytes,   21055864 total
- age  11:    1110376 bytes,   22166240 total
- age  12:    1167392 bytes,   23333632 total
- age  13:     122080 bytes,   23455712 total
- age  14:       1624 bytes,   23457336 total
- age  15:       4520 bytes,   23461856 total
, 0.0252180 secs]
   [Parallel Time: 10.3 ms, GC Workers: 30]
      [GC Worker Start (ms): Min: 470890.6, Avg: 470891.1, Max: 470891.6, Diff: 0.9]
      [Ext Root Scanning (ms): Min: 0.1, Avg: 0.5, Max: 1.2, Diff: 1.2, Sum: 15.5]
      [Update RS (ms): Min: 1.4, Avg: 1.9, Max: 2.3, Diff: 0.9, Sum: 56.9]
         [Processed Buffers: Min: 2, Avg: 3.8, Max: 16, Diff: 14, Sum: 115]
      [Scan RS (ms): Min: 0.0, Avg: 0.2, Max: 0.4, Diff: 0.4, Sum: 5.9]
      [Code Root Scanning (ms): Min: 0.0, Avg: 0.0, Max: 0.0, Diff: 0.0, Sum: 0.1]
      [Object Copy (ms): Min: 6.3, Avg: 6.6, Max: 6.7, Diff: 0.4, Sum: 198.0]
      [Termination (ms): Min: 0.0, Avg: 0.0, Max: 0.0, Diff: 0.0, Sum: 0.4]
         [Termination Attempts: Min: 1, Avg: 1.0, Max: 1, Diff: 0, Sum: 30]
      [GC Worker Other (ms): Min: 0.0, Avg: 0.2, Max: 0.3, Diff: 0.3, Sum: 4.9]
      [GC Worker Total (ms): Min: 9.0, Avg: 9.4, Max: 10.0, Diff: 1.0, Sum: 281.5]
      [GC Worker End (ms): Min: 470900.4, Avg: 470900.5, Max: 470900.7, Diff: 0.3]
   [Code Root Fixup: 0.0 ms]
   [Code Root Purge: 0.0 ms]
   [Clear CT: 2.4 ms]
   [Other: 12.5 ms]
      [Choose CSet: 0.0 ms]
      [Ref Proc: 7.2 ms]
      [Ref Enq: 1.0 ms]
      [Redirty Cards: 2.2 ms]
      [Humongous Register: 0.3 ms]
      [Humongous Reclaim: 0.1 ms]
      [Free CSet: 1.4 ms]
   [Eden: 4008.0M(4008.0M)->0.0B(4024.0M) Survivors: 40.0M->32.0M Heap: 7028.2M(8192.0M)->3013.5M(8192.0M)]
 [Times: user=0.30 sys=0.00, real=0.02 secs]
2018-04-30T04:35:08.579+0200: 470.916: Total time for which application threads were stopped: 0.0266844 seconds, Stopping threads took: 0.0004036 seconds
2018-04-30T04:35:09.015+0200: 471.351: Application time: 0.4355795 seconds
2018-04-30T04:35:09.016+0200: 471.352: [GC pause (G1 Evacuation Pause) (young)
Desired survivor size 266338304 bytes, new threshold 15 (max 15)
- age   1:    9724448 bytes,    9724448 total
- age   2:    1131056 bytes,   10855504 total
- age   3:    1379648 bytes,   12235152 total
- age   4:    1174992 bytes,   13410144 total
- age   5:    1193440 bytes,   14603584 total
- age   6:    1098888 bytes,   15702472 total
- age   7:    1147360 bytes,   16849832 total
- age   8:    2056432 bytes,   18906264 total
- age   9:    1081592 bytes,   19987856 total
- age  10:    1096776 bytes,   21084632 total
- age  11:    1127792 bytes,   22212424 total
- age  12:    1110248 bytes,   23322672 total
- age  13:     186752 bytes,   23509424 total
- age  14:       2144 bytes,   23511568 total
- age  15:       1496 bytes,   23513064 total
, 0.0253366 secs]
   [Parallel Time: 10.2 ms, GC Workers: 30]
      [GC Worker Start (ms): Min: 471352.9, Avg: 471353.4, Max: 471354.0, Diff: 1.2]
      [Ext Root Scanning (ms): Min: 0.0, Avg: 0.4, Max: 1.2, Diff: 1.2, Sum: 13.3]
      [Update RS (ms): Min: 1.5, Avg: 1.8, Max: 2.3, Diff: 0.9, Sum: 54.0]
         [Processed Buffers: Min: 2, Avg: 3.8, Max: 10, Diff: 8, Sum: 114]
      [Scan RS (ms): Min: 0.0, Avg: 0.2, Max: 0.5, Diff: 0.4, Sum: 6.2]
      [Code Root Scanning (ms): Min: 0.0, Avg: 0.0, Max: 0.0, Diff: 0.0, Sum: 0.1]
      [Object Copy (ms): Min: 6.4, Avg: 6.8, Max: 6.9, Diff: 0.4, Sum: 202.7]
      [Termination (ms): Min: 0.0, Avg: 0.0, Max: 0.0, Diff: 0.0, Sum: 0.2]
         [Termination Attempts: Min: 1, Avg: 1.0, Max: 1, Diff: 0, Sum: 30]
      [GC Worker Other (ms): Min: 0.0, Avg: 0.2, Max: 0.4, Diff: 0.3, Sum: 5.3]
      [GC Worker Total (ms): Min: 8.6, Avg: 9.4, Max: 10.1, Diff: 1.5, Sum: 281.9]
      [GC Worker End (ms): Min: 471362.7, Avg: 471362.8, Max: 471363.0, Diff: 0.3]
   [Code Root Fixup: 0.0 ms]
   [Code Root Purge: 0.0 ms]
   [Clear CT: 2.6 ms]
   [Other: 12.5 ms]
      [Choose CSet: 0.0 ms]
      [Ref Proc: 7.5 ms]
      [Ref Enq: 0.9 ms]
      [Redirty Cards: 2.3 ms]
      [Humongous Register: 0.3 ms]
      [Humongous Reclaim: 0.1 ms]
      [Free CSet: 1.3 ms]
   [Eden: 4024.0M(4024.0M)->0.0B(4008.0M) Survivors: 32.0M->40.0M Heap: 7037.5M(8192.0M)->3018.4M(8192.0M)]
 [Times: user=0.29 sys=0.01, real=0.02 secs]
2018-04-30T04:35:09.042+0200: 471.378: Total time for which application threads were stopped: 0.0267845 seconds, Stopping threads took: 0.0004279 seconds
2018-04-30T04:35:09.464+0200: 471.800: Application time: 0.4221388 seconds
2018-04-30T04:35:09.465+0200: 471.801: [GC pause (G1 Evacuation Pause) (young)
Desired survivor size 266338304 bytes, new threshold 15 (max 15)
- age   1:   12331496 bytes,   12331496 total
- age   2:    1244512 bytes,   13576008 total
- age   3:    1125472 bytes,   14701480 total
- age   4:    1376880 bytes,   16078360 total
- age   5:    1172560 bytes,   17250920 total
- age   6:    1191712 bytes,   18442632 total
- age   7:    1097864 bytes,   19540496 total
- age   8:    1146792 bytes,   20687288 total
- age   9:    2056176 bytes,   22743464 total
- age  10:    1081400 bytes,   23824864 total
- age  11:    1096712 bytes,   24921576 total
- age  12:    1127728 bytes,   26049304 total
- age  13:     217816 bytes,   26267120 total
- age  14:      10784 bytes,   26277904 total
- age  15:       1824 bytes,   26279728 total
, 0.0248263 secs]
   [Parallel Time: 10.3 ms, GC Workers: 30]
      [GC Worker Start (ms): Min: 471801.8, Avg: 471802.3, Max: 471802.7, Diff: 0.9]
      [Ext Root Scanning (ms): Min: 0.1, Avg: 0.5, Max: 1.2, Diff: 1.2, Sum: 16.5]
      [Update RS (ms): Min: 1.6, Avg: 1.8, Max: 2.1, Diff: 0.6, Sum: 53.1]
         [Processed Buffers: Min: 2, Avg: 3.8, Max: 13, Diff: 11, Sum: 115]
      [Scan RS (ms): Min: 0.0, Avg: 0.2, Max: 0.4, Diff: 0.4, Sum: 6.6]
      [Code Root Scanning (ms): Min: 0.0, Avg: 0.0, Max: 0.0, Diff: 0.0, Sum: 0.1]
      [Object Copy (ms): Min: 6.6, Avg: 6.8, Max: 6.9, Diff: 0.3, Sum: 203.0]
      [Termination (ms): Min: 0.0, Avg: 0.0, Max: 0.0, Diff: 0.0, Sum: 0.2]
         [Termination Attempts: Min: 1, Avg: 1.0, Max: 1, Diff: 0, Sum: 30]
      [GC Worker Other (ms): Min: 0.0, Avg: 0.2, Max: 0.4, Diff: 0.3, Sum: 5.1]
      [GC Worker Total (ms): Min: 9.0, Avg: 9.5, Max: 10.0, Diff: 1.0, Sum: 284.5]
      [GC Worker End (ms): Min: 471811.6, Avg: 471811.7, Max: 471811.9, Diff: 0.3]
   [Code Root Fixup: 0.0 ms]
   [Code Root Purge: 0.0 ms]
   [Clear CT: 1.8 ms]
   [Other: 12.7 ms]
      [Choose CSet: 0.0 ms]
      [Ref Proc: 7.8 ms]
      [Ref Enq: 1.1 ms]
      [Redirty Cards: 1.9 ms]
      [Humongous Register: 0.3 ms]
      [Humongous Reclaim: 0.1 ms]
      [Free CSet: 1.3 ms]
   [Eden: 4008.0M(4008.0M)->0.0B(4008.0M) Survivors: 40.0M->40.0M Heap: 7026.4M(8192.0M)->3020.1M(8192.0M)]
 [Times: user=0.30 sys=0.01, real=0.02 secs]
2018-04-30T04:35:09.490+0200: 471.826: Total time for which application threads were stopped: 0.0263115 seconds, Stopping threads took: 0.0004379 seconds
2018-04-30T04:35:09.913+0200: 472.249: Application time: 0.4226661 seconds
2018-04-30T04:35:09.914+0200: 472.250: [GC pause (G1 Evacuation Pause) (young)
Desired survivor size 266338304 bytes, new threshold 15 (max 15)
- age   1:   10492304 bytes,   10492304 total
- age   2:    1116280 bytes,   11608584 total
- age   3:    1238536 bytes,   12847120 total
- age   4:    1123712 bytes,   13970832 total
- age   5:    1375200 bytes,   15346032 total
- age   6:    1171368 bytes,   16517400 total
- age   7:    1191392 bytes,   17708792 total
- age   8:    1096776 bytes,   18805568 total
- age   9:    1146472 bytes,   19952040 total
- age  10:    2056112 bytes,   22008152 total
- age  11:    1081208 bytes,   23089360 total
- age  12:    1096584 bytes,   24185944 total
- age  13:     260056 bytes,   24446000 total
- age  14:       6200 bytes,   24452200 total
- age  15:      10784 bytes,   24462984 total
, 0.0275480 secs]
   [Parallel Time: 12.2 ms, GC Workers: 30]
      [GC Worker Start (ms): Min: 472250.7, Avg: 472251.2, Max: 472251.7, Diff: 1.0]
      [Ext Root Scanning (ms): Min: 0.0, Avg: 0.5, Max: 1.3, Diff: 1.3, Sum: 15.0]
      [Update RS (ms): Min: 1.3, Avg: 1.9, Max: 5.3, Diff: 4.0, Sum: 56.5]
         [Processed Buffers: Min: 1, Avg: 3.7, Max: 9, Diff: 8, Sum: 111]
      [Scan RS (ms): Min: 0.0, Avg: 0.2, Max: 0.4, Diff: 0.4, Sum: 6.5]
      [Code Root Scanning (ms): Min: 0.0, Avg: 0.0, Max: 0.0, Diff: 0.0, Sum: 0.1]
      [Object Copy (ms): Min: 4.4, Avg: 7.7, Max: 8.9, Diff: 4.5, Sum: 230.4]
      [Termination (ms): Min: 0.0, Avg: 1.1, Max: 1.2, Diff: 1.2, Sum: 33.2]
         [Termination Attempts: Min: 1, Avg: 6.4, Max: 9, Diff: 8, Sum: 193]
      [GC Worker Other (ms): Min: 0.0, Avg: 0.1, Max: 0.2, Diff: 0.2, Sum: 3.0]
      [GC Worker Total (ms): Min: 11.0, Avg: 11.5, Max: 12.0, Diff: 1.0, Sum: 344.5]
      [GC Worker End (ms): Min: 472262.6, Avg: 472262.7, Max: 472262.8, Diff: 0.2]
   [Code Root Fixup: 0.0 ms]
   [Code Root Purge: 0.0 ms]
   [Clear CT: 1.5 ms]
   [Other: 13.8 ms]
      [Choose CSet: 0.0 ms]
      [Ref Proc: 8.0 ms]
      [Ref Enq: 1.3 ms]
      [Redirty Cards: 2.6 ms]
      [Humongous Register: 0.3 ms]
      [Humongous Reclaim: 0.1 ms]
      [Free CSet: 1.4 ms]
   [Eden: 4008.0M(4008.0M)->0.0B(4016.0M) Survivors: 40.0M->36.0M Heap: 7028.1M(8192.0M)->3017.7M(8192.0M)]
 [Times: user=0.35 sys=0.01, real=0.02 secs]
2018-04-30T04:35:09.942+0200: 472.278: Total time for which application threads were stopped: 0.0290210 seconds, Stopping threads took: 0.0004502 seconds
2018-04-30T04:35:10.366+0200: 472.702: Application time: 0.4238150 seconds
2018-04-30T04:35:10.367+0200: 472.703: [GC pause (G1 Evacuation Pause) (young)
Desired survivor size 266338304 bytes, new threshold 15 (max 15)
- age   1:   11118760 bytes,   11118760 total
- age   2:    1095944 bytes,   12214704 total
- age   3:    1082000 bytes,   13296704 total
- age   4:    1106880 bytes,   14403584 total
- age   5:    1113024 bytes,   15516608 total
- age   6:    1119632 bytes,   16636240 total
- age   7:    1170520 bytes,   17806760 total
- age   8:    1191008 bytes,   18997768 total
- age   9:    1096648 bytes,   20094416 total
- age  10:    1146344 bytes,   21240760 total
- age  11:    2055984 bytes,   23296744 total
- age  12:    1081080 bytes,   24377824 total
- age  13:     263656 bytes,   24641480 total
- age  14:       5264 bytes,   24646744 total
- age  15:       6200 bytes,   24652944 total
, 0.0258257 secs]
   [Parallel Time: 10.1 ms, GC Workers: 30]
      [GC Worker Start (ms): Min: 472703.5, Avg: 472704.0, Max: 472704.3, Diff: 0.8]
      [Ext Root Scanning (ms): Min: 0.3, Avg: 0.6, Max: 1.5, Diff: 1.2, Sum: 19.0]
      [Update RS (ms): Min: 1.4, Avg: 1.9, Max: 2.4, Diff: 1.1, Sum: 56.7]
         [Processed Buffers: Min: 2, Avg: 3.7, Max: 12, Diff: 10, Sum: 110]
      [Scan RS (ms): Min: 0.0, Avg: 0.2, Max: 0.5, Diff: 0.4, Sum: 5.9]
      [Code Root Scanning (ms): Min: 0.0, Avg: 0.0, Max: 0.0, Diff: 0.0, Sum: 0.1]
      [Object Copy (ms): Min: 6.0, Avg: 6.3, Max: 6.5, Diff: 0.5, Sum: 190.2]
      [Termination (ms): Min: 0.0, Avg: 0.0, Max: 0.0, Diff: 0.0, Sum: 0.4]
         [Termination Attempts: Min: 1, Avg: 1.0, Max: 1, Diff: 0, Sum: 30]
      [GC Worker Other (ms): Min: 0.0, Avg: 0.2, Max: 0.3, Diff: 0.3, Sum: 4.8]
      [GC Worker Total (ms): Min: 8.8, Avg: 9.2, Max: 9.8, Diff: 1.0, Sum: 277.1]
      [GC Worker End (ms): Min: 472713.1, Avg: 472713.2, Max: 472713.4, Diff: 0.3]
   [Code Root Fixup: 0.0 ms]
   [Code Root Purge: 0.0 ms]
   [Clear CT: 2.5 ms]
   [Other: 13.2 ms]
      [Choose CSet: 0.0 ms]
      [Ref Proc: 7.4 ms]
      [Ref Enq: 1.2 ms]
      [Redirty Cards: 2.7 ms]
      [Humongous Register: 0.3 ms]
      [Humongous Reclaim: 0.1 ms]
      [Free CSet: 1.3 ms]
   [Eden: 4016.0M(4016.0M)->0.0B(4016.0M) Survivors: 36.0M->36.0M Heap: 7033.7M(8192.0M)->3016.1M(8192.0M)]
 [Times: user=0.30 sys=0.00, real=0.03 secs]
2018-04-30T04:35:10.393+0200: 472.729: Total time for which application threads were stopped: 0.0272225 seconds, Stopping threads took: 0.0003560 seconds
2018-04-30T04:35:10.815+0200: 473.151: Application time: 0.4219181 seconds
2018-04-30T04:35:10.816+0200: 473.152: [GC pause (G1 Evacuation Pause) (young)
Desired survivor size 266338304 bytes, new threshold 15 (max 15)
- age   1:   10623680 bytes,   10623680 total
- age   2:    1557456 bytes,   12181136 total
- age   3:    1092480 bytes,   13273616 total
- age   4:    1079920 bytes,   14353536 total
- age   5:    1105600 bytes,   15459136 total
- age   6:    1111584 bytes,   16570720 total
- age   7:    1116944 bytes,   17687664 total
- age   8:    1170392 bytes,   18858056 total
- age   9:    1190880 bytes,   20048936 total
- age  10:    1096584 bytes,   21145520 total
- age  11:    1146152 bytes,   22291672 total
- age  12:    2055856 bytes,   24347528 total
- age  13:     181584 bytes,   24529112 total
- age  14:       7712 bytes,   24536824 total
- age  15:       5136 bytes,   24541960 total
, 0.0238455 secs]
   [Parallel Time: 9.2 ms, GC Workers: 30]
      [GC Worker Start (ms): Min: 473152.7, Avg: 473153.3, Max: 473153.8, Diff: 1.1]
      [Ext Root Scanning (ms): Min: 0.0, Avg: 0.5, Max: 1.2, Diff: 1.2, Sum: 13.6]
      [Update RS (ms): Min: 1.6, Avg: 1.8, Max: 2.2, Diff: 0.6, Sum: 54.9]
         [Processed Buffers: Min: 2, Avg: 3.7, Max: 14, Diff: 12, Sum: 110]
      [Scan RS (ms): Min: 0.0, Avg: 0.2, Max: 0.4, Diff: 0.4, Sum: 6.2]
      [Code Root Scanning (ms): Min: 0.0, Avg: 0.0, Max: 0.0, Diff: 0.0, Sum: 0.1]
      [Object Copy (ms): Min: 5.3, Avg: 5.5, Max: 5.6, Diff: 0.3, Sum: 164.8]
      [Termination (ms): Min: 0.0, Avg: 0.0, Max: 0.0, Diff: 0.0, Sum: 0.6]
         [Termination Attempts: Min: 1, Avg: 1.7, Max: 3, Diff: 2, Sum: 52]
      [GC Worker Other (ms): Min: 0.0, Avg: 0.2, Max: 0.3, Diff: 0.3, Sum: 4.9]
      [GC Worker Total (ms): Min: 7.6, Avg: 8.2, Max: 8.9, Diff: 1.3, Sum: 245.1]
      [GC Worker End (ms): Min: 473161.4, Avg: 473161.5, Max: 473161.7, Diff: 0.3]
   [Code Root Fixup: 0.0 ms]
   [Code Root Purge: 0.0 ms]
   [Clear CT: 2.5 ms]
   [Other: 12.1 ms]
      [Choose CSet: 0.0 ms]
      [Ref Proc: 7.1 ms]
      [Ref Enq: 0.9 ms]
      [Redirty Cards: 2.2 ms]
      [Humongous Register: 0.3 ms]
      [Humongous Reclaim: 0.1 ms]
      [Free CSet: 1.2 ms]
   [Eden: 4016.0M(4016.0M)->0.0B(4016.0M) Survivors: 36.0M->36.0M Heap: 7032.1M(8192.0M)->3014.5M(8192.0M)]
 [Times: user=0.26 sys=0.01, real=0.02 secs]
2018-04-30T04:35:10.840+0200: 473.176: Total time for which application threads were stopped: 0.0252875 seconds, Stopping threads took: 0.0004082 seconds
2018-04-30T04:35:11.273+0200: 473.609: Application time: 0.4328507 seconds
2018-04-30T04:35:11.274+0200: 473.610: [GC pause (G1 Evacuation Pause) (young)
Desired survivor size 266338304 bytes, new threshold 15 (max 15)
- age   1:    8677904 bytes,    8677904 total
- age   2:    1197800 bytes,    9875704 total
- age   3:    1552720 bytes,   11428424 total
- age   4:    1090688 bytes,   12519112 total
- age   5:    1078960 bytes,   13598072 total
- age   6:    1104896 bytes,   14702968 total
- age   7:    1110880 bytes,   15813848 total
- age   8:    1116816 bytes,   16930664 total
- age   9:    1170264 bytes,   18100928 total
- age  10:    1190624 bytes,   19291552 total
- age  11:    1096328 bytes,   20387880 total
- age  12:    1145832 bytes,   21533712 total
- age  13:    1130040 bytes,   22663752 total
- age  14:       1792 bytes,   22665544 total
- age  15:       7376 bytes,   22672920 total
, 0.0260767 secs]
   [Parallel Time: 10.4 ms, GC Workers: 30]
      [GC Worker Start (ms): Min: 473610.7, Avg: 473611.2, Max: 473611.6, Diff: 0.9]
      [Ext Root Scanning (ms): Min: 0.1, Avg: 0.5, Max: 1.2, Diff: 1.1, Sum: 15.1]
      [Update RS (ms): Min: 1.5, Avg: 1.9, Max: 2.3, Diff: 0.7, Sum: 56.5]
         [Processed Buffers: Min: 2, Avg: 3.7, Max: 13, Diff: 11, Sum: 111]
      [Scan RS (ms): Min: 0.0, Avg: 0.2, Max: 0.4, Diff: 0.4, Sum: 6.4]
      [Code Root Scanning (ms): Min: 0.0, Avg: 0.0, Max: 0.0, Diff: 0.0, Sum: 0.1]
      [Object Copy (ms): Min: 6.5, Avg: 6.7, Max: 6.8, Diff: 0.3, Sum: 201.3]
      [Termination (ms): Min: 0.0, Avg: 0.0, Max: 0.0, Diff: 0.0, Sum: 0.3]
         [Termination Attempts: Min: 1, Avg: 1.0, Max: 1, Diff: 0, Sum: 30]
      [GC Worker Other (ms): Min: 0.0, Avg: 0.2, Max: 0.3, Diff: 0.3, Sum: 5.0]
      [GC Worker Total (ms): Min: 9.0, Avg: 9.5, Max: 10.0, Diff: 1.0, Sum: 284.6]
      [GC Worker End (ms): Min: 473620.5, Avg: 473620.7, Max: 473620.9, Diff: 0.3]
   [Code Root Fixup: 0.0 ms]
   [Code Root Purge: 0.0 ms]
   [Clear CT: 2.2 ms]
   [Other: 13.5 ms]
      [Choose CSet: 0.0 ms]
      [Ref Proc: 7.7 ms]
      [Ref Enq: 1.2 ms]
      [Redirty Cards: 2.6 ms]
      [Humongous Register: 0.3 ms]
      [Humongous Reclaim: 0.1 ms]
      [Free CSet: 1.4 ms]
   [Eden: 4016.0M(4016.0M)->0.0B(4016.0M) Survivors: 36.0M->36.0M Heap: 7030.5M(8192.0M)->3017.4M(8192.0M)]
 [Times: user=0.30 sys=0.00, real=0.02 secs]
2018-04-30T04:35:11.300+0200: 473.637: Total time for which application threads were stopped: 0.0273968 seconds, Stopping threads took: 0.0002752 seconds
2018-04-30T04:35:11.729+0200: 474.065: Application time: 0.4282497 seconds
2018-04-30T04:35:11.730+0200: 474.066: [GC pause (G1 Evacuation Pause) (young)
Desired survivor size 266338304 bytes, new threshold 15 (max 15)
- age   1:   10756288 bytes,   10756288 total
- age   2:    1121928 bytes,   11878216 total
- age   3:    1193896 bytes,   13072112 total
- age   4:    1549744 bytes,   14621856 total
- age   5:    1088616 bytes,   15710472 total
- age   6:    1077488 bytes,   16787960 total
- age   7:    1104384 bytes,   17892344 total
- age   8:    1110432 bytes,   19002776 total
- age   9:    1116176 bytes,   20118952 total
- age  10:    1170136 bytes,   21289088 total
- age  11:    1190432 bytes,   22479520 total
- age  12:    1095816 bytes,   23575336 total
- age  13:     243544 bytes,   23818880 total
- age  14:     903200 bytes,   24722080 total
- age  15:       1728 bytes,   24723808 total
, 0.0249959 secs]
   [Parallel Time: 9.8 ms, GC Workers: 30]
      [GC Worker Start (ms): Min: 474066.5, Avg: 474067.1, Max: 474067.7, Diff: 1.2]
      [Ext Root Scanning (ms): Min: 0.0, Avg: 0.5, Max: 1.2, Diff: 1.2, Sum: 13.9]
      [Update RS (ms): Min: 1.6, Avg: 1.9, Max: 2.4, Diff: 0.7, Sum: 56.8]
         [Processed Buffers: Min: 2, Avg: 3.8, Max: 13, Diff: 11, Sum: 113]
      [Scan RS (ms): Min: 0.0, Avg: 0.2, Max: 0.4, Diff: 0.4, Sum: 6.6]
      [Code Root Scanning (ms): Min: 0.0, Avg: 0.0, Max: 0.0, Diff: 0.0, Sum: 0.1]
      [Object Copy (ms): Min: 5.8, Avg: 6.1, Max: 6.2, Diff: 0.5, Sum: 183.1]
      [Termination (ms): Min: 0.0, Avg: 0.0, Max: 0.1, Diff: 0.1, Sum: 0.8]
         [Termination Attempts: Min: 1, Avg: 1.0, Max: 2, Diff: 1, Sum: 31]
      [GC Worker Other (ms): Min: 0.0, Avg: 0.2, Max: 0.4, Diff: 0.3, Sum: 5.6]
      [GC Worker Total (ms): Min: 8.2, Avg: 8.9, Max: 9.6, Diff: 1.4, Sum: 266.8]
      [GC Worker End (ms): Min: 474075.9, Avg: 474076.0, Max: 474076.2, Diff: 0.3]
   [Code Root Fixup: 0.0 ms]
   [Code Root Purge: 0.0 ms]
   [Clear CT: 2.1 ms]
   [Other: 13.1 ms]
      [Choose CSet: 0.0 ms]
      [Ref Proc: 7.7 ms]
      [Ref Enq: 1.1 ms]
      [Redirty Cards: 2.4 ms]
      [Humongous Register: 0.3 ms]
      [Humongous Reclaim: 0.1 ms]
      [Free CSet: 1.3 ms]
   [Eden: 4016.0M(4016.0M)->0.0B(4016.0M) Survivors: 36.0M->36.0M Heap: 7033.4M(8192.0M)->3015.3M(8192.0M)]
 [Times: user=0.30 sys=0.00, real=0.03 secs]
2018-04-30T04:35:11.755+0200: 474.091: Total time for which application threads were stopped: 0.0264095 seconds, Stopping threads took: 0.0003921 seconds
2018-04-30T04:35:12.195+0200: 474.531: Application time: 0.4398090 seconds
2018-04-30T04:35:12.196+0200: 474.532: [GC pause (G1 Evacuation Pause) (young)
Desired survivor size 266338304 bytes, new threshold 15 (max 15)
- age   1:    9450392 bytes,    9450392 total
- age   2:    1292168 bytes,   10742560 total
- age   3:    1119048 bytes,   11861608 total
- age   4:    1191752 bytes,   13053360 total
- age   5:    1548208 bytes,   14601568 total
- age   6:    1087464 bytes,   15689032 total
- age   7:    1075696 bytes,   16764728 total
- age   8:    1103744 bytes,   17868472 total
- age   9:    1109792 bytes,   18978264 total
- age  10:    1115792 bytes,   20094056 total
- age  11:    1169944 bytes,   21264000 total
- age  12:    1190304 bytes,   22454304 total
- age  13:     164152 bytes,   22618456 total
- age  14:       3784 bytes,   22622240 total
- age  15:     903200 bytes,   23525440 total
, 0.0277434 secs]
   [Parallel Time: 11.8 ms, GC Workers: 30]
      [GC Worker Start (ms): Min: 474532.8, Avg: 474533.3, Max: 474533.8, Diff: 1.0]
      [Ext Root Scanning (ms): Min: 0.0, Avg: 0.5, Max: 1.2, Diff: 1.2, Sum: 14.1]
      [Update RS (ms): Min: 1.5, Avg: 1.8, Max: 2.3, Diff: 0.8, Sum: 54.7]
         [Processed Buffers: Min: 2, Avg: 3.8, Max: 11, Diff: 9, Sum: 115]
      [Scan RS (ms): Min: 0.0, Avg: 0.2, Max: 0.4, Diff: 0.4, Sum: 6.3]
      [Code Root Scanning (ms): Min: 0.0, Avg: 0.0, Max: 0.0, Diff: 0.0, Sum: 0.1]
      [Object Copy (ms): Min: 8.0, Avg: 8.3, Max: 8.5, Diff: 0.4, Sum: 250.1]
      [Termination (ms): Min: 0.0, Avg: 0.0, Max: 0.0, Diff: 0.0, Sum: 0.3]
         [Termination Attempts: Min: 1, Avg: 1.0, Max: 1, Diff: 0, Sum: 30]
      [GC Worker Other (ms): Min: 0.0, Avg: 0.2, Max: 0.3, Diff: 0.3, Sum: 4.9]
      [GC Worker Total (ms): Min: 10.5, Avg: 11.0, Max: 11.5, Diff: 1.0, Sum: 330.4]
      [GC Worker End (ms): Min: 474544.2, Avg: 474544.3, Max: 474544.5, Diff: 0.3]
   [Code Root Fixup: 0.0 ms]
   [Code Root Purge: 0.0 ms]
   [Clear CT: 2.4 ms]
   [Other: 13.5 ms]
      [Choose CSet: 0.0 ms]
      [Ref Proc: 7.7 ms]
      [Ref Enq: 1.0 ms]
      [Redirty Cards: 2.7 ms]
      [Humongous Register: 0.3 ms]
      [Humongous Reclaim: 0.1 ms]
      [Free CSet: 1.3 ms]
   [Eden: 4016.0M(4016.0M)->0.0B(4000.0M) Survivors: 36.0M->44.0M Heap: 7031.3M(8192.0M)->3023.4M(8192.0M)]
 [Times: user=0.35 sys=0.00, real=0.03 secs]
2018-04-30T04:35:12.224+0200: 474.560: Total time for which application threads were stopped: 0.0291437 seconds, Stopping threads took: 0.0003534 seconds
2018-04-30T04:35:12.654+0200: 474.990: Application time: 0.4300411 seconds
2018-04-30T04:35:12.655+0200: 474.992: [GC pause (G1 Evacuation Pause) (young)
Desired survivor size 266338304 bytes, new threshold 15 (max 15)
- age   1:   13918776 bytes,   13918776 total
- age   2:    1202488 bytes,   15121264 total
- age   3:    1287248 bytes,   16408512 total
- age   4:    1117000 bytes,   17525512 total
- age   5:    1190504 bytes,   18716016 total
- age   6:    1547248 bytes,   20263264 total
- age   7:    1086824 bytes,   21350088 total
- age   8:    1074800 bytes,   22424888 total
- age   9:    1103488 bytes,   23528376 total
- age  10:    1109136 bytes,   24637512 total
- age  11:    1115344 bytes,   25752856 total
- age  12:    1169880 bytes,   26922736 total
- age  13:     202672 bytes,   27125408 total
- age  14:      12384 bytes,   27137792 total
- age  15:       3592 bytes,   27141384 total
, 0.0258423 secs]
   [Parallel Time: 10.3 ms, GC Workers: 30]
      [GC Worker Start (ms): Min: 474992.0, Avg: 474992.5, Max: 474992.9, Diff: 0.9]
      [Ext Root Scanning (ms): Min: 0.0, Avg: 0.5, Max: 1.2, Diff: 1.2, Sum: 14.8]
      [Update RS (ms): Min: 1.5, Avg: 1.8, Max: 2.3, Diff: 0.8, Sum: 53.9]
         [Processed Buffers: Min: 2, Avg: 3.7, Max: 10, Diff: 8, Sum: 112]
      [Scan RS (ms): Min: 0.0, Avg: 0.2, Max: 0.4, Diff: 0.4, Sum: 6.4]
      [Code Root Scanning (ms): Min: 0.0, Avg: 0.0, Max: 0.0, Diff: 0.0, Sum: 0.1]
      [Object Copy (ms): Min: 6.3, Avg: 6.6, Max: 6.7, Diff: 0.4, Sum: 198.7]
      [Termination (ms): Min: 0.0, Avg: 0.0, Max: 0.0, Diff: 0.0, Sum: 0.3]
         [Termination Attempts: Min: 1, Avg: 1.0, Max: 1, Diff: 0, Sum: 30]
      [GC Worker Other (ms): Min: 0.0, Avg: 0.2, Max: 0.4, Diff: 0.3, Sum: 5.8]
      [GC Worker Total (ms): Min: 8.7, Avg: 9.3, Max: 9.9, Diff: 1.2, Sum: 279.8]
      [GC Worker End (ms): Min: 475001.7, Avg: 475001.8, Max: 475002.0, Diff: 0.4]
   [Code Root Fixup: 0.0 ms]
   [Code Root Purge: 0.0 ms]
   [Clear CT: 2.7 ms]
   [Other: 12.9 ms]
      [Choose CSet: 0.0 ms]
      [Ref Proc: 7.5 ms]
      [Ref Enq: 1.0 ms]
      [Redirty Cards: 2.2 ms]
      [Humongous Register: 0.3 ms]
      [Humongous Reclaim: 0.1 ms]
      [Free CSet: 1.5 ms]
   [Eden: 4000.0M(4000.0M)->0.0B(4000.0M) Survivors: 44.0M->44.0M Heap: 7023.4M(8192.0M)->3023.5M(8192.0M)]
 [Times: user=0.30 sys=0.01, real=0.02 secs]
2018-04-30T04:35:12.681+0200: 475.018: Total time for which application threads were stopped: 0.0273640 seconds, Stopping threads took: 0.0004340 seconds
2018-04-30T04:35:13.092+0200: 475.428: Application time: 0.4108077 seconds
2018-04-30T04:35:13.093+0200: 475.430: [GC pause (G1 Evacuation Pause) (young)
Desired survivor size 266338304 bytes, new threshold 15 (max 15)
- age   1:   11270680 bytes,   11270680 total
- age   2:    1152552 bytes,   12423232 total
- age   3:    1185696 bytes,   13608928 total
- age   4:    1141504 bytes,   14750432 total
- age   5:    1115336 bytes,   15865768 total
- age   6:    1189544 bytes,   17055312 total
- age   7:    1546416 bytes,   18601728 total
- age   8:    1086248 bytes,   19687976 total
- age   9:    1074096 bytes,   20762072 total
- age  10:    1103296 bytes,   21865368 total
- age  11:    1109008 bytes,   22974376 total
- age  12:    1115152 bytes,   24089528 total
- age  13:     255624 bytes,   24345152 total
- age  14:       5344 bytes,   24350496 total
- age  15:      12320 bytes,   24362816 total
, 0.0234623 secs]
   [Parallel Time: 10.0 ms, GC Workers: 30]
      [GC Worker Start (ms): Min: 475430.2, Avg: 475430.7, Max: 475431.3, Diff: 1.1]
      [Ext Root Scanning (ms): Min: 0.0, Avg: 0.5, Max: 1.2, Diff: 1.2, Sum: 13.6]
      [Update RS (ms): Min: 1.4, Avg: 1.7, Max: 2.2, Diff: 0.8, Sum: 52.3]
         [Processed Buffers: Min: 1, Avg: 3.9, Max: 10, Diff: 9, Sum: 117]
      [Scan RS (ms): Min: 0.0, Avg: 0.2, Max: 0.4, Diff: 0.4, Sum: 6.0]
      [Code Root Scanning (ms): Min: 0.0, Avg: 0.0, Max: 0.0, Diff: 0.0, Sum: 0.1]
      [Object Copy (ms): Min: 6.1, Avg: 6.4, Max: 6.5, Diff: 0.4, Sum: 191.0]
      [Termination (ms): Min: 0.0, Avg: 0.0, Max: 0.0, Diff: 0.0, Sum: 0.2]
         [Termination Attempts: Min: 1, Avg: 1.0, Max: 1, Diff: 0, Sum: 30]
      [GC Worker Other (ms): Min: 0.0, Avg: 0.2, Max: 0.3, Diff: 0.3, Sum: 5.2]
      [GC Worker Total (ms): Min: 8.3, Avg: 8.9, Max: 9.6, Diff: 1.3, Sum: 268.4]
      [GC Worker End (ms): Min: 475439.5, Avg: 475439.7, Max: 475439.9, Diff: 0.3]
   [Code Root Fixup: 0.0 ms]
   [Code Root Purge: 0.0 ms]
   [Clear CT: 1.4 ms]
   [Other: 12.1 ms]
      [Choose CSet: 0.0 ms]
      [Ref Proc: 7.0 ms]
      [Ref Enq: 0.9 ms]
      [Redirty Cards: 2.4 ms]
      [Humongous Register: 0.3 ms]
      [Humongous Reclaim: 0.1 ms]
      [Free CSet: 1.3 ms]
   [Eden: 4000.0M(4000.0M)->0.0B(4016.0M) Survivors: 44.0M->36.0M Heap: 7023.5M(8192.0M)->3016.3M(8192.0M)]
 [Times: user=0.28 sys=0.01, real=0.02 secs]
2018-04-30T04:35:13.117+0200: 475.453: Total time for which application threads were stopped: 0.0249121 seconds, Stopping threads took: 0.0004282 seconds
2018-04-30T04:35:13.568+0200: 475.905: Application time: 0.4514139 seconds
2018-04-30T04:35:13.570+0200: 475.906: [GC pause (G1 Evacuation Pause) (young)
Desired survivor size 266338304 bytes, new threshold 15 (max 15)
- age   1:   10188488 bytes,   10188488 total
- age   2:    1393176 bytes,   11581664 total
- age   3:    1148664 bytes,   12730328 total
- age   4:    1184096 bytes,   13914424 total
- age   5:    1139936 bytes,   15054360 total
- age   6:    1114760 bytes,   16169120 total
- age   7:    1188968 bytes,   17358088 total
- age   8:    1545840 bytes,   18903928 total
- age   9:    1085544 bytes,   19989472 total
- age  10:    1073712 bytes,   21063184 total
- age  11:    1102912 bytes,   22166096 total
- age  12:    1109008 bytes,   23275104 total
- age  13:     265864 bytes,   23540968 total
- age  14:       5696 bytes,   23546664 total
- age  15:       5344 bytes,   23552008 total
, 0.0238083 secs]
   [Parallel Time: 9.7 ms, GC Workers: 30]
      [GC Worker Start (ms): Min: 475906.3, Avg: 475906.8, Max: 475907.2, Diff: 0.9]
      [Ext Root Scanning (ms): Min: 0.1, Avg: 0.5, Max: 1.2, Diff: 1.1, Sum: 15.6]
      [Update RS (ms): Min: 1.5, Avg: 1.8, Max: 2.2, Diff: 0.6, Sum: 55.0]
         [Processed Buffers: Min: 2, Avg: 4.0, Max: 11, Diff: 9, Sum: 119]
      [Scan RS (ms): Min: 0.0, Avg: 0.2, Max: 0.4, Diff: 0.4, Sum: 6.4]
      [Code Root Scanning (ms): Min: 0.0, Avg: 0.0, Max: 0.0, Diff: 0.0, Sum: 0.1]
      [Object Copy (ms): Min: 6.0, Avg: 6.2, Max: 6.3, Diff: 0.2, Sum: 185.1]
      [Termination (ms): Min: 0.0, Avg: 0.0, Max: 0.0, Diff: 0.0, Sum: 0.4]
         [Termination Attempts: Min: 1, Avg: 1.0, Max: 2, Diff: 1, Sum: 31]
      [GC Worker Other (ms): Min: 0.0, Avg: 0.2, Max: 0.4, Diff: 0.4, Sum: 6.2]
      [GC Worker Total (ms): Min: 8.4, Avg: 9.0, Max: 9.6, Diff: 1.2, Sum: 268.8]
      [GC Worker End (ms): Min: 475915.6, Avg: 475915.8, Max: 475915.9, Diff: 0.4]
   [Code Root Fixup: 0.0 ms]
   [Code Root Purge: 0.0 ms]
   [Clear CT: 1.6 ms]
   [Other: 12.5 ms]
      [Choose CSet: 0.0 ms]
      [Ref Proc: 7.3 ms]
      [Ref Enq: 1.0 ms]
      [Redirty Cards: 2.2 ms]
      [Humongous Register: 0.3 ms]
      [Humongous Reclaim: 0.1 ms]
      [Free CSet: 1.3 ms]
   [Eden: 4016.0M(4016.0M)->0.0B(4016.0M) Survivors: 36.0M->36.0M Heap: 7032.3M(8192.0M)->3017.0M(8192.0M)]
 [Times: user=0.27 sys=0.02, real=0.03 secs]
2018-04-30T04:35:13.594+0200: 475.930: Total time for which application threads were stopped: 0.0251558 seconds, Stopping threads took: 0.0003389 seconds
2018-04-30T04:35:14.033+0200: 476.369: Application time: 0.4394876 seconds
2018-04-30T04:35:14.034+0200: 476.371: [GC pause (G1 Evacuation Pause) (young)
Desired survivor size 266338304 bytes, new threshold 15 (max 15)
- age   1:   10431272 bytes,   10431272 total
- age   2:    1129240 bytes,   11560512 total
- age   3:    1389056 bytes,   12949568 total
- age   4:    1146232 bytes,   14095800 total
- age   5:    1182688 bytes,   15278488 total
- age   6:    1139160 bytes,   16417648 total
- age   7:    1114440 bytes,   17532088 total
- age   8:    1188712 bytes,   18720800 total
- age   9:    1545520 bytes,   20266320 total
- age  10:    1085416 bytes,   21351736 total
- age  11:    1073456 bytes,   22425192 total
- age  12:    1102848 bytes,   23528040 total
- age  13:     234664 bytes,   23762704 total
- age  14:      14944 bytes,   23777648 total
- age  15:       5696 bytes,   23783344 total
, 0.0261059 secs]
   [Parallel Time: 10.7 ms, GC Workers: 30]
      [GC Worker Start (ms): Min: 476371.2, Avg: 476371.8, Max: 476372.3, Diff: 1.1]
      [Ext Root Scanning (ms): Min: 0.0, Avg: 0.5, Max: 1.2, Diff: 1.2, Sum: 16.2]
      [Update RS (ms): Min: 1.5, Avg: 1.9, Max: 2.2, Diff: 0.7, Sum: 56.1]
         [Processed Buffers: Min: 2, Avg: 3.9, Max: 14, Diff: 12, Sum: 116]
      [Scan RS (ms): Min: 0.0, Avg: 0.2, Max: 0.5, Diff: 0.4, Sum: 6.2]
      [Code Root Scanning (ms): Min: 0.0, Avg: 0.0, Max: 0.0, Diff: 0.0, Sum: 0.1]
      [Object Copy (ms): Min: 6.9, Avg: 7.1, Max: 7.2, Diff: 0.3, Sum: 212.8]
      [Termination (ms): Min: 0.0, Avg: 0.0, Max: 0.0, Diff: 0.0, Sum: 0.3]
         [Termination Attempts: Min: 1, Avg: 1.0, Max: 2, Diff: 1, Sum: 31]
      [GC Worker Other (ms): Min: 0.0, Avg: 0.2, Max: 0.3, Diff: 0.3, Sum: 4.9]
      [GC Worker Total (ms): Min: 9.2, Avg: 9.9, Max: 10.5, Diff: 1.3, Sum: 296.5]
      [GC Worker End (ms): Min: 476381.5, Avg: 476381.6, Max: 476381.8, Diff: 0.3]
   [Code Root Fixup: 0.0 ms]
   [Code Root Purge: 0.0 ms]
   [Clear CT: 2.1 ms]
   [Other: 13.3 ms]
      [Choose CSet: 0.0 ms]
      [Ref Proc: 8.1 ms]
      [Ref Enq: 1.0 ms]
      [Redirty Cards: 2.2 ms]
      [Humongous Register: 0.3 ms]
      [Humongous Reclaim: 0.1 ms]
      [Free CSet: 1.3 ms]
   [Eden: 4016.0M(4016.0M)->0.0B(4016.0M) Survivors: 36.0M->36.0M Heap: 7033.0M(8192.0M)->3018.5M(8192.0M)]
 [Times: user=0.31 sys=0.01, real=0.02 secs]
2018-04-30T04:35:14.061+0200: 476.397: Total time for which application threads were stopped: 0.0276810 seconds, Stopping threads took: 0.0005113 seconds
2018-04-30T04:35:14.499+0200: 476.835: Application time: 0.4382004 seconds
2018-04-30T04:35:14.500+0200: 476.837: [GC pause (G1 Evacuation Pause) (young)
Desired survivor size 266338304 bytes, new threshold 15 (max 15)
- age   1:   12575840 bytes,   12575840 total
- age   2:    1268792 bytes,   13844632 total
- age   3:    1125504 bytes,   14970136 total
- age   4:    1387616 bytes,   16357752 total
- age   5:    1144952 bytes,   17502704 total
- age   6:    1181600 bytes,   18684304 total
- age   7:    1138456 bytes,   19822760 total
- age   8:    1114056 bytes,   20936816 total
- age   9:    1188520 bytes,   22125336 total
- age  10:    1545136 bytes,   23670472 total
- age  11:    1085160 bytes,   24755632 total
- age  12:    1073392 bytes,   25829024 total
- age  13:     174592 bytes,   26003616 total
- age  14:       4688 bytes,   26008304 total
- age  15:      14944 bytes,   26023248 total
, 0.0261452 secs]
   [Parallel Time: 10.7 ms, GC Workers: 30]
      [GC Worker Start (ms): Min: 476837.0, Avg: 476837.5, Max: 476838.0, Diff: 1.0]
      [Ext Root Scanning (ms): Min: 0.0, Avg: 0.5, Max: 1.1, Diff: 1.1, Sum: 15.1]
      [Update RS (ms): Min: 1.6, Avg: 1.9, Max: 2.3, Diff: 0.7, Sum: 55.8]
         [Processed Buffers: Min: 2, Avg: 3.9, Max: 15, Diff: 13, Sum: 116]
      [Scan RS (ms): Min: 0.0, Avg: 0.2, Max: 0.4, Diff: 0.4, Sum: 6.5]
      [Code Root Scanning (ms): Min: 0.0, Avg: 0.0, Max: 0.0, Diff: 0.0, Sum: 0.1]
      [Object Copy (ms): Min: 6.7, Avg: 7.0, Max: 7.1, Diff: 0.4, Sum: 210.2]
      [Termination (ms): Min: 0.0, Avg: 0.0, Max: 0.0, Diff: 0.0, Sum: 0.2]
         [Termination Attempts: Min: 1, Avg: 1.0, Max: 1, Diff: 0, Sum: 30]
      [GC Worker Other (ms): Min: 0.0, Avg: 0.2, Max: 0.4, Diff: 0.3, Sum: 5.6]
      [GC Worker Total (ms): Min: 9.2, Avg: 9.8, Max: 10.4, Diff: 1.2, Sum: 293.4]
      [GC Worker End (ms): Min: 476847.1, Avg: 476847.3, Max: 476847.5, Diff: 0.3]
   [Code Root Fixup: 0.0 ms]
   [Code Root Purge: 0.0 ms]
   [Clear CT: 2.1 ms]
   [Other: 13.3 ms]
      [Choose CSet: 0.0 ms]
      [Ref Proc: 8.0 ms]
      [Ref Enq: 1.2 ms]
      [Redirty Cards: 2.1 ms]
      [Humongous Register: 0.3 ms]
      [Humongous Reclaim: 0.1 ms]
      [Free CSet: 1.4 ms]
   [Eden: 4016.0M(4016.0M)->0.0B(4008.0M) Survivors: 36.0M->40.0M Heap: 7034.5M(8192.0M)->3022.0M(8192.0M)]
 [Times: user=0.31 sys=0.01, real=0.03 secs]
2018-04-30T04:35:14.527+0200: 476.863: Total time for which application threads were stopped: 0.0275831 seconds, Stopping threads took: 0.0003651 seconds
2018-04-30T04:35:14.965+0200: 477.302: Application time: 0.4387980 seconds
2018-04-30T04:35:14.967+0200: 477.303: [GC pause (G1 Evacuation Pause) (young)
Desired survivor size 266338304 bytes, new threshold 15 (max 15)
- age   1:    9789840 bytes,    9789840 total
- age   2:    1854024 bytes,   11643864 total
- age   3:    1264576 bytes,   12908440 total
- age   4:    1124320 bytes,   14032760 total
- age   5:    1386048 bytes,   15418808 total
- age   6:    1143896 bytes,   16562704 total
- age   7:    1181280 bytes,   17743984 total
- age   8:    1137688 bytes,   18881672 total
- age   9:    1113928 bytes,   19995600 total
- age  10:    1188328 bytes,   21183928 total
- age  11:    1545136 bytes,   22729064 total
- age  12:    1085160 bytes,   23814224 total
- age  13:      74472 bytes,   23888696 total
- age  14:       3168 bytes,   23891864 total
- age  15:       4688 bytes,   23896552 total
, 0.0252276 secs]
   [Parallel Time: 10.6 ms, GC Workers: 30]
      [GC Worker Start (ms): Min: 477303.4, Avg: 477303.8, Max: 477304.1, Diff: 0.7]
      [Ext Root Scanning (ms): Min: 0.2, Avg: 0.5, Max: 1.2, Diff: 1.0, Sum: 16.0]
      [Update RS (ms): Min: 1.5, Avg: 1.9, Max: 2.2, Diff: 0.7, Sum: 55.7]
         [Processed Buffers: Min: 2, Avg: 3.8, Max: 17, Diff: 15, Sum: 114]
      [Scan RS (ms): Min: 0.0, Avg: 0.2, Max: 0.4, Diff: 0.4, Sum: 5.5]
      [Code Root Scanning (ms): Min: 0.0, Avg: 0.0, Max: 0.0, Diff: 0.0, Sum: 0.1]
      [Object Copy (ms): Min: 6.8, Avg: 7.0, Max: 7.1, Diff: 0.3, Sum: 210.9]
      [Termination (ms): Min: 0.0, Avg: 0.0, Max: 0.0, Diff: 0.0, Sum: 0.2]
         [Termination Attempts: Min: 1, Avg: 1.0, Max: 1, Diff: 0, Sum: 30]
      [GC Worker Other (ms): Min: 0.0, Avg: 0.2, Max: 0.3, Diff: 0.3, Sum: 4.8]
      [GC Worker Total (ms): Min: 9.4, Avg: 9.8, Max: 10.3, Diff: 0.9, Sum: 293.2]
      [GC Worker End (ms): Min: 477313.4, Avg: 477313.6, Max: 477313.7, Diff: 0.3]
   [Code Root Fixup: 0.0 ms]
   [Code Root Purge: 0.0 ms]
   [Clear CT: 1.6 ms]
   [Other: 13.0 ms]
      [Choose CSet: 0.0 ms]
      [Ref Proc: 7.7 ms]
      [Ref Enq: 1.0 ms]
      [Redirty Cards: 1.8 ms]
      [Humongous Register: 0.3 ms]
      [Humongous Reclaim: 0.1 ms]
      [Free CSet: 1.7 ms]
   [Eden: 4008.0M(4008.0M)->0.0B(4016.0M) Survivors: 40.0M->36.0M Heap: 7030.0M(8192.0M)->3017.1M(8192.0M)]
 [Times: user=0.31 sys=0.01, real=0.03 secs]
2018-04-30T04:35:14.992+0200: 477.328: Total time for which application threads were stopped: 0.0267071 seconds, Stopping threads took: 0.0003807 seconds
2018-04-30T04:35:15.418+0200: 477.755: Application time: 0.4261560 seconds
2018-04-30T04:35:15.420+0200: 477.756: [GC pause (G1 Evacuation Pause) (young)
Desired survivor size 266338304 bytes, new threshold 15 (max 15)
- age   1:   12319208 bytes,   12319208 total
- age   2:    1204024 bytes,   13523232 total
- age   3:    1816328 bytes,   15339560 total
- age   4:    1133600 bytes,   16473160 total
- age   5:    1111104 bytes,   17584264 total
- age   6:    1126296 bytes,   18710560 total
- age   7:    1143128 bytes,   19853688 total
- age   8:    1180704 bytes,   21034392 total
- age   9:    1136600 bytes,   22170992 total
- age  10:    1107912 bytes,   23278904 total
- age  11:    1163144 bytes,   24442048 total
- age  12:    1095824 bytes,   25537872 total
- age  13:      42528 bytes,   25580400 total
- age  14:       5120 bytes,   25585520 total
- age  15:       3168 bytes,   25588688 total
, 0.0259200 secs]
   [Parallel Time: 10.5 ms, GC Workers: 30]
      [GC Worker Start (ms): Min: 477756.3, Avg: 477756.9, Max: 477757.5, Diff: 1.2]
      [Ext Root Scanning (ms): Min: 0.0, Avg: 0.4, Max: 1.3, Diff: 1.3, Sum: 13.2]
      [Update RS (ms): Min: 1.4, Avg: 1.9, Max: 2.2, Diff: 0.8, Sum: 56.0]
         [Processed Buffers: Min: 2, Avg: 3.8, Max: 17, Diff: 15, Sum: 115]
      [Scan RS (ms): Min: 0.0, Avg: 0.2, Max: 0.5, Diff: 0.4, Sum: 5.8]
      [Code Root Scanning (ms): Min: 0.0, Avg: 0.0, Max: 0.0, Diff: 0.0, Sum: 0.1]
      [Object Copy (ms): Min: 6.9, Avg: 7.0, Max: 7.1, Diff: 0.3, Sum: 210.4]
      [Termination (ms): Min: 0.0, Avg: 0.0, Max: 0.0, Diff: 0.0, Sum: 0.2]
         [Termination Attempts: Min: 1, Avg: 1.0, Max: 1, Diff: 0, Sum: 30]
      [GC Worker Other (ms): Min: 0.0, Avg: 0.2, Max: 0.3, Diff: 0.3, Sum: 5.0]
      [GC Worker Total (ms): Min: 9.0, Avg: 9.7, Max: 10.4, Diff: 1.4, Sum: 290.8]
      [GC Worker End (ms): Min: 477766.4, Avg: 477766.6, Max: 477766.8, Diff: 0.3]
   [Code Root Fixup: 0.0 ms]
   [Code Root Purge: 0.0 ms]
   [Clear CT: 1.8 ms]
   [Other: 13.6 ms]
      [Choose CSet: 0.0 ms]
      [Ref Proc: 8.1 ms]
      [Ref Enq: 1.2 ms]
      [Redirty Cards: 2.4 ms]
      [Humongous Register: 0.3 ms]
      [Humongous Reclaim: 0.1 ms]
      [Free CSet: 1.3 ms]
   [Eden: 4016.0M(4016.0M)->0.0B(4000.0M) Survivors: 36.0M->44.0M Heap: 7033.1M(8192.0M)->3025.2M(8192.0M)]
 [Times: user=0.30 sys=0.00, real=0.03 secs]
2018-04-30T04:35:15.446+0200: 477.782: Total time for which application threads were stopped: 0.0274521 seconds, Stopping threads took: 0.0004354 seconds
2018-04-30T04:35:15.889+0200: 478.225: Application time: 0.4431244 seconds
2018-04-30T04:35:15.890+0200: 478.226: [GC pause (G1 Evacuation Pause) (young)
Desired survivor size 266338304 bytes, new threshold 15 (max 15)
- age   1:   12717416 bytes,   12717416 total
- age   2:    1133104 bytes,   13850520 total
- age   3:    1199192 bytes,   15049712 total
- age   4:    1814408 bytes,   16864120 total
- age   5:    1131288 bytes,   17995408 total
- age   6:    1109280 bytes,   19104688 total
- age   7:    1124312 bytes,   20229000 total
- age   8:    1142232 bytes,   21371232 total
- age   9:    1179792 bytes,   22551024 total
- age  10:    1135896 bytes,   23686920 total
- age  11:    1107272 bytes,   24794192 total
- age  12:    1058984 bytes,   25853176 total
- age  13:       6568 bytes,   25859744 total
- age  14:       5808 bytes,   25865552 total
- age  15:       5056 bytes,   25870608 total
, 0.0254686 secs]
   [Parallel Time: 10.6 ms, GC Workers: 30]
      [GC Worker Start (ms): Min: 478226.7, Avg: 478227.3, Max: 478227.8, Diff: 1.2]
      [Ext Root Scanning (ms): Min: 0.0, Avg: 0.4, Max: 1.2, Diff: 1.2, Sum: 13.5]
      [Update RS (ms): Min: 1.5, Avg: 1.8, Max: 2.2, Diff: 0.7, Sum: 55.2]
         [Processed Buffers: Min: 2, Avg: 3.8, Max: 11, Diff: 9, Sum: 113]
      [Scan RS (ms): Min: 0.0, Avg: 0.2, Max: 0.5, Diff: 0.5, Sum: 6.5]
      [Code Root Scanning (ms): Min: 0.0, Avg: 0.0, Max: 0.0, Diff: 0.0, Sum: 0.1]
      [Object Copy (ms): Min: 6.8, Avg: 7.0, Max: 7.1, Diff: 0.3, Sum: 210.6]
      [Termination (ms): Min: 0.0, Avg: 0.0, Max: 0.0, Diff: 0.0, Sum: 0.2]
         [Termination Attempts: Min: 1, Avg: 1.0, Max: 1, Diff: 0, Sum: 30]
      [GC Worker Other (ms): Min: 0.0, Avg: 0.2, Max: 0.3, Diff: 0.3, Sum: 5.0]
      [GC Worker Total (ms): Min: 9.1, Avg: 9.7, Max: 10.5, Diff: 1.4, Sum: 291.0]
      [GC Worker End (ms): Min: 478236.9, Avg: 478237.0, Max: 478237.2, Diff: 0.3]
   [Code Root Fixup: 0.0 ms]
   [Code Root Purge: 0.0 ms]
   [Clear CT: 1.8 ms]
   [Other: 13.1 ms]
      [Choose CSet: 0.0 ms]
      [Ref Proc: 7.8 ms]
      [Ref Enq: 0.9 ms]
      [Redirty Cards: 2.6 ms]
      [Humongous Register: 0.3 ms]
      [Humongous Reclaim: 0.1 ms]
      [Free CSet: 1.2 ms]
   [Eden: 4000.0M(4000.0M)->0.0B(4000.0M) Survivors: 44.0M->44.0M Heap: 7025.2M(8192.0M)->3025.3M(8192.0M)]
 [Times: user=0.30 sys=0.01, real=0.03 secs]
2018-04-30T04:35:15.916+0200: 478.252: Total time for which application threads were stopped: 0.0267588 seconds, Stopping threads took: 0.0002799 seconds
2018-04-30T04:35:16.343+0200: 478.680: Application time: 0.4276988 seconds
2018-04-30T04:35:16.345+0200: 478.681: [GC pause (G1 Evacuation Pause) (young)
Desired survivor size 266338304 bytes, new threshold 15 (max 15)
- age   1:   10607144 bytes,   10607144 total
- age   2:    2995592 bytes,   13602736 total
- age   3:    1130232 bytes,   14732968 total
- age   4:    1198264 bytes,   15931232 total
- age   5:    1813256 bytes,   17744488 total
- age   6:    1130328 bytes,   18874816 total
- age   7:    1108832 bytes,   19983648 total
- age   8:    1123672 bytes,   21107320 total
- age   9:    1142168 bytes,   22249488 total
- age  10:    1179536 bytes,   23429024 total
- age  11:    1135368 bytes,   24564392 total
- age  12:     953120 bytes,   25517512 total
- age  13:       5800 bytes,   25523312 total
- age  14:       6568 bytes,   25529880 total
- age  15:       5808 bytes,   25535688 total
, 0.0281287 secs]
   [Parallel Time: 11.1 ms, GC Workers: 30]
      [GC Worker Start (ms): Min: 478681.5, Avg: 478682.1, Max: 478682.6, Diff: 1.2]
      [Ext Root Scanning (ms): Min: 0.0, Avg: 0.5, Max: 1.2, Diff: 1.2, Sum: 15.9]
      [Update RS (ms): Min: 1.6, Avg: 1.9, Max: 2.3, Diff: 0.7, Sum: 57.0]
         [Processed Buffers: Min: 2, Avg: 3.8, Max: 10, Diff: 8, Sum: 113]
      [Scan RS (ms): Min: 0.0, Avg: 0.2, Max: 0.5, Diff: 0.4, Sum: 7.2]
      [Code Root Scanning (ms): Min: 0.0, Avg: 0.0, Max: 0.0, Diff: 0.0, Sum: 0.1]
      [Object Copy (ms): Min: 7.2, Avg: 7.4, Max: 7.5, Diff: 0.3, Sum: 221.7]
      [Termination (ms): Min: 0.0, Avg: 0.0, Max: 0.0, Diff: 0.0, Sum: 0.2]
         [Termination Attempts: Min: 1, Avg: 1.0, Max: 1, Diff: 0, Sum: 30]
      [GC Worker Other (ms): Min: 0.0, Avg: 0.2, Max: 0.3, Diff: 0.3, Sum: 4.7]
      [GC Worker Total (ms): Min: 9.6, Avg: 10.2, Max: 10.8, Diff: 1.2, Sum: 306.8]
      [GC Worker End (ms): Min: 478692.1, Avg: 478692.3, Max: 478692.4, Diff: 0.3]
   [Code Root Fixup: 0.0 ms]
   [Code Root Purge: 0.0 ms]
   [Clear CT: 1.8 ms]
   [Other: 15.3 ms]
      [Choose CSet: 0.0 ms]
      [Ref Proc: 8.9 ms]
      [Ref Enq: 1.3 ms]
      [Redirty Cards: 3.1 ms]
      [Humongous Register: 0.3 ms]
      [Humongous Reclaim: 0.1 ms]
      [Free CSet: 1.3 ms]
   [Eden: 4000.0M(4000.0M)->0.0B(4000.0M) Survivors: 44.0M->44.0M Heap: 7025.3M(8192.0M)->3025.3M(8192.0M)]
 [Times: user=0.33 sys=0.00, real=0.03 secs]
2018-04-30T04:35:16.373+0200: 478.709: Total time for which application threads were stopped: 0.0296971 seconds, Stopping threads took: 0.0004053 seconds
2018-04-30T04:35:16.809+0200: 479.146: Application time: 0.4362405 seconds
2018-04-30T04:35:16.810+0200: 479.147: [GC pause (G1 Evacuation Pause) (young)
Desired survivor size 266338304 bytes, new threshold 15 (max 15)
- age   1:   10787488 bytes,   10787488 total
- age   2:    1227824 bytes,   12015312 total
- age   3:    2992136 bytes,   15007448 total
- age   4:    1128536 bytes,   16135984 total
- age   5:    1196696 bytes,   17332680 total
- age   6:    1811080 bytes,   19143760 total
- age   7:    1129624 bytes,   20273384 total
- age   8:    1108128 bytes,   21381512 total
- age   9:    1122008 bytes,   22503520 total
- age  10:    1141912 bytes,   23645432 total
- age  11:    1179408 bytes,   24824840 total
- age  12:     825840 bytes,   25650680 total
- age  13:       1664 bytes,   25652344 total
- age  14:       5736 bytes,   25658080 total
- age  15:       6568 bytes,   25664648 total
, 0.0262958 secs]
   [Parallel Time: 10.5 ms, GC Workers: 30]
      [GC Worker Start (ms): Min: 479147.2, Avg: 479147.7, Max: 479148.2, Diff: 1.0]
      [Ext Root Scanning (ms): Min: 0.0, Avg: 0.5, Max: 1.2, Diff: 1.2, Sum: 14.0]
      [Update RS (ms): Min: 1.5, Avg: 1.9, Max: 2.2, Diff: 0.7, Sum: 56.2]
         [Processed Buffers: Min: 1, Avg: 3.7, Max: 13, Diff: 12, Sum: 111]
      [Scan RS (ms): Min: 0.0, Avg: 0.2, Max: 0.5, Diff: 0.5, Sum: 5.8]
      [Code Root Scanning (ms): Min: 0.0, Avg: 0.0, Max: 0.0, Diff: 0.0, Sum: 0.1]
      [Object Copy (ms): Min: 6.7, Avg: 6.9, Max: 7.0, Diff: 0.3, Sum: 206.7]
      [Termination (ms): Min: 0.0, Avg: 0.0, Max: 0.0, Diff: 0.0, Sum: 0.2]
         [Termination Attempts: Min: 1, Avg: 1.0, Max: 1, Diff: 0, Sum: 30]
      [GC Worker Other (ms): Min: 0.0, Avg: 0.2, Max: 0.3, Diff: 0.3, Sum: 4.6]
      [GC Worker Total (ms): Min: 9.1, Avg: 9.6, Max: 10.1, Diff: 1.1, Sum: 287.6]
      [GC Worker End (ms): Min: 479157.2, Avg: 479157.3, Max: 479157.5, Diff: 0.3]
   [Code Root Fixup: 0.0 ms]
   [Code Root Purge: 0.0 ms]
   [Clear CT: 2.1 ms]
   [Other: 13.6 ms]
      [Choose CSet: 0.0 ms]
      [Ref Proc: 7.6 ms]
      [Ref Enq: 1.1 ms]
      [Redirty Cards: 2.9 ms]
      [Humongous Register: 0.3 ms]
      [Humongous Reclaim: 0.1 ms]
      [Free CSet: 1.3 ms]
   [Eden: 4000.0M(4000.0M)->0.0B(4000.0M) Survivors: 44.0M->44.0M Heap: 7025.3M(8192.0M)->3024.5M(8192.0M)]
 [Times: user=0.31 sys=0.00, real=0.03 secs]
2018-04-30T04:35:16.837+0200: 479.173: Total time for which application threads were stopped: 0.0277298 seconds, Stopping threads took: 0.0003475 seconds
2018-04-30T04:35:17.266+0200: 479.603: Application time: 0.4292519 seconds
2018-04-30T04:35:17.267+0200: 479.604: [GC pause (G1 Evacuation Pause) (young)
Desired survivor size 266338304 bytes, new threshold 15 (max 15)
- age   1:   10748232 bytes,   10748232 total
- age   2:    1421488 bytes,   12169720 total
- age   3:    1225280 bytes,   13395000 total
- age   4:    2990376 bytes,   16385376 total
- age   5:    1127000 bytes,   17512376 total
- age   6:    1195544 bytes,   18707920 total
- age   7:    1809616 bytes,   20517536 total
- age   8:    1128856 bytes,   21646392 total
- age   9:    1107488 bytes,   22753880 total
- age  10:    1121368 bytes,   23875248 total
- age  11:    1141784 bytes,   25017032 total
- age  12:     815072 bytes,   25832104 total
- age  13:       6176 bytes,   25838280 total
- age  14:       1664 bytes,   25839944 total
- age  15:       5736 bytes,   25845680 total
, 0.0256528 secs]
   [Parallel Time: 10.8 ms, GC Workers: 30]
      [GC Worker Start (ms): Min: 479604.3, Avg: 479604.7, Max: 479605.2, Diff: 0.9]
      [Ext Root Scanning (ms): Min: 0.0, Avg: 0.5, Max: 1.2, Diff: 1.2, Sum: 14.4]
      [Update RS (ms): Min: 1.6, Avg: 1.8, Max: 2.3, Diff: 0.7, Sum: 54.0]
         [Processed Buffers: Min: 2, Avg: 3.8, Max: 17, Diff: 15, Sum: 115]
      [Scan RS (ms): Min: 0.0, Avg: 0.2, Max: 0.5, Diff: 0.4, Sum: 6.6]
      [Code Root Scanning (ms): Min: 0.0, Avg: 0.0, Max: 0.0, Diff: 0.0, Sum: 0.1]
      [Object Copy (ms): Min: 7.1, Avg: 7.4, Max: 7.5, Diff: 0.4, Sum: 222.3]
      [Termination (ms): Min: 0.0, Avg: 0.0, Max: 0.0, Diff: 0.0, Sum: 0.3]
         [Termination Attempts: Min: 1, Avg: 1.0, Max: 1, Diff: 0, Sum: 30]
      [GC Worker Other (ms): Min: 0.0, Avg: 0.2, Max: 0.3, Diff: 0.3, Sum: 4.6]
      [GC Worker Total (ms): Min: 9.4, Avg: 10.1, Max: 10.6, Diff: 1.1, Sum: 302.4]
      [GC Worker End (ms): Min: 479614.6, Avg: 479614.8, Max: 479614.9, Diff: 0.3]
   [Code Root Fixup: 0.0 ms]
   [Code Root Purge: 0.0 ms]
   [Clear CT: 1.8 ms]
   [Other: 13.1 ms]
      [Choose CSet: 0.0 ms]
      [Ref Proc: 7.9 ms]
      [Ref Enq: 1.2 ms]
      [Redirty Cards: 2.2 ms]
      [Humongous Register: 0.3 ms]
      [Humongous Reclaim: 0.1 ms]
      [Free CSet: 1.3 ms]
   [Eden: 4000.0M(4000.0M)->0.0B(4000.0M) Survivors: 44.0M->44.0M Heap: 7024.5M(8192.0M)->3025.3M(8192.0M)]
 [Times: user=0.32 sys=0.00, real=0.03 secs]
2018-04-30T04:35:17.293+0200: 479.630: Total time for which application threads were stopped: 0.0271448 seconds, Stopping threads took: 0.0004401 seconds
2018-04-30T04:35:17.726+0200: 480.062: Application time: 0.4324141 seconds
2018-04-30T04:35:17.727+0200: 480.063: [GC pause (G1 Evacuation Pause) (young)
Desired survivor size 266338304 bytes, new threshold 15 (max 15)
- age   1:   12263712 bytes,   12263712 total
- age   2:    1200768 bytes,   13464480 total
- age   3:    1272544 bytes,   14737024 total
- age   4:    1223232 bytes,   15960256 total
- age   5:    2989128 bytes,   18949384 total
- age   6:    1126168 bytes,   20075552 total
- age   7:    1194904 bytes,   21270456 total
- age   8:    1809296 bytes,   23079752 total
- age   9:    1128600 bytes,   24208352 total
- age  10:    1107088 bytes,   25315440 total
- age  11:    1120984 bytes,   26436424 total
- age  12:     785808 bytes,   27222232 total
- age  13:       7920 bytes,   27230152 total
- age  14:       6048 bytes,   27236200 total
- age  15:       1600 bytes,   27237800 total
, 0.0270367 secs]
   [Parallel Time: 10.6 ms, GC Workers: 30]
      [GC Worker Start (ms): Min: 480064.0, Avg: 480064.4, Max: 480064.8, Diff: 0.9]
      [Ext Root Scanning (ms): Min: 0.1, Avg: 0.6, Max: 1.3, Diff: 1.2, Sum: 17.4]
      [Update RS (ms): Min: 1.4, Avg: 1.8, Max: 2.2, Diff: 0.8, Sum: 54.8]
         [Processed Buffers: Min: 1, Avg: 3.8, Max: 13, Diff: 12, Sum: 114]
      [Scan RS (ms): Min: 0.0, Avg: 0.2, Max: 0.4, Diff: 0.4, Sum: 6.2]
      [Code Root Scanning (ms): Min: 0.0, Avg: 0.0, Max: 0.0, Diff: 0.0, Sum: 0.1]
      [Object Copy (ms): Min: 7.0, Avg: 7.2, Max: 7.4, Diff: 0.4, Sum: 215.2]
      [Termination (ms): Min: 0.0, Avg: 0.0, Max: 0.0, Diff: 0.0, Sum: 0.3]
         [Termination Attempts: Min: 1, Avg: 1.0, Max: 1, Diff: 0, Sum: 30]
      [GC Worker Other (ms): Min: 0.0, Avg: 0.2, Max: 0.4, Diff: 0.3, Sum: 5.1]
      [GC Worker Total (ms): Min: 9.4, Avg: 10.0, Max: 10.4, Diff: 1.1, Sum: 299.1]
      [GC Worker End (ms): Min: 480074.2, Avg: 480074.3, Max: 480074.5, Diff: 0.3]
   [Code Root Fixup: 0.0 ms]
   [Code Root Purge: 0.0 ms]
   [Clear CT: 2.4 ms]
   [Other: 14.0 ms]
      [Choose CSet: 0.0 ms]
      [Ref Proc: 8.2 ms]
      [Ref Enq: 1.1 ms]
      [Redirty Cards: 2.8 ms]
      [Humongous Register: 0.3 ms]
      [Humongous Reclaim: 0.1 ms]
      [Free CSet: 1.3 ms]
   [Eden: 4000.0M(4000.0M)->0.0B(4000.0M) Survivors: 44.0M->44.0M Heap: 7025.3M(8192.0M)->3026.3M(8192.0M)]
 [Times: user=0.32 sys=0.00, real=0.03 secs]
2018-04-30T04:35:17.754+0200: 480.091: Total time for which application threads were stopped: 0.0286472 seconds, Stopping threads took: 0.0004983 seconds
2018-04-30T04:35:18.196+0200: 480.533: Application time: 0.4418539 seconds
2018-04-30T04:35:18.198+0200: 480.534: [GC pause (G1 Evacuation Pause) (young)
Desired survivor size 266338304 bytes, new threshold 15 (max 15)
- age   1:   13666072 bytes,   13666072 total
- age   2:    1422760 bytes,   15088832 total
- age   3:    1196192 bytes,   16285024 total
- age   4:    1269952 bytes,   17554976 total
- age   5:    1221376 bytes,   18776352 total
- age   6:    2988480 bytes,   21764832 total
- age   7:    1125784 bytes,   22890616 total
- age   8:    1194264 bytes,   24084880 total
- age   9:    1808960 bytes,   25893840 total
- age  10:    1128408 bytes,   27022248 total
- age  11:    1106752 bytes,   28129000 total
- age  12:     688112 bytes,   28817112 total
- age  13:       2384 bytes,   28819496 total
- age  14:       7920 bytes,   28827416 total
- age  15:       5328 bytes,   28832744 total
, 0.0269318 secs]
   [Parallel Time: 10.9 ms, GC Workers: 30]
      [GC Worker Start (ms): Min: 480534.3, Avg: 480534.7, Max: 480535.1, Diff: 0.8]
      [Ext Root Scanning (ms): Min: 0.1, Avg: 0.5, Max: 1.2, Diff: 1.1, Sum: 16.0]
      [Update RS (ms): Min: 1.4, Avg: 1.9, Max: 2.3, Diff: 0.9, Sum: 56.4]
         [Processed Buffers: Min: 2, Avg: 3.7, Max: 12, Diff: 10, Sum: 112]
      [Scan RS (ms): Min: 0.0, Avg: 0.2, Max: 0.4, Diff: 0.4, Sum: 6.8]
      [Code Root Scanning (ms): Min: 0.0, Avg: 0.0, Max: 0.0, Diff: 0.0, Sum: 0.1]
      [Object Copy (ms): Min: 7.0, Avg: 7.3, Max: 7.4, Diff: 0.4, Sum: 218.5]
      [Termination (ms): Min: 0.0, Avg: 0.0, Max: 0.0, Diff: 0.0, Sum: 0.2]
         [Termination Attempts: Min: 1, Avg: 1.0, Max: 1, Diff: 0, Sum: 30]
      [GC Worker Other (ms): Min: 0.0, Avg: 0.2, Max: 0.3, Diff: 0.3, Sum: 5.2]
      [GC Worker Total (ms): Min: 9.6, Avg: 10.1, Max: 10.7, Diff: 1.1, Sum: 303.2]
      [GC Worker End (ms): Min: 480544.7, Avg: 480544.8, Max: 480545.0, Diff: 0.3]
   [Code Root Fixup: 0.0 ms]
   [Code Root Purge: 0.0 ms]
   [Clear CT: 2.4 ms]
   [Other: 13.6 ms]
      [Choose CSet: 0.0 ms]
      [Ref Proc: 8.0 ms]
      [Ref Enq: 1.1 ms]
      [Redirty Cards: 2.5 ms]
      [Humongous Register: 0.3 ms]
      [Humongous Reclaim: 0.1 ms]
      [Free CSet: 1.4 ms]
   [Eden: 4000.0M(4000.0M)->0.0B(4008.0M) Survivors: 44.0M->40.0M Heap: 7026.3M(8192.0M)->3021.6M(8192.0M)]
 [Times: user=0.33 sys=0.00, real=0.03 secs]
2018-04-30T04:35:18.225+0200: 480.561: Total time for which application threads were stopped: 0.0284121 seconds, Stopping threads took: 0.0003913 seconds
2018-04-30T04:35:18.671+0200: 481.007: Application time: 0.4463318 seconds
2018-04-30T04:35:18.672+0200: 481.009: [GC pause (G1 Evacuation Pause) (young)
Desired survivor size 266338304 bytes, new threshold 15 (max 15)
- age   1:   11094592 bytes,   11094592 total
- age   2:    1267032 bytes,   12361624 total
- age   3:    1418704 bytes,   13780328 total
- age   4:    1194464 bytes,   14974792 total
- age   5:    1269088 bytes,   16243880 total
- age   6:    1220480 bytes,   17464360 total
- age   7:    2987840 bytes,   20452200 total
- age   8:    1124936 bytes,   21577136 total
- age   9:    1193880 bytes,   22771016 total
- age  10:    1808896 bytes,   24579912 total
- age  11:    1128216 bytes,   25708128 total
- age  12:     597848 bytes,   26305976 total
- age  13:       9208 bytes,   26315184 total
- age  14:       2384 bytes,   26317568 total
- age  15:       7856 bytes,   26325424 total
, 0.0263311 secs]
   [Parallel Time: 9.9 ms, GC Workers: 30]
      [GC Worker Start (ms): Min: 481009.2, Avg: 481009.8, Max: 481010.3, Diff: 1.1]
      [Ext Root Scanning (ms): Min: 0.1, Avg: 0.5, Max: 1.3, Diff: 1.2, Sum: 16.5]
      [Update RS (ms): Min: 1.6, Avg: 2.0, Max: 2.4, Diff: 0.8, Sum: 59.9]
         [Processed Buffers: Min: 2, Avg: 3.9, Max: 22, Diff: 20, Sum: 116]
      [Scan RS (ms): Min: 0.0, Avg: 0.2, Max: 0.5, Diff: 0.4, Sum: 6.0]
      [Code Root Scanning (ms): Min: 0.0, Avg: 0.0, Max: 0.0, Diff: 0.0, Sum: 0.1]
      [Object Copy (ms): Min: 5.8, Avg: 6.1, Max: 6.2, Diff: 0.4, Sum: 181.9]
      [Termination (ms): Min: 0.0, Avg: 0.0, Max: 0.0, Diff: 0.0, Sum: 0.3]
         [Termination Attempts: Min: 1, Avg: 1.0, Max: 1, Diff: 0, Sum: 30]
      [GC Worker Other (ms): Min: 0.0, Avg: 0.2, Max: 0.3, Diff: 0.3, Sum: 4.9]
      [GC Worker Total (ms): Min: 8.4, Avg: 9.0, Max: 9.7, Diff: 1.3, Sum: 269.5]
      [GC Worker End (ms): Min: 481018.7, Avg: 481018.8, Max: 481019.0, Diff: 0.3]
   [Code Root Fixup: 0.0 ms]
   [Code Root Purge: 0.0 ms]
   [Clear CT: 2.1 ms]
   [Other: 14.3 ms]
      [Choose CSet: 0.0 ms]
      [Ref Proc: 8.6 ms]
      [Ref Enq: 1.3 ms]
      [Redirty Cards: 2.3 ms]
      [Humongous Register: 0.3 ms]
      [Humongous Reclaim: 0.1 ms]
      [Free CSet: 1.4 ms]
   [Eden: 4008.0M(4008.0M)->0.0B(4008.0M) Survivors: 40.0M->40.0M Heap: 7029.6M(8192.0M)->3022.3M(8192.0M)]
 [Times: user=0.28 sys=0.00, real=0.02 secs]
2018-04-30T04:35:18.699+0200: 481.035: Total time for which application threads were stopped: 0.0279060 seconds, Stopping threads took: 0.0004187 seconds
2018-04-30T04:35:19.132+0200: 481.468: Application time: 0.4328051 seconds
2018-04-30T04:35:19.133+0200: 481.469: [GC pause (G1 Evacuation Pause) (young)
Desired survivor size 266338304 bytes, new threshold 15 (max 15)
- age   1:    8716608 bytes,    8716608 total
- age   2:    1216664 bytes,    9933272 total
- age   3:    1263264 bytes,   11196536 total
- age   4:    1415664 bytes,   12612200 total
- age   5:    1193568 bytes,   13805768 total
- age   6:    1268512 bytes,   15074280 total
- age   7:    1220224 bytes,   16294504 total
- age   8:    2986936 bytes,   19281440 total
- age   9:    1124488 bytes,   20405928 total
- age  10:    1193688 bytes,   21599616 total
- age  11:    1808832 bytes,   23408448 total
- age  12:     461624 bytes,   23870072 total
- age  13:       7344 bytes,   23877416 total
- age  14:       9208 bytes,   23886624 total
- age  15:       2384 bytes,   23889008 total
, 0.0271225 secs]
   [Parallel Time: 11.2 ms, GC Workers: 30]
      [GC Worker Start (ms): Min: 481469.9, Avg: 481470.4, Max: 481471.0, Diff: 1.1]
      [Ext Root Scanning (ms): Min: 0.0, Avg: 0.5, Max: 1.3, Diff: 1.3, Sum: 14.6]
      [Update RS (ms): Min: 1.6, Avg: 1.9, Max: 2.3, Diff: 0.7, Sum: 57.5]
         [Processed Buffers: Min: 2, Avg: 3.8, Max: 11, Diff: 9, Sum: 113]
      [Scan RS (ms): Min: 0.0, Avg: 0.2, Max: 0.5, Diff: 0.4, Sum: 6.0]
      [Code Root Scanning (ms): Min: 0.0, Avg: 0.0, Max: 0.0, Diff: 0.0, Sum: 0.1]
      [Object Copy (ms): Min: 7.1, Avg: 7.4, Max: 7.5, Diff: 0.4, Sum: 222.6]
      [Termination (ms): Min: 0.0, Avg: 0.0, Max: 0.0, Diff: 0.0, Sum: 0.2]
         [Termination Attempts: Min: 1, Avg: 1.0, Max: 1, Diff: 0, Sum: 30]
      [GC Worker Other (ms): Min: 0.0, Avg: 0.2, Max: 0.3, Diff: 0.3, Sum: 5.0]
      [GC Worker Total (ms): Min: 9.5, Avg: 10.2, Max: 10.7, Diff: 1.1, Sum: 305.9]
      [GC Worker End (ms): Min: 481480.4, Avg: 481480.6, Max: 481480.8, Diff: 0.3]
   [Code Root Fixup: 0.0 ms]
   [Code Root Purge: 0.0 ms]
   [Clear CT: 2.4 ms]
   [Other: 13.5 ms]
      [Choose CSet: 0.0 ms]
      [Ref Proc: 8.0 ms]
      [Ref Enq: 1.1 ms]
      [Redirty Cards: 2.6 ms]
      [Humongous Register: 0.3 ms]
      [Humongous Reclaim: 0.1 ms]
      [Free CSet: 1.3 ms]
   [Eden: 4008.0M(4008.0M)->0.0B(4008.0M) Survivors: 40.0M->40.0M Heap: 7030.3M(8192.0M)->3019.7M(8192.0M)]
 [Times: user=0.33 sys=0.00, real=0.02 secs]
2018-04-30T04:35:19.160+0200: 481.497: Total time for which application threads were stopped: 0.0286152 seconds, Stopping threads took: 0.0003823 seconds
2018-04-30T04:35:19.676+0200: 482.013: Application time: 0.5160250 seconds
2018-04-30T04:35:19.678+0200: 482.014: [GC pause (G1 Evacuation Pause) (young)
Desired survivor size 266338304 bytes, new threshold 15 (max 15)
- age   1:   11417832 bytes,   11417832 total
- age   2:    1420304 bytes,   12838136 total
- age   3:    1212704 bytes,   14050840 total
- age   4:    1261968 bytes,   15312808 total
- age   5:    1414160 bytes,   16726968 total
- age   6:    1192992 bytes,   17919960 total
- age   7:    1267360 bytes,   19187320 total
- age   8:    1220096 bytes,   20407416 total
- age   9:    2986232 bytes,   23393648 total
- age  10:    1124360 bytes,   24518008 total
- age  11:    1193432 bytes,   25711440 total
- age  12:    1051112 bytes,   26762552 total
- age  13:       2760 bytes,   26765312 total
- age  14:       7216 bytes,   26772528 total
- age  15:       8872 bytes,   26781400 total
, 0.0263052 secs]
   [Parallel Time: 11.4 ms, GC Workers: 30]
      [GC Worker Start (ms): Min: 482014.6, Avg: 482015.2, Max: 482015.7, Diff: 1.1]
      [Ext Root Scanning (ms): Min: 0.0, Avg: 0.5, Max: 1.2, Diff: 1.2, Sum: 14.0]
      [Update RS (ms): Min: 1.6, Avg: 1.9, Max: 2.2, Diff: 0.6, Sum: 57.4]
         [Processed Buffers: Min: 2, Avg: 3.8, Max: 12, Diff: 10, Sum: 114]
      [Scan RS (ms): Min: 0.0, Avg: 0.2, Max: 0.4, Diff: 0.4, Sum: 6.1]
      [Code Root Scanning (ms): Min: 0.0, Avg: 0.0, Max: 0.0, Diff: 0.0, Sum: 0.1]
      [Object Copy (ms): Min: 7.5, Avg: 7.6, Max: 7.8, Diff: 0.3, Sum: 228.5]
      [Termination (ms): Min: 0.0, Avg: 0.0, Max: 0.0, Diff: 0.0, Sum: 0.2]
         [Termination Attempts: Min: 1, Avg: 1.0, Max: 1, Diff: 0, Sum: 30]
      [GC Worker Other (ms): Min: 0.0, Avg: 0.2, Max: 0.3, Diff: 0.3, Sum: 5.1]
      [GC Worker Total (ms): Min: 9.7, Avg: 10.4, Max: 11.0, Diff: 1.2, Sum: 311.3]
      [GC Worker End (ms): Min: 482025.4, Avg: 482025.6, Max: 482025.7, Diff: 0.3]
   [Code Root Fixup: 0.0 ms]
   [Code Root Purge: 0.0 ms]
   [Clear CT: 1.7 ms]
   [Other: 13.2 ms]
      [Choose CSet: 0.0 ms]
      [Ref Proc: 8.4 ms]
      [Ref Enq: 1.1 ms]
      [Redirty Cards: 1.7 ms]
      [Humongous Register: 0.3 ms]
      [Humongous Reclaim: 0.1 ms]
      [Free CSet: 1.4 ms]
   [Eden: 4008.0M(4008.0M)->0.0B(4000.0M) Survivors: 40.0M->44.0M Heap: 7027.7M(8192.0M)->3026.2M(8192.0M)]
 [Times: user=0.33 sys=0.00, real=0.03 secs]
2018-04-30T04:35:19.704+0200: 482.041: Total time for which application threads were stopped: 0.0279189 seconds, Stopping threads took: 0.0004975 seconds
2018-04-30T04:35:20.144+0200: 482.481: Application time: 0.4399476 seconds
2018-04-30T04:35:20.146+0200: 482.482: [GC pause (G1 Evacuation Pause) (young)
Desired survivor size 266338304 bytes, new threshold 15 (max 15)
- age   1:   12369704 bytes,   12369704 total
- age   2:    1250608 bytes,   13620312 total
- age   3:    1415976 bytes,   15036288 total
- age   4:    1209984 bytes,   16246272 total
- age   5:    1260088 bytes,   17506360 total
- age   6:    1413200 bytes,   18919560 total
- age   7:    1192352 bytes,   20111912 total
- age   8:    1266720 bytes,   21378632 total
- age   9:    1219968 bytes,   22598600 total
- age  10:    2985848 bytes,   25584448 total
- age  11:    1124232 bytes,   26708680 total
- age  12:     449456 bytes,   27158136 total
- age  13:     650728 bytes,   27808864 total
- age  14:       2696 bytes,   27811560 total
- age  15:       7216 bytes,   27818776 total
, 0.0265693 secs]
   [Parallel Time: 10.9 ms, GC Workers: 30]
      [GC Worker Start (ms): Min: 482482.3, Avg: 482482.8, Max: 482483.1, Diff: 0.9]
      [Ext Root Scanning (ms): Min: 0.1, Avg: 0.5, Max: 1.1, Diff: 1.0, Sum: 15.1]
      [Update RS (ms): Min: 1.5, Avg: 1.9, Max: 2.2, Diff: 0.7, Sum: 55.7]
         [Processed Buffers: Min: 2, Avg: 3.8, Max: 17, Diff: 15, Sum: 113]
      [Scan RS (ms): Min: 0.0, Avg: 0.2, Max: 0.4, Diff: 0.4, Sum: 5.8]
      [Code Root Scanning (ms): Min: 0.0, Avg: 0.0, Max: 0.0, Diff: 0.0, Sum: 0.1]
      [Object Copy (ms): Min: 7.1, Avg: 7.3, Max: 7.4, Diff: 0.3, Sum: 217.8]
      [Termination (ms): Min: 0.0, Avg: 0.0, Max: 0.0, Diff: 0.0, Sum: 0.3]
         [Termination Attempts: Min: 1, Avg: 1.0, Max: 1, Diff: 0, Sum: 30]
      [GC Worker Other (ms): Min: 0.0, Avg: 0.2, Max: 0.3, Diff: 0.3, Sum: 4.5]
      [GC Worker Total (ms): Min: 9.6, Avg: 10.0, Max: 10.5, Diff: 0.9, Sum: 299.3]
      [GC Worker End (ms): Min: 482492.6, Avg: 482492.7, Max: 482492.9, Diff: 0.3]
   [Code Root Fixup: 0.0 ms]
   [Code Root Purge: 0.0 ms]
   [Clear CT: 2.2 ms]
   [Other: 13.5 ms]
      [Choose CSet: 0.0 ms]
      [Ref Proc: 8.0 ms]
      [Ref Enq: 1.1 ms]
      [Redirty Cards: 2.6 ms]
      [Humongous Register: 0.3 ms]
      [Humongous Reclaim: 0.1 ms]
      [Free CSet: 1.2 ms]
   [Eden: 4000.0M(4000.0M)->0.0B(4000.0M) Survivors: 44.0M->44.0M Heap: 7026.2M(8192.0M)->3024.7M(8192.0M)]
 [Times: user=0.32 sys=0.00, real=0.03 secs]
2018-04-30T04:35:20.172+0200: 482.509: Total time for which application threads were stopped: 0.0280319 seconds, Stopping threads took: 0.0003989 seconds
2018-04-30T04:35:20.609+0200: 482.945: Application time: 0.4363151 seconds
2018-04-30T04:35:20.610+0200: 482.946: [GC pause (G1 Evacuation Pause) (young)
Desired survivor size 266338304 bytes, new threshold 15 (max 15)
- age   1:   11946336 bytes,   11946336 total
- age   2:    1162904 bytes,   13109240 total
- age   3:    1231584 bytes,   14340824 total
- age   4:    1265664 bytes,   15606488 total
- age   5:    1203712 bytes,   16810200 total
- age   6:    1230792 bytes,   18040992 total
- age   7:    1173896 bytes,   19214888 total
- age   8:    1191392 bytes,   20406280 total
- age   9:    1266208 bytes,   21672488 total
- age  10:    1219840 bytes,   22892328 total
- age  11:    2985592 bytes,   25877920 total
- age  12:     350464 bytes,   26228384 total
- age  13:      22960 bytes,   26251344 total
- age  14:     650728 bytes,   26902072 total
- age  15:       2696 bytes,   26904768 total
, 0.0295933 secs]
   [Parallel Time: 11.3 ms, GC Workers: 30]
      [GC Worker Start (ms): Min: 482946.9, Avg: 482947.4, Max: 482947.8, Diff: 0.9]
      [Ext Root Scanning (ms): Min: 0.1, Avg: 0.5, Max: 1.2, Diff: 1.1, Sum: 15.4]
      [Update RS (ms): Min: 1.6, Avg: 1.9, Max: 2.3, Diff: 0.7, Sum: 56.0]
         [Processed Buffers: Min: 2, Avg: 3.7, Max: 11, Diff: 9, Sum: 110]
      [Scan RS (ms): Min: 0.0, Avg: 0.2, Max: 0.4, Diff: 0.4, Sum: 6.1]
      [Code Root Scanning (ms): Min: 0.0, Avg: 0.0, Max: 0.0, Diff: 0.0, Sum: 0.1]
      [Object Copy (ms): Min: 7.3, Avg: 7.6, Max: 7.8, Diff: 0.4, Sum: 228.3]
      [Termination (ms): Min: 0.0, Avg: 0.0, Max: 0.0, Diff: 0.0, Sum: 0.2]
         [Termination Attempts: Min: 1, Avg: 1.0, Max: 1, Diff: 0, Sum: 30]
      [GC Worker Other (ms): Min: 0.0, Avg: 0.2, Max: 0.3, Diff: 0.3, Sum: 5.2]
      [GC Worker Total (ms): Min: 9.9, Avg: 10.4, Max: 10.9, Diff: 1.1, Sum: 311.2]
      [GC Worker End (ms): Min: 482957.6, Avg: 482957.7, Max: 482957.9, Diff: 0.3]
   [Code Root Fixup: 0.0 ms]
   [Code Root Purge: 0.0 ms]
   [Clear CT: 2.7 ms]
   [Other: 15.6 ms]
      [Choose CSet: 0.0 ms]
      [Ref Proc: 8.9 ms]
      [Ref Enq: 1.4 ms]
      [Redirty Cards: 3.1 ms]
      [Humongous Register: 0.3 ms]
      [Humongous Reclaim: 0.1 ms]
      [Free CSet: 1.6 ms]
   [Eden: 4000.0M(4000.0M)->0.0B(4000.0M) Survivors: 44.0M->44.0M Heap: 7024.7M(8192.0M)->3024.7M(8192.0M)]
 [Times: user=0.33 sys=0.01, real=0.03 secs]
2018-04-30T04:35:20.640+0200: 482.976: Total time for which application threads were stopped: 0.0313962 seconds, Stopping threads took: 0.0006168 seconds
2018-04-30T04:35:21.089+0200: 483.425: Application time: 0.4486493 seconds
2018-04-30T04:35:21.090+0200: 483.426: [GC pause (G1 Evacuation Pause) (young)
Desired survivor size 266338304 bytes, new threshold 15 (max 15)
- age   1:   12431456 bytes,   12431456 total
- age   2:    1685576 bytes,   14117032 total
- age   3:    1156808 bytes,   15273840 total
- age   4:    1229120 bytes,   16502960 total
- age   5:    1263424 bytes,   17766384 total
- age   6:    1202688 bytes,   18969072 total
- age   7:    1228744 bytes,   20197816 total
- age   8:    1173128 bytes,   21370944 total
- age   9:    1190944 bytes,   22561888 total
- age  10:    1265760 bytes,   23827648 total
- age  11:    1219584 bytes,   25047232 total
- age  12:    2152760 bytes,   27199992 total
- age  13:      12344 bytes,   27212336 total
- age  14:      22896 bytes,   27235232 total
- age  15:     650728 bytes,   27885960 total
, 0.0268770 secs]
   [Parallel Time: 11.2 ms, GC Workers: 30]
      [GC Worker Start (ms): Min: 483426.6, Avg: 483427.1, Max: 483427.4, Diff: 0.8]
      [Ext Root Scanning (ms): Min: 0.3, Avg: 0.6, Max: 1.3, Diff: 1.0, Sum: 18.5]
      [Update RS (ms): Min: 1.5, Avg: 1.9, Max: 2.3, Diff: 0.7, Sum: 55.6]
         [Processed Buffers: Min: 2, Avg: 3.8, Max: 20, Diff: 18, Sum: 113]
      [Scan RS (ms): Min: 0.0, Avg: 0.2, Max: 0.4, Diff: 0.4, Sum: 6.1]
      [Code Root Scanning (ms): Min: 0.0, Avg: 0.0, Max: 0.0, Diff: 0.0, Sum: 0.1]
      [Object Copy (ms): Min: 7.1, Avg: 7.4, Max: 7.6, Diff: 0.4, Sum: 222.2]
      [Termination (ms): Min: 0.0, Avg: 0.0, Max: 0.0, Diff: 0.0, Sum: 0.3]
         [Termination Attempts: Min: 1, Avg: 1.0, Max: 1, Diff: 0, Sum: 30]
      [GC Worker Other (ms): Min: 0.0, Avg: 0.2, Max: 0.3, Diff: 0.3, Sum: 5.4]
      [GC Worker Total (ms): Min: 9.9, Avg: 10.3, Max: 10.9, Diff: 1.0, Sum: 308.2]
      [GC Worker End (ms): Min: 483437.2, Avg: 483437.4, Max: 483437.6, Diff: 0.3]
   [Code Root Fixup: 0.0 ms]
   [Code Root Purge: 0.0 ms]
   [Clear CT: 2.0 ms]
   [Other: 13.7 ms]
      [Choose CSet: 0.0 ms]
      [Ref Proc: 8.0 ms]
      [Ref Enq: 1.2 ms]
      [Redirty Cards: 2.4 ms]
      [Humongous Register: 0.3 ms]
      [Humongous Reclaim: 0.1 ms]
      [Free CSet: 1.4 ms]
   [Eden: 4000.0M(4000.0M)->0.0B(4004.0M) Survivors: 44.0M->40.0M Heap: 7024.7M(8192.0M)->3023.1M(8192.0M)]
 [Times: user=0.32 sys=0.00, real=0.03 secs]
2018-04-30T04:35:21.117+0200: 483.453: Total time for which application threads were stopped: 0.0283131 seconds, Stopping threads took: 0.0003285 seconds
2018-04-30T04:35:21.558+0200: 483.894: Application time: 0.4410724 seconds
2018-04-30T04:35:21.559+0200: 483.896: [GC pause (G1 Evacuation Pause) (young)
Desired survivor size 266338304 bytes, new threshold 15 (max 15)
- age   1:   11087168 bytes,   11087168 total
- age   2:    1194296 bytes,   12281464 total
- age   3:    1680240 bytes,   13961704 total
- age   4:    1154536 bytes,   15116240 total
- age   5:    1227920 bytes,   16344160 total
- age   6:    1262464 bytes,   17606624 total
- age   7:    1202112 bytes,   18808736 total
- age   8:    1227848 bytes,   20036584 total
- age   9:    1172424 bytes,   21209008 total
- age  10:    1190880 bytes,   22399888 total
- age  11:    1265696 bytes,   23665584 total
- age  12:     445952 bytes,   24111536 total
- age  13:    1759456 bytes,   25870992 total
- age  14:      12344 bytes,   25883336 total
- age  15:      22896 bytes,   25906232 total
, 0.0282056 secs]
   [Parallel Time: 11.1 ms, GC Workers: 30]
      [GC Worker Start (ms): Min: 483896.2, Avg: 483896.6, Max: 483897.1, Diff: 0.9]
      [Ext Root Scanning (ms): Min: 0.0, Avg: 0.5, Max: 1.3, Diff: 1.2, Sum: 14.7]
      [Update RS (ms): Min: 1.5, Avg: 1.9, Max: 2.3, Diff: 0.8, Sum: 56.3]
         [Processed Buffers: Min: 2, Avg: 3.8, Max: 20, Diff: 18, Sum: 114]
      [Scan RS (ms): Min: 0.0, Avg: 0.2, Max: 0.4, Diff: 0.4, Sum: 5.9]
      [Code Root Scanning (ms): Min: 0.0, Avg: 0.0, Max: 0.0, Diff: 0.0, Sum: 0.1]
      [Object Copy (ms): Min: 7.2, Avg: 7.5, Max: 7.6, Diff: 0.4, Sum: 224.1]
      [Termination (ms): Min: 0.0, Avg: 0.0, Max: 0.0, Diff: 0.0, Sum: 0.2]
         [Termination Attempts: Min: 1, Avg: 1.0, Max: 1, Diff: 0, Sum: 30]
      [GC Worker Other (ms): Min: 0.0, Avg: 0.2, Max: 0.3, Diff: 0.3, Sum: 5.1]
      [GC Worker Total (ms): Min: 9.6, Avg: 10.2, Max: 10.8, Diff: 1.1, Sum: 306.3]
      [GC Worker End (ms): Min: 483906.7, Avg: 483906.8, Max: 483907.0, Diff: 0.3]
   [Code Root Fixup: 0.0 ms]
   [Code Root Purge: 0.0 ms]
   [Clear CT: 2.0 ms]
   [Other: 15.1 ms]
      [Choose CSet: 0.0 ms]
      [Ref Proc: 9.1 ms]
      [Ref Enq: 1.3 ms]
      [Redirty Cards: 2.5 ms]
      [Humongous Register: 0.3 ms]
      [Humongous Reclaim: 0.1 ms]
      [Free CSet: 1.5 ms]
   [Eden: 4004.0M(4004.0M)->0.0B(3996.0M) Survivors: 40.0M->44.0M Heap: 7027.1M(8192.0M)->3025.3M(8192.0M)]
 [Times: user=0.32 sys=0.01, real=0.03 secs]
2018-04-30T04:35:21.588+0200: 483.924: Total time for which application threads were stopped: 0.0297750 seconds, Stopping threads took: 0.0004036 seconds
2018-04-30T04:35:22.044+0200: 484.380: Application time: 0.4556551 seconds
2018-04-30T04:35:22.045+0200: 484.381: [GC pause (G1 Evacuation Pause) (young)
Desired survivor size 266338304 bytes, new threshold 15 (max 15)
- age   1:   10867336 bytes,   10867336 total
- age   2:    1316576 bytes,   12183912 total
- age   3:    1187120 bytes,   13371032 total
- age   4:    1678960 bytes,   15049992 total
- age   5:    1153384 bytes,   16203376 total
- age   6:    1227600 bytes,   17430976 total
- age   7:    1261760 bytes,   18692736 total
- age   8:    1201344 bytes,   19894080 total
- age   9:    1227208 bytes,   21121288 total
- age  10:    1171768 bytes,   22293056 total
- age  11:    1190688 bytes,   23483744 total
- age  12:     559584 bytes,   24043328 total
- age  13:      12184 bytes,   24055512 total
- age  14:    1759456 bytes,   25814968 total
- age  15:      12280 bytes,   25827248 total
, 0.0245873 secs]
   [Parallel Time: 10.6 ms, GC Workers: 30]
      [GC Worker Start (ms): Min: 484381.4, Avg: 484381.8, Max: 484382.1, Diff: 0.8]
      [Ext Root Scanning (ms): Min: 0.1, Avg: 0.5, Max: 1.2, Diff: 1.1, Sum: 15.7]
      [Update RS (ms): Min: 1.4, Avg: 1.9, Max: 2.2, Diff: 0.8, Sum: 56.0]
         [Processed Buffers: Min: 2, Avg: 3.8, Max: 14, Diff: 12, Sum: 115]
      [Scan RS (ms): Min: 0.0, Avg: 0.2, Max: 0.4, Diff: 0.4, Sum: 6.6]
      [Code Root Scanning (ms): Min: 0.0, Avg: 0.0, Max: 0.0, Diff: 0.0, Sum: 0.1]
      [Object Copy (ms): Min: 6.8, Avg: 7.0, Max: 7.1, Diff: 0.3, Sum: 209.1]
      [Termination (ms): Min: 0.0, Avg: 0.0, Max: 0.0, Diff: 0.0, Sum: 0.2]
         [Termination Attempts: Min: 1, Avg: 1.0, Max: 1, Diff: 0, Sum: 30]
      [GC Worker Other (ms): Min: 0.0, Avg: 0.2, Max: 0.4, Diff: 0.3, Sum: 5.7]
      [GC Worker Total (ms): Min: 9.2, Avg: 9.8, Max: 10.3, Diff: 1.0, Sum: 293.4]
      [GC Worker End (ms): Min: 484391.4, Avg: 484391.5, Max: 484391.7, Diff: 0.3]
   [Code Root Fixup: 0.0 ms]
   [Code Root Purge: 0.0 ms]
   [Clear CT: 1.5 ms]
   [Other: 12.5 ms]
      [Choose CSet: 0.0 ms]
      [Ref Proc: 7.4 ms]
      [Ref Enq: 1.0 ms]
      [Redirty Cards: 2.3 ms]
      [Humongous Register: 0.3 ms]
      [Humongous Reclaim: 0.1 ms]
      [Free CSet: 1.2 ms]
   [Eden: 3996.0M(3996.0M)->0.0B(3996.0M) Survivors: 44.0M->44.0M Heap: 7021.3M(8192.0M)->3026.1M(8192.0M)]
 [Times: user=0.30 sys=0.02, real=0.02 secs]
2018-04-30T04:35:22.069+0200: 484.406: Total time for which application threads were stopped: 0.0258886 seconds, Stopping threads took: 0.0002853 seconds
2018-04-30T04:35:22.511+0200: 484.847: Application time: 0.4413592 seconds
2018-04-30T04:35:22.512+0200: 484.848: [GC pause (G1 Evacuation Pause) (young)
Desired survivor size 266338304 bytes, new threshold 15 (max 15)
- age   1:   11005400 bytes,   11005400 total
- age   2:    1167472 bytes,   12172872 total
- age   3:    1312256 bytes,   13485128 total
- age   4:    1183744 bytes,   14668872 total
- age   5:    1677136 bytes,   16346008 total
- age   6:    1152288 bytes,   17498296 total
- age   7:    1227408 bytes,   18725704 total
- age   8:    1261184 bytes,   19986888 total
- age   9:    1200960 bytes,   21187848 total
- age  10:    1227016 bytes,   22414864 total
- age  11:    1171064 bytes,   23585928 total
- age  12:     616224 bytes,   24202152 total
- age  13:       4776 bytes,   24206928 total
- age  14:      12184 bytes,   24219112 total
- age  15:    1759456 bytes,   25978568 total
, 0.0276243 secs]
   [Parallel Time: 11.2 ms, GC Workers: 30]
      [GC Worker Start (ms): Min: 484848.8, Avg: 484849.4, Max: 484850.0, Diff: 1.2]
      [Ext Root Scanning (ms): Min: 0.0, Avg: 0.5, Max: 1.2, Diff: 1.2, Sum: 14.0]
      [Update RS (ms): Min: 1.5, Avg: 1.8, Max: 2.2, Diff: 0.7, Sum: 53.9]
         [Processed Buffers: Min: 2, Avg: 3.7, Max: 16, Diff: 14, Sum: 110]
      [Scan RS (ms): Min: 0.0, Avg: 0.2, Max: 0.5, Diff: 0.5, Sum: 7.1]
      [Code Root Scanning (ms): Min: 0.0, Avg: 0.0, Max: 0.0, Diff: 0.0, Sum: 0.1]
      [Object Copy (ms): Min: 7.3, Avg: 7.5, Max: 7.6, Diff: 0.2, Sum: 224.1]
      [Termination (ms): Min: 0.0, Avg: 0.0, Max: 0.0, Diff: 0.0, Sum: 0.2]
         [Termination Attempts: Min: 1, Avg: 1.0, Max: 1, Diff: 0, Sum: 30]
      [GC Worker Other (ms): Min: 0.0, Avg: 0.2, Max: 0.3, Diff: 0.3, Sum: 5.3]
      [GC Worker Total (ms): Min: 9.6, Avg: 10.2, Max: 10.8, Diff: 1.2, Sum: 304.5]
      [GC Worker End (ms): Min: 484859.4, Avg: 484859.5, Max: 484859.7, Diff: 0.3]
   [Code Root Fixup: 0.0 ms]
   [Code Root Purge: 0.0 ms]
   [Clear CT: 2.7 ms]
   [Other: 13.7 ms]
      [Choose CSet: 0.0 ms]
      [Ref Proc: 7.9 ms]
      [Ref Enq: 1.0 ms]
      [Redirty Cards: 2.9 ms]
      [Humongous Register: 0.3 ms]
      [Humongous Reclaim: 0.1 ms]
      [Free CSet: 1.3 ms]
   [Eden: 3996.0M(3996.0M)->0.0B(3988.0M) Survivors: 44.0M->48.0M Heap: 7022.1M(8192.0M)->3031.0M(8192.0M)]
 [Times: user=0.32 sys=0.01, real=0.02 secs]
2018-04-30T04:35:22.540+0200: 484.876: Total time for which application threads were stopped: 0.0290534 seconds, Stopping threads took: 0.0003716 seconds
2018-04-30T04:35:22.975+0200: 485.311: Application time: 0.4349899 seconds
2018-04-30T04:35:22.976+0200: 485.312: [GC pause (G1 Evacuation Pause) (young)
Desired survivor size 266338304 bytes, new threshold 15 (max 15)
- age   1:   14068816 bytes,   14068816 total
- age   2:    1150984 bytes,   15219800 total
- age   3:    1148752 bytes,   16368552 total
- age   4:    1175352 bytes,   17543904 total
- age   5:    1182032 bytes,   18725936 total
- age   6:    1675728 bytes,   20401664 total
- age   7:    1151712 bytes,   21553376 total
- age   8:    1226768 bytes,   22780144 total
- age   9:    1260736 bytes,   24040880 total
- age  10:    1200832 bytes,   25241712 total
- age  11:    1226824 bytes,   26468536 total
- age  12:     622584 bytes,   27091120 total
- age  13:       6688 bytes,   27097808 total
- age  14:       4584 bytes,   27102392 total
- age  15:      12120 bytes,   27114512 total
, 0.0257059 secs]
   [Parallel Time: 11.1 ms, GC Workers: 30]
      [GC Worker Start (ms): Min: 485312.8, Avg: 485313.4, Max: 485313.9, Diff: 1.1]
      [Ext Root Scanning (ms): Min: 0.0, Avg: 0.5, Max: 1.2, Diff: 1.2, Sum: 14.0]
      [Update RS (ms): Min: 1.5, Avg: 1.8, Max: 2.2, Diff: 0.7, Sum: 55.1]
         [Processed Buffers: Min: 2, Avg: 3.8, Max: 18, Diff: 16, Sum: 115]
      [Scan RS (ms): Min: 0.0, Avg: 0.2, Max: 0.5, Diff: 0.4, Sum: 6.4]
      [Code Root Scanning (ms): Min: 0.0, Avg: 0.0, Max: 0.0, Diff: 0.0, Sum: 0.1]
      [Object Copy (ms): Min: 7.4, Avg: 7.6, Max: 7.8, Diff: 0.3, Sum: 228.8]
      [Termination (ms): Min: 0.0, Avg: 0.0, Max: 0.0, Diff: 0.0, Sum: 0.3]
         [Termination Attempts: Min: 1, Avg: 1.0, Max: 1, Diff: 0, Sum: 30]
      [GC Worker Other (ms): Min: 0.0, Avg: 0.2, Max: 0.3, Diff: 0.3, Sum: 4.8]
      [GC Worker Total (ms): Min: 9.7, Avg: 10.3, Max: 11.0, Diff: 1.3, Sum: 309.4]
      [GC Worker End (ms): Min: 485323.5, Avg: 485323.7, Max: 485323.9, Diff: 0.3]
   [Code Root Fixup: 0.0 ms]
   [Code Root Purge: 0.0 ms]
   [Clear CT: 1.4 ms]
   [Other: 13.1 ms]
      [Choose CSet: 0.0 ms]
      [Ref Proc: 7.5 ms]
      [Ref Enq: 1.0 ms]
      [Redirty Cards: 2.5 ms]
      [Humongous Register: 0.3 ms]
      [Humongous Reclaim: 0.1 ms]
      [Free CSet: 1.4 ms]
   [Eden: 3988.0M(3988.0M)->0.0B(3996.0M) Survivors: 48.0M->44.0M Heap: 7019.0M(8192.0M)->3026.3M(8192.0M)]
 [Times: user=0.33 sys=0.01, real=0.02 secs]
2018-04-30T04:35:23.002+0200: 485.338: Total time for which application threads were stopped: 0.0272139 seconds, Stopping threads took: 0.0003963 seconds
2018-04-30T04:35:23.423+0200: 485.760: Application time: 0.4214588 seconds
2018-04-30T04:35:23.425+0200: 485.761: [GC pause (G1 Evacuation Pause) (young)
Desired survivor size 266338304 bytes, new threshold 15 (max 15)
- age   1:   12594568 bytes,   12594568 total
- age   2:    1429168 bytes,   14023736 total
- age   3:    1145376 bytes,   15169112 total
- age   4:    1144960 bytes,   16314072 total
- age   5:    1174008 bytes,   17488080 total
- age   6:    1181072 bytes,   18669152 total
- age   7:    1675472 bytes,   20344624 total
- age   8:    1151392 bytes,   21496016 total
- age   9:    1226512 bytes,   22722528 total
- age  10:    1260416 bytes,   23982944 total
- age  11:    1200704 bytes,   25183648 total
- age  12:     690456 bytes,   25874104 total
- age  13:       7440 bytes,   25881544 total
- age  14:       6496 bytes,   25888040 total
- age  15:       4520 bytes,   25892560 total
, 0.0251273 secs]
   [Parallel Time: 10.6 ms, GC Workers: 30]
      [GC Worker Start (ms): Min: 485761.5, Avg: 485762.0, Max: 485762.4, Diff: 0.9]
      [Ext Root Scanning (ms): Min: 0.1, Avg: 0.5, Max: 1.2, Diff: 1.1, Sum: 15.4]
      [Update RS (ms): Min: 1.6, Avg: 1.8, Max: 2.2, Diff: 0.6, Sum: 55.1]
         [Processed Buffers: Min: 2, Avg: 3.8, Max: 16, Diff: 14, Sum: 113]
      [Scan RS (ms): Min: 0.0, Avg: 0.2, Max: 0.4, Diff: 0.4, Sum: 6.2]
      [Code Root Scanning (ms): Min: 0.0, Avg: 0.0, Max: 0.0, Diff: 0.0, Sum: 0.1]
      [Object Copy (ms): Min: 6.9, Avg: 7.1, Max: 7.2, Diff: 0.3, Sum: 213.2]
      [Termination (ms): Min: 0.0, Avg: 0.0, Max: 0.0, Diff: 0.0, Sum: 0.3]
         [Termination Attempts: Min: 1, Avg: 1.0, Max: 1, Diff: 0, Sum: 30]
      [GC Worker Other (ms): Min: 0.0, Avg: 0.2, Max: 0.4, Diff: 0.3, Sum: 5.2]
      [GC Worker Total (ms): Min: 9.3, Avg: 9.8, Max: 10.5, Diff: 1.2, Sum: 295.5]
      [GC Worker End (ms): Min: 485771.7, Avg: 485771.8, Max: 485772.0, Diff: 0.3]
   [Code Root Fixup: 0.0 ms]
   [Code Root Purge: 0.0 ms]
   [Clear CT: 1.8 ms]
   [Other: 12.7 ms]
      [Choose CSet: 0.0 ms]
      [Ref Proc: 7.3 ms]
      [Ref Enq: 1.3 ms]
      [Redirty Cards: 2.2 ms]
      [Humongous Register: 0.3 ms]
      [Humongous Reclaim: 0.1 ms]
      [Free CSet: 1.3 ms]
   [Eden: 3996.0M(3996.0M)->0.0B(3996.0M) Survivors: 44.0M->44.0M Heap: 7022.3M(8192.0M)->3026.3M(8192.0M)]
 [Times: user=0.30 sys=0.01, real=0.02 secs]
2018-04-30T04:35:23.450+0200: 485.786: Total time for which application threads were stopped: 0.0266007 seconds, Stopping threads took: 0.0003949 seconds
2018-04-30T04:35:23.881+0200: 486.218: Application time: 0.4312661 seconds
2018-04-30T04:35:23.883+0200: 486.219: [GC pause (G1 Evacuation Pause) (young)
Desired survivor size 266338304 bytes, new threshold 15 (max 15)
- age   1:   13161168 bytes,   13161168 total
- age   2:    1180816 bytes,   14341984 total
- age   3:    1423040 bytes,   15765024 total
- age   4:    1142608 bytes,   16907632 total
- age   5:    1143424 bytes,   18051056 total
- age   6:    1172824 bytes,   19223880 total
- age   7:    1180304 bytes,   20404184 total
- age   8:    1675088 bytes,   22079272 total
- age   9:    1150688 bytes,   23229960 total
- age  10:    1226192 bytes,   24456152 total
- age  11:    1260224 bytes,   25716376 total
- age  12:     750752 bytes,   26467128 total
- age  13:      10336 bytes,   26477464 total
- age  14:       7440 bytes,   26484904 total
- age  15:       6496 bytes,   26491400 total
, 0.0273411 secs]
   [Parallel Time: 11.8 ms, GC Workers: 30]
      [GC Worker Start (ms): Min: 486219.3, Avg: 486219.8, Max: 486220.1, Diff: 0.8]
      [Ext Root Scanning (ms): Min: 0.2, Avg: 0.6, Max: 1.4, Diff: 1.1, Sum: 17.5]
      [Update RS (ms): Min: 1.5, Avg: 1.8, Max: 2.1, Diff: 0.6, Sum: 53.3]
         [Processed Buffers: Min: 2, Avg: 3.8, Max: 21, Diff: 19, Sum: 113]
      [Scan RS (ms): Min: 0.0, Avg: 0.2, Max: 0.4, Diff: 0.4, Sum: 6.3]
      [Code Root Scanning (ms): Min: 0.0, Avg: 0.0, Max: 0.0, Diff: 0.0, Sum: 0.1]
      [Object Copy (ms): Min: 8.0, Avg: 8.2, Max: 8.3, Diff: 0.3, Sum: 246.1]
      [Termination (ms): Min: 0.0, Avg: 0.0, Max: 0.0, Diff: 0.0, Sum: 0.3]
         [Termination Attempts: Min: 1, Avg: 1.0, Max: 1, Diff: 0, Sum: 30]
      [GC Worker Other (ms): Min: 0.0, Avg: 0.2, Max: 0.4, Diff: 0.3, Sum: 5.5]
      [GC Worker Total (ms): Min: 10.6, Avg: 11.0, Max: 11.4, Diff: 0.8, Sum: 329.1]
      [GC Worker End (ms): Min: 486230.6, Avg: 486230.7, Max: 486230.9, Diff: 0.3]
   [Code Root Fixup: 0.0 ms]
   [Code Root Purge: 0.0 ms]
   [Clear CT: 2.4 ms]
   [Other: 13.0 ms]
      [Choose CSet: 0.0 ms]
      [Ref Proc: 7.6 ms]
      [Ref Enq: 1.0 ms]
      [Redirty Cards: 2.6 ms]
      [Humongous Register: 0.3 ms]
      [Humongous Reclaim: 0.1 ms]
      [Free CSet: 1.2 ms]
   [Eden: 3996.0M(3996.0M)->0.0B(3996.0M) Survivors: 44.0M->44.0M Heap: 7022.3M(8192.0M)->3028.0M(8192.0M)]
 [Times: user=0.34 sys=0.01, real=0.03 secs]
2018-04-30T04:35:23.910+0200: 486.246: Total time for which application threads were stopped: 0.0287603 seconds, Stopping threads took: 0.0003667 seconds
2018-04-30T04:35:24.332+0200: 486.668: Application time: 0.4219303 seconds
2018-04-30T04:35:24.333+0200: 486.670: [GC pause (G1 Evacuation Pause) (young)
Desired survivor size 266338304 bytes, new threshold 15 (max 15)
- age   1:   13933752 bytes,   13933752 total
- age   2:    1154504 bytes,   15088256 total
- age   3:    1177680 bytes,   16265936 total
- age   4:    1421952 bytes,   17687888 total
- age   5:    1141448 bytes,   18829336 total
- age   6:    1142976 bytes,   19972312 total
- age   7:    1172248 bytes,   21144560 total
- age   8:    1180112 bytes,   22324672 total
- age   9:    1674896 bytes,   23999568 total
- age  10:    1150688 bytes,   25150256 total
- age  11:    1226192 bytes,   26376448 total
- age  12:     843048 bytes,   27219496 total
- age  13:      12560 bytes,   27232056 total
- age  14:       8912 bytes,   27240968 total
- age  15:       7440 bytes,   27248408 total
, 0.0235334 secs]
   [Parallel Time: 9.1 ms, GC Workers: 30]
      [GC Worker Start (ms): Min: 486670.0, Avg: 486670.5, Max: 486670.9, Diff: 0.9]
      [Ext Root Scanning (ms): Min: 0.1, Avg: 0.6, Max: 1.4, Diff: 1.3, Sum: 17.3]
      [Update RS (ms): Min: 1.2, Avg: 1.8, Max: 2.3, Diff: 1.0, Sum: 55.0]
         [Processed Buffers: Min: 1, Avg: 3.6, Max: 10, Diff: 9, Sum: 109]
      [Scan RS (ms): Min: 0.0, Avg: 0.2, Max: 0.4, Diff: 0.4, Sum: 5.5]
      [Code Root Scanning (ms): Min: 0.0, Avg: 0.0, Max: 0.0, Diff: 0.0, Sum: 0.1]
      [Object Copy (ms): Min: 5.4, Avg: 5.6, Max: 5.8, Diff: 0.4, Sum: 169.3]
      [Termination (ms): Min: 0.0, Avg: 0.0, Max: 0.0, Diff: 0.0, Sum: 0.3]
         [Termination Attempts: Min: 1, Avg: 1.0, Max: 1, Diff: 0, Sum: 30]
      [GC Worker Other (ms): Min: 0.0, Avg: 0.2, Max: 0.3, Diff: 0.3, Sum: 5.0]
      [GC Worker Total (ms): Min: 7.9, Avg: 8.4, Max: 9.0, Diff: 1.0, Sum: 252.5]
      [GC Worker End (ms): Min: 486678.7, Avg: 486678.9, Max: 486679.0, Diff: 0.3]
   [Code Root Fixup: 0.0 ms]
   [Code Root Purge: 0.0 ms]
   [Clear CT: 2.1 ms]
   [Other: 12.3 ms]
      [Choose CSet: 0.0 ms]
      [Ref Proc: 7.1 ms]
      [Ref Enq: 1.0 ms]
      [Redirty Cards: 2.3 ms]
      [Humongous Register: 0.3 ms]
      [Humongous Reclaim: 0.1 ms]
      [Free CSet: 1.3 ms]
   [Eden: 3996.0M(3996.0M)->0.0B(4004.0M) Survivors: 44.0M->40.0M Heap: 7024.0M(8192.0M)->3022.4M(8192.0M)]
 [Times: user=0.27 sys=0.01, real=0.02 secs]
2018-04-30T04:35:24.357+0200: 486.693: Total time for which application threads were stopped: 0.0249818 seconds, Stopping threads took: 0.0004001 seconds
2018-04-30T04:35:24.790+0200: 487.127: Application time: 0.4332081 seconds
2018-04-30T04:35:24.791+0200: 487.128: [GC pause (G1 Evacuation Pause) (young)
Desired survivor size 266338304 bytes, new threshold 15 (max 15)
- age   1:    8643432 bytes,    8643432 total
- age   2:    1325224 bytes,    9968656 total
- age   3:    1149784 bytes,   11118440 total
- age   4:    1175152 bytes,   12293592 total
- age   5:    1420160 bytes,   13713752 total
- age   6:    1139928 bytes,   14853680 total
- age   7:    1142464 bytes,   15996144 total
- age   8:    1171800 bytes,   17167944 total
- age   9:    1179664 bytes,   18347608 total
- age  10:    1674512 bytes,   20022120 total
- age  11:    1150624 bytes,   21172744 total
- age  12:     935232 bytes,   22107976 total
- age  13:       3320 bytes,   22111296 total
- age  14:      12496 bytes,   22123792 total
- age  15:       8848 bytes,   22132640 total
, 0.0260327 secs]
   [Parallel Time: 10.2 ms, GC Workers: 30]
      [GC Worker Start (ms): Min: 487128.1, Avg: 487128.4, Max: 487128.9, Diff: 0.8]
      [Ext Root Scanning (ms): Min: 0.1, Avg: 0.6, Max: 1.3, Diff: 1.3, Sum: 16.8]
      [Update RS (ms): Min: 1.0, Avg: 1.8, Max: 2.2, Diff: 1.1, Sum: 53.0]
         [Processed Buffers: Min: 1, Avg: 3.6, Max: 13, Diff: 12, Sum: 108]
      [Scan RS (ms): Min: 0.0, Avg: 0.2, Max: 0.5, Diff: 0.4, Sum: 6.0]
      [Code Root Scanning (ms): Min: 0.0, Avg: 0.0, Max: 0.0, Diff: 0.0, Sum: 0.1]
      [Object Copy (ms): Min: 6.5, Avg: 6.7, Max: 6.8, Diff: 0.3, Sum: 201.2]
      [Termination (ms): Min: 0.0, Avg: 0.0, Max: 0.0, Diff: 0.0, Sum: 0.3]
         [Termination Attempts: Min: 1, Avg: 1.0, Max: 1, Diff: 0, Sum: 30]
      [GC Worker Other (ms): Min: 0.0, Avg: 0.2, Max: 0.3, Diff: 0.3, Sum: 5.1]
      [GC Worker Total (ms): Min: 8.9, Avg: 9.4, Max: 9.8, Diff: 0.9, Sum: 282.6]
      [GC Worker End (ms): Min: 487137.7, Avg: 487137.8, Max: 487138.0, Diff: 0.3]
   [Code Root Fixup: 0.0 ms]
   [Code Root Purge: 0.0 ms]
   [Clear CT: 2.5 ms]
   [Other: 13.4 ms]
      [Choose CSet: 0.0 ms]
      [Ref Proc: 7.5 ms]
      [Ref Enq: 1.2 ms]
      [Redirty Cards: 2.6 ms]
      [Humongous Register: 0.3 ms]
      [Humongous Reclaim: 0.1 ms]
      [Free CSet: 1.4 ms]
   [Eden: 4004.0M(4004.0M)->0.0B(4004.0M) Survivors: 40.0M->40.0M Heap: 7026.4M(8192.0M)->3022.3M(8192.0M)]
 [Times: user=0.31 sys=0.00, real=0.03 secs]
2018-04-30T04:35:24.818+0200: 487.154: Total time for which application threads were stopped: 0.0273845 seconds, Stopping threads took: 0.0002979 seconds
2018-04-30T04:35:25.262+0200: 487.598: Application time: 0.4443680 seconds
2018-04-30T04:35:25.263+0200: 487.599: [GC pause (G1 Evacuation Pause) (young)
Desired survivor size 266338304 bytes, new threshold 15 (max 15)
- age   1:   11580936 bytes,   11580936 total
- age   2:    1148096 bytes,   12729032 total
- age   3:    1167632 bytes,   13896664 total
- age   4:    1147032 bytes,   15043696 total
- age   5:    1173808 bytes,   16217504 total
- age   6:    1418944 bytes,   17636448 total
- age   7:    1139544 bytes,   18775992 total
- age   8:    1141952 bytes,   19917944 total
- age   9:    1171672 bytes,   21089616 total
- age  10:    1179216 bytes,   22268832 total
- age  11:    1674448 bytes,   23943280 total
- age  12:     970560 bytes,   24913840 total
- age  13:       9480 bytes,   24923320 total
- age  14:       3320 bytes,   24926640 total
- age  15:      12160 bytes,   24938800 total
, 0.0259060 secs]
   [Parallel Time: 10.3 ms, GC Workers: 30]
      [GC Worker Start (ms): Min: 487600.0, Avg: 487600.3, Max: 487600.7, Diff: 0.7]
      [Ext Root Scanning (ms): Min: 0.1, Avg: 0.6, Max: 1.3, Diff: 1.2, Sum: 17.1]
      [Update RS (ms): Min: 1.3, Avg: 1.8, Max: 2.2, Diff: 0.9, Sum: 54.1]
         [Processed Buffers: Min: 1, Avg: 3.7, Max: 13, Diff: 12, Sum: 112]
      [Scan RS (ms): Min: 0.0, Avg: 0.2, Max: 0.4, Diff: 0.4, Sum: 6.1]
      [Code Root Scanning (ms): Min: 0.0, Avg: 0.0, Max: 0.0, Diff: 0.0, Sum: 0.1]
      [Object Copy (ms): Min: 6.7, Avg: 6.9, Max: 7.0, Diff: 0.3, Sum: 205.7]
      [Termination (ms): Min: 0.0, Avg: 0.0, Max: 0.0, Diff: 0.0, Sum: 0.3]
         [Termination Attempts: Min: 1, Avg: 1.0, Max: 1, Diff: 0, Sum: 30]
      [GC Worker Other (ms): Min: 0.0, Avg: 0.2, Max: 0.4, Diff: 0.3, Sum: 5.3]
      [GC Worker Total (ms): Min: 9.1, Avg: 9.6, Max: 10.0, Diff: 0.9, Sum: 288.6]
      [GC Worker End (ms): Min: 487609.7, Avg: 487609.9, Max: 487610.1, Diff: 0.3]
   [Code Root Fixup: 0.0 ms]
   [Code Root Purge: 0.0 ms]
   [Clear CT: 2.5 ms]
   [Other: 13.1 ms]
      [Choose CSet: 0.0 ms]
      [Ref Proc: 7.5 ms]
      [Ref Enq: 0.9 ms]
      [Redirty Cards: 2.8 ms]
      [Humongous Register: 0.3 ms]
      [Humongous Reclaim: 0.1 ms]
      [Free CSet: 1.2 ms]
   [Eden: 4004.0M(4004.0M)->0.0B(4012.0M) Survivors: 40.0M->36.0M Heap: 7026.3M(8192.0M)->3019.9M(8192.0M)]
 [Times: user=0.31 sys=0.00, real=0.03 secs]
2018-04-30T04:35:25.289+0200: 487.626: Total time for which application threads were stopped: 0.0272860 seconds, Stopping threads took: 0.0003263 seconds
2018-04-30T04:35:25.760+0200: 488.097: Application time: 0.4708896 seconds
2018-04-30T04:35:25.761+0200: 488.098: [GC pause (G1 Evacuation Pause) (young)
Desired survivor size 266338304 bytes, new threshold 15 (max 15)
- age   1:   10831296 bytes,   10831296 total
- age   2:    1121896 bytes,   11953192 total
- age   3:    1141360 bytes,   13094552 total
- age   4:    1163264 bytes,   14257816 total
- age   5:    1139208 bytes,   15397024 total
- age   6:    1160592 bytes,   16557616 total
- age   7:    1168064 bytes,   17725680 total
- age   8:    1138328 bytes,   18864008 total
- age   9:    1141760 bytes,   20005768 total
- age  10:    1169112 bytes,   21174880 total
- age  11:    1173264 bytes,   22348144 total
- age  12:    1026640 bytes,   23374784 total
- age  13:       6392 bytes,   23381176 total
- age  14:       9416 bytes,   23390592 total
- age  15:       3320 bytes,   23393912 total
, 0.0241095 secs]
   [Parallel Time: 10.3 ms, GC Workers: 30]
      [GC Worker Start (ms): Min: 488098.1, Avg: 488098.6, Max: 488099.1, Diff: 1.0]
      [Ext Root Scanning (ms): Min: 0.0, Avg: 0.5, Max: 1.2, Diff: 1.2, Sum: 14.6]
      [Update RS (ms): Min: 1.6, Avg: 1.9, Max: 2.3, Diff: 0.7, Sum: 56.6]
         [Processed Buffers: Min: 2, Avg: 3.6, Max: 14, Diff: 12, Sum: 109]
      [Scan RS (ms): Min: 0.0, Avg: 0.2, Max: 0.4, Diff: 0.4, Sum: 6.3]
      [Code Root Scanning (ms): Min: 0.0, Avg: 0.0, Max: 0.0, Diff: 0.0, Sum: 0.1]
      [Object Copy (ms): Min: 6.3, Avg: 6.5, Max: 6.7, Diff: 0.4, Sum: 195.6]
      [Termination (ms): Min: 0.0, Avg: 0.0, Max: 0.0, Diff: 0.0, Sum: 0.4]
         [Termination Attempts: Min: 1, Avg: 1.0, Max: 2, Diff: 1, Sum: 31]
      [GC Worker Other (ms): Min: 0.0, Avg: 0.2, Max: 0.3, Diff: 0.3, Sum: 5.4]
      [GC Worker Total (ms): Min: 8.7, Avg: 9.3, Max: 9.8, Diff: 1.1, Sum: 279.0]
      [GC Worker End (ms): Min: 488107.8, Avg: 488107.9, Max: 488108.1, Diff: 0.3]
   [Code Root Fixup: 0.0 ms]
   [Code Root Purge: 0.0 ms]
   [Clear CT: 1.8 ms]
   [Other: 12.1 ms]
      [Choose CSet: 0.0 ms]
      [Ref Proc: 7.2 ms]
      [Ref Enq: 1.2 ms]
      [Redirty Cards: 1.8 ms]
      [Humongous Register: 0.3 ms]
      [Humongous Reclaim: 0.1 ms]
      [Free CSet: 1.2 ms]
   [Eden: 4012.0M(4012.0M)->0.0B(4012.0M) Survivors: 36.0M->36.0M Heap: 7031.9M(8192.0M)->3018.3M(8192.0M)]
 [Times: user=0.28 sys=0.02, real=0.03 secs]
2018-04-30T04:35:25.786+0200: 488.122: Total time for which application threads were stopped: 0.0254923 seconds, Stopping threads took: 0.0003442 seconds
2018-04-30T04:35:26.238+0200: 488.574: Application time: 0.4520424 seconds
2018-04-30T04:35:26.239+0200: 488.575: [GC pause (G1 Evacuation Pause) (young)
Desired survivor size 266338304 bytes, new threshold 15 (max 15)
- age   1:    9340488 bytes,    9340488 total
- age   2:    2055992 bytes,   11396480 total
- age   3:    1116296 bytes,   12512776 total
- age   4:    1138768 bytes,   13651544 total
- age   5:    1162432 bytes,   14813976 total
- age   6:    1138376 bytes,   15952352 total
- age   7:    1159824 bytes,   17112176 total
- age   8:    1167488 bytes,   18279664 total
- age   9:    1138008 bytes,   19417672 total
- age  10:    1141568 bytes,   20559240 total
- age  11:    1168856 bytes,   21728096 total
- age  12:    1029280 bytes,   22757376 total
- age  13:       2424 bytes,   22759800 total
- age  14:       6392 bytes,   22766192 total
- age  15:       9416 bytes,   22775608 total
, 0.0269538 secs]
   [Parallel Time: 11.3 ms, GC Workers: 30]
      [GC Worker Start (ms): Min: 488575.7, Avg: 488576.0, Max: 488576.3, Diff: 0.6]
      [Ext Root Scanning (ms): Min: 0.3, Avg: 0.6, Max: 1.4, Diff: 1.1, Sum: 19.3]
      [Update RS (ms): Min: 1.5, Avg: 1.8, Max: 2.2, Diff: 0.6, Sum: 53.5]
         [Processed Buffers: Min: 1, Avg: 3.7, Max: 13, Diff: 12, Sum: 111]
      [Scan RS (ms): Min: 0.0, Avg: 0.2, Max: 0.4, Diff: 0.4, Sum: 6.1]
      [Code Root Scanning (ms): Min: 0.0, Avg: 0.0, Max: 0.0, Diff: 0.0, Sum: 0.1]
      [Object Copy (ms): Min: 7.5, Avg: 7.7, Max: 7.8, Diff: 0.3, Sum: 230.9]
      [Termination (ms): Min: 0.0, Avg: 0.0, Max: 0.0, Diff: 0.0, Sum: 0.3]
         [Termination Attempts: Min: 1, Avg: 1.0, Max: 1, Diff: 0, Sum: 30]
      [GC Worker Other (ms): Min: 0.0, Avg: 0.2, Max: 0.4, Diff: 0.3, Sum: 5.6]
      [GC Worker Total (ms): Min: 10.1, Avg: 10.5, Max: 10.9, Diff: 0.8, Sum: 315.7]
      [GC Worker End (ms): Min: 488586.3, Avg: 488586.5, Max: 488586.7, Diff: 0.3]
   [Code Root Fixup: 0.0 ms]
   [Code Root Purge: 0.0 ms]
   [Clear CT: 2.3 ms]
   [Other: 13.3 ms]
      [Choose CSet: 0.0 ms]
      [Ref Proc: 7.7 ms]
      [Ref Enq: 1.1 ms]
      [Redirty Cards: 2.7 ms]
      [Humongous Register: 0.3 ms]
      [Humongous Reclaim: 0.1 ms]
      [Free CSet: 1.3 ms]
   [Eden: 4012.0M(4012.0M)->0.0B(4012.0M) Survivors: 36.0M->36.0M Heap: 7030.3M(8192.0M)->3021.2M(8192.0M)]
 [Times: user=0.33 sys=0.00, real=0.03 secs]
2018-04-30T04:35:26.266+0200: 488.602: Total time for which application threads were stopped: 0.0283578 seconds, Stopping threads took: 0.0003299 seconds
2018-04-30T04:35:26.718+0200: 489.054: Application time: 0.4514100 seconds
2018-04-30T04:35:26.719+0200: 489.055: [GC pause (G1 Evacuation Pause) (young)
Desired survivor size 266338304 bytes, new threshold 15 (max 15)
- age   1:   11930040 bytes,   11930040 total
- age   2:    1181304 bytes,   13111344 total
- age   3:    2050336 bytes,   15161680 total
- age   4:    1113352 bytes,   16275032 total
- age   5:    1136448 bytes,   17411480 total
- age   6:    1161528 bytes,   18573008 total
- age   7:    1136744 bytes,   19709752 total
- age   8:    1159312 bytes,   20869064 total
- age   9:    1166400 bytes,   22035464 total
- age  10:    1137560 bytes,   23173024 total
- age  11:    1141504 bytes,   24314528 total
- age  12:    1031296 bytes,   25345824 total
- age  13:       1736 bytes,   25347560 total
- age  14:       2168 bytes,   25349728 total
- age  15:       6328 bytes,   25356056 total
, 0.0229214 secs]
   [Parallel Time: 8.9 ms, GC Workers: 30]
      [GC Worker Start (ms): Min: 489055.5, Avg: 489055.8, Max: 489056.2, Diff: 0.7]
      [Ext Root Scanning (ms): Min: 0.2, Avg: 0.6, Max: 1.3, Diff: 1.1, Sum: 17.4]
      [Update RS (ms): Min: 1.4, Avg: 1.8, Max: 2.2, Diff: 0.8, Sum: 53.2]
         [Processed Buffers: Min: 2, Avg: 3.6, Max: 16, Diff: 14, Sum: 107]
      [Scan RS (ms): Min: 0.0, Avg: 0.2, Max: 0.4, Diff: 0.4, Sum: 6.3]
      [Code Root Scanning (ms): Min: 0.0, Avg: 0.0, Max: 0.0, Diff: 0.0, Sum: 0.1]
      [Object Copy (ms): Min: 5.3, Avg: 5.6, Max: 5.7, Diff: 0.3, Sum: 167.1]
      [Termination (ms): Min: 0.0, Avg: 0.0, Max: 0.0, Diff: 0.0, Sum: 0.2]
         [Termination Attempts: Min: 1, Avg: 1.0, Max: 1, Diff: 0, Sum: 30]
      [GC Worker Other (ms): Min: 0.0, Avg: 0.2, Max: 0.3, Diff: 0.3, Sum: 4.9]
      [GC Worker Total (ms): Min: 7.9, Avg: 8.3, Max: 8.6, Diff: 0.8, Sum: 249.2]
      [GC Worker End (ms): Min: 489063.9, Avg: 489064.1, Max: 489064.2, Diff: 0.3]
   [Code Root Fixup: 0.0 ms]
   [Code Root Purge: 0.0 ms]
   [Clear CT: 2.3 ms]
   [Other: 11.6 ms]
      [Choose CSet: 0.0 ms]
      [Ref Proc: 6.6 ms]
      [Ref Enq: 0.9 ms]
      [Redirty Cards: 2.3 ms]
      [Humongous Register: 0.3 ms]
      [Humongous Reclaim: 0.1 ms]
      [Free CSet: 1.3 ms]
   [Eden: 4012.0M(4012.0M)->0.0B(4020.0M) Survivors: 36.0M->32.0M Heap: 7033.2M(8192.0M)->3015.9M(8192.0M)]
 [Times: user=0.26 sys=0.00, real=0.02 secs]
2018-04-30T04:35:26.742+0200: 489.078: Total time for which application threads were stopped: 0.0242968 seconds, Stopping threads took: 0.0003339 seconds
2018-04-30T04:35:27.178+0200: 489.514: Application time: 0.4361474 seconds
2018-04-30T04:35:27.179+0200: 489.515: [GC pause (G1 Evacuation Pause) (young)
Desired survivor size 266338304 bytes, new threshold 15 (max 15)
- age   1:    7886584 bytes,    7886584 total
- age   2:    1327600 bytes,    9214184 total
- age   3:    1177256 bytes,   10391440 total
- age   4:    2048240 bytes,   12439680 total
- age   5:    1110808 bytes,   13550488 total
- age   6:    1135552 bytes,   14686040 total
- age   7:    1161272 bytes,   15847312 total
- age   8:    1136360 bytes,   16983672 total
- age   9:    1158672 bytes,   18142344 total
- age  10:    1165760 bytes,   19308104 total
- age  11:    1137304 bytes,   20445408 total
- age  12:    1073712 bytes,   21519120 total
- age  13:       2048 bytes,   21521168 total
- age  14:       1672 bytes,   21522840 total
- age  15:       2168 bytes,   21525008 total
, 0.0265253 secs]
   [Parallel Time: 10.5 ms, GC Workers: 30]
      [GC Worker Start (ms): Min: 489516.0, Avg: 489516.4, Max: 489517.0, Diff: 1.0]
      [Ext Root Scanning (ms): Min: 0.0, Avg: 0.5, Max: 1.2, Diff: 1.2, Sum: 13.6]
      [Update RS (ms): Min: 1.4, Avg: 1.7, Max: 2.2, Diff: 0.7, Sum: 52.3]
         [Processed Buffers: Min: 2, Avg: 3.4, Max: 16, Diff: 14, Sum: 101]
      [Scan RS (ms): Min: 0.0, Avg: 0.2, Max: 0.4, Diff: 0.4, Sum: 5.9]
      [Code Root Scanning (ms): Min: 0.0, Avg: 0.0, Max: 0.0, Diff: 0.0, Sum: 0.1]
      [Object Copy (ms): Min: 7.0, Avg: 7.2, Max: 7.4, Diff: 0.4, Sum: 216.1]
      [Termination (ms): Min: 0.0, Avg: 0.0, Max: 0.0, Diff: 0.0, Sum: 0.3]
         [Termination Attempts: Min: 1, Avg: 1.0, Max: 1, Diff: 0, Sum: 30]
      [GC Worker Other (ms): Min: 0.0, Avg: 0.2, Max: 0.3, Diff: 0.3, Sum: 5.0]
      [GC Worker Total (ms): Min: 9.1, Avg: 9.8, Max: 10.3, Diff: 1.2, Sum: 293.3]
      [GC Worker End (ms): Min: 489526.1, Avg: 489526.2, Max: 489526.4, Diff: 0.3]
   [Code Root Fixup: 0.0 ms]
   [Code Root Purge: 0.0 ms]
   [Clear CT: 2.5 ms]
   [Other: 13.5 ms]
      [Choose CSet: 0.0 ms]
      [Ref Proc: 7.7 ms]
      [Ref Enq: 1.2 ms]
      [Redirty Cards: 2.4 ms]
      [Humongous Register: 0.3 ms]
      [Humongous Reclaim: 0.1 ms]
      [Free CSet: 1.5 ms]
   [Eden: 4020.0M(4020.0M)->0.0B(4004.0M) Survivors: 32.0M->40.0M Heap: 7035.9M(8192.0M)->3023.7M(8192.0M)]
 [Times: user=0.31 sys=0.00, real=0.03 secs]
2018-04-30T04:35:27.206+0200: 489.542: Total time for which application threads were stopped: 0.0280174 seconds, Stopping threads took: 0.0003822 seconds
2018-04-30T04:35:27.638+0200: 489.975: Application time: 0.4324501 seconds
2018-04-30T04:35:27.639+0200: 489.976: [GC pause (G1 Evacuation Pause) (young)
Desired survivor size 266338304 bytes, new threshold 15 (max 15)
- age   1:   12506768 bytes,   12506768 total
- age   2:    1129048 bytes,   13635816 total
- age   3:    1323744 bytes,   14959560 total
- age   4:    1175048 bytes,   16134608 total
- age   5:    2046992 bytes,   18181600 total
- age   6:    1110232 bytes,   19291832 total
- age   7:    1135296 bytes,   20427128 total
- age   8:    1161016 bytes,   21588144 total
- age   9:    1135784 bytes,   22723928 total
- age  10:    1157952 bytes,   23881880 total
- age  11:    1165312 bytes,   25047192 total
- age  12:    1071152 bytes,   26118344 total
- age  13:       1496 bytes,   26119840 total
- age  14:       1984 bytes,   26121824 total
- age  15:       1672 bytes,   26123496 total
, 0.0272146 secs]
   [Parallel Time: 12.5 ms, GC Workers: 30]
      [GC Worker Start (ms): Min: 489976.2, Avg: 489976.6, Max: 489977.3, Diff: 1.1]
      [Ext Root Scanning (ms): Min: 0.0, Avg: 0.5, Max: 1.2, Diff: 1.2, Sum: 13.7]
      [Update RS (ms): Min: 1.1, Avg: 1.8, Max: 3.2, Diff: 2.1, Sum: 54.7]
         [Processed Buffers: Min: 2, Avg: 3.2, Max: 11, Diff: 9, Sum: 96]
      [Scan RS (ms): Min: 0.0, Avg: 0.2, Max: 0.4, Diff: 0.4, Sum: 6.2]
      [Code Root Scanning (ms): Min: 0.0, Avg: 0.0, Max: 0.0, Diff: 0.0, Sum: 0.1]
      [Object Copy (ms): Min: 7.8, Avg: 9.1, Max: 9.3, Diff: 1.5, Sum: 272.1]
      [Termination (ms): Min: 0.0, Avg: 0.1, Max: 0.2, Diff: 0.2, Sum: 3.4]
         [Termination Attempts: Min: 1, Avg: 22.8, Max: 29, Diff: 28, Sum: 685]
      [GC Worker Other (ms): Min: 0.0, Avg: 0.2, Max: 0.3, Diff: 0.3, Sum: 4.9]
      [GC Worker Total (ms): Min: 11.0, Avg: 11.8, Max: 12.4, Diff: 1.4, Sum: 355.2]
      [GC Worker End (ms): Min: 489988.3, Avg: 489988.5, Max: 489988.7, Diff: 0.3]
   [Code Root Fixup: 0.0 ms]
   [Code Root Purge: 0.0 ms]
   [Clear CT: 2.2 ms]
   [Other: 12.5 ms]
      [Choose CSet: 0.0 ms]
      [Ref Proc: 7.4 ms]
      [Ref Enq: 1.1 ms]
      [Redirty Cards: 2.2 ms]
      [Humongous Register: 0.3 ms]
      [Humongous Reclaim: 0.1 ms]
      [Free CSet: 1.2 ms]
   [Eden: 4004.0M(4004.0M)->0.0B(3988.0M) Survivors: 40.0M->48.0M Heap: 7027.7M(8192.0M)->3032.8M(8192.0M)]
 [Times: user=0.37 sys=0.00, real=0.03 secs]
2018-04-30T04:35:27.667+0200: 490.003: Total time for which application threads were stopped: 0.0284865 seconds, Stopping threads took: 0.0002738 seconds
2018-04-30T04:35:28.094+0200: 490.430: Application time: 0.4269394 seconds
2018-04-30T04:35:28.095+0200: 490.431: [GC pause (G1 Evacuation Pause) (young)
Desired survivor size 266338304 bytes, new threshold 15 (max 15)
- age   1:   13318640 bytes,   13318640 total
- age   2:    1155728 bytes,   14474368 total
- age   3:    1116344 bytes,   15590712 total
- age   4:    1178824 bytes,   16769536 total
- age   5:    1173576 bytes,   17943112 total
- age   6:    2046160 bytes,   19989272 total
- age   7:    1109848 bytes,   21099120 total
- age   8:    1134848 bytes,   22233968 total
- age   9:    1160232 bytes,   23394200 total
- age  10:    1135720 bytes,   24529920 total
- age  11:    1157632 bytes,   25687552 total
- age  12:    1094808 bytes,   26782360 total
- age  13:       7840 bytes,   26790200 total
- age  14:       1432 bytes,   26791632 total
- age  15:       1856 bytes,   26793488 total
, 0.0261758 secs]
   [Parallel Time: 10.4 ms, GC Workers: 30]
      [GC Worker Start (ms): Min: 490431.7, Avg: 490432.1, Max: 490432.6, Diff: 0.9]
      [Ext Root Scanning (ms): Min: 0.1, Avg: 0.5, Max: 1.4, Diff: 1.3, Sum: 15.9]
      [Update RS (ms): Min: 1.4, Avg: 1.8, Max: 2.2, Diff: 0.8, Sum: 54.3]
         [Processed Buffers: Min: 2, Avg: 3.2, Max: 14, Diff: 12, Sum: 97]
      [Scan RS (ms): Min: 0.0, Avg: 0.2, Max: 0.5, Diff: 0.5, Sum: 5.5]
      [Code Root Scanning (ms): Min: 0.0, Avg: 0.0, Max: 0.0, Diff: 0.0, Sum: 0.1]
      [Object Copy (ms): Min: 6.6, Avg: 6.8, Max: 7.0, Diff: 0.3, Sum: 204.7]
      [Termination (ms): Min: 0.0, Avg: 0.0, Max: 0.0, Diff: 0.0, Sum: 0.2]
         [Termination Attempts: Min: 1, Avg: 1.0, Max: 1, Diff: 0, Sum: 30]
      [GC Worker Other (ms): Min: 0.0, Avg: 0.2, Max: 0.3, Diff: 0.3, Sum: 5.2]
      [GC Worker Total (ms): Min: 9.1, Avg: 9.5, Max: 9.9, Diff: 0.8, Sum: 285.8]
      [GC Worker End (ms): Min: 490441.5, Avg: 490441.7, Max: 490441.8, Diff: 0.3]
   [Code Root Fixup: 0.0 ms]
   [Code Root Purge: 0.0 ms]
   [Clear CT: 2.4 ms]
   [Other: 13.4 ms]
      [Choose CSet: 0.0 ms]
      [Ref Proc: 7.7 ms]
      [Ref Enq: 1.1 ms]
      [Redirty Cards: 2.6 ms]
      [Humongous Register: 0.3 ms]
      [Humongous Reclaim: 0.1 ms]
      [Free CSet: 1.3 ms]
   [Eden: 3988.0M(3988.0M)->0.0B(3996.0M) Survivors: 48.0M->44.0M Heap: 7020.8M(8192.0M)->3027.3M(8192.0M)]
 [Times: user=0.31 sys=0.00, real=0.02 secs]
2018-04-30T04:35:28.121+0200: 490.458: Total time for which application threads were stopped: 0.0275205 seconds, Stopping threads took: 0.0003342 seconds
2018-04-30T04:35:28.556+0200: 490.892: Application time: 0.4344498 seconds
2018-04-30T04:35:28.557+0200: 490.893: [GC pause (G1 Evacuation Pause) (young)
Desired survivor size 266338304 bytes, new threshold 15 (max 15)
- age   1:   11056832 bytes,   11056832 total
- age   2:    1405368 bytes,   12462200 total
- age   3:    1150872 bytes,   13613072 total
- age   4:    1114840 bytes,   14727912 total
- age   5:    1176928 bytes,   15904840 total
- age   6:    1172872 bytes,   17077712 total
- age   7:    2045776 bytes,   19123488 total
- age   8:    1109720 bytes,   20233208 total
- age   9:    1134784 bytes,   21367992 total
- age  10:    1160104 bytes,   22528096 total
- age  11:    1135720 bytes,   23663816 total
- age  12:    1101032 bytes,   24764848 total
- age  13:       7392 bytes,   24772240 total
- age  14:       7776 bytes,   24780016 total
- age  15:       1432 bytes,   24781448 total
, 0.0250856 secs]
   [Parallel Time: 10.3 ms, GC Workers: 30]
      [GC Worker Start (ms): Min: 490894.0, Avg: 490894.7, Max: 490895.3, Diff: 1.2]
      [Ext Root Scanning (ms): Min: 0.0, Avg: 0.5, Max: 1.2, Diff: 1.2, Sum: 14.1]
      [Update RS (ms): Min: 1.3, Avg: 1.7, Max: 2.1, Diff: 0.8, Sum: 52.1]
         [Processed Buffers: Min: 2, Avg: 3.1, Max: 10, Diff: 8, Sum: 92]
      [Scan RS (ms): Min: 0.0, Avg: 0.2, Max: 0.4, Diff: 0.4, Sum: 6.4]
      [Code Root Scanning (ms): Min: 0.0, Avg: 0.0, Max: 0.0, Diff: 0.0, Sum: 0.1]
      [Object Copy (ms): Min: 6.4, Avg: 6.6, Max: 6.7, Diff: 0.3, Sum: 198.4]
      [Termination (ms): Min: 0.0, Avg: 0.0, Max: 0.0, Diff: 0.0, Sum: 0.2]
         [Termination Attempts: Min: 1, Avg: 1.0, Max: 1, Diff: 0, Sum: 30]
      [GC Worker Other (ms): Min: 0.0, Avg: 0.2, Max: 0.4, Diff: 0.3, Sum: 5.8]
      [GC Worker Total (ms): Min: 8.6, Avg: 9.2, Max: 10.0, Diff: 1.4, Sum: 277.1]
      [GC Worker End (ms): Min: 490903.7, Avg: 490903.9, Max: 490904.1, Diff: 0.3]
   [Code Root Fixup: 0.0 ms]
   [Code Root Purge: 0.0 ms]
   [Clear CT: 2.3 ms]
   [Other: 12.5 ms]
      [Choose CSet: 0.0 ms]
      [Ref Proc: 7.3 ms]
      [Ref Enq: 1.2 ms]
      [Redirty Cards: 2.0 ms]
      [Humongous Register: 0.4 ms]
      [Humongous Reclaim: 0.1 ms]
      [Free CSet: 1.3 ms]
   [Eden: 3996.0M(3996.0M)->0.0B(4012.0M) Survivors: 44.0M->36.0M Heap: 7023.3M(8192.0M)->3019.2M(8192.0M)]
 [Times: user=0.29 sys=0.01, real=0.02 secs]
2018-04-30T04:35:28.582+0200: 490.919: Total time for which application threads were stopped: 0.0265869 seconds, Stopping threads took: 0.0003213 seconds
2018-04-30T04:35:29.041+0200: 491.377: Application time: 0.4580979 seconds
2018-04-30T04:35:29.042+0200: 491.378: [GC pause (G1 Evacuation Pause) (young)
Desired survivor size 266338304 bytes, new threshold 15 (max 15)
- age   1:    9574784 bytes,    9574784 total
- age   2:    1158080 bytes,   10732864 total
- age   3:    1401640 bytes,   12134504 total
- age   4:    1148920 bytes,   13283424 total
- age   5:    1113432 bytes,   14396856 total
- age   6:    1175520 bytes,   15572376 total
- age   7:    1172040 bytes,   16744416 total
- age   8:    2039888 bytes,   18784304 total
- age   9:    1109464 bytes,   19893768 total
- age  10:    1134592 bytes,   21028360 total
- age  11:    1159640 bytes,   22188000 total
- age  12:    1135592 bytes,   23323592 total
- age  13:       6856 bytes,   23330448 total
- age  14:       6800 bytes,   23337248 total
- age  15:       7584 bytes,   23344832 total
, 0.0271020 secs]
   [Parallel Time: 10.4 ms, GC Workers: 30]
      [GC Worker Start (ms): Min: 491378.4, Avg: 491378.8, Max: 491379.3, Diff: 1.0]
      [Ext Root Scanning (ms): Min: 0.0, Avg: 0.5, Max: 1.5, Diff: 1.5, Sum: 15.6]
      [Update RS (ms): Min: 1.5, Avg: 1.8, Max: 2.2, Diff: 0.7, Sum: 53.6]
         [Processed Buffers: Min: 1, Avg: 3.2, Max: 12, Diff: 11, Sum: 95]
      [Scan RS (ms): Min: 0.0, Avg: 0.2, Max: 0.5, Diff: 0.5, Sum: 6.1]
      [Code Root Scanning (ms): Min: 0.0, Avg: 0.0, Max: 0.0, Diff: 0.0, Sum: 0.1]
      [Object Copy (ms): Min: 6.7, Avg: 6.9, Max: 7.0, Diff: 0.4, Sum: 207.0]
      [Termination (ms): Min: 0.0, Avg: 0.0, Max: 0.0, Diff: 0.0, Sum: 0.3]
         [Termination Attempts: Min: 1, Avg: 1.0, Max: 1, Diff: 0, Sum: 30]
      [GC Worker Other (ms): Min: 0.0, Avg: 0.2, Max: 0.4, Diff: 0.3, Sum: 5.2]
      [GC Worker Total (ms): Min: 9.2, Avg: 9.6, Max: 10.2, Diff: 1.0, Sum: 287.9]
      [GC Worker End (ms): Min: 491388.3, Avg: 491388.4, Max: 491388.6, Diff: 0.3]
   [Code Root Fixup: 0.0 ms]
   [Code Root Purge: 0.0 ms]
   [Clear CT: 2.6 ms]
   [Other: 14.1 ms]
      [Choose CSet: 0.0 ms]
      [Ref Proc: 8.0 ms]
      [Ref Enq: 1.2 ms]
      [Redirty Cards: 2.9 ms]
      [Humongous Register: 0.3 ms]
      [Humongous Reclaim: 0.1 ms]
      [Free CSet: 1.3 ms]
   [Eden: 4012.0M(4012.0M)->0.0B(4012.0M) Survivors: 36.0M->36.0M Heap: 7031.2M(8192.0M)->3020.7M(8192.0M)]
 [Times: user=0.31 sys=0.00, real=0.03 secs]
2018-04-30T04:35:29.069+0200: 491.405: Total time for which application threads were stopped: 0.0283826 seconds, Stopping threads took: 0.0002744 seconds
2018-04-30T04:35:29.547+0200: 491.884: Application time: 0.4784354 seconds
2018-04-30T04:35:29.549+0200: 491.885: [GC pause (G1 Evacuation Pause) (young)
Desired survivor size 266338304 bytes, new threshold 15 (max 15)
- age   1:   10698088 bytes,   10698088 total
- age   2:    1238000 bytes,   11936088 total
- age   3:    1154800 bytes,   13090888 total
- age   4:    1400072 bytes,   14490960 total
- age   5:    1148024 bytes,   15638984 total
- age   6:    1112728 bytes,   16751712 total
- age   7:    1174624 bytes,   17926336 total
- age   8:    1171848 bytes,   19098184 total
- age   9:    2039632 bytes,   21137816 total
- age  10:    1109336 bytes,   22247152 total
- age  11:    1134464 bytes,   23381616 total
- age  12:    1151616 bytes,   24533232 total
- age  13:       5712 bytes,   24538944 total
- age  14:       6520 bytes,   24545464 total
- age  15:       6672 bytes,   24552136 total
, 0.0247979 secs]
   [Parallel Time: 9.7 ms, GC Workers: 30]
      [GC Worker Start (ms): Min: 491885.3, Avg: 491885.8, Max: 491886.3, Diff: 1.0]
      [Ext Root Scanning (ms): Min: 0.0, Avg: 0.5, Max: 1.2, Diff: 1.2, Sum: 14.0]
      [Update RS (ms): Min: 1.1, Avg: 1.7, Max: 2.4, Diff: 1.2, Sum: 51.6]
         [Processed Buffers: Min: 1, Avg: 3.2, Max: 15, Diff: 14, Sum: 95]
      [Scan RS (ms): Min: 0.0, Avg: 0.2, Max: 0.5, Diff: 0.5, Sum: 6.9]
      [Code Root Scanning (ms): Min: 0.0, Avg: 0.0, Max: 0.0, Diff: 0.0, Sum: 0.1]
      [Object Copy (ms): Min: 5.8, Avg: 6.2, Max: 6.4, Diff: 0.6, Sum: 186.6]
      [Termination (ms): Min: 0.0, Avg: 0.0, Max: 0.0, Diff: 0.0, Sum: 0.3]
         [Termination Attempts: Min: 1, Avg: 1.0, Max: 1, Diff: 0, Sum: 30]
      [GC Worker Other (ms): Min: 0.0, Avg: 0.2, Max: 0.3, Diff: 0.3, Sum: 5.0]
      [GC Worker Total (ms): Min: 8.2, Avg: 8.8, Max: 9.4, Diff: 1.2, Sum: 264.5]
      [GC Worker End (ms): Min: 491894.5, Avg: 491894.6, Max: 491894.8, Diff: 0.3]
   [Code Root Fixup: 0.0 ms]
   [Code Root Purge: 0.0 ms]
   [Clear CT: 2.6 ms]
   [Other: 12.5 ms]
      [Choose CSet: 0.0 ms]
      [Ref Proc: 7.1 ms]
      [Ref Enq: 0.9 ms]
      [Redirty Cards: 2.7 ms]
      [Humongous Register: 0.3 ms]
      [Humongous Reclaim: 0.1 ms]
      [Free CSet: 1.2 ms]
   [Eden: 4012.0M(4012.0M)->0.0B(4012.0M) Survivors: 36.0M->36.0M Heap: 7032.7M(8192.0M)->3020.7M(8192.0M)]
 [Times: user=0.29 sys=0.00, real=0.03 secs]
2018-04-30T04:35:29.574+0200: 491.910: Total time for which application threads were stopped: 0.0261818 seconds, Stopping threads took: 0.0003519 seconds
2018-04-30T04:35:30.031+0200: 492.367: Application time: 0.4575801 seconds
2018-04-30T04:35:30.032+0200: 492.368: [GC pause (G1 Evacuation Pause) (young)
Desired survivor size 266338304 bytes, new threshold 15 (max 15)
- age   1:    9463512 bytes,    9463512 total
- age   2:    1177520 bytes,   10641032 total
- age   3:    1233816 bytes,   11874848 total
- age   4:    1153456 bytes,   13028304 total
- age   5:    1395400 bytes,   14423704 total
- age   6:    1147448 bytes,   15571152 total
- age   7:    1112472 bytes,   16683624 total
- age   8:    1174176 bytes,   17857800 total
- age   9:    1171848 bytes,   19029648 total
- age  10:    2039504 bytes,   21069152 total
- age  11:    1109272 bytes,   22178424 total
- age  12:    1134336 bytes,   23312760 total
- age  13:     108088 bytes,   23420848 total
- age  14:       5712 bytes,   23426560 total
- age  15:       6520 bytes,   23433080 total
, 0.0253340 secs]
   [Parallel Time: 11.6 ms, GC Workers: 30]
      [GC Worker Start (ms): Min: 492369.0, Avg: 492369.9, Max: 492379.8, Diff: 10.9]
      [Ext Root Scanning (ms): Min: 0.0, Avg: 0.4, Max: 1.1, Diff: 1.1, Sum: 12.1]
      [Update RS (ms): Min: 0.0, Avg: 1.7, Max: 2.2, Diff: 2.2, Sum: 52.5]
         [Processed Buffers: Min: 0, Avg: 3.0, Max: 10, Diff: 10, Sum: 91]
      [Scan RS (ms): Min: 0.0, Avg: 0.2, Max: 0.5, Diff: 0.5, Sum: 6.2]
      [Code Root Scanning (ms): Min: 0.0, Avg: 0.0, Max: 0.0, Diff: 0.0, Sum: 0.1]
      [Object Copy (ms): Min: 0.0, Avg: 7.0, Max: 7.3, Diff: 7.3, Sum: 208.7]
      [Termination (ms): Min: 0.0, Avg: 0.9, Max: 1.1, Diff: 1.1, Sum: 27.6]
         [Termination Attempts: Min: 1, Avg: 1.0, Max: 1, Diff: 0, Sum: 30]
      [GC Worker Other (ms): Min: 0.0, Avg: 0.0, Max: 0.0, Diff: 0.0, Sum: 0.7]
      [GC Worker Total (ms): Min: 0.1, Avg: 10.3, Max: 11.2, Diff: 11.2, Sum: 307.7]
      [GC Worker End (ms): Min: 492379.9, Avg: 492380.1, Max: 492380.3, Diff: 0.3]
   [Code Root Fixup: 0.0 ms]
   [Code Root Purge: 0.0 ms]
   [Clear CT: 1.7 ms]
   [Other: 12.0 ms]
      [Choose CSet: 0.0 ms]
      [Ref Proc: 6.8 ms]
      [Ref Enq: 0.9 ms]
      [Redirty Cards: 2.6 ms]
      [Humongous Register: 0.3 ms]
      [Humongous Reclaim: 0.1 ms]
      [Free CSet: 1.2 ms]
   [Eden: 4012.0M(4012.0M)->0.0B(4012.0M) Survivors: 36.0M->36.0M Heap: 7032.7M(8192.0M)->3020.0M(8192.0M)]
 [Times: user=0.33 sys=0.00, real=0.02 secs]
2018-04-30T04:35:30.058+0200: 492.394: Total time for which application threads were stopped: 0.0266098 seconds, Stopping threads took: 0.0002777 seconds
2018-04-30T04:35:30.613+0200: 492.949: Application time: 0.5549690 seconds
2018-04-30T04:35:30.614+0200: 492.950: [GC pause (G1 Evacuation Pause) (young)
Desired survivor size 266338304 bytes, new threshold 15 (max 15)
- age   1:   10585888 bytes,   10585888 total
- age   2:    1054920 bytes,   11640808 total
- age   3:    1147368 bytes,   12788176 total
- age   4:    1107920 bytes,   13896096 total
- age   5:    1149104 bytes,   15045200 total
- age   6:    1141792 bytes,   16186992 total
- age   7:    1147192 bytes,   17334184 total
- age   8:    1112152 bytes,   18446336 total
- age   9:    1173920 bytes,   19620256 total
- age  10:    1171784 bytes,   20792040 total
- age  11:    2039312 bytes,   22831352 total
- age  12:    1109272 bytes,   23940624 total
- age  13:     174752 bytes,   24115376 total
- age  14:       4832 bytes,   24120208 total
- age  15:       5648 bytes,   24125856 total
, 0.0234901 secs]
   [Parallel Time: 10.1 ms, GC Workers: 30]
      [GC Worker Start (ms): Min: 492950.5, Avg: 492951.1, Max: 492951.6, Diff: 1.1]
      [Ext Root Scanning (ms): Min: 0.0, Avg: 0.5, Max: 1.2, Diff: 1.2, Sum: 13.7]
      [Update RS (ms): Min: 1.2, Avg: 1.7, Max: 2.4, Diff: 1.2, Sum: 51.2]
         [Processed Buffers: Min: 1, Avg: 2.8, Max: 10, Diff: 9, Sum: 84]
      [Scan RS (ms): Min: 0.0, Avg: 0.2, Max: 0.5, Diff: 0.4, Sum: 5.7]
      [Code Root Scanning (ms): Min: 0.0, Avg: 0.0, Max: 0.1, Diff: 0.1, Sum: 0.1]
      [Object Copy (ms): Min: 6.2, Avg: 6.8, Max: 6.9, Diff: 0.7, Sum: 203.3]
      [Termination (ms): Min: 0.0, Avg: 0.0, Max: 0.0, Diff: 0.0, Sum: 0.3]
         [Termination Attempts: Min: 1, Avg: 1.0, Max: 1, Diff: 0, Sum: 30]
      [GC Worker Other (ms): Min: 0.0, Avg: 0.2, Max: 0.3, Diff: 0.3, Sum: 4.8]
      [GC Worker Total (ms): Min: 8.7, Avg: 9.3, Max: 9.8, Diff: 1.1, Sum: 279.3]
      [GC Worker End (ms): Min: 492960.3, Avg: 492960.4, Max: 492960.6, Diff: 0.3]
   [Code Root Fixup: 0.0 ms]
   [Code Root Purge: 0.0 ms]
   [Clear CT: 1.4 ms]
   [Other: 12.0 ms]
      [Choose CSet: 0.0 ms]
      [Ref Proc: 6.8 ms]
      [Ref Enq: 0.9 ms]
      [Redirty Cards: 2.4 ms]
      [Humongous Register: 0.3 ms]
      [Humongous Reclaim: 0.1 ms]
      [Free CSet: 1.2 ms]
   [Eden: 4012.0M(4012.0M)->0.0B(4012.0M) Survivors: 36.0M->36.0M Heap: 7032.0M(8192.0M)->3020.8M(8192.0M)]
 [Times: user=0.30 sys=0.00, real=0.02 secs]
2018-04-30T04:35:30.637+0200: 492.974: Total time for which application threads were stopped: 0.0247587 seconds, Stopping threads took: 0.0002893 seconds
2018-04-30T04:35:31.155+0200: 493.492: Application time: 0.5179289 seconds
2018-04-30T04:35:31.156+0200: 493.493: [GC pause (G1 Evacuation Pause) (young)
Desired survivor size 266338304 bytes, new threshold 15 (max 15)
- age   1:   10909168 bytes,   10909168 total
- age   2:    1522856 bytes,   12432024 total
- age   3:    1050944 bytes,   13482968 total
- age   4:    1145736 bytes,   14628704 total
- age   5:    1106864 bytes,   15735568 total
- age   6:    1148648 bytes,   16884216 total
- age   7:    1141408 bytes,   18025624 total
- age   8:    1147128 bytes,   19172752 total
- age   9:    1112152 bytes,   20284904 total
- age  10:    1173792 bytes,   21458696 total
- age  11:    1171720 bytes,   22630416 total
- age  12:    2039312 bytes,   24669728 total
- age  13:     242208 bytes,   24911936 total
- age  14:       3936 bytes,   24915872 total
- age  15:       4832 bytes,   24920704 total
, 0.0250450 secs]
   [Parallel Time: 10.6 ms, GC Workers: 30]
      [GC Worker Start (ms): Min: 493493.2, Avg: 493493.6, Max: 493494.1, Diff: 1.0]
      [Ext Root Scanning (ms): Min: 0.0, Avg: 0.5, Max: 1.2, Diff: 1.2, Sum: 14.2]
      [Update RS (ms): Min: 1.2, Avg: 1.7, Max: 2.1, Diff: 0.9, Sum: 51.1]
         [Processed Buffers: Min: 1, Avg: 2.9, Max: 11, Diff: 10, Sum: 86]
      [Scan RS (ms): Min: 0.0, Avg: 0.2, Max: 0.6, Diff: 0.5, Sum: 6.0]
      [Code Root Scanning (ms): Min: 0.0, Avg: 0.0, Max: 0.1, Diff: 0.1, Sum: 0.1]
      [Object Copy (ms): Min: 6.8, Avg: 7.1, Max: 7.3, Diff: 0.5, Sum: 212.6]
      [Termination (ms): Min: 0.0, Avg: 0.0, Max: 0.0, Diff: 0.0, Sum: 0.2]
         [Termination Attempts: Min: 1, Avg: 1.0, Max: 1, Diff: 0, Sum: 30]
      [GC Worker Other (ms): Min: 0.0, Avg: 0.2, Max: 0.4, Diff: 0.4, Sum: 5.8]
      [GC Worker Total (ms): Min: 9.1, Avg: 9.7, Max: 10.2, Diff: 1.1, Sum: 290.0]
      [GC Worker End (ms): Min: 493503.1, Avg: 493503.3, Max: 493503.5, Diff: 0.3]
   [Code Root Fixup: 0.0 ms]
   [Code Root Purge: 0.0 ms]
   [Clear CT: 2.0 ms]
   [Other: 12.5 ms]
      [Choose CSet: 0.0 ms]
      [Ref Proc: 7.3 ms]
      [Ref Enq: 1.2 ms]
      [Redirty Cards: 2.1 ms]
      [Humongous Register: 0.3 ms]
      [Humongous Reclaim: 0.1 ms]
      [Free CSet: 1.3 ms]
   [Eden: 4012.0M(4012.0M)->0.0B(4012.0M) Survivors: 36.0M->36.0M Heap: 7032.8M(8192.0M)->3019.3M(8192.0M)]
 [Times: user=0.31 sys=0.01, real=0.02 secs]
2018-04-30T04:35:31.182+0200: 493.518: Total time for which application threads were stopped: 0.0263017 seconds, Stopping threads took: 0.0003007 seconds
2018-04-30T04:35:31.738+0200: 494.075: Application time: 0.5567209 seconds
2018-04-30T04:35:31.739+0200: 494.076: [GC pause (G1 Evacuation Pause) (young)
Desired survivor size 266338304 bytes, new threshold 15 (max 15)
- age   1:    9134344 bytes,    9134344 total
- age   2:    1065232 bytes,   10199576 total
- age   3:    1519640 bytes,   11719216 total
- age   4:    1049760 bytes,   12768976 total
- age   5:    1144616 bytes,   13913592 total
- age   6:    1106352 bytes,   15019944 total
- age   7:    1148456 bytes,   16168400 total
- age   8:    1140768 bytes,   17309168 total
- age   9:    1147128 bytes,   18456296 total
- age  10:    1112152 bytes,   19568448 total
- age  11:    1173728 bytes,   20742176 total
- age  12:    1171720 bytes,   21913896 total
- age  13:    1246912 bytes,   23160808 total
- age  14:       3392 bytes,   23164200 total
- age  15:       3936 bytes,   23168136 total
, 0.0231359 secs]
   [Parallel Time: 9.9 ms, GC Workers: 30]
      [GC Worker Start (ms): Min: 494076.2, Avg: 494076.6, Max: 494077.2, Diff: 1.1]
      [Ext Root Scanning (ms): Min: 0.0, Avg: 0.5, Max: 1.2, Diff: 1.2, Sum: 13.9]
      [Update RS (ms): Min: 1.2, Avg: 1.7, Max: 2.1, Diff: 1.0, Sum: 50.4]
         [Processed Buffers: Min: 1, Avg: 2.5, Max: 13, Diff: 12, Sum: 76]
      [Scan RS (ms): Min: 0.0, Avg: 0.2, Max: 0.6, Diff: 0.5, Sum: 6.1]
      [Code Root Scanning (ms): Min: 0.0, Avg: 0.0, Max: 0.1, Diff: 0.1, Sum: 0.1]
      [Object Copy (ms): Min: 6.1, Avg: 6.4, Max: 6.6, Diff: 0.5, Sum: 192.9]
      [Termination (ms): Min: 0.0, Avg: 0.0, Max: 0.0, Diff: 0.0, Sum: 0.5]
         [Termination Attempts: Min: 1, Avg: 1.3, Max: 3, Diff: 2, Sum: 40]
      [GC Worker Other (ms): Min: 0.0, Avg: 0.2, Max: 0.3, Diff: 0.3, Sum: 4.8]
      [GC Worker Total (ms): Min: 8.3, Avg: 9.0, Max: 9.5, Diff: 1.2, Sum: 268.8]
      [GC Worker End (ms): Min: 494085.5, Avg: 494085.6, Max: 494085.8, Diff: 0.3]
   [Code Root Fixup: 0.0 ms]
   [Code Root Purge: 0.0 ms]
   [Clear CT: 2.3 ms]
   [Other: 11.0 ms]
      [Choose CSet: 0.0 ms]
      [Ref Proc: 6.4 ms]
      [Ref Enq: 0.8 ms]
      [Redirty Cards: 1.9 ms]
      [Humongous Register: 0.3 ms]
      [Humongous Reclaim: 0.1 ms]
      [Free CSet: 1.3 ms]
   [Eden: 4012.0M(4012.0M)->0.0B(4012.0M) Survivors: 36.0M->36.0M Heap: 7031.3M(8192.0M)->3019.3M(8192.0M)]
 [Times: user=0.29 sys=0.00, real=0.02 secs]
2018-04-30T04:35:31.763+0200: 494.099: Total time for which application threads were stopped: 0.0243182 seconds, Stopping threads took: 0.0002456 seconds
2018-04-30T04:35:32.409+0200: 494.745: Application time: 0.6460186 seconds
2018-04-30T04:35:32.410+0200: 494.746: [GC pause (G1 Evacuation Pause) (young)
Desired survivor size 266338304 bytes, new threshold 15 (max 15)
- age   1:    9181872 bytes,    9181872 total
- age   2:    1047056 bytes,   10228928 total
- age   3:    1056208 bytes,   11285136 total
- age   4:    1515864 bytes,   12801000 total
- age   5:    1049120 bytes,   13850120 total
- age   6:    1144360 bytes,   14994480 total
- age   7:    1106288 bytes,   16100768 total
- age   8:    1148328 bytes,   17249096 total
- age   9:    1140512 bytes,   18389608 total
- age  10:    1147128 bytes,   19536736 total
- age  11:    1112152 bytes,   20648888 total
- age  12:    1173664 bytes,   21822552 total
- age  13:     557440 bytes,   22379992 total
- age  14:     894888 bytes,   23274880 total
- age  15:       3392 bytes,   23278272 total
, 0.0232499 secs]
   [Parallel Time: 9.1 ms, GC Workers: 30]
      [GC Worker Start (ms): Min: 494746.4, Avg: 494746.9, Max: 494747.5, Diff: 1.1]
      [Ext Root Scanning (ms): Min: 0.0, Avg: 0.4, Max: 1.2, Diff: 1.2, Sum: 12.7]
      [Update RS (ms): Min: 1.0, Avg: 1.6, Max: 2.1, Diff: 1.1, Sum: 49.0]
         [Processed Buffers: Min: 1, Avg: 2.5, Max: 11, Diff: 10, Sum: 75]
      [Scan RS (ms): Min: 0.0, Avg: 0.2, Max: 0.6, Diff: 0.6, Sum: 6.5]
      [Code Root Scanning (ms): Min: 0.0, Avg: 0.0, Max: 0.1, Diff: 0.1, Sum: 0.1]
      [Object Copy (ms): Min: 5.3, Avg: 5.7, Max: 5.9, Diff: 0.6, Sum: 169.9]
      [Termination (ms): Min: 0.0, Avg: 0.0, Max: 0.0, Diff: 0.0, Sum: 0.3]
         [Termination Attempts: Min: 1, Avg: 1.0, Max: 1, Diff: 0, Sum: 30]
      [GC Worker Other (ms): Min: 0.0, Avg: 0.2, Max: 0.3, Diff: 0.3, Sum: 5.2]
      [GC Worker Total (ms): Min: 7.5, Avg: 8.1, Max: 8.8, Diff: 1.3, Sum: 243.8]
      [GC Worker End (ms): Min: 494754.9, Avg: 494755.0, Max: 494755.2, Diff: 0.3]
   [Code Root Fixup: 0.0 ms]
   [Code Root Purge: 0.0 ms]
   [Clear CT: 2.4 ms]
   [Other: 11.8 ms]
      [Choose CSet: 0.0 ms]
      [Ref Proc: 6.1 ms]
      [Ref Enq: 0.8 ms]
      [Redirty Cards: 2.7 ms]
      [Humongous Register: 0.3 ms]
      [Humongous Reclaim: 0.1 ms]
      [Free CSet: 1.7 ms]
   [Eden: 4012.0M(4012.0M)->0.0B(4020.0M) Survivors: 36.0M->32.0M Heap: 7031.3M(8192.0M)->3017.5M(8192.0M)]
 [Times: user=0.27 sys=0.00, real=0.03 secs]
2018-04-30T04:35:32.433+0200: 494.770: Total time for which application threads were stopped: 0.0244579 seconds, Stopping threads took: 0.0002257 seconds
2018-04-30T04:35:33.125+0200: 495.462: Application time: 0.6922055 seconds
2018-04-30T04:35:33.126+0200: 495.463: [GC pause (G1 Evacuation Pause) (young)
Desired survivor size 266338304 bytes, new threshold 15 (max 15)
- age   1:    7289112 bytes,    7289112 total
- age   2:    1130208 bytes,    8419320 total
- age   3:    1044192 bytes,    9463512 total
- age   4:    1054440 bytes,   10517952 total
- age   5:    1515272 bytes,   12033224 total
- age   6:    1048768 bytes,   13081992 total
- age   7:    1144232 bytes,   14226224 total
- age   8:    1106288 bytes,   15332512 total
- age   9:    1148328 bytes,   16480840 total
- age  10:    1140448 bytes,   17621288 total
- age  11:    1146792 bytes,   18768080 total
- age  12:    1110232 bytes,   19878312 total
- age  13:     779616 bytes,   20657928 total
- age  14:       5728 bytes,   20663656 total
- age  15:     881448 bytes,   21545104 total
, 0.0228436 secs]
   [Parallel Time: 8.8 ms, GC Workers: 30]
      [GC Worker Start (ms): Min: 495463.2, Avg: 495463.9, Max: 495464.4, Diff: 1.2]
      [Ext Root Scanning (ms): Min: 0.0, Avg: 0.5, Max: 1.3, Diff: 1.3, Sum: 14.5]
      [Update RS (ms): Min: 1.0, Avg: 1.7, Max: 2.5, Diff: 1.5, Sum: 51.0]
         [Processed Buffers: Min: 1, Avg: 2.3, Max: 12, Diff: 11, Sum: 70]
      [Scan RS (ms): Min: 0.0, Avg: 0.2, Max: 0.6, Diff: 0.6, Sum: 7.1]
      [Code Root Scanning (ms): Min: 0.0, Avg: 0.0, Max: 0.1, Diff: 0.1, Sum: 0.1]
      [Object Copy (ms): Min: 4.6, Avg: 5.2, Max: 5.5, Diff: 0.9, Sum: 155.9]
      [Termination (ms): Min: 0.0, Avg: 0.0, Max: 0.0, Diff: 0.0, Sum: 0.6]
         [Termination Attempts: Min: 1, Avg: 3.0, Max: 5, Diff: 4, Sum: 89]
      [GC Worker Other (ms): Min: 0.0, Avg: 0.2, Max: 0.4, Diff: 0.3, Sum: 5.3]
      [GC Worker Total (ms): Min: 7.2, Avg: 7.8, Max: 8.7, Diff: 1.4, Sum: 234.6]
      [GC Worker End (ms): Min: 495471.6, Avg: 495471.7, Max: 495471.9, Diff: 0.3]
   [Code Root Fixup: 0.0 ms]
   [Code Root Purge: 0.0 ms]
   [Clear CT: 2.5 ms]
   [Other: 11.5 ms]
      [Choose CSet: 0.0 ms]
      [Ref Proc: 5.8 ms]
      [Ref Enq: 0.8 ms]
      [Redirty Cards: 2.9 ms]
      [Humongous Register: 0.4 ms]
      [Humongous Reclaim: 0.1 ms]
      [Free CSet: 1.4 ms]
   [Eden: 4020.0M(4020.0M)->0.0B(4020.0M) Survivors: 32.0M->32.0M Heap: 7037.5M(8192.0M)->3016.8M(8192.0M)]
 [Times: user=0.24 sys=0.02, real=0.02 secs]
2018-04-30T04:35:33.149+0200: 495.486: Total time for which application threads were stopped: 0.0240549 seconds, Stopping threads took: 0.0001746 seconds
2018-04-30T04:35:33.917+0200: 496.253: Application time: 0.7671377 seconds
2018-04-30T04:35:33.918+0200: 496.254: [GC pause (G1 Evacuation Pause) (young)
Desired survivor size 266338304 bytes, new threshold 15 (max 15)
- age   1:    5286536 bytes,    5286536 total
- age   2:     965736 bytes,    6252272 total
- age   3:    1126856 bytes,    7379128 total
- age   4:    1043232 bytes,    8422360 total
- age   5:    1053992 bytes,    9476352 total
- age   6:    1515048 bytes,   10991400 total
- age   7:    1048704 bytes,   12040104 total
- age   8:    1143976 bytes,   13184080 total
- age   9:    1106224 bytes,   14290304 total
- age  10:    1148328 bytes,   15438632 total
- age  11:    1140448 bytes,   16579080 total
- age  12:    1146728 bytes,   17725808 total
- age  13:    1011088 bytes,   18736896 total
- age  14:       7408 bytes,   18744304 total
- age  15:       5728 bytes,   18750032 total
, 0.0266239 secs]
   [Parallel Time: 12.9 ms, GC Workers: 30]
      [GC Worker Start (ms): Min: 496254.6, Avg: 496255.6, Max: 496259.9, Diff: 5.3]
      [Ext Root Scanning (ms): Min: 0.0, Avg: 0.4, Max: 1.3, Diff: 1.3, Sum: 13.3]
      [Update RS (ms): Min: 0.0, Avg: 1.6, Max: 2.4, Diff: 2.4, Sum: 49.2]
         [Processed Buffers: Min: 0, Avg: 2.2, Max: 9, Diff: 9, Sum: 65]
      [Scan RS (ms): Min: 0.0, Avg: 0.2, Max: 0.7, Diff: 0.6, Sum: 6.3]
      [Code Root Scanning (ms): Min: 0.0, Avg: 0.0, Max: 0.1, Diff: 0.1, Sum: 0.1]
      [Object Copy (ms): Min: 5.0, Avg: 7.2, Max: 8.9, Diff: 3.9, Sum: 215.6]
      [Termination (ms): Min: 0.0, Avg: 1.9, Max: 2.1, Diff: 2.1, Sum: 55.8]
         [Termination Attempts: Min: 1, Avg: 17.2, Max: 22, Diff: 21, Sum: 516]
      [GC Worker Other (ms): Min: 0.0, Avg: 0.0, Max: 0.1, Diff: 0.1, Sum: 1.2]
      [GC Worker Total (ms): Min: 7.1, Avg: 11.4, Max: 12.5, Diff: 5.4, Sum: 341.5]
      [GC Worker End (ms): Min: 496266.9, Avg: 496267.0, Max: 496267.1, Diff: 0.2]
   [Code Root Fixup: 0.0 ms]
   [Code Root Purge: 0.0 ms]
   [Clear CT: 3.0 ms]
   [Other: 10.8 ms]
      [Choose CSet: 0.0 ms]
      [Ref Proc: 5.3 ms]
      [Ref Enq: 0.7 ms]
      [Redirty Cards: 2.6 ms]
      [Humongous Register: 0.4 ms]
      [Humongous Reclaim: 0.1 ms]
      [Free CSet: 1.4 ms]
   [Eden: 4020.0M(4020.0M)->0.0B(4020.0M) Survivors: 32.0M->32.0M Heap: 7036.8M(8192.0M)->3016.6M(8192.0M)]
 [Times: user=0.36 sys=0.01, real=0.03 secs]
2018-04-30T04:35:33.945+0200: 496.281: Total time for which application threads were stopped: 0.0279277 seconds, Stopping threads took: 0.0002519 seconds
2018-04-30T04:35:34.840+0200: 497.176: Application time: 0.8952416 seconds
2018-04-30T04:35:34.841+0200: 497.177: [GC pause (G1 Evacuation Pause) (young)
Desired survivor size 266338304 bytes, new threshold 15 (max 15)
- age   1:    5491904 bytes,    5491904 total
- age   2:     877568 bytes,    6369472 total
- age   3:     963344 bytes,    7332816 total
- age   4:    1125576 bytes,    8458392 total
- age   5:    1042976 bytes,    9501368 total
- age   6:    1053576 bytes,   10554944 total
- age   7:    1514984 bytes,   12069928 total
- age   8:    1048640 bytes,   13118568 total
- age   9:    1143912 bytes,   14262480 total
- age  10:    1105824 bytes,   15368304 total
- age  11:    1148328 bytes,   16516632 total
- age  12:    1140384 bytes,   17657016 total
- age  13:    1146728 bytes,   18803744 total
- age  14:     186520 bytes,   18990264 total
- age  15:       7408 bytes,   18997672 total
, 0.0248490 secs]
   [Parallel Time: 10.0 ms, GC Workers: 30]
      [GC Worker Start (ms): Min: 497177.5, Avg: 497178.2, Max: 497178.7, Diff: 1.2]
      [Ext Root Scanning (ms): Min: 0.0, Avg: 0.4, Max: 1.2, Diff: 1.1, Sum: 12.6]
      [Update RS (ms): Min: 0.9, Avg: 1.6, Max: 2.6, Diff: 1.7, Sum: 49.0]
         [Processed Buffers: Min: 1, Avg: 2.2, Max: 14, Diff: 13, Sum: 65]
      [Scan RS (ms): Min: 0.0, Avg: 0.2, Max: 0.6, Diff: 0.5, Sum: 6.5]
      [Code Root Scanning (ms): Min: 0.0, Avg: 0.0, Max: 0.1, Diff: 0.1, Sum: 0.1]
      [Object Copy (ms): Min: 5.5, Avg: 6.3, Max: 6.7, Diff: 1.2, Sum: 189.0]
      [Termination (ms): Min: 0.0, Avg: 0.0, Max: 0.0, Diff: 0.0, Sum: 0.2]
         [Termination Attempts: Min: 1, Avg: 1.0, Max: 1, Diff: 0, Sum: 30]
      [GC Worker Other (ms): Min: 0.0, Avg: 0.2, Max: 0.4, Diff: 0.4, Sum: 6.0]
      [GC Worker Total (ms): Min: 8.2, Avg: 8.8, Max: 9.5, Diff: 1.3, Sum: 263.4]
      [GC Worker End (ms): Min: 497186.8, Avg: 497186.9, Max: 497187.1, Diff: 0.4]
   [Code Root Fixup: 0.0 ms]
   [Code Root Purge: 0.0 ms]
   [Clear CT: 2.8 ms]
   [Other: 12.1 ms]
      [Choose CSet: 0.0 ms]
      [Ref Proc: 6.4 ms]
      [Ref Enq: 0.9 ms]
      [Redirty Cards: 2.5 ms]
      [Humongous Register: 0.4 ms]
      [Humongous Reclaim: 0.1 ms]
      [Free CSet: 1.6 ms]
   [Eden: 4020.0M(4020.0M)->0.0B(4020.0M) Survivors: 32.0M->32.0M Heap: 7036.6M(8192.0M)->3018.4M(8192.0M)]
 [Times: user=0.28 sys=0.01, real=0.03 secs]
2018-04-30T04:35:34.866+0200: 497.202: Total time for which application threads were stopped: 0.0260150 seconds, Stopping threads took: 0.0001633 seconds
2018-04-30T04:35:36.113+0200: 498.449: Application time: 1.2467559 seconds
2018-04-30T04:35:36.113+0200: 498.450: [GC pause (G1 Evacuation Pause) (young)
Desired survivor size 266338304 bytes, new threshold 15 (max 15)
- age   1:    7902376 bytes,    7902376 total
- age   2:     839544 bytes,    8741920 total
- age   3:     875880 bytes,    9617800 total
- age   4:     953336 bytes,   10571136 total
- age   5:     992440 bytes,   11563576 total
- age   6:    1042912 bytes,   12606488 total
- age   7:    1053352 bytes,   13659840 total
- age   8:    1514920 bytes,   15174760 total
- age   9:    1048640 bytes,   16223400 total
- age  10:    1143912 bytes,   17367312 total
- age  11:    1105824 bytes,   18473136 total
- age  12:    1148328 bytes,   19621464 total
- age  13:    1140320 bytes,   20761784 total
- age  14:     494336 bytes,   21256120 total
- age  15:      13256 bytes,   21269376 total
, 0.0290319 secs]
   [Parallel Time: 13.4 ms, GC Workers: 30]
      [GC Worker Start (ms): Min: 498450.2, Avg: 498450.9, Max: 498451.6, Diff: 1.4]
      [Ext Root Scanning (ms): Min: 0.0, Avg: 0.5, Max: 1.2, Diff: 1.2, Sum: 14.7]
      [Update RS (ms): Min: 0.9, Avg: 1.7, Max: 3.1, Diff: 2.2, Sum: 51.6]
         [Processed Buffers: Min: 1, Avg: 2.1, Max: 13, Diff: 12, Sum: 63]
      [Scan RS (ms): Min: 0.1, Avg: 0.3, Max: 0.6, Diff: 0.6, Sum: 7.9]
      [Code Root Scanning (ms): Min: 0.0, Avg: 0.0, Max: 0.1, Diff: 0.1, Sum: 0.2]
      [Object Copy (ms): Min: 8.2, Avg: 9.5, Max: 9.9, Diff: 1.7, Sum: 285.1]
      [Termination (ms): Min: 0.0, Avg: 0.2, Max: 0.3, Diff: 0.3, Sum: 5.2]
         [Termination Attempts: Min: 1, Avg: 32.3, Max: 42, Diff: 41, Sum: 970]
      [GC Worker Other (ms): Min: 0.0, Avg: 0.2, Max: 0.5, Diff: 0.4, Sum: 7.2]
      [GC Worker Total (ms): Min: 11.7, Avg: 12.4, Max: 13.2, Diff: 1.6, Sum: 371.9]
      [GC Worker End (ms): Min: 498463.1, Avg: 498463.3, Max: 498463.6, Diff: 0.4]
   [Code Root Fixup: 0.0 ms]
   [Code Root Purge: 0.0 ms]
   [Clear CT: 2.9 ms]
   [Other: 12.7 ms]
      [Choose CSet: 0.0 ms]
      [Ref Proc: 6.2 ms]
      [Ref Enq: 1.0 ms]
      [Redirty Cards: 3.1 ms]
      [Humongous Register: 0.4 ms]
      [Humongous Reclaim: 0.1 ms]
      [Free CSet: 1.7 ms]
   [Eden: 4020.0M(4020.0M)->0.0B(4036.0M) Survivors: 32.0M->24.0M Heap: 7038.4M(8192.0M)->3010.7M(8192.0M)]
 [Times: user=0.39 sys=0.00, real=0.02 secs]
2018-04-30T04:35:36.143+0200: 498.479: Total time for which application threads were stopped: 0.0301575 seconds, Stopping threads took: 0.0001163 seconds
2018-04-30T04:35:37.143+0200: 499.479: Application time: 1.0001210 seconds
2018-04-30T04:35:37.144+0200: 499.480: Total time for which application threads were stopped: 0.0008907 seconds, Stopping threads took: 0.0001581 seconds
2018-04-30T04:35:37.591+0200: 499.928: Application time: 0.4475033 seconds
2018-04-30T04:35:37.592+0200: 499.928: Total time for which application threads were stopped: 0.0007327 seconds, Stopping threads took: 0.0001035 seconds
2018-04-30T04:35:37.592+0200: 499.929: Application time: 0.0003057 seconds
2018-04-30T04:35:37.593+0200: 499.929: Total time for which application threads were stopped: 0.0006972 seconds, Stopping threads took: 0.0000799 seconds
2018-04-30T04:35:37.593+0200: 499.930: Application time: 0.0001380 seconds
2018-04-30T04:35:37.594+0200: 499.930: Total time for which application threads were stopped: 0.0005040 seconds, Stopping threads took: 0.0001389 seconds
2018-04-30T04:35:37.594+0200: 499.930: Application time: 0.0000719 seconds
2018-04-30T04:35:37.594+0200: 499.931: Total time for which application threads were stopped: 0.0004986 seconds, Stopping threads took: 0.0001384 seconds
2018-04-30T04:35:37.594+0200: 499.931: Application time: 0.0000757 seconds
2018-04-30T04:35:37.595+0200: 499.931: Total time for which application threads were stopped: 0.0004428 seconds, Stopping threads took: 0.0000856 seconds
2018-04-30T04:35:37.595+0200: 499.931: Application time: 0.0000492 seconds
2018-04-30T04:35:37.595+0200: 499.932: Total time for which application threads were stopped: 0.0004050 seconds, Stopping threads took: 0.0000514 seconds
2018-04-30T04:35:37.595+0200: 499.932: Application time: 0.0000591 seconds
2018-04-30T04:35:37.596+0200: 499.932: Total time for which application threads were stopped: 0.0004040 seconds, Stopping threads took: 0.0000393 seconds
2018-04-30T04:35:37.596+0200: 499.932: Application time: 0.0000632 seconds
2018-04-30T04:35:37.596+0200: 499.933: Total time for which application threads were stopped: 0.0004094 seconds, Stopping threads took: 0.0000516 seconds
2018-04-30T04:35:37.596+0200: 499.933: Application time: 0.0000589 seconds
2018-04-30T04:35:37.597+0200: 499.933: Total time for which application threads were stopped: 0.0003801 seconds, Stopping threads took: 0.0000268 seconds
2018-04-30T04:35:37.597+0200: 499.933: Application time: 0.0000568 seconds
2018-04-30T04:35:37.597+0200: 499.934: Total time for which application threads were stopped: 0.0004978 seconds, Stopping threads took: 0.0001397 seconds
2018-04-30T04:35:37.597+0200: 499.934: Application time: 0.0000790 seconds
2018-04-30T04:35:37.598+0200: 499.934: Total time for which application threads were stopped: 0.0004098 seconds, Stopping threads took: 0.0000555 seconds
2018-04-30T04:35:37.598+0200: 499.934: Application time: 0.0000532 seconds
2018-04-30T04:35:37.598+0200: 499.935: Total time for which application threads were stopped: 0.0004433 seconds, Stopping threads took: 0.0000898 seconds
2018-04-30T04:35:37.598+0200: 499.935: Application time: 0.0000594 seconds
2018-04-30T04:35:37.599+0200: 499.935: Total time for which application threads were stopped: 0.0004322 seconds, Stopping threads took: 0.0000754 seconds
2018-04-30T04:35:37.599+0200: 499.935: Application time: 0.0000505 seconds
2018-04-30T04:35:37.599+0200: 499.936: Total time for which application threads were stopped: 0.0004397 seconds, Stopping threads took: 0.0000832 seconds
2018-04-30T04:35:37.599+0200: 499.936: Application time: 0.0000554 seconds
2018-04-30T04:35:37.600+0200: 499.936: Total time for which application threads were stopped: 0.0004446 seconds, Stopping threads took: 0.0000696 seconds
2018-04-30T04:35:37.600+0200: 499.936: Application time: 0.0000628 seconds
2018-04-30T04:35:37.600+0200: 499.937: Total time for which application threads were stopped: 0.0004628 seconds, Stopping threads took: 0.0000573 seconds
2018-04-30T04:35:37.600+0200: 499.937: Application time: 0.0000622 seconds
2018-04-30T04:35:37.601+0200: 499.937: Total time for which application threads were stopped: 0.0004696 seconds, Stopping threads took: 0.0000674 seconds
2018-04-30T04:35:37.601+0200: 499.937: Application time: 0.0000568 seconds
2018-04-30T04:35:37.601+0200: 499.938: Total time for which application threads were stopped: 0.0005731 seconds, Stopping threads took: 0.0002122 seconds
2018-04-30T04:35:37.602+0200: 499.938: Application time: 0.0001231 seconds
2018-04-30T04:35:37.602+0200: 499.938: Total time for which application threads were stopped: 0.0004352 seconds, Stopping threads took: 0.0000814 seconds
2018-04-30T04:35:37.602+0200: 499.938: Application time: 0.0000541 seconds
2018-04-30T04:35:37.602+0200: 499.939: Total time for which application threads were stopped: 0.0004205 seconds, Stopping threads took: 0.0000649 seconds
2018-04-30T04:35:37.603+0200: 499.939: Application time: 0.0000509 seconds
2018-04-30T04:35:37.603+0200: 499.939: Total time for which application threads were stopped: 0.0005349 seconds, Stopping threads took: 0.0000672 seconds
2018-04-30T04:35:37.604+0200: 499.940: Application time: 0.0005427 seconds
2018-04-30T04:35:37.604+0200: 499.940: Total time for which application threads were stopped: 0.0004181 seconds, Stopping threads took: 0.0000668 seconds
2018-04-30T04:35:37.604+0200: 499.941: Application time: 0.0002749 seconds
2018-04-30T04:35:37.605+0200: 499.941: Total time for which application threads were stopped: 0.0004065 seconds, Stopping threads took: 0.0000495 seconds
2018-04-30T04:35:42.805+0200: 505.142: Application time: 5.2007743 seconds
2018-04-30T04:35:42.806+0200: 505.143: Total time for which application threads were stopped: 0.0007254 seconds, Stopping threads took: 0.0001755 seconds
2018-04-30T04:35:42.813+0200: 505.149: Application time: 0.0066080 seconds
2018-04-30T04:35:42.815+0200: 505.151: Total time for which application threads were stopped: 0.0022794 seconds, Stopping threads took: 0.0001154 seconds
2018-04-30T04:35:42.823+0200: 505.159: Application time: 0.0079377 seconds
2018-04-30T04:35:42.824+0200: 505.160: Total time for which application threads were stopped: 0.0006723 seconds, Stopping threads took: 0.0002162 seconds
2018-04-30T04:35:43.820+0200: 506.156: Application time: 0.9963921 seconds
2018-04-30T04:35:43.821+0200: 506.157: Total time for which application threads were stopped: 0.0005883 seconds, Stopping threads took: 0.0001058 seconds
2018-04-30T04:36:13.659+0200: 535.995: Application time: 29.8379748 seconds
2018-04-30T04:36:13.659+0200: 535.996: Total time for which application threads were stopped: 0.0006812 seconds, Stopping threads took: 0.0001401 seconds
2018-04-30T04:36:13.666+0200: 536.002: Application time: 0.0061273 seconds
2018-04-30T04:36:13.666+0200: 536.002: Total time for which application threads were stopped: 0.0005909 seconds, Stopping threads took: 0.0001064 seconds
2018-04-30T04:36:13.668+0200: 536.004: Application time: 0.0017884 seconds
2018-04-30T04:36:13.668+0200: 536.005: Total time for which application threads were stopped: 0.0003374 seconds, Stopping threads took: 0.0000242 seconds
2018-04-30T04:36:13.670+0200: 536.006: Application time: 0.0015747 seconds
2018-04-30T04:36:13.670+0200: 536.006: Total time for which application threads were stopped: 0.0003315 seconds, Stopping threads took: 0.0000235 seconds
2018-04-30T04:36:13.674+0200: 536.010: Application time: 0.0039475 seconds
2018-04-30T04:36:13.675+0200: 536.011: Total time for which application threads were stopped: 0.0004194 seconds, Stopping threads took: 0.0001060 seconds
2018-04-30T04:36:13.676+0200: 536.013: Application time: 0.0016690 seconds
2018-04-30T04:36:13.677+0200: 536.013: Total time for which application threads were stopped: 0.0003689 seconds, Stopping threads took: 0.0000601 seconds
2018-04-30T04:36:13.683+0200: 536.019: Application time: 0.0061559 seconds
2018-04-30T04:36:13.683+0200: 536.019: Total time for which application threads were stopped: 0.0004047 seconds, Stopping threads took: 0.0000944 seconds
2018-04-30T04:36:13.774+0200: 536.111: Application time: 0.0911643 seconds
2018-04-30T04:36:13.775+0200: 536.111: Total time for which application threads were stopped: 0.0003891 seconds, Stopping threads took: 0.0000689 seconds
2018-04-30T04:36:13.779+0200: 536.115: Application time: 0.0042746 seconds
2018-04-30T04:36:13.779+0200: 536.116: Total time for which application threads were stopped: 0.0003222 seconds, Stopping threads took: 0.0000249 seconds
2018-04-30T04:36:13.780+0200: 536.117: Application time: 0.0009625 seconds
2018-04-30T04:36:13.781+0200: 536.117: Total time for which application threads were stopped: 0.0003128 seconds, Stopping threads took: 0.0000274 seconds
2018-04-30T04:36:13.861+0200: 536.198: Application time: 0.0808795 seconds
2018-04-30T04:36:13.862+0200: 536.198: Total time for which application threads were stopped: 0.0004210 seconds, Stopping threads took: 0.0000815 seconds
2018-04-30T04:36:15.755+0200: 538.091: Application time: 1.8932063 seconds
2018-04-30T04:36:15.756+0200: 538.092: Total time for which application threads were stopped: 0.0006047 seconds, Stopping threads took: 0.0000799 seconds
2018-04-30T04:36:15.756+0200: 538.092: Application time: 0.0000484 seconds
2018-04-30T04:36:15.756+0200: 538.093: Total time for which application threads were stopped: 0.0004315 seconds, Stopping threads took: 0.0000160 seconds
2018-04-30T04:36:16.014+0200: 538.351: Application time: 0.2580693 seconds
2018-04-30T04:36:16.015+0200: 538.351: Total time for which application threads were stopped: 0.0005003 seconds, Stopping threads took: 0.0001168 seconds
2018-04-30T04:36:16.367+0200: 538.703: Application time: 0.3522374 seconds
2018-04-30T04:36:16.378+0200: 538.715: Total time for which application threads were stopped: 0.0113433 seconds, Stopping threads took: 0.0109311 seconds
2018-04-30T04:36:16.379+0200: 538.715: Application time: 0.0003030 seconds
2018-04-30T04:36:16.379+0200: 538.715: Total time for which application threads were stopped: 0.0003503 seconds, Stopping threads took: 0.0000172 seconds
2018-04-30T04:36:16.379+0200: 538.716: Application time: 0.0002799 seconds
2018-04-30T04:36:16.380+0200: 538.716: Total time for which application threads were stopped: 0.0002124 seconds, Stopping threads took: 0.0000255 seconds
2018-04-30T04:36:16.380+0200: 538.717: Application time: 0.0008396 seconds
2018-04-30T04:36:16.381+0200: 538.717: Total time for which application threads were stopped: 0.0001908 seconds, Stopping threads took: 0.0000279 seconds
2018-04-30T04:36:16.383+0200: 538.719: Application time: 0.0024258 seconds
2018-04-30T04:36:16.383+0200: 538.720: Total time for which application threads were stopped: 0.0002003 seconds, Stopping threads took: 0.0000234 seconds
2018-04-30T04:36:16.383+0200: 538.720: Application time: 0.0000949 seconds
2018-04-30T04:36:16.383+0200: 538.720: Total time for which application threads were stopped: 0.0002135 seconds, Stopping threads took: 0.0000258 seconds
2018-04-30T04:36:16.384+0200: 538.720: Application time: 0.0000388 seconds
2018-04-30T04:36:16.384+0200: 538.720: Total time for which application threads were stopped: 0.0001705 seconds, Stopping threads took: 0.0000095 seconds
Heap
 garbage-first heap   total 8388608K, used 5647101K [0x00000005c0000000, 0x00000005c0404000, 0x00000007c0000000)
  region size 4096K, 633 young (2592768K), 6 survivors (24576K)
 Metaspace       used 42016K, capacity 43238K, committed 44900K, reserved 1087488K
  class space    used 6070K, capacity 6342K, committed 6756K, reserved 1048576K
2018-04-30T04:36:16.385+0200: 538.722: Application time: 0.0015189 seconds
