Java HotSpot(TM) 64-Bit Server VM (25.181-b13) for linux-amd64 JRE (1.8.0_181-b13), built on Jul  7 2018 00:56:38 by "java_re" with gcc 4.3.0 20080428 (Red Hat 4.3.0-8)
Memory: 4k page, physical 526961020k(357914084k free), swap 4882428k(2672652k free)
CommandLine flags: -XX:+AlwaysPreTouch -XX:+CITime -XX:+DisableExplicitGC -XX:+HeapDumpOnOutOfMemoryError -XX:HeapDumpPath=/ssd/work/d928843df4d94fb6/neo4j-connectors/results/profiles/4fdb3fbb-fe00-4843-b7a3-8a642d30be20/gc-profiled-run/LdbcSnbInteractive-Read.Summary__api-EMBEDDED_CYPHER___planner-DEFAULT___runtime-DEFAULT___scale_factor-1___store_format-STANDARD___mode-THROUGHPUT_.hprof -XX:InitialHeapSize=8589934592 -XX:LogFile=/ssd/work/d928843df4d94fb6/neo4j-connectors/results/profiles/4fdb3fbb-fe00-4843-b7a3-8a642d30be20/gc-profiled-run/LdbcSnbInteractive-Read.Summary__api-EMBEDDED_CYPHER___planner-DEFAULT___runtime-DEFAULT___scale_factor-1___store_format-STANDARD___mode-THROUGHPUT_-jvm.log -XX:+LogVMOutput -XX:MaxHeapSize=8589934592 -XX:-OmitStackTraceInFastThrow -XX:+PrintGC -XX:+PrintGCApplicationConcurrentTime -XX:+PrintGCApplicationStoppedTime -XX:+PrintGCDateStamps -XX:+PrintGCDetails -XX:+PrintGCTimeStamps -XX:+PrintSafepointStatistics -XX:PrintSafepointStatisticsCount=1 -XX:PrintSafepointStatisticsTimeout=500 -XX:+PrintTenuringDistribution -XX:+TrustFinalNonStaticFields -XX:+UnlockDiagnosticVMOptions -XX:+UnlockExperimentalVMOptions -XX:+UseCompressedClassPointers -XX:+UseCompressedOops -XX:+UseG1GC 
2018-10-15T09:25:25.905+0200: 2.492: Application time: 0.1403379 seconds
2018-10-15T09:25:25.906+0200: 2.492: Total time for which application threads were stopped: 0.0001529 seconds, Stopping threads took: 0.0000360 seconds
2018-10-15T09:25:26.053+0200: 2.639: Application time: 0.1477123 seconds
2018-10-15T09:25:26.054+0200: 2.640: Total time for which application threads were stopped: 0.0001824 seconds, Stopping threads took: 0.0000884 seconds
2018-10-15T09:25:26.095+0200: 2.681: Application time: 0.0417937 seconds
2018-10-15T09:25:26.096+0200: 2.682: Total time for which application threads were stopped: 0.0001906 seconds, Stopping threads took: 0.0000871 seconds
2018-10-15T09:25:26.547+0200: 3.133: Application time: 0.4514876 seconds
2018-10-15T09:25:26.548+0200: 3.134: Total time for which application threads were stopped: 0.0005596 seconds, Stopping threads took: 0.0001047 seconds
2018-10-15T09:25:26.628+0200: 3.214: Application time: 0.0808685 seconds
2018-10-15T09:25:26.629+0200: 3.215: Total time for which application threads were stopped: 0.0003281 seconds, Stopping threads took: 0.0001083 seconds
2018-10-15T09:25:26.707+0200: 3.293: Application time: 0.0780436 seconds
2018-10-15T09:25:26.707+0200: 3.293: Total time for which application threads were stopped: 0.0003030 seconds, Stopping threads took: 0.0001073 seconds
2018-10-15T09:25:26.719+0200: 3.305: Application time: 0.0113807 seconds
2018-10-15T09:25:26.719+0200: 3.305: Total time for which application threads were stopped: 0.0002331 seconds, Stopping threads took: 0.0000882 seconds
2018-10-15T09:25:26.730+0200: 3.316: Application time: 0.0111938 seconds
2018-10-15T09:25:26.730+0200: 3.316: Total time for which application threads were stopped: 0.0002539 seconds, Stopping threads took: 0.0000559 seconds
2018-10-15T09:25:26.744+0200: 3.330: Application time: 0.0135370 seconds
2018-10-15T09:25:26.744+0200: 3.330: Total time for which application threads were stopped: 0.0003477 seconds, Stopping threads took: 0.0001378 seconds
2018-10-15T09:25:26.867+0200: 3.453: Application time: 0.1231560 seconds
2018-10-15T09:25:26.868+0200: 3.454: Total time for which application threads were stopped: 0.0003708 seconds, Stopping threads took: 0.0001501 seconds
2018-10-15T09:25:26.883+0200: 3.469: Application time: 0.0149671 seconds
2018-10-15T09:25:26.883+0200: 3.469: Total time for which application threads were stopped: 0.0004013 seconds, Stopping threads took: 0.0001338 seconds
2018-10-15T09:25:26.922+0200: 3.508: Application time: 0.0391175 seconds
2018-10-15T09:25:26.922+0200: 3.508: [GC pause (Metadata GC Threshold) (young) (initial-mark)
Desired survivor size 27262976 bytes, new threshold 15 (max 15)
, 0.0262455 secs]
   [Parallel Time: 16.7 ms, GC Workers: 30]
      [GC Worker Start (ms): Min: 3508.7, Avg: 3509.5, Max: 3509.9, Diff: 1.2]
      [Ext Root Scanning (ms): Min: 0.9, Avg: 3.0, Max: 11.7, Diff: 10.8, Sum: 88.7]
      [Update RS (ms): Min: 0.0, Avg: 0.0, Max: 0.0, Diff: 0.0, Sum: 0.0]
         [Processed Buffers: Min: 0, Avg: 0.0, Max: 0, Diff: 0, Sum: 0]
      [Scan RS (ms): Min: 0.0, Avg: 0.0, Max: 0.0, Diff: 0.0, Sum: 0.1]
      [Code Root Scanning (ms): Min: 0.0, Avg: 0.1, Max: 1.1, Diff: 1.1, Sum: 2.8]
      [Object Copy (ms): Min: 0.0, Avg: 7.0, Max: 13.7, Diff: 13.7, Sum: 211.2]
      [Termination (ms): Min: 0.0, Avg: 5.5, Max: 6.1, Diff: 6.1, Sum: 164.9]
         [Termination Attempts: Min: 1, Avg: 30.2, Max: 48, Diff: 47, Sum: 906]
      [GC Worker Other (ms): Min: 0.0, Avg: 0.0, Max: 0.0, Diff: 0.0, Sum: 0.5]
      [GC Worker Total (ms): Min: 15.2, Avg: 15.6, Max: 16.5, Diff: 1.3, Sum: 468.1]
      [GC Worker End (ms): Min: 3525.0, Avg: 3525.1, Max: 3525.3, Diff: 0.3]
   [Code Root Fixup: 0.0 ms]
   [Code Root Purge: 0.1 ms]
   [Clear CT: 2.3 ms]
   [Other: 7.1 ms]
      [Choose CSet: 0.0 ms]
      [Ref Proc: 5.2 ms]
      [Ref Enq: 0.0 ms]
      [Redirty Cards: 1.2 ms]
      [Humongous Register: 0.1 ms]
      [Humongous Reclaim: 0.0 ms]
      [Free CSet: 0.1 ms]
   [Eden: 64.0M(408.0M)->0.0B(392.0M) Survivors: 0.0B->16.0M Heap: 62.0M(8192.0M)->13.6M(8192.0M)]
 [Times: user=0.42 sys=0.01, real=0.03 secs] 
2018-10-15T09:25:26.949+0200: 3.535: [GC concurrent-root-region-scan-start]
2018-10-15T09:25:26.949+0200: 3.535: Total time for which application threads were stopped: 0.0267157 seconds, Stopping threads took: 0.0001020 seconds
2018-10-15T09:25:26.955+0200: 3.541: [GC concurrent-root-region-scan-end, 0.0058814 secs]
2018-10-15T09:25:26.955+0200: 3.541: [GC concurrent-mark-start]
2018-10-15T09:25:26.955+0200: 3.541: [GC concurrent-mark-end, 0.0008351 secs]
2018-10-15T09:25:26.956+0200: 3.542: Application time: 0.0066885 seconds
2018-10-15T09:25:26.956+0200: 3.542: [GC remark 2018-10-15T09:25:26.956+0200: 3.542: [Finalize Marking, 0.0023136 secs] 2018-10-15T09:25:26.958+0200: 3.544: [GC ref-proc, 0.0008415 secs] 2018-10-15T09:25:26.959+0200: 3.545: [Unloading, 0.0038785 secs], 0.0076881 secs]
 [Times: user=0.13 sys=0.00, real=0.00 secs] 
2018-10-15T09:25:26.963+0200: 3.549: Total time for which application threads were stopped: 0.0078713 seconds, Stopping threads took: 0.0000928 seconds
2018-10-15T09:25:26.963+0200: 3.550: Application time: 0.0000523 seconds
2018-10-15T09:25:26.963+0200: 3.550: [GC cleanup 17M->17M(8192M), 0.0022226 secs]
 [Times: user=0.02 sys=0.01, real=0.00 secs] 
2018-10-15T09:25:26.966+0200: 3.552: Total time for which application threads were stopped: 0.0022923 seconds, Stopping threads took: 0.0000157 seconds
2018-10-15T09:25:27.199+0200: 3.785: Application time: 0.2327869 seconds
2018-10-15T09:25:27.199+0200: 3.785: Total time for which application threads were stopped: 0.0006010 seconds, Stopping threads took: 0.0000393 seconds
2018-10-15T09:25:27.619+0200: 4.205: Application time: 0.4200933 seconds
2018-10-15T09:25:27.621+0200: 4.207: Total time for which application threads were stopped: 0.0017244 seconds, Stopping threads took: 0.0001548 seconds
2018-10-15T09:25:27.858+0200: 4.445: Application time: 0.2374987 seconds
2018-10-15T09:25:27.859+0200: 4.445: Total time for which application threads were stopped: 0.0006026 seconds, Stopping threads took: 0.0000422 seconds
2018-10-15T09:25:27.918+0200: 4.504: Application time: 0.0592078 seconds
2018-10-15T09:25:27.919+0200: 4.505: Total time for which application threads were stopped: 0.0006818 seconds, Stopping threads took: 0.0001160 seconds
2018-10-15T09:25:27.925+0200: 4.511: Application time: 0.0056914 seconds
2018-10-15T09:25:27.925+0200: 4.511: Total time for which application threads were stopped: 0.0004241 seconds, Stopping threads took: 0.0000335 seconds
2018-10-15T09:25:28.297+0200: 4.883: Application time: 0.3720871 seconds
2018-10-15T09:25:28.298+0200: 4.884: Total time for which application threads were stopped: 0.0006120 seconds, Stopping threads took: 0.0000447 seconds
2018-10-15T09:25:28.349+0200: 4.935: Application time: 0.0513562 seconds
2018-10-15T09:25:28.350+0200: 4.936: Total time for which application threads were stopped: 0.0005898 seconds, Stopping threads took: 0.0001464 seconds
2018-10-15T09:25:28.350+0200: 4.936: Application time: 0.0006225 seconds
2018-10-15T09:25:28.351+0200: 4.937: Total time for which application threads were stopped: 0.0003241 seconds, Stopping threads took: 0.0000416 seconds
2018-10-15T09:25:28.616+0200: 5.202: Application time: 0.2653548 seconds
2018-10-15T09:25:28.619+0200: 5.205: Total time for which application threads were stopped: 0.0026223 seconds, Stopping threads took: 0.0000905 seconds
2018-10-15T09:25:28.916+0200: 5.502: Application time: 0.2969176 seconds
2018-10-15T09:25:28.917+0200: 5.503: Total time for which application threads were stopped: 0.0013781 seconds, Stopping threads took: 0.0004314 seconds
2018-10-15T09:25:28.948+0200: 5.534: Application time: 0.0308365 seconds
2018-10-15T09:25:28.949+0200: 5.535: Total time for which application threads were stopped: 0.0009921 seconds, Stopping threads took: 0.0001524 seconds
2018-10-15T09:25:28.957+0200: 5.543: Application time: 0.0082829 seconds
2018-10-15T09:25:28.958+0200: 5.544: [GC pause (Metadata GC Threshold) (young) (initial-mark)
Desired survivor size 27262976 bytes, new threshold 15 (max 15)
- age   1:    5354256 bytes,    5354256 total
, 0.0326424 secs]
   [Parallel Time: 22.7 ms, GC Workers: 30]
      [GC Worker Start (ms): Min: 5544.0, Avg: 5544.8, Max: 5545.5, Diff: 1.4]
      [Ext Root Scanning (ms): Min: 2.7, Avg: 3.6, Max: 4.8, Diff: 2.1, Sum: 106.5]
      [Update RS (ms): Min: 0.0, Avg: 0.0, Max: 0.0, Diff: 0.0, Sum: 0.0]
         [Processed Buffers: Min: 0, Avg: 0.0, Max: 0, Diff: 0, Sum: 0]
      [Scan RS (ms): Min: 0.0, Avg: 0.0, Max: 0.0, Diff: 0.0, Sum: 0.3]
      [Code Root Scanning (ms): Min: 0.0, Avg: 0.2, Max: 4.0, Diff: 4.0, Sum: 6.5]
      [Object Copy (ms): Min: 14.0, Avg: 17.3, Max: 18.0, Diff: 4.0, Sum: 518.3]
      [Termination (ms): Min: 0.0, Avg: 0.4, Max: 0.4, Diff: 0.4, Sum: 10.9]
         [Termination Attempts: Min: 1, Avg: 154.3, Max: 183, Diff: 182, Sum: 4628]
      [GC Worker Other (ms): Min: 0.0, Avg: 0.1, Max: 0.1, Diff: 0.1, Sum: 1.6]
      [GC Worker Total (ms): Min: 20.8, Avg: 21.5, Max: 22.3, Diff: 1.4, Sum: 644.1]
      [GC Worker End (ms): Min: 5566.3, Avg: 5566.3, Max: 5566.3, Diff: 0.1]
   [Code Root Fixup: 0.1 ms]
   [Code Root Purge: 0.1 ms]
   [Clear CT: 2.3 ms]
   [Other: 7.5 ms]
      [Choose CSet: 0.0 ms]
      [Ref Proc: 4.1 ms]
      [Ref Enq: 0.1 ms]
      [Redirty Cards: 2.4 ms]
      [Humongous Register: 0.0 ms]
      [Humongous Reclaim: 0.0 ms]
      [Free CSet: 0.3 ms]
   [Eden: 188.0M(392.0M)->0.0B(376.0M) Survivors: 16.0M->32.0M Heap: 199.5M(8192.0M)->29.9M(8192.0M)]
 [Times: user=0.58 sys=0.00, real=0.03 secs] 
2018-10-15T09:25:28.990+0200: 5.576: [GC concurrent-root-region-scan-start]
2018-10-15T09:25:28.991+0200: 5.577: Total time for which application threads were stopped: 0.0333987 seconds, Stopping threads took: 0.0001752 seconds
2018-10-15T09:25:29.000+0200: 5.586: [GC concurrent-root-region-scan-end, 0.0093299 secs]
2018-10-15T09:25:29.000+0200: 5.586: [GC concurrent-mark-start]
2018-10-15T09:25:29.001+0200: 5.587: [GC concurrent-mark-end, 0.0008339 secs]
2018-10-15T09:25:29.001+0200: 5.587: Application time: 0.0100725 seconds
2018-10-15T09:25:29.001+0200: 5.587: [GC remark 2018-10-15T09:25:29.001+0200: 5.587: [Finalize Marking, 0.0024188 secs] 2018-10-15T09:25:29.004+0200: 5.590: [GC ref-proc, 0.0009058 secs] 2018-10-15T09:25:29.005+0200: 5.591: [Unloading, 0.0061133 secs], 0.0100053 secs]
 [Times: user=0.19 sys=0.01, real=0.01 secs] 
2018-10-15T09:25:29.011+0200: 5.597: Total time for which application threads were stopped: 0.0108280 seconds, Stopping threads took: 0.0006481 seconds
2018-10-15T09:25:29.012+0200: 5.598: Application time: 0.0000672 seconds
2018-10-15T09:25:29.012+0200: 5.598: [GC cleanup 91M->91M(8192M), 0.0027384 secs]
 [Times: user=0.02 sys=0.02, real=0.00 secs] 
2018-10-15T09:25:29.014+0200: 5.600: Total time for which application threads were stopped: 0.0029448 seconds, Stopping threads took: 0.0000634 seconds
2018-10-15T09:25:29.434+0200: 6.020: Application time: 0.4197211 seconds
2018-10-15T09:25:29.435+0200: 6.021: Total time for which application threads were stopped: 0.0009256 seconds, Stopping threads took: 0.0001076 seconds
2018-10-15T09:25:29.548+0200: 6.134: Application time: 0.1128559 seconds
2018-10-15T09:25:29.549+0200: 6.135: Total time for which application threads were stopped: 0.0013373 seconds, Stopping threads took: 0.0001091 seconds
2018-10-15T09:25:29.768+0200: 6.354: Application time: 0.2184593 seconds
2018-10-15T09:25:29.768+0200: 6.354: Total time for which application threads were stopped: 0.0004421 seconds, Stopping threads took: 0.0001423 seconds
2018-10-15T09:25:29.773+0200: 6.359: Application time: 0.0047403 seconds
2018-10-15T09:25:29.774+0200: 6.360: Total time for which application threads were stopped: 0.0006953 seconds, Stopping threads took: 0.0001179 seconds
2018-10-15T09:25:30.774+0200: 7.360: Application time: 1.0001828 seconds
2018-10-15T09:25:30.774+0200: 7.360: Total time for which application threads were stopped: 0.0005301 seconds, Stopping threads took: 0.0001859 seconds
2018-10-15T09:25:31.305+0200: 7.891: Application time: 0.5303243 seconds
2018-10-15T09:25:31.306+0200: 7.892: Total time for which application threads were stopped: 0.0012081 seconds, Stopping threads took: 0.0001315 seconds
2018-10-15T09:25:31.374+0200: 7.960: Application time: 0.0677159 seconds
2018-10-15T09:25:31.374+0200: 7.960: Total time for which application threads were stopped: 0.0003841 seconds, Stopping threads took: 0.0001449 seconds
2018-10-15T09:25:31.399+0200: 7.985: Application time: 0.0252393 seconds
2018-10-15T09:25:31.401+0200: 7.987: Total time for which application threads were stopped: 0.0014024 seconds, Stopping threads took: 0.0001424 seconds
2018-10-15T09:25:31.414+0200: 8.000: Application time: 0.0136985 seconds
2018-10-15T09:25:31.415+0200: 8.001: Total time for which application threads were stopped: 0.0002775 seconds, Stopping threads took: 0.0001017 seconds
2018-10-15T09:25:31.445+0200: 8.031: Application time: 0.0300434 seconds
2018-10-15T09:25:31.445+0200: 8.031: Total time for which application threads were stopped: 0.0007331 seconds, Stopping threads took: 0.0004854 seconds
2018-10-15T09:25:31.446+0200: 8.032: Application time: 0.0006027 seconds
2018-10-15T09:25:31.446+0200: 8.032: Total time for which application threads were stopped: 0.0003109 seconds, Stopping threads took: 0.0001264 seconds
2018-10-15T09:25:31.451+0200: 8.037: Application time: 0.0048942 seconds
2018-10-15T09:25:31.452+0200: 8.038: Total time for which application threads were stopped: 0.0009827 seconds, Stopping threads took: 0.0006656 seconds
2018-10-15T09:25:31.452+0200: 8.038: Application time: 0.0001489 seconds
2018-10-15T09:25:31.453+0200: 8.039: Total time for which application threads were stopped: 0.0003700 seconds, Stopping threads took: 0.0002240 seconds
2018-10-15T09:25:31.454+0200: 8.040: Application time: 0.0008368 seconds
2018-10-15T09:25:31.454+0200: 8.040: Total time for which application threads were stopped: 0.0007800 seconds, Stopping threads took: 0.0004991 seconds
2018-10-15T09:25:31.455+0200: 8.041: Application time: 0.0003571 seconds
2018-10-15T09:25:31.455+0200: 8.041: Total time for which application threads were stopped: 0.0006746 seconds, Stopping threads took: 0.0005103 seconds
2018-10-15T09:25:31.456+0200: 8.042: Application time: 0.0000783 seconds
2018-10-15T09:25:31.456+0200: 8.042: Total time for which application threads were stopped: 0.0001626 seconds, Stopping threads took: 0.0000257 seconds
2018-10-15T09:25:31.456+0200: 8.042: Application time: 0.0000410 seconds
2018-10-15T09:25:31.456+0200: 8.042: Total time for which application threads were stopped: 0.0002217 seconds, Stopping threads took: 0.0000829 seconds
2018-10-15T09:25:31.456+0200: 8.042: Application time: 0.0000349 seconds
2018-10-15T09:25:31.456+0200: 8.042: Total time for which application threads were stopped: 0.0001882 seconds, Stopping threads took: 0.0000533 seconds
2018-10-15T09:25:31.456+0200: 8.042: Application time: 0.0000367 seconds
2018-10-15T09:25:31.456+0200: 8.042: Total time for which application threads were stopped: 0.0001803 seconds, Stopping threads took: 0.0000494 seconds
2018-10-15T09:25:31.456+0200: 8.042: Application time: 0.0000390 seconds
2018-10-15T09:25:31.457+0200: 8.043: Total time for which application threads were stopped: 0.0001655 seconds, Stopping threads took: 0.0000374 seconds
2018-10-15T09:25:31.457+0200: 8.043: Application time: 0.0001492 seconds
2018-10-15T09:25:31.457+0200: 8.043: Total time for which application threads were stopped: 0.0002288 seconds, Stopping threads took: 0.0000809 seconds
2018-10-15T09:25:31.458+0200: 8.044: Application time: 0.0009015 seconds
2018-10-15T09:25:31.459+0200: 8.045: Total time for which application threads were stopped: 0.0014471 seconds, Stopping threads took: 0.0011420 seconds
2018-10-15T09:25:31.459+0200: 8.045: Application time: 0.0000586 seconds
2018-10-15T09:25:31.460+0200: 8.046: Total time for which application threads were stopped: 0.0003248 seconds, Stopping threads took: 0.0001567 seconds
2018-10-15T09:25:31.460+0200: 8.046: Application time: 0.0001208 seconds
2018-10-15T09:25:31.460+0200: 8.046: Total time for which application threads were stopped: 0.0001866 seconds, Stopping threads took: 0.0000586 seconds
2018-10-15T09:25:31.460+0200: 8.046: Application time: 0.0003182 seconds
2018-10-15T09:25:31.461+0200: 8.047: Total time for which application threads were stopped: 0.0004213 seconds, Stopping threads took: 0.0002849 seconds
2018-10-15T09:25:31.461+0200: 8.047: Application time: 0.0000466 seconds
2018-10-15T09:25:31.461+0200: 8.047: Total time for which application threads were stopped: 0.0001685 seconds, Stopping threads took: 0.0000421 seconds
2018-10-15T09:25:31.461+0200: 8.047: Application time: 0.0000331 seconds
2018-10-15T09:25:31.461+0200: 8.047: Total time for which application threads were stopped: 0.0001478 seconds, Stopping threads took: 0.0000284 seconds
2018-10-15T09:25:31.461+0200: 8.047: Application time: 0.0000371 seconds
2018-10-15T09:25:31.462+0200: 8.048: Total time for which application threads were stopped: 0.0007918 seconds, Stopping threads took: 0.0000481 seconds
2018-10-15T09:25:31.463+0200: 8.049: Application time: 0.0012861 seconds
2018-10-15T09:25:31.465+0200: 8.051: Total time for which application threads were stopped: 0.0012319 seconds, Stopping threads took: 0.0009990 seconds
2018-10-15T09:25:31.468+0200: 8.054: Application time: 0.0031998 seconds
2018-10-15T09:25:31.468+0200: 8.054: Total time for which application threads were stopped: 0.0003757 seconds, Stopping threads took: 0.0001918 seconds
2018-10-15T09:25:31.468+0200: 8.054: Application time: 0.0000514 seconds
2018-10-15T09:25:31.469+0200: 8.055: Total time for which application threads were stopped: 0.0003108 seconds, Stopping threads took: 0.0001871 seconds
2018-10-15T09:25:31.469+0200: 8.055: Application time: 0.0000303 seconds
2018-10-15T09:25:31.469+0200: 8.055: Total time for which application threads were stopped: 0.0001535 seconds, Stopping threads took: 0.0000406 seconds
2018-10-15T09:25:31.469+0200: 8.055: Application time: 0.0000296 seconds
2018-10-15T09:25:31.469+0200: 8.055: Total time for which application threads were stopped: 0.0001742 seconds, Stopping threads took: 0.0000641 seconds
2018-10-15T09:25:31.470+0200: 8.056: Application time: 0.0014759 seconds
2018-10-15T09:25:31.471+0200: 8.057: Total time for which application threads were stopped: 0.0008878 seconds, Stopping threads took: 0.0006008 seconds
2018-10-15T09:25:31.474+0200: 8.060: Application time: 0.0026850 seconds
2018-10-15T09:25:31.475+0200: 8.061: Total time for which application threads were stopped: 0.0010066 seconds, Stopping threads took: 0.0002233 seconds
2018-10-15T09:25:31.475+0200: 8.062: Application time: 0.0005245 seconds
2018-10-15T09:25:31.476+0200: 8.062: Total time for which application threads were stopped: 0.0008400 seconds, Stopping threads took: 0.0006742 seconds
2018-10-15T09:25:31.477+0200: 8.063: Application time: 0.0006229 seconds
2018-10-15T09:25:31.478+0200: 8.064: Total time for which application threads were stopped: 0.0007594 seconds, Stopping threads took: 0.0005985 seconds
2018-10-15T09:25:31.478+0200: 8.064: Application time: 0.0003047 seconds
2018-10-15T09:25:31.479+0200: 8.065: Total time for which application threads were stopped: 0.0009855 seconds, Stopping threads took: 0.0001916 seconds
2018-10-15T09:25:31.483+0200: 8.069: Application time: 0.0035746 seconds
2018-10-15T09:25:31.483+0200: 8.069: Total time for which application threads were stopped: 0.0004241 seconds, Stopping threads took: 0.0002208 seconds
2018-10-15T09:25:31.498+0200: 8.084: Application time: 0.0146249 seconds
2018-10-15T09:25:31.498+0200: 8.084: Total time for which application threads were stopped: 0.0005083 seconds, Stopping threads took: 0.0002331 seconds
2018-10-15T09:25:31.511+0200: 8.097: Application time: 0.0129154 seconds
2018-10-15T09:25:31.512+0200: 8.098: Total time for which application threads were stopped: 0.0004835 seconds, Stopping threads took: 0.0001507 seconds
2018-10-15T09:25:31.515+0200: 8.101: Application time: 0.0032664 seconds
2018-10-15T09:25:31.515+0200: 8.101: Total time for which application threads were stopped: 0.0004169 seconds, Stopping threads took: 0.0001350 seconds
2018-10-15T09:25:31.518+0200: 8.104: Application time: 0.0030690 seconds
2018-10-15T09:25:31.519+0200: 8.105: Total time for which application threads were stopped: 0.0004746 seconds, Stopping threads took: 0.0002176 seconds
2018-10-15T09:25:31.528+0200: 8.114: Application time: 0.0091252 seconds
2018-10-15T09:25:31.529+0200: 8.115: Total time for which application threads were stopped: 0.0006841 seconds, Stopping threads took: 0.0004288 seconds
2018-10-15T09:25:31.529+0200: 8.115: Application time: 0.0000561 seconds
2018-10-15T09:25:31.529+0200: 8.115: Total time for which application threads were stopped: 0.0002248 seconds, Stopping threads took: 0.0000415 seconds
2018-10-15T09:25:31.529+0200: 8.115: Application time: 0.0000624 seconds
2018-10-15T09:25:31.529+0200: 8.115: Total time for which application threads were stopped: 0.0002561 seconds, Stopping threads took: 0.0000852 seconds
2018-10-15T09:25:31.530+0200: 8.116: Application time: 0.0004780 seconds
2018-10-15T09:25:31.531+0200: 8.117: Total time for which application threads were stopped: 0.0008216 seconds, Stopping threads took: 0.0004612 seconds
2018-10-15T09:25:31.531+0200: 8.117: Application time: 0.0004543 seconds
2018-10-15T09:25:31.532+0200: 8.118: Total time for which application threads were stopped: 0.0007615 seconds, Stopping threads took: 0.0004120 seconds
2018-10-15T09:25:31.532+0200: 8.118: Application time: 0.0002261 seconds
2018-10-15T09:25:31.533+0200: 8.119: Total time for which application threads were stopped: 0.0013952 seconds, Stopping threads took: 0.0002396 seconds
2018-10-15T09:25:31.535+0200: 8.121: Application time: 0.0016746 seconds
2018-10-15T09:25:31.536+0200: 8.122: Total time for which application threads were stopped: 0.0009027 seconds, Stopping threads took: 0.0005965 seconds
2018-10-15T09:25:31.538+0200: 8.124: Application time: 0.0022787 seconds
2018-10-15T09:25:31.539+0200: 8.125: Total time for which application threads were stopped: 0.0003952 seconds, Stopping threads took: 0.0001525 seconds
2018-10-15T09:25:31.541+0200: 8.127: Application time: 0.0022279 seconds
2018-10-15T09:25:31.541+0200: 8.127: Total time for which application threads were stopped: 0.0004838 seconds, Stopping threads took: 0.0001904 seconds
2018-10-15T09:25:31.543+0200: 8.129: Application time: 0.0017108 seconds
2018-10-15T09:25:31.544+0200: 8.130: Total time for which application threads were stopped: 0.0009048 seconds, Stopping threads took: 0.0005511 seconds
2018-10-15T09:25:31.544+0200: 8.130: Application time: 0.0003255 seconds
2018-10-15T09:25:31.545+0200: 8.131: Total time for which application threads were stopped: 0.0003182 seconds, Stopping threads took: 0.0000874 seconds
2018-10-15T09:25:31.546+0200: 8.132: Application time: 0.0014744 seconds
2018-10-15T09:25:31.547+0200: 8.133: Total time for which application threads were stopped: 0.0004894 seconds, Stopping threads took: 0.0002412 seconds
2018-10-15T09:25:31.547+0200: 8.133: Application time: 0.0000567 seconds
2018-10-15T09:25:31.547+0200: 8.133: Total time for which application threads were stopped: 0.0002461 seconds, Stopping threads took: 0.0000588 seconds
2018-10-15T09:25:31.663+0200: 8.249: Application time: 0.1163320 seconds
2018-10-15T09:25:31.664+0200: 8.250: Total time for which application threads were stopped: 0.0005808 seconds, Stopping threads took: 0.0001857 seconds
2018-10-15T09:25:31.806+0200: 8.392: Application time: 0.1417614 seconds
2018-10-15T09:25:31.807+0200: 8.393: Total time for which application threads were stopped: 0.0015526 seconds, Stopping threads took: 0.0001692 seconds
2018-10-15T09:25:31.841+0200: 8.427: Application time: 0.0341548 seconds
2018-10-15T09:25:31.842+0200: 8.428: Total time for which application threads were stopped: 0.0006040 seconds, Stopping threads took: 0.0002435 seconds
2018-10-15T09:25:31.848+0200: 8.434: Application time: 0.0057310 seconds
2018-10-15T09:25:31.848+0200: 8.435: Total time for which application threads were stopped: 0.0007835 seconds, Stopping threads took: 0.0004156 seconds
2018-10-15T09:25:31.849+0200: 8.435: Application time: 0.0002491 seconds
2018-10-15T09:25:31.849+0200: 8.435: Total time for which application threads were stopped: 0.0005161 seconds, Stopping threads took: 0.0002091 seconds
2018-10-15T09:25:31.849+0200: 8.435: Application time: 0.0000959 seconds
2018-10-15T09:25:31.850+0200: 8.436: Total time for which application threads were stopped: 0.0003043 seconds, Stopping threads took: 0.0000911 seconds
2018-10-15T09:25:31.850+0200: 8.436: Application time: 0.0000489 seconds
2018-10-15T09:25:31.850+0200: 8.436: Total time for which application threads were stopped: 0.0002809 seconds, Stopping threads took: 0.0000750 seconds
2018-10-15T09:25:31.851+0200: 8.437: Application time: 0.0005529 seconds
2018-10-15T09:25:31.851+0200: 8.437: Total time for which application threads were stopped: 0.0006219 seconds, Stopping threads took: 0.0004045 seconds
2018-10-15T09:25:31.861+0200: 8.447: Application time: 0.0097523 seconds
2018-10-15T09:25:31.862+0200: 8.448: Total time for which application threads were stopped: 0.0009644 seconds, Stopping threads took: 0.0005432 seconds
2018-10-15T09:25:31.864+0200: 8.450: Application time: 0.0023032 seconds
2018-10-15T09:25:31.865+0200: 8.451: Total time for which application threads were stopped: 0.0007991 seconds, Stopping threads took: 0.0003950 seconds
2018-10-15T09:25:31.927+0200: 8.513: Application time: 0.0615414 seconds
2018-10-15T09:25:31.928+0200: 8.514: Total time for which application threads were stopped: 0.0010314 seconds, Stopping threads took: 0.0004707 seconds
2018-10-15T09:25:31.940+0200: 8.526: Application time: 0.0128491 seconds
2018-10-15T09:25:31.943+0200: 8.529: Total time for which application threads were stopped: 0.0024078 seconds, Stopping threads took: 0.0004338 seconds
2018-10-15T09:25:32.168+0200: 8.754: Application time: 0.2253665 seconds
2018-10-15T09:25:32.170+0200: 8.756: Total time for which application threads were stopped: 0.0013774 seconds, Stopping threads took: 0.0001472 seconds
2018-10-15T09:25:32.332+0200: 8.918: Application time: 0.1620813 seconds
2018-10-15T09:25:32.333+0200: 8.919: Total time for which application threads were stopped: 0.0008410 seconds, Stopping threads took: 0.0001815 seconds
2018-10-15T09:25:32.340+0200: 8.926: Application time: 0.0072338 seconds
2018-10-15T09:25:32.340+0200: 8.926: Total time for which application threads were stopped: 0.0005023 seconds, Stopping threads took: 0.0001476 seconds
2018-10-15T09:25:32.704+0200: 9.290: Application time: 0.3637900 seconds
2018-10-15T09:25:32.706+0200: 9.292: Total time for which application threads were stopped: 0.0015506 seconds, Stopping threads took: 0.0003339 seconds
2018-10-15T09:25:32.718+0200: 9.305: Application time: 0.0129083 seconds
2018-10-15T09:25:32.720+0200: 9.306: Total time for which application threads were stopped: 0.0013249 seconds, Stopping threads took: 0.0002719 seconds
2018-10-15T09:25:32.753+0200: 9.339: Application time: 0.0330097 seconds
2018-10-15T09:25:32.755+0200: 9.341: Total time for which application threads were stopped: 0.0021654 seconds, Stopping threads took: 0.0001856 seconds
2018-10-15T09:25:32.825+0200: 9.411: Application time: 0.0697143 seconds
2018-10-15T09:25:32.826+0200: 9.412: Total time for which application threads were stopped: 0.0009094 seconds, Stopping threads took: 0.0002047 seconds
2018-10-15T09:25:32.996+0200: 9.582: Application time: 0.1703860 seconds
2018-10-15T09:25:32.997+0200: 9.583: Total time for which application threads were stopped: 0.0013511 seconds, Stopping threads took: 0.0002098 seconds
2018-10-15T09:25:33.020+0200: 9.606: Application time: 0.0228221 seconds
2018-10-15T09:25:33.021+0200: 9.607: Total time for which application threads were stopped: 0.0007558 seconds, Stopping threads took: 0.0001671 seconds
2018-10-15T09:25:33.025+0200: 9.612: Application time: 0.0045021 seconds
2018-10-15T09:25:33.026+0200: 9.612: Total time for which application threads were stopped: 0.0009126 seconds, Stopping threads took: 0.0002872 seconds
2018-10-15T09:25:33.031+0200: 9.617: Application time: 0.0044550 seconds
2018-10-15T09:25:33.036+0200: 9.622: Total time for which application threads were stopped: 0.0049803 seconds, Stopping threads took: 0.0001633 seconds
2018-10-15T09:25:33.039+0200: 9.625: Application time: 0.0027761 seconds
2018-10-15T09:25:33.039+0200: 9.626: Total time for which application threads were stopped: 0.0008554 seconds, Stopping threads took: 0.0002645 seconds
2018-10-15T09:25:33.061+0200: 9.647: Application time: 0.0217813 seconds
2018-10-15T09:25:33.062+0200: 9.648: Total time for which application threads were stopped: 0.0009648 seconds, Stopping threads took: 0.0002680 seconds
2018-10-15T09:25:33.062+0200: 9.648: Application time: 0.0001936 seconds
2018-10-15T09:25:33.063+0200: 9.650: Total time for which application threads were stopped: 0.0010332 seconds, Stopping threads took: 0.0005081 seconds
2018-10-15T09:25:33.064+0200: 9.650: Application time: 0.0001521 seconds
2018-10-15T09:25:33.064+0200: 9.650: Total time for which application threads were stopped: 0.0005818 seconds, Stopping threads took: 0.0001532 seconds
2018-10-15T09:25:33.065+0200: 9.651: Application time: 0.0010922 seconds
2018-10-15T09:25:33.066+0200: 9.652: Total time for which application threads were stopped: 0.0008181 seconds, Stopping threads took: 0.0002650 seconds
2018-10-15T09:25:33.067+0200: 9.653: Application time: 0.0004679 seconds
2018-10-15T09:25:33.067+0200: 9.654: Total time for which application threads were stopped: 0.0008909 seconds, Stopping threads took: 0.0003559 seconds
2018-10-15T09:25:33.070+0200: 9.656: Application time: 0.0029222 seconds
2018-10-15T09:25:33.071+0200: 9.657: Total time for which application threads were stopped: 0.0009110 seconds, Stopping threads took: 0.0003915 seconds
2018-10-15T09:25:33.080+0200: 9.666: Application time: 0.0084513 seconds
2018-10-15T09:25:33.081+0200: 9.667: Total time for which application threads were stopped: 0.0011247 seconds, Stopping threads took: 0.0004067 seconds
2018-10-15T09:25:33.086+0200: 9.673: Application time: 0.0055702 seconds
2018-10-15T09:25:33.088+0200: 9.674: Total time for which application threads were stopped: 0.0011547 seconds, Stopping threads took: 0.0004839 seconds
2018-10-15T09:25:33.088+0200: 9.674: Application time: 0.0007674 seconds
2018-10-15T09:25:33.089+0200: 9.676: Total time for which application threads were stopped: 0.0010754 seconds, Stopping threads took: 0.0004173 seconds
2018-10-15T09:25:33.090+0200: 9.676: Application time: 0.0008571 seconds
2018-10-15T09:25:33.091+0200: 9.677: Total time for which application threads were stopped: 0.0009536 seconds, Stopping threads took: 0.0002995 seconds
2018-10-15T09:25:33.119+0200: 9.705: Application time: 0.0276847 seconds
2018-10-15T09:25:33.120+0200: 9.706: [GC pause (G1 Evacuation Pause) (young)
Desired survivor size 27262976 bytes, new threshold 15 (max 15)
- age   1:    9342928 bytes,    9342928 total
- age   2:    5019504 bytes,   14362432 total
, 0.0392651 secs]
   [Parallel Time: 25.4 ms, GC Workers: 30]
      [GC Worker Start (ms): Min: 9706.2, Avg: 9706.6, Max: 9707.0, Diff: 0.7]
      [Ext Root Scanning (ms): Min: 1.3, Avg: 1.8, Max: 6.7, Diff: 5.5, Sum: 52.6]
      [Update RS (ms): Min: 0.0, Avg: 0.0, Max: 0.0, Diff: 0.0, Sum: 0.0]
         [Processed Buffers: Min: 0, Avg: 0.0, Max: 0, Diff: 0, Sum: 0]
      [Scan RS (ms): Min: 0.0, Avg: 0.0, Max: 0.0, Diff: 0.0, Sum: 0.5]
      [Code Root Scanning (ms): Min: 0.0, Avg: 0.8, Max: 10.4, Diff: 10.4, Sum: 23.8]
      [Object Copy (ms): Min: 12.2, Avg: 21.7, Max: 22.6, Diff: 10.4, Sum: 649.7]
      [Termination (ms): Min: 0.0, Avg: 0.3, Max: 0.4, Diff: 0.4, Sum: 9.8]
         [Termination Attempts: Min: 1, Avg: 199.6, Max: 222, Diff: 221, Sum: 5988]
      [GC Worker Other (ms): Min: 0.0, Avg: 0.1, Max: 0.1, Diff: 0.1, Sum: 1.7]
      [GC Worker Total (ms): Min: 24.2, Avg: 24.6, Max: 25.0, Diff: 0.8, Sum: 738.0]
      [GC Worker End (ms): Min: 9731.2, Avg: 9731.2, Max: 9731.3, Diff: 0.1]
   [Code Root Fixup: 0.5 ms]
   [Code Root Purge: 0.2 ms]
   [Clear CT: 1.9 ms]
   [Other: 11.3 ms]
      [Choose CSet: 0.0 ms]
      [Ref Proc: 8.1 ms]
      [Ref Enq: 0.1 ms]
      [Redirty Cards: 1.7 ms]
      [Humongous Register: 0.1 ms]
      [Humongous Reclaim: 0.1 ms]
      [Free CSet: 0.7 ms]
   [Eden: 376.0M(376.0M)->0.0B(356.0M) Survivors: 32.0M->52.0M Heap: 461.9M(8192.0M)->110.3M(8192.0M)]
 [Times: user=0.82 sys=0.01, real=0.04 secs] 
2018-10-15T09:25:33.159+0200: 9.745: Total time for which application threads were stopped: 0.0404258 seconds, Stopping threads took: 0.0002906 seconds
2018-10-15T09:25:33.160+0200: 9.746: Application time: 0.0006478 seconds
2018-10-15T09:25:33.161+0200: 9.747: Total time for which application threads were stopped: 0.0007785 seconds, Stopping threads took: 0.0002455 seconds
2018-10-15T09:25:33.161+0200: 9.747: Application time: 0.0001386 seconds
2018-10-15T09:25:33.161+0200: 9.747: Total time for which application threads were stopped: 0.0004709 seconds, Stopping threads took: 0.0001064 seconds
2018-10-15T09:25:33.163+0200: 9.749: Application time: 0.0012551 seconds
2018-10-15T09:25:33.164+0200: 9.750: Total time for which application threads were stopped: 0.0009010 seconds, Stopping threads took: 0.0005214 seconds
2018-10-15T09:25:33.164+0200: 9.750: Application time: 0.0006500 seconds
2018-10-15T09:25:33.165+0200: 9.751: Total time for which application threads were stopped: 0.0004658 seconds, Stopping threads took: 0.0001483 seconds
2018-10-15T09:25:33.165+0200: 9.751: Application time: 0.0003940 seconds
2018-10-15T09:25:33.166+0200: 9.752: Total time for which application threads were stopped: 0.0004802 seconds, Stopping threads took: 0.0001408 seconds
2018-10-15T09:25:33.166+0200: 9.752: Application time: 0.0008494 seconds
2018-10-15T09:25:33.167+0200: 9.753: Total time for which application threads were stopped: 0.0006073 seconds, Stopping threads took: 0.0002784 seconds
2018-10-15T09:25:33.168+0200: 9.754: Application time: 0.0007939 seconds
2018-10-15T09:25:33.168+0200: 9.754: Total time for which application threads were stopped: 0.0005736 seconds, Stopping threads took: 0.0002385 seconds
2018-10-15T09:25:33.168+0200: 9.755: Application time: 0.0000373 seconds
2018-10-15T09:25:33.169+0200: 9.755: Total time for which application threads were stopped: 0.0003458 seconds, Stopping threads took: 0.0000591 seconds
2018-10-15T09:25:33.169+0200: 9.755: Application time: 0.0000283 seconds
2018-10-15T09:25:33.169+0200: 9.755: Total time for which application threads were stopped: 0.0003052 seconds, Stopping threads took: 0.0000437 seconds
2018-10-15T09:25:33.169+0200: 9.755: Application time: 0.0000252 seconds
2018-10-15T09:25:33.170+0200: 9.756: Total time for which application threads were stopped: 0.0003167 seconds, Stopping threads took: 0.0000406 seconds
2018-10-15T09:25:33.170+0200: 9.756: Application time: 0.0000259 seconds
2018-10-15T09:25:33.170+0200: 9.756: Total time for which application threads were stopped: 0.0003005 seconds, Stopping threads took: 0.0000412 seconds
2018-10-15T09:25:33.170+0200: 9.756: Application time: 0.0000250 seconds
2018-10-15T09:25:33.170+0200: 9.756: Total time for which application threads were stopped: 0.0002871 seconds, Stopping threads took: 0.0000355 seconds
2018-10-15T09:25:33.170+0200: 9.756: Application time: 0.0000293 seconds
2018-10-15T09:25:33.170+0200: 9.757: Total time for which application threads were stopped: 0.0002879 seconds, Stopping threads took: 0.0000387 seconds
2018-10-15T09:25:33.170+0200: 9.757: Application time: 0.0000247 seconds
2018-10-15T09:25:33.171+0200: 9.757: Total time for which application threads were stopped: 0.0003003 seconds, Stopping threads took: 0.0000511 seconds
2018-10-15T09:25:33.171+0200: 9.757: Application time: 0.0000249 seconds
2018-10-15T09:25:33.171+0200: 9.757: Total time for which application threads were stopped: 0.0002926 seconds, Stopping threads took: 0.0000417 seconds
2018-10-15T09:25:33.171+0200: 9.757: Application time: 0.0000249 seconds
2018-10-15T09:25:33.171+0200: 9.757: Total time for which application threads were stopped: 0.0003009 seconds, Stopping threads took: 0.0000587 seconds
2018-10-15T09:25:33.171+0200: 9.758: Application time: 0.0000457 seconds
2018-10-15T09:25:33.172+0200: 9.758: Total time for which application threads were stopped: 0.0004346 seconds, Stopping threads took: 0.0001808 seconds
2018-10-15T09:25:33.172+0200: 9.758: Application time: 0.0001157 seconds
2018-10-15T09:25:33.172+0200: 9.758: Total time for which application threads were stopped: 0.0003080 seconds, Stopping threads took: 0.0000694 seconds
2018-10-15T09:25:33.172+0200: 9.758: Application time: 0.0000650 seconds
2018-10-15T09:25:33.173+0200: 9.759: Total time for which application threads were stopped: 0.0002900 seconds, Stopping threads took: 0.0000443 seconds
2018-10-15T09:25:33.173+0200: 9.759: Application time: 0.0000254 seconds
2018-10-15T09:25:33.175+0200: 9.761: Total time for which application threads were stopped: 0.0017802 seconds, Stopping threads took: 0.0000400 seconds
2018-10-15T09:25:33.240+0200: 9.826: Application time: 0.0651175 seconds
2018-10-15T09:25:33.241+0200: 9.827: Total time for which application threads were stopped: 0.0011845 seconds, Stopping threads took: 0.0004229 seconds
2018-10-15T09:25:33.323+0200: 9.909: Application time: 0.0819367 seconds
2018-10-15T09:25:33.324+0200: 9.910: Total time for which application threads were stopped: 0.0009803 seconds, Stopping threads took: 0.0003533 seconds
2018-10-15T09:25:33.367+0200: 9.953: Application time: 0.0428363 seconds
2018-10-15T09:25:33.367+0200: 9.954: Total time for which application threads were stopped: 0.0008635 seconds, Stopping threads took: 0.0003810 seconds
2018-10-15T09:25:33.387+0200: 9.973: Application time: 0.0192399 seconds
2018-10-15T09:25:33.388+0200: 9.974: Total time for which application threads were stopped: 0.0014581 seconds, Stopping threads took: 0.0000453 seconds
2018-10-15T09:25:33.431+0200: 10.017: Application time: 0.0432193 seconds
2018-10-15T09:25:33.433+0200: 10.019: Total time for which application threads were stopped: 0.0010988 seconds, Stopping threads took: 0.0003423 seconds
2018-10-15T09:25:33.444+0200: 10.031: Application time: 0.0119765 seconds
2018-10-15T09:25:33.446+0200: 10.032: Total time for which application threads were stopped: 0.0010470 seconds, Stopping threads took: 0.0004039 seconds
2018-10-15T09:25:33.558+0200: 10.144: Application time: 0.1122871 seconds
2018-10-15T09:25:33.559+0200: 10.145: Total time for which application threads were stopped: 0.0012370 seconds, Stopping threads took: 0.0006891 seconds
2018-10-15T09:25:33.679+0200: 10.265: Application time: 0.1196680 seconds
2018-10-15T09:25:33.680+0200: 10.266: Total time for which application threads were stopped: 0.0009846 seconds, Stopping threads took: 0.0002435 seconds
2018-10-15T09:25:33.683+0200: 10.269: Application time: 0.0036076 seconds
2018-10-15T09:25:33.686+0200: 10.272: Total time for which application threads were stopped: 0.0023896 seconds, Stopping threads took: 0.0002039 seconds
2018-10-15T09:25:33.724+0200: 10.310: Application time: 0.0384191 seconds
2018-10-15T09:25:33.725+0200: 10.311: Total time for which application threads were stopped: 0.0012141 seconds, Stopping threads took: 0.0002495 seconds
2018-10-15T09:25:33.847+0200: 10.433: Application time: 0.1213283 seconds
2018-10-15T09:25:33.848+0200: 10.434: Total time for which application threads were stopped: 0.0012502 seconds, Stopping threads took: 0.0003748 seconds
2018-10-15T09:25:33.886+0200: 10.472: Application time: 0.0377045 seconds
2018-10-15T09:25:33.887+0200: 10.473: [GC pause (Metadata GC Threshold) (young) (initial-mark)
Desired survivor size 27262976 bytes, new threshold 1 (max 15)
- age   1:   36600248 bytes,   36600248 total
- age   2:    4011384 bytes,   40611632 total
- age   3:    4308840 bytes,   44920472 total
, 0.0436415 secs]
   [Parallel Time: 34.1 ms, GC Workers: 30]
      [GC Worker Start (ms): Min: 10473.2, Avg: 10473.5, Max: 10473.9, Diff: 0.7]
      [Ext Root Scanning (ms): Min: 3.6, Avg: 4.1, Max: 4.9, Diff: 1.3, Sum: 124.5]
      [Update RS (ms): Min: 0.0, Avg: 0.8, Max: 1.5, Diff: 1.5, Sum: 22.6]
         [Processed Buffers: Min: 0, Avg: 2.2, Max: 7, Diff: 7, Sum: 66]
      [Scan RS (ms): Min: 0.2, Avg: 0.4, Max: 0.7, Diff: 0.5, Sum: 13.0]
      [Code Root Scanning (ms): Min: 0.0, Avg: 1.1, Max: 10.0, Diff: 10.0, Sum: 32.2]
      [Object Copy (ms): Min: 17.2, Avg: 26.0, Max: 27.8, Diff: 10.5, Sum: 779.9]
      [Termination (ms): Min: 0.0, Avg: 0.9, Max: 1.0, Diff: 1.0, Sum: 26.3]
         [Termination Attempts: Min: 1, Avg: 414.3, Max: 464, Diff: 463, Sum: 12430]
      [GC Worker Other (ms): Min: 0.0, Avg: 0.1, Max: 0.2, Diff: 0.1, Sum: 2.0]
      [GC Worker Total (ms): Min: 33.0, Avg: 33.3, Max: 33.7, Diff: 0.8, Sum: 1000.5]
      [GC Worker End (ms): Min: 10506.8, Avg: 10506.9, Max: 10507.0, Diff: 0.1]
   [Code Root Fixup: 0.6 ms]
   [Code Root Purge: 0.0 ms]
   [Clear CT: 2.0 ms]
   [Other: 7.0 ms]
      [Choose CSet: 0.0 ms]
      [Ref Proc: 3.7 ms]
      [Ref Enq: 0.1 ms]
      [Redirty Cards: 1.6 ms]
      [Humongous Register: 0.0 ms]
      [Humongous Reclaim: 0.0 ms]
      [Free CSet: 0.9 ms]
   [Eden: 256.0M(356.0M)->0.0B(380.0M) Survivors: 52.0M->28.0M Heap: 364.5M(8192.0M)->135.7M(8192.0M)]
 [Times: user=0.93 sys=0.00, real=0.04 secs] 
2018-10-15T09:25:33.930+0200: 10.517: [GC concurrent-root-region-scan-start]
2018-10-15T09:25:33.931+0200: 10.517: Total time for which application threads were stopped: 0.0449864 seconds, Stopping threads took: 0.0002591 seconds
2018-10-15T09:25:33.931+0200: 10.517: Application time: 0.0001731 seconds
2018-10-15T09:25:33.932+0200: 10.518: Total time for which application threads were stopped: 0.0007198 seconds, Stopping threads took: 0.0001357 seconds
2018-10-15T09:25:33.932+0200: 10.518: Application time: 0.0002389 seconds
2018-10-15T09:25:33.932+0200: 10.518: Total time for which application threads were stopped: 0.0005724 seconds, Stopping threads took: 0.0001251 seconds
2018-10-15T09:25:33.936+0200: 10.522: [GC concurrent-root-region-scan-end, 0.0050646 secs]
2018-10-15T09:25:33.936+0200: 10.522: [GC concurrent-mark-start]
2018-10-15T09:25:33.954+0200: 10.540: [GC concurrent-mark-end, 0.0186273 secs]
2018-10-15T09:25:33.954+0200: 10.540: Application time: 0.0218740 seconds
2018-10-15T09:25:33.955+0200: 10.541: [GC remark 2018-10-15T09:25:33.955+0200: 10.541: [Finalize Marking, 0.0019158 secs] 2018-10-15T09:25:33.957+0200: 10.543: [GC ref-proc, 0.0014152 secs] 2018-10-15T09:25:33.958+0200: 10.545: [Unloading, 0.0123645 secs], 0.0170163 secs]
 [Times: user=0.39 sys=0.00, real=0.02 secs] 
2018-10-15T09:25:33.972+0200: 10.558: Total time for which application threads were stopped: 0.0179768 seconds, Stopping threads took: 0.0001852 seconds
2018-10-15T09:25:33.972+0200: 10.558: Application time: 0.0000623 seconds
2018-10-15T09:25:33.973+0200: 10.559: [GC cleanup 145M->137M(8192M), 0.0044085 secs]
 [Times: user=0.04 sys=0.00, real=0.00 secs] 
2018-10-15T09:25:33.977+0200: 10.563: Total time for which application threads were stopped: 0.0051443 seconds, Stopping threads took: 0.0000676 seconds
2018-10-15T09:25:33.977+0200: 10.563: [GC concurrent-cleanup-start]
2018-10-15T09:25:33.977+0200: 10.564: [GC concurrent-cleanup-end, 0.0000224 secs]
2018-10-15T09:25:34.008+0200: 10.594: Application time: 0.0304786 seconds
2018-10-15T09:25:34.009+0200: 10.595: Total time for which application threads were stopped: 0.0012708 seconds, Stopping threads took: 0.0004158 seconds
2018-10-15T09:25:34.046+0200: 10.632: Application time: 0.0365921 seconds
2018-10-15T09:25:34.047+0200: 10.633: Total time for which application threads were stopped: 0.0012788 seconds, Stopping threads took: 0.0003502 seconds
2018-10-15T09:25:34.058+0200: 10.644: Application time: 0.0111057 seconds
2018-10-15T09:25:34.061+0200: 10.647: Total time for which application threads were stopped: 0.0027066 seconds, Stopping threads took: 0.0003928 seconds
2018-10-15T09:25:34.112+0200: 10.698: Application time: 0.0510476 seconds
2018-10-15T09:25:34.113+0200: 10.699: Total time for which application threads were stopped: 0.0013232 seconds, Stopping threads took: 0.0005485 seconds
2018-10-15T09:25:34.113+0200: 10.699: Application time: 0.0001492 seconds
2018-10-15T09:25:34.114+0200: 10.700: Total time for which application threads were stopped: 0.0005812 seconds, Stopping threads took: 0.0001452 seconds
2018-10-15T09:25:34.214+0200: 10.800: Application time: 0.1002942 seconds
2018-10-15T09:25:34.215+0200: 10.801: Total time for which application threads were stopped: 0.0009401 seconds, Stopping threads took: 0.0002403 seconds
2018-10-15T09:25:34.230+0200: 10.816: Application time: 0.0147861 seconds
2018-10-15T09:25:34.231+0200: 10.817: Total time for which application threads were stopped: 0.0009391 seconds, Stopping threads took: 0.0002831 seconds
2018-10-15T09:25:34.256+0200: 10.843: Application time: 0.0255205 seconds
2018-10-15T09:25:34.259+0200: 10.845: Total time for which application threads were stopped: 0.0023618 seconds, Stopping threads took: 0.0003368 seconds
2018-10-15T09:25:34.269+0200: 10.855: Application time: 0.0099566 seconds
2018-10-15T09:25:34.271+0200: 10.857: Total time for which application threads were stopped: 0.0024300 seconds, Stopping threads took: 0.0002795 seconds
2018-10-15T09:25:34.368+0200: 10.954: Application time: 0.0967905 seconds
2018-10-15T09:25:34.370+0200: 10.956: Total time for which application threads were stopped: 0.0020330 seconds, Stopping threads took: 0.0012039 seconds
2018-10-15T09:25:34.486+0200: 11.072: Application time: 0.1154455 seconds
2018-10-15T09:25:34.487+0200: 11.074: Total time for which application threads were stopped: 0.0019659 seconds, Stopping threads took: 0.0011234 seconds
2018-10-15T09:25:34.488+0200: 11.074: Application time: 0.0001045 seconds
2018-10-15T09:25:34.488+0200: 11.074: Total time for which application threads were stopped: 0.0005580 seconds, Stopping threads took: 0.0001191 seconds
2018-10-15T09:25:34.528+0200: 11.114: Application time: 0.0394556 seconds
2018-10-15T09:25:34.530+0200: 11.116: Total time for which application threads were stopped: 0.0019847 seconds, Stopping threads took: 0.0002544 seconds
2018-10-15T09:25:34.532+0200: 11.118: Application time: 0.0022797 seconds
2018-10-15T09:25:34.533+0200: 11.119: Total time for which application threads were stopped: 0.0007867 seconds, Stopping threads took: 0.0002771 seconds
2018-10-15T09:25:34.534+0200: 11.120: Application time: 0.0014331 seconds
2018-10-15T09:25:34.535+0200: 11.121: Total time for which application threads were stopped: 0.0006567 seconds, Stopping threads took: 0.0002509 seconds
2018-10-15T09:25:34.535+0200: 11.121: Application time: 0.0000953 seconds
2018-10-15T09:25:34.535+0200: 11.121: Total time for which application threads were stopped: 0.0005317 seconds, Stopping threads took: 0.0001827 seconds
2018-10-15T09:25:34.535+0200: 11.121: Application time: 0.0000473 seconds
2018-10-15T09:25:34.536+0200: 11.122: Total time for which application threads were stopped: 0.0003290 seconds, Stopping threads took: 0.0000549 seconds
2018-10-15T09:25:34.537+0200: 11.123: Application time: 0.0006975 seconds
2018-10-15T09:25:34.537+0200: 11.123: Total time for which application threads were stopped: 0.0005706 seconds, Stopping threads took: 0.0002239 seconds
2018-10-15T09:25:34.538+0200: 11.124: Application time: 0.0007159 seconds
2018-10-15T09:25:34.539+0200: 11.125: Total time for which application threads were stopped: 0.0007156 seconds, Stopping threads took: 0.0004347 seconds
2018-10-15T09:25:34.539+0200: 11.125: Application time: 0.0007809 seconds
2018-10-15T09:25:34.540+0200: 11.126: Total time for which application threads were stopped: 0.0008138 seconds, Stopping threads took: 0.0004226 seconds
2018-10-15T09:25:34.609+0200: 11.195: Application time: 0.0685485 seconds
2018-10-15T09:25:34.611+0200: 11.198: Total time for which application threads were stopped: 0.0028194 seconds, Stopping threads took: 0.0006192 seconds
2018-10-15T09:25:34.618+0200: 11.204: Application time: 0.0061391 seconds
2018-10-15T09:25:34.619+0200: 11.205: Total time for which application threads were stopped: 0.0014517 seconds, Stopping threads took: 0.0009783 seconds
2018-10-15T09:25:34.634+0200: 11.220: Application time: 0.0147973 seconds
2018-10-15T09:25:34.636+0200: 11.222: Total time for which application threads were stopped: 0.0024865 seconds, Stopping threads took: 0.0002212 seconds
2018-10-15T09:25:34.638+0200: 11.224: Application time: 0.0015652 seconds
2018-10-15T09:25:34.640+0200: 11.226: Total time for which application threads were stopped: 0.0021855 seconds, Stopping threads took: 0.0002970 seconds
2018-10-15T09:25:34.643+0200: 11.229: Application time: 0.0023981 seconds
2018-10-15T09:25:34.644+0200: 11.230: Total time for which application threads were stopped: 0.0011203 seconds, Stopping threads took: 0.0003292 seconds
2018-10-15T09:25:34.649+0200: 11.235: Application time: 0.0048863 seconds
2018-10-15T09:25:34.650+0200: 11.236: Total time for which application threads were stopped: 0.0016611 seconds, Stopping threads took: 0.0002847 seconds
2018-10-15T09:25:34.683+0200: 11.269: Application time: 0.0331470 seconds
2018-10-15T09:25:34.686+0200: 11.272: Total time for which application threads were stopped: 0.0028011 seconds, Stopping threads took: 0.0005846 seconds
2018-10-15T09:25:34.697+0200: 11.283: Application time: 0.0104436 seconds
2018-10-15T09:25:34.698+0200: 11.284: [GC pause (G1 Evacuation Pause) (young)
Desired survivor size 27262976 bytes, new threshold 15 (max 15)
- age   1:    4621104 bytes,    4621104 total
, 0.0176486 secs]
   [Parallel Time: 6.7 ms, GC Workers: 30]
      [GC Worker Start (ms): Min: 11284.2, Avg: 11284.8, Max: 11285.2, Diff: 0.9]
      [Ext Root Scanning (ms): Min: 0.7, Avg: 1.3, Max: 3.4, Diff: 2.7, Sum: 39.3]
      [Update RS (ms): Min: 0.0, Avg: 1.1, Max: 2.2, Diff: 2.2, Sum: 32.9]
         [Processed Buffers: Min: 0, Avg: 3.0, Max: 8, Diff: 8, Sum: 90]
      [Scan RS (ms): Min: 0.0, Avg: 0.2, Max: 0.4, Diff: 0.4, Sum: 5.4]
      [Code Root Scanning (ms): Min: 0.0, Avg: 0.2, Max: 0.6, Diff: 0.6, Sum: 5.5]
      [Object Copy (ms): Min: 2.3, Avg: 2.9, Max: 3.0, Diff: 0.7, Sum: 86.2]
      [Termination (ms): Min: 0.0, Avg: 0.0, Max: 0.0, Diff: 0.0, Sum: 0.3]
         [Termination Attempts: Min: 1, Avg: 1.0, Max: 1, Diff: 0, Sum: 30]
      [GC Worker Other (ms): Min: 0.0, Avg: 0.1, Max: 0.2, Diff: 0.1, Sum: 2.2]
      [GC Worker Total (ms): Min: 5.3, Avg: 5.7, Max: 6.2, Diff: 0.9, Sum: 171.7]
      [GC Worker End (ms): Min: 11290.5, Avg: 11290.5, Max: 11290.6, Diff: 0.1]
   [Code Root Fixup: 0.0 ms]
   [Code Root Purge: 0.0 ms]
   [Clear CT: 2.1 ms]
   [Other: 8.7 ms]
      [Choose CSet: 0.0 ms]
      [Ref Proc: 4.7 ms]
      [Ref Enq: 0.1 ms]
      [Redirty Cards: 2.7 ms]
      [Humongous Register: 0.1 ms]
      [Humongous Reclaim: 0.1 ms]
      [Free CSet: 0.3 ms]
   [Eden: 380.0M(380.0M)->0.0B(652.0M) Survivors: 28.0M->28.0M Heap: 507.7M(8192.0M)->126.2M(8192.0M)]
 [Times: user=0.20 sys=0.00, real=0.02 secs] 
2018-10-15T09:25:34.716+0200: 11.302: Total time for which application threads were stopped: 0.0189202 seconds, Stopping threads took: 0.0004162 seconds
2018-10-15T09:25:34.716+0200: 11.302: Application time: 0.0006900 seconds
2018-10-15T09:25:34.719+0200: 11.305: Total time for which application threads were stopped: 0.0023021 seconds, Stopping threads took: 0.0003906 seconds
2018-10-15T09:25:34.808+0200: 11.394: Application time: 0.0894739 seconds
2018-10-15T09:25:34.809+0200: 11.396: Total time for which application threads were stopped: 0.0014837 seconds, Stopping threads took: 0.0003647 seconds
2018-10-15T09:25:34.853+0200: 11.439: Application time: 0.0433019 seconds
2018-10-15T09:25:34.854+0200: 11.440: Total time for which application threads were stopped: 0.0010770 seconds, Stopping threads took: 0.0004249 seconds
2018-10-15T09:25:34.860+0200: 11.446: Application time: 0.0057948 seconds
2018-10-15T09:25:34.861+0200: 11.447: Total time for which application threads were stopped: 0.0016940 seconds, Stopping threads took: 0.0007191 seconds
2018-10-15T09:25:34.883+0200: 11.469: Application time: 0.0218085 seconds
2018-10-15T09:25:34.884+0200: 11.470: Total time for which application threads were stopped: 0.0010591 seconds, Stopping threads took: 0.0004359 seconds
2018-10-15T09:25:34.892+0200: 11.478: Application time: 0.0080008 seconds
2018-10-15T09:25:34.893+0200: 11.479: Total time for which application threads were stopped: 0.0009526 seconds, Stopping threads took: 0.0004915 seconds
2018-10-15T09:25:34.920+0200: 11.506: Application time: 0.0266946 seconds
2018-10-15T09:25:34.921+0200: 11.507: Total time for which application threads were stopped: 0.0010920 seconds, Stopping threads took: 0.0004147 seconds
2018-10-15T09:25:34.927+0200: 11.513: Application time: 0.0056145 seconds
2018-10-15T09:25:34.928+0200: 11.514: Total time for which application threads were stopped: 0.0009233 seconds, Stopping threads took: 0.0003866 seconds
2018-10-15T09:25:34.986+0200: 11.572: Application time: 0.0587019 seconds
2018-10-15T09:25:34.987+0200: 11.573: Total time for which application threads were stopped: 0.0009459 seconds, Stopping threads took: 0.0004820 seconds
2018-10-15T09:25:35.090+0200: 11.676: Application time: 0.1028118 seconds
2018-10-15T09:25:35.091+0200: 11.677: Total time for which application threads were stopped: 0.0011536 seconds, Stopping threads took: 0.0004960 seconds
2018-10-15T09:25:35.110+0200: 11.696: Application time: 0.0187763 seconds
2018-10-15T09:25:35.111+0200: 11.697: Total time for which application threads were stopped: 0.0010594 seconds, Stopping threads took: 0.0004704 seconds
2018-10-15T09:25:35.119+0200: 11.705: Application time: 0.0078272 seconds
2018-10-15T09:25:35.120+0200: 11.706: Total time for which application threads were stopped: 0.0010310 seconds, Stopping threads took: 0.0004166 seconds
2018-10-15T09:25:35.150+0200: 11.736: Application time: 0.0298157 seconds
2018-10-15T09:25:35.151+0200: 11.737: Total time for which application threads were stopped: 0.0011511 seconds, Stopping threads took: 0.0004862 seconds
2018-10-15T09:25:35.217+0200: 11.803: Application time: 0.0666033 seconds
2018-10-15T09:25:35.219+0200: 11.805: Total time for which application threads were stopped: 0.0012036 seconds, Stopping threads took: 0.0004563 seconds
2018-10-15T09:25:35.230+0200: 11.816: Application time: 0.0112712 seconds
2018-10-15T09:25:35.231+0200: 11.817: Total time for which application threads were stopped: 0.0010835 seconds, Stopping threads took: 0.0004280 seconds
2018-10-15T09:25:35.266+0200: 11.852: Application time: 0.0346107 seconds
2018-10-15T09:25:35.267+0200: 11.853: Total time for which application threads were stopped: 0.0012617 seconds, Stopping threads took: 0.0004865 seconds
2018-10-15T09:25:35.298+0200: 11.884: Application time: 0.0312184 seconds
2018-10-15T09:25:35.299+0200: 11.885: Total time for which application threads were stopped: 0.0011308 seconds, Stopping threads took: 0.0004905 seconds
2018-10-15T09:25:35.312+0200: 11.898: Application time: 0.0127809 seconds
2018-10-15T09:25:35.313+0200: 11.899: Total time for which application threads were stopped: 0.0011532 seconds, Stopping threads took: 0.0005052 seconds
2018-10-15T09:25:35.326+0200: 11.912: Application time: 0.0127212 seconds
2018-10-15T09:25:35.327+0200: 11.913: Total time for which application threads were stopped: 0.0012390 seconds, Stopping threads took: 0.0005202 seconds
2018-10-15T09:25:35.329+0200: 11.915: Application time: 0.0015548 seconds
2018-10-15T09:25:35.330+0200: 11.916: Total time for which application threads were stopped: 0.0011691 seconds, Stopping threads took: 0.0004519 seconds
2018-10-15T09:25:35.330+0200: 11.917: Application time: 0.0005761 seconds
2018-10-15T09:25:35.331+0200: 11.917: Total time for which application threads were stopped: 0.0008669 seconds, Stopping threads took: 0.0003349 seconds
2018-10-15T09:25:35.344+0200: 11.930: Application time: 0.0121985 seconds
2018-10-15T09:25:35.345+0200: 11.931: Total time for which application threads were stopped: 0.0013394 seconds, Stopping threads took: 0.0004917 seconds
2018-10-15T09:25:35.367+0200: 11.953: Application time: 0.0225006 seconds
2018-10-15T09:25:35.369+0200: 11.955: [GC pause (G1 Evacuation Pause) (young)
Desired survivor size 46137344 bytes, new threshold 15 (max 15)
- age   1:    6382352 bytes,    6382352 total
- age   2:    4214680 bytes,   10597032 total
, 0.0157650 secs]
   [Parallel Time: 10.6 ms, GC Workers: 30]
      [GC Worker Start (ms): Min: 11955.0, Avg: 11955.4, Max: 11955.8, Diff: 0.8]
      [Ext Root Scanning (ms): Min: 0.7, Avg: 2.2, Max: 8.5, Diff: 7.8, Sum: 65.8]
      [Update RS (ms): Min: 0.0, Avg: 0.3, Max: 0.8, Diff: 0.8, Sum: 9.7]
         [Processed Buffers: Min: 0, Avg: 2.4, Max: 8, Diff: 8, Sum: 72]
      [Scan RS (ms): Min: 0.0, Avg: 0.0, Max: 0.1, Diff: 0.1, Sum: 0.8]
      [Code Root Scanning (ms): Min: 0.0, Avg: 0.1, Max: 1.3, Diff: 1.3, Sum: 2.3]
      [Object Copy (ms): Min: 0.0, Avg: 4.4, Max: 5.8, Diff: 5.8, Sum: 131.4]
      [Termination (ms): Min: 0.0, Avg: 1.8, Max: 2.3, Diff: 2.3, Sum: 55.2]
         [Termination Attempts: Min: 1, Avg: 1.7, Max: 4, Diff: 3, Sum: 52]
      [GC Worker Other (ms): Min: 0.6, Avg: 0.8, Max: 1.2, Diff: 0.6, Sum: 24.9]
      [GC Worker Total (ms): Min: 9.1, Avg: 9.7, Max: 10.2, Diff: 1.2, Sum: 290.0]
      [GC Worker End (ms): Min: 11964.8, Avg: 11965.1, Max: 11965.4, Diff: 0.6]
   [Code Root Fixup: 0.1 ms]
   [Code Root Purge: 0.1 ms]
   [Clear CT: 0.9 ms]
   [Other: 4.1 ms]
      [Choose CSet: 0.0 ms]
      [Ref Proc: 2.2 ms]
      [Ref Enq: 0.0 ms]
      [Redirty Cards: 0.5 ms]
      [Humongous Register: 0.1 ms]
      [Humongous Reclaim: 0.0 ms]
      [Free CSet: 0.3 ms]
   [Eden: 652.0M(652.0M)->0.0B(788.0M) Survivors: 28.0M->40.0M Heap: 778.2M(8192.0M)->137.7M(8192.0M)]
 [Times: user=0.34 sys=0.02, real=0.02 secs] 
2018-10-15T09:25:35.385+0200: 11.971: Total time for which application threads were stopped: 0.0172608 seconds, Stopping threads took: 0.0004358 seconds
2018-10-15T09:25:35.385+0200: 11.971: Application time: 0.0006149 seconds
2018-10-15T09:25:35.386+0200: 11.972: Total time for which application threads were stopped: 0.0009722 seconds, Stopping threads took: 0.0003190 seconds
2018-10-15T09:25:35.387+0200: 11.973: Application time: 0.0004734 seconds
2018-10-15T09:25:35.388+0200: 11.974: Total time for which application threads were stopped: 0.0011690 seconds, Stopping threads took: 0.0004885 seconds
2018-10-15T09:25:35.390+0200: 11.976: Application time: 0.0020670 seconds
2018-10-15T09:25:35.393+0200: 11.979: Total time for which application threads were stopped: 0.0028040 seconds, Stopping threads took: 0.0004074 seconds
2018-10-15T09:25:35.499+0200: 12.085: Application time: 0.1061099 seconds
2018-10-15T09:25:35.500+0200: 12.086: Total time for which application threads were stopped: 0.0009465 seconds, Stopping threads took: 0.0002845 seconds
2018-10-15T09:25:35.628+0200: 12.214: Application time: 0.1285378 seconds
2018-10-15T09:25:35.630+0200: 12.216: Total time for which application threads were stopped: 0.0011419 seconds, Stopping threads took: 0.0004868 seconds
2018-10-15T09:25:35.682+0200: 12.268: Application time: 0.0527587 seconds
2018-10-15T09:25:35.684+0200: 12.270: Total time for which application threads were stopped: 0.0012371 seconds, Stopping threads took: 0.0004488 seconds
2018-10-15T09:25:35.776+0200: 12.362: Application time: 0.0924806 seconds
2018-10-15T09:25:35.777+0200: 12.363: [GC pause (G1 Evacuation Pause) (young)
Desired survivor size 54525952 bytes, new threshold 15 (max 15)
- age   1:   16609152 bytes,   16609152 total
- age   2:    5545864 bytes,   22155016 total
- age   3:    4214448 bytes,   26369464 total
, 0.0142232 secs]
   [Parallel Time: 11.7 ms, GC Workers: 30]
      [GC Worker Start (ms): Min: 12363.4, Avg: 12364.1, Max: 12365.2, Diff: 1.8]
      [Ext Root Scanning (ms): Min: 0.0, Avg: 0.7, Max: 2.6, Diff: 2.6, Sum: 21.1]
      [Update RS (ms): Min: 0.0, Avg: 0.3, Max: 0.8, Diff: 0.8, Sum: 10.3]
         [Processed Buffers: Min: 0, Avg: 2.1, Max: 15, Diff: 15, Sum: 64]
      [Scan RS (ms): Min: 0.0, Avg: 0.0, Max: 0.1, Diff: 0.1, Sum: 0.9]
      [Code Root Scanning (ms): Min: 0.0, Avg: 0.1, Max: 2.3, Diff: 2.3, Sum: 4.0]
      [Object Copy (ms): Min: 7.4, Avg: 9.5, Max: 9.7, Diff: 2.3, Sum: 283.9]
      [Termination (ms): Min: 0.0, Avg: 0.0, Max: 0.0, Diff: 0.0, Sum: 0.3]
         [Termination Attempts: Min: 1, Avg: 1.0, Max: 2, Diff: 1, Sum: 31]
      [GC Worker Other (ms): Min: 0.0, Avg: 0.1, Max: 0.2, Diff: 0.2, Sum: 2.3]
      [GC Worker Total (ms): Min: 9.7, Avg: 10.8, Max: 11.4, Diff: 1.8, Sum: 322.9]
      [GC Worker End (ms): Min: 12374.8, Avg: 12374.8, Max: 12374.9, Diff: 0.2]
   [Code Root Fixup: 0.1 ms]
   [Code Root Purge: 0.0 ms]
   [Clear CT: 0.5 ms]
   [Other: 2.0 ms]
      [Choose CSet: 0.0 ms]
      [Ref Proc: 0.5 ms]
      [Ref Enq: 0.0 ms]
      [Redirty Cards: 0.5 ms]
      [Humongous Register: 0.1 ms]
      [Humongous Reclaim: 0.0 ms]
      [Free CSet: 0.3 ms]
   [Eden: 788.0M(788.0M)->0.0B(908.0M) Survivors: 40.0M->72.0M Heap: 925.7M(8192.0M)->172.3M(8192.0M)]
 [Times: user=0.37 sys=0.00, real=0.01 secs] 
2018-10-15T09:25:35.792+0200: 12.378: Total time for which application threads were stopped: 0.0155372 seconds, Stopping threads took: 0.0004352 seconds
2018-10-15T09:25:35.947+0200: 12.533: Application time: 0.1554258 seconds
2018-10-15T09:25:35.948+0200: 12.534: Total time for which application threads were stopped: 0.0010894 seconds, Stopping threads took: 0.0003410 seconds
2018-10-15T09:25:36.116+0200: 12.702: Application time: 0.1674716 seconds
2018-10-15T09:25:36.117+0200: 12.703: Total time for which application threads were stopped: 0.0011777 seconds, Stopping threads took: 0.0004897 seconds
2018-10-15T09:25:36.121+0200: 12.707: Application time: 0.0046673 seconds
2018-10-15T09:25:36.122+0200: 12.708: [GC pause (G1 Evacuation Pause) (young)
Desired survivor size 65011712 bytes, new threshold 15 (max 15)
- age   1:   35592664 bytes,   35592664 total
- age   2:   12161552 bytes,   47754216 total
- age   3:    5437856 bytes,   53192072 total
- age   4:    4214232 bytes,   57406304 total
, 0.0204981 secs]
   [Parallel Time: 18.0 ms, GC Workers: 30]
      [GC Worker Start (ms): Min: 12708.5, Avg: 12709.0, Max: 12709.5, Diff: 1.0]
      [Ext Root Scanning (ms): Min: 0.2, Avg: 0.7, Max: 3.0, Diff: 2.8, Sum: 21.7]
      [Update RS (ms): Min: 0.0, Avg: 0.3, Max: 0.5, Diff: 0.5, Sum: 10.0]
         [Processed Buffers: Min: 0, Avg: 1.7, Max: 7, Diff: 7, Sum: 52]
      [Scan RS (ms): Min: 0.0, Avg: 0.0, Max: 0.1, Diff: 0.1, Sum: 0.9]
      [Code Root Scanning (ms): Min: 0.0, Avg: 0.1, Max: 1.1, Diff: 1.1, Sum: 3.0]
      [Object Copy (ms): Min: 14.5, Avg: 15.8, Max: 16.1, Diff: 1.5, Sum: 473.2]
      [Termination (ms): Min: 0.0, Avg: 0.0, Max: 0.0, Diff: 0.0, Sum: 0.2]
         [Termination Attempts: Min: 1, Avg: 1.0, Max: 1, Diff: 0, Sum: 30]
      [GC Worker Other (ms): Min: 0.0, Avg: 0.1, Max: 0.2, Diff: 0.2, Sum: 3.0]
      [GC Worker Total (ms): Min: 16.6, Avg: 17.1, Max: 17.6, Diff: 1.0, Sum: 511.9]
      [GC Worker End (ms): Min: 12726.0, Avg: 12726.1, Max: 12726.2, Diff: 0.2]
   [Code Root Fixup: 0.1 ms]
   [Code Root Purge: 0.0 ms]
   [Clear CT: 0.4 ms]
   [Other: 2.0 ms]
      [Choose CSet: 0.0 ms]
      [Ref Proc: 0.5 ms]
      [Ref Enq: 0.0 ms]
      [Redirty Cards: 0.4 ms]
      [Humongous Register: 0.1 ms]
      [Humongous Reclaim: 0.0 ms]
      [Free CSet: 0.4 ms]
   [Eden: 908.0M(908.0M)->0.0B(1544.0M) Survivors: 72.0M->124.0M Heap: 1080.3M(8192.0M)->231.5M(8192.0M)]
 [Times: user=0.52 sys=0.00, real=0.02 secs] 
2018-10-15T09:25:36.143+0200: 12.729: Total time for which application threads were stopped: 0.0215488 seconds, Stopping threads took: 0.0003439 seconds
2018-10-15T09:25:36.348+0200: 12.934: Application time: 0.2054793 seconds
2018-10-15T09:25:36.349+0200: 12.936: [GC pause (G1 Evacuation Pause) (young)
Desired survivor size 27262976 bytes, new threshold 1 (max 15)
- age   1:   40586680 bytes,   40586680 total
- age   2:   31009880 bytes,   71596560 total
- age   3:   11726512 bytes,   83323072 total
- age   4:    5436736 bytes,   88759808 total
- age   5:    4213648 bytes,   92973456 total
, 0.0277989 secs]
   [Parallel Time: 25.3 ms, GC Workers: 30]
      [GC Worker Start (ms): Min: 12935.7, Avg: 12935.9, Max: 12936.0, Diff: 0.3]
      [Ext Root Scanning (ms): Min: 0.5, Avg: 0.7, Max: 2.7, Diff: 2.2, Sum: 21.4]
      [Update RS (ms): Min: 0.0, Avg: 0.8, Max: 1.3, Diff: 1.3, Sum: 24.6]
         [Processed Buffers: Min: 0, Avg: 3.0, Max: 10, Diff: 10, Sum: 89]
      [Scan RS (ms): Min: 0.0, Avg: 0.5, Max: 1.0, Diff: 1.0, Sum: 15.4]
      [Code Root Scanning (ms): Min: 0.0, Avg: 0.3, Max: 1.3, Diff: 1.3, Sum: 9.1]
      [Object Copy (ms): Min: 20.2, Avg: 21.1, Max: 22.7, Diff: 2.6, Sum: 631.8]
      [Termination (ms): Min: 0.0, Avg: 1.0, Max: 1.1, Diff: 1.1, Sum: 30.5]
         [Termination Attempts: Min: 1, Avg: 4.1, Max: 7, Diff: 6, Sum: 122]
      [GC Worker Other (ms): Min: 0.3, Avg: 0.4, Max: 0.4, Diff: 0.1, Sum: 10.9]
      [GC Worker Total (ms): Min: 24.6, Avg: 24.8, Max: 25.0, Diff: 0.5, Sum: 743.8]
      [GC Worker End (ms): Min: 12960.6, Avg: 12960.7, Max: 12960.8, Diff: 0.2]
   [Code Root Fixup: 0.1 ms]
   [Code Root Purge: 0.0 ms]
   [Clear CT: 0.4 ms]
   [Other: 2.0 ms]
      [Choose CSet: 0.0 ms]
      [Ref Proc: 0.5 ms]
      [Ref Enq: 0.0 ms]
      [Redirty Cards: 0.6 ms]
      [Humongous Register: 0.1 ms]
      [Humongous Reclaim: 0.0 ms]
      [Free CSet: 0.3 ms]
   [Eden: 724.0M(284.0M)->0.0B(2256.0M) Survivors: 124.0M->52.0M Heap: 955.5M(8192.0M)->253.3M(8192.0M)]
 [Times: user=0.74 sys=0.00, real=0.03 secs] 
2018-10-15T09:25:36.377+0200: 12.963: Total time for which application threads were stopped: 0.0290174 seconds, Stopping threads took: 0.0004987 seconds
2018-10-15T09:25:36.637+0200: 13.223: Application time: 0.2595337 seconds
2018-10-15T09:25:36.640+0200: 13.226: Total time for which application threads were stopped: 0.0034385 seconds, Stopping threads took: 0.0029321 seconds
2018-10-15T09:25:36.657+0200: 13.243: Application time: 0.0162729 seconds
2018-10-15T09:25:36.658+0200: 13.244: [GC pause (G1 Evacuation Pause) (young)
Desired survivor size 27262976 bytes, new threshold 15 (max 15)
- age   1:   26957352 bytes,   26957352 total
, 0.0222401 secs]
   [Parallel Time: 19.4 ms, GC Workers: 30]
      [GC Worker Start (ms): Min: 13244.5, Avg: 13244.8, Max: 13245.0, Diff: 0.5]
      [Ext Root Scanning (ms): Min: 0.3, Avg: 0.6, Max: 1.6, Diff: 1.3, Sum: 17.3]
      [Update RS (ms): Min: 0.6, Avg: 1.3, Max: 1.7, Diff: 1.1, Sum: 40.1]
         [Processed Buffers: Min: 1, Avg: 3.5, Max: 9, Diff: 8, Sum: 106]
      [Scan RS (ms): Min: 4.4, Avg: 4.7, Max: 4.9, Diff: 0.5, Sum: 141.8]
      [Code Root Scanning (ms): Min: 0.0, Avg: 0.0, Max: 0.0, Diff: 0.0, Sum: 0.2]
      [Object Copy (ms): Min: 11.9, Avg: 12.0, Max: 12.1, Diff: 0.2, Sum: 359.5]
      [Termination (ms): Min: 0.0, Avg: 0.0, Max: 0.0, Diff: 0.0, Sum: 0.7]
         [Termination Attempts: Min: 1, Avg: 11.1, Max: 17, Diff: 16, Sum: 333]
      [GC Worker Other (ms): Min: 0.0, Avg: 0.1, Max: 0.2, Diff: 0.2, Sum: 3.0]
      [GC Worker Total (ms): Min: 18.5, Avg: 18.8, Max: 19.1, Diff: 0.6, Sum: 562.6]
      [GC Worker End (ms): Min: 13263.5, Avg: 13263.6, Max: 13263.7, Diff: 0.2]
   [Code Root Fixup: 0.0 ms]
   [Code Root Purge: 0.0 ms]
   [Clear CT: 0.4 ms]
   [Other: 2.4 ms]
      [Choose CSet: 0.0 ms]
      [Ref Proc: 0.6 ms]
      [Ref Enq: 0.0 ms]
      [Redirty Cards: 0.5 ms]
      [Humongous Register: 0.1 ms]
      [Humongous Reclaim: 0.0 ms]
      [Free CSet: 0.5 ms]
   [Eden: 1192.0M(356.0M)->0.0B(1028.0M) Survivors: 52.0M->52.0M Heap: 1445.3M(8192.0M)->304.0M(8192.0M)]
 [Times: user=0.60 sys=0.00, real=0.02 secs] 
2018-10-15T09:25:36.680+0200: 13.266: Total time for which application threads were stopped: 0.0237475 seconds, Stopping threads took: 0.0008172 seconds
2018-10-15T09:25:36.842+0200: 13.428: Application time: 0.1611289 seconds
2018-10-15T09:25:36.843+0200: 13.429: Total time for which application threads were stopped: 0.0009970 seconds, Stopping threads took: 0.0004208 seconds
2018-10-15T09:25:36.901+0200: 13.487: Application time: 0.0584121 seconds
2018-10-15T09:25:36.902+0200: 13.488: [GC pause (G1 Evacuation Pause) (young)
Desired survivor size 71303168 bytes, new threshold 15 (max 15)
- age   1:   27586056 bytes,   27586056 total
- age   2:   24324080 bytes,   51910136 total
, 0.0269151 secs]
   [Parallel Time: 24.0 ms, GC Workers: 30]
      [GC Worker Start (ms): Min: 13488.4, Avg: 13489.0, Max: 13489.5, Diff: 1.1]
      [Ext Root Scanning (ms): Min: 0.0, Avg: 0.4, Max: 1.6, Diff: 1.6, Sum: 11.1]
      [Update RS (ms): Min: 1.1, Avg: 1.6, Max: 1.9, Diff: 0.7, Sum: 49.1]
         [Processed Buffers: Min: 2, Avg: 4.0, Max: 12, Diff: 10, Sum: 119]
      [Scan RS (ms): Min: 6.8, Avg: 7.0, Max: 7.2, Diff: 0.5, Sum: 210.1]
      [Code Root Scanning (ms): Min: 0.0, Avg: 0.0, Max: 0.0, Diff: 0.0, Sum: 0.2]
      [Object Copy (ms): Min: 13.8, Avg: 14.0, Max: 14.2, Diff: 0.3, Sum: 419.2]
      [Termination (ms): Min: 0.0, Avg: 0.1, Max: 0.2, Diff: 0.1, Sum: 2.3]
         [Termination Attempts: Min: 4, Avg: 7.9, Max: 11, Diff: 7, Sum: 237]
      [GC Worker Other (ms): Min: 0.0, Avg: 0.1, Max: 0.1, Diff: 0.1, Sum: 1.9]
      [GC Worker Total (ms): Min: 22.6, Avg: 23.1, Max: 23.7, Diff: 1.1, Sum: 694.0]
      [GC Worker End (ms): Min: 13512.1, Avg: 13512.1, Max: 13512.2, Diff: 0.1]
   [Code Root Fixup: 0.0 ms]
   [Code Root Purge: 0.0 ms]
   [Clear CT: 0.4 ms]
   [Other: 2.5 ms]
      [Choose CSet: 0.0 ms]
      [Ref Proc: 0.5 ms]
      [Ref Enq: 0.0 ms]
      [Redirty Cards: 0.5 ms]
      [Humongous Register: 0.1 ms]
      [Humongous Reclaim: 0.0 ms]
      [Free CSet: 0.7 ms]
   [Eden: 1028.0M(1028.0M)->0.0B(272.0M) Survivors: 52.0M->136.0M Heap: 1332.0M(8192.0M)->390.8M(8192.0M)]
 [Times: user=0.71 sys=0.00, real=0.03 secs] 
2018-10-15T09:25:36.929+0200: 13.515: Total time for which application threads were stopped: 0.0281753 seconds, Stopping threads took: 0.0003938 seconds
2018-10-15T09:25:36.977+0200: 13.563: Application time: 0.0475825 seconds
2018-10-15T09:25:36.978+0200: 13.564: [GC pause (G1 Evacuation Pause) (young)
Desired survivor size 27262976 bytes, new threshold 1 (max 15)
- age   1:   32136768 bytes,   32136768 total
- age   2:   25575080 bytes,   57711848 total
- age   3:   24182464 bytes,   81894312 total
, 0.0235620 secs]
   [Parallel Time: 21.2 ms, GC Workers: 30]
      [GC Worker Start (ms): Min: 13564.0, Avg: 13564.4, Max: 13564.9, Diff: 0.8]
      [Ext Root Scanning (ms): Min: 0.0, Avg: 0.5, Max: 1.6, Diff: 1.6, Sum: 13.5]
      [Update RS (ms): Min: 0.7, Avg: 1.5, Max: 1.9, Diff: 1.2, Sum: 45.1]
         [Processed Buffers: Min: 2, Avg: 3.8, Max: 9, Diff: 7, Sum: 114]
      [Scan RS (ms): Min: 5.6, Avg: 5.9, Max: 6.2, Diff: 0.7, Sum: 177.6]
      [Code Root Scanning (ms): Min: 0.0, Avg: 0.0, Max: 0.0, Diff: 0.0, Sum: 0.2]
      [Object Copy (ms): Min: 12.4, Avg: 12.6, Max: 12.8, Diff: 0.4, Sum: 377.8]
      [Termination (ms): Min: 0.0, Avg: 0.1, Max: 0.2, Diff: 0.1, Sum: 2.4]
         [Termination Attempts: Min: 3, Avg: 5.4, Max: 9, Diff: 6, Sum: 163]
      [GC Worker Other (ms): Min: 0.0, Avg: 0.0, Max: 0.1, Diff: 0.1, Sum: 1.0]
      [GC Worker Total (ms): Min: 20.1, Avg: 20.6, Max: 21.0, Diff: 0.8, Sum: 617.7]
      [GC Worker End (ms): Min: 13585.0, Avg: 13585.0, Max: 13585.0, Diff: 0.1]
   [Code Root Fixup: 0.0 ms]
   [Code Root Purge: 0.0 ms]
   [Clear CT: 0.3 ms]
   [Other: 2.0 ms]
      [Choose CSet: 0.0 ms]
      [Ref Proc: 0.5 ms]
      [Ref Enq: 0.0 ms]
      [Redirty Cards: 0.5 ms]
      [Humongous Register: 0.1 ms]
      [Humongous Reclaim: 0.0 ms]
      [Free CSet: 0.3 ms]
   [Eden: 272.0M(272.0M)->0.0B(356.0M) Survivors: 136.0M->52.0M Heap: 662.8M(8192.0M)->387.8M(8192.0M)]
 [Times: user=0.67 sys=0.01, real=0.02 secs] 
2018-10-15T09:25:37.001+0200: 13.587: Total time for which application threads were stopped: 0.0247063 seconds, Stopping threads took: 0.0004372 seconds
2018-10-15T09:25:37.083+0200: 13.669: Application time: 0.0811616 seconds
2018-10-15T09:25:37.084+0200: 13.670: [GC pause (G1 Evacuation Pause) (young)
Desired survivor size 27262976 bytes, new threshold 15 (max 15)
- age   1:    7358480 bytes,    7358480 total
, 0.0125033 secs]
   [Parallel Time: 10.3 ms, GC Workers: 30]
      [GC Worker Start (ms): Min: 13669.9, Avg: 13670.4, Max: 13671.0, Diff: 1.1]
      [Ext Root Scanning (ms): Min: 0.0, Avg: 0.4, Max: 1.6, Diff: 1.6, Sum: 12.0]
      [Update RS (ms): Min: 1.4, Avg: 1.9, Max: 2.2, Diff: 0.8, Sum: 57.1]
         [Processed Buffers: Min: 2, Avg: 4.1, Max: 8, Diff: 6, Sum: 124]
      [Scan RS (ms): Min: 3.0, Avg: 3.3, Max: 3.6, Diff: 0.6, Sum: 98.6]
      [Code Root Scanning (ms): Min: 0.0, Avg: 0.0, Max: 0.0, Diff: 0.0, Sum: 0.0]
      [Object Copy (ms): Min: 3.7, Avg: 3.8, Max: 3.9, Diff: 0.3, Sum: 114.7]
      [Termination (ms): Min: 0.0, Avg: 0.0, Max: 0.0, Diff: 0.0, Sum: 0.7]
         [Termination Attempts: Min: 1, Avg: 6.2, Max: 11, Diff: 10, Sum: 187]
      [GC Worker Other (ms): Min: 0.0, Avg: 0.0, Max: 0.1, Diff: 0.1, Sum: 1.4]
      [GC Worker Total (ms): Min: 8.9, Avg: 9.5, Max: 10.1, Diff: 1.2, Sum: 284.5]
      [GC Worker End (ms): Min: 13679.9, Avg: 13679.9, Max: 13680.0, Diff: 0.1]
   [Code Root Fixup: 0.0 ms]
   [Code Root Purge: 0.0 ms]
   [Clear CT: 0.4 ms]
   [Other: 1.8 ms]
      [Choose CSet: 0.0 ms]
      [Ref Proc: 0.5 ms]
      [Ref Enq: 0.0 ms]
      [Redirty Cards: 0.4 ms]
      [Humongous Register: 0.1 ms]
      [Humongous Reclaim: 0.0 ms]
      [Free CSet: 0.4 ms]
   [Eden: 356.0M(356.0M)->0.0B(4884.0M) Survivors: 52.0M->28.0M Heap: 743.8M(8192.0M)->361.7M(8192.0M)]
 [Times: user=0.32 sys=0.00, real=0.01 secs] 
2018-10-15T09:25:37.096+0200: 13.682: Total time for which application threads were stopped: 0.0136231 seconds, Stopping threads took: 0.0003194 seconds
2018-10-15T09:25:37.256+0200: 13.842: Application time: 0.1600523 seconds
2018-10-15T09:25:37.257+0200: 13.843: [GC pause (G1 Evacuation Pause) (young)
Desired survivor size 27262976 bytes, new threshold 15 (max 15)
- age   1:   11321280 bytes,   11321280 total
- age   2:    6294816 bytes,   17616096 total
, 0.0239738 secs]
   [Parallel Time: 21.3 ms, GC Workers: 30]
      [GC Worker Start (ms): Min: 13843.8, Avg: 13844.3, Max: 13844.8, Diff: 1.0]
      [Ext Root Scanning (ms): Min: 0.0, Avg: 0.4, Max: 1.6, Diff: 1.6, Sum: 10.8]
      [Update RS (ms): Min: 1.2, Avg: 2.0, Max: 2.3, Diff: 1.1, Sum: 59.4]
         [Processed Buffers: Min: 2, Avg: 4.3, Max: 9, Diff: 7, Sum: 129]
      [Scan RS (ms): Min: 7.6, Avg: 7.9, Max: 8.2, Diff: 0.6, Sum: 235.9]
      [Code Root Scanning (ms): Min: 0.0, Avg: 0.0, Max: 0.0, Diff: 0.0, Sum: 0.0]
      [Object Copy (ms): Min: 9.8, Avg: 10.1, Max: 10.4, Diff: 0.6, Sum: 302.1]
      [Termination (ms): Min: 0.0, Avg: 0.1, Max: 0.1, Diff: 0.1, Sum: 1.7]
         [Termination Attempts: Min: 1, Avg: 29.7, Max: 41, Diff: 40, Sum: 890]
      [GC Worker Other (ms): Min: 0.0, Avg: 0.1, Max: 0.2, Diff: 0.2, Sum: 2.2]
      [GC Worker Total (ms): Min: 20.0, Avg: 20.4, Max: 21.1, Diff: 1.1, Sum: 612.3]
      [GC Worker End (ms): Min: 13864.7, Avg: 13864.8, Max: 13864.8, Diff: 0.2]
   [Code Root Fixup: 0.0 ms]
   [Code Root Purge: 0.0 ms]
   [Clear CT: 0.4 ms]
   [Other: 2.3 ms]
      [Choose CSet: 0.0 ms]
      [Ref Proc: 0.6 ms]
      [Ref Enq: 0.0 ms]
      [Redirty Cards: 0.5 ms]
      [Humongous Register: 0.2 ms]
      [Humongous Reclaim: 0.0 ms]
      [Free CSet: 0.5 ms]
   [Eden: 964.0M(380.0M)->0.0B(4860.0M) Survivors: 28.0M->52.0M Heap: 1325.7M(8192.0M)->391.4M(8192.0M)]
 [Times: user=0.69 sys=0.00, real=0.02 secs] 
2018-10-15T09:25:37.282+0200: 13.868: Total time for which application threads were stopped: 0.0252932 seconds, Stopping threads took: 0.0003978 seconds
2018-10-15T09:25:37.558+0200: 14.144: Application time: 0.2761335 seconds
2018-10-15T09:25:37.559+0200: 14.145: [GC pause (G1 Evacuation Pause) (young)
Desired survivor size 27262976 bytes, new threshold 1 (max 15)
- age   1:   27806664 bytes,   27806664 total
- age   2:    9695136 bytes,   37501800 total
- age   3:    5596320 bytes,   43098120 total
, 0.0364298 secs]
   [Parallel Time: 33.5 ms, GC Workers: 30]
      [GC Worker Start (ms): Min: 14145.1, Avg: 14145.6, Max: 14146.1, Diff: 1.0]
      [Ext Root Scanning (ms): Min: 0.0, Avg: 0.4, Max: 1.7, Diff: 1.7, Sum: 10.9]
      [Update RS (ms): Min: 1.5, Avg: 2.2, Max: 2.4, Diff: 0.8, Sum: 66.1]
         [Processed Buffers: Min: 2, Avg: 4.8, Max: 13, Diff: 11, Sum: 144]
      [Scan RS (ms): Min: 12.0, Avg: 12.3, Max: 12.8, Diff: 0.8, Sum: 370.0]
      [Code Root Scanning (ms): Min: 0.0, Avg: 0.0, Max: 0.0, Diff: 0.0, Sum: 0.1]
      [Object Copy (ms): Min: 17.2, Avg: 17.6, Max: 18.0, Diff: 0.8, Sum: 528.2]
      [Termination (ms): Min: 0.0, Avg: 0.1, Max: 0.1, Diff: 0.1, Sum: 3.2]
         [Termination Attempts: Min: 1, Avg: 51.9, Max: 64, Diff: 63, Sum: 1556]
      [GC Worker Other (ms): Min: 0.0, Avg: 0.1, Max: 0.2, Diff: 0.2, Sum: 2.7]
      [GC Worker Total (ms): Min: 32.2, Avg: 32.7, Max: 33.3, Diff: 1.1, Sum: 981.2]
      [GC Worker End (ms): Min: 14178.2, Avg: 14178.3, Max: 14178.4, Diff: 0.2]
   [Code Root Fixup: 0.0 ms]
   [Code Root Purge: 0.0 ms]
   [Clear CT: 0.4 ms]
   [Other: 2.5 ms]
      [Choose CSet: 0.0 ms]
      [Ref Proc: 0.4 ms]
      [Ref Enq: 0.0 ms]
      [Redirty Cards: 0.5 ms]
      [Humongous Register: 0.1 ms]
      [Humongous Reclaim: 0.0 ms]
      [Free CSet: 0.9 ms]
   [Eden: 1808.0M(356.0M)->0.0B(4860.0M) Survivors: 52.0M->52.0M Heap: 2199.4M(8192.0M)->439.1M(8192.0M)]
 [Times: user=1.06 sys=0.00, real=0.04 secs] 
2018-10-15T09:25:37.595+0200: 14.181: Total time for which application threads were stopped: 0.0376580 seconds, Stopping threads took: 0.0004924 seconds
2018-10-15T09:25:37.852+0200: 14.439: Application time: 0.2570953 seconds
2018-10-15T09:25:37.857+0200: 14.443: Total time for which application threads were stopped: 0.0046275 seconds, Stopping threads took: 0.0039455 seconds
2018-10-15T09:25:38.050+0200: 14.636: Application time: 0.1925594 seconds
2018-10-15T09:25:38.051+0200: 14.637: Total time for which application threads were stopped: 0.0010679 seconds, Stopping threads took: 0.0004568 seconds
2018-10-15T09:25:38.204+0200: 14.790: Application time: 0.1530482 seconds
2018-10-15T09:25:38.205+0200: 14.791: [GC pause (G1 Evacuation Pause) (young)
Desired survivor size 322961408 bytes, new threshold 15 (max 15)
- age   1:   42127728 bytes,   42127728 total
, 0.0385972 secs]
   [Parallel Time: 34.8 ms, GC Workers: 30]
      [GC Worker Start (ms): Min: 14791.3, Avg: 14791.9, Max: 14792.5, Diff: 1.1]
      [Ext Root Scanning (ms): Min: 0.0, Avg: 0.3, Max: 1.6, Diff: 1.6, Sum: 9.7]
      [Update RS (ms): Min: 1.9, Avg: 2.6, Max: 2.9, Diff: 1.0, Sum: 78.5]
         [Processed Buffers: Min: 3, Avg: 5.6, Max: 11, Diff: 8, Sum: 167]
      [Scan RS (ms): Min: 9.5, Avg: 9.9, Max: 10.4, Diff: 0.9, Sum: 298.4]
      [Code Root Scanning (ms): Min: 0.0, Avg: 0.0, Max: 0.1, Diff: 0.1, Sum: 0.2]
      [Object Copy (ms): Min: 20.6, Avg: 21.0, Max: 21.2, Diff: 0.7, Sum: 628.6]
      [Termination (ms): Min: 0.0, Avg: 0.0, Max: 0.0, Diff: 0.0, Sum: 0.4]
         [Termination Attempts: Min: 1, Avg: 6.4, Max: 12, Diff: 11, Sum: 193]
      [GC Worker Other (ms): Min: 0.0, Avg: 0.1, Max: 0.3, Diff: 0.2, Sum: 3.9]
      [GC Worker Total (ms): Min: 33.5, Avg: 34.0, Max: 34.6, Diff: 1.1, Sum: 1019.8]
      [GC Worker End (ms): Min: 14825.8, Avg: 14825.9, Max: 14826.0, Diff: 0.2]
   [Code Root Fixup: 0.0 ms]
   [Code Root Purge: 0.0 ms]
   [Clear CT: 0.7 ms]
   [Other: 3.1 ms]
      [Choose CSet: 0.0 ms]
      [Ref Proc: 0.5 ms]
      [Ref Enq: 0.0 ms]
      [Redirty Cards: 0.5 ms]
      [Humongous Register: 0.1 ms]
      [Humongous Reclaim: 0.0 ms]
      [Free CSet: 1.4 ms]
   [Eden: 4860.0M(4860.0M)->0.0B(4432.0M) Survivors: 52.0M->172.0M Heap: 5299.1M(8192.0M)->557.7M(8192.0M)]
 [Times: user=1.09 sys=0.00, real=0.04 secs] 
2018-10-15T09:25:38.244+0200: 14.830: Total time for which application threads were stopped: 0.0398262 seconds, Stopping threads took: 0.0003925 seconds
2018-10-15T09:25:38.605+0200: 15.191: Application time: 0.3616230 seconds
2018-10-15T09:25:38.606+0200: 15.192: Total time for which application threads were stopped: 0.0011057 seconds, Stopping threads took: 0.0005074 seconds
2018-10-15T09:25:38.752+0200: 15.338: Application time: 0.1457532 seconds
2018-10-15T09:25:38.753+0200: 15.339: [GC pause (G1 Evacuation Pause) (young)
Desired survivor size 301989888 bytes, new threshold 15 (max 15)
- age   1:  108849752 bytes,  108849752 total
- age   2:   38402704 bytes,  147252456 total
, 0.0473029 secs]
   [Parallel Time: 43.3 ms, GC Workers: 30]
      [GC Worker Start (ms): Min: 15339.3, Avg: 15339.5, Max: 15339.6, Diff: 0.2]
      [Ext Root Scanning (ms): Min: 0.4, Avg: 0.6, Max: 1.5, Diff: 1.2, Sum: 16.6]
      [Update RS (ms): Min: 1.2, Avg: 2.4, Max: 2.8, Diff: 1.6, Sum: 71.2]
         [Processed Buffers: Min: 3, Avg: 5.3, Max: 14, Diff: 11, Sum: 160]
      [Scan RS (ms): Min: 10.1, Avg: 10.5, Max: 11.0, Diff: 0.9, Sum: 314.2]
      [Code Root Scanning (ms): Min: 0.0, Avg: 0.0, Max: 0.0, Diff: 0.0, Sum: 0.2]
      [Object Copy (ms): Min: 29.2, Avg: 29.4, Max: 29.7, Diff: 0.5, Sum: 881.5]
      [Termination (ms): Min: 0.0, Avg: 0.1, Max: 0.1, Diff: 0.1, Sum: 2.7]
         [Termination Attempts: Min: 1, Avg: 51.0, Max: 60, Diff: 59, Sum: 1529]
      [GC Worker Other (ms): Min: 0.0, Avg: 0.1, Max: 0.3, Diff: 0.3, Sum: 4.0]
      [GC Worker Total (ms): Min: 42.8, Avg: 43.0, Max: 43.2, Diff: 0.4, Sum: 1290.5]
      [GC Worker End (ms): Min: 15382.4, Avg: 15382.5, Max: 15382.6, Diff: 0.2]
   [Code Root Fixup: 0.0 ms]
   [Code Root Purge: 0.0 ms]
   [Clear CT: 0.6 ms]
   [Other: 3.3 ms]
      [Choose CSet: 0.0 ms]
      [Ref Proc: 0.4 ms]
      [Ref Enq: 0.0 ms]
      [Redirty Cards: 0.4 ms]
      [Humongous Register: 0.1 ms]
      [Humongous Reclaim: 0.0 ms]
      [Free CSet: 2.0 ms]
   [Eden: 4432.0M(4432.0M)->0.0B(4640.0M) Survivors: 172.0M->272.0M Heap: 4989.7M(8192.0M)->659.1M(8192.0M)]
 [Times: user=1.36 sys=0.00, real=0.04 secs] 
2018-10-15T09:25:38.801+0200: 15.387: Total time for which application threads were stopped: 0.0486074 seconds, Stopping threads took: 0.0004860 seconds
2018-10-15T09:25:39.293+0200: 15.879: Application time: 0.4919824 seconds
2018-10-15T09:25:39.294+0200: 15.880: [GC pause (G1 Evacuation Pause) (young)
Desired survivor size 322961408 bytes, new threshold 15 (max 15)
- age   1:  107863896 bytes,  107863896 total
- age   2:  103346760 bytes,  211210656 total
- age   3:   38068912 bytes,  249279568 total
, 0.0567677 secs]
   [Parallel Time: 53.2 ms, GC Workers: 30]
      [GC Worker Start (ms): Min: 15880.2, Avg: 15880.3, Max: 15880.5, Diff: 0.3]
      [Ext Root Scanning (ms): Min: 0.4, Avg: 0.6, Max: 1.8, Diff: 1.4, Sum: 17.9]
      [Update RS (ms): Min: 1.9, Avg: 3.1, Max: 12.9, Diff: 10.9, Sum: 93.8]
         [Processed Buffers: Min: 1, Avg: 4.9, Max: 9, Diff: 8, Sum: 148]
      [Scan RS (ms): Min: 0.1, Avg: 9.0, Max: 9.6, Diff: 9.5, Sum: 269.3]
      [Code Root Scanning (ms): Min: 0.0, Avg: 0.0, Max: 0.5, Diff: 0.5, Sum: 0.8]
      [Object Copy (ms): Min: 39.2, Avg: 39.9, Max: 40.5, Diff: 1.4, Sum: 1197.8]
      [Termination (ms): Min: 0.0, Avg: 0.1, Max: 0.2, Diff: 0.2, Sum: 2.1]
         [Termination Attempts: Min: 1, Avg: 6.1, Max: 9, Diff: 8, Sum: 182]
      [GC Worker Other (ms): Min: 0.0, Avg: 0.1, Max: 0.3, Diff: 0.3, Sum: 3.7]
      [GC Worker Total (ms): Min: 52.6, Avg: 52.8, Max: 53.1, Diff: 0.4, Sum: 1585.5]
      [GC Worker End (ms): Min: 15933.1, Avg: 15933.2, Max: 15933.3, Diff: 0.2]
   [Code Root Fixup: 0.0 ms]
   [Code Root Purge: 0.0 ms]
   [Clear CT: 0.9 ms]
   [Other: 2.7 ms]
      [Choose CSet: 0.0 ms]
      [Ref Proc: 0.5 ms]
      [Ref Enq: 0.0 ms]
      [Redirty Cards: 0.4 ms]
      [Humongous Register: 0.1 ms]
      [Humongous Reclaim: 0.0 ms]
      [Free CSet: 1.3 ms]
   [Eden: 4640.0M(4640.0M)->0.0B(4540.0M) Survivors: 272.0M->372.0M Heap: 5299.1M(8192.0M)->757.1M(8192.0M)]
 [Times: user=1.74 sys=0.01, real=0.05 secs] 
2018-10-15T09:25:39.351+0200: 15.937: Total time for which application threads were stopped: 0.0581926 seconds, Stopping threads took: 0.0005749 seconds
2018-10-15T09:25:39.850+0200: 16.436: Application time: 0.4991929 seconds
2018-10-15T09:25:39.851+0200: 16.437: [GC pause (G1 Evacuation Pause) (young)
Desired survivor size 322961408 bytes, new threshold 4 (max 15)
- age   1:  116666328 bytes,  116666328 total
- age   2:   97386144 bytes,  214052472 total
- age   3:  101374840 bytes,  315427312 total
- age   4:   37956256 bytes,  353383568 total
, 0.0630713 secs]
   [Parallel Time: 59.2 ms, GC Workers: 30]
      [GC Worker Start (ms): Min: 16437.4, Avg: 16437.8, Max: 16438.4, Diff: 0.9]
      [Ext Root Scanning (ms): Min: 0.0, Avg: 0.5, Max: 1.9, Diff: 1.8, Sum: 15.3]
      [Update RS (ms): Min: 2.0, Avg: 3.0, Max: 3.4, Diff: 1.5, Sum: 91.2]
         [Processed Buffers: Min: 3, Avg: 5.0, Max: 11, Diff: 8, Sum: 150]
      [Scan RS (ms): Min: 7.4, Avg: 8.0, Max: 8.4, Diff: 1.0, Sum: 240.3]
      [Code Root Scanning (ms): Min: 0.0, Avg: 0.0, Max: 0.1, Diff: 0.1, Sum: 0.3]
      [Object Copy (ms): Min: 46.5, Avg: 46.8, Max: 47.1, Diff: 0.6, Sum: 1404.5]
      [Termination (ms): Min: 0.0, Avg: 0.0, Max: 0.0, Diff: 0.0, Sum: 0.3]
         [Termination Attempts: Min: 1, Avg: 1.5, Max: 2, Diff: 1, Sum: 44]
      [GC Worker Other (ms): Min: 0.0, Avg: 0.1, Max: 0.3, Diff: 0.3, Sum: 4.2]
      [GC Worker Total (ms): Min: 57.9, Avg: 58.5, Max: 59.0, Diff: 1.1, Sum: 1756.1]
      [GC Worker End (ms): Min: 16496.2, Avg: 16496.4, Max: 16496.5, Diff: 0.3]
   [Code Root Fixup: 0.0 ms]
   [Code Root Purge: 0.0 ms]
   [Clear CT: 0.9 ms]
   [Other: 2.9 ms]
      [Choose CSet: 0.0 ms]
      [Ref Proc: 0.4 ms]
      [Ref Enq: 0.0 ms]
      [Redirty Cards: 0.6 ms]
      [Humongous Register: 0.1 ms]
      [Humongous Reclaim: 0.0 ms]
      [Free CSet: 1.4 ms]
   [Eden: 4540.0M(4540.0M)->0.0B(4480.0M) Survivors: 372.0M->432.0M Heap: 5297.1M(8192.0M)->855.9M(8192.0M)]
 [Times: user=1.78 sys=0.00, real=0.07 secs] 
2018-10-15T09:25:39.914+0200: 16.500: Total time for which application threads were stopped: 0.0643540 seconds, Stopping threads took: 0.0005345 seconds
2018-10-15T09:25:40.381+0200: 16.967: Application time: 0.4669833 seconds
2018-10-15T09:25:40.383+0200: 16.969: [GC pause (G1 Evacuation Pause) (young)
Desired survivor size 322961408 bytes, new threshold 4 (max 15)
- age   1:  105339672 bytes,  105339672 total
- age   2:  108039488 bytes,  213379160 total
- age   3:   96875664 bytes,  310254824 total
- age   4:  101273224 bytes,  411528048 total
, 0.0671709 secs]
   [Parallel Time: 63.6 ms, GC Workers: 30]
      [GC Worker Start (ms): Min: 16968.9, Avg: 16969.4, Max: 16969.9, Diff: 1.0]
      [Ext Root Scanning (ms): Min: 0.0, Avg: 0.5, Max: 1.8, Diff: 1.8, Sum: 13.9]
      [Update RS (ms): Min: 2.7, Avg: 3.8, Max: 4.4, Diff: 1.7, Sum: 112.5]
         [Processed Buffers: Min: 3, Avg: 5.6, Max: 12, Diff: 9, Sum: 169]
      [Scan RS (ms): Min: 4.2, Avg: 4.8, Max: 5.1, Diff: 0.9, Sum: 143.0]
      [Code Root Scanning (ms): Min: 0.0, Avg: 0.0, Max: 0.1, Diff: 0.1, Sum: 0.3]
      [Object Copy (ms): Min: 53.3, Avg: 53.6, Max: 53.8, Diff: 0.5, Sum: 1607.0]
      [Termination (ms): Min: 0.0, Avg: 0.0, Max: 0.0, Diff: 0.0, Sum: 0.2]
         [Termination Attempts: Min: 1, Avg: 1.6, Max: 2, Diff: 1, Sum: 48]
      [GC Worker Other (ms): Min: 0.0, Avg: 0.2, Max: 0.4, Diff: 0.3, Sum: 5.6]
      [GC Worker Total (ms): Min: 62.2, Avg: 62.8, Max: 63.3, Diff: 1.1, Sum: 1882.6]
      [GC Worker End (ms): Min: 17032.0, Avg: 17032.1, Max: 17032.3, Diff: 0.3]
   [Code Root Fixup: 0.0 ms]
   [Code Root Purge: 0.0 ms]
   [Clear CT: 0.8 ms]
   [Other: 2.8 ms]
      [Choose CSet: 0.0 ms]
      [Ref Proc: 0.4 ms]
      [Ref Enq: 0.0 ms]
      [Redirty Cards: 0.6 ms]
      [Humongous Register: 0.1 ms]
      [Humongous Reclaim: 0.0 ms]
      [Free CSet: 1.4 ms]
   [Eden: 4480.0M(4480.0M)->0.0B(4472.0M) Survivors: 432.0M->440.0M Heap: 5335.9M(8192.0M)->985.5M(8192.0M)]
 [Times: user=1.94 sys=0.00, real=0.07 secs] 
2018-10-15T09:25:40.450+0200: 17.036: Total time for which application threads were stopped: 0.0685162 seconds, Stopping threads took: 0.0005529 seconds
2018-10-15T09:25:40.640+0200: 17.226: Application time: 0.1896251 seconds
2018-10-15T09:25:40.645+0200: 17.231: Total time for which application threads were stopped: 0.0053180 seconds, Stopping threads took: 0.0047442 seconds
2018-10-15T09:25:40.928+0200: 17.514: Application time: 0.2831746 seconds
2018-10-15T09:25:40.929+0200: 17.515: [GC pause (G1 Evacuation Pause) (young)
Desired survivor size 322961408 bytes, new threshold 3 (max 15)
- age   1:  118911224 bytes,  118911224 total
- age   2:   99078856 bytes,  217990080 total
- age   3:  105947016 bytes,  323937096 total
- age   4:   96754096 bytes,  420691192 total
, 0.0661418 secs]
   [Parallel Time: 62.3 ms, GC Workers: 30]
      [GC Worker Start (ms): Min: 17515.5, Avg: 17516.0, Max: 17519.1, Diff: 3.6]
      [Ext Root Scanning (ms): Min: 0.0, Avg: 0.5, Max: 1.7, Diff: 1.7, Sum: 15.3]
      [Update RS (ms): Min: 0.7, Avg: 3.7, Max: 6.2, Diff: 5.6, Sum: 109.8]
         [Processed Buffers: Min: 1, Avg: 6.2, Max: 11, Diff: 10, Sum: 185]
      [Scan RS (ms): Min: 1.3, Avg: 3.7, Max: 4.3, Diff: 3.1, Sum: 111.8]
      [Code Root Scanning (ms): Min: 0.0, Avg: 0.0, Max: 0.1, Diff: 0.1, Sum: 0.2]
      [Object Copy (ms): Min: 53.2, Avg: 53.4, Max: 53.5, Diff: 0.3, Sum: 1601.6]
      [Termination (ms): Min: 0.0, Avg: 0.1, Max: 0.1, Diff: 0.1, Sum: 2.0]
         [Termination Attempts: Min: 1, Avg: 40.0, Max: 48, Diff: 47, Sum: 1200]
      [GC Worker Other (ms): Min: 0.0, Avg: 0.1, Max: 0.3, Diff: 0.3, Sum: 4.3]
      [GC Worker Total (ms): Min: 58.4, Avg: 61.5, Max: 62.1, Diff: 3.7, Sum: 1845.0]
      [GC Worker End (ms): Min: 17577.4, Avg: 17577.5, Max: 17577.7, Diff: 0.3]
   [Code Root Fixup: 0.0 ms]
   [Code Root Purge: 0.0 ms]
   [Clear CT: 0.7 ms]
   [Other: 3.1 ms]
      [Choose CSet: 0.0 ms]
      [Ref Proc: 0.4 ms]
      [Ref Enq: 0.0 ms]
      [Redirty Cards: 0.9 ms]
      [Humongous Register: 0.1 ms]
      [Humongous Reclaim: 0.0 ms]
      [Free CSet: 1.3 ms]
   [Eden: 4472.0M(4472.0M)->0.0B(4584.0M) Survivors: 440.0M->328.0M Heap: 5457.5M(8192.0M)->1094.0M(8192.0M)]
 [Times: user=1.95 sys=0.01, real=0.07 secs] 
2018-10-15T09:25:40.996+0200: 17.582: Total time for which application threads were stopped: 0.0675033 seconds, Stopping threads took: 0.0006174 seconds
2018-10-15T09:25:41.494+0200: 18.080: Application time: 0.4982519 seconds
2018-10-15T09:25:41.495+0200: 18.081: [GC pause (G1 Evacuation Pause) (young)
Desired survivor size 322961408 bytes, new threshold 15 (max 15)
- age   1:  108703288 bytes,  108703288 total
- age   2:  108627352 bytes,  217330640 total
- age   3:   94510304 bytes,  311840944 total
, 0.0569595 secs]
   [Parallel Time: 53.4 ms, GC Workers: 30]
      [GC Worker Start (ms): Min: 18081.5, Avg: 18082.3, Max: 18082.9, Diff: 1.4]
      [Ext Root Scanning (ms): Min: 0.0, Avg: 0.4, Max: 1.8, Diff: 1.8, Sum: 10.6]
      [Update RS (ms): Min: 3.9, Avg: 4.2, Max: 5.0, Diff: 1.1, Sum: 127.1]
         [Processed Buffers: Min: 3, Avg: 6.5, Max: 14, Diff: 11, Sum: 196]
      [Scan RS (ms): Min: 2.8, Avg: 3.5, Max: 3.9, Diff: 1.1, Sum: 103.7]
      [Code Root Scanning (ms): Min: 0.0, Avg: 0.0, Max: 0.1, Diff: 0.1, Sum: 0.1]
      [Object Copy (ms): Min: 43.8, Avg: 44.1, Max: 44.3, Diff: 0.4, Sum: 1322.6]
      [Termination (ms): Min: 0.0, Avg: 0.0, Max: 0.1, Diff: 0.0, Sum: 1.2]
         [Termination Attempts: Min: 4, Avg: 6.0, Max: 8, Diff: 4, Sum: 180]
      [GC Worker Other (ms): Min: 0.0, Avg: 0.1, Max: 0.3, Diff: 0.2, Sum: 3.6]
      [GC Worker Total (ms): Min: 51.7, Avg: 52.3, Max: 53.0, Diff: 1.3, Sum: 1568.9]
      [GC Worker End (ms): Min: 18134.5, Avg: 18134.6, Max: 18134.8, Diff: 0.2]
   [Code Root Fixup: 0.0 ms]
   [Code Root Purge: 0.0 ms]
   [Clear CT: 0.9 ms]
   [Other: 2.6 ms]
      [Choose CSet: 0.0 ms]
      [Ref Proc: 0.3 ms]
      [Ref Enq: 0.0 ms]
      [Redirty Cards: 0.3 ms]
      [Humongous Register: 0.1 ms]
      [Humongous Reclaim: 0.0 ms]
      [Free CSet: 1.3 ms]
   [Eden: 4584.0M(4584.0M)->0.0B(4472.0M) Survivors: 328.0M->440.0M Heap: 5678.0M(8192.0M)->1208.0M(8192.0M)]
 [Times: user=1.64 sys=0.00, real=0.06 secs] 
2018-10-15T09:25:41.552+0200: 18.138: Total time for which application threads were stopped: 0.0584526 seconds, Stopping threads took: 0.0005291 seconds
2018-10-15T09:25:41.797+0200: 18.383: Application time: 0.2443078 seconds
2018-10-15T09:25:41.798+0200: 18.384: Total time for which application threads were stopped: 0.0010547 seconds, Stopping threads took: 0.0004927 seconds
2018-10-15T09:25:42.029+0200: 18.615: Application time: 0.2310252 seconds
2018-10-15T09:25:42.030+0200: 18.616: [GC pause (G1 Evacuation Pause) (young)
Desired survivor size 322961408 bytes, new threshold 3 (max 15)
- age   1:  130927872 bytes,  130927872 total
- age   2:   99156648 bytes,  230084520 total
- age   3:  108186288 bytes,  338270808 total
- age   4:   94038472 bytes,  432309280 total
, 0.0660458 secs]
   [Parallel Time: 62.2 ms, GC Workers: 30]
      [GC Worker Start (ms): Min: 18616.0, Avg: 18616.3, Max: 18616.7, Diff: 0.6]
      [Ext Root Scanning (ms): Min: 0.1, Avg: 0.6, Max: 1.9, Diff: 1.8, Sum: 17.4]
      [Update RS (ms): Min: 3.6, Avg: 4.4, Max: 5.7, Diff: 2.0, Sum: 132.7]
         [Processed Buffers: Min: 4, Avg: 6.6, Max: 11, Diff: 7, Sum: 199]
      [Scan RS (ms): Min: 1.0, Avg: 2.2, Max: 2.5, Diff: 1.4, Sum: 65.8]
      [Code Root Scanning (ms): Min: 0.0, Avg: 0.0, Max: 0.1, Diff: 0.1, Sum: 0.2]
      [Object Copy (ms): Min: 54.2, Avg: 54.3, Max: 54.5, Diff: 0.3, Sum: 1630.3]
      [Termination (ms): Min: 0.0, Avg: 0.1, Max: 0.2, Diff: 0.2, Sum: 2.5]
         [Termination Attempts: Min: 1, Avg: 5.3, Max: 9, Diff: 8, Sum: 160]
      [GC Worker Other (ms): Min: 0.0, Avg: 0.1, Max: 0.2, Diff: 0.2, Sum: 3.4]
      [GC Worker Total (ms): Min: 61.3, Avg: 61.7, Max: 62.0, Diff: 0.8, Sum: 1852.3]
      [GC Worker End (ms): Min: 18677.9, Avg: 18678.0, Max: 18678.1, Diff: 0.2]
   [Code Root Fixup: 0.0 ms]
   [Code Root Purge: 0.0 ms]
   [Clear CT: 0.7 ms]
   [Other: 3.1 ms]
      [Choose CSet: 0.0 ms]
      [Ref Proc: 0.3 ms]
      [Ref Enq: 0.0 ms]
      [Redirty Cards: 1.0 ms]
      [Humongous Register: 0.1 ms]
      [Humongous Reclaim: 0.0 ms]
      [Free CSet: 1.3 ms]
   [Eden: 4472.0M(4472.0M)->0.0B(4552.0M) Survivors: 440.0M->360.0M Heap: 5680.0M(8192.0M)->1345.3M(8192.0M)]
 [Times: user=2.00 sys=0.00, real=0.07 secs] 
2018-10-15T09:25:42.096+0200: 18.682: Total time for which application threads were stopped: 0.0673294 seconds, Stopping threads took: 0.0005175 seconds
2018-10-15T09:25:42.152+0200: 18.738: Application time: 0.0555135 seconds
2018-10-15T09:25:42.159+0200: 18.745: Total time for which application threads were stopped: 0.0076865 seconds, Stopping threads took: 0.0050244 seconds
2018-10-15T09:25:42.611+0200: 19.197: Application time: 0.4515486 seconds
2018-10-15T09:25:42.612+0200: 19.198: [GC pause (G1 Evacuation Pause) (young)
Desired survivor size 322961408 bytes, new threshold 3 (max 15)
- age   1:  122601016 bytes,  122601016 total
- age   2:  121576600 bytes,  244177616 total
- age   3:   98354440 bytes,  342532056 total
, 0.0616542 secs]
   [Parallel Time: 57.6 ms, GC Workers: 30]
      [GC Worker Start (ms): Min: 19198.3, Avg: 19198.4, Max: 19198.6, Diff: 0.3]
      [Ext Root Scanning (ms): Min: 0.3, Avg: 0.5, Max: 1.9, Diff: 1.5, Sum: 15.2]
      [Update RS (ms): Min: 2.3, Avg: 3.4, Max: 3.8, Diff: 1.4, Sum: 102.1]
         [Processed Buffers: Min: 4, Avg: 7.2, Max: 19, Diff: 15, Sum: 216]
      [Scan RS (ms): Min: 3.7, Avg: 4.0, Max: 4.2, Diff: 0.5, Sum: 120.1]
      [Code Root Scanning (ms): Min: 0.0, Avg: 0.0, Max: 0.0, Diff: 0.0, Sum: 0.1]
      [Object Copy (ms): Min: 48.9, Avg: 49.1, Max: 49.3, Diff: 0.4, Sum: 1472.7]
      [Termination (ms): Min: 0.0, Avg: 0.0, Max: 0.0, Diff: 0.0, Sum: 0.2]
         [Termination Attempts: Min: 1, Avg: 1.0, Max: 1, Diff: 0, Sum: 30]
      [GC Worker Other (ms): Min: 0.0, Avg: 0.2, Max: 0.4, Diff: 0.3, Sum: 4.6]
      [GC Worker Total (ms): Min: 56.9, Avg: 57.2, Max: 57.3, Diff: 0.4, Sum: 1714.9]
      [GC Worker End (ms): Min: 19255.5, Avg: 19255.6, Max: 19255.7, Diff: 0.3]
   [Code Root Fixup: 0.0 ms]
   [Code Root Purge: 0.0 ms]
   [Clear CT: 1.0 ms]
   [Other: 3.0 ms]
      [Choose CSet: 0.0 ms]
      [Ref Proc: 0.5 ms]
      [Ref Enq: 0.0 ms]
      [Redirty Cards: 0.8 ms]
      [Humongous Register: 0.1 ms]
      [Humongous Reclaim: 0.0 ms]
      [Free CSet: 1.3 ms]
   [Eden: 4552.0M(4552.0M)->0.0B(4540.0M) Survivors: 360.0M->372.0M Heap: 5897.3M(8192.0M)->1484.0M(8192.0M)]
 [Times: user=2.01 sys=0.01, real=0.06 secs] 
2018-10-15T09:25:42.674+0200: 19.260: Total time for which application threads were stopped: 0.0629852 seconds, Stopping threads took: 0.0006307 seconds
2018-10-15T09:25:43.164+0200: 19.750: Application time: 0.4903261 seconds
2018-10-15T09:25:43.168+0200: 19.754: [GC pause (G1 Evacuation Pause) (young)
Desired survivor size 322961408 bytes, new threshold 3 (max 15)
- age   1:  115196584 bytes,  115196584 total
- age   2:  113115288 bytes,  228311872 total
- age   3:  120240520 bytes,  348552392 total
, 0.0612790 secs]
   [Parallel Time: 57.5 ms, GC Workers: 30]
      [GC Worker Start (ms): Min: 19754.8, Avg: 19755.5, Max: 19756.0, Diff: 1.2]
      [Ext Root Scanning (ms): Min: 0.0, Avg: 0.3, Max: 1.8, Diff: 1.8, Sum: 8.9]
      [Update RS (ms): Min: 5.2, Avg: 5.6, Max: 6.3, Diff: 1.0, Sum: 169.3]
         [Processed Buffers: Min: 5, Avg: 7.6, Max: 12, Diff: 7, Sum: 229]
      [Scan RS (ms): Min: 4.1, Avg: 4.6, Max: 4.9, Diff: 0.8, Sum: 138.8]
      [Code Root Scanning (ms): Min: 0.0, Avg: 0.0, Max: 0.0, Diff: 0.0, Sum: 0.1]
      [Object Copy (ms): Min: 45.7, Avg: 45.9, Max: 46.1, Diff: 0.4, Sum: 1376.1]
      [Termination (ms): Min: 0.0, Avg: 0.1, Max: 0.1, Diff: 0.1, Sum: 2.1]
         [Termination Attempts: Min: 1, Avg: 4.4, Max: 7, Diff: 6, Sum: 133]
      [GC Worker Other (ms): Min: 0.0, Avg: 0.1, Max: 0.3, Diff: 0.2, Sum: 4.0]
      [GC Worker Total (ms): Min: 56.0, Avg: 56.6, Max: 57.4, Diff: 1.4, Sum: 1699.2]
      [GC Worker End (ms): Min: 19812.0, Avg: 19812.1, Max: 19812.3, Diff: 0.2]
   [Code Root Fixup: 0.0 ms]
   [Code Root Purge: 0.0 ms]
   [Clear CT: 0.8 ms]
   [Other: 2.9 ms]
      [Choose CSet: 0.0 ms]
      [Ref Proc: 0.3 ms]
      [Ref Enq: 0.0 ms]
      [Redirty Cards: 0.8 ms]
      [Humongous Register: 0.1 ms]
      [Humongous Reclaim: 0.0 ms]
      [Free CSet: 1.3 ms]
   [Eden: 4540.0M(4540.0M)->0.0B(4556.0M) Survivors: 372.0M->356.0M Heap: 6024.0M(8192.0M)->1606.0M(8192.0M)]
 [Times: user=1.73 sys=0.00, real=0.06 secs] 
2018-10-15T09:25:43.230+0200: 19.816: Total time for which application threads were stopped: 0.0658286 seconds, Stopping threads took: 0.0038151 seconds
2018-10-15T09:25:43.698+0200: 20.284: Application time: 0.4680707 seconds
2018-10-15T09:25:43.699+0200: 20.285: [GC pause (G1 Evacuation Pause) (young)
Desired survivor size 322961408 bytes, new threshold 3 (max 15)
- age   1:  112775352 bytes,  112775352 total
- age   2:  107325656 bytes,  220101008 total
- age   3:  112241872 bytes,  332342880 total
, 0.0588894 secs]
   [Parallel Time: 54.8 ms, GC Workers: 30]
      [GC Worker Start (ms): Min: 20285.5, Avg: 20285.6, Max: 20286.1, Diff: 0.7]
      [Ext Root Scanning (ms): Min: 0.0, Avg: 0.5, Max: 1.8, Diff: 1.8, Sum: 14.7]
      [Update RS (ms): Min: 2.7, Avg: 5.9, Max: 6.8, Diff: 4.0, Sum: 177.7]
         [Processed Buffers: Min: 4, Avg: 8.2, Max: 13, Diff: 9, Sum: 247]
      [Scan RS (ms): Min: 3.4, Avg: 3.8, Max: 4.1, Diff: 0.7, Sum: 113.5]
      [Code Root Scanning (ms): Min: 0.0, Avg: 0.0, Max: 0.0, Diff: 0.0, Sum: 0.1]
      [Object Copy (ms): Min: 43.6, Avg: 44.1, Max: 47.1, Diff: 3.5, Sum: 1323.2]
      [Termination (ms): Min: 0.0, Avg: 0.0, Max: 0.0, Diff: 0.0, Sum: 0.2]
         [Termination Attempts: Min: 1, Avg: 1.1, Max: 2, Diff: 1, Sum: 32]
      [GC Worker Other (ms): Min: 0.0, Avg: 0.1, Max: 0.3, Diff: 0.3, Sum: 4.4]
      [GC Worker Total (ms): Min: 53.9, Avg: 54.5, Max: 54.7, Diff: 0.8, Sum: 1633.8]
      [GC Worker End (ms): Min: 20340.0, Avg: 20340.1, Max: 20340.2, Diff: 0.3]
   [Code Root Fixup: 0.0 ms]
   [Code Root Purge: 0.0 ms]
   [Clear CT: 1.0 ms]
   [Other: 3.1 ms]
      [Choose CSet: 0.0 ms]
      [Ref Proc: 0.5 ms]
      [Ref Enq: 0.0 ms]
      [Redirty Cards: 0.8 ms]
      [Humongous Register: 0.1 ms]
      [Humongous Reclaim: 0.0 ms]
      [Free CSet: 1.3 ms]
   [Eden: 4556.0M(4556.0M)->0.0B(4560.0M) Survivors: 356.0M->352.0M Heap: 6162.0M(8192.0M)->1740.0M(8192.0M)]
 [Times: user=1.67 sys=0.00, real=0.06 secs] 
2018-10-15T09:25:43.758+0200: 20.344: Total time for which application threads were stopped: 0.0602277 seconds, Stopping threads took: 0.0005741 seconds
2018-10-15T09:25:44.231+0200: 20.817: Application time: 0.4731798 seconds
2018-10-15T09:25:44.232+0200: 20.818: [GC pause (G1 Evacuation Pause) (young)
Desired survivor size 322961408 bytes, new threshold 3 (max 15)
- age   1:  115777280 bytes,  115777280 total
- age   2:  104354264 bytes,  220131544 total
- age   3:  106466712 bytes,  326598256 total
, 0.0602176 secs]
   [Parallel Time: 56.3 ms, GC Workers: 30]
      [GC Worker Start (ms): Min: 20818.7, Avg: 20819.1, Max: 20819.7, Diff: 1.0]
      [Ext Root Scanning (ms): Min: 0.0, Avg: 0.4, Max: 1.9, Diff: 1.9, Sum: 11.5]
      [Update RS (ms): Min: 5.3, Avg: 6.5, Max: 8.1, Diff: 2.7, Sum: 193.9]
         [Processed Buffers: Min: 7, Avg: 9.0, Max: 15, Diff: 8, Sum: 270]
      [Scan RS (ms): Min: 3.3, Avg: 4.7, Max: 5.1, Diff: 1.8, Sum: 142.0]
      [Code Root Scanning (ms): Min: 0.0, Avg: 0.0, Max: 0.0, Diff: 0.0, Sum: 0.1]
      [Object Copy (ms): Min: 43.8, Avg: 43.9, Max: 44.1, Diff: 0.3, Sum: 1317.0]
      [Termination (ms): Min: 0.0, Avg: 0.0, Max: 0.0, Diff: 0.0, Sum: 0.2]
         [Termination Attempts: Min: 1, Avg: 1.0, Max: 2, Diff: 1, Sum: 31]
      [GC Worker Other (ms): Min: 0.0, Avg: 0.1, Max: 0.3, Diff: 0.2, Sum: 4.2]
      [GC Worker Total (ms): Min: 54.9, Avg: 55.6, Max: 56.0, Diff: 1.1, Sum: 1668.9]
      [GC Worker End (ms): Min: 20874.6, Avg: 20874.7, Max: 20874.8, Diff: 0.2]
   [Code Root Fixup: 0.0 ms]
   [Code Root Purge: 0.0 ms]
   [Clear CT: 0.9 ms]
   [Other: 3.0 ms]
      [Choose CSet: 0.0 ms]
      [Ref Proc: 0.5 ms]
      [Ref Enq: 0.0 ms]
      [Redirty Cards: 0.7 ms]
      [Humongous Register: 0.1 ms]
      [Humongous Reclaim: 0.0 ms]
      [Free CSet: 1.3 ms]
   [Eden: 4560.0M(4560.0M)->0.0B(4560.0M) Survivors: 352.0M->352.0M Heap: 6300.0M(8192.0M)->1870.0M(8192.0M)]
 [Times: user=1.70 sys=0.00, real=0.06 secs] 
2018-10-15T09:25:44.293+0200: 20.879: Total time for which application threads were stopped: 0.0613975 seconds, Stopping threads took: 0.0005037 seconds
2018-10-15T09:25:44.745+0200: 21.331: Application time: 0.4521669 seconds
2018-10-15T09:25:44.746+0200: 21.332: [GC pause (G1 Evacuation Pause) (young)
Desired survivor size 322961408 bytes, new threshold 3 (max 15)
- age   1:  123797016 bytes,  123797016 total
- age   2:  104668616 bytes,  228465632 total
- age   3:   99541176 bytes,  328006808 total
, 0.0591343 secs]
   [Parallel Time: 55.3 ms, GC Workers: 30]
      [GC Worker Start (ms): Min: 21332.3, Avg: 21332.5, Max: 21333.0, Diff: 0.7]
      [Ext Root Scanning (ms): Min: 0.0, Avg: 0.5, Max: 1.8, Diff: 1.8, Sum: 15.2]
      [Update RS (ms): Min: 5.9, Avg: 7.0, Max: 7.7, Diff: 1.8, Sum: 210.1]
         [Processed Buffers: Min: 6, Avg: 9.9, Max: 15, Diff: 9, Sum: 296]
      [Scan RS (ms): Min: 2.4, Avg: 3.0, Max: 3.2, Diff: 0.8, Sum: 89.3]
      [Code Root Scanning (ms): Min: 0.0, Avg: 0.0, Max: 0.0, Diff: 0.0, Sum: 0.0]
      [Object Copy (ms): Min: 44.0, Avg: 44.2, Max: 44.4, Diff: 0.4, Sum: 1326.4]
      [Termination (ms): Min: 0.0, Avg: 0.0, Max: 0.0, Diff: 0.0, Sum: 0.2]
         [Termination Attempts: Min: 1, Avg: 1.0, Max: 2, Diff: 1, Sum: 31]
      [GC Worker Other (ms): Min: 0.0, Avg: 0.1, Max: 0.3, Diff: 0.3, Sum: 4.3]
      [GC Worker Total (ms): Min: 54.3, Avg: 54.9, Max: 55.2, Diff: 0.9, Sum: 1645.5]
      [GC Worker End (ms): Min: 21387.2, Avg: 21387.3, Max: 21387.5, Diff: 0.3]
   [Code Root Fixup: 0.0 ms]
   [Code Root Purge: 0.0 ms]
   [Clear CT: 0.8 ms]
   [Other: 3.1 ms]
      [Choose CSet: 0.0 ms]
      [Ref Proc: 0.5 ms]
      [Ref Enq: 0.0 ms]
      [Redirty Cards: 0.8 ms]
      [Humongous Register: 0.1 ms]
      [Humongous Reclaim: 0.0 ms]
      [Free CSet: 1.3 ms]
   [Eden: 4560.0M(4560.0M)->0.0B(4560.0M) Survivors: 352.0M->352.0M Heap: 6430.0M(8192.0M)->1994.0M(8192.0M)]
 [Times: user=1.68 sys=0.00, real=0.06 secs] 
2018-10-15T09:25:44.805+0200: 21.391: Total time for which application threads were stopped: 0.0603140 seconds, Stopping threads took: 0.0005159 seconds
2018-10-15T09:25:45.267+0200: 21.853: Application time: 0.4615324 seconds
2018-10-15T09:25:45.268+0200: 21.854: [GC pause (G1 Evacuation Pause) (young)
Desired survivor size 322961408 bytes, new threshold 3 (max 15)
- age   1:  116672992 bytes,  116672992 total
- age   2:  116052088 bytes,  232725080 total
- age   3:  103417992 bytes,  336143072 total
, 0.0608720 secs]
   [Parallel Time: 57.0 ms, GC Workers: 30]
      [GC Worker Start (ms): Min: 21854.1, Avg: 21854.3, Max: 21854.5, Diff: 0.4]
      [Ext Root Scanning (ms): Min: 0.2, Avg: 0.5, Max: 1.8, Diff: 1.6, Sum: 15.0]
      [Update RS (ms): Min: 6.9, Avg: 8.0, Max: 8.4, Diff: 1.5, Sum: 241.4]
         [Processed Buffers: Min: 8, Avg: 10.8, Max: 16, Diff: 8, Sum: 323]
      [Scan RS (ms): Min: 2.5, Avg: 2.8, Max: 3.0, Diff: 0.5, Sum: 82.8]
      [Code Root Scanning (ms): Min: 0.0, Avg: 0.0, Max: 0.1, Diff: 0.1, Sum: 0.1]
      [Object Copy (ms): Min: 45.0, Avg: 45.2, Max: 45.4, Diff: 0.4, Sum: 1354.8]
      [Termination (ms): Min: 0.0, Avg: 0.0, Max: 0.0, Diff: 0.0, Sum: 0.3]
         [Termination Attempts: Min: 1, Avg: 1.5, Max: 2, Diff: 1, Sum: 44]
      [GC Worker Other (ms): Min: 0.0, Avg: 0.1, Max: 0.3, Diff: 0.3, Sum: 4.1]
      [GC Worker Total (ms): Min: 56.3, Avg: 56.6, Max: 56.9, Diff: 0.6, Sum: 1698.6]
      [GC Worker End (ms): Min: 21910.8, Avg: 21910.9, Max: 21911.0, Diff: 0.3]
   [Code Root Fixup: 0.0 ms]
   [Code Root Purge: 0.0 ms]
   [Clear CT: 0.9 ms]
   [Other: 2.9 ms]
      [Choose CSet: 0.0 ms]
      [Ref Proc: 0.4 ms]
      [Ref Enq: 0.0 ms]
      [Redirty Cards: 0.6 ms]
      [Humongous Register: 0.1 ms]
      [Humongous Reclaim: 0.0 ms]
      [Free CSet: 1.3 ms]
   [Eden: 4560.0M(4560.0M)->0.0B(4552.0M) Survivors: 352.0M->360.0M Heap: 6554.0M(8192.0M)->2122.0M(8192.0M)]
 [Times: user=1.73 sys=0.00, real=0.06 secs] 
2018-10-15T09:25:45.329+0200: 21.915: Total time for which application threads were stopped: 0.0620578 seconds, Stopping threads took: 0.0005215 seconds
2018-10-15T09:25:45.795+0200: 22.381: Application time: 0.4660715 seconds
2018-10-15T09:25:45.798+0200: 22.384: [GC pause (G1 Evacuation Pause) (young)
Desired survivor size 322961408 bytes, new threshold 3 (max 15)
- age   1:  112356896 bytes,  112356896 total
- age   2:  109933160 bytes,  222290056 total
- age   3:  114373792 bytes,  336663848 total
, 0.0654908 secs]
   [Parallel Time: 61.8 ms, GC Workers: 30]
      [GC Worker Start (ms): Min: 22384.1, Avg: 22384.3, Max: 22384.4, Diff: 0.3]
      [Ext Root Scanning (ms): Min: 0.3, Avg: 0.5, Max: 2.0, Diff: 1.7, Sum: 15.5]
      [Update RS (ms): Min: 7.6, Avg: 9.0, Max: 9.4, Diff: 1.7, Sum: 270.2]
         [Processed Buffers: Min: 8, Avg: 11.5, Max: 16, Diff: 8, Sum: 346]
      [Scan RS (ms): Min: 2.7, Avg: 3.0, Max: 3.1, Diff: 0.4, Sum: 88.7]
      [Code Root Scanning (ms): Min: 0.0, Avg: 0.0, Max: 0.0, Diff: 0.0, Sum: 0.1]
      [Object Copy (ms): Min: 48.5, Avg: 48.7, Max: 48.9, Diff: 0.3, Sum: 1460.3]
      [Termination (ms): Min: 0.0, Avg: 0.1, Max: 0.2, Diff: 0.1, Sum: 2.0]
         [Termination Attempts: Min: 1, Avg: 5.3, Max: 9, Diff: 8, Sum: 160]
      [GC Worker Other (ms): Min: 0.0, Avg: 0.1, Max: 0.2, Diff: 0.2, Sum: 3.4]
      [GC Worker Total (ms): Min: 61.1, Avg: 61.3, Max: 61.6, Diff: 0.5, Sum: 1840.3]
      [GC Worker End (ms): Min: 22445.5, Avg: 22445.6, Max: 22445.7, Diff: 0.2]
   [Code Root Fixup: 0.0 ms]
   [Code Root Purge: 0.0 ms]
   [Clear CT: 0.8 ms]
   [Other: 2.9 ms]
      [Choose CSet: 0.0 ms]
      [Ref Proc: 0.4 ms]
      [Ref Enq: 0.0 ms]
      [Redirty Cards: 0.8 ms]
      [Humongous Register: 0.1 ms]
      [Humongous Reclaim: 0.0 ms]
      [Free CSet: 1.3 ms]
   [Eden: 4552.0M(4552.0M)->0.0B(4564.0M) Survivors: 360.0M->348.0M Heap: 6674.0M(8192.0M)->2250.0M(8192.0M)]
 [Times: user=1.88 sys=0.00, real=0.06 secs] 
2018-10-15T09:25:45.863+0200: 22.450: Total time for which application threads were stopped: 0.0685367 seconds, Stopping threads took: 0.0023579 seconds
2018-10-15T09:25:46.327+0200: 22.913: Application time: 0.4638497 seconds
2018-10-15T09:25:46.328+0200: 22.914: [GC pause (G1 Evacuation Pause) (young)
Desired survivor size 322961408 bytes, new threshold 3 (max 15)
- age   1:  120476776 bytes,  120476776 total
- age   2:  106832064 bytes,  227308840 total
- age   3:  108722008 bytes,  336030848 total
, 0.0591708 secs]
   [Parallel Time: 55.3 ms, GC Workers: 30]
      [GC Worker Start (ms): Min: 22914.7, Avg: 22915.2, Max: 22916.0, Diff: 1.3]
      [Ext Root Scanning (ms): Min: 0.0, Avg: 0.3, Max: 1.7, Diff: 1.7, Sum: 9.7]
      [Update RS (ms): Min: 9.3, Avg: 9.9, Max: 10.3, Diff: 1.0, Sum: 297.5]
         [Processed Buffers: Min: 10, Avg: 12.5, Max: 17, Diff: 7, Sum: 376]
      [Scan RS (ms): Min: 2.0, Avg: 2.3, Max: 2.4, Diff: 0.4, Sum: 68.6]
      [Code Root Scanning (ms): Min: 0.0, Avg: 0.0, Max: 0.0, Diff: 0.0, Sum: 0.1]
      [Object Copy (ms): Min: 41.8, Avg: 41.9, Max: 42.0, Diff: 0.3, Sum: 1257.2]
      [Termination (ms): Min: 0.0, Avg: 0.0, Max: 0.0, Diff: 0.0, Sum: 0.2]
         [Termination Attempts: Min: 1, Avg: 1.1, Max: 2, Diff: 1, Sum: 34]
      [GC Worker Other (ms): Min: 0.0, Avg: 0.1, Max: 0.2, Diff: 0.2, Sum: 3.7]
      [GC Worker Total (ms): Min: 53.7, Avg: 54.6, Max: 55.2, Diff: 1.4, Sum: 1637.0]
      [GC Worker End (ms): Min: 22969.7, Avg: 22969.8, Max: 22969.9, Diff: 0.2]
   [Code Root Fixup: 0.0 ms]
   [Code Root Purge: 0.0 ms]
   [Clear CT: 0.8 ms]
   [Other: 3.0 ms]
      [Choose CSet: 0.0 ms]
      [Ref Proc: 0.5 ms]
      [Ref Enq: 0.0 ms]
      [Redirty Cards: 0.8 ms]
      [Humongous Register: 0.1 ms]
      [Humongous Reclaim: 0.0 ms]
      [Free CSet: 1.3 ms]
   [Eden: 4564.0M(4564.0M)->0.0B(4568.0M) Survivors: 348.0M->344.0M Heap: 6814.0M(8192.0M)->2382.0M(8192.0M)]
 [Times: user=1.73 sys=0.00, real=0.06 secs] 
2018-10-15T09:25:46.388+0200: 22.974: Total time for which application threads were stopped: 0.0603790 seconds, Stopping threads took: 0.0005422 seconds
2018-10-15T09:25:46.866+0200: 23.452: Application time: 0.4782299 seconds
2018-10-15T09:25:46.867+0200: 23.453: [GC pause (G1 Evacuation Pause) (young)
Desired survivor size 322961408 bytes, new threshold 3 (max 15)
- age   1:  105799856 bytes,  105799856 total
- age   2:  112030792 bytes,  217830648 total
- age   3:  106386712 bytes,  324217360 total
, 0.0614985 secs]
   [Parallel Time: 57.6 ms, GC Workers: 30]
      [GC Worker Start (ms): Min: 23453.3, Avg: 23453.6, Max: 23453.9, Diff: 0.6]
      [Ext Root Scanning (ms): Min: 0.0, Avg: 0.4, Max: 1.8, Diff: 1.8, Sum: 13.0]
      [Update RS (ms): Min: 9.6, Avg: 10.7, Max: 11.1, Diff: 1.5, Sum: 321.5]
         [Processed Buffers: Min: 10, Avg: 13.6, Max: 20, Diff: 10, Sum: 408]
      [Scan RS (ms): Min: 2.4, Avg: 2.8, Max: 2.9, Diff: 0.5, Sum: 82.5]
      [Code Root Scanning (ms): Min: 0.0, Avg: 0.0, Max: 0.0, Diff: 0.0, Sum: 0.1]
      [Object Copy (ms): Min: 42.9, Avg: 42.9, Max: 43.1, Diff: 0.2, Sum: 1288.0]
      [Termination (ms): Min: 0.0, Avg: 0.0, Max: 0.0, Diff: 0.0, Sum: 0.3]
         [Termination Attempts: Min: 1, Avg: 1.3, Max: 2, Diff: 1, Sum: 39]
      [GC Worker Other (ms): Min: 0.0, Avg: 0.2, Max: 0.5, Diff: 0.5, Sum: 6.2]
      [GC Worker Total (ms): Min: 56.7, Avg: 57.1, Max: 57.4, Diff: 0.7, Sum: 1711.7]
      [GC Worker End (ms): Min: 23510.5, Avg: 23510.6, Max: 23510.7, Diff: 0.2]
   [Code Root Fixup: 0.0 ms]
   [Code Root Purge: 0.0 ms]
   [Clear CT: 0.9 ms]
   [Other: 3.0 ms]
      [Choose CSet: 0.0 ms]
      [Ref Proc: 0.4 ms]
      [Ref Enq: 0.0 ms]
      [Redirty Cards: 0.8 ms]
      [Humongous Register: 0.1 ms]
      [Humongous Reclaim: 0.0 ms]
      [Free CSet: 1.3 ms]
   [Eden: 4568.0M(4568.0M)->0.0B(4464.0M) Survivors: 344.0M->352.0M Heap: 6950.0M(8192.0M)->2524.0M(8192.0M)]
 [Times: user=1.77 sys=0.00, real=0.06 secs] 
2018-10-15T09:25:46.929+0200: 23.515: Total time for which application threads were stopped: 0.0627341 seconds, Stopping threads took: 0.0005297 seconds
2018-10-15T09:25:47.381+0200: 23.967: Application time: 0.4520118 seconds
2018-10-15T09:25:47.383+0200: 23.969: [GC pause (G1 Evacuation Pause) (young)
Desired survivor size 316669952 bytes, new threshold 3 (max 15)
- age   1:  122885752 bytes,  122885752 total
- age   2:   99144176 bytes,  222029928 total
- age   3:  110912160 bytes,  332942088 total
, 0.0633049 secs]
   [Parallel Time: 59.6 ms, GC Workers: 30]
      [GC Worker Start (ms): Min: 23969.4, Avg: 23969.8, Max: 23970.5, Diff: 1.1]
      [Ext Root Scanning (ms): Min: 0.0, Avg: 0.4, Max: 1.9, Diff: 1.9, Sum: 11.9]
      [Update RS (ms): Min: 11.2, Avg: 12.4, Max: 13.1, Diff: 1.8, Sum: 371.2]
         [Processed Buffers: Min: 11, Avg: 14.9, Max: 19, Diff: 8, Sum: 448]
      [Scan RS (ms): Min: 1.7, Avg: 2.3, Max: 2.5, Diff: 0.8, Sum: 67.9]
      [Code Root Scanning (ms): Min: 0.0, Avg: 0.0, Max: 0.0, Diff: 0.0, Sum: 0.1]
      [Object Copy (ms): Min: 43.7, Avg: 43.8, Max: 44.0, Diff: 0.3, Sum: 1315.1]
      [Termination (ms): Min: 0.0, Avg: 0.1, Max: 0.1, Diff: 0.1, Sum: 2.5]
         [Termination Attempts: Min: 1, Avg: 4.7, Max: 8, Diff: 7, Sum: 142]
      [GC Worker Other (ms): Min: 0.0, Avg: 0.1, Max: 0.2, Diff: 0.2, Sum: 2.3]
      [GC Worker Total (ms): Min: 58.3, Avg: 59.0, Max: 59.5, Diff: 1.2, Sum: 1770.9]
      [GC Worker End (ms): Min: 24028.7, Avg: 24028.8, Max: 24028.9, Diff: 0.2]
   [Code Root Fixup: 0.0 ms]
   [Code Root Purge: 0.0 ms]
   [Clear CT: 0.9 ms]
   [Other: 2.8 ms]
      [Choose CSet: 0.0 ms]
      [Ref Proc: 0.4 ms]
      [Ref Enq: 0.0 ms]
      [Redirty Cards: 0.7 ms]
      [Humongous Register: 0.1 ms]
      [Humongous Reclaim: 0.0 ms]
      [Free CSet: 1.3 ms]
   [Eden: 4464.0M(4464.0M)->0.0B(4344.0M) Survivors: 352.0M->344.0M Heap: 6988.0M(8192.0M)->2654.0M(8192.0M)]
 [Times: user=1.80 sys=0.01, real=0.07 secs] 
2018-10-15T09:25:47.447+0200: 24.033: Total time for which application threads were stopped: 0.0658718 seconds, Stopping threads took: 0.0018666 seconds
2018-10-15T09:25:47.885+0200: 24.471: Application time: 0.4388754 seconds
2018-10-15T09:25:47.886+0200: 24.472: [GC pause (G1 Evacuation Pause) (young)
Desired survivor size 308281344 bytes, new threshold 3 (max 15)
- age   1:  119489392 bytes,  119489392 total
- age   2:  115078728 bytes,  234568120 total
- age   3:   98015976 bytes,  332584096 total
, 0.0633495 secs]
   [Parallel Time: 59.7 ms, GC Workers: 30]
      [GC Worker Start (ms): Min: 24472.8, Avg: 24473.1, Max: 24473.6, Diff: 0.9]
      [Ext Root Scanning (ms): Min: 0.0, Avg: 0.4, Max: 1.9, Diff: 1.9, Sum: 11.7]
      [Update RS (ms): Min: 12.2, Avg: 13.3, Max: 14.1, Diff: 1.9, Sum: 398.0]
         [Processed Buffers: Min: 13, Avg: 16.3, Max: 22, Diff: 9, Sum: 488]
      [Scan RS (ms): Min: 1.0, Avg: 1.8, Max: 2.0, Diff: 1.0, Sum: 54.2]
      [Code Root Scanning (ms): Min: 0.0, Avg: 0.0, Max: 0.0, Diff: 0.0, Sum: 0.1]
      [Object Copy (ms): Min: 43.5, Avg: 43.6, Max: 43.7, Diff: 0.2, Sum: 1307.3]
      [Termination (ms): Min: 0.0, Avg: 0.0, Max: 0.0, Diff: 0.0, Sum: 0.1]
         [Termination Attempts: Min: 1, Avg: 1.0, Max: 1, Diff: 0, Sum: 30]
      [GC Worker Other (ms): Min: 0.0, Avg: 0.1, Max: 0.3, Diff: 0.2, Sum: 4.0]
      [GC Worker Total (ms): Min: 58.6, Avg: 59.2, Max: 59.6, Diff: 1.0, Sum: 1775.4]
      [GC Worker End (ms): Min: 24532.1, Avg: 24532.2, Max: 24532.4, Diff: 0.2]
   [Code Root Fixup: 0.0 ms]
   [Code Root Purge: 0.0 ms]
   [Clear CT: 0.8 ms]
   [Other: 2.8 ms]
      [Choose CSet: 0.0 ms]
      [Ref Proc: 0.3 ms]
      [Ref Enq: 0.0 ms]
      [Redirty Cards: 0.7 ms]
      [Humongous Register: 0.1 ms]
      [Humongous Reclaim: 0.0 ms]
      [Free CSet: 1.3 ms]
   [Eden: 4344.0M(4344.0M)->0.0B(4180.0M) Survivors: 344.0M->364.0M Heap: 6998.0M(8192.0M)->2796.0M(8192.0M)]
 [Times: user=1.81 sys=0.00, real=0.06 secs] 
2018-10-15T09:25:47.950+0200: 24.536: Total time for which application threads were stopped: 0.0645117 seconds, Stopping threads took: 0.0005053 seconds
2018-10-15T09:25:48.373+0200: 24.959: Application time: 0.4227310 seconds
2018-10-15T09:25:48.374+0200: 24.960: [GC pause (G1 Evacuation Pause) (young)
Desired survivor size 297795584 bytes, new threshold 3 (max 15)
- age   1:  118490432 bytes,  118490432 total
- age   2:  113984032 bytes,  232474464 total
- age   3:  113827400 bytes,  346301864 total
, 0.0653206 secs]
   [Parallel Time: 61.7 ms, GC Workers: 30]
      [GC Worker Start (ms): Min: 24960.0, Avg: 24960.3, Max: 24960.7, Diff: 0.7]
      [Ext Root Scanning (ms): Min: 0.0, Avg: 0.4, Max: 1.7, Diff: 1.7, Sum: 12.9]
      [Update RS (ms): Min: 13.1, Avg: 14.3, Max: 14.9, Diff: 1.8, Sum: 428.2]
         [Processed Buffers: Min: 13, Avg: 17.6, Max: 28, Diff: 15, Sum: 529]
      [Scan RS (ms): Min: 2.0, Avg: 2.7, Max: 3.0, Diff: 1.0, Sum: 81.7]
      [Code Root Scanning (ms): Min: 0.0, Avg: 0.0, Max: 0.0, Diff: 0.0, Sum: 0.1]
      [Object Copy (ms): Min: 43.4, Avg: 43.6, Max: 43.8, Diff: 0.4, Sum: 1307.6]
      [Termination (ms): Min: 0.0, Avg: 0.0, Max: 0.0, Diff: 0.0, Sum: 0.2]
         [Termination Attempts: Min: 1, Avg: 1.0, Max: 1, Diff: 0, Sum: 30]
      [GC Worker Other (ms): Min: 0.0, Avg: 0.1, Max: 0.3, Diff: 0.3, Sum: 4.2]
      [GC Worker Total (ms): Min: 60.7, Avg: 61.2, Max: 61.5, Diff: 0.9, Sum: 1834.8]
      [GC Worker End (ms): Min: 25021.4, Avg: 25021.5, Max: 25021.6, Diff: 0.3]
   [Code Root Fixup: 0.0 ms]
   [Code Root Purge: 0.0 ms]
   [Clear CT: 0.7 ms]
   [Other: 2.9 ms]
      [Choose CSet: 0.0 ms]
      [Ref Proc: 0.4 ms]
      [Ref Enq: 0.0 ms]
      [Redirty Cards: 0.8 ms]
      [Humongous Register: 0.1 ms]
      [Humongous Reclaim: 0.0 ms]
      [Free CSet: 1.2 ms]
   [Eden: 4180.0M(4180.0M)->0.0B(4072.0M) Survivors: 364.0M->348.0M Heap: 6976.0M(8192.0M)->2922.0M(8192.0M)]
 [Times: user=1.86 sys=0.01, real=0.06 secs] 
2018-10-15T09:25:48.439+0200: 25.025: Total time for which application threads were stopped: 0.0664859 seconds, Stopping threads took: 0.0005243 seconds
2018-10-15T09:25:48.852+0200: 25.438: Application time: 0.4129868 seconds
2018-10-15T09:25:48.853+0200: 25.439: [GC pause (G1 Evacuation Pause) (young)
Desired survivor size 291504128 bytes, new threshold 3 (max 15)
- age   1:  112143528 bytes,  112143528 total
- age   2:  114060424 bytes,  226203952 total
- age   3:  112375280 bytes,  338579232 total
, 0.0685252 secs]
   [Parallel Time: 64.0 ms, GC Workers: 30]
      [GC Worker Start (ms): Min: 25439.5, Avg: 25439.8, Max: 25440.4, Diff: 0.9]
      [Ext Root Scanning (ms): Min: 0.0, Avg: 0.4, Max: 1.8, Diff: 1.8, Sum: 12.1]
      [Update RS (ms): Min: 14.3, Avg: 15.5, Max: 16.4, Diff: 2.0, Sum: 464.7]
         [Processed Buffers: Min: 15, Avg: 19.5, Max: 27, Diff: 12, Sum: 584]
      [Scan RS (ms): Min: 1.3, Avg: 2.3, Max: 2.5, Diff: 1.2, Sum: 67.8]
      [Code Root Scanning (ms): Min: 0.0, Avg: 0.0, Max: 0.0, Diff: 0.0, Sum: 0.1]
      [Object Copy (ms): Min: 45.0, Avg: 45.1, Max: 45.3, Diff: 0.4, Sum: 1354.0]
      [Termination (ms): Min: 0.1, Avg: 0.1, Max: 0.3, Diff: 0.2, Sum: 4.0]
         [Termination Attempts: Min: 4, Avg: 45.7, Max: 60, Diff: 56, Sum: 1371]
      [GC Worker Other (ms): Min: 0.0, Avg: 0.1, Max: 0.2, Diff: 0.2, Sum: 3.5]
      [GC Worker Total (ms): Min: 62.9, Avg: 63.5, Max: 63.9, Diff: 1.1, Sum: 1906.2]
      [GC Worker End (ms): Min: 25503.3, Avg: 25503.4, Max: 25503.5, Diff: 0.2]
   [Code Root Fixup: 0.0 ms]
   [Code Root Purge: 0.0 ms]
   [Clear CT: 0.9 ms]
   [Other: 3.6 ms]
      [Choose CSet: 0.0 ms]
      [Ref Proc: 0.4 ms]
      [Ref Enq: 0.0 ms]
      [Redirty Cards: 0.8 ms]
      [Humongous Register: 0.1 ms]
      [Humongous Reclaim: 0.1 ms]
      [Free CSet: 1.8 ms]
   [Eden: 4072.0M(4072.0M)->0.0B(3956.0M) Survivors: 348.0M->336.0M Heap: 6994.0M(8192.0M)->3050.5M(8192.0M)]
 [Times: user=1.94 sys=0.00, real=0.06 secs] 
2018-10-15T09:25:48.922+0200: 25.508: Total time for which application threads were stopped: 0.0698549 seconds, Stopping threads took: 0.0005117 seconds
2018-10-15T09:25:49.329+0200: 25.915: Application time: 0.4072062 seconds
2018-10-15T09:25:49.330+0200: 25.916: [GC pause (G1 Evacuation Pause) (young)
Desired survivor size 283115520 bytes, new threshold 3 (max 15)
- age   1:   96340744 bytes,   96340744 total
- age   2:  106257032 bytes,  202597776 total
- age   3:  112888064 bytes,  315485840 total
, 0.0642564 secs]
   [Parallel Time: 60.7 ms, GC Workers: 30]
      [GC Worker Start (ms): Min: 25916.5, Avg: 25916.8, Max: 25917.3, Diff: 0.7]
      [Ext Root Scanning (ms): Min: 0.0, Avg: 0.5, Max: 1.9, Diff: 1.9, Sum: 15.0]
      [Update RS (ms): Min: 9.8, Avg: 17.6, Max: 18.5, Diff: 8.8, Sum: 526.7]
         [Processed Buffers: Min: 10, Avg: 21.3, Max: 29, Diff: 19, Sum: 638]
      [Scan RS (ms): Min: 1.9, Avg: 2.2, Max: 2.5, Diff: 0.6, Sum: 67.4]
      [Code Root Scanning (ms): Min: 0.0, Avg: 0.0, Max: 0.0, Diff: 0.0, Sum: 0.0]
      [Object Copy (ms): Min: 39.1, Avg: 39.8, Max: 47.6, Diff: 8.4, Sum: 1193.1]
      [Termination (ms): Min: 0.0, Avg: 0.1, Max: 0.1, Diff: 0.1, Sum: 2.6]
         [Termination Attempts: Min: 1, Avg: 4.1, Max: 8, Diff: 7, Sum: 123]
      [GC Worker Other (ms): Min: 0.0, Avg: 0.1, Max: 0.2, Diff: 0.2, Sum: 2.7]
      [GC Worker Total (ms): Min: 59.7, Avg: 60.3, Max: 60.5, Diff: 0.8, Sum: 1807.7]
      [GC Worker End (ms): Min: 25976.9, Avg: 25977.0, Max: 25977.1, Diff: 0.2]
   [Code Root Fixup: 0.0 ms]
   [Code Root Purge: 0.0 ms]
   [Clear CT: 0.9 ms]
   [Other: 2.7 ms]
      [Choose CSet: 0.0 ms]
      [Ref Proc: 0.4 ms]
      [Ref Enq: 0.0 ms]
      [Redirty Cards: 0.7 ms]
      [Humongous Register: 0.1 ms]
      [Humongous Reclaim: 0.1 ms]
      [Free CSet: 1.1 ms]
   [Eden: 3956.0M(3956.0M)->0.0B(3868.0M) Survivors: 336.0M->308.0M Heap: 7006.5M(8192.0M)->3168.0M(8192.0M)]
 [Times: user=1.81 sys=0.00, real=0.07 secs] 
2018-10-15T09:25:49.395+0200: 25.981: Total time for which application threads were stopped: 0.0654017 seconds, Stopping threads took: 0.0005077 seconds
2018-10-15T09:25:49.793+0200: 26.379: Application time: 0.3982403 seconds
2018-10-15T09:25:49.794+0200: 26.380: [GC pause (G1 Evacuation Pause) (young)
Desired survivor size 274726912 bytes, new threshold 3 (max 15)
- age   1:   97419024 bytes,   97419024 total
- age   2:   88616320 bytes,  186035344 total
- age   3:  104997488 bytes,  291032832 total
, 0.0673926 secs]
   [Parallel Time: 63.7 ms, GC Workers: 30]
      [GC Worker Start (ms): Min: 26380.2, Avg: 26380.4, Max: 26380.6, Diff: 0.4]
      [Ext Root Scanning (ms): Min: 0.2, Avg: 0.5, Max: 1.8, Diff: 1.6, Sum: 15.8]
      [Update RS (ms): Min: 19.1, Avg: 20.3, Max: 20.8, Diff: 1.7, Sum: 607.8]
         [Processed Buffers: Min: 16, Avg: 23.3, Max: 31, Diff: 15, Sum: 700]
      [Scan RS (ms): Min: 2.0, Avg: 2.3, Max: 2.5, Diff: 0.6, Sum: 69.4]
      [Code Root Scanning (ms): Min: 0.0, Avg: 0.0, Max: 0.0, Diff: 0.0, Sum: 0.0]
      [Object Copy (ms): Min: 39.9, Avg: 40.0, Max: 40.2, Diff: 0.3, Sum: 1201.1]
      [Termination (ms): Min: 0.0, Avg: 0.1, Max: 0.2, Diff: 0.2, Sum: 2.8]
         [Termination Attempts: Min: 1, Avg: 5.4, Max: 9, Diff: 8, Sum: 162]
      [GC Worker Other (ms): Min: 0.0, Avg: 0.1, Max: 0.2, Diff: 0.2, Sum: 2.8]
      [GC Worker Total (ms): Min: 63.0, Avg: 63.3, Max: 63.6, Diff: 0.6, Sum: 1899.7]
      [GC Worker End (ms): Min: 26443.6, Avg: 26443.7, Max: 26443.8, Diff: 0.2]
   [Code Root Fixup: 0.0 ms]
   [Code Root Purge: 0.0 ms]
   [Clear CT: 0.8 ms]
   [Other: 2.9 ms]
      [Choose CSet: 0.0 ms]
      [Ref Proc: 0.5 ms]
      [Ref Enq: 0.0 ms]
      [Redirty Cards: 0.8 ms]
      [Humongous Register: 0.1 ms]
      [Humongous Reclaim: 0.1 ms]
      [Free CSet: 1.0 ms]
   [Eden: 3868.0M(3868.0M)->0.0B(3760.0M) Survivors: 308.0M->296.0M Heap: 7036.0M(8192.0M)->3284.0M(8192.0M)]
 [Times: user=1.92 sys=0.00, real=0.06 secs] 
2018-10-15T09:25:49.862+0200: 26.448: Total time for which application threads were stopped: 0.0686159 seconds, Stopping threads took: 0.0005612 seconds
2018-10-15T09:25:50.250+0200: 26.836: Application time: 0.3883541 seconds
2018-10-15T09:25:50.251+0200: 26.837: [GC pause (G1 Evacuation Pause) (young)
Desired survivor size 266338304 bytes, new threshold 3 (max 15)
- age   1:   90864560 bytes,   90864560 total
- age   2:   91059480 bytes,  181924040 total
- age   3:   88185176 bytes,  270109216 total
, 0.0619278 secs]
   [Parallel Time: 58.5 ms, GC Workers: 30]
      [GC Worker Start (ms): Min: 26837.1, Avg: 26837.2, Max: 26837.4, Diff: 0.3]
      [Ext Root Scanning (ms): Min: 0.3, Avg: 0.5, Max: 2.0, Diff: 1.6, Sum: 16.1]
      [Update RS (ms): Min: 15.6, Avg: 16.7, Max: 17.2, Diff: 1.5, Sum: 502.3]
         [Processed Buffers: Min: 16, Avg: 21.0, Max: 29, Diff: 13, Sum: 631]
      [Scan RS (ms): Min: 1.5, Avg: 1.9, Max: 2.0, Diff: 0.6, Sum: 56.0]
      [Code Root Scanning (ms): Min: 0.0, Avg: 0.0, Max: 0.0, Diff: 0.0, Sum: 0.0]
      [Object Copy (ms): Min: 38.8, Avg: 38.9, Max: 39.0, Diff: 0.2, Sum: 1165.5]
      [Termination (ms): Min: 0.0, Avg: 0.0, Max: 0.1, Diff: 0.0, Sum: 0.8]
         [Termination Attempts: Min: 1, Avg: 8.0, Max: 13, Diff: 12, Sum: 239]
      [GC Worker Other (ms): Min: 0.0, Avg: 0.1, Max: 0.2, Diff: 0.2, Sum: 3.5]
      [GC Worker Total (ms): Min: 57.9, Avg: 58.1, Max: 58.3, Diff: 0.4, Sum: 1744.2]
      [GC Worker End (ms): Min: 26895.3, Avg: 26895.4, Max: 26895.5, Diff: 0.2]
   [Code Root Fixup: 0.0 ms]
   [Code Root Purge: 0.0 ms]
   [Clear CT: 0.8 ms]
   [Other: 2.6 ms]
      [Choose CSet: 0.0 ms]
      [Ref Proc: 0.3 ms]
      [Ref Enq: 0.0 ms]
      [Redirty Cards: 0.7 ms]
      [Humongous Register: 0.1 ms]
      [Humongous Reclaim: 0.0 ms]
      [Free CSet: 1.0 ms]
   [Eden: 3760.0M(3760.0M)->0.0B(3656.0M) Survivors: 296.0M->292.0M Heap: 7044.0M(8192.0M)->3394.0M(8192.0M)]
 [Times: user=1.77 sys=0.00, real=0.07 secs] 
2018-10-15T09:25:50.313+0200: 26.899: Total time for which application threads were stopped: 0.0630696 seconds, Stopping threads took: 0.0005196 seconds
2018-10-15T09:25:50.682+0200: 27.268: Application time: 0.3687601 seconds
2018-10-15T09:25:50.683+0200: 27.269: [GC pause (G1 Evacuation Pause) (young)
Desired survivor size 260046848 bytes, new threshold 3 (max 15)
- age   1:   97920544 bytes,   97920544 total
- age   2:   85168856 bytes,  183089400 total
- age   3:   90180232 bytes,  273269632 total
, 0.0689729 secs]
   [Parallel Time: 65.7 ms, GC Workers: 30]
      [GC Worker Start (ms): Min: 27269.0, Avg: 27269.3, Max: 27269.7, Diff: 0.7]
      [Ext Root Scanning (ms): Min: 0.0, Avg: 0.4, Max: 1.8, Diff: 1.8, Sum: 13.4]
      [Update RS (ms): Min: 17.8, Avg: 19.0, Max: 19.4, Diff: 1.6, Sum: 569.0]
         [Processed Buffers: Min: 18, Avg: 23.1, Max: 30, Diff: 12, Sum: 692]
      [Scan RS (ms): Min: 1.3, Avg: 1.6, Max: 1.8, Diff: 0.5, Sum: 47.9]
      [Code Root Scanning (ms): Min: 0.0, Avg: 0.0, Max: 0.0, Diff: 0.0, Sum: 0.0]
      [Object Copy (ms): Min: 43.4, Avg: 43.5, Max: 44.0, Diff: 0.6, Sum: 1305.4]
      [Termination (ms): Min: 0.0, Avg: 0.5, Max: 0.6, Diff: 0.6, Sum: 15.3]
         [Termination Attempts: Min: 1, Avg: 194.6, Max: 224, Diff: 223, Sum: 5838]
      [GC Worker Other (ms): Min: 0.0, Avg: 0.1, Max: 0.3, Diff: 0.2, Sum: 4.0]
      [GC Worker Total (ms): Min: 64.7, Avg: 65.2, Max: 65.5, Diff: 0.8, Sum: 1955.1]
      [GC Worker End (ms): Min: 27334.3, Avg: 27334.4, Max: 27334.6, Diff: 0.2]
   [Code Root Fixup: 0.0 ms]
   [Code Root Purge: 0.0 ms]
   [Clear CT: 0.8 ms]
   [Other: 2.5 ms]
      [Choose CSet: 0.0 ms]
      [Ref Proc: 0.3 ms]
      [Ref Enq: 0.0 ms]
      [Redirty Cards: 0.7 ms]
      [Humongous Register: 0.1 ms]
      [Humongous Reclaim: 0.1 ms]
      [Free CSet: 1.0 ms]
   [Eden: 3656.0M(3656.0M)->0.0B(3540.0M) Survivors: 292.0M->292.0M Heap: 7050.0M(8192.0M)->3508.3M(8192.0M)]
 [Times: user=1.95 sys=0.01, real=0.08 secs] 
2018-10-15T09:25:50.752+0200: 27.338: Total time for which application threads were stopped: 0.0701470 seconds, Stopping threads took: 0.0005121 seconds
2018-10-15T09:25:51.103+0200: 27.689: Application time: 0.3511372 seconds
2018-10-15T09:25:51.104+0200: 27.690: [GC pause (G1 Evacuation Pause) (young)
Desired survivor size 251658240 bytes, new threshold 3 (max 15)
- age   1:   96803864 bytes,   96803864 total
- age   2:   90752616 bytes,  187556480 total
- age   3:   83013952 bytes,  270570432 total
, 0.0627228 secs]
   [Parallel Time: 59.7 ms, GC Workers: 30]
      [GC Worker Start (ms): Min: 27690.2, Avg: 27690.4, Max: 27690.9, Diff: 0.7]
      [Ext Root Scanning (ms): Min: 0.0, Avg: 0.5, Max: 1.8, Diff: 1.8, Sum: 14.9]
      [Update RS (ms): Min: 23.9, Avg: 25.1, Max: 25.4, Diff: 1.5, Sum: 752.3]
         [Processed Buffers: Min: 28, Avg: 34.5, Max: 45, Diff: 17, Sum: 1036]
      [Scan RS (ms): Min: 0.0, Avg: 0.1, Max: 0.3, Diff: 0.3, Sum: 3.6]
      [Code Root Scanning (ms): Min: 0.0, Avg: 0.0, Max: 0.0, Diff: 0.0, Sum: 0.0]
      [Object Copy (ms): Min: 33.4, Avg: 33.5, Max: 33.6, Diff: 0.3, Sum: 1006.2]
      [Termination (ms): Min: 0.0, Avg: 0.0, Max: 0.0, Diff: 0.0, Sum: 0.1]
         [Termination Attempts: Min: 1, Avg: 1.0, Max: 1, Diff: 0, Sum: 30]
      [GC Worker Other (ms): Min: 0.0, Avg: 0.1, Max: 0.2, Diff: 0.2, Sum: 3.4]
      [GC Worker Total (ms): Min: 58.8, Avg: 59.4, Max: 59.6, Diff: 0.8, Sum: 1780.6]
      [GC Worker End (ms): Min: 27749.6, Avg: 27749.7, Max: 27749.8, Diff: 0.2]
   [Code Root Fixup: 0.0 ms]
   [Code Root Purge: 0.0 ms]
   [Clear CT: 0.7 ms]
   [Other: 2.3 ms]
      [Choose CSet: 0.0 ms]
      [Ref Proc: 0.3 ms]
      [Ref Enq: 0.0 ms]
      [Redirty Cards: 0.6 ms]
      [Humongous Register: 0.1 ms]
      [Humongous Reclaim: 0.1 ms]
      [Free CSet: 0.9 ms]
   [Eden: 3540.0M(3540.0M)->0.0B(3424.0M) Survivors: 292.0M->292.0M Heap: 7048.3M(8192.0M)->3624.0M(8192.0M)]
 [Times: user=1.80 sys=0.00, real=0.06 secs] 
2018-10-15T09:25:51.167+0200: 27.753: Total time for which application threads were stopped: 0.0638358 seconds, Stopping threads took: 0.0004922 seconds
2018-10-15T09:25:51.499+0200: 28.085: Application time: 0.3324903 seconds
2018-10-15T09:25:51.500+0200: 28.086: [GC pause (G1 Evacuation Pause) (young)
Desired survivor size 245366784 bytes, new threshold 3 (max 15)
- age   1:   92310896 bytes,   92310896 total
- age   2:   88883120 bytes,  181194016 total
- age   3:   89771368 bytes,  270965384 total
, 0.0684334 secs]
   [Parallel Time: 65.1 ms, GC Workers: 30]
      [GC Worker Start (ms): Min: 28086.7, Avg: 28086.9, Max: 28087.4, Diff: 0.8]
      [Ext Root Scanning (ms): Min: 0.0, Avg: 0.4, Max: 1.8, Diff: 1.8, Sum: 13.0]
      [Update RS (ms): Min: 25.0, Avg: 26.1, Max: 26.8, Diff: 1.8, Sum: 782.5]
         [Processed Buffers: Min: 27, Avg: 31.9, Max: 37, Diff: 10, Sum: 958]
      [Scan RS (ms): Min: 0.0, Avg: 0.1, Max: 0.2, Diff: 0.2, Sum: 3.9]
      [Code Root Scanning (ms): Min: 0.0, Avg: 0.0, Max: 0.0, Diff: 0.0, Sum: 0.0]
      [Object Copy (ms): Min: 37.2, Avg: 37.8, Max: 38.0, Diff: 0.7, Sum: 1133.9]
      [Termination (ms): Min: 0.0, Avg: 0.0, Max: 0.0, Diff: 0.0, Sum: 0.4]
         [Termination Attempts: Min: 1, Avg: 2.0, Max: 4, Diff: 3, Sum: 61]
      [GC Worker Other (ms): Min: 0.0, Avg: 0.1, Max: 0.2, Diff: 0.2, Sum: 3.5]
      [GC Worker Total (ms): Min: 64.0, Avg: 64.6, Max: 64.9, Diff: 1.0, Sum: 1937.3]
      [GC Worker End (ms): Min: 28151.4, Avg: 28151.5, Max: 28151.6, Diff: 0.2]
   [Code Root Fixup: 0.0 ms]
   [Code Root Purge: 0.0 ms]
   [Clear CT: 0.7 ms]
   [Other: 2.6 ms]
      [Choose CSet: 0.0 ms]
      [Ref Proc: 0.5 ms]
      [Ref Enq: 0.0 ms]
      [Redirty Cards: 0.7 ms]
      [Humongous Register: 0.1 ms]
      [Humongous Reclaim: 0.1 ms]
      [Free CSet: 0.9 ms]
   [Eden: 3424.0M(3424.0M)->0.0B(3300.0M) Survivors: 292.0M->296.0M Heap: 7048.0M(8192.0M)->3744.3M(8192.0M)]
 [Times: user=1.95 sys=0.01, real=0.07 secs] 
2018-10-15T09:25:51.569+0200: 28.155: Total time for which application threads were stopped: 0.0696787 seconds, Stopping threads took: 0.0005602 seconds
2018-10-15T09:25:51.907+0200: 28.493: Application time: 0.3379888 seconds
2018-10-15T09:25:51.908+0200: 28.494: [GC pause (G1 Evacuation Pause) (young)
Desired survivor size 236978176 bytes, new threshold 3 (max 15)
- age   1:   91473184 bytes,   91473184 total
- age   2:   88303888 bytes,  179777072 total
- age   3:   88523720 bytes,  268300792 total
, 0.0560842 secs]
   [Parallel Time: 53.2 ms, GC Workers: 30]
      [GC Worker Start (ms): Min: 28494.2, Avg: 28494.4, Max: 28495.0, Diff: 0.8]
      [Ext Root Scanning (ms): Min: 0.0, Avg: 0.4, Max: 1.6, Diff: 1.6, Sum: 12.0]
      [Update RS (ms): Min: 12.5, Avg: 13.5, Max: 13.8, Diff: 1.3, Sum: 405.3]
         [Processed Buffers: Min: 17, Avg: 20.5, Max: 27, Diff: 10, Sum: 616]
      [Scan RS (ms): Min: 1.1, Avg: 1.4, Max: 1.5, Diff: 0.4, Sum: 40.5]
      [Code Root Scanning (ms): Min: 0.0, Avg: 0.0, Max: 0.0, Diff: 0.0, Sum: 0.0]
      [Object Copy (ms): Min: 37.1, Avg: 37.2, Max: 37.3, Diff: 0.2, Sum: 1117.3]
      [Termination (ms): Min: 0.1, Avg: 0.1, Max: 0.2, Diff: 0.1, Sum: 3.8]
         [Termination Attempts: Min: 3, Avg: 28.4, Max: 36, Diff: 33, Sum: 852]
      [GC Worker Other (ms): Min: 0.0, Avg: 0.1, Max: 0.2, Diff: 0.2, Sum: 2.5]
      [GC Worker Total (ms): Min: 52.1, Avg: 52.7, Max: 53.0, Diff: 1.0, Sum: 1581.4]
      [GC Worker End (ms): Min: 28547.1, Avg: 28547.2, Max: 28547.3, Diff: 0.2]
   [Code Root Fixup: 0.0 ms]
   [Code Root Purge: 0.0 ms]
   [Clear CT: 0.6 ms]
   [Other: 2.3 ms]
      [Choose CSet: 0.0 ms]
      [Ref Proc: 0.4 ms]
      [Ref Enq: 0.0 ms]
      [Redirty Cards: 0.5 ms]
      [Humongous Register: 0.1 ms]
      [Humongous Reclaim: 0.0 ms]
      [Free CSet: 0.9 ms]
   [Eden: 3300.0M(3300.0M)->0.0B(3212.0M) Survivors: 296.0M->284.0M Heap: 7044.3M(8192.0M)->3848.0M(8192.0M)]
 [Times: user=1.60 sys=0.00, real=0.06 secs] 
2018-10-15T09:25:51.964+0200: 28.550: Total time for which application threads were stopped: 0.0572863 seconds, Stopping threads took: 0.0004802 seconds
2018-10-15T09:25:52.289+0200: 28.875: Application time: 0.3248896 seconds
2018-10-15T09:25:52.290+0200: 28.876: [GC pause (G1 Evacuation Pause) (young)
Desired survivor size 230686720 bytes, new threshold 3 (max 15)
- age   1:   88419016 bytes,   88419016 total
- age   2:   87205264 bytes,  175624280 total
- age   3:   87659224 bytes,  263283504 total
, 0.0610851 secs]
   [Parallel Time: 57.6 ms, GC Workers: 30]
      [GC Worker Start (ms): Min: 28876.5, Avg: 28877.0, Max: 28877.6, Diff: 1.1]
      [Ext Root Scanning (ms): Min: 0.0, Avg: 0.4, Max: 1.9, Diff: 1.9, Sum: 11.2]
      [Update RS (ms): Min: 18.1, Avg: 19.2, Max: 19.7, Diff: 1.6, Sum: 576.2]
         [Processed Buffers: Min: 18, Avg: 22.5, Max: 29, Diff: 11, Sum: 675]
      [Scan RS (ms): Min: 1.2, Avg: 1.5, Max: 1.7, Diff: 0.5, Sum: 46.1]
      [Code Root Scanning (ms): Min: 0.0, Avg: 0.0, Max: 0.0, Diff: 0.0, Sum: 0.0]
      [Object Copy (ms): Min: 35.6, Avg: 35.7, Max: 35.9, Diff: 0.3, Sum: 1070.0]
      [Termination (ms): Min: 0.0, Avg: 0.1, Max: 0.2, Diff: 0.2, Sum: 2.3]
         [Termination Attempts: Min: 1, Avg: 5.8, Max: 10, Diff: 9, Sum: 175]
      [GC Worker Other (ms): Min: 0.0, Avg: 0.1, Max: 0.2, Diff: 0.2, Sum: 2.7]
      [GC Worker Total (ms): Min: 56.2, Avg: 57.0, Max: 57.5, Diff: 1.3, Sum: 1708.6]
      [GC Worker End (ms): Min: 28933.8, Avg: 28933.9, Max: 28934.0, Diff: 0.2]
   [Code Root Fixup: 0.0 ms]
   [Code Root Purge: 0.0 ms]
   [Clear CT: 0.8 ms]
   [Other: 2.6 ms]
      [Choose CSet: 0.0 ms]
      [Ref Proc: 0.5 ms]
      [Ref Enq: 0.0 ms]
      [Redirty Cards: 0.7 ms]
      [Humongous Register: 0.1 ms]
      [Humongous Reclaim: 0.1 ms]
      [Free CSet: 0.9 ms]
   [Eden: 3212.0M(3212.0M)->0.0B(3112.0M) Survivors: 284.0M->276.0M Heap: 7060.0M(8192.0M)->3952.0M(8192.0M)]
 [Times: user=1.74 sys=0.00, real=0.06 secs] 
2018-10-15T09:25:52.351+0200: 28.937: Total time for which application threads were stopped: 0.0622675 seconds, Stopping threads took: 0.0005451 seconds
2018-10-15T09:25:52.662+0200: 29.248: Application time: 0.3109961 seconds
2018-10-15T09:25:52.664+0200: 29.250: [GC pause (G1 Evacuation Pause) (young) (initial-mark)
Desired survivor size 222298112 bytes, new threshold 3 (max 15)
- age   1:   82094360 bytes,   82094360 total
- age   2:   82717640 bytes,  164812000 total
- age   3:   84989568 bytes,  249801568 total
, 0.0663598 secs]
   [Parallel Time: 63.0 ms, GC Workers: 30]
      [GC Worker Start (ms): Min: 29251.0, Avg: 29251.8, Max: 29252.4, Diff: 1.4]
      [Ext Root Scanning (ms): Min: 0.9, Avg: 1.5, Max: 2.3, Diff: 1.4, Sum: 44.5]
      [Update RS (ms): Min: 24.9, Avg: 25.1, Max: 25.5, Diff: 0.6, Sum: 753.5]
         [Processed Buffers: Min: 29, Avg: 35.8, Max: 45, Diff: 16, Sum: 1074]
      [Scan RS (ms): Min: 0.0, Avg: 0.1, Max: 0.2, Diff: 0.2, Sum: 3.4]
      [Code Root Scanning (ms): Min: 0.0, Avg: 0.0, Max: 0.0, Diff: 0.0, Sum: 0.0]
      [Object Copy (ms): Min: 34.4, Avg: 34.7, Max: 34.9, Diff: 0.4, Sum: 1041.6]
      [Termination (ms): Min: 0.0, Avg: 0.1, Max: 0.1, Diff: 0.1, Sum: 2.1]
         [Termination Attempts: Min: 1, Avg: 5.7, Max: 10, Diff: 9, Sum: 170]
      [GC Worker Other (ms): Min: 0.0, Avg: 0.1, Max: 0.2, Diff: 0.2, Sum: 3.1]
      [GC Worker Total (ms): Min: 61.1, Avg: 61.6, Max: 62.3, Diff: 1.3, Sum: 1848.3]
      [GC Worker End (ms): Min: 29313.3, Avg: 29313.4, Max: 29313.5, Diff: 0.2]
   [Code Root Fixup: 0.0 ms]
   [Code Root Purge: 0.0 ms]
   [Clear CT: 0.5 ms]
   [Other: 2.9 ms]
      [Choose CSet: 0.0 ms]
      [Ref Proc: 0.4 ms]
      [Ref Enq: 0.0 ms]
      [Redirty Cards: 0.7 ms]
      [Humongous Register: 0.1 ms]
      [Humongous Reclaim: 0.1 ms]
      [Free CSet: 1.1 ms]
   [Eden: 3112.0M(3112.0M)->0.0B(3024.0M) Survivors: 276.0M->264.0M Heap: 7064.0M(8192.0M)->4052.0M(8192.0M)]
 [Times: user=1.84 sys=0.00, real=0.06 secs] 
2018-10-15T09:25:52.731+0200: 29.317: [GC concurrent-root-region-scan-start]
2018-10-15T09:25:52.731+0200: 29.317: Total time for which application threads were stopped: 0.0685800 seconds, Stopping threads took: 0.0015399 seconds
2018-10-15T09:25:52.768+0200: 29.354: [GC concurrent-root-region-scan-end, 0.0372672 secs]
2018-10-15T09:25:52.768+0200: 29.354: [GC concurrent-mark-start]
2018-10-15T09:25:53.048+0200: 29.634: [GC concurrent-mark-end, 0.2792489 secs]
2018-10-15T09:25:53.048+0200: 29.634: Application time: 0.3165544 seconds
2018-10-15T09:25:53.048+0200: 29.634: [GC remark 2018-10-15T09:25:53.048+0200: 29.634: [Finalize Marking, 0.0005015 secs] 2018-10-15T09:25:53.049+0200: 29.635: [GC ref-proc, 0.0012136 secs] 2018-10-15T09:25:53.050+0200: 29.636: [Unloading, 0.0111320 secs], 0.0140599 secs]
 [Times: user=0.29 sys=0.00, real=0.01 secs] 
2018-10-15T09:25:53.063+0200: 29.649: Total time for which application threads were stopped: 0.0149504 seconds, Stopping threads took: 0.0004445 seconds
2018-10-15T09:25:53.063+0200: 29.649: Application time: 0.0000524 seconds
2018-10-15T09:25:53.063+0200: 29.649: [GC cleanup 6140M->4828M(8192M), 0.0087817 secs]
 [Times: user=0.19 sys=0.00, real=0.02 secs] 
2018-10-15T09:25:53.072+0200: 29.658: Total time for which application threads were stopped: 0.0093557 seconds, Stopping threads took: 0.0000629 seconds
2018-10-15T09:25:53.072+0200: 29.658: [GC concurrent-cleanup-start]
2018-10-15T09:25:53.074+0200: 29.660: [GC concurrent-cleanup-end, 0.0019931 secs]
2018-10-15T09:25:53.172+0200: 29.758: Application time: 0.1000552 seconds
2018-10-15T09:25:53.173+0200: 29.759: [GC pause (G1 Evacuation Pause) (young)
Desired survivor size 216006656 bytes, new threshold 3 (max 15)
- age   1:   84942144 bytes,   84942144 total
- age   2:   75397368 bytes,  160339512 total
- age   3:   81401616 bytes,  241741128 total
, 0.0570146 secs]
   [Parallel Time: 54.0 ms, GC Workers: 30]
      [GC Worker Start (ms): Min: 29759.3, Avg: 29759.9, Max: 29760.5, Diff: 1.2]
      [Ext Root Scanning (ms): Min: 0.0, Avg: 0.3, Max: 1.7, Diff: 1.6, Sum: 9.5]
      [Update RS (ms): Min: 13.2, Avg: 14.2, Max: 15.1, Diff: 1.9, Sum: 425.1]
         [Processed Buffers: Min: 17, Avg: 22.4, Max: 40, Diff: 23, Sum: 672]
      [Scan RS (ms): Min: 1.9, Avg: 2.8, Max: 3.0, Diff: 1.1, Sum: 83.5]
      [Code Root Scanning (ms): Min: 0.0, Avg: 0.0, Max: 0.0, Diff: 0.0, Sum: 0.0]
      [Object Copy (ms): Min: 35.6, Avg: 35.8, Max: 35.9, Diff: 0.3, Sum: 1072.7]
      [Termination (ms): Min: 0.0, Avg: 0.1, Max: 0.2, Diff: 0.1, Sum: 2.3]
         [Termination Attempts: Min: 2, Avg: 5.2, Max: 9, Diff: 7, Sum: 155]
      [GC Worker Other (ms): Min: 0.0, Avg: 0.1, Max: 0.2, Diff: 0.2, Sum: 2.2]
      [GC Worker Total (ms): Min: 52.5, Avg: 53.2, Max: 53.8, Diff: 1.3, Sum: 1595.5]
      [GC Worker End (ms): Min: 29813.0, Avg: 29813.1, Max: 29813.2, Diff: 0.2]
   [Code Root Fixup: 0.0 ms]
   [Code Root Purge: 0.0 ms]
   [Clear CT: 0.6 ms]
   [Other: 2.3 ms]
      [Choose CSet: 0.0 ms]
      [Ref Proc: 0.5 ms]
      [Ref Enq: 0.0 ms]
      [Redirty Cards: 0.5 ms]
      [Humongous Register: 0.1 ms]
      [Humongous Reclaim: 0.0 ms]
      [Free CSet: 0.8 ms]
   [Eden: 3024.0M(3024.0M)->0.0B(144.0M) Survivors: 264.0M->264.0M Heap: 5764.0M(8192.0M)->2842.0M(8192.0M)]
 [Times: user=1.62 sys=0.00, real=0.05 secs] 
2018-10-15T09:25:53.230+0200: 29.816: Total time for which application threads were stopped: 0.0582575 seconds, Stopping threads took: 0.0004412 seconds
2018-10-15T09:25:53.246+0200: 29.832: Application time: 0.0160643 seconds
2018-10-15T09:25:53.247+0200: 29.833: [GC pause (G1 Evacuation Pause) (mixed)
Desired survivor size 27262976 bytes, new threshold 1 (max 15)
- age   1:   83916072 bytes,   83916072 total
- age   2:   80558648 bytes,  164474720 total
- age   3:   74667136 bytes,  239141856 total
, 0.0528402 secs]
   [Parallel Time: 49.0 ms, GC Workers: 30]
      [GC Worker Start (ms): Min: 29833.6, Avg: 29833.9, Max: 29834.5, Diff: 0.9]
      [Ext Root Scanning (ms): Min: 0.0, Avg: 0.4, Max: 1.7, Diff: 1.7, Sum: 10.9]
      [Update RS (ms): Min: 20.7, Avg: 21.7, Max: 22.6, Diff: 1.9, Sum: 650.4]
         [Processed Buffers: Min: 26, Avg: 34.1, Max: 50, Diff: 24, Sum: 1024]
      [Scan RS (ms): Min: 0.2, Avg: 1.0, Max: 1.3, Diff: 1.1, Sum: 30.6]
      [Code Root Scanning (ms): Min: 0.0, Avg: 0.0, Max: 0.1, Diff: 0.1, Sum: 0.3]
      [Object Copy (ms): Min: 25.3, Avg: 25.4, Max: 25.5, Diff: 0.3, Sum: 761.0]
      [Termination (ms): Min: 0.0, Avg: 0.0, Max: 0.0, Diff: 0.0, Sum: 0.3]
         [Termination Attempts: Min: 1, Avg: 1.5, Max: 2, Diff: 1, Sum: 44]
      [GC Worker Other (ms): Min: 0.0, Avg: 0.0, Max: 0.1, Diff: 0.1, Sum: 1.5]
      [GC Worker Total (ms): Min: 47.9, Avg: 48.5, Max: 48.9, Diff: 0.9, Sum: 1455.0]
      [GC Worker End (ms): Min: 29882.4, Avg: 29882.4, Max: 29882.5, Diff: 0.1]
   [Code Root Fixup: 0.0 ms]
   [Code Root Purge: 0.0 ms]
   [Clear CT: 0.5 ms]
   [Other: 3.3 ms]
      [Choose CSet: 0.2 ms]
      [Ref Proc: 0.5 ms]
      [Ref Enq: 0.0 ms]
      [Redirty Cards: 1.1 ms]
      [Humongous Register: 0.1 ms]
      [Humongous Reclaim: 0.0 ms]
      [Free CSet: 1.1 ms]
   [Eden: 144.0M(144.0M)->0.0B(356.0M) Survivors: 264.0M->52.0M Heap: 2986.0M(8192.0M)->2074.0M(8192.0M)]
 [Times: user=1.49 sys=0.00, real=0.05 secs] 
2018-10-15T09:25:53.300+0200: 29.886: Total time for which application threads were stopped: 0.0538651 seconds, Stopping threads took: 0.0004315 seconds
2018-10-15T09:25:53.352+0200: 29.938: Application time: 0.0520611 seconds
2018-10-15T09:25:53.353+0200: 29.939: [GC pause (G1 Evacuation Pause) (mixed)
Desired survivor size 27262976 bytes, new threshold 15 (max 15)
- age   1:    3919080 bytes,    3919080 total
, 0.0255471 secs]
   [Parallel Time: 22.2 ms, GC Workers: 30]
      [GC Worker Start (ms): Min: 29939.4, Avg: 29940.1, Max: 29940.7, Diff: 1.2]
      [Ext Root Scanning (ms): Min: 0.0, Avg: 0.3, Max: 1.5, Diff: 1.5, Sum: 7.8]
      [Update RS (ms): Min: 16.9, Avg: 17.5, Max: 17.9, Diff: 1.0, Sum: 524.5]
         [Processed Buffers: Min: 22, Avg: 29.2, Max: 38, Diff: 16, Sum: 875]
      [Scan RS (ms): Min: 0.6, Avg: 0.9, Max: 1.0, Diff: 0.4, Sum: 25.6]
      [Code Root Scanning (ms): Min: 0.0, Avg: 0.0, Max: 0.1, Diff: 0.1, Sum: 0.3]
      [Object Copy (ms): Min: 2.5, Avg: 2.6, Max: 2.7, Diff: 0.2, Sum: 78.6]
      [Termination (ms): Min: 0.0, Avg: 0.0, Max: 0.1, Diff: 0.0, Sum: 1.0]
         [Termination Attempts: Min: 2, Avg: 12.5, Max: 16, Diff: 14, Sum: 375]
      [GC Worker Other (ms): Min: 0.0, Avg: 0.1, Max: 0.1, Diff: 0.1, Sum: 2.1]
      [GC Worker Total (ms): Min: 20.7, Avg: 21.3, Max: 22.0, Diff: 1.3, Sum: 640.1]
      [GC Worker End (ms): Min: 29961.4, Avg: 29961.4, Max: 29961.5, Diff: 0.1]
   [Code Root Fixup: 0.0 ms]
   [Code Root Purge: 0.0 ms]
   [Clear CT: 0.6 ms]
   [Other: 2.6 ms]
      [Choose CSet: 0.2 ms]
      [Ref Proc: 0.4 ms]
      [Ref Enq: 0.0 ms]
      [Redirty Cards: 0.4 ms]
      [Humongous Register: 0.1 ms]
      [Humongous Reclaim: 0.0 ms]
      [Free CSet: 1.1 ms]
   [Eden: 356.0M(356.0M)->0.0B(4860.0M) Survivors: 52.0M->52.0M Heap: 2430.0M(8192.0M)->1322.0M(8192.0M)]
 [Times: user=0.64 sys=0.01, real=0.02 secs] 
2018-10-15T09:25:53.379+0200: 29.965: Total time for which application threads were stopped: 0.0264316 seconds, Stopping threads took: 0.0002625 seconds
2018-10-15T09:25:53.860+0200: 30.446: Application time: 0.4810027 seconds
2018-10-15T09:25:53.864+0200: 30.450: [GC pause (G1 Evacuation Pause) (young)
Desired survivor size 322961408 bytes, new threshold 15 (max 15)
- age   1:    9259552 bytes,    9259552 total
- age   2:    3213952 bytes,   12473504 total
, 0.0375107 secs]
   [Parallel Time: 33.8 ms, GC Workers: 30]
      [GC Worker Start (ms): Min: 30450.3, Avg: 30451.1, Max: 30451.8, Diff: 1.4]
      [Ext Root Scanning (ms): Min: 0.0, Avg: 0.3, Max: 1.7, Diff: 1.7, Sum: 8.2]
      [Update RS (ms): Min: 9.6, Avg: 10.5, Max: 11.0, Diff: 1.4, Sum: 314.7]
         [Processed Buffers: Min: 11, Avg: 13.9, Max: 20, Diff: 9, Sum: 416]
      [Scan RS (ms): Min: 0.0, Avg: 0.2, Max: 0.4, Diff: 0.4, Sum: 7.3]
      [Code Root Scanning (ms): Min: 0.0, Avg: 0.0, Max: 0.0, Diff: 0.0, Sum: 0.1]
      [Object Copy (ms): Min: 21.0, Avg: 21.5, Max: 21.6, Diff: 0.6, Sum: 645.7]
      [Termination (ms): Min: 0.0, Avg: 0.1, Max: 0.1, Diff: 0.1, Sum: 2.9]
         [Termination Attempts: Min: 2, Avg: 5.1, Max: 9, Diff: 7, Sum: 153]
      [GC Worker Other (ms): Min: 0.0, Avg: 0.1, Max: 0.2, Diff: 0.2, Sum: 3.0]
      [GC Worker Total (ms): Min: 32.0, Avg: 32.7, Max: 33.5, Diff: 1.5, Sum: 981.9]
      [GC Worker End (ms): Min: 30483.7, Avg: 30483.8, Max: 30483.9, Diff: 0.2]
   [Code Root Fixup: 0.0 ms]
   [Code Root Purge: 0.0 ms]
   [Clear CT: 0.9 ms]
   [Other: 2.8 ms]
      [Choose CSet: 0.0 ms]
      [Ref Proc: 0.5 ms]
      [Ref Enq: 0.0 ms]
      [Redirty Cards: 0.4 ms]
      [Humongous Register: 0.1 ms]
      [Humongous Reclaim: 0.0 ms]
      [Free CSet: 1.4 ms]
   [Eden: 4860.0M(4860.0M)->0.0B(4740.0M) Survivors: 52.0M->172.0M Heap: 6182.0M(8192.0M)->1440.5M(8192.0M)]
 [Times: user=1.00 sys=0.00, real=0.03 secs] 
2018-10-15T09:25:53.902+0200: 30.488: Total time for which application threads were stopped: 0.0418135 seconds, Stopping threads took: 0.0035859 seconds
2018-10-15T09:25:54.365+0200: 30.951: Application time: 0.4639388 seconds
2018-10-15T09:25:54.369+0200: 30.955: [GC pause (G1 Evacuation Pause) (young)
Desired survivor size 322961408 bytes, new threshold 15 (max 15)
- age   1:  137591536 bytes,  137591536 total
- age   2:    8625328 bytes,  146216864 total
- age   3:    3148480 bytes,  149365344 total
, 0.0525507 secs]
   [Parallel Time: 49.2 ms, GC Workers: 30]
      [GC Worker Start (ms): Min: 30955.2, Avg: 30955.9, Max: 30956.6, Diff: 1.3]
      [Ext Root Scanning (ms): Min: 0.0, Avg: 0.3, Max: 1.7, Diff: 1.7, Sum: 9.2]
      [Update RS (ms): Min: 9.5, Avg: 10.2, Max: 10.5, Diff: 1.0, Sum: 304.5]
         [Processed Buffers: Min: 11, Avg: 13.5, Max: 20, Diff: 9, Sum: 405]
      [Scan RS (ms): Min: 0.0, Avg: 0.2, Max: 0.3, Diff: 0.3, Sum: 5.2]
      [Code Root Scanning (ms): Min: 0.0, Avg: 0.0, Max: 0.0, Diff: 0.0, Sum: 0.1]
      [Object Copy (ms): Min: 37.1, Avg: 37.3, Max: 37.4, Diff: 0.3, Sum: 1119.4]
      [Termination (ms): Min: 0.0, Avg: 0.1, Max: 0.2, Diff: 0.1, Sum: 3.7]
         [Termination Attempts: Min: 1, Avg: 97.2, Max: 111, Diff: 110, Sum: 2917]
      [GC Worker Other (ms): Min: 0.0, Avg: 0.1, Max: 0.3, Diff: 0.2, Sum: 3.9]
      [GC Worker Total (ms): Min: 47.5, Avg: 48.2, Max: 49.0, Diff: 1.5, Sum: 1446.0]
      [GC Worker End (ms): Min: 31004.0, Avg: 31004.1, Max: 31004.3, Diff: 0.2]
   [Code Root Fixup: 0.0 ms]
   [Code Root Purge: 0.0 ms]
   [Clear CT: 0.8 ms]
   [Other: 2.5 ms]
      [Choose CSet: 0.0 ms]
      [Ref Proc: 0.4 ms]
      [Ref Enq: 0.0 ms]
      [Redirty Cards: 0.3 ms]
      [Humongous Register: 0.1 ms]
      [Humongous Reclaim: 0.0 ms]
      [Free CSet: 1.3 ms]
   [Eden: 4740.0M(4740.0M)->0.0B(4624.0M) Survivors: 172.0M->288.0M Heap: 6180.5M(8192.0M)->1556.5M(8192.0M)]
 [Times: user=1.46 sys=0.00, real=0.05 secs] 
2018-10-15T09:25:54.422+0200: 31.008: Total time for which application threads were stopped: 0.0561721 seconds, Stopping threads took: 0.0029596 seconds
2018-10-15T09:25:54.877+0200: 31.463: Application time: 0.4549609 seconds
2018-10-15T09:25:54.878+0200: 31.464: [GC pause (G1 Evacuation Pause) (young)
Desired survivor size 322961408 bytes, new threshold 15 (max 15)
- age   1:  126803872 bytes,  126803872 total
- age   2:  130928920 bytes,  257732792 total
- age   3:    8615680 bytes,  266348472 total
- age   4:    3137080 bytes,  269485552 total
, 0.0588016 secs]
   [Parallel Time: 55.5 ms, GC Workers: 30]
      [GC Worker Start (ms): Min: 31463.8, Avg: 31464.1, Max: 31464.6, Diff: 0.9]
      [Ext Root Scanning (ms): Min: 0.0, Avg: 0.4, Max: 1.8, Diff: 1.8, Sum: 11.9]
      [Update RS (ms): Min: 8.3, Avg: 9.4, Max: 9.9, Diff: 1.6, Sum: 281.9]
         [Processed Buffers: Min: 10, Avg: 13.5, Max: 19, Diff: 9, Sum: 404]
      [Scan RS (ms): Min: 0.0, Avg: 0.2, Max: 0.3, Diff: 0.3, Sum: 6.4]
      [Code Root Scanning (ms): Min: 0.0, Avg: 0.0, Max: 0.0, Diff: 0.0, Sum: 0.1]
      [Object Copy (ms): Min: 44.5, Avg: 44.7, Max: 44.8, Diff: 0.3, Sum: 1341.1]
      [Termination (ms): Min: 0.0, Avg: 0.0, Max: 0.0, Diff: 0.0, Sum: 0.2]
         [Termination Attempts: Min: 1, Avg: 1.2, Max: 3, Diff: 2, Sum: 36]
      [GC Worker Other (ms): Min: 0.0, Avg: 0.1, Max: 0.3, Diff: 0.2, Sum: 4.0]
      [GC Worker Total (ms): Min: 54.3, Avg: 54.9, Max: 55.3, Diff: 1.0, Sum: 1645.6]
      [GC Worker End (ms): Min: 31518.9, Avg: 31519.0, Max: 31519.1, Diff: 0.2]
   [Code Root Fixup: 0.0 ms]
   [Code Root Purge: 0.0 ms]
   [Clear CT: 0.8 ms]
   [Other: 2.5 ms]
      [Choose CSet: 0.0 ms]
      [Ref Proc: 0.4 ms]
      [Ref Enq: 0.0 ms]
      [Redirty Cards: 0.3 ms]
      [Humongous Register: 0.1 ms]
      [Humongous Reclaim: 0.0 ms]
      [Free CSet: 1.2 ms]
   [Eden: 4624.0M(4624.0M)->0.0B(4512.0M) Survivors: 288.0M->400.0M Heap: 6180.5M(8192.0M)->1668.0M(8192.0M)]
 [Times: user=1.66 sys=0.00, real=0.06 secs] 
2018-10-15T09:25:54.937+0200: 31.523: Total time for which application threads were stopped: 0.0599455 seconds, Stopping threads took: 0.0005239 seconds
2018-10-15T09:25:55.373+0200: 31.959: Application time: 0.4363737 seconds
2018-10-15T09:25:55.374+0200: 31.960: [GC pause (G1 Evacuation Pause) (young)
Desired survivor size 322961408 bytes, new threshold 3 (max 15)
- age   1:  119222064 bytes,  119222064 total
- age   2:  120684832 bytes,  239906896 total
- age   3:  130002952 bytes,  369909848 total
- age   4:    8612000 bytes,  378521848 total
- age   5:    3134968 bytes,  381656816 total
, 0.0685738 secs]
   [Parallel Time: 64.9 ms, GC Workers: 30]
      [GC Worker Start (ms): Min: 31960.1, Avg: 31960.4, Max: 31960.9, Diff: 0.8]
      [Ext Root Scanning (ms): Min: 0.0, Avg: 0.4, Max: 1.8, Diff: 1.8, Sum: 11.6]
      [Update RS (ms): Min: 9.1, Avg: 10.1, Max: 10.5, Diff: 1.4, Sum: 303.3]
         [Processed Buffers: Min: 10, Avg: 13.2, Max: 21, Diff: 11, Sum: 396]
      [Scan RS (ms): Min: 0.0, Avg: 0.2, Max: 0.3, Diff: 0.3, Sum: 7.3]
      [Code Root Scanning (ms): Min: 0.0, Avg: 0.0, Max: 0.0, Diff: 0.0, Sum: 0.1]
      [Object Copy (ms): Min: 53.4, Avg: 53.5, Max: 53.6, Diff: 0.2, Sum: 1604.5]
      [Termination (ms): Min: 0.0, Avg: 0.0, Max: 0.0, Diff: 0.0, Sum: 0.1]
         [Termination Attempts: Min: 1, Avg: 1.0, Max: 1, Diff: 0, Sum: 30]
      [GC Worker Other (ms): Min: 0.0, Avg: 0.1, Max: 0.3, Diff: 0.3, Sum: 4.4]
      [GC Worker Total (ms): Min: 63.8, Avg: 64.4, Max: 64.7, Diff: 0.9, Sum: 1931.3]
      [GC Worker End (ms): Min: 32024.7, Avg: 32024.8, Max: 32024.9, Diff: 0.3]
   [Code Root Fixup: 0.0 ms]
   [Code Root Purge: 0.0 ms]
   [Clear CT: 0.8 ms]
   [Other: 2.8 ms]
      [Choose CSet: 0.0 ms]
      [Ref Proc: 0.4 ms]
      [Ref Enq: 0.0 ms]
      [Redirty Cards: 0.7 ms]
      [Humongous Register: 0.1 ms]
      [Humongous Reclaim: 0.0 ms]
      [Free CSet: 1.3 ms]
   [Eden: 4512.0M(4512.0M)->0.0B(4544.0M) Survivors: 400.0M->368.0M Heap: 6180.0M(8192.0M)->1774.7M(8192.0M)]
 [Times: user=1.96 sys=0.00, real=0.06 secs] 
2018-10-15T09:25:55.443+0200: 32.029: Total time for which application threads were stopped: 0.0697569 seconds, Stopping threads took: 0.0005226 seconds
2018-10-15T09:25:55.896+0200: 32.482: Application time: 0.4529132 seconds
2018-10-15T09:25:55.900+0200: 32.486: [GC pause (G1 Evacuation Pause) (young)
Desired survivor size 322961408 bytes, new threshold 3 (max 15)
- age   1:  116432184 bytes,  116432184 total
- age   2:  111658856 bytes,  228091040 total
- age   3:  118776488 bytes,  346867528 total
, 0.0719985 secs]
   [Parallel Time: 68.0 ms, GC Workers: 30]
      [GC Worker Start (ms): Min: 32486.6, Avg: 32487.3, Max: 32487.9, Diff: 1.3]
      [Ext Root Scanning (ms): Min: 0.0, Avg: 0.3, Max: 1.7, Diff: 1.7, Sum: 9.0]
      [Update RS (ms): Min: 18.5, Avg: 19.2, Max: 19.7, Diff: 1.2, Sum: 575.1]
         [Processed Buffers: Min: 21, Avg: 24.1, Max: 32, Diff: 11, Sum: 723]
      [Scan RS (ms): Min: 2.5, Avg: 2.9, Max: 3.0, Diff: 0.6, Sum: 87.2]
      [Code Root Scanning (ms): Min: 0.0, Avg: 0.0, Max: 0.0, Diff: 0.0, Sum: 0.0]
      [Object Copy (ms): Min: 44.4, Avg: 44.5, Max: 44.6, Diff: 0.2, Sum: 1334.5]
      [Termination (ms): Min: 0.0, Avg: 0.0, Max: 0.0, Diff: 0.0, Sum: 0.2]
         [Termination Attempts: Min: 1, Avg: 1.1, Max: 2, Diff: 1, Sum: 32]
      [GC Worker Other (ms): Min: 0.0, Avg: 0.1, Max: 0.3, Diff: 0.2, Sum: 4.1]
      [GC Worker Total (ms): Min: 66.4, Avg: 67.0, Max: 67.8, Diff: 1.5, Sum: 2010.2]
      [GC Worker End (ms): Min: 32554.2, Avg: 32554.3, Max: 32554.4, Diff: 0.2]
   [Code Root Fixup: 0.0 ms]
   [Code Root Purge: 0.0 ms]
   [Clear CT: 0.8 ms]
   [Other: 3.1 ms]
      [Choose CSet: 0.0 ms]
      [Ref Proc: 0.4 ms]
      [Ref Enq: 0.0 ms]
      [Redirty Cards: 0.8 ms]
      [Humongous Register: 0.1 ms]
      [Humongous Reclaim: 0.0 ms]
      [Free CSet: 1.4 ms]
   [Eden: 4544.0M(4544.0M)->0.0B(4568.0M) Survivors: 368.0M->344.0M Heap: 6318.7M(8192.0M)->1898.0M(8192.0M)]
 [Times: user=2.04 sys=0.01, real=0.08 secs] 
2018-10-15T09:25:55.972+0200: 32.558: Total time for which application threads were stopped: 0.0768677 seconds, Stopping threads took: 0.0042485 seconds
2018-10-15T09:25:56.447+0200: 33.033: Application time: 0.4741568 seconds
2018-10-15T09:25:56.448+0200: 33.034: [GC pause (G1 Evacuation Pause) (young)
Desired survivor size 322961408 bytes, new threshold 15 (max 15)
- age   1:  100268928 bytes,  100268928 total
- age   2:  107918776 bytes,  208187704 total
- age   3:  110477344 bytes,  318665048 total
, 0.0787466 secs]
   [Parallel Time: 74.8 ms, GC Workers: 30]
      [GC Worker Start (ms): Min: 33034.0, Avg: 33034.6, Max: 33035.2, Diff: 1.3]
      [Ext Root Scanning (ms): Min: 0.0, Avg: 0.3, Max: 1.7, Diff: 1.7, Sum: 7.9]
      [Update RS (ms): Min: 18.7, Avg: 19.5, Max: 20.0, Diff: 1.3, Sum: 584.9]
         [Processed Buffers: Min: 21, Avg: 26.4, Max: 38, Diff: 17, Sum: 793]
      [Scan RS (ms): Min: 1.8, Avg: 2.1, Max: 2.3, Diff: 0.4, Sum: 64.4]
      [Code Root Scanning (ms): Min: 0.0, Avg: 0.0, Max: 0.0, Diff: 0.0, Sum: 0.0]
      [Object Copy (ms): Min: 51.4, Avg: 51.5, Max: 51.8, Diff: 0.4, Sum: 1546.3]
      [Termination (ms): Min: 0.0, Avg: 0.3, Max: 0.4, Diff: 0.4, Sum: 9.6]
         [Termination Attempts: Min: 1, Avg: 182.6, Max: 204, Diff: 203, Sum: 5479]
      [GC Worker Other (ms): Min: 0.0, Avg: 0.1, Max: 0.3, Diff: 0.3, Sum: 4.5]
      [GC Worker Total (ms): Min: 73.2, Avg: 73.9, Max: 74.6, Diff: 1.4, Sum: 2217.6]
      [GC Worker End (ms): Min: 33108.4, Avg: 33108.5, Max: 33108.6, Diff: 0.3]
   [Code Root Fixup: 0.0 ms]
   [Code Root Purge: 0.0 ms]
   [Clear CT: 0.7 ms]
   [Other: 3.2 ms]
      [Choose CSet: 0.0 ms]
      [Ref Proc: 0.5 ms]
      [Ref Enq: 0.0 ms]
      [Redirty Cards: 0.3 ms]
      [Humongous Register: 0.1 ms]
      [Humongous Reclaim: 0.0 ms]
      [Free CSet: 1.7 ms]
   [Eden: 4568.0M(4568.0M)->0.0B(4472.0M) Survivors: 344.0M->440.0M Heap: 6466.0M(8192.0M)->1992.8M(8192.0M)]
 [Times: user=2.24 sys=0.00, real=0.08 secs] 
2018-10-15T09:25:56.527+0200: 33.113: Total time for which application threads were stopped: 0.0800096 seconds, Stopping threads took: 0.0005098 seconds
2018-10-15T09:25:56.962+0200: 33.548: Application time: 0.4355492 seconds
2018-10-15T09:25:56.963+0200: 33.549: [GC pause (G1 Evacuation Pause) (young)
Desired survivor size 322961408 bytes, new threshold 4 (max 15)
- age   1:  117448544 bytes,  117448544 total
- age   2:   95016016 bytes,  212464560 total
- age   3:  107149472 bytes,  319614032 total
- age   4:  110207368 bytes,  429821400 total
, 0.0666210 secs]
   [Parallel Time: 62.8 ms, GC Workers: 30]
      [GC Worker Start (ms): Min: 33549.5, Avg: 33549.7, Max: 33550.0, Diff: 0.5]
      [Ext Root Scanning (ms): Min: 0.1, Avg: 0.5, Max: 1.7, Diff: 1.6, Sum: 13.9]
      [Update RS (ms): Min: 7.2, Avg: 8.4, Max: 8.8, Diff: 1.6, Sum: 251.0]
         [Processed Buffers: Min: 10, Avg: 12.4, Max: 19, Diff: 9, Sum: 372]
      [Scan RS (ms): Min: 0.0, Avg: 0.2, Max: 0.4, Diff: 0.3, Sum: 7.0]
      [Code Root Scanning (ms): Min: 0.0, Avg: 0.0, Max: 0.0, Diff: 0.0, Sum: 0.1]
      [Object Copy (ms): Min: 52.8, Avg: 53.0, Max: 53.2, Diff: 0.3, Sum: 1590.3]
      [Termination (ms): Min: 0.0, Avg: 0.1, Max: 0.3, Diff: 0.2, Sum: 3.1]
         [Termination Attempts: Min: 1, Avg: 4.7, Max: 11, Diff: 10, Sum: 140]
      [GC Worker Other (ms): Min: 0.0, Avg: 0.1, Max: 0.3, Diff: 0.2, Sum: 3.9]
      [GC Worker Total (ms): Min: 61.9, Avg: 62.3, Max: 62.6, Diff: 0.7, Sum: 1869.2]
      [GC Worker End (ms): Min: 33611.8, Avg: 33612.0, Max: 33612.1, Diff: 0.3]
   [Code Root Fixup: 0.0 ms]
   [Code Root Purge: 0.0 ms]
   [Clear CT: 0.8 ms]
   [Other: 3.0 ms]
      [Choose CSet: 0.0 ms]
      [Ref Proc: 0.4 ms]
      [Ref Enq: 0.0 ms]
      [Redirty Cards: 0.7 ms]
      [Humongous Register: 0.1 ms]
      [Humongous Reclaim: 0.0 ms]
      [Free CSet: 1.3 ms]
   [Eden: 4472.0M(4472.0M)->0.0B(4492.0M) Survivors: 440.0M->420.0M Heap: 6464.8M(8192.0M)->2101.8M(8192.0M)]
 [Times: user=1.90 sys=0.01, real=0.07 secs] 
2018-10-15T09:25:57.030+0200: 33.616: Total time for which application threads were stopped: 0.0678043 seconds, Stopping threads took: 0.0005416 seconds
2018-10-15T09:25:57.455+0200: 34.041: Application time: 0.4254328 seconds
2018-10-15T09:25:57.456+0200: 34.042: [GC pause (G1 Evacuation Pause) (young)
Desired survivor size 322961408 bytes, new threshold 4 (max 15)
- age   1:  107964312 bytes,  107964312 total
- age   2:  104536152 bytes,  212500464 total
- age   3:   87339968 bytes,  299840432 total
- age   4:   99499576 bytes,  399340008 total
, 0.0867744 secs]
   [Parallel Time: 83.2 ms, GC Workers: 30]
      [GC Worker Start (ms): Min: 34042.7, Avg: 34042.8, Max: 34042.9, Diff: 0.3]
      [Ext Root Scanning (ms): Min: 0.3, Avg: 0.5, Max: 1.7, Diff: 1.4, Sum: 13.8]
      [Update RS (ms): Min: 27.7, Avg: 28.9, Max: 30.1, Diff: 2.4, Sum: 868.0]
         [Processed Buffers: Min: 32, Avg: 38.7, Max: 50, Diff: 18, Sum: 1161]
      [Scan RS (ms): Min: 0.0, Avg: 0.2, Max: 0.3, Diff: 0.3, Sum: 5.8]
      [Code Root Scanning (ms): Min: 0.0, Avg: 0.0, Max: 0.0, Diff: 0.0, Sum: 0.0]
      [Object Copy (ms): Min: 52.0, Avg: 53.1, Max: 53.3, Diff: 1.2, Sum: 1591.7]
      [Termination (ms): Min: 0.0, Avg: 0.0, Max: 0.1, Diff: 0.0, Sum: 1.0]
         [Termination Attempts: Min: 1, Avg: 16.4, Max: 23, Diff: 22, Sum: 492]
      [GC Worker Other (ms): Min: 0.0, Avg: 0.1, Max: 0.2, Diff: 0.2, Sum: 3.8]
      [GC Worker Total (ms): Min: 82.6, Avg: 82.8, Max: 83.0, Diff: 0.4, Sum: 2484.2]
      [GC Worker End (ms): Min: 34125.5, Avg: 34125.6, Max: 34125.7, Diff: 0.2]
   [Code Root Fixup: 0.0 ms]
   [Code Root Purge: 0.0 ms]
   [Clear CT: 0.8 ms]
   [Other: 2.8 ms]
      [Choose CSet: 0.0 ms]
      [Ref Proc: 0.4 ms]
      [Ref Enq: 0.0 ms]
      [Redirty Cards: 0.7 ms]
      [Humongous Register: 0.1 ms]
      [Humongous Reclaim: 0.0 ms]
      [Free CSet: 1.2 ms]
   [Eden: 4492.0M(4492.0M)->0.0B(4488.0M) Survivors: 420.0M->424.0M Heap: 6593.8M(8192.0M)->2236.0M(8192.0M)]
 [Times: user=2.50 sys=0.01, real=0.08 secs] 
2018-10-15T09:25:57.543+0200: 34.129: Total time for which application threads were stopped: 0.0879515 seconds, Stopping threads took: 0.0005055 seconds
2018-10-15T09:25:57.981+0200: 34.567: Application time: 0.4372614 seconds
2018-10-15T09:25:57.982+0200: 34.568: [GC pause (G1 Evacuation Pause) (young)
Desired survivor size 322961408 bytes, new threshold 4 (max 15)
- age   1:  108338736 bytes,  108338736 total
- age   2:   99931536 bytes,  208270272 total
- age   3:  102672648 bytes,  310942920 total
- age   4:   87297776 bytes,  398240696 total
, 0.0806329 secs]
   [Parallel Time: 76.9 ms, GC Workers: 30]
      [GC Worker Start (ms): Min: 34567.9, Avg: 34568.2, Max: 34568.7, Diff: 0.7]
      [Ext Root Scanning (ms): Min: 0.0, Avg: 0.4, Max: 1.8, Diff: 1.8, Sum: 12.5]
      [Update RS (ms): Min: 26.9, Avg: 27.9, Max: 28.3, Diff: 1.4, Sum: 837.1]
         [Processed Buffers: Min: 31, Avg: 36.6, Max: 48, Diff: 17, Sum: 1097]
      [Scan RS (ms): Min: 0.0, Avg: 0.2, Max: 0.3, Diff: 0.3, Sum: 5.2]
      [Code Root Scanning (ms): Min: 0.0, Avg: 0.0, Max: 0.0, Diff: 0.0, Sum: 0.0]
      [Object Copy (ms): Min: 47.7, Avg: 47.8, Max: 48.0, Diff: 0.3, Sum: 1435.1]
      [Termination (ms): Min: 0.0, Avg: 0.0, Max: 0.0, Diff: 0.0, Sum: 0.1]
         [Termination Attempts: Min: 1, Avg: 1.0, Max: 1, Diff: 0, Sum: 30]
      [GC Worker Other (ms): Min: 0.0, Avg: 0.1, Max: 0.2, Diff: 0.2, Sum: 3.7]
      [GC Worker Total (ms): Min: 75.9, Avg: 76.5, Max: 76.8, Diff: 0.9, Sum: 2293.8]
      [GC Worker End (ms): Min: 34644.5, Avg: 34644.6, Max: 34644.8, Diff: 0.2]
   [Code Root Fixup: 0.0 ms]
   [Code Root Purge: 0.0 ms]
   [Clear CT: 0.8 ms]
   [Other: 2.9 ms]
      [Choose CSet: 0.0 ms]
      [Ref Proc: 0.4 ms]
      [Ref Enq: 0.0 ms]
      [Redirty Cards: 0.7 ms]
      [Humongous Register: 0.1 ms]
      [Humongous Reclaim: 0.0 ms]
      [Free CSet: 1.2 ms]
   [Eden: 4488.0M(4488.0M)->0.0B(4504.0M) Survivors: 424.0M->408.0M Heap: 6724.0M(8192.0M)->2334.0M(8192.0M)]
 [Times: user=2.32 sys=0.00, real=0.08 secs] 
2018-10-15T09:25:58.062+0200: 34.648: Total time for which application threads were stopped: 0.0818093 seconds, Stopping threads took: 0.0005194 seconds
2018-10-15T09:25:58.504+0200: 35.090: Application time: 0.4413966 seconds
2018-10-15T09:25:58.505+0200: 35.091: [GC pause (G1 Evacuation Pause) (young)
Desired survivor size 322961408 bytes, new threshold 4 (max 15)
- age   1:   98882352 bytes,   98882352 total
- age   2:   96989440 bytes,  195871792 total
- age   3:   95934952 bytes,  291806744 total
- age   4:   98394336 bytes,  390201080 total
, 0.0802355 secs]
   [Parallel Time: 76.5 ms, GC Workers: 30]
      [GC Worker Start (ms): Min: 35091.2, Avg: 35091.5, Max: 35092.0, Diff: 0.8]
      [Ext Root Scanning (ms): Min: 0.0, Avg: 0.4, Max: 1.7, Diff: 1.7, Sum: 11.9]
      [Update RS (ms): Min: 25.2, Avg: 26.1, Max: 26.6, Diff: 1.4, Sum: 784.3]
         [Processed Buffers: Min: 29, Avg: 34.5, Max: 45, Diff: 16, Sum: 1035]
      [Scan RS (ms): Min: 0.0, Avg: 0.2, Max: 0.3, Diff: 0.3, Sum: 5.8]
      [Code Root Scanning (ms): Min: 0.0, Avg: 0.0, Max: 0.0, Diff: 0.0, Sum: 0.0]
      [Object Copy (ms): Min: 48.8, Avg: 49.0, Max: 49.1, Diff: 0.3, Sum: 1470.6]
      [Termination (ms): Min: 0.0, Avg: 0.0, Max: 0.0, Diff: 0.0, Sum: 0.2]
         [Termination Attempts: Min: 1, Avg: 1.0, Max: 1, Diff: 0, Sum: 30]
      [GC Worker Other (ms): Min: 0.0, Avg: 0.1, Max: 0.2, Diff: 0.2, Sum: 3.8]
      [GC Worker Total (ms): Min: 75.4, Avg: 75.9, Max: 76.3, Diff: 0.9, Sum: 2276.6]
      [GC Worker End (ms): Min: 35167.3, Avg: 35167.4, Max: 35167.5, Diff: 0.2]
   [Code Root Fixup: 0.0 ms]
   [Code Root Purge: 0.0 ms]
   [Clear CT: 0.8 ms]
   [Other: 3.0 ms]
      [Choose CSet: 0.0 ms]
      [Ref Proc: 0.4 ms]
      [Ref Enq: 0.0 ms]
      [Redirty Cards: 0.7 ms]
      [Humongous Register: 0.1 ms]
      [Humongous Reclaim: 0.0 ms]
      [Free CSet: 1.3 ms]
   [Eden: 4504.0M(4504.0M)->0.0B(4464.0M) Survivors: 408.0M->412.0M Heap: 6838.0M(8192.0M)->2466.0M(8192.0M)]
 [Times: user=2.30 sys=0.00, real=0.08 secs] 
2018-10-15T09:25:58.585+0200: 35.171: Total time for which application threads were stopped: 0.0814142 seconds, Stopping threads took: 0.0005136 seconds
2018-10-15T09:25:59.042+0200: 35.628: Application time: 0.4568073 seconds
2018-10-15T09:25:59.043+0200: 35.629: [GC pause (G1 Evacuation Pause) (young)
Desired survivor size 320864256 bytes, new threshold 4 (max 15)
- age   1:  114640912 bytes,  114640912 total
- age   2:   91385768 bytes,  206026680 total
- age   3:   92723608 bytes,  298750288 total
- age   4:   91729608 bytes,  390479896 total
, 0.0716676 secs]
   [Parallel Time: 68.3 ms, GC Workers: 30]
      [GC Worker Start (ms): Min: 35629.4, Avg: 35629.8, Max: 35630.2, Diff: 0.9]
      [Ext Root Scanning (ms): Min: 0.0, Avg: 0.4, Max: 1.8, Diff: 1.8, Sum: 10.6]
      [Update RS (ms): Min: 15.5, Avg: 16.4, Max: 16.8, Diff: 1.3, Sum: 492.5]
         [Processed Buffers: Min: 17, Avg: 21.3, Max: 31, Diff: 14, Sum: 638]
      [Scan RS (ms): Min: 0.8, Avg: 1.1, Max: 1.3, Diff: 0.5, Sum: 31.9]
      [Code Root Scanning (ms): Min: 0.0, Avg: 0.0, Max: 0.0, Diff: 0.0, Sum: 0.0]
      [Object Copy (ms): Min: 49.5, Avg: 49.7, Max: 49.8, Diff: 0.3, Sum: 1490.7]
      [Termination (ms): Min: 0.0, Avg: 0.0, Max: 0.0, Diff: 0.0, Sum: 0.4]
         [Termination Attempts: Min: 1, Avg: 5.4, Max: 11, Diff: 10, Sum: 162]
      [GC Worker Other (ms): Min: 0.0, Avg: 0.1, Max: 0.3, Diff: 0.3, Sum: 4.1]
      [GC Worker Total (ms): Min: 67.1, Avg: 67.7, Max: 68.1, Diff: 1.0, Sum: 2030.3]
      [GC Worker End (ms): Min: 35697.3, Avg: 35697.4, Max: 35697.6, Diff: 0.2]
   [Code Root Fixup: 0.0 ms]
   [Code Root Purge: 0.0 ms]
   [Clear CT: 0.7 ms]
   [Other: 2.7 ms]
      [Choose CSet: 0.0 ms]
      [Ref Proc: 0.3 ms]
      [Ref Enq: 0.0 ms]
      [Redirty Cards: 0.5 ms]
      [Humongous Register: 0.1 ms]
      [Humongous Reclaim: 0.0 ms]
      [Free CSet: 1.3 ms]
   [Eden: 4464.0M(4464.0M)->0.0B(4372.0M) Survivors: 412.0M->400.0M Heap: 6930.0M(8192.0M)->2568.0M(8192.0M)]
 [Times: user=2.05 sys=0.01, real=0.08 secs] 
2018-10-15T09:25:59.115+0200: 35.701: Total time for which application threads were stopped: 0.0728051 seconds, Stopping threads took: 0.0005095 seconds
2018-10-15T09:25:59.545+0200: 36.131: Application time: 0.4300197 seconds
2018-10-15T09:25:59.546+0200: 36.132: [GC pause (G1 Evacuation Pause) (young)
Desired survivor size 314572800 bytes, new threshold 4 (max 15)
- age   1:  111895008 bytes,  111895008 total
- age   2:  104118400 bytes,  216013408 total
- age   3:   87048640 bytes,  303062048 total
- age   4:   83952544 bytes,  387014592 total
, 0.0787056 secs]
   [Parallel Time: 74.6 ms, GC Workers: 30]
      [GC Worker Start (ms): Min: 36132.2, Avg: 36132.5, Max: 36133.0, Diff: 0.8]
      [Ext Root Scanning (ms): Min: 0.0, Avg: 0.4, Max: 1.8, Diff: 1.8, Sum: 11.7]
      [Update RS (ms): Min: 23.2, Avg: 24.4, Max: 24.8, Diff: 1.6, Sum: 732.9]
         [Processed Buffers: Min: 23, Avg: 31.4, Max: 40, Diff: 17, Sum: 942]
      [Scan RS (ms): Min: 0.0, Avg: 0.2, Max: 0.3, Diff: 0.3, Sum: 4.9]
      [Code Root Scanning (ms): Min: 0.0, Avg: 0.0, Max: 0.0, Diff: 0.0, Sum: 0.0]
      [Object Copy (ms): Min: 48.5, Avg: 48.8, Max: 48.9, Diff: 0.4, Sum: 1464.6]
      [Termination (ms): Min: 0.0, Avg: 0.0, Max: 0.0, Diff: 0.0, Sum: 0.3]
         [Termination Attempts: Min: 1, Avg: 1.3, Max: 2, Diff: 1, Sum: 40]
      [GC Worker Other (ms): Min: 0.0, Avg: 0.1, Max: 0.3, Diff: 0.3, Sum: 4.5]
      [GC Worker Total (ms): Min: 73.4, Avg: 74.0, Max: 74.3, Diff: 0.9, Sum: 2218.8]
      [GC Worker End (ms): Min: 36206.3, Avg: 36206.4, Max: 36206.6, Diff: 0.2]
   [Code Root Fixup: 0.0 ms]
   [Code Root Purge: 0.0 ms]
   [Clear CT: 0.7 ms]
   [Other: 3.5 ms]
      [Choose CSet: 0.0 ms]
      [Ref Proc: 0.4 ms]
      [Ref Enq: 0.0 ms]
      [Redirty Cards: 0.6 ms]
      [Humongous Register: 0.1 ms]
      [Humongous Reclaim: 0.1 ms]
      [Free CSet: 1.8 ms]
   [Eden: 4372.0M(4372.0M)->0.0B(4232.0M) Survivors: 400.0M->416.0M Heap: 6940.0M(8192.0M)->2694.0M(8192.0M)]
 [Times: user=2.24 sys=0.00, real=0.08 secs] 
2018-10-15T09:25:59.625+0200: 36.211: Total time for which application threads were stopped: 0.0799770 seconds, Stopping threads took: 0.0005142 seconds
2018-10-15T09:26:00.053+0200: 36.639: Application time: 0.4284941 seconds
2018-10-15T09:26:00.054+0200: 36.640: [GC pause (G1 Evacuation Pause) (young)
Desired survivor size 306184192 bytes, new threshold 3 (max 15)
- age   1:  104652512 bytes,  104652512 total
- age   2:  103690352 bytes,  208342864 total
- age   3:  103011144 bytes,  311354008 total
- age   4:   86571944 bytes,  397925952 total
, 0.0723764 secs]
   [Parallel Time: 68.5 ms, GC Workers: 30]
      [GC Worker Start (ms): Min: 36640.8, Avg: 36641.5, Max: 36642.0, Diff: 1.2]
      [Ext Root Scanning (ms): Min: 0.0, Avg: 0.3, Max: 1.8, Diff: 1.8, Sum: 10.3]
      [Update RS (ms): Min: 15.9, Avg: 16.7, Max: 17.0, Diff: 1.1, Sum: 501.2]
         [Processed Buffers: Min: 16, Avg: 20.9, Max: 28, Diff: 12, Sum: 627]
      [Scan RS (ms): Min: 0.8, Avg: 1.0, Max: 1.2, Diff: 0.4, Sum: 31.0]
      [Code Root Scanning (ms): Min: 0.0, Avg: 0.0, Max: 0.0, Diff: 0.0, Sum: 0.0]
      [Object Copy (ms): Min: 49.2, Avg: 49.3, Max: 49.4, Diff: 0.1, Sum: 1479.1]
      [Termination (ms): Min: 0.0, Avg: 0.0, Max: 0.1, Diff: 0.1, Sum: 1.3]
         [Termination Attempts: Min: 1, Avg: 3.7, Max: 6, Diff: 5, Sum: 110]
      [GC Worker Other (ms): Min: 0.0, Avg: 0.1, Max: 0.3, Diff: 0.2, Sum: 3.9]
      [GC Worker Total (ms): Min: 67.0, Avg: 67.6, Max: 68.1, Diff: 1.2, Sum: 2026.9]
      [GC Worker End (ms): Min: 36708.9, Avg: 36709.0, Max: 36709.1, Diff: 0.2]
   [Code Root Fixup: 0.0 ms]
   [Code Root Purge: 0.0 ms]
   [Clear CT: 0.7 ms]
   [Other: 3.2 ms]
      [Choose CSet: 0.0 ms]
      [Ref Proc: 0.5 ms]
      [Ref Enq: 0.0 ms]
      [Redirty Cards: 0.9 ms]
      [Humongous Register: 0.1 ms]
      [Humongous Reclaim: 0.0 ms]
      [Free CSet: 1.3 ms]
   [Eden: 4232.0M(4232.0M)->0.0B(4220.0M) Survivors: 416.0M->320.0M Heap: 6926.0M(8192.0M)->2802.0M(8192.0M)]
 [Times: user=2.06 sys=0.00, real=0.07 secs] 
2018-10-15T09:26:00.127+0200: 36.713: Total time for which application threads were stopped: 0.0735662 seconds, Stopping threads took: 0.0005171 seconds
2018-10-15T09:26:00.561+0200: 37.147: Application time: 0.4336128 seconds
2018-10-15T09:26:00.562+0200: 37.148: [GC pause (G1 Evacuation Pause) (young)
Desired survivor size 297795584 bytes, new threshold 15 (max 15)
- age   1:  103064064 bytes,  103064064 total
- age   2:   93564112 bytes,  196628176 total
- age   3:   99136040 bytes,  295764216 total
, 0.0672429 secs]
   [Parallel Time: 63.8 ms, GC Workers: 30]
      [GC Worker Start (ms): Min: 37147.9, Avg: 37148.3, Max: 37148.8, Diff: 0.9]
      [Ext Root Scanning (ms): Min: 0.0, Avg: 0.4, Max: 1.8, Diff: 1.8, Sum: 11.9]
      [Update RS (ms): Min: 17.6, Avg: 18.5, Max: 19.2, Diff: 1.5, Sum: 556.1]
         [Processed Buffers: Min: 18, Avg: 23.0, Max: 35, Diff: 17, Sum: 691]
      [Scan RS (ms): Min: 2.2, Avg: 2.8, Max: 3.0, Diff: 0.8, Sum: 82.9]
      [Code Root Scanning (ms): Min: 0.0, Avg: 0.0, Max: 0.0, Diff: 0.0, Sum: 0.1]
      [Object Copy (ms): Min: 41.2, Avg: 41.3, Max: 41.4, Diff: 0.2, Sum: 1237.6]
      [Termination (ms): Min: 0.0, Avg: 0.0, Max: 0.1, Diff: 0.1, Sum: 0.5]
         [Termination Attempts: Min: 1, Avg: 2.5, Max: 4, Diff: 3, Sum: 76]
      [GC Worker Other (ms): Min: 0.0, Avg: 0.1, Max: 0.3, Diff: 0.3, Sum: 3.9]
      [GC Worker Total (ms): Min: 62.5, Avg: 63.1, Max: 63.6, Diff: 1.0, Sum: 1893.0]
      [GC Worker End (ms): Min: 37211.2, Avg: 37211.4, Max: 37211.5, Diff: 0.2]
   [Code Root Fixup: 0.0 ms]
   [Code Root Purge: 0.0 ms]
   [Clear CT: 0.8 ms]
   [Other: 2.6 ms]
      [Choose CSet: 0.0 ms]
      [Ref Proc: 0.5 ms]
      [Ref Enq: 0.0 ms]
      [Redirty Cards: 0.4 ms]
      [Humongous Register: 0.1 ms]
      [Humongous Reclaim: 0.0 ms]
      [Free CSet: 1.3 ms]
   [Eden: 4220.0M(4220.0M)->0.0B(4028.0M) Survivors: 320.0M->416.0M Heap: 7022.0M(8192.0M)->2900.0M(8192.0M)]
 [Times: user=1.91 sys=0.00, real=0.07 secs] 
2018-10-15T09:26:00.629+0200: 37.215: Total time for which application threads were stopped: 0.0684241 seconds, Stopping threads took: 0.0005266 seconds
2018-10-15T09:26:01.032+0200: 37.618: Application time: 0.4028885 seconds
2018-10-15T09:26:01.033+0200: 37.619: [GC pause (G1 Evacuation Pause) (young)
Desired survivor size 291504128 bytes, new threshold 3 (max 15)
- age   1:  115667608 bytes,  115667608 total
- age   2:   95382944 bytes,  211050552 total
- age   3:   92895896 bytes,  303946448 total
- age   4:   98858792 bytes,  402805240 total
, 0.0686454 secs]
   [Parallel Time: 64.9 ms, GC Workers: 30]
      [GC Worker Start (ms): Min: 37619.2, Avg: 37619.4, Max: 37619.6, Diff: 0.5]
      [Ext Root Scanning (ms): Min: 0.1, Avg: 0.5, Max: 1.6, Diff: 1.5, Sum: 13.8]
      [Update RS (ms): Min: 8.3, Avg: 9.3, Max: 9.6, Diff: 1.3, Sum: 279.6]
         [Processed Buffers: Min: 11, Avg: 14.1, Max: 20, Diff: 9, Sum: 422]
      [Scan RS (ms): Min: 0.0, Avg: 0.2, Max: 0.3, Diff: 0.3, Sum: 6.8]
      [Code Root Scanning (ms): Min: 0.0, Avg: 0.0, Max: 0.0, Diff: 0.0, Sum: 0.1]
      [Object Copy (ms): Min: 54.2, Avg: 54.3, Max: 54.5, Diff: 0.3, Sum: 1630.0]
      [Termination (ms): Min: 0.0, Avg: 0.1, Max: 0.2, Diff: 0.2, Sum: 2.3]
         [Termination Attempts: Min: 1, Avg: 4.9, Max: 8, Diff: 7, Sum: 148]
      [GC Worker Other (ms): Min: 0.0, Avg: 0.1, Max: 0.2, Diff: 0.2, Sum: 3.1]
      [GC Worker Total (ms): Min: 64.1, Avg: 64.5, Max: 64.7, Diff: 0.6, Sum: 1935.6]
      [GC Worker End (ms): Min: 37683.8, Avg: 37683.9, Max: 37684.0, Diff: 0.2]
   [Code Root Fixup: 0.0 ms]
   [Code Root Purge: 0.0 ms]
   [Clear CT: 0.7 ms]
   [Other: 3.0 ms]
      [Choose CSet: 0.0 ms]
      [Ref Proc: 0.4 ms]
      [Ref Enq: 0.0 ms]
      [Redirty Cards: 0.9 ms]
      [Humongous Register: 0.1 ms]
      [Humongous Reclaim: 0.1 ms]
      [Free CSet: 1.0 ms]
   [Eden: 4028.0M(4028.0M)->0.0B(3980.0M) Survivors: 416.0M->332.0M Heap: 6928.0M(8192.0M)->3028.5M(8192.0M)]
 [Times: user=1.96 sys=0.00, real=0.06 secs] 
2018-10-15T09:26:01.102+0200: 37.688: Total time for which application threads were stopped: 0.0698008 seconds, Stopping threads took: 0.0005095 seconds
2018-10-15T09:26:01.508+0200: 38.094: Application time: 0.4065527 seconds
2018-10-15T09:26:01.509+0200: 38.095: [GC pause (G1 Evacuation Pause) (young)
Desired survivor size 283115520 bytes, new threshold 3 (max 15)
- age   1:  106210480 bytes,  106210480 total
- age   2:  108965344 bytes,  215175824 total
- age   3:   95201600 bytes,  310377424 total
, 0.0704076 secs]
   [Parallel Time: 67.0 ms, GC Workers: 30]
      [GC Worker Start (ms): Min: 38095.6, Avg: 38095.8, Max: 38096.2, Diff: 0.6]
      [Ext Root Scanning (ms): Min: 0.0, Avg: 0.5, Max: 1.9, Diff: 1.9, Sum: 13.5]
      [Update RS (ms): Min: 18.6, Avg: 19.9, Max: 20.3, Diff: 1.7, Sum: 597.5]
         [Processed Buffers: Min: 20, Avg: 25.3, Max: 35, Diff: 15, Sum: 758]
      [Scan RS (ms): Min: 1.4, Avg: 1.8, Max: 2.1, Diff: 0.7, Sum: 53.0]
      [Code Root Scanning (ms): Min: 0.0, Avg: 0.0, Max: 0.0, Diff: 0.0, Sum: 0.1]
      [Object Copy (ms): Min: 44.0, Avg: 44.2, Max: 44.4, Diff: 0.4, Sum: 1327.2]
      [Termination (ms): Min: 0.0, Avg: 0.0, Max: 0.0, Diff: 0.0, Sum: 0.8]
         [Termination Attempts: Min: 1, Avg: 19.5, Max: 28, Diff: 27, Sum: 585]
      [GC Worker Other (ms): Min: 0.0, Avg: 0.1, Max: 0.3, Diff: 0.2, Sum: 3.8]
      [GC Worker Total (ms): Min: 66.1, Avg: 66.5, Max: 66.9, Diff: 0.8, Sum: 1995.9]
      [GC Worker End (ms): Min: 38162.2, Avg: 38162.3, Max: 38162.4, Diff: 0.2]
   [Code Root Fixup: 0.0 ms]
   [Code Root Purge: 0.0 ms]
   [Clear CT: 0.7 ms]
   [Other: 2.7 ms]
      [Choose CSet: 0.0 ms]
      [Ref Proc: 0.5 ms]
      [Ref Enq: 0.0 ms]
      [Redirty Cards: 0.6 ms]
      [Humongous Register: 0.1 ms]
      [Humongous Reclaim: 0.1 ms]
      [Free CSet: 1.0 ms]
   [Eden: 3980.0M(3980.0M)->0.0B(3848.0M) Survivors: 332.0M->336.0M Heap: 7008.5M(8192.0M)->3158.0M(8192.0M)]
 [Times: user=2.02 sys=0.00, real=0.07 secs] 
2018-10-15T09:26:01.580+0200: 38.166: Total time for which application threads were stopped: 0.0715978 seconds, Stopping threads took: 0.0005439 seconds
2018-10-15T09:26:01.962+0200: 38.548: Application time: 0.3825472 seconds
2018-10-15T09:26:01.963+0200: 38.549: [GC pause (G1 Evacuation Pause) (young)
Desired survivor size 274726912 bytes, new threshold 3 (max 15)
- age   1:  109170504 bytes,  109170504 total
- age   2:  100642376 bytes,  209812880 total
- age   3:  107492424 bytes,  317305304 total
, 0.0791246 secs]
   [Parallel Time: 76.0 ms, GC Workers: 30]
      [GC Worker Start (ms): Min: 38549.6, Avg: 38549.8, Max: 38550.1, Diff: 0.5]
      [Ext Root Scanning (ms): Min: 0.1, Avg: 0.5, Max: 1.6, Diff: 1.5, Sum: 13.5]
      [Update RS (ms): Min: 25.7, Avg: 26.5, Max: 26.8, Diff: 1.1, Sum: 794.3]
         [Processed Buffers: Min: 30, Avg: 37.1, Max: 50, Diff: 20, Sum: 1112]
      [Scan RS (ms): Min: 0.0, Avg: 0.2, Max: 0.3, Diff: 0.2, Sum: 4.7]
      [Code Root Scanning (ms): Min: 0.0, Avg: 0.0, Max: 0.0, Diff: 0.0, Sum: 0.0]
      [Object Copy (ms): Min: 47.9, Avg: 48.0, Max: 48.2, Diff: 0.4, Sum: 1440.1]
      [Termination (ms): Min: 0.0, Avg: 0.3, Max: 0.3, Diff: 0.3, Sum: 8.0]
         [Termination Attempts: Min: 1, Avg: 123.0, Max: 138, Diff: 137, Sum: 3689]
      [GC Worker Other (ms): Min: 0.0, Avg: 0.1, Max: 0.2, Diff: 0.2, Sum: 3.7]
      [GC Worker Total (ms): Min: 75.2, Avg: 75.5, Max: 75.7, Diff: 0.5, Sum: 2264.4]
      [GC Worker End (ms): Min: 38625.2, Avg: 38625.3, Max: 38625.4, Diff: 0.2]
   [Code Root Fixup: 0.0 ms]
   [Code Root Purge: 0.0 ms]
   [Clear CT: 0.6 ms]
   [Other: 2.6 ms]
      [Choose CSet: 0.0 ms]
      [Ref Proc: 0.4 ms]
      [Ref Enq: 0.0 ms]
      [Redirty Cards: 0.6 ms]
      [Humongous Register: 0.1 ms]
      [Humongous Reclaim: 0.1 ms]
      [Free CSet: 1.0 ms]
   [Eden: 3848.0M(3848.0M)->0.0B(3736.0M) Survivors: 336.0M->328.0M Heap: 7006.0M(8192.0M)->3280.0M(8192.0M)]
 [Times: user=2.28 sys=0.00, real=0.08 secs] 
2018-10-15T09:26:02.043+0200: 38.629: Total time for which application threads were stopped: 0.0802308 seconds, Stopping threads took: 0.0004811 seconds
2018-10-15T09:26:02.418+0200: 39.004: Application time: 0.3753267 seconds
2018-10-15T09:26:02.419+0200: 39.005: [GC pause (G1 Evacuation Pause) (young)
Desired survivor size 266338304 bytes, new threshold 3 (max 15)
- age   1:  105502256 bytes,  105502256 total
- age   2:  102295680 bytes,  207797936 total
- age   3:   99193960 bytes,  306991896 total
, 0.0796590 secs]
   [Parallel Time: 76.0 ms, GC Workers: 30]
      [GC Worker Start (ms): Min: 39005.3, Avg: 39005.6, Max: 39006.0, Diff: 0.7]
      [Ext Root Scanning (ms): Min: 0.0, Avg: 0.4, Max: 1.7, Diff: 1.7, Sum: 13.3]
      [Update RS (ms): Min: 18.5, Avg: 19.6, Max: 19.9, Diff: 1.3, Sum: 587.9]
         [Processed Buffers: Min: 22, Avg: 25.1, Max: 34, Diff: 12, Sum: 753]
      [Scan RS (ms): Min: 1.2, Avg: 1.4, Max: 1.6, Diff: 0.3, Sum: 43.4]
      [Code Root Scanning (ms): Min: 0.0, Avg: 0.0, Max: 0.0, Diff: 0.0, Sum: 0.1]
      [Object Copy (ms): Min: 53.3, Avg: 53.4, Max: 54.2, Diff: 0.8, Sum: 1603.5]
      [Termination (ms): Min: 0.0, Avg: 0.6, Max: 0.6, Diff: 0.6, Sum: 17.5]
         [Termination Attempts: Min: 1, Avg: 407.4, Max: 450, Diff: 449, Sum: 12221]
      [GC Worker Other (ms): Min: 0.0, Avg: 0.1, Max: 0.2, Diff: 0.2, Sum: 3.4]
      [GC Worker Total (ms): Min: 75.2, Avg: 75.6, Max: 76.0, Diff: 0.7, Sum: 2268.9]
      [GC Worker End (ms): Min: 39081.1, Avg: 39081.2, Max: 39081.3, Diff: 0.2]
   [Code Root Fixup: 0.0 ms]
   [Code Root Purge: 0.0 ms]
   [Clear CT: 0.8 ms]
   [Other: 2.8 ms]
      [Choose CSet: 0.0 ms]
      [Ref Proc: 0.4 ms]
      [Ref Enq: 0.0 ms]
      [Redirty Cards: 0.8 ms]
      [Humongous Register: 0.1 ms]
      [Humongous Reclaim: 0.0 ms]
      [Free CSet: 1.1 ms]
   [Eden: 3736.0M(3736.0M)->0.0B(3648.0M) Survivors: 328.0M->308.0M Heap: 7016.0M(8192.0M)->3388.0M(8192.0M)]
 [Times: user=2.29 sys=0.01, real=0.08 secs] 
2018-10-15T09:26:02.499+0200: 39.085: Total time for which application threads were stopped: 0.0808830 seconds, Stopping threads took: 0.0005360 seconds
2018-10-15T09:26:02.862+0200: 39.448: Application time: 0.3630913 seconds
2018-10-15T09:26:02.863+0200: 39.449: [GC pause (G1 Evacuation Pause) (young)
Desired survivor size 260046848 bytes, new threshold 3 (max 15)
- age   1:   95640928 bytes,   95640928 total
- age   2:   97530728 bytes,  193171656 total
- age   3:   99898200 bytes,  293069856 total
, 0.0667240 secs]
   [Parallel Time: 63.7 ms, GC Workers: 30]
      [GC Worker Start (ms): Min: 39449.1, Avg: 39449.2, Max: 39449.4, Diff: 0.3]
      [Ext Root Scanning (ms): Min: 0.2, Avg: 0.4, Max: 1.5, Diff: 1.3, Sum: 13.0]
      [Update RS (ms): Min: 22.6, Avg: 23.6, Max: 23.9, Diff: 1.3, Sum: 708.4]
         [Processed Buffers: Min: 32, Avg: 38.4, Max: 50, Diff: 18, Sum: 1151]
      [Scan RS (ms): Min: 0.0, Avg: 0.1, Max: 0.2, Diff: 0.2, Sum: 3.9]
      [Code Root Scanning (ms): Min: 0.0, Avg: 0.0, Max: 0.0, Diff: 0.0, Sum: 0.1]
      [Object Copy (ms): Min: 38.8, Avg: 39.0, Max: 39.1, Diff: 0.3, Sum: 1169.1]
      [Termination (ms): Min: 0.0, Avg: 0.1, Max: 0.1, Diff: 0.1, Sum: 3.1]
         [Termination Attempts: Min: 7, Avg: 17.5, Max: 24, Diff: 17, Sum: 524]
      [GC Worker Other (ms): Min: 0.0, Avg: 0.1, Max: 0.2, Diff: 0.2, Sum: 2.7]
      [GC Worker Total (ms): Min: 63.1, Avg: 63.3, Max: 63.5, Diff: 0.4, Sum: 1900.3]
      [GC Worker End (ms): Min: 39512.4, Avg: 39512.5, Max: 39512.6, Diff: 0.2]
   [Code Root Fixup: 0.0 ms]
   [Code Root Purge: 0.0 ms]
   [Clear CT: 0.7 ms]
   [Other: 2.4 ms]
      [Choose CSet: 0.0 ms]
      [Ref Proc: 0.4 ms]
      [Ref Enq: 0.0 ms]
      [Redirty Cards: 0.6 ms]
      [Humongous Register: 0.1 ms]
      [Humongous Reclaim: 0.0 ms]
      [Free CSet: 0.9 ms]
   [Eden: 3648.0M(3648.0M)->0.0B(3544.0M) Survivors: 308.0M->296.0M Heap: 7036.0M(8192.0M)->3502.0M(8192.0M)]
 [Times: user=1.93 sys=0.00, real=0.07 secs] 
2018-10-15T09:26:02.930+0200: 39.516: Total time for which application threads were stopped: 0.0678457 seconds, Stopping threads took: 0.0004429 seconds
2018-10-15T09:26:03.292+0200: 39.878: Application time: 0.3623623 seconds
2018-10-15T09:26:03.293+0200: 39.879: [GC pause (G1 Evacuation Pause) (young)
Desired survivor size 251658240 bytes, new threshold 3 (max 15)
- age   1:   89439944 bytes,   89439944 total
- age   2:   88664112 bytes,  178104056 total
- age   3:   96690944 bytes,  274795000 total
, 0.0679752 secs]
   [Parallel Time: 64.7 ms, GC Workers: 30]
      [GC Worker Start (ms): Min: 39879.5, Avg: 39879.8, Max: 39880.3, Diff: 0.9]
      [Ext Root Scanning (ms): Min: 0.0, Avg: 0.4, Max: 1.8, Diff: 1.7, Sum: 12.2]
      [Update RS (ms): Min: 18.3, Avg: 19.1, Max: 19.5, Diff: 1.2, Sum: 573.6]
         [Processed Buffers: Min: 21, Avg: 24.8, Max: 32, Diff: 11, Sum: 744]
      [Scan RS (ms): Min: 2.1, Avg: 2.4, Max: 2.6, Diff: 0.5, Sum: 72.1]
      [Code Root Scanning (ms): Min: 0.0, Avg: 0.0, Max: 0.0, Diff: 0.0, Sum: 0.1]
      [Object Copy (ms): Min: 41.8, Avg: 41.9, Max: 42.0, Diff: 0.2, Sum: 1256.1]
      [Termination (ms): Min: 0.0, Avg: 0.1, Max: 0.2, Diff: 0.2, Sum: 4.2]
         [Termination Attempts: Min: 1, Avg: 69.7, Max: 81, Diff: 80, Sum: 2092]
      [GC Worker Other (ms): Min: 0.0, Avg: 0.1, Max: 0.2, Diff: 0.2, Sum: 3.6]
      [GC Worker Total (ms): Min: 63.5, Avg: 64.1, Max: 64.5, Diff: 1.0, Sum: 1922.0]
      [GC Worker End (ms): Min: 39943.7, Avg: 39943.8, Max: 39944.0, Diff: 0.2]
   [Code Root Fixup: 0.0 ms]
   [Code Root Purge: 0.0 ms]
   [Clear CT: 0.7 ms]
   [Other: 2.6 ms]
      [Choose CSet: 0.0 ms]
      [Ref Proc: 0.4 ms]
      [Ref Enq: 0.0 ms]
      [Redirty Cards: 0.6 ms]
      [Humongous Register: 0.1 ms]
      [Humongous Reclaim: 0.0 ms]
      [Free CSet: 1.0 ms]
   [Eden: 3544.0M(3544.0M)->0.0B(3444.0M) Survivors: 296.0M->284.0M Heap: 7046.0M(8192.0M)->3614.0M(8192.0M)]
 [Times: user=1.94 sys=0.01, real=0.06 secs] 
2018-10-15T09:26:03.361+0200: 39.947: Total time for which application threads were stopped: 0.0691856 seconds, Stopping threads took: 0.0005145 seconds
2018-10-15T09:26:03.699+0200: 40.285: Application time: 0.3379084 seconds
2018-10-15T09:26:03.700+0200: 40.286: [GC pause (G1 Evacuation Pause) (young)
Desired survivor size 245366784 bytes, new threshold 3 (max 15)
- age   1:   95411672 bytes,   95411672 total
- age   2:   83311816 bytes,  178723488 total
- age   3:   87038944 bytes,  265762432 total
, 0.0674384 secs]
   [Parallel Time: 64.4 ms, GC Workers: 30]
      [GC Worker Start (ms): Min: 40286.5, Avg: 40286.6, Max: 40286.8, Diff: 0.3]
      [Ext Root Scanning (ms): Min: 0.2, Avg: 0.4, Max: 1.6, Diff: 1.4, Sum: 13.1]
      [Update RS (ms): Min: 23.8, Avg: 24.9, Max: 25.6, Diff: 1.8, Sum: 747.2]
         [Processed Buffers: Min: 33, Avg: 39.9, Max: 53, Diff: 20, Sum: 1197]
      [Scan RS (ms): Min: 0.0, Avg: 0.1, Max: 0.2, Diff: 0.2, Sum: 3.7]
      [Code Root Scanning (ms): Min: 0.0, Avg: 0.0, Max: 0.0, Diff: 0.0, Sum: 0.1]
      [Object Copy (ms): Min: 37.7, Avg: 38.3, Max: 38.4, Diff: 0.7, Sum: 1148.1]
      [Termination (ms): Min: 0.1, Avg: 0.1, Max: 0.2, Diff: 0.1, Sum: 3.4]
         [Termination Attempts: Min: 3, Avg: 34.2, Max: 44, Diff: 41, Sum: 1025]
      [GC Worker Other (ms): Min: 0.0, Avg: 0.1, Max: 0.2, Diff: 0.2, Sum: 3.2]
      [GC Worker Total (ms): Min: 63.7, Avg: 64.0, Max: 64.2, Diff: 0.5, Sum: 1918.8]
      [GC Worker End (ms): Min: 40350.5, Avg: 40350.6, Max: 40350.7, Diff: 0.2]
   [Code Root Fixup: 0.0 ms]
   [Code Root Purge: 0.0 ms]
   [Clear CT: 0.6 ms]
   [Other: 2.4 ms]
      [Choose CSet: 0.0 ms]
      [Ref Proc: 0.4 ms]
      [Ref Enq: 0.0 ms]
      [Redirty Cards: 0.7 ms]
      [Humongous Register: 0.1 ms]
      [Humongous Reclaim: 0.1 ms]
      [Free CSet: 0.9 ms]
   [Eden: 3444.0M(3444.0M)->0.0B(3340.0M) Survivors: 284.0M->280.0M Heap: 7058.0M(8192.0M)->3720.0M(8192.0M)]
 [Times: user=1.94 sys=0.00, real=0.07 secs] 
2018-10-15T09:26:03.768+0200: 40.354: Total time for which application threads were stopped: 0.0686457 seconds, Stopping threads took: 0.0004722 seconds
2018-10-15T09:26:04.102+0200: 40.688: Application time: 0.3338056 seconds
2018-10-15T09:26:04.103+0200: 40.689: [GC pause (G1 Evacuation Pause) (young)
Desired survivor size 239075328 bytes, new threshold 3 (max 15)
- age   1:   81204152 bytes,   81204152 total
- age   2:   89942088 bytes,  171146240 total
- age   3:   82739992 bytes,  253886232 total
, 0.0638449 secs]
   [Parallel Time: 60.7 ms, GC Workers: 30]
      [GC Worker Start (ms): Min: 40689.0, Avg: 40689.2, Max: 40689.7, Diff: 0.7]
      [Ext Root Scanning (ms): Min: 0.0, Avg: 0.4, Max: 1.8, Diff: 1.7, Sum: 12.9]
      [Update RS (ms): Min: 18.3, Avg: 19.1, Max: 19.6, Diff: 1.3, Sum: 573.6]
         [Processed Buffers: Min: 20, Avg: 24.5, Max: 34, Diff: 14, Sum: 736]
      [Scan RS (ms): Min: 1.2, Avg: 1.6, Max: 1.8, Diff: 0.7, Sum: 47.1]
      [Code Root Scanning (ms): Min: 0.0, Avg: 0.0, Max: 0.0, Diff: 0.0, Sum: 0.0]
      [Object Copy (ms): Min: 38.7, Avg: 38.8, Max: 38.9, Diff: 0.3, Sum: 1164.0]
      [Termination (ms): Min: 0.1, Avg: 0.2, Max: 0.2, Diff: 0.2, Sum: 5.1]
         [Termination Attempts: Min: 6, Avg: 66.7, Max: 83, Diff: 77, Sum: 2002]
      [GC Worker Other (ms): Min: 0.0, Avg: 0.1, Max: 0.2, Diff: 0.2, Sum: 2.8]
      [GC Worker Total (ms): Min: 59.7, Avg: 60.2, Max: 60.5, Diff: 0.8, Sum: 1805.5]
      [GC Worker End (ms): Min: 40749.3, Avg: 40749.4, Max: 40749.5, Diff: 0.2]
   [Code Root Fixup: 0.0 ms]
   [Code Root Purge: 0.0 ms]
   [Clear CT: 0.7 ms]
   [Other: 2.4 ms]
      [Choose CSet: 0.0 ms]
      [Ref Proc: 0.4 ms]
      [Ref Enq: 0.0 ms]
      [Redirty Cards: 0.5 ms]
      [Humongous Register: 0.1 ms]
      [Humongous Reclaim: 0.1 ms]
      [Free CSet: 0.9 ms]
   [Eden: 3340.0M(3340.0M)->0.0B(3232.0M) Survivors: 280.0M->280.0M Heap: 7060.0M(8192.0M)->3828.0M(8192.0M)]
 [Times: user=1.82 sys=0.00, real=0.07 secs] 
2018-10-15T09:26:04.167+0200: 40.753: Total time for which application threads were stopped: 0.0650256 seconds, Stopping threads took: 0.0005042 seconds
2018-10-15T09:26:04.492+0200: 41.078: Application time: 0.3250233 seconds
2018-10-15T09:26:04.493+0200: 41.079: [GC pause (G1 Evacuation Pause) (young)
Desired survivor size 230686720 bytes, new threshold 3 (max 15)
- age   1:   90652712 bytes,   90652712 total
- age   2:   76928296 bytes,  167581008 total
- age   3:   89064504 bytes,  256645512 total
, 0.0615198 secs]
   [Parallel Time: 58.6 ms, GC Workers: 30]
      [GC Worker Start (ms): Min: 41078.9, Avg: 41079.1, Max: 41079.2, Diff: 0.3]
      [Ext Root Scanning (ms): Min: 0.2, Avg: 0.4, Max: 1.5, Diff: 1.3, Sum: 12.6]
      [Update RS (ms): Min: 20.1, Avg: 21.2, Max: 21.6, Diff: 1.5, Sum: 634.9]
         [Processed Buffers: Min: 27, Avg: 33.8, Max: 48, Diff: 21, Sum: 1014]
      [Scan RS (ms): Min: 0.0, Avg: 0.1, Max: 0.2, Diff: 0.2, Sum: 3.5]
      [Code Root Scanning (ms): Min: 0.0, Avg: 0.0, Max: 0.0, Diff: 0.0, Sum: 0.0]
      [Object Copy (ms): Min: 36.0, Avg: 36.4, Max: 36.5, Diff: 0.5, Sum: 1090.9]
      [Termination (ms): Min: 0.0, Avg: 0.0, Max: 0.0, Diff: 0.0, Sum: 0.8]
         [Termination Attempts: Min: 1, Avg: 13.5, Max: 20, Diff: 19, Sum: 404]
      [GC Worker Other (ms): Min: 0.0, Avg: 0.1, Max: 0.2, Diff: 0.2, Sum: 3.4]
      [GC Worker Total (ms): Min: 58.0, Avg: 58.2, Max: 58.4, Diff: 0.5, Sum: 1746.2]
      [GC Worker End (ms): Min: 41137.2, Avg: 41137.3, Max: 41137.4, Diff: 0.2]
   [Code Root Fixup: 0.0 ms]
   [Code Root Purge: 0.0 ms]
   [Clear CT: 0.6 ms]
   [Other: 2.2 ms]
      [Choose CSet: 0.0 ms]
      [Ref Proc: 0.4 ms]
      [Ref Enq: 0.0 ms]
      [Redirty Cards: 0.5 ms]
      [Humongous Register: 0.1 ms]
      [Humongous Reclaim: 0.0 ms]
      [Free CSet: 0.8 ms]
   [Eden: 3232.0M(3232.0M)->0.0B(3128.0M) Survivors: 280.0M->276.0M Heap: 7060.0M(8192.0M)->3938.0M(8192.0M)]
 [Times: user=1.76 sys=0.01, real=0.06 secs] 
2018-10-15T09:26:04.554+0200: 41.140: Total time for which application threads were stopped: 0.0626620 seconds, Stopping threads took: 0.0004540 seconds
2018-10-15T09:26:04.860+0200: 41.446: Application time: 0.3057926 seconds
2018-10-15T09:26:04.861+0200: 41.447: [GC pause (G1 Evacuation Pause) (young) (initial-mark)
Desired survivor size 224395264 bytes, new threshold 3 (max 15)
- age   1:   94678488 bytes,   94678488 total
- age   2:   85594144 bytes,  180272632 total
- age   3:   76298032 bytes,  256570664 total
, 0.0683279 secs]
   [Parallel Time: 65.3 ms, GC Workers: 30]
      [GC Worker Start (ms): Min: 41447.8, Avg: 41448.6, Max: 41449.3, Diff: 1.5]
      [Ext Root Scanning (ms): Min: 1.3, Avg: 1.9, Max: 2.8, Diff: 1.5, Sum: 56.2]
      [Update RS (ms): Min: 26.5, Avg: 27.3, Max: 28.2, Diff: 1.6, Sum: 819.5]
         [Processed Buffers: Min: 29, Avg: 35.3, Max: 45, Diff: 16, Sum: 1059]
      [Scan RS (ms): Min: 0.0, Avg: 0.1, Max: 0.2, Diff: 0.2, Sum: 3.6]
      [Code Root Scanning (ms): Min: 0.0, Avg: 0.0, Max: 0.0, Diff: 0.0, Sum: 0.0]
      [Object Copy (ms): Min: 33.8, Avg: 34.5, Max: 34.7, Diff: 0.9, Sum: 1036.2]
      [Termination (ms): Min: 0.0, Avg: 0.1, Max: 0.1, Diff: 0.1, Sum: 2.3]
         [Termination Attempts: Min: 1, Avg: 4.5, Max: 9, Diff: 8, Sum: 135]
      [GC Worker Other (ms): Min: 0.0, Avg: 0.1, Max: 0.2, Diff: 0.2, Sum: 2.4]
      [GC Worker Total (ms): Min: 63.3, Avg: 64.0, Max: 64.8, Diff: 1.5, Sum: 1920.4]
      [GC Worker End (ms): Min: 41512.6, Avg: 41512.7, Max: 41512.8, Diff: 0.2]
   [Code Root Fixup: 0.0 ms]
   [Code Root Purge: 0.0 ms]
   [Clear CT: 0.6 ms]
   [Other: 2.4 ms]
      [Choose CSet: 0.0 ms]
      [Ref Proc: 0.4 ms]
      [Ref Enq: 0.0 ms]
      [Redirty Cards: 0.6 ms]
      [Humongous Register: 0.1 ms]
      [Humongous Reclaim: 0.1 ms]
      [Free CSet: 0.8 ms]
   [Eden: 3128.0M(3128.0M)->0.0B(3020.0M) Survivors: 276.0M->280.0M Heap: 7066.0M(8192.0M)->4040.0M(8192.0M)]
 [Times: user=1.89 sys=0.01, real=0.07 secs] 
2018-10-15T09:26:04.930+0200: 41.516: [GC concurrent-root-region-scan-start]
2018-10-15T09:26:04.930+0200: 41.516: Total time for which application threads were stopped: 0.0695014 seconds, Stopping threads took: 0.0005126 seconds
2018-10-15T09:26:04.981+0200: 41.567: [GC concurrent-root-region-scan-end, 0.0515627 secs]
2018-10-15T09:26:04.981+0200: 41.567: [GC concurrent-mark-start]
2018-10-15T09:26:05.251+0200: 41.837: [GC concurrent-mark-end, 0.2701468 secs]
2018-10-15T09:26:05.251+0200: 41.837: Application time: 0.3216725 seconds
2018-10-15T09:26:05.252+0200: 41.838: [GC remark 2018-10-15T09:26:05.252+0200: 41.838: [Finalize Marking, 0.0005955 secs] 2018-10-15T09:26:05.253+0200: 41.839: [GC ref-proc, 0.0012569 secs] 2018-10-15T09:26:05.254+0200: 41.840: [Unloading, 0.0097381 secs], 0.0127804 secs]
 [Times: user=0.28 sys=0.00, real=0.01 secs] 
2018-10-15T09:26:05.265+0200: 41.851: Total time for which application threads were stopped: 0.0137397 seconds, Stopping threads took: 0.0004820 seconds
2018-10-15T09:26:05.265+0200: 41.851: Application time: 0.0000511 seconds
2018-10-15T09:26:05.266+0200: 41.852: [GC cleanup 6260M->5060M(8192M), 0.0059968 secs]
 [Times: user=0.14 sys=0.00, real=0.01 secs] 
2018-10-15T09:26:05.272+0200: 41.858: Total time for which application threads were stopped: 0.0064242 seconds, Stopping threads took: 0.0000618 seconds
2018-10-15T09:26:05.272+0200: 41.858: [GC concurrent-cleanup-start]
2018-10-15T09:26:05.273+0200: 41.859: [GC concurrent-cleanup-end, 0.0010160 secs]
2018-10-15T09:26:05.354+0200: 41.940: Application time: 0.0824792 seconds
2018-10-15T09:26:05.357+0200: 41.943: [GC pause (G1 Evacuation Pause) (young)
Desired survivor size 218103808 bytes, new threshold 3 (max 15)
- age   1:   87613192 bytes,   87613192 total
- age   2:   88935744 bytes,  176548936 total
- age   3:   83254584 bytes,  259803520 total
, 0.0615321 secs]
   [Parallel Time: 58.7 ms, GC Workers: 30]
      [GC Worker Start (ms): Min: 41943.6, Avg: 41944.1, Max: 41944.8, Diff: 1.2]
      [Ext Root Scanning (ms): Min: 0.0, Avg: 0.3, Max: 1.7, Diff: 1.7, Sum: 9.3]
      [Update RS (ms): Min: 13.8, Avg: 14.7, Max: 15.4, Diff: 1.6, Sum: 440.8]
         [Processed Buffers: Min: 17, Avg: 21.9, Max: 36, Diff: 19, Sum: 658]
      [Scan RS (ms): Min: 1.1, Avg: 1.7, Max: 1.9, Diff: 0.8, Sum: 52.2]
      [Code Root Scanning (ms): Min: 0.0, Avg: 0.0, Max: 0.0, Diff: 0.0, Sum: 0.0]
      [Object Copy (ms): Min: 40.8, Avg: 40.9, Max: 41.2, Diff: 0.4, Sum: 1227.2]
      [Termination (ms): Min: 0.0, Avg: 0.2, Max: 0.2, Diff: 0.2, Sum: 6.0]
         [Termination Attempts: Min: 1, Avg: 141.3, Max: 157, Diff: 156, Sum: 4240]
      [GC Worker Other (ms): Min: 0.0, Avg: 0.1, Max: 0.2, Diff: 0.2, Sum: 3.1]
      [GC Worker Total (ms): Min: 57.3, Avg: 58.0, Max: 58.6, Diff: 1.2, Sum: 1738.5]
      [GC Worker End (ms): Min: 42002.0, Avg: 42002.1, Max: 42002.2, Diff: 0.2]
   [Code Root Fixup: 0.0 ms]
   [Code Root Purge: 0.0 ms]
   [Clear CT: 0.5 ms]
   [Other: 2.3 ms]
      [Choose CSet: 0.0 ms]
      [Ref Proc: 0.4 ms]
      [Ref Enq: 0.0 ms]
      [Redirty Cards: 0.5 ms]
      [Humongous Register: 0.1 ms]
      [Humongous Reclaim: 0.0 ms]
      [Free CSet: 0.8 ms]
   [Eden: 3020.0M(3020.0M)->0.0B(144.0M) Survivors: 280.0M->264.0M Heap: 5860.0M(8192.0M)->2934.0M(8192.0M)]
 [Times: user=1.76 sys=0.00, real=0.06 secs] 
2018-10-15T09:26:05.419+0200: 42.005: Total time for which application threads were stopped: 0.0648523 seconds, Stopping threads took: 0.0026829 seconds
2018-10-15T09:26:05.434+0200: 42.020: Application time: 0.0152829 seconds
2018-10-15T09:26:05.435+0200: 42.021: [GC pause (G1 Evacuation Pause) (mixed)
Desired survivor size 27262976 bytes, new threshold 1 (max 15)
- age   1:   80297432 bytes,   80297432 total
- age   2:   80196328 bytes,  160493760 total
- age   3:   87766616 bytes,  248260376 total
, 0.0586426 secs]
   [Parallel Time: 54.5 ms, GC Workers: 30]
      [GC Worker Start (ms): Min: 42021.4, Avg: 42021.7, Max: 42022.3, Diff: 0.9]
      [Ext Root Scanning (ms): Min: 0.0, Avg: 0.4, Max: 1.5, Diff: 1.5, Sum: 11.8]
      [Update RS (ms): Min: 20.5, Avg: 21.3, Max: 21.7, Diff: 1.2, Sum: 640.2]
         [Processed Buffers: Min: 27, Avg: 33.8, Max: 46, Diff: 19, Sum: 1015]
      [Scan RS (ms): Min: 1.3, Avg: 1.5, Max: 1.8, Diff: 0.5, Sum: 46.2]
      [Code Root Scanning (ms): Min: 0.0, Avg: 0.0, Max: 0.1, Diff: 0.1, Sum: 0.1]
      [Object Copy (ms): Min: 30.5, Avg: 30.7, Max: 30.8, Diff: 0.3, Sum: 920.0]
      [Termination (ms): Min: 0.1, Avg: 0.1, Max: 0.2, Diff: 0.2, Sum: 3.6]
         [Termination Attempts: Min: 1, Avg: 30.5, Max: 40, Diff: 39, Sum: 916]
      [GC Worker Other (ms): Min: 0.0, Avg: 0.0, Max: 0.1, Diff: 0.1, Sum: 1.1]
      [GC Worker Total (ms): Min: 53.5, Avg: 54.1, Max: 54.4, Diff: 0.8, Sum: 1623.0]
      [GC Worker End (ms): Min: 42075.8, Avg: 42075.8, Max: 42075.9, Diff: 0.1]
   [Code Root Fixup: 0.0 ms]
   [Code Root Purge: 0.0 ms]
   [Clear CT: 0.7 ms]
   [Other: 3.4 ms]
      [Choose CSet: 0.2 ms]
      [Ref Proc: 0.4 ms]
      [Ref Enq: 0.0 ms]
      [Redirty Cards: 1.3 ms]
      [Humongous Register: 0.1 ms]
      [Humongous Reclaim: 0.0 ms]
      [Free CSet: 1.0 ms]
   [Eden: 144.0M(144.0M)->0.0B(356.0M) Survivors: 264.0M->52.0M Heap: 3078.0M(8192.0M)->2176.0M(8192.0M)]
 [Times: user=1.66 sys=0.01, real=0.06 secs] 
2018-10-15T09:26:05.494+0200: 42.080: Total time for which application threads were stopped: 0.0596753 seconds, Stopping threads took: 0.0004129 seconds
2018-10-15T09:26:05.554+0200: 42.140: Application time: 0.0602638 seconds
2018-10-15T09:26:05.555+0200: 42.141: [GC pause (G1 Evacuation Pause) (mixed)
Desired survivor size 27262976 bytes, new threshold 15 (max 15)
- age   1:    4919288 bytes,    4919288 total
, 0.0257075 secs]
   [Parallel Time: 22.3 ms, GC Workers: 30]
      [GC Worker Start (ms): Min: 42141.5, Avg: 42142.3, Max: 42142.9, Diff: 1.4]
      [Ext Root Scanning (ms): Min: 0.0, Avg: 0.3, Max: 1.6, Diff: 1.6, Sum: 7.6]
      [Update RS (ms): Min: 15.5, Avg: 16.1, Max: 16.7, Diff: 1.2, Sum: 483.4]
         [Processed Buffers: Min: 20, Avg: 26.0, Max: 38, Diff: 18, Sum: 781]
      [Scan RS (ms): Min: 1.4, Avg: 1.9, Max: 2.2, Diff: 0.8, Sum: 58.4]
      [Code Root Scanning (ms): Min: 0.0, Avg: 0.0, Max: 0.2, Diff: 0.2, Sum: 0.5]
      [Object Copy (ms): Min: 2.8, Avg: 2.9, Max: 3.0, Diff: 0.2, Sum: 87.2]
      [Termination (ms): Min: 0.0, Avg: 0.0, Max: 0.0, Diff: 0.0, Sum: 0.9]
         [Termination Attempts: Min: 1, Avg: 12.0, Max: 15, Diff: 14, Sum: 360]
      [GC Worker Other (ms): Min: 0.0, Avg: 0.0, Max: 0.1, Diff: 0.1, Sum: 1.4]
      [GC Worker Total (ms): Min: 20.6, Avg: 21.3, Max: 22.1, Diff: 1.5, Sum: 639.3]
      [GC Worker End (ms): Min: 42163.6, Avg: 42163.6, Max: 42163.6, Diff: 0.1]
   [Code Root Fixup: 0.0 ms]
   [Code Root Purge: 0.0 ms]
   [Clear CT: 0.6 ms]
   [Other: 2.7 ms]
      [Choose CSet: 0.2 ms]
      [Ref Proc: 0.4 ms]
      [Ref Enq: 0.0 ms]
      [Redirty Cards: 0.3 ms]
      [Humongous Register: 0.1 ms]
      [Humongous Reclaim: 0.0 ms]
      [Free CSet: 1.3 ms]
   [Eden: 356.0M(356.0M)->0.0B(356.0M) Survivors: 52.0M->52.0M Heap: 2532.0M(8192.0M)->1410.0M(8192.0M)]
 [Times: user=0.66 sys=0.00, real=0.02 secs] 
2018-10-15T09:26:05.581+0200: 42.167: Total time for which application threads were stopped: 0.0266764 seconds, Stopping threads took: 0.0003749 seconds
2018-10-15T09:26:05.619+0200: 42.205: Application time: 0.0382747 seconds
2018-10-15T09:26:05.620+0200: 42.206: [GC pause (G1 Evacuation Pause) (mixed)
Desired survivor size 27262976 bytes, new threshold 15 (max 15)
- age   1:    9567648 bytes,    9567648 total
- age   2:    3811488 bytes,   13379136 total
, 0.0128324 secs]
   [Parallel Time: 10.6 ms, GC Workers: 30]
      [GC Worker Start (ms): Min: 42206.3, Avg: 42206.5, Max: 42206.9, Diff: 0.6]
      [Ext Root Scanning (ms): Min: 0.0, Avg: 0.5, Max: 1.6, Diff: 1.6, Sum: 13.8]
      [Update RS (ms): Min: 4.0, Avg: 4.8, Max: 5.7, Diff: 1.6, Sum: 143.3]
         [Processed Buffers: Min: 5, Avg: 8.9, Max: 17, Diff: 12, Sum: 268]
      [Scan RS (ms): Min: 0.0, Avg: 0.3, Max: 0.5, Diff: 0.5, Sum: 8.1]
      [Code Root Scanning (ms): Min: 0.0, Avg: 0.0, Max: 0.2, Diff: 0.2, Sum: 0.4]
      [Object Copy (ms): Min: 4.2, Avg: 4.7, Max: 4.9, Diff: 0.7, Sum: 141.4]
      [Termination (ms): Min: 0.0, Avg: 0.0, Max: 0.0, Diff: 0.0, Sum: 0.8]
         [Termination Attempts: Min: 1, Avg: 13.8, Max: 17, Diff: 16, Sum: 413]
      [GC Worker Other (ms): Min: 0.0, Avg: 0.0, Max: 0.1, Diff: 0.1, Sum: 1.4]
      [GC Worker Total (ms): Min: 9.9, Avg: 10.3, Max: 10.5, Diff: 0.6, Sum: 309.2]
      [GC Worker End (ms): Min: 42216.8, Avg: 42216.8, Max: 42216.9, Diff: 0.1]
   [Code Root Fixup: 0.0 ms]
   [Code Root Purge: 0.0 ms]
   [Clear CT: 0.6 ms]
   [Other: 1.6 ms]
      [Choose CSet: 0.0 ms]
      [Ref Proc: 0.5 ms]
      [Ref Enq: 0.0 ms]
      [Redirty Cards: 0.4 ms]
      [Humongous Register: 0.1 ms]
      [Humongous Reclaim: 0.0 ms]
      [Free CSet: 0.2 ms]
   [Eden: 356.0M(356.0M)->0.0B(4876.0M) Survivors: 52.0M->36.0M Heap: 1766.0M(8192.0M)->1395.0M(8192.0M)]
 [Times: user=0.32 sys=0.01, real=0.02 secs] 
2018-10-15T09:26:05.633+0200: 42.219: Total time for which application threads were stopped: 0.0138724 seconds, Stopping threads took: 0.0004820 seconds
2018-10-15T09:26:06.129+0200: 42.715: Application time: 0.4957667 seconds
2018-10-15T09:26:06.130+0200: 42.716: [GC pause (G1 Evacuation Pause) (young)
Desired survivor size 322961408 bytes, new threshold 15 (max 15)
- age   1:   13036968 bytes,   13036968 total
- age   2:    9066024 bytes,   22102992 total
- age   3:    3750648 bytes,   25853640 total
, 0.0354779 secs]
   [Parallel Time: 32.3 ms, GC Workers: 30]
      [GC Worker Start (ms): Min: 42715.9, Avg: 42716.1, Max: 42716.6, Diff: 0.6]
      [Ext Root Scanning (ms): Min: 0.0, Avg: 0.4, Max: 1.7, Diff: 1.6, Sum: 12.6]
      [Update RS (ms): Min: 7.1, Avg: 8.3, Max: 8.9, Diff: 1.8, Sum: 247.9]
         [Processed Buffers: Min: 11, Avg: 15.0, Max: 19, Diff: 8, Sum: 450]
      [Scan RS (ms): Min: 0.0, Avg: 0.2, Max: 0.3, Diff: 0.2, Sum: 4.8]
      [Code Root Scanning (ms): Min: 0.0, Avg: 0.0, Max: 0.0, Diff: 0.0, Sum: 0.0]
      [Object Copy (ms): Min: 22.5, Avg: 23.0, Max: 23.1, Diff: 0.6, Sum: 689.9]
      [Termination (ms): Min: 0.0, Avg: 0.0, Max: 0.1, Diff: 0.1, Sum: 1.0]
         [Termination Attempts: Min: 1, Avg: 15.0, Max: 20, Diff: 19, Sum: 449]
      [GC Worker Other (ms): Min: 0.0, Avg: 0.1, Max: 0.3, Diff: 0.2, Sum: 4.0]
      [GC Worker Total (ms): Min: 31.6, Avg: 32.0, Max: 32.2, Diff: 0.7, Sum: 960.2]
      [GC Worker End (ms): Min: 42748.0, Avg: 42748.1, Max: 42748.2, Diff: 0.2]
   [Code Root Fixup: 0.0 ms]
   [Code Root Purge: 0.0 ms]
   [Clear CT: 0.8 ms]
   [Other: 2.4 ms]
      [Choose CSet: 0.0 ms]
      [Ref Proc: 0.4 ms]
      [Ref Enq: 0.0 ms]
      [Redirty Cards: 0.3 ms]
      [Humongous Register: 0.1 ms]
      [Humongous Reclaim: 0.0 ms]
      [Free CSet: 1.2 ms]
   [Eden: 4876.0M(4876.0M)->0.0B(4748.0M) Survivors: 36.0M->164.0M Heap: 6271.0M(8192.0M)->1520.1M(8192.0M)]
 [Times: user=0.98 sys=0.00, real=0.04 secs] 
2018-10-15T09:26:06.165+0200: 42.751: Total time for which application threads were stopped: 0.0365621 seconds, Stopping threads took: 0.0004598 seconds
2018-10-15T09:26:06.619+0200: 43.205: Application time: 0.4538868 seconds
2018-10-15T09:26:06.620+0200: 43.206: [GC pause (G1 Evacuation Pause) (young)
Desired survivor size 322961408 bytes, new threshold 15 (max 15)
- age   1:  127443352 bytes,  127443352 total
- age   2:   11798976 bytes,  139242328 total
- age   3:    8792552 bytes,  148034880 total
- age   4:    3625480 bytes,  151660360 total
, 0.0494089 secs]
   [Parallel Time: 45.9 ms, GC Workers: 30]
      [GC Worker Start (ms): Min: 43206.5, Avg: 43206.8, Max: 43207.3, Diff: 0.8]
      [Ext Root Scanning (ms): Min: 0.0, Avg: 0.4, Max: 1.7, Diff: 1.7, Sum: 11.3]
      [Update RS (ms): Min: 10.3, Avg: 11.2, Max: 11.5, Diff: 1.2, Sum: 334.8]
         [Processed Buffers: Min: 11, Avg: 14.7, Max: 21, Diff: 10, Sum: 442]
      [Scan RS (ms): Min: 0.0, Avg: 0.2, Max: 0.3, Diff: 0.3, Sum: 5.7]
      [Code Root Scanning (ms): Min: 0.0, Avg: 0.0, Max: 0.0, Diff: 0.0, Sum: 0.0]
      [Object Copy (ms): Min: 33.3, Avg: 33.4, Max: 33.5, Diff: 0.2, Sum: 1003.4]
      [Termination (ms): Min: 0.0, Avg: 0.0, Max: 0.0, Diff: 0.0, Sum: 0.2]
         [Termination Attempts: Min: 1, Avg: 1.0, Max: 1, Diff: 0, Sum: 30]
      [GC Worker Other (ms): Min: 0.0, Avg: 0.1, Max: 0.3, Diff: 0.3, Sum: 4.3]
      [GC Worker Total (ms): Min: 44.8, Avg: 45.3, Max: 45.7, Diff: 0.9, Sum: 1359.7]
      [GC Worker End (ms): Min: 43252.0, Avg: 43252.1, Max: 43252.3, Diff: 0.3]
   [Code Root Fixup: 0.0 ms]
   [Code Root Purge: 0.0 ms]
   [Clear CT: 0.9 ms]
   [Other: 2.6 ms]
      [Choose CSet: 0.0 ms]
      [Ref Proc: 0.5 ms]
      [Ref Enq: 0.0 ms]
      [Redirty Cards: 0.4 ms]
      [Humongous Register: 0.1 ms]
      [Humongous Reclaim: 0.0 ms]
      [Free CSet: 1.3 ms]
   [Eden: 4748.0M(4748.0M)->0.0B(4624.0M) Survivors: 164.0M->288.0M Heap: 6268.1M(8192.0M)->1645.3M(8192.0M)]
 [Times: user=1.38 sys=0.00, real=0.05 secs] 
2018-10-15T09:26:06.670+0200: 43.256: Total time for which application threads were stopped: 0.0506048 seconds, Stopping threads took: 0.0005478 seconds
2018-10-15T09:26:07.115+0200: 43.701: Application time: 0.4455589 seconds
2018-10-15T09:26:07.116+0200: 43.702: [GC pause (G1 Evacuation Pause) (young)
Desired survivor size 322961408 bytes, new threshold 15 (max 15)
- age   1:  116317552 bytes,  116317552 total
- age   2:  118410688 bytes,  234728240 total
- age   3:   11783456 bytes,  246511696 total
- age   4:    8779512 bytes,  255291208 total
- age   5:    3620952 bytes,  258912160 total
, 0.0551671 secs]
   [Parallel Time: 51.6 ms, GC Workers: 30]
      [GC Worker Start (ms): Min: 43702.6, Avg: 43702.8, Max: 43703.0, Diff: 0.4]
      [Ext Root Scanning (ms): Min: 0.2, Avg: 0.5, Max: 1.7, Diff: 1.5, Sum: 14.6]
      [Update RS (ms): Min: 10.2, Avg: 11.3, Max: 11.8, Diff: 1.6, Sum: 338.4]
         [Processed Buffers: Min: 12, Avg: 14.6, Max: 19, Diff: 7, Sum: 438]
      [Scan RS (ms): Min: 0.0, Avg: 0.2, Max: 0.4, Diff: 0.3, Sum: 6.5]
      [Code Root Scanning (ms): Min: 0.0, Avg: 0.0, Max: 0.0, Diff: 0.0, Sum: 0.0]
      [Object Copy (ms): Min: 38.8, Avg: 39.1, Max: 39.2, Diff: 0.4, Sum: 1172.9]
      [Termination (ms): Min: 0.0, Avg: 0.0, Max: 0.1, Diff: 0.0, Sum: 1.1]
         [Termination Attempts: Min: 1, Avg: 13.9, Max: 20, Diff: 19, Sum: 418]
      [GC Worker Other (ms): Min: 0.0, Avg: 0.1, Max: 0.3, Diff: 0.2, Sum: 3.8]
      [GC Worker Total (ms): Min: 51.0, Avg: 51.2, Max: 51.5, Diff: 0.5, Sum: 1537.3]
      [GC Worker End (ms): Min: 43753.9, Avg: 43754.0, Max: 43754.1, Diff: 0.2]
   [Code Root Fixup: 0.0 ms]
   [Code Root Purge: 0.0 ms]
   [Clear CT: 0.8 ms]
   [Other: 2.8 ms]
      [Choose CSet: 0.0 ms]
      [Ref Proc: 0.5 ms]
      [Ref Enq: 0.0 ms]
      [Redirty Cards: 0.5 ms]
      [Humongous Register: 0.1 ms]
      [Humongous Reclaim: 0.0 ms]
      [Free CSet: 1.4 ms]
   [Eden: 4624.0M(4624.0M)->0.0B(4524.0M) Survivors: 288.0M->388.0M Heap: 6269.3M(8192.0M)->1747.3M(8192.0M)]
 [Times: user=1.56 sys=0.00, real=0.06 secs] 
2018-10-15T09:26:07.172+0200: 43.758: Total time for which application threads were stopped: 0.0563425 seconds, Stopping threads took: 0.0005212 seconds
2018-10-15T09:26:07.618+0200: 44.204: Application time: 0.4465908 seconds
2018-10-15T09:26:07.619+0200: 44.205: [GC pause (G1 Evacuation Pause) (young)
Desired survivor size 322961408 bytes, new threshold 3 (max 15)
- age   1:  122072800 bytes,  122072800 total
- age   2:  109999248 bytes,  232072048 total
- age   3:  117965040 bytes,  350037088 total
- age   4:   11778656 bytes,  361815744 total
- age   5:    8776632 bytes,  370592376 total
- age   6:    3617888 bytes,  374210264 total
, 0.0703108 secs]
   [Parallel Time: 66.4 ms, GC Workers: 30]
      [GC Worker Start (ms): Min: 44205.6, Avg: 44205.9, Max: 44206.5, Diff: 1.0]
      [Ext Root Scanning (ms): Min: 0.0, Avg: 0.4, Max: 1.7, Diff: 1.7, Sum: 12.9]
      [Update RS (ms): Min: 10.8, Avg: 11.7, Max: 12.1, Diff: 1.3, Sum: 349.7]
         [Processed Buffers: Min: 12, Avg: 14.5, Max: 21, Diff: 9, Sum: 436]
      [Scan RS (ms): Min: 0.0, Avg: 0.2, Max: 0.4, Diff: 0.3, Sum: 6.9]
      [Code Root Scanning (ms): Min: 0.0, Avg: 0.0, Max: 0.0, Diff: 0.0, Sum: 0.1]
      [Object Copy (ms): Min: 53.1, Avg: 53.3, Max: 53.4, Diff: 0.4, Sum: 1598.1]
      [Termination (ms): Min: 0.0, Avg: 0.1, Max: 0.2, Diff: 0.2, Sum: 2.6]
         [Termination Attempts: Min: 2, Avg: 5.7, Max: 8, Diff: 6, Sum: 172]
      [GC Worker Other (ms): Min: 0.0, Avg: 0.1, Max: 0.2, Diff: 0.2, Sum: 3.2]
      [GC Worker Total (ms): Min: 65.1, Avg: 65.8, Max: 66.2, Diff: 1.1, Sum: 1973.5]
      [GC Worker End (ms): Min: 44271.6, Avg: 44271.7, Max: 44271.8, Diff: 0.2]
   [Code Root Fixup: 0.0 ms]
   [Code Root Purge: 0.0 ms]
   [Clear CT: 0.9 ms]
   [Other: 3.0 ms]
      [Choose CSet: 0.0 ms]
      [Ref Proc: 0.4 ms]
      [Ref Enq: 0.0 ms]
      [Redirty Cards: 0.8 ms]
      [Humongous Register: 0.1 ms]
      [Humongous Reclaim: 0.0 ms]
      [Free CSet: 1.3 ms]
   [Eden: 4524.0M(4524.0M)->0.0B(4552.0M) Survivors: 388.0M->360.0M Heap: 6271.3M(8192.0M)->1856.9M(8192.0M)]
 [Times: user=2.01 sys=0.00, real=0.07 secs] 
2018-10-15T09:26:07.690+0200: 44.276: Total time for which application threads were stopped: 0.0715416 seconds, Stopping threads took: 0.0005325 seconds
2018-10-15T09:26:08.147+0200: 44.733: Application time: 0.4567796 seconds
2018-10-15T09:26:08.148+0200: 44.734: [GC pause (G1 Evacuation Pause) (young)
Desired survivor size 322961408 bytes, new threshold 3 (max 15)
- age   1:  118399864 bytes,  118399864 total
- age   2:  112755496 bytes,  231155360 total
- age   3:  108651704 bytes,  339807064 total
, 0.0701197 secs]
   [Parallel Time: 66.0 ms, GC Workers: 30]
      [GC Worker Start (ms): Min: 44734.0, Avg: 44734.3, Max: 44734.7, Diff: 0.7]
      [Ext Root Scanning (ms): Min: 0.0, Avg: 0.4, Max: 1.7, Diff: 1.7, Sum: 12.6]
      [Update RS (ms): Min: 18.5, Avg: 19.5, Max: 19.9, Diff: 1.4, Sum: 585.1]
         [Processed Buffers: Min: 17, Avg: 23.8, Max: 31, Diff: 14, Sum: 713]
      [Scan RS (ms): Min: 2.2, Avg: 2.5, Max: 2.6, Diff: 0.5, Sum: 73.7]
      [Code Root Scanning (ms): Min: 0.0, Avg: 0.0, Max: 0.0, Diff: 0.0, Sum: 0.0]
      [Object Copy (ms): Min: 42.7, Avg: 42.8, Max: 43.0, Diff: 0.2, Sum: 1284.7]
      [Termination (ms): Min: 0.0, Avg: 0.1, Max: 0.2, Diff: 0.2, Sum: 2.2]
         [Termination Attempts: Min: 1, Avg: 5.7, Max: 9, Diff: 8, Sum: 172]
      [GC Worker Other (ms): Min: 0.0, Avg: 0.1, Max: 0.3, Diff: 0.2, Sum: 3.6]
      [GC Worker Total (ms): Min: 65.0, Avg: 65.4, Max: 65.7, Diff: 0.7, Sum: 1961.9]
      [GC Worker End (ms): Min: 44799.6, Avg: 44799.7, Max: 44799.8, Diff: 0.2]
   [Code Root Fixup: 0.0 ms]
   [Code Root Purge: 0.0 ms]
   [Clear CT: 0.9 ms]
   [Other: 3.2 ms]
      [Choose CSet: 0.0 ms]
      [Ref Proc: 0.5 ms]
      [Ref Enq: 0.0 ms]
      [Redirty Cards: 0.9 ms]
      [Humongous Register: 0.1 ms]
      [Humongous Reclaim: 0.0 ms]
      [Free CSet: 1.4 ms]
   [Eden: 4552.0M(4552.0M)->0.0B(4560.0M) Survivors: 360.0M->352.0M Heap: 6408.9M(8192.0M)->1982.0M(8192.0M)]
 [Times: user=1.99 sys=0.01, real=0.07 secs] 
2018-10-15T09:26:08.218+0200: 44.804: Total time for which application threads were stopped: 0.0713440 seconds, Stopping threads took: 0.0005692 seconds
2018-10-15T09:26:08.664+0200: 45.250: Application time: 0.4461288 seconds
2018-10-15T09:26:08.665+0200: 45.251: [GC pause (G1 Evacuation Pause) (young)
Desired survivor size 322961408 bytes, new threshold 3 (max 15)
- age   1:  113780336 bytes,  113780336 total
- age   2:  109488592 bytes,  223268928 total
- age   3:  111500880 bytes,  334769808 total
, 0.0749128 secs]
   [Parallel Time: 70.7 ms, GC Workers: 30]
      [GC Worker Start (ms): Min: 45251.5, Avg: 45251.9, Max: 45252.5, Diff: 1.0]
      [Ext Root Scanning (ms): Min: 0.0, Avg: 0.4, Max: 1.8, Diff: 1.8, Sum: 12.0]
      [Update RS (ms): Min: 20.1, Avg: 21.2, Max: 21.6, Diff: 1.5, Sum: 635.7]
         [Processed Buffers: Min: 20, Avg: 25.9, Max: 36, Diff: 16, Sum: 776]
      [Scan RS (ms): Min: 1.0, Avg: 1.3, Max: 1.5, Diff: 0.5, Sum: 40.1]
      [Code Root Scanning (ms): Min: 0.0, Avg: 0.0, Max: 0.0, Diff: 0.0, Sum: 0.1]
      [Object Copy (ms): Min: 46.9, Avg: 47.1, Max: 47.2, Diff: 0.3, Sum: 1412.4]
      [Termination (ms): Min: 0.0, Avg: 0.1, Max: 0.2, Diff: 0.2, Sum: 2.3]
         [Termination Attempts: Min: 1, Avg: 5.3, Max: 9, Diff: 8, Sum: 158]
      [GC Worker Other (ms): Min: 0.0, Avg: 0.1, Max: 0.2, Diff: 0.2, Sum: 3.7]
      [GC Worker Total (ms): Min: 69.5, Avg: 70.2, Max: 70.6, Diff: 1.1, Sum: 2106.3]
      [GC Worker End (ms): Min: 45321.9, Avg: 45322.1, Max: 45322.2, Diff: 0.2]
   [Code Root Fixup: 0.0 ms]
   [Code Root Purge: 0.0 ms]
   [Clear CT: 0.8 ms]
   [Other: 3.4 ms]
      [Choose CSet: 0.0 ms]
      [Ref Proc: 0.4 ms]
      [Ref Enq: 0.0 ms]
      [Redirty Cards: 0.6 ms]
      [Humongous Register: 0.1 ms]
      [Humongous Reclaim: 0.1 ms]
      [Free CSet: 1.7 ms]
   [Eden: 4560.0M(4560.0M)->0.0B(4556.0M) Survivors: 352.0M->356.0M Heap: 6542.0M(8192.0M)->2118.0M(8192.0M)]
 [Times: user=2.13 sys=0.00, real=0.07 secs] 
2018-10-15T09:26:08.740+0200: 45.326: Total time for which application threads were stopped: 0.0761634 seconds, Stopping threads took: 0.0005298 seconds
2018-10-15T09:26:09.197+0200: 45.783: Application time: 0.4565693 seconds
2018-10-15T09:26:09.198+0200: 45.784: [GC pause (G1 Evacuation Pause) (young)
Desired survivor size 322961408 bytes, new threshold 3 (max 15)
- age   1:  119400056 bytes,  119400056 total
- age   2:  108145664 bytes,  227545720 total
- age   3:  109068104 bytes,  336613824 total
, 0.0732771 secs]
   [Parallel Time: 69.5 ms, GC Workers: 30]
      [GC Worker Start (ms): Min: 45784.3, Avg: 45785.0, Max: 45785.8, Diff: 1.5]
      [Ext Root Scanning (ms): Min: 0.0, Avg: 0.3, Max: 1.8, Diff: 1.8, Sum: 8.9]
      [Update RS (ms): Min: 18.5, Avg: 19.3, Max: 19.9, Diff: 1.4, Sum: 580.0]
         [Processed Buffers: Min: 19, Avg: 23.4, Max: 30, Diff: 11, Sum: 703]
      [Scan RS (ms): Min: 1.6, Avg: 1.9, Max: 2.1, Diff: 0.6, Sum: 57.0]
      [Code Root Scanning (ms): Min: 0.0, Avg: 0.0, Max: 0.0, Diff: 0.0, Sum: 0.0]
      [Object Copy (ms): Min: 46.7, Avg: 46.8, Max: 47.0, Diff: 0.3, Sum: 1403.0]
      [Termination (ms): Min: 0.0, Avg: 0.0, Max: 0.1, Diff: 0.1, Sum: 1.4]
         [Termination Attempts: Min: 2, Avg: 18.5, Max: 24, Diff: 22, Sum: 556]
      [GC Worker Other (ms): Min: 0.0, Avg: 0.1, Max: 0.3, Diff: 0.2, Sum: 4.0]
      [GC Worker Total (ms): Min: 67.6, Avg: 68.5, Max: 69.3, Diff: 1.7, Sum: 2054.3]
      [GC Worker End (ms): Min: 45853.4, Avg: 45853.5, Max: 45853.6, Diff: 0.2]
   [Code Root Fixup: 0.0 ms]
   [Code Root Purge: 0.0 ms]
   [Clear CT: 0.9 ms]
   [Other: 2.9 ms]
      [Choose CSet: 0.0 ms]
      [Ref Proc: 0.4 ms]
      [Ref Enq: 0.0 ms]
      [Redirty Cards: 0.6 ms]
      [Humongous Register: 0.1 ms]
      [Humongous Reclaim: 0.0 ms]
      [Free CSet: 1.3 ms]
   [Eden: 4556.0M(4556.0M)->0.0B(4560.0M) Survivors: 356.0M->352.0M Heap: 6674.0M(8192.0M)->2256.0M(8192.0M)]
 [Times: user=2.07 sys=0.01, real=0.07 secs] 
2018-10-15T09:26:09.271+0200: 45.857: Total time for which application threads were stopped: 0.0745292 seconds, Stopping threads took: 0.0005938 seconds
2018-10-15T09:26:09.736+0200: 46.323: Application time: 0.4650937 seconds
2018-10-15T09:26:09.737+0200: 46.323: [GC pause (G1 Evacuation Pause) (young)
Desired survivor size 322961408 bytes, new threshold 3 (max 15)
- age   1:  112383040 bytes,  112383040 total
- age   2:  112629048 bytes,  225012088 total
- age   3:  106800960 bytes,  331813048 total
, 0.0701550 secs]
   [Parallel Time: 65.6 ms, GC Workers: 30]
      [GC Worker Start (ms): Min: 46323.8, Avg: 46324.0, Max: 46324.4, Diff: 0.6]
      [Ext Root Scanning (ms): Min: 0.1, Avg: 0.5, Max: 1.7, Diff: 1.6, Sum: 14.4]
      [Update RS (ms): Min: 18.0, Avg: 18.7, Max: 19.4, Diff: 1.4, Sum: 562.5]
         [Processed Buffers: Min: 22, Avg: 25.6, Max: 32, Diff: 10, Sum: 768]
      [Scan RS (ms): Min: 0.8, Avg: 1.5, Max: 1.7, Diff: 0.9, Sum: 44.3]
      [Code Root Scanning (ms): Min: 0.0, Avg: 0.0, Max: 0.0, Diff: 0.0, Sum: 0.0]
      [Object Copy (ms): Min: 44.0, Avg: 44.1, Max: 44.3, Diff: 0.3, Sum: 1324.2]
      [Termination (ms): Min: 0.0, Avg: 0.1, Max: 0.1, Diff: 0.1, Sum: 2.0]
         [Termination Attempts: Min: 1, Avg: 5.1, Max: 8, Diff: 7, Sum: 154]
      [GC Worker Other (ms): Min: 0.0, Avg: 0.1, Max: 0.3, Diff: 0.3, Sum: 4.1]
      [GC Worker Total (ms): Min: 64.6, Avg: 65.0, Max: 65.3, Diff: 0.7, Sum: 1951.5]
      [GC Worker End (ms): Min: 46388.9, Avg: 46389.0, Max: 46389.2, Diff: 0.2]
   [Code Root Fixup: 0.0 ms]
   [Code Root Purge: 0.0 ms]
   [Clear CT: 0.7 ms]
   [Other: 3.8 ms]
      [Choose CSet: 0.0 ms]
      [Ref Proc: 0.4 ms]
      [Ref Enq: 0.0 ms]
      [Redirty Cards: 0.8 ms]
      [Humongous Register: 0.1 ms]
      [Humongous Reclaim: 0.1 ms]
      [Free CSet: 2.0 ms]
   [Eden: 4560.0M(4560.0M)->0.0B(4564.0M) Survivors: 352.0M->348.0M Heap: 6816.0M(8192.0M)->2386.0M(8192.0M)]
 [Times: user=1.97 sys=0.00, real=0.07 secs] 
2018-10-15T09:26:09.808+0200: 46.394: Total time for which application threads were stopped: 0.0714500 seconds, Stopping threads took: 0.0005237 seconds
2018-10-15T09:26:10.253+0200: 46.839: Application time: 0.4446183 seconds
2018-10-15T09:26:10.257+0200: 46.843: [GC pause (G1 Evacuation Pause) (young)
Desired survivor size 322961408 bytes, new threshold 3 (max 15)
- age   1:  112307936 bytes,  112307936 total
- age   2:  105875608 bytes,  218183544 total
- age   3:  111659936 bytes,  329843480 total
, 0.0780075 secs]
   [Parallel Time: 74.1 ms, GC Workers: 30]
      [GC Worker Start (ms): Min: 46843.1, Avg: 46843.8, Max: 46844.3, Diff: 1.2]
      [Ext Root Scanning (ms): Min: 0.0, Avg: 0.3, Max: 1.7, Diff: 1.7, Sum: 9.3]
      [Update RS (ms): Min: 28.8, Avg: 29.6, Max: 29.9, Diff: 1.1, Sum: 888.3]
         [Processed Buffers: Min: 34, Avg: 39.1, Max: 49, Diff: 15, Sum: 1173]
      [Scan RS (ms): Min: 0.0, Avg: 0.2, Max: 0.3, Diff: 0.3, Sum: 5.3]
      [Code Root Scanning (ms): Min: 0.0, Avg: 0.0, Max: 0.0, Diff: 0.0, Sum: 0.0]
      [Object Copy (ms): Min: 42.7, Avg: 42.9, Max: 43.0, Diff: 0.3, Sum: 1285.9]
      [Termination (ms): Min: 0.0, Avg: 0.0, Max: 0.0, Diff: 0.0, Sum: 0.3]
         [Termination Attempts: Min: 1, Avg: 1.4, Max: 2, Diff: 1, Sum: 43]
      [GC Worker Other (ms): Min: 0.0, Avg: 0.1, Max: 0.3, Diff: 0.2, Sum: 4.0]
      [GC Worker Total (ms): Min: 72.4, Avg: 73.1, Max: 73.9, Diff: 1.5, Sum: 2193.1]
      [GC Worker End (ms): Min: 46916.8, Avg: 46916.9, Max: 46917.0, Diff: 0.2]
   [Code Root Fixup: 0.0 ms]
   [Code Root Purge: 0.0 ms]
   [Clear CT: 0.7 ms]
   [Other: 3.3 ms]
      [Choose CSet: 0.0 ms]
      [Ref Proc: 0.5 ms]
      [Ref Enq: 0.0 ms]
      [Redirty Cards: 0.6 ms]
      [Humongous Register: 0.1 ms]
      [Humongous Reclaim: 0.1 ms]
      [Free CSet: 1.6 ms]
   [Eden: 4564.0M(4564.0M)->0.0B(4492.0M) Survivors: 348.0M->336.0M Heap: 6950.0M(8192.0M)->2514.0M(8192.0M)]
 [Times: user=2.22 sys=0.00, real=0.08 secs] 
2018-10-15T09:26:10.335+0200: 46.921: Total time for which application threads were stopped: 0.0823971 seconds, Stopping threads took: 0.0037210 seconds
2018-10-15T09:26:10.796+0200: 47.382: Application time: 0.4612316 seconds
2018-10-15T09:26:10.797+0200: 47.383: [GC pause (G1 Evacuation Pause) (young)
Desired survivor size 316669952 bytes, new threshold 15 (max 15)
- age   1:  103248672 bytes,  103248672 total
- age   2:  105269472 bytes,  208518144 total
- age   3:  104802336 bytes,  313320480 total
, 0.0739052 secs]
   [Parallel Time: 70.5 ms, GC Workers: 30]
      [GC Worker Start (ms): Min: 47383.6, Avg: 47383.8, Max: 47384.3, Diff: 0.7]
      [Ext Root Scanning (ms): Min: 0.0, Avg: 0.4, Max: 1.7, Diff: 1.7, Sum: 13.4]
      [Update RS (ms): Min: 19.0, Avg: 19.9, Max: 20.3, Diff: 1.3, Sum: 597.7]
         [Processed Buffers: Min: 20, Avg: 25.5, Max: 34, Diff: 14, Sum: 764]
      [Scan RS (ms): Min: 1.6, Avg: 2.0, Max: 2.2, Diff: 0.6, Sum: 60.3]
      [Code Root Scanning (ms): Min: 0.0, Avg: 0.0, Max: 0.0, Diff: 0.0, Sum: 0.1]
      [Object Copy (ms): Min: 47.3, Avg: 47.5, Max: 47.6, Diff: 0.3, Sum: 1424.3]
      [Termination (ms): Min: 0.0, Avg: 0.0, Max: 0.0, Diff: 0.0, Sum: 0.9]
         [Termination Attempts: Min: 1, Avg: 11.6, Max: 15, Diff: 14, Sum: 347]
      [GC Worker Other (ms): Min: 0.0, Avg: 0.1, Max: 0.3, Diff: 0.2, Sum: 4.0]
      [GC Worker Total (ms): Min: 69.4, Avg: 70.0, Max: 70.4, Diff: 0.9, Sum: 2100.7]
      [GC Worker End (ms): Min: 47453.7, Avg: 47453.8, Max: 47454.0, Diff: 0.2]
   [Code Root Fixup: 0.0 ms]
   [Code Root Purge: 0.0 ms]
   [Clear CT: 0.7 ms]
   [Other: 2.7 ms]
      [Choose CSet: 0.0 ms]
      [Ref Proc: 0.5 ms]
      [Ref Enq: 0.0 ms]
      [Redirty Cards: 0.3 ms]
      [Humongous Register: 0.1 ms]
      [Humongous Reclaim: 0.0 ms]
      [Free CSet: 1.3 ms]
   [Eden: 4492.0M(4492.0M)->0.0B(4292.0M) Survivors: 336.0M->436.0M Heap: 7006.0M(8192.0M)->2612.0M(8192.0M)]
 [Times: user=2.11 sys=0.00, real=0.07 secs] 
2018-10-15T09:26:10.871+0200: 47.457: Total time for which application threads were stopped: 0.0750951 seconds, Stopping threads took: 0.0005488 seconds
2018-10-15T09:26:11.299+0200: 47.885: Application time: 0.4274694 seconds
2018-10-15T09:26:11.300+0200: 47.886: [GC pause (G1 Evacuation Pause) (young)
Desired survivor size 310378496 bytes, new threshold 3 (max 15)
- age   1:  121292376 bytes,  121292376 total
- age   2:   94798264 bytes,  216090640 total
- age   3:  104404416 bytes,  320495056 total
- age   4:  104703208 bytes,  425198264 total
, 0.0725575 secs]
   [Parallel Time: 67.8 ms, GC Workers: 30]
      [GC Worker Start (ms): Min: 47886.5, Avg: 47887.1, Max: 47887.7, Diff: 1.2]
      [Ext Root Scanning (ms): Min: 0.0, Avg: 0.3, Max: 1.6, Diff: 1.6, Sum: 7.6]
      [Update RS (ms): Min: 8.2, Avg: 8.9, Max: 9.3, Diff: 1.2, Sum: 268.2]
         [Processed Buffers: Min: 11, Avg: 14.8, Max: 23, Diff: 12, Sum: 445]
      [Scan RS (ms): Min: 0.0, Avg: 0.2, Max: 0.3, Diff: 0.3, Sum: 6.1]
      [Code Root Scanning (ms): Min: 0.0, Avg: 0.0, Max: 0.0, Diff: 0.0, Sum: 0.1]
      [Object Copy (ms): Min: 57.4, Avg: 57.5, Max: 57.6, Diff: 0.1, Sum: 1724.8]
      [Termination (ms): Min: 0.0, Avg: 0.0, Max: 0.1, Diff: 0.1, Sum: 1.0]
         [Termination Attempts: Min: 1, Avg: 15.7, Max: 22, Diff: 21, Sum: 470]
      [GC Worker Other (ms): Min: 0.0, Avg: 0.1, Max: 0.2, Diff: 0.2, Sum: 3.6]
      [GC Worker Total (ms): Min: 66.4, Avg: 67.0, Max: 67.7, Diff: 1.3, Sum: 2011.3]
      [GC Worker End (ms): Min: 47954.1, Avg: 47954.2, Max: 47954.3, Diff: 0.2]
   [Code Root Fixup: 0.0 ms]
   [Code Root Purge: 0.0 ms]
   [Clear CT: 0.8 ms]
   [Other: 3.9 ms]
      [Choose CSet: 0.0 ms]
      [Ref Proc: 0.4 ms]
      [Ref Enq: 0.0 ms]
      [Redirty Cards: 1.1 ms]
      [Humongous Register: 0.1 ms]
      [Humongous Reclaim: 0.1 ms]
      [Free CSet: 1.8 ms]
   [Eden: 4292.0M(4292.0M)->0.0B(4224.0M) Survivors: 436.0M->348.0M Heap: 6904.0M(8192.0M)->2769.7M(8192.0M)]
 [Times: user=2.05 sys=0.00, real=0.08 secs] 
2018-10-15T09:26:11.373+0200: 47.959: Total time for which application threads were stopped: 0.0742738 seconds, Stopping threads took: 0.0009817 seconds
2018-10-15T09:26:11.806+0200: 48.392: Application time: 0.4330584 seconds
2018-10-15T09:26:11.807+0200: 48.393: [GC pause (G1 Evacuation Pause) (young)
Desired survivor size 299892736 bytes, new threshold 3 (max 15)
- age   1:  123447976 bytes,  123447976 total
- age   2:  114644840 bytes,  238092816 total
- age   3:   94106424 bytes,  332199240 total
, 0.0748474 secs]
   [Parallel Time: 70.4 ms, GC Workers: 30]
      [GC Worker Start (ms): Min: 48393.7, Avg: 48394.0, Max: 48394.5, Diff: 0.7]
      [Ext Root Scanning (ms): Min: 0.0, Avg: 0.4, Max: 1.6, Diff: 1.6, Sum: 12.8]
      [Update RS (ms): Min: 20.1, Avg: 21.1, Max: 21.7, Diff: 1.5, Sum: 634.1]
         [Processed Buffers: Min: 22, Avg: 27.9, Max: 37, Diff: 15, Sum: 836]
      [Scan RS (ms): Min: 0.2, Avg: 0.7, Max: 0.9, Diff: 0.7, Sum: 20.9]
      [Code Root Scanning (ms): Min: 0.0, Avg: 0.0, Max: 0.0, Diff: 0.0, Sum: 0.0]
      [Object Copy (ms): Min: 47.2, Avg: 47.4, Max: 47.5, Diff: 0.2, Sum: 1420.6]
      [Termination (ms): Min: 0.0, Avg: 0.1, Max: 0.3, Diff: 0.2, Sum: 2.1]
         [Termination Attempts: Min: 1, Avg: 6.1, Max: 11, Diff: 10, Sum: 182]
      [GC Worker Other (ms): Min: 0.0, Avg: 0.1, Max: 0.2, Diff: 0.2, Sum: 3.6]
      [GC Worker Total (ms): Min: 69.4, Avg: 69.8, Max: 70.1, Diff: 0.7, Sum: 2094.0]
      [GC Worker End (ms): Min: 48463.7, Avg: 48463.8, Max: 48463.9, Diff: 0.2]
   [Code Root Fixup: 0.0 ms]
   [Code Root Purge: 0.0 ms]
   [Clear CT: 0.9 ms]
   [Other: 3.6 ms]
      [Choose CSet: 0.0 ms]
      [Ref Proc: 0.5 ms]
      [Ref Enq: 0.0 ms]
      [Redirty Cards: 0.6 ms]
      [Humongous Register: 0.1 ms]
      [Humongous Reclaim: 0.1 ms]
      [Free CSet: 1.9 ms]
   [Eden: 4224.0M(4224.0M)->0.0B(4060.0M) Survivors: 348.0M->372.0M Heap: 6993.7M(8192.0M)->2910.0M(8192.0M)]
 [Times: user=2.12 sys=0.00, real=0.07 secs] 
2018-10-15T09:26:11.883+0200: 48.469: Total time for which application threads were stopped: 0.0764450 seconds, Stopping threads took: 0.0008174 seconds
2018-10-15T09:26:12.293+0200: 48.879: Application time: 0.4107235 seconds
2018-10-15T09:26:12.294+0200: 48.880: [GC pause (G1 Evacuation Pause) (young)
Desired survivor size 291504128 bytes, new threshold 3 (max 15)
- age   1:  121689016 bytes,  121689016 total
- age   2:  116611664 bytes,  238300680 total
- age   3:  113022392 bytes,  351323072 total
, 0.0726947 secs]
   [Parallel Time: 69.3 ms, GC Workers: 30]
      [GC Worker Start (ms): Min: 48880.5, Avg: 48880.7, Max: 48881.2, Diff: 0.6]
      [Ext Root Scanning (ms): Min: 0.0, Avg: 0.5, Max: 1.8, Diff: 1.8, Sum: 14.8]
      [Update RS (ms): Min: 21.5, Avg: 22.4, Max: 22.6, Diff: 1.1, Sum: 671.4]
         [Processed Buffers: Min: 27, Avg: 33.1, Max: 48, Diff: 21, Sum: 994]
      [Scan RS (ms): Min: 0.0, Avg: 0.2, Max: 0.3, Diff: 0.2, Sum: 4.8]
      [Code Root Scanning (ms): Min: 0.0, Avg: 0.0, Max: 0.0, Diff: 0.0, Sum: 0.0]
      [Object Copy (ms): Min: 45.6, Avg: 45.7, Max: 45.8, Diff: 0.2, Sum: 1370.5]
      [Termination (ms): Min: 0.0, Avg: 0.1, Max: 0.1, Diff: 0.1, Sum: 2.2]
         [Termination Attempts: Min: 2, Avg: 5.9, Max: 9, Diff: 7, Sum: 177]
      [GC Worker Other (ms): Min: 0.0, Avg: 0.1, Max: 0.2, Diff: 0.2, Sum: 3.4]
      [GC Worker Total (ms): Min: 68.4, Avg: 68.9, Max: 69.1, Diff: 0.7, Sum: 2067.1]
      [GC Worker End (ms): Min: 48949.5, Avg: 48949.6, Max: 48949.7, Diff: 0.2]
   [Code Root Fixup: 0.0 ms]
   [Code Root Purge: 0.0 ms]
   [Clear CT: 0.7 ms]
   [Other: 2.7 ms]
      [Choose CSet: 0.0 ms]
      [Ref Proc: 0.4 ms]
      [Ref Enq: 0.0 ms]
      [Redirty Cards: 0.6 ms]
      [Humongous Register: 0.1 ms]
      [Humongous Reclaim: 0.1 ms]
      [Free CSet: 1.1 ms]
   [Eden: 4060.0M(4060.0M)->0.0B(3960.0M) Survivors: 372.0M->356.0M Heap: 6970.0M(8192.0M)->3026.0M(8192.0M)]
 [Times: user=2.09 sys=0.00, real=0.07 secs] 
2018-10-15T09:26:12.367+0200: 48.953: Total time for which application threads were stopped: 0.0737956 seconds, Stopping threads took: 0.0004682 seconds
2018-10-15T09:26:12.767+0200: 49.353: Application time: 0.3996738 seconds
2018-10-15T09:26:12.768+0200: 49.354: [GC pause (G1 Evacuation Pause) (young)
Desired survivor size 283115520 bytes, new threshold 3 (max 15)
- age   1:  105772736 bytes,  105772736 total
- age   2:  115386008 bytes,  221158744 total
- age   3:  115127520 bytes,  336286264 total
, 0.0708831 secs]
   [Parallel Time: 67.3 ms, GC Workers: 30]
      [GC Worker Start (ms): Min: 49354.1, Avg: 49354.4, Max: 49354.9, Diff: 0.8]
      [Ext Root Scanning (ms): Min: 0.0, Avg: 0.4, Max: 1.8, Diff: 1.8, Sum: 12.1]
      [Update RS (ms): Min: 16.6, Avg: 17.6, Max: 17.9, Diff: 1.3, Sum: 526.9]
         [Processed Buffers: Min: 17, Avg: 22.8, Max: 34, Diff: 17, Sum: 683]
      [Scan RS (ms): Min: 1.8, Avg: 2.1, Max: 2.3, Diff: 0.5, Sum: 63.4]
      [Code Root Scanning (ms): Min: 0.0, Avg: 0.0, Max: 0.0, Diff: 0.0, Sum: 0.0]
      [Object Copy (ms): Min: 46.4, Avg: 46.5, Max: 46.6, Diff: 0.3, Sum: 1394.3]
      [Termination (ms): Min: 0.0, Avg: 0.1, Max: 0.2, Diff: 0.2, Sum: 2.2]
         [Termination Attempts: Min: 1, Avg: 5.6, Max: 8, Diff: 7, Sum: 168]
      [GC Worker Other (ms): Min: 0.0, Avg: 0.1, Max: 0.2, Diff: 0.2, Sum: 3.1]
      [GC Worker Total (ms): Min: 66.2, Avg: 66.7, Max: 67.1, Diff: 0.9, Sum: 2001.9]
      [GC Worker End (ms): Min: 49421.1, Avg: 49421.2, Max: 49421.3, Diff: 0.2]
   [Code Root Fixup: 0.0 ms]
   [Code Root Purge: 0.0 ms]
   [Clear CT: 0.7 ms]
   [Other: 2.9 ms]
      [Choose CSet: 0.0 ms]
      [Ref Proc: 0.5 ms]
      [Ref Enq: 0.0 ms]
      [Redirty Cards: 0.8 ms]
      [Humongous Register: 0.1 ms]
      [Humongous Reclaim: 0.1 ms]
      [Free CSet: 1.1 ms]
   [Eden: 3960.0M(3960.0M)->0.0B(3864.0M) Survivors: 356.0M->336.0M Heap: 6986.0M(8192.0M)->3144.0M(8192.0M)]
 [Times: user=2.03 sys=0.01, real=0.07 secs] 
2018-10-15T09:26:12.839+0200: 49.425: Total time for which application threads were stopped: 0.0720587 seconds, Stopping threads took: 0.0005120 seconds
2018-10-15T09:26:13.233+0200: 49.819: Application time: 0.3937462 seconds
2018-10-15T09:26:13.234+0200: 49.820: [GC pause (G1 Evacuation Pause) (young)
Desired survivor size 276824064 bytes, new threshold 3 (max 15)
- age   1:  100602120 bytes,  100602120 total
- age   2:  100327576 bytes,  200929696 total
- age   3:  114912056 bytes,  315841752 total
, 0.0764409 secs]
   [Parallel Time: 72.9 ms, GC Workers: 30]
      [GC Worker Start (ms): Min: 49819.9, Avg: 49820.1, Max: 49820.4, Diff: 0.5]
      [Ext Root Scanning (ms): Min: 0.1, Avg: 0.5, Max: 1.8, Diff: 1.6, Sum: 14.6]
      [Update RS (ms): Min: 18.4, Avg: 19.5, Max: 19.7, Diff: 1.3, Sum: 584.1]
         [Processed Buffers: Min: 21, Avg: 24.9, Max: 34, Diff: 13, Sum: 746]
      [Scan RS (ms): Min: 2.2, Avg: 2.5, Max: 2.6, Diff: 0.4, Sum: 74.9]
      [Code Root Scanning (ms): Min: 0.0, Avg: 0.0, Max: 0.0, Diff: 0.0, Sum: 0.0]
      [Object Copy (ms): Min: 49.7, Avg: 49.7, Max: 49.9, Diff: 0.2, Sum: 1491.8]
      [Termination (ms): Min: 0.0, Avg: 0.2, Max: 0.2, Diff: 0.2, Sum: 4.9]
         [Termination Attempts: Min: 1, Avg: 118.4, Max: 137, Diff: 136, Sum: 3552]
      [GC Worker Other (ms): Min: 0.0, Avg: 0.1, Max: 0.2, Diff: 0.2, Sum: 3.6]
      [GC Worker Total (ms): Min: 72.1, Avg: 72.5, Max: 72.7, Diff: 0.6, Sum: 2174.0]
      [GC Worker End (ms): Min: 49892.5, Avg: 49892.6, Max: 49892.7, Diff: 0.2]
   [Code Root Fixup: 0.0 ms]
   [Code Root Purge: 0.0 ms]
   [Clear CT: 0.7 ms]
   [Other: 2.8 ms]
      [Choose CSet: 0.0 ms]
      [Ref Proc: 0.4 ms]
      [Ref Enq: 0.0 ms]
      [Redirty Cards: 0.8 ms]
      [Humongous Register: 0.1 ms]
      [Humongous Reclaim: 0.0 ms]
      [Free CSet: 1.2 ms]
   [Eden: 3864.0M(3864.0M)->0.0B(3792.0M) Survivors: 336.0M->304.0M Heap: 7008.0M(8192.0M)->3248.0M(8192.0M)]
 [Times: user=2.20 sys=0.00, real=0.07 secs] 
2018-10-15T09:26:13.310+0200: 49.896: Total time for which application threads were stopped: 0.0776307 seconds, Stopping threads took: 0.0005550 seconds
2018-10-15T09:26:13.698+0200: 50.284: Application time: 0.3873358 seconds
2018-10-15T09:26:13.699+0200: 50.285: [GC pause (G1 Evacuation Pause) (young)
Desired survivor size 268435456 bytes, new threshold 3 (max 15)
- age   1:   94723280 bytes,   94723280 total
- age   2:   93325808 bytes,  188049088 total
- age   3:   99452936 bytes,  287502024 total
, 0.0674364 secs]
   [Parallel Time: 64.0 ms, GC Workers: 30]
      [GC Worker Start (ms): Min: 50284.9, Avg: 50285.0, Max: 50285.1, Diff: 0.3]
      [Ext Root Scanning (ms): Min: 0.3, Avg: 0.5, Max: 1.8, Diff: 1.5, Sum: 14.7]
      [Update RS (ms): Min: 19.3, Avg: 20.5, Max: 20.9, Diff: 1.6, Sum: 615.9]
         [Processed Buffers: Min: 23, Avg: 27.1, Max: 36, Diff: 13, Sum: 814]
      [Scan RS (ms): Min: 1.4, Avg: 1.8, Max: 2.0, Diff: 0.6, Sum: 52.8]
      [Code Root Scanning (ms): Min: 0.0, Avg: 0.0, Max: 0.0, Diff: 0.0, Sum: 0.0]
      [Object Copy (ms): Min: 40.6, Avg: 40.7, Max: 40.8, Diff: 0.2, Sum: 1220.5]
      [Termination (ms): Min: 0.0, Avg: 0.1, Max: 0.1, Diff: 0.1, Sum: 2.3]
         [Termination Attempts: Min: 3, Avg: 9.4, Max: 14, Diff: 11, Sum: 281]
      [GC Worker Other (ms): Min: 0.0, Avg: 0.1, Max: 0.2, Diff: 0.2, Sum: 2.7]
      [GC Worker Total (ms): Min: 63.4, Avg: 63.6, Max: 63.8, Diff: 0.4, Sum: 1909.0]
      [GC Worker End (ms): Min: 50348.6, Avg: 50348.6, Max: 50348.7, Diff: 0.2]
   [Code Root Fixup: 0.0 ms]
   [Code Root Purge: 0.0 ms]
   [Clear CT: 0.8 ms]
   [Other: 2.7 ms]
      [Choose CSet: 0.0 ms]
      [Ref Proc: 0.4 ms]
      [Ref Enq: 0.0 ms]
      [Redirty Cards: 0.6 ms]
      [Humongous Register: 0.1 ms]
      [Humongous Reclaim: 0.1 ms]
      [Free CSet: 1.1 ms]
   [Eden: 3792.0M(3792.0M)->0.0B(3696.0M) Survivors: 304.0M->288.0M Heap: 7040.0M(8192.0M)->3358.0M(8192.0M)]
 [Times: user=1.94 sys=0.00, real=0.07 secs] 
2018-10-15T09:26:13.766+0200: 50.352: Total time for which application threads were stopped: 0.0686276 seconds, Stopping threads took: 0.0005101 seconds
2018-10-15T09:26:14.148+0200: 50.734: Application time: 0.3814071 seconds
2018-10-15T09:26:14.149+0200: 50.735: [GC pause (G1 Evacuation Pause) (young)
Desired survivor size 262144000 bytes, new threshold 3 (max 15)
- age   1:   89906176 bytes,   89906176 total
- age   2:   89687328 bytes,  179593504 total
- age   3:   92240960 bytes,  271834464 total
, 0.0657646 secs]
   [Parallel Time: 62.2 ms, GC Workers: 30]
      [GC Worker Start (ms): Min: 50735.0, Avg: 50735.3, Max: 50735.9, Diff: 0.9]
      [Ext Root Scanning (ms): Min: 0.0, Avg: 0.4, Max: 1.7, Diff: 1.7, Sum: 11.8]
      [Update RS (ms): Min: 18.4, Avg: 19.5, Max: 19.8, Diff: 1.4, Sum: 584.3]
         [Processed Buffers: Min: 20, Avg: 24.6, Max: 31, Diff: 11, Sum: 739]
      [Scan RS (ms): Min: 1.7, Avg: 1.9, Max: 2.1, Diff: 0.4, Sum: 58.1]
      [Code Root Scanning (ms): Min: 0.0, Avg: 0.0, Max: 0.0, Diff: 0.0, Sum: 0.0]
      [Object Copy (ms): Min: 39.5, Avg: 39.6, Max: 39.7, Diff: 0.2, Sum: 1188.0]
      [Termination (ms): Min: 0.0, Avg: 0.1, Max: 0.1, Diff: 0.1, Sum: 1.9]
         [Termination Attempts: Min: 2, Avg: 5.2, Max: 8, Diff: 6, Sum: 157]
      [GC Worker Other (ms): Min: 0.0, Avg: 0.1, Max: 0.2, Diff: 0.2, Sum: 3.2]
      [GC Worker Total (ms): Min: 61.0, Avg: 61.6, Max: 62.0, Diff: 1.0, Sum: 1847.3]
      [GC Worker End (ms): Min: 50796.8, Avg: 50796.9, Max: 50797.0, Diff: 0.2]
   [Code Root Fixup: 0.0 ms]
   [Code Root Purge: 0.0 ms]
   [Clear CT: 0.6 ms]
   [Other: 2.9 ms]
      [Choose CSet: 0.0 ms]
      [Ref Proc: 0.5 ms]
      [Ref Enq: 0.0 ms]
      [Redirty Cards: 0.7 ms]
      [Humongous Register: 0.1 ms]
      [Humongous Reclaim: 0.1 ms]
      [Free CSet: 1.1 ms]
   [Eden: 3696.0M(3696.0M)->0.0B(3560.0M) Survivors: 288.0M->296.0M Heap: 7054.0M(8192.0M)->3484.0M(8192.0M)]
 [Times: user=1.88 sys=0.00, real=0.07 secs] 
2018-10-15T09:26:14.215+0200: 50.801: Total time for which application threads were stopped: 0.0669462 seconds, Stopping threads took: 0.0005028 seconds
2018-10-15T09:26:14.558+0200: 51.144: Application time: 0.3437559 seconds
2018-10-15T09:26:14.559+0200: 51.145: [GC pause (G1 Evacuation Pause) (young)
Desired survivor size 253755392 bytes, new threshold 3 (max 15)
- age   1:   97501536 bytes,   97501536 total
- age   2:   84452464 bytes,  181954000 total
- age   3:   89071368 bytes,  271025368 total
, 0.0663256 secs]
   [Parallel Time: 63.4 ms, GC Workers: 30]
      [GC Worker Start (ms): Min: 51145.5, Avg: 51145.7, Max: 51145.9, Diff: 0.4]
      [Ext Root Scanning (ms): Min: 0.2, Avg: 0.4, Max: 1.6, Diff: 1.5, Sum: 13.2]
      [Update RS (ms): Min: 24.8, Avg: 25.6, Max: 25.8, Diff: 1.0, Sum: 767.6]
         [Processed Buffers: Min: 31, Avg: 37.8, Max: 51, Diff: 20, Sum: 1133]
      [Scan RS (ms): Min: 0.0, Avg: 0.1, Max: 0.2, Diff: 0.2, Sum: 4.0]
      [Code Root Scanning (ms): Min: 0.0, Avg: 0.0, Max: 0.0, Diff: 0.0, Sum: 0.0]
      [Object Copy (ms): Min: 36.5, Avg: 36.7, Max: 36.8, Diff: 0.2, Sum: 1099.8]
      [Termination (ms): Min: 0.0, Avg: 0.0, Max: 0.0, Diff: 0.0, Sum: 0.2]
         [Termination Attempts: Min: 1, Avg: 1.4, Max: 2, Diff: 1, Sum: 42]
      [GC Worker Other (ms): Min: 0.0, Avg: 0.1, Max: 0.2, Diff: 0.2, Sum: 3.8]
      [GC Worker Total (ms): Min: 62.6, Avg: 63.0, Max: 63.2, Diff: 0.6, Sum: 1888.6]
      [GC Worker End (ms): Min: 51208.5, Avg: 51208.6, Max: 51208.7, Diff: 0.2]
   [Code Root Fixup: 0.0 ms]
   [Code Root Purge: 0.0 ms]
   [Clear CT: 0.6 ms]
   [Other: 2.4 ms]
      [Choose CSet: 0.0 ms]
      [Ref Proc: 0.4 ms]
      [Ref Enq: 0.0 ms]
      [Redirty Cards: 0.6 ms]
      [Humongous Register: 0.1 ms]
      [Humongous Reclaim: 0.0 ms]
      [Free CSet: 0.9 ms]
   [Eden: 3560.0M(3560.0M)->0.0B(3460.0M) Survivors: 296.0M->292.0M Heap: 7044.0M(8192.0M)->3590.0M(8192.0M)]
 [Times: user=1.90 sys=0.01, real=0.07 secs] 
2018-10-15T09:26:14.626+0200: 51.212: Total time for which application threads were stopped: 0.0675308 seconds, Stopping threads took: 0.0004844 seconds
2018-10-15T09:26:14.965+0200: 51.551: Application time: 0.3394025 seconds
2018-10-15T09:26:14.966+0200: 51.552: [GC pause (G1 Evacuation Pause) (young)
Desired survivor size 247463936 bytes, new threshold 3 (max 15)
- age   1:   97689200 bytes,   97689200 total
- age   2:   90385032 bytes,  188074232 total
- age   3:   83776704 bytes,  271850936 total
, 0.0676729 secs]
   [Parallel Time: 64.7 ms, GC Workers: 30]
      [GC Worker Start (ms): Min: 51552.5, Avg: 51552.9, Max: 51553.5, Diff: 1.0]
      [Ext Root Scanning (ms): Min: 0.0, Avg: 0.4, Max: 1.8, Diff: 1.8, Sum: 12.6]
      [Update RS (ms): Min: 25.6, Avg: 26.7, Max: 27.0, Diff: 1.4, Sum: 801.7]
         [Processed Buffers: Min: 30, Avg: 34.4, Max: 43, Diff: 13, Sum: 1032]
      [Scan RS (ms): Min: 0.0, Avg: 0.1, Max: 0.2, Diff: 0.2, Sum: 4.3]
      [Code Root Scanning (ms): Min: 0.0, Avg: 0.0, Max: 0.0, Diff: 0.0, Sum: 0.0]
      [Object Copy (ms): Min: 36.6, Avg: 36.7, Max: 36.8, Diff: 0.2, Sum: 1101.6]
      [Termination (ms): Min: 0.0, Avg: 0.0, Max: 0.0, Diff: 0.0, Sum: 0.1]
         [Termination Attempts: Min: 1, Avg: 1.1, Max: 2, Diff: 1, Sum: 32]
      [GC Worker Other (ms): Min: 0.0, Avg: 0.1, Max: 0.3, Diff: 0.3, Sum: 3.7]
      [GC Worker Total (ms): Min: 63.5, Avg: 64.1, Max: 64.6, Diff: 1.1, Sum: 1924.1]
      [GC Worker End (ms): Min: 51617.0, Avg: 51617.1, Max: 51617.2, Diff: 0.2]
   [Code Root Fixup: 0.0 ms]
   [Code Root Purge: 0.0 ms]
   [Clear CT: 0.5 ms]
   [Other: 2.4 ms]
      [Choose CSet: 0.0 ms]
      [Ref Proc: 0.3 ms]
      [Ref Enq: 0.0 ms]
      [Redirty Cards: 0.7 ms]
      [Humongous Register: 0.1 ms]
      [Humongous Reclaim: 0.1 ms]
      [Free CSet: 0.9 ms]
   [Eden: 3460.0M(3460.0M)->0.0B(3360.0M) Survivors: 292.0M->288.0M Heap: 7050.0M(8192.0M)->3694.0M(8192.0M)]
 [Times: user=1.93 sys=0.01, real=0.07 secs] 
2018-10-15T09:26:15.034+0200: 51.620: Total time for which application threads were stopped: 0.0689694 seconds, Stopping threads took: 0.0005198 seconds
2018-10-15T09:26:15.364+0200: 51.950: Application time: 0.3296691 seconds
2018-10-15T09:26:15.368+0200: 51.954: [GC pause (G1 Evacuation Pause) (young)
Desired survivor size 239075328 bytes, new threshold 3 (max 15)
- age   1:   88466952 bytes,   88466952 total
- age   2:   89295800 bytes,  177762752 total
- age   3:   89851616 bytes,  267614368 total
, 0.0567437 secs]
   [Parallel Time: 53.8 ms, GC Workers: 30]
      [GC Worker Start (ms): Min: 51953.9, Avg: 51954.7, Max: 51955.4, Diff: 1.4]
      [Ext Root Scanning (ms): Min: 0.0, Avg: 0.2, Max: 1.7, Diff: 1.7, Sum: 7.3]
      [Update RS (ms): Min: 14.2, Avg: 14.8, Max: 15.6, Diff: 1.3, Sum: 444.0]
         [Processed Buffers: Min: 18, Avg: 22.1, Max: 30, Diff: 12, Sum: 662]
      [Scan RS (ms): Min: 1.0, Avg: 1.6, Max: 1.8, Diff: 0.8, Sum: 47.4]
      [Code Root Scanning (ms): Min: 0.0, Avg: 0.0, Max: 0.0, Diff: 0.0, Sum: 0.0]
      [Object Copy (ms): Min: 35.8, Avg: 35.9, Max: 36.0, Diff: 0.2, Sum: 1077.6]
      [Termination (ms): Min: 0.0, Avg: 0.1, Max: 0.1, Diff: 0.1, Sum: 2.1]
         [Termination Attempts: Min: 1, Avg: 5.1, Max: 10, Diff: 9, Sum: 152]
      [GC Worker Other (ms): Min: 0.0, Avg: 0.1, Max: 0.2, Diff: 0.2, Sum: 2.7]
      [GC Worker Total (ms): Min: 52.0, Avg: 52.7, Max: 53.5, Diff: 1.5, Sum: 1581.2]
      [GC Worker End (ms): Min: 52007.4, Avg: 52007.5, Max: 52007.6, Diff: 0.2]
   [Code Root Fixup: 0.0 ms]
   [Code Root Purge: 0.0 ms]
   [Clear CT: 0.6 ms]
   [Other: 2.3 ms]
      [Choose CSet: 0.0 ms]
      [Ref Proc: 0.5 ms]
      [Ref Enq: 0.0 ms]
      [Redirty Cards: 0.5 ms]
      [Humongous Register: 0.1 ms]
      [Humongous Reclaim: 0.0 ms]
      [Free CSet: 0.9 ms]
   [Eden: 3360.0M(3360.0M)->0.0B(3276.0M) Survivors: 288.0M->272.0M Heap: 7054.0M(8192.0M)->3794.0M(8192.0M)]
 [Times: user=1.60 sys=0.00, real=0.06 secs] 
2018-10-15T09:26:15.425+0200: 52.011: Total time for which application threads were stopped: 0.0607956 seconds, Stopping threads took: 0.0032931 seconds
2018-10-15T09:26:15.744+0200: 52.330: Application time: 0.3195781 seconds
2018-10-15T09:26:15.748+0200: 52.334: [GC pause (G1 Evacuation Pause) (young)
Desired survivor size 232783872 bytes, new threshold 3 (max 15)
- age   1:   84062608 bytes,   84062608 total
- age   2:   84298176 bytes,  168360784 total
- age   3:   88616008 bytes,  256976792 total
, 0.0676115 secs]
   [Parallel Time: 64.4 ms, GC Workers: 30]
      [GC Worker Start (ms): Min: 52334.0, Avg: 52334.2, Max: 52334.7, Diff: 0.7]
      [Ext Root Scanning (ms): Min: 0.0, Avg: 0.5, Max: 1.8, Diff: 1.8, Sum: 14.5]
      [Update RS (ms): Min: 26.2, Avg: 26.8, Max: 27.4, Diff: 1.2, Sum: 802.8]
         [Processed Buffers: Min: 28, Avg: 34.2, Max: 44, Diff: 16, Sum: 1027]
      [Scan RS (ms): Min: 0.0, Avg: 0.1, Max: 0.3, Diff: 0.2, Sum: 3.9]
      [Code Root Scanning (ms): Min: 0.0, Avg: 0.0, Max: 0.0, Diff: 0.0, Sum: 0.0]
      [Object Copy (ms): Min: 35.9, Avg: 36.4, Max: 36.6, Diff: 0.7, Sum: 1091.1]
      [Termination (ms): Min: 0.0, Avg: 0.0, Max: 0.0, Diff: 0.0, Sum: 0.1]
         [Termination Attempts: Min: 1, Avg: 1.0, Max: 1, Diff: 0, Sum: 30]
      [GC Worker Other (ms): Min: 0.0, Avg: 0.1, Max: 0.3, Diff: 0.3, Sum: 3.9]
      [GC Worker Total (ms): Min: 63.5, Avg: 63.9, Max: 64.1, Diff: 0.7, Sum: 1916.4]
      [GC Worker End (ms): Min: 52398.0, Avg: 52398.1, Max: 52398.2, Diff: 0.2]
   [Code Root Fixup: 0.0 ms]
   [Code Root Purge: 0.0 ms]
   [Clear CT: 0.7 ms]
   [Other: 2.5 ms]
      [Choose CSet: 0.0 ms]
      [Ref Proc: 0.4 ms]
      [Ref Enq: 0.0 ms]
      [Redirty Cards: 0.7 ms]
      [Humongous Register: 0.1 ms]
      [Humongous Reclaim: 0.1 ms]
      [Free CSet: 0.8 ms]
   [Eden: 3276.0M(3276.0M)->0.0B(3156.0M) Survivors: 272.0M->276.0M Heap: 7070.0M(8192.0M)->3910.0M(8192.0M)]
 [Times: user=1.95 sys=0.00, real=0.07 secs] 
2018-10-15T09:26:15.816+0200: 52.402: Total time for which application threads were stopped: 0.0713416 seconds, Stopping threads took: 0.0030071 seconds
2018-10-15T09:26:16.146+0200: 52.732: Application time: 0.3305562 seconds
2018-10-15T09:26:16.147+0200: 52.733: [GC pause (G1 Evacuation Pause) (young)
Desired survivor size 226492416 bytes, new threshold 3 (max 15)
- age   1:   89074240 bytes,   89074240 total
- age   2:   78318288 bytes,  167392528 total
- age   3:   83702728 bytes,  251095256 total
, 0.0541562 secs]
   [Parallel Time: 50.8 ms, GC Workers: 30]
      [GC Worker Start (ms): Min: 52733.4, Avg: 52733.6, Max: 52734.1, Diff: 0.7]
      [Ext Root Scanning (ms): Min: 0.0, Avg: 0.5, Max: 1.7, Diff: 1.7, Sum: 13.6]
      [Update RS (ms): Min: 12.4, Avg: 13.5, Max: 14.0, Diff: 1.6, Sum: 404.4]
         [Processed Buffers: Min: 16, Avg: 21.8, Max: 34, Diff: 18, Sum: 654]
      [Scan RS (ms): Min: 1.4, Avg: 1.9, Max: 2.2, Diff: 0.8, Sum: 57.1]
      [Code Root Scanning (ms): Min: 0.0, Avg: 0.0, Max: 0.0, Diff: 0.0, Sum: 0.0]
      [Object Copy (ms): Min: 34.2, Avg: 34.3, Max: 34.4, Diff: 0.2, Sum: 1029.6]
      [Termination (ms): Min: 0.0, Avg: 0.0, Max: 0.0, Diff: 0.0, Sum: 0.3]
         [Termination Attempts: Min: 1, Avg: 1.6, Max: 2, Diff: 1, Sum: 47]
      [GC Worker Other (ms): Min: 0.0, Avg: 0.1, Max: 0.3, Diff: 0.2, Sum: 4.2]
      [GC Worker Total (ms): Min: 49.8, Avg: 50.3, Max: 50.6, Diff: 0.9, Sum: 1509.2]
      [GC Worker End (ms): Min: 52783.8, Avg: 52783.9, Max: 52784.0, Diff: 0.2]
   [Code Root Fixup: 0.0 ms]
   [Code Root Purge: 0.0 ms]
   [Clear CT: 0.5 ms]
   [Other: 2.8 ms]
      [Choose CSet: 0.0 ms]
      [Ref Proc: 0.5 ms]
      [Ref Enq: 0.0 ms]
      [Redirty Cards: 0.7 ms]
      [Humongous Register: 0.1 ms]
      [Humongous Reclaim: 0.1 ms]
      [Free CSet: 1.1 ms]
   [Eden: 3156.0M(3156.0M)->0.0B(3088.0M) Survivors: 276.0M->256.0M Heap: 7066.0M(8192.0M)->4000.0M(8192.0M)]
 [Times: user=1.52 sys=0.01, real=0.05 secs] 
2018-10-15T09:26:16.201+0200: 52.787: Total time for which application threads were stopped: 0.0552740 seconds, Stopping threads took: 0.0004421 seconds
2018-10-15T09:26:16.505+0200: 53.091: Application time: 0.3035961 seconds
2018-10-15T09:26:16.506+0200: 53.092: [GC pause (G1 Evacuation Pause) (young) (initial-mark)
Desired survivor size 220200960 bytes, new threshold 3 (max 15)
- age   1:   82264064 bytes,   82264064 total
- age   2:   81390664 bytes,  163654728 total
- age   3:   75453080 bytes,  239107808 total
, 0.0659498 secs]
   [Parallel Time: 63.1 ms, GC Workers: 30]
      [GC Worker Start (ms): Min: 53092.5, Avg: 53093.1, Max: 53093.9, Diff: 1.4]
      [Ext Root Scanning (ms): Min: 1.6, Avg: 2.2, Max: 2.9, Diff: 1.2, Sum: 64.7]
      [Update RS (ms): Min: 25.9, Avg: 26.6, Max: 27.3, Diff: 1.5, Sum: 797.0]
         [Processed Buffers: Min: 29, Avg: 35.0, Max: 44, Diff: 15, Sum: 1049]
      [Scan RS (ms): Min: 0.0, Avg: 0.1, Max: 0.2, Diff: 0.2, Sum: 3.6]
      [Code Root Scanning (ms): Min: 0.0, Avg: 0.0, Max: 0.0, Diff: 0.0, Sum: 0.0]
      [Object Copy (ms): Min: 32.8, Avg: 33.0, Max: 33.1, Diff: 0.3, Sum: 989.3]
      [Termination (ms): Min: 0.0, Avg: 0.1, Max: 0.2, Diff: 0.2, Sum: 3.0]
         [Termination Attempts: Min: 1, Avg: 5.6, Max: 10, Diff: 9, Sum: 169]
      [GC Worker Other (ms): Min: 0.0, Avg: 0.1, Max: 0.2, Diff: 0.2, Sum: 2.3]
      [GC Worker Total (ms): Min: 61.2, Avg: 62.0, Max: 62.7, Diff: 1.5, Sum: 1859.8]
      [GC Worker End (ms): Min: 53155.1, Avg: 53155.1, Max: 53155.2, Diff: 0.2]
   [Code Root Fixup: 0.0 ms]
   [Code Root Purge: 0.0 ms]
   [Clear CT: 0.5 ms]
   [Other: 2.4 ms]
      [Choose CSet: 0.0 ms]
      [Ref Proc: 0.4 ms]
      [Ref Enq: 0.0 ms]
      [Redirty Cards: 0.7 ms]
      [Humongous Register: 0.1 ms]
      [Humongous Reclaim: 0.0 ms]
      [Free CSet: 0.8 ms]
   [Eden: 3088.0M(3088.0M)->0.0B(2992.0M) Survivors: 256.0M->256.0M Heap: 7088.0M(8192.0M)->4096.0M(8192.0M)]
 [Times: user=1.83 sys=0.00, real=0.07 secs] 
2018-10-15T09:26:16.572+0200: 53.158: [GC concurrent-root-region-scan-start]
2018-10-15T09:26:16.572+0200: 53.158: Total time for which application threads were stopped: 0.0672180 seconds, Stopping threads took: 0.0005176 seconds
2018-10-15T09:26:16.612+0200: 53.198: [GC concurrent-root-region-scan-end, 0.0397502 secs]
2018-10-15T09:26:16.612+0200: 53.198: [GC concurrent-mark-start]
2018-10-15T09:26:16.944+0200: 53.530: [GC concurrent-mark-end, 0.3315485 secs]
2018-10-15T09:26:16.944+0200: 53.530: Application time: 0.3713261 seconds
2018-10-15T09:26:16.944+0200: 53.530: [GC remark 2018-10-15T09:26:16.944+0200: 53.531: [Finalize Marking, 0.0011772 secs] 2018-10-15T09:26:16.946+0200: 53.532: [GC ref-proc, 0.0011769 secs] 2018-10-15T09:26:16.947+0200: 53.533: [Unloading, 0.0106906 secs], 0.0142415 secs]
 [Times: user=0.33 sys=0.00, real=0.01 secs] 
2018-10-15T09:26:16.959+0200: 53.545: Total time for which application threads were stopped: 0.0151811 seconds, Stopping threads took: 0.0004807 seconds
2018-10-15T09:26:16.959+0200: 53.545: Application time: 0.0000500 seconds
2018-10-15T09:26:16.959+0200: 53.545: [GC cleanup 6690M->5410M(8192M), 0.0085889 secs]
 [Times: user=0.21 sys=0.01, real=0.01 secs] 
2018-10-15T09:26:16.968+0200: 53.554: Total time for which application threads were stopped: 0.0090337 seconds, Stopping threads took: 0.0000566 seconds
2018-10-15T09:26:16.968+0200: 53.554: [GC concurrent-cleanup-start]
2018-10-15T09:26:16.969+0200: 53.555: [GC concurrent-cleanup-end, 0.0011835 secs]
2018-10-15T09:26:17.008+0200: 53.595: Application time: 0.0406478 seconds
2018-10-15T09:26:17.009+0200: 53.595: [GC pause (G1 Evacuation Pause) (young)
Desired survivor size 213909504 bytes, new threshold 3 (max 15)
- age   1:   81022144 bytes,   81022144 total
- age   2:   76323376 bytes,  157345520 total
- age   3:   80866568 bytes,  238212088 total
, 0.0522269 secs]
   [Parallel Time: 49.5 ms, GC Workers: 30]
      [GC Worker Start (ms): Min: 53595.6, Avg: 53595.9, Max: 53596.3, Diff: 0.6]
      [Ext Root Scanning (ms): Min: 0.0, Avg: 0.4, Max: 1.5, Diff: 1.5, Sum: 12.8]
      [Update RS (ms): Min: 13.3, Avg: 14.2, Max: 14.5, Diff: 1.2, Sum: 426.0]
         [Processed Buffers: Min: 14, Avg: 21.6, Max: 32, Diff: 18, Sum: 647]
      [Scan RS (ms): Min: 1.3, Avg: 1.6, Max: 1.7, Diff: 0.5, Sum: 46.7]
      [Code Root Scanning (ms): Min: 0.0, Avg: 0.0, Max: 0.0, Diff: 0.0, Sum: 0.0]
      [Object Copy (ms): Min: 32.5, Avg: 32.7, Max: 32.8, Diff: 0.3, Sum: 980.6]
      [Termination (ms): Min: 0.0, Avg: 0.1, Max: 0.2, Diff: 0.2, Sum: 2.7]
         [Termination Attempts: Min: 1, Avg: 6.2, Max: 11, Diff: 10, Sum: 186]
      [GC Worker Other (ms): Min: 0.0, Avg: 0.1, Max: 0.2, Diff: 0.2, Sum: 2.1]
      [GC Worker Total (ms): Min: 48.6, Avg: 49.0, Max: 49.3, Diff: 0.7, Sum: 1470.9]
      [GC Worker End (ms): Min: 53644.8, Avg: 53644.9, Max: 53645.0, Diff: 0.2]
   [Code Root Fixup: 0.0 ms]
   [Code Root Purge: 0.0 ms]
   [Clear CT: 0.5 ms]
   [Other: 2.2 ms]
      [Choose CSet: 0.0 ms]
      [Ref Proc: 0.4 ms]
      [Ref Enq: 0.0 ms]
      [Redirty Cards: 0.5 ms]
      [Humongous Register: 0.1 ms]
      [Humongous Reclaim: 0.0 ms]
      [Free CSet: 0.8 ms]
   [Eden: 2992.0M(2992.0M)->0.0B(160.0M) Survivors: 256.0M->248.0M Heap: 5808.0M(8192.0M)->2914.0M(8192.0M)]
 [Times: user=1.49 sys=0.00, real=0.05 secs] 
2018-10-15T09:26:17.062+0200: 53.648: Total time for which application threads were stopped: 0.0532934 seconds, Stopping threads took: 0.0004172 seconds
2018-10-15T09:26:17.078+0200: 53.664: Application time: 0.0160706 seconds
2018-10-15T09:26:17.079+0200: 53.665: [GC pause (G1 Evacuation Pause) (mixed)
Desired survivor size 27262976 bytes, new threshold 1 (max 15)
- age   1:   80165216 bytes,   80165216 total
- age   2:   75554368 bytes,  155719584 total
- age   3:   73730648 bytes,  229450232 total
, 0.0508461 secs]
   [Parallel Time: 47.0 ms, GC Workers: 30]
      [GC Worker Start (ms): Min: 53665.0, Avg: 53665.1, Max: 53665.3, Diff: 0.3]
      [Ext Root Scanning (ms): Min: 0.2, Avg: 0.4, Max: 1.7, Diff: 1.5, Sum: 13.3]
      [Update RS (ms): Min: 19.3, Avg: 20.2, Max: 20.5, Diff: 1.1, Sum: 604.6]
         [Processed Buffers: Min: 25, Avg: 31.7, Max: 42, Diff: 17, Sum: 951]
      [Scan RS (ms): Min: 1.1, Avg: 1.3, Max: 1.5, Diff: 0.3, Sum: 39.8]
      [Code Root Scanning (ms): Min: 0.0, Avg: 0.0, Max: 0.1, Diff: 0.1, Sum: 0.3]
      [Object Copy (ms): Min: 24.5, Avg: 24.7, Max: 24.8, Diff: 0.3, Sum: 739.9]
      [Termination (ms): Min: 0.0, Avg: 0.1, Max: 0.2, Diff: 0.1, Sum: 2.7]
         [Termination Attempts: Min: 10, Avg: 16.0, Max: 21, Diff: 11, Sum: 479]
      [GC Worker Other (ms): Min: 0.0, Avg: 0.0, Max: 0.1, Diff: 0.1, Sum: 1.2]
      [GC Worker Total (ms): Min: 46.5, Avg: 46.7, Max: 46.9, Diff: 0.3, Sum: 1401.8]
      [GC Worker End (ms): Min: 53711.8, Avg: 53711.8, Max: 53711.9, Diff: 0.1]
   [Code Root Fixup: 0.0 ms]
   [Code Root Purge: 0.0 ms]
   [Clear CT: 0.6 ms]
   [Other: 3.2 ms]
      [Choose CSet: 0.2 ms]
      [Ref Proc: 0.5 ms]
      [Ref Enq: 0.0 ms]
      [Redirty Cards: 1.1 ms]
      [Humongous Register: 0.1 ms]
      [Humongous Reclaim: 0.0 ms]
      [Free CSet: 1.0 ms]
   [Eden: 160.0M(160.0M)->0.0B(356.0M) Survivors: 248.0M->52.0M Heap: 3074.0M(8192.0M)->2138.5M(8192.0M)]
 [Times: user=1.44 sys=0.01, real=0.05 secs] 
2018-10-15T09:26:17.130+0200: 53.716: Total time for which application threads were stopped: 0.0518110 seconds, Stopping threads took: 0.0003907 seconds
2018-10-15T09:26:17.181+0200: 53.767: Application time: 0.0517901 seconds
2018-10-15T09:26:17.182+0200: 53.768: [GC pause (G1 Evacuation Pause) (mixed)
Desired survivor size 27262976 bytes, new threshold 15 (max 15)
- age   1:    3653608 bytes,    3653608 total
, 0.0271386 secs]
   [Parallel Time: 24.1 ms, GC Workers: 30]
      [GC Worker Start (ms): Min: 53768.8, Avg: 53769.6, Max: 53770.5, Diff: 1.6]
      [Ext Root Scanning (ms): Min: 0.0, Avg: 0.2, Max: 1.6, Diff: 1.6, Sum: 7.4]
      [Update RS (ms): Min: 18.5, Avg: 19.1, Max: 19.5, Diff: 1.0, Sum: 574.4]
         [Processed Buffers: Min: 23, Avg: 30.0, Max: 38, Diff: 15, Sum: 900]
      [Scan RS (ms): Min: 1.1, Avg: 1.4, Max: 1.5, Diff: 0.4, Sum: 41.5]
      [Code Root Scanning (ms): Min: 0.0, Avg: 0.0, Max: 0.1, Diff: 0.1, Sum: 0.2]
      [Object Copy (ms): Min: 2.2, Avg: 2.2, Max: 2.3, Diff: 0.1, Sum: 66.5]
      [Termination (ms): Min: 0.0, Avg: 0.0, Max: 0.0, Diff: 0.0, Sum: 0.4]
         [Termination Attempts: Min: 1, Avg: 6.4, Max: 10, Diff: 9, Sum: 192]
      [GC Worker Other (ms): Min: 0.0, Avg: 0.0, Max: 0.1, Diff: 0.1, Sum: 1.5]
      [GC Worker Total (ms): Min: 22.2, Avg: 23.1, Max: 23.9, Diff: 1.7, Sum: 691.9]
      [GC Worker End (ms): Min: 53792.7, Avg: 53792.7, Max: 53792.7, Diff: 0.1]
   [Code Root Fixup: 0.0 ms]
   [Code Root Purge: 0.0 ms]
   [Clear CT: 0.5 ms]
   [Other: 2.5 ms]
      [Choose CSet: 0.2 ms]
      [Ref Proc: 0.3 ms]
      [Ref Enq: 0.0 ms]
      [Redirty Cards: 0.3 ms]
      [Humongous Register: 0.1 ms]
      [Humongous Reclaim: 0.0 ms]
      [Free CSet: 1.2 ms]
   [Eden: 356.0M(356.0M)->0.0B(356.0M) Survivors: 52.0M->52.0M Heap: 2494.5M(8192.0M)->1370.0M(8192.0M)]
 [Times: user=0.71 sys=0.00, real=0.03 secs] 
2018-10-15T09:26:17.210+0200: 53.796: Total time for which application threads were stopped: 0.0281320 seconds, Stopping threads took: 0.0003875 seconds
2018-10-15T09:26:17.248+0200: 53.834: Application time: 0.0386328 seconds
2018-10-15T09:26:17.249+0200: 53.835: [GC pause (G1 Evacuation Pause) (mixed)
Desired survivor size 27262976 bytes, new threshold 15 (max 15)
- age   1:    7623848 bytes,    7623848 total
- age   2:    2803976 bytes,   10427824 total
, 0.0111170 secs]
   [Parallel Time: 9.1 ms, GC Workers: 30]
      [GC Worker Start (ms): Min: 53835.1, Avg: 53835.3, Max: 53835.6, Diff: 0.5]
      [Ext Root Scanning (ms): Min: 0.0, Avg: 0.4, Max: 1.4, Diff: 1.4, Sum: 12.5]
      [Update RS (ms): Min: 3.1, Avg: 4.0, Max: 4.6, Diff: 1.5, Sum: 121.0]
         [Processed Buffers: Min: 4, Avg: 7.7, Max: 14, Diff: 10, Sum: 232]
      [Scan RS (ms): Min: 0.0, Avg: 0.2, Max: 0.4, Diff: 0.4, Sum: 6.2]
      [Code Root Scanning (ms): Min: 0.0, Avg: 0.0, Max: 0.1, Diff: 0.1, Sum: 0.1]
      [Object Copy (ms): Min: 3.7, Avg: 4.0, Max: 4.1, Diff: 0.5, Sum: 120.4]
      [Termination (ms): Min: 0.0, Avg: 0.0, Max: 0.0, Diff: 0.0, Sum: 0.4]
         [Termination Attempts: Min: 1, Avg: 5.8, Max: 11, Diff: 10, Sum: 173]
      [GC Worker Other (ms): Min: 0.0, Avg: 0.0, Max: 0.1, Diff: 0.1, Sum: 1.4]
      [GC Worker Total (ms): Min: 8.5, Avg: 8.7, Max: 8.9, Diff: 0.4, Sum: 262.1]
      [GC Worker End (ms): Min: 53844.0, Avg: 53844.0, Max: 53844.1, Diff: 0.1]
   [Code Root Fixup: 0.0 ms]
   [Code Root Purge: 0.0 ms]
   [Clear CT: 0.4 ms]
   [Other: 1.5 ms]
      [Choose CSet: 0.0 ms]
      [Ref Proc: 0.5 ms]
      [Ref Enq: 0.0 ms]
      [Redirty Cards: 0.4 ms]
      [Humongous Register: 0.1 ms]
      [Humongous Reclaim: 0.0 ms]
      [Free CSet: 0.2 ms]
   [Eden: 356.0M(356.0M)->0.0B(4884.0M) Survivors: 52.0M->28.0M Heap: 1726.0M(8192.0M)->1335.3M(8192.0M)]
 [Times: user=0.27 sys=0.01, real=0.01 secs] 
2018-10-15T09:26:17.260+0200: 53.846: Total time for which application threads were stopped: 0.0118329 seconds, Stopping threads took: 0.0002168 seconds
2018-10-15T09:26:17.757+0200: 54.343: Application time: 0.4970842 seconds
2018-10-15T09:26:17.758+0200: 54.344: [GC pause (G1 Evacuation Pause) (young)
Desired survivor size 322961408 bytes, new threshold 15 (max 15)
- age   1:    9168624 bytes,    9168624 total
- age   2:    7078336 bytes,   16246960 total
- age   3:    2762272 bytes,   19009232 total
, 0.0359774 secs]
   [Parallel Time: 32.7 ms, GC Workers: 30]
      [GC Worker Start (ms): Min: 54344.4, Avg: 54344.5, Max: 54344.6, Diff: 0.3]
      [Ext Root Scanning (ms): Min: 0.3, Avg: 0.5, Max: 1.7, Diff: 1.5, Sum: 13.8]
      [Update RS (ms): Min: 9.2, Avg: 10.2, Max: 10.9, Diff: 1.6, Sum: 305.4]
         [Processed Buffers: Min: 12, Avg: 15.3, Max: 20, Diff: 8, Sum: 459]
      [Scan RS (ms): Min: 0.0, Avg: 0.2, Max: 0.3, Diff: 0.3, Sum: 5.5]
      [Code Root Scanning (ms): Min: 0.0, Avg: 0.0, Max: 0.0, Diff: 0.0, Sum: 0.0]
      [Object Copy (ms): Min: 20.9, Avg: 21.4, Max: 21.4, Diff: 0.6, Sum: 640.6]
      [Termination (ms): Min: 0.0, Avg: 0.0, Max: 0.0, Diff: 0.0, Sum: 0.1]
         [Termination Attempts: Min: 1, Avg: 1.0, Max: 1, Diff: 0, Sum: 30]
      [GC Worker Other (ms): Min: 0.0, Avg: 0.1, Max: 0.3, Diff: 0.2, Sum: 4.0]
      [GC Worker Total (ms): Min: 32.1, Avg: 32.3, Max: 32.5, Diff: 0.4, Sum: 969.5]
      [GC Worker End (ms): Min: 54376.7, Avg: 54376.8, Max: 54376.9, Diff: 0.2]
   [Code Root Fixup: 0.0 ms]
   [Code Root Purge: 0.0 ms]
   [Clear CT: 0.7 ms]
   [Other: 2.6 ms]
      [Choose CSet: 0.0 ms]
      [Ref Proc: 0.4 ms]
      [Ref Enq: 0.0 ms]
      [Redirty Cards: 0.5 ms]
      [Humongous Register: 0.1 ms]
      [Humongous Reclaim: 0.0 ms]
      [Free CSet: 1.3 ms]
   [Eden: 4884.0M(4884.0M)->0.0B(4740.0M) Survivors: 28.0M->172.0M Heap: 6219.3M(8192.0M)->1482.0M(8192.0M)]
 [Times: user=0.99 sys=0.00, real=0.04 secs] 
2018-10-15T09:26:17.794+0200: 54.380: Total time for which application threads were stopped: 0.0371334 seconds, Stopping threads took: 0.0004936 seconds
2018-10-15T09:26:18.260+0200: 54.846: Application time: 0.4660470 seconds
2018-10-15T09:26:18.261+0200: 54.847: [GC pause (G1 Evacuation Pause) (young)
Desired survivor size 322961408 bytes, new threshold 15 (max 15)
- age   1:  130249744 bytes,  130249744 total
- age   2:    8123360 bytes,  138373104 total
- age   3:    6925752 bytes,  145298856 total
- age   4:    2725704 bytes,  148024560 total
, 0.0596382 secs]
   [Parallel Time: 55.6 ms, GC Workers: 30]
      [GC Worker Start (ms): Min: 54847.6, Avg: 54847.8, Max: 54848.1, Diff: 0.5]
      [Ext Root Scanning (ms): Min: 0.1, Avg: 0.5, Max: 1.8, Diff: 1.8, Sum: 14.9]
      [Update RS (ms): Min: 10.4, Avg: 11.7, Max: 12.0, Diff: 1.6, Sum: 351.5]
         [Processed Buffers: Min: 12, Avg: 15.3, Max: 25, Diff: 13, Sum: 459]
      [Scan RS (ms): Min: 0.0, Avg: 0.2, Max: 0.4, Diff: 0.3, Sum: 6.4]
      [Code Root Scanning (ms): Min: 0.0, Avg: 0.0, Max: 0.0, Diff: 0.0, Sum: 0.1]
      [Object Copy (ms): Min: 42.0, Avg: 42.2, Max: 42.6, Diff: 0.6, Sum: 1265.1]
      [Termination (ms): Min: 0.0, Avg: 0.5, Max: 0.5, Diff: 0.5, Sum: 13.8]
         [Termination Attempts: Min: 1, Avg: 238.0, Max: 265, Diff: 264, Sum: 7140]
      [GC Worker Other (ms): Min: 0.0, Avg: 0.1, Max: 0.3, Diff: 0.3, Sum: 4.3]
      [GC Worker Total (ms): Min: 54.8, Avg: 55.2, Max: 55.5, Diff: 0.6, Sum: 1655.9]
      [GC Worker End (ms): Min: 54902.8, Avg: 54903.0, Max: 54903.1, Diff: 0.3]
   [Code Root Fixup: 0.0 ms]
   [Code Root Purge: 0.0 ms]
   [Clear CT: 0.7 ms]
   [Other: 3.3 ms]
      [Choose CSet: 0.0 ms]
      [Ref Proc: 1.2 ms]
      [Ref Enq: 0.0 ms]
      [Redirty Cards: 0.4 ms]
      [Humongous Register: 0.1 ms]
      [Humongous Reclaim: 0.0 ms]
      [Free CSet: 1.3 ms]
   [Eden: 4740.0M(4740.0M)->0.0B(4608.0M) Survivors: 172.0M->304.0M Heap: 6222.0M(8192.0M)->1613.1M(8192.0M)]
 [Times: user=1.68 sys=0.00, real=0.06 secs] 
2018-10-15T09:26:18.321+0200: 54.907: Total time for which application threads were stopped: 0.0608124 seconds, Stopping threads took: 0.0005222 seconds
2018-10-15T09:26:18.781+0200: 55.367: Application time: 0.4600503 seconds
2018-10-15T09:26:18.782+0200: 55.368: [GC pause (G1 Evacuation Pause) (young)
Desired survivor size 322961408 bytes, new threshold 15 (max 15)
- age   1:  125342032 bytes,  125342032 total
- age   2:  123842520 bytes,  249184552 total
- age   3:    8120872 bytes,  257305424 total
- age   4:    6914848 bytes,  264220272 total
- age   5:    2713960 bytes,  266934232 total
, 0.0581729 secs]
   [Parallel Time: 54.8 ms, GC Workers: 30]
      [GC Worker Start (ms): Min: 55368.4, Avg: 55368.7, Max: 55369.4, Diff: 0.9]
      [Ext Root Scanning (ms): Min: 0.0, Avg: 0.4, Max: 1.7, Diff: 1.7, Sum: 12.5]
      [Update RS (ms): Min: 10.8, Avg: 11.8, Max: 12.3, Diff: 1.5, Sum: 355.4]
         [Processed Buffers: Min: 12, Avg: 15.2, Max: 24, Diff: 12, Sum: 457]
      [Scan RS (ms): Min: 0.0, Avg: 0.2, Max: 0.3, Diff: 0.3, Sum: 6.3]
      [Code Root Scanning (ms): Min: 0.0, Avg: 0.0, Max: 0.0, Diff: 0.0, Sum: 0.1]
      [Object Copy (ms): Min: 41.3, Avg: 41.5, Max: 41.6, Diff: 0.3, Sum: 1246.5]
      [Termination (ms): Min: 0.0, Avg: 0.0, Max: 0.0, Diff: 0.0, Sum: 0.3]
         [Termination Attempts: Min: 1, Avg: 1.4, Max: 3, Diff: 2, Sum: 41]
      [GC Worker Other (ms): Min: 0.0, Avg: 0.1, Max: 0.3, Diff: 0.2, Sum: 4.0]
      [GC Worker Total (ms): Min: 53.4, Avg: 54.2, Max: 54.6, Diff: 1.1, Sum: 1625.1]
      [GC Worker End (ms): Min: 55422.8, Avg: 55422.9, Max: 55423.0, Diff: 0.2]
   [Code Root Fixup: 0.0 ms]
   [Code Root Purge: 0.0 ms]
   [Clear CT: 0.9 ms]
   [Other: 2.5 ms]
      [Choose CSet: 0.0 ms]
      [Ref Proc: 0.4 ms]
      [Ref Enq: 0.0 ms]
      [Redirty Cards: 0.4 ms]
      [Humongous Register: 0.1 ms]
      [Humongous Reclaim: 0.0 ms]
      [Free CSet: 1.3 ms]
   [Eden: 4608.0M(4608.0M)->0.0B(4524.0M) Survivors: 304.0M->388.0M Heap: 6221.1M(8192.0M)->1697.1M(8192.0M)]
 [Times: user=1.65 sys=0.00, real=0.06 secs] 
2018-10-15T09:26:18.841+0200: 55.427: Total time for which application threads were stopped: 0.0593725 seconds, Stopping threads took: 0.0005184 seconds
2018-10-15T09:26:19.268+0200: 55.854: Application time: 0.4274554 seconds
2018-10-15T09:26:19.269+0200: 55.855: [GC pause (G1 Evacuation Pause) (young)
Desired survivor size 322961408 bytes, new threshold 3 (max 15)
- age   1:  112360912 bytes,  112360912 total
- age   2:  117744592 bytes,  230105504 total
- age   3:  122963416 bytes,  353068920 total
- age   4:    8120472 bytes,  361189392 total
- age   5:    6914848 bytes,  368104240 total
- age   6:    2713800 bytes,  370818040 total
, 0.0715060 secs]
   [Parallel Time: 67.1 ms, GC Workers: 30]
      [GC Worker Start (ms): Min: 55855.3, Avg: 55855.5, Max: 55855.9, Diff: 0.6]
      [Ext Root Scanning (ms): Min: 0.0, Avg: 0.5, Max: 1.9, Diff: 1.8, Sum: 16.3]
      [Update RS (ms): Min: 11.2, Avg: 12.4, Max: 12.8, Diff: 1.6, Sum: 372.3]
         [Processed Buffers: Min: 11, Avg: 15.1, Max: 21, Diff: 10, Sum: 453]
      [Scan RS (ms): Min: 0.0, Avg: 0.2, Max: 0.3, Diff: 0.3, Sum: 6.6]
      [Code Root Scanning (ms): Min: 0.0, Avg: 0.0, Max: 0.0, Diff: 0.0, Sum: 0.1]
      [Object Copy (ms): Min: 53.2, Avg: 53.3, Max: 53.4, Diff: 0.2, Sum: 1599.5]
      [Termination (ms): Min: 0.0, Avg: 0.0, Max: 0.0, Diff: 0.0, Sum: 0.3]
         [Termination Attempts: Min: 1, Avg: 1.4, Max: 2, Diff: 1, Sum: 42]
      [GC Worker Other (ms): Min: 0.0, Avg: 0.1, Max: 0.3, Diff: 0.3, Sum: 4.3]
      [GC Worker Total (ms): Min: 66.3, Avg: 66.6, Max: 66.9, Diff: 0.6, Sum: 1999.2]
      [GC Worker End (ms): Min: 55922.0, Avg: 55922.1, Max: 55922.3, Diff: 0.3]
   [Code Root Fixup: 0.0 ms]
   [Code Root Purge: 0.0 ms]
   [Clear CT: 1.0 ms]
   [Other: 3.4 ms]
      [Choose CSet: 0.0 ms]
      [Ref Proc: 0.5 ms]
      [Ref Enq: 0.0 ms]
      [Redirty Cards: 1.0 ms]
      [Humongous Register: 0.1 ms]
      [Humongous Reclaim: 0.0 ms]
      [Free CSet: 1.3 ms]
   [Eden: 4524.0M(4524.0M)->0.0B(4556.0M) Survivors: 388.0M->356.0M Heap: 6221.1M(8192.0M)->1802.9M(8192.0M)]
 [Times: user=2.03 sys=0.00, real=0.07 secs] 
2018-10-15T09:26:19.341+0200: 55.927: Total time for which application threads were stopped: 0.0727355 seconds, Stopping threads took: 0.0005649 seconds
2018-10-15T09:26:19.816+0200: 56.402: Application time: 0.4747684 seconds
2018-10-15T09:26:19.817+0200: 56.403: [GC pause (G1 Evacuation Pause) (young)
Desired survivor size 322961408 bytes, new threshold 3 (max 15)
- age   1:  118013264 bytes,  118013264 total
- age   2:  103624784 bytes,  221638048 total
- age   3:  116030352 bytes,  337668400 total
, 0.0883343 secs]
   [Parallel Time: 84.0 ms, GC Workers: 30]
      [GC Worker Start (ms): Min: 56402.9, Avg: 56403.5, Max: 56404.2, Diff: 1.3]
      [Ext Root Scanning (ms): Min: 0.0, Avg: 0.4, Max: 1.9, Diff: 1.8, Sum: 11.3]
      [Update RS (ms): Min: 20.8, Avg: 21.5, Max: 22.2, Diff: 1.3, Sum: 645.6]
         [Processed Buffers: Min: 14, Avg: 23.3, Max: 31, Diff: 17, Sum: 700]
      [Scan RS (ms): Min: 1.5, Avg: 2.0, Max: 2.3, Diff: 0.7, Sum: 60.1]
      [Code Root Scanning (ms): Min: 0.0, Avg: 0.0, Max: 0.0, Diff: 0.0, Sum: 0.0]
      [Object Copy (ms): Min: 58.2, Avg: 58.4, Max: 59.1, Diff: 0.9, Sum: 1750.8]
      [Termination (ms): Min: 0.0, Avg: 0.8, Max: 0.9, Diff: 0.9, Sum: 23.7]
         [Termination Attempts: Min: 1, Avg: 347.8, Max: 396, Diff: 395, Sum: 10434]
      [GC Worker Other (ms): Min: 0.0, Avg: 0.1, Max: 0.3, Diff: 0.2, Sum: 4.0]
      [GC Worker Total (ms): Min: 82.4, Avg: 83.2, Max: 83.9, Diff: 1.5, Sum: 2495.7]
      [GC Worker End (ms): Min: 56486.6, Avg: 56486.7, Max: 56486.8, Diff: 0.2]
   [Code Root Fixup: 0.0 ms]
   [Code Root Purge: 0.0 ms]
   [Clear CT: 1.0 ms]
   [Other: 3.3 ms]
      [Choose CSet: 0.0 ms]
      [Ref Proc: 0.6 ms]
      [Ref Enq: 0.0 ms]
      [Redirty Cards: 0.9 ms]
      [Humongous Register: 0.1 ms]
      [Humongous Reclaim: 0.0 ms]
      [Free CSet: 1.4 ms]
   [Eden: 4556.0M(4556.0M)->0.0B(4564.0M) Survivors: 356.0M->348.0M Heap: 6358.9M(8192.0M)->1930.0M(8192.0M)]
 [Times: user=2.52 sys=0.00, real=0.09 secs] 
2018-10-15T09:26:19.905+0200: 56.491: Total time for which application threads were stopped: 0.0896037 seconds, Stopping threads took: 0.0005781 seconds
2018-10-15T09:26:20.381+0200: 56.967: Application time: 0.4756863 seconds
2018-10-15T09:26:20.382+0200: 56.968: [GC pause (G1 Evacuation Pause) (young)
Desired survivor size 322961408 bytes, new threshold 3 (max 15)
- age   1:  114621368 bytes,  114621368 total
- age   2:  110327288 bytes,  224948656 total
- age   3:  102557192 bytes,  327505848 total
, 0.0714426 secs]
   [Parallel Time: 67.3 ms, GC Workers: 30]
      [GC Worker Start (ms): Min: 56968.3, Avg: 56968.9, Max: 56969.5, Diff: 1.1]
      [Ext Root Scanning (ms): Min: 0.0, Avg: 0.4, Max: 1.8, Diff: 1.8, Sum: 11.8]
      [Update RS (ms): Min: 17.8, Avg: 18.8, Max: 19.4, Diff: 1.6, Sum: 565.5]
         [Processed Buffers: Min: 17, Avg: 21.2, Max: 28, Diff: 11, Sum: 635]
      [Scan RS (ms): Min: 2.5, Avg: 2.9, Max: 3.1, Diff: 0.6, Sum: 86.2]
      [Code Root Scanning (ms): Min: 0.0, Avg: 0.0, Max: 0.0, Diff: 0.0, Sum: 0.0]
      [Object Copy (ms): Min: 44.0, Avg: 44.1, Max: 44.2, Diff: 0.2, Sum: 1322.8]
      [Termination (ms): Min: 0.0, Avg: 0.1, Max: 0.2, Diff: 0.2, Sum: 3.0]
         [Termination Attempts: Min: 1, Avg: 4.7, Max: 8, Diff: 7, Sum: 140]
      [GC Worker Other (ms): Min: 0.0, Avg: 0.1, Max: 0.2, Diff: 0.2, Sum: 2.6]
      [GC Worker Total (ms): Min: 65.8, Avg: 66.4, Max: 67.0, Diff: 1.3, Sum: 1991.9]
      [GC Worker End (ms): Min: 57035.2, Avg: 57035.3, Max: 57035.4, Diff: 0.2]
   [Code Root Fixup: 0.0 ms]
   [Code Root Purge: 0.0 ms]
   [Clear CT: 1.0 ms]
   [Other: 3.2 ms]
      [Choose CSet: 0.0 ms]
      [Ref Proc: 0.4 ms]
      [Ref Enq: 0.0 ms]
      [Redirty Cards: 0.8 ms]
      [Humongous Register: 0.1 ms]
      [Humongous Reclaim: 0.0 ms]
      [Free CSet: 1.3 ms]
   [Eden: 4564.0M(4564.0M)->0.0B(4552.0M) Survivors: 348.0M->360.0M Heap: 6494.0M(8192.0M)->2068.0M(8192.0M)]
 [Times: user=2.03 sys=0.01, real=0.08 secs] 
2018-10-15T09:26:20.454+0200: 57.040: Total time for which application threads were stopped: 0.0727173 seconds, Stopping threads took: 0.0005697 seconds
2018-10-15T09:26:20.947+0200: 57.533: Application time: 0.4932120 seconds
2018-10-15T09:26:20.948+0200: 57.534: [GC pause (G1 Evacuation Pause) (young)
Desired survivor size 322961408 bytes, new threshold 3 (max 15)
- age   1:  118921288 bytes,  118921288 total
- age   2:  105549080 bytes,  224470368 total
- age   3:  108756864 bytes,  333227232 total
, 0.0749663 secs]
   [Parallel Time: 70.6 ms, GC Workers: 30]
      [GC Worker Start (ms): Min: 57534.2, Avg: 57535.0, Max: 57535.7, Diff: 1.5]
      [Ext Root Scanning (ms): Min: 0.0, Avg: 0.3, Max: 1.7, Diff: 1.7, Sum: 9.1]
      [Update RS (ms): Min: 18.8, Avg: 19.4, Max: 20.2, Diff: 1.3, Sum: 583.1]
         [Processed Buffers: Min: 19, Avg: 23.0, Max: 27, Diff: 8, Sum: 690]
      [Scan RS (ms): Min: 0.6, Avg: 1.2, Max: 1.4, Diff: 0.8, Sum: 35.2]
      [Code Root Scanning (ms): Min: 0.0, Avg: 0.0, Max: 0.0, Diff: 0.0, Sum: 0.0]
      [Object Copy (ms): Min: 48.3, Avg: 48.4, Max: 48.5, Diff: 0.3, Sum: 1451.5]
      [Termination (ms): Min: 0.0, Avg: 0.1, Max: 0.2, Diff: 0.2, Sum: 2.9]
         [Termination Attempts: Min: 1, Avg: 5.0, Max: 8, Diff: 7, Sum: 150]
      [GC Worker Other (ms): Min: 0.0, Avg: 0.1, Max: 0.3, Diff: 0.2, Sum: 3.8]
      [GC Worker Total (ms): Min: 68.7, Avg: 69.5, Max: 70.4, Diff: 1.7, Sum: 2085.5]
      [GC Worker End (ms): Min: 57604.4, Avg: 57604.5, Max: 57604.6, Diff: 0.3]
   [Code Root Fixup: 0.0 ms]
   [Code Root Purge: 0.0 ms]
   [Clear CT: 1.0 ms]
   [Other: 3.3 ms]
      [Choose CSet: 0.0 ms]
      [Ref Proc: 0.5 ms]
      [Ref Enq: 0.0 ms]
      [Redirty Cards: 0.9 ms]
      [Humongous Register: 0.1 ms]
      [Humongous Reclaim: 0.0 ms]
      [Free CSet: 1.4 ms]
   [Eden: 4552.0M(4552.0M)->0.0B(4560.0M) Survivors: 360.0M->352.0M Heap: 6620.0M(8192.0M)->2190.0M(8192.0M)]
 [Times: user=2.12 sys=0.01, real=0.07 secs] 
2018-10-15T09:26:21.023+0200: 57.609: Total time for which application threads were stopped: 0.0762482 seconds, Stopping threads took: 0.0005652 seconds
2018-10-15T09:26:21.497+0200: 58.083: Application time: 0.4743977 seconds
2018-10-15T09:26:21.498+0200: 58.084: [GC pause (G1 Evacuation Pause) (young)
Desired survivor size 322961408 bytes, new threshold 3 (max 15)
- age   1:  117157032 bytes,  117157032 total
- age   2:  112117440 bytes,  229274472 total
- age   3:  104148680 bytes,  333423152 total
, 0.0722408 secs]
   [Parallel Time: 68.1 ms, GC Workers: 30]
      [GC Worker Start (ms): Min: 58084.9, Avg: 58085.7, Max: 58086.4, Diff: 1.5]
      [Ext Root Scanning (ms): Min: 0.0, Avg: 0.3, Max: 1.8, Diff: 1.8, Sum: 10.4]
      [Update RS (ms): Min: 21.5, Avg: 22.2, Max: 22.6, Diff: 1.1, Sum: 666.2]
         [Processed Buffers: Min: 21, Avg: 25.2, Max: 31, Diff: 10, Sum: 755]
      [Scan RS (ms): Min: 0.9, Avg: 1.1, Max: 1.4, Diff: 0.5, Sum: 34.2]
      [Code Root Scanning (ms): Min: 0.0, Avg: 0.0, Max: 0.0, Diff: 0.0, Sum: 0.0]
      [Object Copy (ms): Min: 43.1, Avg: 43.2, Max: 43.4, Diff: 0.3, Sum: 1296.3]
      [Termination (ms): Min: 0.0, Avg: 0.0, Max: 0.0, Diff: 0.0, Sum: 0.2]
         [Termination Attempts: Min: 1, Avg: 1.0, Max: 1, Diff: 0, Sum: 30]
      [GC Worker Other (ms): Min: 0.0, Avg: 0.1, Max: 0.3, Diff: 0.2, Sum: 4.4]
      [GC Worker Total (ms): Min: 66.3, Avg: 67.1, Max: 67.9, Diff: 1.6, Sum: 2011.7]
      [GC Worker End (ms): Min: 58152.6, Avg: 58152.8, Max: 58152.9, Diff: 0.2]
   [Code Root Fixup: 0.0 ms]
   [Code Root Purge: 0.0 ms]
   [Clear CT: 0.8 ms]
   [Other: 3.3 ms]
      [Choose CSet: 0.0 ms]
      [Ref Proc: 0.5 ms]
      [Ref Enq: 0.0 ms]
      [Redirty Cards: 0.9 ms]
      [Humongous Register: 0.1 ms]
      [Humongous Reclaim: 0.0 ms]
      [Free CSet: 1.3 ms]
   [Eden: 4560.0M(4560.0M)->0.0B(4568.0M) Survivors: 352.0M->344.0M Heap: 6750.0M(8192.0M)->2316.0M(8192.0M)]
 [Times: user=2.04 sys=0.00, real=0.07 secs] 
2018-10-15T09:26:21.571+0200: 58.157: Total time for which application threads were stopped: 0.0734785 seconds, Stopping threads took: 0.0005601 seconds
2018-10-15T09:26:22.049+0200: 58.635: Application time: 0.4782362 seconds
2018-10-15T09:26:22.053+0200: 58.639: [GC pause (G1 Evacuation Pause) (young)
Desired survivor size 322961408 bytes, new threshold 3 (max 15)
- age   1:  112559744 bytes,  112559744 total
- age   2:  110321704 bytes,  222881448 total
- age   3:  110939080 bytes,  333820528 total
, 0.0717901 secs]
   [Parallel Time: 67.4 ms, GC Workers: 30]
      [GC Worker Start (ms): Min: 58639.8, Avg: 58640.6, Max: 58641.3, Diff: 1.5]
      [Ext Root Scanning (ms): Min: 0.0, Avg: 0.3, Max: 1.7, Diff: 1.7, Sum: 9.5]
      [Update RS (ms): Min: 18.7, Avg: 19.2, Max: 19.5, Diff: 0.8, Sum: 576.3]
         [Processed Buffers: Min: 19, Avg: 22.6, Max: 31, Diff: 12, Sum: 679]
      [Scan RS (ms): Min: 1.7, Avg: 1.8, Max: 1.9, Diff: 0.3, Sum: 55.3]
      [Code Root Scanning (ms): Min: 0.0, Avg: 0.0, Max: 0.0, Diff: 0.0, Sum: 0.0]
      [Object Copy (ms): Min: 44.7, Avg: 44.8, Max: 44.9, Diff: 0.2, Sum: 1343.1]
      [Termination (ms): Min: 0.0, Avg: 0.1, Max: 0.1, Diff: 0.1, Sum: 2.1]
         [Termination Attempts: Min: 1, Avg: 4.9, Max: 9, Diff: 8, Sum: 147]
      [GC Worker Other (ms): Min: 0.0, Avg: 0.1, Max: 0.3, Diff: 0.3, Sum: 3.7]
      [GC Worker Total (ms): Min: 65.7, Avg: 66.3, Max: 67.1, Diff: 1.4, Sum: 1990.1]
      [GC Worker End (ms): Min: 58706.9, Avg: 58707.0, Max: 58707.1, Diff: 0.2]
   [Code Root Fixup: 0.0 ms]
   [Code Root Purge: 0.0 ms]
   [Clear CT: 1.0 ms]
   [Other: 3.3 ms]
      [Choose CSet: 0.0 ms]
      [Ref Proc: 0.5 ms]
      [Ref Enq: 0.0 ms]
      [Redirty Cards: 0.9 ms]
      [Humongous Register: 0.1 ms]
      [Humongous Reclaim: 0.0 ms]
      [Free CSet: 1.4 ms]
   [Eden: 4568.0M(4568.0M)->0.0B(4544.0M) Survivors: 344.0M->344.0M Heap: 6884.0M(8192.0M)->2454.0M(8192.0M)]
 [Times: user=2.02 sys=0.00, real=0.07 secs] 
2018-10-15T09:26:22.125+0200: 58.711: Total time for which application threads were stopped: 0.0762432 seconds, Stopping threads took: 0.0037611 seconds
2018-10-15T09:26:22.604+0200: 59.190: Application time: 0.4787783 seconds
2018-10-15T09:26:22.605+0200: 59.191: [GC pause (G1 Evacuation Pause) (young)
Desired survivor size 320864256 bytes, new threshold 15 (max 15)
- age   1:  100733912 bytes,  100733912 total
- age   2:  108544256 bytes,  209278168 total
- age   3:  109343032 bytes,  318621200 total
, 0.0821240 secs]
   [Parallel Time: 78.2 ms, GC Workers: 30]
      [GC Worker Start (ms): Min: 59191.5, Avg: 59191.9, Max: 59192.6, Diff: 1.1]
      [Ext Root Scanning (ms): Min: 0.0, Avg: 0.4, Max: 1.7, Diff: 1.7, Sum: 12.7]
      [Update RS (ms): Min: 21.4, Avg: 22.5, Max: 23.0, Diff: 1.6, Sum: 674.0]
         [Processed Buffers: Min: 20, Avg: 24.9, Max: 30, Diff: 10, Sum: 746]
      [Scan RS (ms): Min: 1.3, Avg: 1.7, Max: 1.9, Diff: 0.6, Sum: 50.4]
      [Code Root Scanning (ms): Min: 0.0, Avg: 0.0, Max: 0.0, Diff: 0.0, Sum: 0.0]
      [Object Copy (ms): Min: 52.3, Avg: 52.4, Max: 52.8, Diff: 0.5, Sum: 1572.8]
      [Termination (ms): Min: 0.0, Avg: 0.4, Max: 0.5, Diff: 0.5, Sum: 12.4]
         [Termination Attempts: Min: 1, Avg: 155.8, Max: 172, Diff: 171, Sum: 4673]
      [GC Worker Other (ms): Min: 0.0, Avg: 0.1, Max: 0.3, Diff: 0.3, Sum: 4.3]
      [GC Worker Total (ms): Min: 76.7, Avg: 77.6, Max: 78.0, Diff: 1.3, Sum: 2326.5]
      [GC Worker End (ms): Min: 59269.3, Avg: 59269.5, Max: 59269.6, Diff: 0.3]
   [Code Root Fixup: 0.0 ms]
   [Code Root Purge: 0.0 ms]
   [Clear CT: 0.9 ms]
   [Other: 3.0 ms]
      [Choose CSet: 0.0 ms]
      [Ref Proc: 0.4 ms]
      [Ref Enq: 0.0 ms]
      [Redirty Cards: 0.4 ms]
      [Humongous Register: 0.1 ms]
      [Humongous Reclaim: 0.1 ms]
      [Free CSet: 1.6 ms]
   [Eden: 4544.0M(4544.0M)->0.0B(4344.0M) Survivors: 344.0M->444.0M Heap: 6998.0M(8192.0M)->2554.0M(8192.0M)]
 [Times: user=2.34 sys=0.01, real=0.08 secs] 
2018-10-15T09:26:22.688+0200: 59.274: Total time for which application threads were stopped: 0.0834373 seconds, Stopping threads took: 0.0005610 seconds
2018-10-15T09:26:23.125+0200: 59.711: Application time: 0.4377601 seconds
2018-10-15T09:26:23.126+0200: 59.712: [GC pause (G1 Evacuation Pause) (young)
Desired survivor size 314572800 bytes, new threshold 3 (max 15)
- age   1:  120985096 bytes,  120985096 total
- age   2:   93802608 bytes,  214787704 total
- age   3:  107780448 bytes,  322568152 total
- age   4:  109216856 bytes,  431785008 total
, 0.0715918 secs]
   [Parallel Time: 67.3 ms, GC Workers: 30]
      [GC Worker Start (ms): Min: 59712.8, Avg: 59713.1, Max: 59713.7, Diff: 1.0]
      [Ext Root Scanning (ms): Min: 0.0, Avg: 0.4, Max: 1.8, Diff: 1.8, Sum: 12.1]
      [Update RS (ms): Min: 11.0, Avg: 11.8, Max: 12.2, Diff: 1.2, Sum: 353.0]
         [Processed Buffers: Min: 10, Avg: 14.0, Max: 19, Diff: 9, Sum: 421]
      [Scan RS (ms): Min: 0.0, Avg: 0.2, Max: 0.4, Diff: 0.3, Sum: 6.3]
      [Code Root Scanning (ms): Min: 0.0, Avg: 0.0, Max: 0.0, Diff: 0.0, Sum: 0.1]
      [Object Copy (ms): Min: 54.0, Avg: 54.2, Max: 54.3, Diff: 0.3, Sum: 1625.5]
      [Termination (ms): Min: 0.0, Avg: 0.1, Max: 0.3, Diff: 0.2, Sum: 3.0]
         [Termination Attempts: Min: 3, Avg: 9.8, Max: 16, Diff: 13, Sum: 293]
      [GC Worker Other (ms): Min: 0.0, Avg: 0.1, Max: 0.2, Diff: 0.2, Sum: 3.0]
      [GC Worker Total (ms): Min: 66.2, Avg: 66.8, Max: 67.2, Diff: 1.0, Sum: 2002.9]
      [GC Worker End (ms): Min: 59779.8, Avg: 59779.9, Max: 59780.0, Diff: 0.2]
   [Code Root Fixup: 0.0 ms]
   [Code Root Purge: 0.0 ms]
   [Clear CT: 0.9 ms]
   [Other: 3.3 ms]
      [Choose CSet: 0.0 ms]
      [Ref Proc: 0.5 ms]
      [Ref Enq: 0.0 ms]
      [Redirty Cards: 1.0 ms]
      [Humongous Register: 0.1 ms]
      [Humongous Reclaim: 0.0 ms]
      [Free CSet: 1.2 ms]
   [Eden: 4344.0M(4344.0M)->0.0B(4368.0M) Survivors: 444.0M->316.0M Heap: 6898.0M(8192.0M)->2655.7M(8192.0M)]
 [Times: user=2.04 sys=0.01, real=0.07 secs] 
2018-10-15T09:26:23.198+0200: 59.784: Total time for which application threads were stopped: 0.0728733 seconds, Stopping threads took: 0.0005939 seconds
2018-10-15T09:26:23.662+0200: 60.248: Application time: 0.4634643 seconds
2018-10-15T09:26:23.663+0200: 60.249: [GC pause (G1 Evacuation Pause) (young)
Desired survivor size 308281344 bytes, new threshold 15 (max 15)
- age   1:  106730952 bytes,  106730952 total
- age   2:  103893720 bytes,  210624672 total
- age   3:   87290720 bytes,  297915392 total
, 0.0741209 secs]
   [Parallel Time: 70.4 ms, GC Workers: 30]
      [GC Worker Start (ms): Min: 60249.1, Avg: 60249.5, Max: 60250.1, Diff: 0.9]
      [Ext Root Scanning (ms): Min: 0.0, Avg: 0.4, Max: 1.8, Diff: 1.8, Sum: 12.8]
      [Update RS (ms): Min: 19.0, Avg: 20.0, Max: 20.8, Diff: 1.8, Sum: 600.1]
         [Processed Buffers: Min: 18, Avg: 22.5, Max: 29, Diff: 11, Sum: 674]
      [Scan RS (ms): Min: 0.4, Avg: 1.1, Max: 1.3, Diff: 0.9, Sum: 31.7]
      [Code Root Scanning (ms): Min: 0.0, Avg: 0.0, Max: 0.0, Diff: 0.0, Sum: 0.0]
      [Object Copy (ms): Min: 47.7, Avg: 47.8, Max: 48.3, Diff: 0.5, Sum: 1435.1]
      [Termination (ms): Min: 0.0, Avg: 0.4, Max: 0.5, Diff: 0.5, Sum: 13.3]
         [Termination Attempts: Min: 1, Avg: 236.5, Max: 258, Diff: 257, Sum: 7094]
      [GC Worker Other (ms): Min: 0.0, Avg: 0.1, Max: 0.3, Diff: 0.2, Sum: 4.2]
      [GC Worker Total (ms): Min: 69.3, Avg: 69.9, Max: 70.4, Diff: 1.1, Sum: 2097.4]
      [GC Worker End (ms): Min: 60319.3, Avg: 60319.4, Max: 60319.5, Diff: 0.3]
   [Code Root Fixup: 0.0 ms]
   [Code Root Purge: 0.0 ms]
   [Clear CT: 1.0 ms]
   [Other: 2.7 ms]
      [Choose CSet: 0.0 ms]
      [Ref Proc: 0.5 ms]
      [Ref Enq: 0.0 ms]
      [Redirty Cards: 0.4 ms]
      [Humongous Register: 0.1 ms]
      [Humongous Reclaim: 0.0 ms]
      [Free CSet: 1.3 ms]
   [Eden: 4368.0M(4368.0M)->0.0B(4160.0M) Survivors: 316.0M->420.0M Heap: 7023.7M(8192.0M)->2759.7M(8192.0M)]
 [Times: user=2.12 sys=0.01, real=0.08 secs] 
2018-10-15T09:26:23.737+0200: 60.323: Total time for which application threads were stopped: 0.0753788 seconds, Stopping threads took: 0.0005850 seconds
2018-10-15T09:26:24.167+0200: 60.753: Application time: 0.4301750 seconds
2018-10-15T09:26:24.168+0200: 60.754: [GC pause (G1 Evacuation Pause) (young)
Desired survivor size 301989888 bytes, new threshold 3 (max 15)
- age   1:  115974936 bytes,  115974936 total
- age   2:   98992240 bytes,  214967176 total
- age   3:  102825560 bytes,  317792736 total
- age   4:   86846080 bytes,  404638816 total
, 0.0709270 secs]
   [Parallel Time: 66.6 ms, GC Workers: 30]
      [GC Worker Start (ms): Min: 60754.7, Avg: 60755.3, Max: 60756.0, Diff: 1.2]
      [Ext Root Scanning (ms): Min: 0.0, Avg: 0.3, Max: 1.7, Diff: 1.7, Sum: 10.4]
      [Update RS (ms): Min: 6.2, Avg: 7.1, Max: 7.6, Diff: 1.5, Sum: 213.3]
         [Processed Buffers: Min: 8, Avg: 9.1, Max: 13, Diff: 5, Sum: 272]
      [Scan RS (ms): Min: 0.0, Avg: 0.2, Max: 0.4, Diff: 0.3, Sum: 6.7]
      [Code Root Scanning (ms): Min: 0.0, Avg: 0.0, Max: 0.0, Diff: 0.0, Sum: 0.1]
      [Object Copy (ms): Min: 57.5, Avg: 57.7, Max: 57.9, Diff: 0.4, Sum: 1730.3]
      [Termination (ms): Min: 0.0, Avg: 0.2, Max: 0.3, Diff: 0.3, Sum: 7.4]
         [Termination Attempts: Min: 1, Avg: 124.5, Max: 141, Diff: 140, Sum: 3734]
      [GC Worker Other (ms): Min: 0.0, Avg: 0.1, Max: 0.3, Diff: 0.3, Sum: 4.2]
      [GC Worker Total (ms): Min: 65.0, Avg: 65.7, Max: 66.4, Diff: 1.4, Sum: 1972.4]
      [GC Worker End (ms): Min: 60820.9, Avg: 60821.0, Max: 60821.1, Diff: 0.3]
   [Code Root Fixup: 0.0 ms]
   [Code Root Purge: 0.0 ms]
   [Clear CT: 0.9 ms]
   [Other: 3.4 ms]
      [Choose CSet: 0.0 ms]
      [Ref Proc: 0.5 ms]
      [Ref Enq: 0.0 ms]
      [Redirty Cards: 1.1 ms]
      [Humongous Register: 0.1 ms]
      [Humongous Reclaim: 0.0 ms]
      [Free CSet: 1.2 ms]
   [Eden: 4160.0M(4160.0M)->0.0B(4112.0M) Survivors: 420.0M->336.0M Heap: 6919.7M(8192.0M)->2893.7M(8192.0M)]
 [Times: user=2.01 sys=0.01, real=0.07 secs] 
2018-10-15T09:26:24.239+0200: 60.826: Total time for which application threads were stopped: 0.0722240 seconds, Stopping threads took: 0.0005680 seconds
2018-10-15T09:26:24.691+0200: 61.277: Application time: 0.4518413 seconds
2018-10-15T09:26:24.692+0200: 61.278: [GC pause (G1 Evacuation Pause) (young)
Desired survivor size 291504128 bytes, new threshold 3 (max 15)
- age   1:  106467424 bytes,  106467424 total
- age   2:  110703032 bytes,  217170456 total
- age   3:   98004016 bytes,  315174472 total
, 0.0739557 secs]
   [Parallel Time: 70.0 ms, GC Workers: 30]
      [GC Worker Start (ms): Min: 61278.8, Avg: 61279.5, Max: 61280.2, Diff: 1.4]
      [Ext Root Scanning (ms): Min: 0.0, Avg: 0.4, Max: 1.9, Diff: 1.9, Sum: 10.5]
      [Update RS (ms): Min: 17.0, Avg: 18.0, Max: 18.6, Diff: 1.6, Sum: 539.6]
         [Processed Buffers: Min: 15, Avg: 20.3, Max: 27, Diff: 12, Sum: 608]
      [Scan RS (ms): Min: 1.2, Avg: 1.6, Max: 1.9, Diff: 0.7, Sum: 49.1]
      [Code Root Scanning (ms): Min: 0.0, Avg: 0.0, Max: 0.0, Diff: 0.0, Sum: 0.1]
      [Object Copy (ms): Min: 48.6, Avg: 48.8, Max: 49.0, Diff: 0.4, Sum: 1464.5]
      [Termination (ms): Min: 0.0, Avg: 0.2, Max: 0.2, Diff: 0.2, Sum: 5.6]
         [Termination Attempts: Min: 1, Avg: 97.8, Max: 114, Diff: 113, Sum: 2934]
      [GC Worker Other (ms): Min: 0.0, Avg: 0.1, Max: 0.3, Diff: 0.2, Sum: 4.1]
      [GC Worker Total (ms): Min: 68.3, Avg: 69.1, Max: 69.8, Diff: 1.6, Sum: 2073.5]
      [GC Worker End (ms): Min: 61348.5, Avg: 61348.6, Max: 61348.8, Diff: 0.2]
   [Code Root Fixup: 0.0 ms]
   [Code Root Purge: 0.0 ms]
   [Clear CT: 1.0 ms]
   [Other: 2.9 ms]
      [Choose CSet: 0.0 ms]
      [Ref Proc: 0.5 ms]
      [Ref Enq: 0.0 ms]
      [Redirty Cards: 0.7 ms]
      [Humongous Register: 0.1 ms]
      [Humongous Reclaim: 0.0 ms]
      [Free CSet: 1.2 ms]
   [Eden: 4112.0M(4112.0M)->0.0B(3996.0M) Survivors: 336.0M->332.0M Heap: 7005.7M(8192.0M)->3012.5M(8192.0M)]
 [Times: user=2.10 sys=0.00, real=0.07 secs] 
2018-10-15T09:26:24.767+0200: 61.353: Total time for which application threads were stopped: 0.0752411 seconds, Stopping threads took: 0.0006126 seconds
2018-10-15T09:26:25.192+0200: 61.778: Application time: 0.4257398 seconds
2018-10-15T09:26:25.193+0200: 61.779: [GC pause (G1 Evacuation Pause) (young)
Desired survivor size 285212672 bytes, new threshold 3 (max 15)
- age   1:  102020896 bytes,  102020896 total
- age   2:  101258984 bytes,  203279880 total
- age   3:  110133064 bytes,  313412944 total
, 0.0672959 secs]
   [Parallel Time: 63.2 ms, GC Workers: 30]
      [GC Worker Start (ms): Min: 61779.7, Avg: 61780.1, Max: 61780.7, Diff: 1.0]
      [Ext Root Scanning (ms): Min: 0.0, Avg: 0.4, Max: 1.7, Diff: 1.7, Sum: 12.5]
      [Update RS (ms): Min: 18.6, Avg: 19.5, Max: 19.8, Diff: 1.2, Sum: 585.3]
         [Processed Buffers: Min: 17, Avg: 22.1, Max: 30, Diff: 13, Sum: 664]
      [Scan RS (ms): Min: 1.6, Avg: 1.9, Max: 2.0, Diff: 0.4, Sum: 55.9]
      [Code Root Scanning (ms): Min: 0.0, Avg: 0.0, Max: 0.0, Diff: 0.0, Sum: 0.0]
      [Object Copy (ms): Min: 40.5, Avg: 40.6, Max: 40.8, Diff: 0.2, Sum: 1219.0]
      [Termination (ms): Min: 0.0, Avg: 0.0, Max: 0.0, Diff: 0.0, Sum: 0.2]
         [Termination Attempts: Min: 1, Avg: 1.0, Max: 1, Diff: 0, Sum: 30]
      [GC Worker Other (ms): Min: 0.0, Avg: 0.1, Max: 0.3, Diff: 0.2, Sum: 4.1]
      [GC Worker Total (ms): Min: 61.9, Avg: 62.6, Max: 63.1, Diff: 1.2, Sum: 1877.0]
      [GC Worker End (ms): Min: 61842.6, Avg: 61842.7, Max: 61842.8, Diff: 0.2]
   [Code Root Fixup: 0.0 ms]
   [Code Root Purge: 0.0 ms]
   [Clear CT: 0.9 ms]
   [Other: 3.1 ms]
      [Choose CSet: 0.0 ms]
      [Ref Proc: 0.5 ms]
      [Ref Enq: 0.0 ms]
      [Redirty Cards: 0.9 ms]
      [Humongous Register: 0.1 ms]
      [Humongous Reclaim: 0.1 ms]
      [Free CSet: 1.2 ms]
   [Eden: 3996.0M(3996.0M)->0.0B(3884.0M) Survivors: 332.0M->320.0M Heap: 7008.5M(8192.0M)->3138.0M(8192.0M)]
 [Times: user=1.92 sys=0.00, real=0.06 secs] 
2018-10-15T09:26:25.261+0200: 61.847: Total time for which application threads were stopped: 0.0685486 seconds, Stopping threads took: 0.0005710 seconds
2018-10-15T09:26:25.678+0200: 62.264: Application time: 0.4174892 seconds
2018-10-15T09:26:25.679+0200: 62.266: [GC pause (G1 Evacuation Pause) (young)
Desired survivor size 276824064 bytes, new threshold 3 (max 15)
- age   1:  103448976 bytes,  103448976 total
- age   2:   96207928 bytes,  199656904 total
- age   3:  100583712 bytes,  300240616 total
, 0.0693672 secs]
   [Parallel Time: 65.6 ms, GC Workers: 30]
      [GC Worker Start (ms): Min: 62265.8, Avg: 62266.1, Max: 62266.6, Diff: 0.8]
      [Ext Root Scanning (ms): Min: 0.0, Avg: 0.5, Max: 1.8, Diff: 1.8, Sum: 13.6]
      [Update RS (ms): Min: 19.9, Avg: 21.1, Max: 21.8, Diff: 1.9, Sum: 631.5]
         [Processed Buffers: Min: 19, Avg: 24.3, Max: 31, Diff: 12, Sum: 730]
      [Scan RS (ms): Min: 1.1, Avg: 1.8, Max: 2.0, Diff: 1.0, Sum: 54.8]
      [Code Root Scanning (ms): Min: 0.0, Avg: 0.0, Max: 0.0, Diff: 0.0, Sum: 0.0]
      [Object Copy (ms): Min: 41.5, Avg: 41.5, Max: 41.7, Diff: 0.3, Sum: 1246.1]
      [Termination (ms): Min: 0.0, Avg: 0.0, Max: 0.0, Diff: 0.0, Sum: 0.2]
         [Termination Attempts: Min: 1, Avg: 1.1, Max: 2, Diff: 1, Sum: 32]
      [GC Worker Other (ms): Min: 0.0, Avg: 0.1, Max: 0.3, Diff: 0.2, Sum: 4.1]
      [GC Worker Total (ms): Min: 64.5, Avg: 65.0, Max: 65.4, Diff: 0.9, Sum: 1950.3]
      [GC Worker End (ms): Min: 62331.0, Avg: 62331.2, Max: 62331.3, Diff: 0.2]
   [Code Root Fixup: 0.0 ms]
   [Code Root Purge: 0.0 ms]
   [Clear CT: 0.7 ms]
   [Other: 3.0 ms]
      [Choose CSet: 0.0 ms]
      [Ref Proc: 0.5 ms]
      [Ref Enq: 0.0 ms]
      [Redirty Cards: 0.8 ms]
      [Humongous Register: 0.1 ms]
      [Humongous Reclaim: 0.0 ms]
      [Free CSet: 1.1 ms]
   [Eden: 3884.0M(3884.0M)->0.0B(3752.0M) Survivors: 320.0M->324.0M Heap: 7022.0M(8192.0M)->3262.8M(8192.0M)]
 [Times: user=1.97 sys=0.00, real=0.07 secs] 
2018-10-15T09:26:25.749+0200: 62.335: Total time for which application threads were stopped: 0.0706673 seconds, Stopping threads took: 0.0006031 seconds
2018-10-15T09:26:26.145+0200: 62.731: Application time: 0.3963536 seconds
2018-10-15T09:26:26.150+0200: 62.736: [GC pause (G1 Evacuation Pause) (young)
Desired survivor size 268435456 bytes, new threshold 3 (max 15)
- age   1:  109520392 bytes,  109520392 total
- age   2:   95722656 bytes,  205243048 total
- age   3:   95261336 bytes,  300504384 total
, 0.0715333 secs]
   [Parallel Time: 67.9 ms, GC Workers: 30]
      [GC Worker Start (ms): Min: 62736.0, Avg: 62736.9, Max: 62737.6, Diff: 1.6]
      [Ext Root Scanning (ms): Min: 0.0, Avg: 0.3, Max: 1.8, Diff: 1.8, Sum: 9.8]
      [Update RS (ms): Min: 20.0, Avg: 20.6, Max: 21.5, Diff: 1.5, Sum: 617.2]
         [Processed Buffers: Min: 17, Avg: 22.0, Max: 28, Diff: 11, Sum: 661]
      [Scan RS (ms): Min: 0.8, Avg: 1.6, Max: 1.8, Diff: 1.0, Sum: 47.2]
      [Code Root Scanning (ms): Min: 0.0, Avg: 0.0, Max: 0.0, Diff: 0.0, Sum: 0.0]
      [Object Copy (ms): Min: 43.8, Avg: 43.9, Max: 44.2, Diff: 0.3, Sum: 1318.0]
      [Termination (ms): Min: 0.0, Avg: 0.3, Max: 0.3, Diff: 0.3, Sum: 8.2]
         [Termination Attempts: Min: 2, Avg: 113.3, Max: 126, Diff: 124, Sum: 3399]
      [GC Worker Other (ms): Min: 0.0, Avg: 0.1, Max: 0.3, Diff: 0.2, Sum: 3.9]
      [GC Worker Total (ms): Min: 66.1, Avg: 66.8, Max: 67.8, Diff: 1.7, Sum: 2004.3]
      [GC Worker End (ms): Min: 62803.6, Avg: 62803.7, Max: 62803.8, Diff: 0.2]
   [Code Root Fixup: 0.0 ms]
   [Code Root Purge: 0.0 ms]
   [Clear CT: 0.7 ms]
   [Other: 2.9 ms]
      [Choose CSet: 0.0 ms]
      [Ref Proc: 0.5 ms]
      [Ref Enq: 0.0 ms]
      [Redirty Cards: 0.7 ms]
      [Humongous Register: 0.1 ms]
      [Humongous Reclaim: 0.1 ms]
      [Free CSet: 1.1 ms]
   [Eden: 3752.0M(3752.0M)->0.0B(3656.0M) Survivors: 324.0M->312.0M Heap: 7014.8M(8192.0M)->3374.0M(8192.0M)]
 [Times: user=2.04 sys=0.00, real=0.07 secs] 
2018-10-15T09:26:26.221+0200: 62.807: Total time for which application threads were stopped: 0.0759544 seconds, Stopping threads took: 0.0037376 seconds
2018-10-15T09:26:26.600+0200: 63.186: Application time: 0.3783429 seconds
2018-10-15T09:26:26.601+0200: 63.187: [GC pause (G1 Evacuation Pause) (young)
Desired survivor size 260046848 bytes, new threshold 3 (max 15)
- age   1:   92617592 bytes,   92617592 total
- age   2:  104394168 bytes,  197011760 total
- age   3:   94867648 bytes,  291879408 total
, 0.0726596 secs]
   [Parallel Time: 68.7 ms, GC Workers: 30]
      [GC Worker Start (ms): Min: 63187.1, Avg: 63187.5, Max: 63188.0, Diff: 0.9]
      [Ext Root Scanning (ms): Min: 0.0, Avg: 0.4, Max: 1.7, Diff: 1.7, Sum: 12.7]
      [Update RS (ms): Min: 17.0, Avg: 18.1, Max: 18.6, Diff: 1.6, Sum: 542.9]
         [Processed Buffers: Min: 16, Avg: 19.9, Max: 26, Diff: 10, Sum: 596]
      [Scan RS (ms): Min: 1.8, Avg: 2.2, Max: 2.6, Diff: 0.7, Sum: 64.9]
      [Code Root Scanning (ms): Min: 0.0, Avg: 0.0, Max: 0.0, Diff: 0.0, Sum: 0.1]
      [Object Copy (ms): Min: 47.0, Avg: 47.2, Max: 47.4, Diff: 0.4, Sum: 1415.2]
      [Termination (ms): Min: 0.0, Avg: 0.2, Max: 0.2, Diff: 0.2, Sum: 5.0]
         [Termination Attempts: Min: 1, Avg: 108.3, Max: 124, Diff: 123, Sum: 3249]
      [GC Worker Other (ms): Min: 0.0, Avg: 0.1, Max: 0.3, Diff: 0.3, Sum: 4.4]
      [GC Worker Total (ms): Min: 67.5, Avg: 68.2, Max: 68.7, Diff: 1.1, Sum: 2045.2]
      [GC Worker End (ms): Min: 63255.5, Avg: 63255.7, Max: 63255.8, Diff: 0.3]
   [Code Root Fixup: 0.0 ms]
   [Code Root Purge: 0.0 ms]
   [Clear CT: 0.9 ms]
   [Other: 3.0 ms]
      [Choose CSet: 0.0 ms]
      [Ref Proc: 0.5 ms]
      [Ref Enq: 0.0 ms]
      [Redirty Cards: 0.9 ms]
      [Humongous Register: 0.1 ms]
      [Humongous Reclaim: 0.1 ms]
      [Free CSet: 1.1 ms]
   [Eden: 3656.0M(3656.0M)->0.0B(3544.0M) Survivors: 312.0M->308.0M Heap: 7030.0M(8192.0M)->3492.0M(8192.0M)]
 [Times: user=2.07 sys=0.00, real=0.08 secs] 
2018-10-15T09:26:26.674+0200: 63.260: Total time for which application threads were stopped: 0.0739095 seconds, Stopping threads took: 0.0005735 seconds
2018-10-15T09:26:27.044+0200: 63.630: Application time: 0.3708397 seconds
2018-10-15T09:26:27.046+0200: 63.632: [GC pause (G1 Evacuation Pause) (young)
Desired survivor size 253755392 bytes, new threshold 3 (max 15)
- age   1:   99026864 bytes,   99026864 total
- age   2:   87038968 bytes,  186065832 total
- age   3:  103071688 bytes,  289137520 total
, 0.0655012 secs]
   [Parallel Time: 61.9 ms, GC Workers: 30]
      [GC Worker Start (ms): Min: 63631.9, Avg: 63632.4, Max: 63633.2, Diff: 1.3]
      [Ext Root Scanning (ms): Min: 0.0, Avg: 0.4, Max: 1.7, Diff: 1.7, Sum: 11.1]
      [Update RS (ms): Min: 18.9, Avg: 19.8, Max: 20.9, Diff: 2.1, Sum: 594.6]
         [Processed Buffers: Min: 15, Avg: 21.8, Max: 31, Diff: 16, Sum: 655]
      [Scan RS (ms): Min: 0.4, Avg: 1.5, Max: 4.9, Diff: 4.5, Sum: 44.7]
      [Code Root Scanning (ms): Min: 0.0, Avg: 0.0, Max: 0.0, Diff: 0.0, Sum: 0.0]
      [Object Copy (ms): Min: 35.8, Avg: 39.3, Max: 39.5, Diff: 3.8, Sum: 1179.6]
      [Termination (ms): Min: 0.1, Avg: 0.1, Max: 0.3, Diff: 0.2, Sum: 3.4]
         [Termination Attempts: Min: 5, Avg: 14.2, Max: 21, Diff: 16, Sum: 427]
      [GC Worker Other (ms): Min: 0.0, Avg: 0.1, Max: 0.2, Diff: 0.2, Sum: 3.0]
      [GC Worker Total (ms): Min: 60.4, Avg: 61.2, Max: 61.8, Diff: 1.4, Sum: 1836.5]
      [GC Worker End (ms): Min: 63693.5, Avg: 63693.6, Max: 63693.7, Diff: 0.2]
   [Code Root Fixup: 0.0 ms]
   [Code Root Purge: 0.0 ms]
   [Clear CT: 0.7 ms]
   [Other: 2.9 ms]
      [Choose CSet: 0.0 ms]
      [Ref Proc: 0.4 ms]
      [Ref Enq: 0.0 ms]
      [Redirty Cards: 0.9 ms]
      [Humongous Register: 0.1 ms]
      [Humongous Reclaim: 0.1 ms]
      [Free CSet: 1.0 ms]
   [Eden: 3544.0M(3544.0M)->0.0B(3460.0M) Survivors: 308.0M->288.0M Heap: 7036.0M(8192.0M)->3596.0M(8192.0M)]
 [Times: user=1.86 sys=0.00, real=0.06 secs] 
2018-10-15T09:26:27.111+0200: 63.697: Total time for which application threads were stopped: 0.0667727 seconds, Stopping threads took: 0.0005658 seconds
2018-10-15T09:26:27.478+0200: 64.064: Application time: 0.3663352 seconds
2018-10-15T09:26:27.479+0200: 64.065: [GC pause (G1 Evacuation Pause) (young)
Desired survivor size 247463936 bytes, new threshold 3 (max 15)
- age   1:   85003784 bytes,   85003784 total
- age   2:   93879616 bytes,  178883400 total
- age   3:   86756608 bytes,  265640008 total
, 0.0622740 secs]
   [Parallel Time: 58.8 ms, GC Workers: 30]
      [GC Worker Start (ms): Min: 64065.0, Avg: 64065.9, Max: 64066.6, Diff: 1.6]
      [Ext Root Scanning (ms): Min: 0.0, Avg: 0.3, Max: 1.7, Diff: 1.7, Sum: 9.7]
      [Update RS (ms): Min: 20.0, Avg: 20.7, Max: 21.0, Diff: 1.0, Sum: 620.9]
         [Processed Buffers: Min: 20, Avg: 23.8, Max: 30, Diff: 10, Sum: 713]
      [Scan RS (ms): Min: 1.4, Avg: 1.6, Max: 1.8, Diff: 0.4, Sum: 47.5]
      [Code Root Scanning (ms): Min: 0.0, Avg: 0.0, Max: 0.0, Diff: 0.0, Sum: 0.0]
      [Object Copy (ms): Min: 34.6, Avg: 34.8, Max: 35.0, Diff: 0.3, Sum: 1044.8]
      [Termination (ms): Min: 0.0, Avg: 0.1, Max: 0.2, Diff: 0.2, Sum: 2.6]
         [Termination Attempts: Min: 1, Avg: 5.4, Max: 10, Diff: 9, Sum: 163]
      [GC Worker Other (ms): Min: 0.0, Avg: 0.1, Max: 0.2, Diff: 0.2, Sum: 2.6]
      [GC Worker Total (ms): Min: 56.9, Avg: 57.6, Max: 58.5, Diff: 1.6, Sum: 1728.0]
      [GC Worker End (ms): Min: 64123.4, Avg: 64123.5, Max: 64123.6, Diff: 0.2]
   [Code Root Fixup: 0.0 ms]
   [Code Root Purge: 0.0 ms]
   [Clear CT: 0.8 ms]
   [Other: 2.6 ms]
      [Choose CSet: 0.0 ms]
      [Ref Proc: 0.4 ms]
      [Ref Enq: 0.0 ms]
      [Redirty Cards: 0.6 ms]
      [Humongous Register: 0.1 ms]
      [Humongous Reclaim: 0.1 ms]
      [Free CSet: 1.0 ms]
   [Eden: 3460.0M(3460.0M)->0.0B(3376.0M) Survivors: 288.0M->272.0M Heap: 7056.0M(8192.0M)->3696.0M(8192.0M)]
 [Times: user=1.76 sys=0.00, real=0.06 secs] 
2018-10-15T09:26:27.541+0200: 64.127: Total time for which application threads were stopped: 0.0635456 seconds, Stopping threads took: 0.0005479 seconds
2018-10-15T09:26:27.895+0200: 64.481: Application time: 0.3540221 seconds
2018-10-15T09:26:27.896+0200: 64.482: [GC pause (G1 Evacuation Pause) (young)
Desired survivor size 239075328 bytes, new threshold 3 (max 15)
- age   1:   88059496 bytes,   88059496 total
- age   2:   76491592 bytes,  164551088 total
- age   3:   92505776 bytes,  257056864 total
, 0.0622916 secs]
   [Parallel Time: 58.8 ms, GC Workers: 30]
      [GC Worker Start (ms): Min: 64482.6, Avg: 64483.3, Max: 64483.9, Diff: 1.4]
      [Ext Root Scanning (ms): Min: 0.0, Avg: 0.3, Max: 1.8, Diff: 1.8, Sum: 10.0]
      [Update RS (ms): Min: 18.1, Avg: 18.8, Max: 19.3, Diff: 1.1, Sum: 565.5]
         [Processed Buffers: Min: 17, Avg: 21.5, Max: 26, Diff: 9, Sum: 646]
      [Scan RS (ms): Min: 1.9, Avg: 2.2, Max: 2.4, Diff: 0.6, Sum: 66.7]
      [Code Root Scanning (ms): Min: 0.0, Avg: 0.0, Max: 0.0, Diff: 0.0, Sum: 0.0]
      [Object Copy (ms): Min: 36.1, Avg: 36.2, Max: 36.3, Diff: 0.2, Sum: 1085.4]
      [Termination (ms): Min: 0.1, Avg: 0.1, Max: 0.3, Diff: 0.2, Sum: 4.1]
         [Termination Attempts: Min: 1, Avg: 12.2, Max: 18, Diff: 17, Sum: 366]
      [GC Worker Other (ms): Min: 0.0, Avg: 0.1, Max: 0.2, Diff: 0.2, Sum: 2.6]
      [GC Worker Total (ms): Min: 57.2, Avg: 57.8, Max: 58.6, Diff: 1.4, Sum: 1734.4]
      [GC Worker End (ms): Min: 64541.0, Avg: 64541.1, Max: 64541.2, Diff: 0.2]
   [Code Root Fixup: 0.0 ms]
   [Code Root Purge: 0.0 ms]
   [Clear CT: 0.7 ms]
   [Other: 2.8 ms]
      [Choose CSet: 0.0 ms]
      [Ref Proc: 0.4 ms]
      [Ref Enq: 0.0 ms]
      [Redirty Cards: 0.8 ms]
      [Humongous Register: 0.1 ms]
      [Humongous Reclaim: 0.1 ms]
      [Free CSet: 1.0 ms]
   [Eden: 3376.0M(3376.0M)->0.0B(3284.0M) Survivors: 272.0M->260.0M Heap: 7072.0M(8192.0M)->3800.0M(8192.0M)]
 [Times: user=1.76 sys=0.00, real=0.06 secs] 
2018-10-15T09:26:27.959+0200: 64.545: Total time for which application threads were stopped: 0.0635531 seconds, Stopping threads took: 0.0005806 seconds
2018-10-15T09:26:28.305+0200: 64.891: Application time: 0.3460238 seconds
2018-10-15T09:26:28.306+0200: 64.892: [GC pause (G1 Evacuation Pause) (young)
Desired survivor size 232783872 bytes, new threshold 3 (max 15)
- age   1:   83814160 bytes,   83814160 total
- age   2:   81863352 bytes,  165677512 total
- age   3:   76028856 bytes,  241706368 total
, 0.0632195 secs]
   [Parallel Time: 59.8 ms, GC Workers: 30]
      [GC Worker Start (ms): Min: 64892.2, Avg: 64892.5, Max: 64893.3, Diff: 1.1]
      [Ext Root Scanning (ms): Min: 0.0, Avg: 0.4, Max: 1.8, Diff: 1.8, Sum: 13.2]
      [Update RS (ms): Min: 19.6, Avg: 20.7, Max: 21.2, Diff: 1.6, Sum: 621.1]
         [Processed Buffers: Min: 18, Avg: 23.4, Max: 29, Diff: 11, Sum: 703]
      [Scan RS (ms): Min: 0.6, Avg: 1.0, Max: 1.2, Diff: 0.6, Sum: 30.9]
      [Code Root Scanning (ms): Min: 0.0, Avg: 0.0, Max: 0.0, Diff: 0.0, Sum: 0.0]
      [Object Copy (ms): Min: 36.8, Avg: 36.9, Max: 37.0, Diff: 0.2, Sum: 1107.3]
      [Termination (ms): Min: 0.0, Avg: 0.0, Max: 0.1, Diff: 0.1, Sum: 1.5]
         [Termination Attempts: Min: 1, Avg: 22.7, Max: 34, Diff: 33, Sum: 680]
      [GC Worker Other (ms): Min: 0.0, Avg: 0.1, Max: 0.2, Diff: 0.2, Sum: 3.7]
      [GC Worker Total (ms): Min: 58.4, Avg: 59.3, Max: 59.7, Diff: 1.3, Sum: 1777.7]
      [GC Worker End (ms): Min: 64951.7, Avg: 64951.8, Max: 64951.9, Diff: 0.2]
   [Code Root Fixup: 0.0 ms]
   [Code Root Purge: 0.0 ms]
   [Clear CT: 0.8 ms]
   [Other: 2.7 ms]
      [Choose CSet: 0.0 ms]
      [Ref Proc: 0.5 ms]
      [Ref Enq: 0.0 ms]
      [Redirty Cards: 0.7 ms]
      [Humongous Register: 0.1 ms]
      [Humongous Reclaim: 0.1 ms]
      [Free CSet: 0.9 ms]
   [Eden: 3284.0M(3284.0M)->0.0B(3180.0M) Survivors: 260.0M->260.0M Heap: 7084.0M(8192.0M)->3904.0M(8192.0M)]
 [Times: user=1.81 sys=0.00, real=0.06 secs] 
2018-10-15T09:26:28.369+0200: 64.955: Total time for which application threads were stopped: 0.0645389 seconds, Stopping threads took: 0.0005812 seconds
2018-10-15T09:26:28.707+0200: 65.293: Application time: 0.3373468 seconds
2018-10-15T09:26:28.708+0200: 65.294: [GC pause (G1 Evacuation Pause) (young)
Desired survivor size 226492416 bytes, new threshold 3 (max 15)
- age   1:   79117376 bytes,   79117376 total
- age   2:   76466384 bytes,  155583760 total
- age   3:   81000288 bytes,  236584048 total
, 0.0613088 secs]
   [Parallel Time: 57.8 ms, GC Workers: 30]
      [GC Worker Start (ms): Min: 65294.1, Avg: 65294.8, Max: 65295.5, Diff: 1.4]
      [Ext Root Scanning (ms): Min: 0.0, Avg: 0.3, Max: 1.8, Diff: 1.8, Sum: 10.2]
      [Update RS (ms): Min: 18.4, Avg: 19.3, Max: 19.9, Diff: 1.5, Sum: 577.7]
         [Processed Buffers: Min: 17, Avg: 21.2, Max: 27, Diff: 10, Sum: 637]
      [Scan RS (ms): Min: 1.3, Avg: 1.7, Max: 1.9, Diff: 0.6, Sum: 51.0]
      [Code Root Scanning (ms): Min: 0.0, Avg: 0.0, Max: 0.0, Diff: 0.0, Sum: 0.0]
      [Object Copy (ms): Min: 35.2, Avg: 35.2, Max: 35.4, Diff: 0.2, Sum: 1057.3]
      [Termination (ms): Min: 0.1, Avg: 0.2, Max: 0.3, Diff: 0.2, Sum: 4.6]
         [Termination Attempts: Min: 3, Avg: 30.7, Max: 41, Diff: 38, Sum: 922]
      [GC Worker Other (ms): Min: 0.0, Avg: 0.1, Max: 0.3, Diff: 0.3, Sum: 4.4]
      [GC Worker Total (ms): Min: 56.1, Avg: 56.8, Max: 57.6, Diff: 1.6, Sum: 1705.2]
      [GC Worker End (ms): Min: 65351.5, Avg: 65351.7, Max: 65351.8, Diff: 0.3]
   [Code Root Fixup: 0.0 ms]
   [Code Root Purge: 0.0 ms]
   [Clear CT: 0.8 ms]
   [Other: 2.7 ms]
      [Choose CSet: 0.0 ms]
      [Ref Proc: 0.4 ms]
      [Ref Enq: 0.0 ms]
      [Redirty Cards: 0.8 ms]
      [Humongous Register: 0.1 ms]
      [Humongous Reclaim: 0.1 ms]
      [Free CSet: 0.9 ms]
   [Eden: 3180.0M(3180.0M)->0.0B(3072.0M) Survivors: 260.0M->260.0M Heap: 7084.0M(8192.0M)->4008.0M(8192.0M)]
 [Times: user=1.74 sys=0.00, real=0.06 secs] 
2018-10-15T09:26:28.769+0200: 65.355: Total time for which application threads were stopped: 0.0625867 seconds, Stopping threads took: 0.0005650 seconds
2018-10-15T09:26:29.098+0200: 65.684: Application time: 0.3292441 seconds
2018-10-15T09:26:29.100+0200: 65.686: [GC pause (G1 Evacuation Pause) (young) (initial-mark)
Desired survivor size 220200960 bytes, new threshold 3 (max 15)
- age   1:   84313344 bytes,   84313344 total
- age   2:   73705960 bytes,  158019304 total
- age   3:   75638456 bytes,  233657760 total
, 0.0630158 secs]
   [Parallel Time: 59.8 ms, GC Workers: 30]
      [GC Worker Start (ms): Min: 65686.2, Avg: 65687.0, Max: 65687.8, Diff: 1.7]
      [Ext Root Scanning (ms): Min: 1.6, Avg: 2.1, Max: 2.7, Diff: 1.0, Sum: 61.9]
      [Update RS (ms): Min: 20.1, Avg: 20.8, Max: 21.6, Diff: 1.5, Sum: 625.3]
         [Processed Buffers: Min: 19, Avg: 23.3, Max: 36, Diff: 17, Sum: 700]
      [Scan RS (ms): Min: 1.2, Avg: 1.6, Max: 1.9, Diff: 0.8, Sum: 48.6]
      [Code Root Scanning (ms): Min: 0.0, Avg: 0.0, Max: 0.0, Diff: 0.0, Sum: 0.0]
      [Object Copy (ms): Min: 33.7, Avg: 33.8, Max: 34.0, Diff: 0.3, Sum: 1014.6]
      [Termination (ms): Min: 0.0, Avg: 0.0, Max: 0.0, Diff: 0.0, Sum: 0.2]
         [Termination Attempts: Min: 1, Avg: 1.0, Max: 1, Diff: 0, Sum: 30]
      [GC Worker Other (ms): Min: 0.0, Avg: 0.1, Max: 0.2, Diff: 0.2, Sum: 3.5]
      [GC Worker Total (ms): Min: 57.6, Avg: 58.5, Max: 59.4, Diff: 1.8, Sum: 1754.2]
      [GC Worker End (ms): Min: 65745.4, Avg: 65745.5, Max: 65745.6, Diff: 0.2]
   [Code Root Fixup: 0.0 ms]
   [Code Root Purge: 0.0 ms]
   [Clear CT: 0.6 ms]
   [Other: 2.6 ms]
      [Choose CSet: 0.0 ms]
      [Ref Proc: 0.4 ms]
      [Ref Enq: 0.0 ms]
      [Redirty Cards: 0.6 ms]
      [Humongous Register: 0.1 ms]
      [Humongous Reclaim: 0.1 ms]
      [Free CSet: 1.0 ms]
   [Eden: 3072.0M(3072.0M)->0.0B(2964.0M) Survivors: 260.0M->264.0M Heap: 7080.0M(8192.0M)->4114.0M(8192.0M)]
 [Times: user=1.77 sys=0.00, real=0.06 secs] 
2018-10-15T09:26:29.163+0200: 65.749: [GC concurrent-root-region-scan-start]
2018-10-15T09:26:29.163+0200: 65.749: Total time for which application threads were stopped: 0.0643386 seconds, Stopping threads took: 0.0005861 seconds
2018-10-15T09:26:29.233+0200: 65.819: [GC concurrent-root-region-scan-end, 0.0701331 secs]
2018-10-15T09:26:29.233+0200: 65.819: [GC concurrent-mark-start]
2018-10-15T09:26:29.563+0200: 66.149: [GC concurrent-mark-end, 0.3297777 secs]
2018-10-15T09:26:29.563+0200: 66.149: Application time: 0.3999691 seconds
2018-10-15T09:26:29.564+0200: 66.150: [GC remark 2018-10-15T09:26:29.564+0200: 66.150: [Finalize Marking, 0.0006865 secs] 2018-10-15T09:26:29.565+0200: 66.151: [GC ref-proc, 0.0012563 secs] 2018-10-15T09:26:29.566+0200: 66.152: [Unloading, 0.0134262 secs], 0.0167251 secs]
 [Times: user=0.40 sys=0.01, real=0.01 secs] 
2018-10-15T09:26:29.581+0200: 66.167: Total time for which application threads were stopped: 0.0178368 seconds, Stopping threads took: 0.0005619 seconds
2018-10-15T09:26:29.581+0200: 66.167: Application time: 0.0000586 seconds
2018-10-15T09:26:29.581+0200: 66.167: [GC cleanup 6798M->5670M(8192M), 0.0061037 secs]
 [Times: user=0.15 sys=0.00, real=0.01 secs] 
2018-10-15T09:26:29.587+0200: 66.173: Total time for which application threads were stopped: 0.0066520 seconds, Stopping threads took: 0.0000546 seconds
2018-10-15T09:26:29.587+0200: 66.173: [GC concurrent-cleanup-start]
2018-10-15T09:26:29.589+0200: 66.175: [GC concurrent-cleanup-end, 0.0012519 secs]
2018-10-15T09:26:29.617+0200: 66.203: Application time: 0.0296520 seconds
2018-10-15T09:26:29.618+0200: 66.204: [GC pause (G1 Evacuation Pause) (young)
Desired survivor size 211812352 bytes, new threshold 3 (max 15)
- age   1:   86420696 bytes,   86420696 total
- age   2:   81030208 bytes,  167450904 total
- age   3:   73043688 bytes,  240494592 total
, 0.0601795 secs]
   [Parallel Time: 57.2 ms, GC Workers: 30]
      [GC Worker Start (ms): Min: 66204.2, Avg: 66204.3, Max: 66204.6, Diff: 0.5]
      [Ext Root Scanning (ms): Min: 0.1, Avg: 0.5, Max: 1.7, Diff: 1.6, Sum: 14.1]
      [Update RS (ms): Min: 14.2, Avg: 15.3, Max: 15.8, Diff: 1.7, Sum: 459.0]
         [Processed Buffers: Min: 16, Avg: 21.2, Max: 27, Diff: 11, Sum: 635]
      [Scan RS (ms): Min: 0.2, Avg: 0.6, Max: 0.9, Diff: 0.8, Sum: 18.6]
      [Code Root Scanning (ms): Min: 0.0, Avg: 0.0, Max: 0.0, Diff: 0.0, Sum: 0.0]
      [Object Copy (ms): Min: 39.8, Avg: 39.9, Max: 40.2, Diff: 0.5, Sum: 1198.4]
      [Termination (ms): Min: 0.0, Avg: 0.3, Max: 0.4, Diff: 0.4, Sum: 10.1]
         [Termination Attempts: Min: 1, Avg: 140.9, Max: 155, Diff: 154, Sum: 4227]
      [GC Worker Other (ms): Min: 0.0, Avg: 0.1, Max: 0.2, Diff: 0.2, Sum: 3.4]
      [GC Worker Total (ms): Min: 56.4, Avg: 56.8, Max: 57.0, Diff: 0.6, Sum: 1703.6]
      [GC Worker End (ms): Min: 66261.0, Avg: 66261.1, Max: 66261.2, Diff: 0.2]
   [Code Root Fixup: 0.0 ms]
   [Code Root Purge: 0.0 ms]
   [Clear CT: 0.6 ms]
   [Other: 2.4 ms]
      [Choose CSet: 0.0 ms]
      [Ref Proc: 0.5 ms]
      [Ref Enq: 0.0 ms]
      [Redirty Cards: 0.5 ms]
      [Humongous Register: 0.1 ms]
      [Humongous Reclaim: 0.0 ms]
      [Free CSet: 0.8 ms]
   [Eden: 2964.0M(2964.0M)->0.0B(144.0M) Survivors: 264.0M->264.0M Heap: 5950.0M(8192.0M)->3088.0M(8192.0M)]
 [Times: user=1.78 sys=0.00, real=0.06 secs] 
2018-10-15T09:26:29.678+0200: 66.264: Total time for which application threads were stopped: 0.0612200 seconds, Stopping threads took: 0.0004738 seconds
2018-10-15T09:26:29.694+0200: 66.280: Application time: 0.0153513 seconds
2018-10-15T09:26:29.694+0200: 66.280: [GC pause (G1 Evacuation Pause) (mixed)
Desired survivor size 27262976 bytes, new threshold 1 (max 15)
- age   1:   89210768 bytes,   89210768 total
- age   2:   80957816 bytes,  170168584 total
- age   3:   77890240 bytes,  248058824 total
, 0.0573948 secs]
   [Parallel Time: 53.3 ms, GC Workers: 30]
      [GC Worker Start (ms): Min: 66280.7, Avg: 66280.9, Max: 66281.4, Diff: 0.7]
      [Ext Root Scanning (ms): Min: 0.0, Avg: 0.4, Max: 1.8, Diff: 1.8, Sum: 12.7]
      [Update RS (ms): Min: 18.8, Avg: 19.9, Max: 20.2, Diff: 1.4, Sum: 597.0]
         [Processed Buffers: Min: 22, Avg: 27.8, Max: 38, Diff: 16, Sum: 833]
      [Scan RS (ms): Min: 1.1, Avg: 1.5, Max: 1.7, Diff: 0.6, Sum: 44.8]
      [Code Root Scanning (ms): Min: 0.0, Avg: 0.0, Max: 0.2, Diff: 0.2, Sum: 0.2]
      [Object Copy (ms): Min: 30.6, Avg: 30.8, Max: 31.0, Diff: 0.4, Sum: 923.8]
      [Termination (ms): Min: 0.0, Avg: 0.2, Max: 0.2, Diff: 0.2, Sum: 5.6]
         [Termination Attempts: Min: 1, Avg: 82.5, Max: 93, Diff: 92, Sum: 2475]
      [GC Worker Other (ms): Min: 0.0, Avg: 0.1, Max: 0.1, Diff: 0.1, Sum: 2.0]
      [GC Worker Total (ms): Min: 52.4, Avg: 52.9, Max: 53.2, Diff: 0.8, Sum: 1586.1]
      [GC Worker End (ms): Min: 66333.7, Avg: 66333.8, Max: 66333.8, Diff: 0.1]
   [Code Root Fixup: 0.0 ms]
   [Code Root Purge: 0.0 ms]
   [Clear CT: 0.8 ms]
   [Other: 3.3 ms]
      [Choose CSet: 0.2 ms]
      [Ref Proc: 0.4 ms]
      [Ref Enq: 0.0 ms]
      [Redirty Cards: 1.2 ms]
      [Humongous Register: 0.1 ms]
      [Humongous Reclaim: 0.0 ms]
      [Free CSet: 1.1 ms]
   [Eden: 144.0M(144.0M)->0.0B(356.0M) Survivors: 264.0M->52.0M Heap: 3232.0M(8192.0M)->2326.0M(8192.0M)]
 [Times: user=1.62 sys=0.00, real=0.06 secs] 
2018-10-15T09:26:29.752+0200: 66.338: Total time for which application threads were stopped: 0.0583466 seconds, Stopping threads took: 0.0003598 seconds
2018-10-15T09:26:29.809+0200: 66.395: Application time: 0.0571165 seconds
2018-10-15T09:26:29.810+0200: 66.396: [GC pause (G1 Evacuation Pause) (mixed)
Desired survivor size 27262976 bytes, new threshold 15 (max 15)
- age   1:    3412792 bytes,    3412792 total
, 0.0386147 secs]
   [Parallel Time: 35.2 ms, GC Workers: 30]
      [GC Worker Start (ms): Min: 66396.4, Avg: 66397.2, Max: 66397.8, Diff: 1.4]
      [Ext Root Scanning (ms): Min: 0.0, Avg: 0.3, Max: 1.8, Diff: 1.8, Sum: 9.5]
      [Update RS (ms): Min: 22.4, Avg: 23.2, Max: 23.6, Diff: 1.1, Sum: 696.2]
         [Processed Buffers: Min: 25, Avg: 29.8, Max: 37, Diff: 12, Sum: 894]
      [Scan RS (ms): Min: 1.0, Avg: 1.3, Max: 1.5, Diff: 0.5, Sum: 39.5]
      [Code Root Scanning (ms): Min: 0.0, Avg: 0.0, Max: 0.1, Diff: 0.1, Sum: 0.2]
      [Object Copy (ms): Min: 2.9, Avg: 3.2, Max: 9.2, Diff: 6.3, Sum: 96.3]
      [Termination (ms): Min: 0.0, Avg: 6.1, Max: 6.4, Diff: 6.4, Sum: 183.8]
         [Termination Attempts: Min: 1, Avg: 11.2, Max: 16, Diff: 15, Sum: 335]
      [GC Worker Other (ms): Min: 0.0, Avg: 0.0, Max: 0.0, Diff: 0.0, Sum: 0.6]
      [GC Worker Total (ms): Min: 33.6, Avg: 34.2, Max: 34.9, Diff: 1.4, Sum: 1026.1]
      [GC Worker End (ms): Min: 66431.3, Avg: 66431.4, Max: 66431.4, Diff: 0.2]
   [Code Root Fixup: 0.0 ms]
   [Code Root Purge: 0.0 ms]
   [Clear CT: 0.6 ms]
   [Other: 2.7 ms]
      [Choose CSet: 0.2 ms]
      [Ref Proc: 0.4 ms]
      [Ref Enq: 0.0 ms]
      [Redirty Cards: 0.3 ms]
      [Humongous Register: 0.1 ms]
      [Humongous Reclaim: 0.0 ms]
      [Free CSet: 1.2 ms]
   [Eden: 356.0M(356.0M)->0.0B(356.0M) Survivors: 52.0M->52.0M Heap: 2682.0M(8192.0M)->1562.0M(8192.0M)]
 [Times: user=1.04 sys=0.00, real=0.04 secs] 
2018-10-15T09:26:29.849+0200: 66.435: Total time for which application threads were stopped: 0.0396294 seconds, Stopping threads took: 0.0003655 seconds
2018-10-15T09:26:29.887+0200: 66.473: Application time: 0.0385558 seconds
2018-10-15T09:26:29.888+0200: 66.474: [GC pause (G1 Evacuation Pause) (mixed)
Desired survivor size 27262976 bytes, new threshold 15 (max 15)
- age   1:    7863760 bytes,    7863760 total
- age   2:    2631832 bytes,   10495592 total
, 0.0126162 secs]
   [Parallel Time: 10.1 ms, GC Workers: 30]
      [GC Worker Start (ms): Min: 66474.4, Avg: 66474.5, Max: 66474.9, Diff: 0.5]
      [Ext Root Scanning (ms): Min: 0.0, Avg: 0.5, Max: 1.9, Diff: 1.9, Sum: 14.1]
      [Update RS (ms): Min: 2.9, Avg: 4.2, Max: 4.5, Diff: 1.6, Sum: 125.6]
         [Processed Buffers: Min: 5, Avg: 8.1, Max: 15, Diff: 10, Sum: 242]
      [Scan RS (ms): Min: 0.4, Avg: 0.7, Max: 1.0, Diff: 0.6, Sum: 19.7]
      [Code Root Scanning (ms): Min: 0.0, Avg: 0.0, Max: 0.9, Diff: 0.9, Sum: 1.4]
      [Object Copy (ms): Min: 3.6, Avg: 4.3, Max: 4.5, Diff: 0.9, Sum: 129.6]
      [Termination (ms): Min: 0.0, Avg: 0.0, Max: 0.0, Diff: 0.0, Sum: 0.2]
         [Termination Attempts: Min: 1, Avg: 1.4, Max: 4, Diff: 3, Sum: 41]
      [GC Worker Other (ms): Min: 0.0, Avg: 0.1, Max: 0.1, Diff: 0.1, Sum: 1.5]
      [GC Worker Total (ms): Min: 9.4, Avg: 9.7, Max: 9.9, Diff: 0.5, Sum: 292.1]
      [GC Worker End (ms): Min: 66484.2, Avg: 66484.3, Max: 66484.3, Diff: 0.1]
   [Code Root Fixup: 0.0 ms]
   [Code Root Purge: 0.0 ms]
   [Clear CT: 0.6 ms]
   [Other: 1.9 ms]
      [Choose CSet: 0.1 ms]
      [Ref Proc: 0.4 ms]
      [Ref Enq: 0.0 ms]
      [Redirty Cards: 0.4 ms]
      [Humongous Register: 0.1 ms]
      [Humongous Reclaim: 0.0 ms]
      [Free CSet: 0.5 ms]
   [Eden: 356.0M(356.0M)->0.0B(4880.0M) Survivors: 52.0M->32.0M Heap: 1918.0M(8192.0M)->1378.7M(8192.0M)]
 [Times: user=0.31 sys=0.00, real=0.01 secs] 
2018-10-15T09:26:29.901+0200: 66.487: Total time for which application threads were stopped: 0.0136224 seconds, Stopping threads took: 0.0004386 seconds
2018-10-15T09:26:30.416+0200: 67.002: Application time: 0.5155494 seconds
2018-10-15T09:26:30.417+0200: 67.003: [GC pause (G1 Evacuation Pause) (young)
Desired survivor size 322961408 bytes, new threshold 15 (max 15)
- age   1:   10838456 bytes,   10838456 total
- age   2:    7560512 bytes,   18398968 total
- age   3:    2514032 bytes,   20913000 total
, 0.0455151 secs]
   [Parallel Time: 41.8 ms, GC Workers: 30]
      [GC Worker Start (ms): Min: 67003.7, Avg: 67004.0, Max: 67004.4, Diff: 0.7]
      [Ext Root Scanning (ms): Min: 0.0, Avg: 0.5, Max: 1.9, Diff: 1.9, Sum: 14.6]
      [Update RS (ms): Min: 13.2, Avg: 14.3, Max: 16.0, Diff: 2.8, Sum: 429.9]
         [Processed Buffers: Min: 13, Avg: 17.1, Max: 24, Diff: 11, Sum: 513]
      [Scan RS (ms): Min: 0.0, Avg: 0.2, Max: 0.4, Diff: 0.3, Sum: 6.4]
      [Code Root Scanning (ms): Min: 0.0, Avg: 0.0, Max: 0.0, Diff: 0.0, Sum: 0.1]
      [Object Copy (ms): Min: 24.6, Avg: 26.1, Max: 26.3, Diff: 1.7, Sum: 783.0]
      [Termination (ms): Min: 0.0, Avg: 0.0, Max: 0.0, Diff: 0.0, Sum: 0.6]
         [Termination Attempts: Min: 2, Avg: 6.3, Max: 9, Diff: 7, Sum: 190]
      [GC Worker Other (ms): Min: 0.0, Avg: 0.2, Max: 0.3, Diff: 0.3, Sum: 4.8]
      [GC Worker Total (ms): Min: 40.7, Avg: 41.3, Max: 41.6, Diff: 0.9, Sum: 1239.3]
      [GC Worker End (ms): Min: 67045.2, Avg: 67045.3, Max: 67045.4, Diff: 0.3]
   [Code Root Fixup: 0.0 ms]
   [Code Root Purge: 0.0 ms]
   [Clear CT: 0.9 ms]
   [Other: 2.7 ms]
      [Choose CSet: 0.0 ms]
      [Ref Proc: 0.4 ms]
      [Ref Enq: 0.0 ms]
      [Redirty Cards: 0.5 ms]
      [Humongous Register: 0.1 ms]
      [Humongous Reclaim: 0.0 ms]
      [Free CSet: 1.4 ms]
   [Eden: 4880.0M(4880.0M)->0.0B(4744.0M) Survivors: 32.0M->168.0M Heap: 6258.7M(8192.0M)->1513.9M(8192.0M)]
 [Times: user=1.28 sys=0.00, real=0.04 secs] 
2018-10-15T09:26:30.463+0200: 67.049: Total time for which application threads were stopped: 0.0467769 seconds, Stopping threads took: 0.0005845 seconds
2018-10-15T09:26:30.962+0200: 67.548: Application time: 0.4985326 seconds
2018-10-15T09:26:30.963+0200: 67.549: [GC pause (G1 Evacuation Pause) (young)
Desired survivor size 322961408 bytes, new threshold 15 (max 15)
- age   1:  134480584 bytes,  134480584 total
- age   2:    8317160 bytes,  142797744 total
- age   3:    7405712 bytes,  150203456 total
- age   4:    2379296 bytes,  152582752 total
, 0.0571125 secs]
   [Parallel Time: 52.4 ms, GC Workers: 30]
      [GC Worker Start (ms): Min: 67549.1, Avg: 67549.6, Max: 67550.1, Diff: 1.0]
      [Ext Root Scanning (ms): Min: 0.0, Avg: 0.4, Max: 1.7, Diff: 1.7, Sum: 11.4]
      [Update RS (ms): Min: 12.2, Avg: 13.2, Max: 13.6, Diff: 1.4, Sum: 397.3]
         [Processed Buffers: Min: 14, Avg: 16.2, Max: 23, Diff: 9, Sum: 485]
      [Scan RS (ms): Min: 0.0, Avg: 0.2, Max: 0.4, Diff: 0.3, Sum: 5.9]
      [Code Root Scanning (ms): Min: 0.0, Avg: 0.0, Max: 0.0, Diff: 0.0, Sum: 0.1]
      [Object Copy (ms): Min: 37.6, Avg: 37.7, Max: 37.8, Diff: 0.2, Sum: 1130.7]
      [Termination (ms): Min: 0.0, Avg: 0.0, Max: 0.0, Diff: 0.0, Sum: 0.2]
         [Termination Attempts: Min: 1, Avg: 1.3, Max: 4, Diff: 3, Sum: 38]
      [GC Worker Other (ms): Min: 0.0, Avg: 0.1, Max: 0.3, Diff: 0.3, Sum: 4.3]
      [GC Worker Total (ms): Min: 51.1, Avg: 51.7, Max: 52.3, Diff: 1.2, Sum: 1549.7]
      [GC Worker End (ms): Min: 67601.1, Avg: 67601.2, Max: 67601.4, Diff: 0.3]
   [Code Root Fixup: 0.0 ms]
   [Code Root Purge: 0.0 ms]
   [Clear CT: 0.9 ms]
   [Other: 3.7 ms]
      [Choose CSet: 0.0 ms]
      [Ref Proc: 0.4 ms]
      [Ref Enq: 0.0 ms]
      [Redirty Cards: 0.6 ms]
      [Humongous Register: 0.1 ms]
      [Humongous Reclaim: 0.1 ms]
      [Free CSet: 2.1 ms]
   [Eden: 4744.0M(4744.0M)->0.0B(4620.0M) Survivors: 168.0M->292.0M Heap: 6257.9M(8192.0M)->1641.6M(8192.0M)]
 [Times: user=1.59 sys=0.00, real=0.06 secs] 
2018-10-15T09:26:31.020+0200: 67.606: Total time for which application threads were stopped: 0.0585521 seconds, Stopping threads took: 0.0005887 seconds
2018-10-15T09:26:31.496+0200: 68.082: Application time: 0.4753920 seconds
2018-10-15T09:26:31.497+0200: 68.083: [GC pause (G1 Evacuation Pause) (young)
Desired survivor size 322961408 bytes, new threshold 15 (max 15)
- age   1:  130565584 bytes,  130565584 total
- age   2:  129948048 bytes,  260513632 total
- age   3:    8301000 bytes,  268814632 total
- age   4:    7402776 bytes,  276217408 total
- age   5:    2377408 bytes,  278594816 total
, 0.0653280 secs]
   [Parallel Time: 61.4 ms, GC Workers: 30]
      [GC Worker Start (ms): Min: 68083.0, Avg: 68083.3, Max: 68083.7, Diff: 0.7]
      [Ext Root Scanning (ms): Min: 0.0, Avg: 0.5, Max: 1.9, Diff: 1.8, Sum: 14.8]
      [Update RS (ms): Min: 11.9, Avg: 13.0, Max: 13.5, Diff: 1.6, Sum: 390.1]
         [Processed Buffers: Min: 12, Avg: 15.9, Max: 23, Diff: 11, Sum: 478]
      [Scan RS (ms): Min: 0.0, Avg: 0.2, Max: 0.4, Diff: 0.3, Sum: 6.3]
      [Code Root Scanning (ms): Min: 0.0, Avg: 0.0, Max: 0.0, Diff: 0.0, Sum: 0.1]
      [Object Copy (ms): Min: 46.6, Avg: 46.9, Max: 47.0, Diff: 0.4, Sum: 1406.6]
      [Termination (ms): Min: 0.0, Avg: 0.1, Max: 0.2, Diff: 0.1, Sum: 1.8]
         [Termination Attempts: Min: 4, Avg: 7.7, Max: 13, Diff: 9, Sum: 232]
      [GC Worker Other (ms): Min: 0.0, Avg: 0.1, Max: 0.3, Diff: 0.3, Sum: 4.2]
      [GC Worker Total (ms): Min: 60.3, Avg: 60.8, Max: 61.2, Diff: 0.9, Sum: 1824.0]
      [GC Worker End (ms): Min: 68143.9, Avg: 68144.0, Max: 68144.2, Diff: 0.3]
   [Code Root Fixup: 0.0 ms]
   [Code Root Purge: 0.0 ms]
   [Clear CT: 1.0 ms]
   [Other: 2.9 ms]
      [Choose CSet: 0.0 ms]
      [Ref Proc: 0.6 ms]
      [Ref Enq: 0.0 ms]
      [Redirty Cards: 0.6 ms]
      [Humongous Register: 0.1 ms]
      [Humongous Reclaim: 0.0 ms]
      [Free CSet: 1.3 ms]
   [Eden: 4620.0M(4620.0M)->0.0B(4528.0M) Survivors: 292.0M->384.0M Heap: 6261.6M(8192.0M)->1733.6M(8192.0M)]
 [Times: user=1.91 sys=0.00, real=0.06 secs] 
2018-10-15T09:26:31.562+0200: 68.148: Total time for which application threads were stopped: 0.0665655 seconds, Stopping threads took: 0.0005769 seconds
2018-10-15T09:26:32.037+0200: 68.623: Application time: 0.4752530 seconds
2018-10-15T09:26:32.042+0200: 68.628: [GC pause (G1 Evacuation Pause) (young)
Desired survivor size 322961408 bytes, new threshold 3 (max 15)
- age   1:  108961104 bytes,  108961104 total
- age   2:  120040144 bytes,  229001248 total
- age   3:  129263464 bytes,  358264712 total
- age   4:    8300200 bytes,  366564912 total
- age   5:    7320248 bytes,  373885160 total
- age   6:    2376768 bytes,  376261928 total
, 0.0734348 secs]
   [Parallel Time: 68.9 ms, GC Workers: 30]
      [GC Worker Start (ms): Min: 68628.1, Avg: 68628.7, Max: 68629.4, Diff: 1.3]
      [Ext Root Scanning (ms): Min: 0.0, Avg: 0.3, Max: 1.9, Diff: 1.9, Sum: 10.3]
      [Update RS (ms): Min: 13.0, Avg: 13.7, Max: 14.4, Diff: 1.3, Sum: 412.3]
         [Processed Buffers: Min: 12, Avg: 15.8, Max: 22, Diff: 10, Sum: 475]
      [Scan RS (ms): Min: 0.1, Avg: 0.3, Max: 0.4, Diff: 0.4, Sum: 7.6]
      [Code Root Scanning (ms): Min: 0.0, Avg: 0.0, Max: 0.0, Diff: 0.0, Sum: 0.1]
      [Object Copy (ms): Min: 53.2, Avg: 53.5, Max: 53.6, Diff: 0.4, Sum: 1604.5]
      [Termination (ms): Min: 0.0, Avg: 0.0, Max: 0.0, Diff: 0.0, Sum: 0.2]
         [Termination Attempts: Min: 1, Avg: 1.1, Max: 2, Diff: 1, Sum: 33]
      [GC Worker Other (ms): Min: 0.0, Avg: 0.1, Max: 0.3, Diff: 0.3, Sum: 4.2]
      [GC Worker Total (ms): Min: 67.2, Avg: 68.0, Max: 68.6, Diff: 1.4, Sum: 2039.1]
      [GC Worker End (ms): Min: 68696.5, Avg: 68696.7, Max: 68696.8, Diff: 0.3]
   [Code Root Fixup: 0.0 ms]
   [Code Root Purge: 0.0 ms]
   [Clear CT: 0.9 ms]
   [Other: 3.7 ms]
      [Choose CSet: 0.0 ms]
      [Ref Proc: 0.4 ms]
      [Ref Enq: 0.0 ms]
      [Redirty Cards: 0.9 ms]
      [Humongous Register: 0.1 ms]
      [Humongous Reclaim: 0.1 ms]
      [Free CSet: 1.8 ms]
   [Eden: 4528.0M(4528.0M)->0.0B(4540.0M) Survivors: 384.0M->372.0M Heap: 6261.6M(8192.0M)->1861.4M(8192.0M)]
 [Times: user=2.07 sys=0.00, real=0.08 secs] 
2018-10-15T09:26:32.116+0200: 68.702: Total time for which application threads were stopped: 0.0781312 seconds, Stopping threads took: 0.0038977 seconds
2018-10-15T09:26:32.599+0200: 69.185: Application time: 0.4834530 seconds
2018-10-15T09:26:32.600+0200: 69.186: [GC pause (G1 Evacuation Pause) (young)
Desired survivor size 322961408 bytes, new threshold 3 (max 15)
- age   1:  122941752 bytes,  122941752 total
- age   2:  102562808 bytes,  225504560 total
- age   3:  119264248 bytes,  344768808 total
, 0.0748222 secs]
   [Parallel Time: 69.9 ms, GC Workers: 30]
      [GC Worker Start (ms): Min: 69186.5, Avg: 69187.1, Max: 69187.9, Diff: 1.3]
      [Ext Root Scanning (ms): Min: 0.0, Avg: 0.4, Max: 1.7, Diff: 1.7, Sum: 11.3]
      [Update RS (ms): Min: 19.0, Avg: 19.8, Max: 20.2, Diff: 1.2, Sum: 593.4]
         [Processed Buffers: Min: 18, Avg: 22.7, Max: 29, Diff: 11, Sum: 682]
      [Scan RS (ms): Min: 2.1, Avg: 2.3, Max: 2.5, Diff: 0.4, Sum: 69.8]
      [Code Root Scanning (ms): Min: 0.0, Avg: 0.0, Max: 0.0, Diff: 0.0, Sum: 0.1]
      [Object Copy (ms): Min: 46.2, Avg: 46.3, Max: 46.4, Diff: 0.2, Sum: 1389.7]
      [Termination (ms): Min: 0.0, Avg: 0.0, Max: 0.1, Diff: 0.0, Sum: 1.1]
         [Termination Attempts: Min: 2, Avg: 21.2, Max: 27, Diff: 25, Sum: 637]
      [GC Worker Other (ms): Min: 0.0, Avg: 0.1, Max: 0.3, Diff: 0.3, Sum: 4.5]
      [GC Worker Total (ms): Min: 68.2, Avg: 69.0, Max: 69.7, Diff: 1.5, Sum: 2069.7]
      [GC Worker End (ms): Min: 69256.0, Avg: 69256.1, Max: 69256.2, Diff: 0.3]
   [Code Root Fixup: 0.0 ms]
   [Code Root Purge: 0.0 ms]
   [Clear CT: 1.0 ms]
   [Other: 3.8 ms]
      [Choose CSet: 0.0 ms]
      [Ref Proc: 0.6 ms]
      [Ref Enq: 0.0 ms]
      [Redirty Cards: 1.0 ms]
      [Humongous Register: 0.1 ms]
      [Humongous Reclaim: 0.0 ms]
      [Free CSet: 1.6 ms]
   [Eden: 4540.0M(4540.0M)->0.0B(4560.0M) Survivors: 372.0M->352.0M Heap: 6401.4M(8192.0M)->1992.3M(8192.0M)]
 [Times: user=2.09 sys=0.00, real=0.08 secs] 
2018-10-15T09:26:32.675+0200: 69.261: Total time for which application threads were stopped: 0.0761759 seconds, Stopping threads took: 0.0006006 seconds
2018-10-15T09:26:32.675+0200: 69.261: Application time: 0.0002160 seconds
2018-10-15T09:26:32.676+0200: 69.262: Total time for which application threads were stopped: 0.0005543 seconds, Stopping threads took: 0.0001342 seconds
2018-10-15T09:26:32.676+0200: 69.262: Application time: 0.0000636 seconds
2018-10-15T09:26:32.676+0200: 69.262: Total time for which application threads were stopped: 0.0003746 seconds, Stopping threads took: 0.0000763 seconds
2018-10-15T09:26:32.683+0200: 69.270: Application time: 0.0070307 seconds
2018-10-15T09:26:32.687+0200: 69.273: Total time for which application threads were stopped: 0.0033546 seconds, Stopping threads took: 0.0029189 seconds
2018-10-15T09:26:32.687+0200: 69.273: Application time: 0.0000847 seconds
2018-10-15T09:26:32.687+0200: 69.273: Total time for which application threads were stopped: 0.0003463 seconds, Stopping threads took: 0.0001067 seconds
2018-10-15T09:26:32.687+0200: 69.273: Application time: 0.0000651 seconds
2018-10-15T09:26:32.688+0200: 69.274: Total time for which application threads were stopped: 0.0003200 seconds, Stopping threads took: 0.0000945 seconds
2018-10-15T09:26:32.688+0200: 69.274: Application time: 0.0000780 seconds
2018-10-15T09:26:32.688+0200: 69.274: Total time for which application threads were stopped: 0.0003098 seconds, Stopping threads took: 0.0000990 seconds
2018-10-15T09:26:32.688+0200: 69.274: Application time: 0.0000629 seconds
2018-10-15T09:26:32.688+0200: 69.274: Total time for which application threads were stopped: 0.0003120 seconds, Stopping threads took: 0.0001034 seconds
2018-10-15T09:26:32.689+0200: 69.275: Application time: 0.0000754 seconds
2018-10-15T09:26:32.689+0200: 69.275: Total time for which application threads were stopped: 0.0003201 seconds, Stopping threads took: 0.0001103 seconds
2018-10-15T09:26:32.689+0200: 69.275: Application time: 0.0000597 seconds
2018-10-15T09:26:32.689+0200: 69.275: Total time for which application threads were stopped: 0.0002968 seconds, Stopping threads took: 0.0000734 seconds
2018-10-15T09:26:32.689+0200: 69.275: Application time: 0.0000651 seconds
2018-10-15T09:26:32.690+0200: 69.276: Total time for which application threads were stopped: 0.0003335 seconds, Stopping threads took: 0.0001044 seconds
2018-10-15T09:26:32.690+0200: 69.276: Application time: 0.0000981 seconds
2018-10-15T09:26:32.690+0200: 69.276: Total time for which application threads were stopped: 0.0003476 seconds, Stopping threads took: 0.0001395 seconds
2018-10-15T09:26:32.690+0200: 69.276: Application time: 0.0001183 seconds
2018-10-15T09:26:32.690+0200: 69.276: Total time for which application threads were stopped: 0.0002605 seconds, Stopping threads took: 0.0000562 seconds
2018-10-15T09:26:32.691+0200: 69.277: Application time: 0.0000835 seconds
2018-10-15T09:26:32.691+0200: 69.277: Total time for which application threads were stopped: 0.0003290 seconds, Stopping threads took: 0.0001150 seconds
2018-10-15T09:26:32.691+0200: 69.277: Application time: 0.0000715 seconds
2018-10-15T09:26:32.691+0200: 69.277: Total time for which application threads were stopped: 0.0002639 seconds, Stopping threads took: 0.0000582 seconds
2018-10-15T09:26:32.691+0200: 69.277: Application time: 0.0000788 seconds
2018-10-15T09:26:32.692+0200: 69.278: Total time for which application threads were stopped: 0.0002648 seconds, Stopping threads took: 0.0000484 seconds
2018-10-15T09:26:32.692+0200: 69.278: Application time: 0.0000853 seconds
2018-10-15T09:26:32.692+0200: 69.278: Total time for which application threads were stopped: 0.0003372 seconds, Stopping threads took: 0.0001207 seconds
2018-10-15T09:26:32.692+0200: 69.278: Application time: 0.0001788 seconds
2018-10-15T09:26:32.693+0200: 69.279: Total time for which application threads were stopped: 0.0004488 seconds, Stopping threads took: 0.0002143 seconds
2018-10-15T09:26:32.693+0200: 69.279: Application time: 0.0000760 seconds
2018-10-15T09:26:32.693+0200: 69.279: Total time for which application threads were stopped: 0.0003563 seconds, Stopping threads took: 0.0001139 seconds
2018-10-15T09:26:32.693+0200: 69.279: Application time: 0.0001277 seconds
2018-10-15T09:26:32.694+0200: 69.280: Total time for which application threads were stopped: 0.0004091 seconds, Stopping threads took: 0.0001726 seconds
2018-10-15T09:26:32.694+0200: 69.280: Application time: 0.0001200 seconds
2018-10-15T09:26:32.695+0200: 69.281: Total time for which application threads were stopped: 0.0014916 seconds, Stopping threads took: 0.0000974 seconds
2018-10-15T09:26:33.155+0200: 69.741: Application time: 0.4601038 seconds
2018-10-15T09:26:33.156+0200: 69.742: [GC pause (G1 Evacuation Pause) (young)
Desired survivor size 322961408 bytes, new threshold 3 (max 15)
- age   1:  108603848 bytes,  108603848 total
- age   2:  113303320 bytes,  221907168 total
- age   3:  101484184 bytes,  323391352 total
, 0.0751028 secs]
   [Parallel Time: 70.9 ms, GC Workers: 30]
      [GC Worker Start (ms): Min: 69742.6, Avg: 69743.3, Max: 69743.9, Diff: 1.3]
      [Ext Root Scanning (ms): Min: 0.0, Avg: 0.3, Max: 1.7, Diff: 1.7, Sum: 10.2]
      [Update RS (ms): Min: 21.2, Avg: 22.0, Max: 22.4, Diff: 1.2, Sum: 660.4]
         [Processed Buffers: Min: 21, Avg: 25.0, Max: 31, Diff: 10, Sum: 750]
      [Scan RS (ms): Min: 1.8, Avg: 2.1, Max: 2.3, Diff: 0.4, Sum: 63.0]
      [Code Root Scanning (ms): Min: 0.0, Avg: 0.0, Max: 0.0, Diff: 0.0, Sum: 0.0]
      [Object Copy (ms): Min: 45.2, Avg: 45.3, Max: 45.4, Diff: 0.2, Sum: 1358.8]
      [Termination (ms): Min: 0.0, Avg: 0.1, Max: 0.2, Diff: 0.2, Sum: 2.5]
         [Termination Attempts: Min: 3, Avg: 6.7, Max: 12, Diff: 9, Sum: 202]
      [GC Worker Other (ms): Min: 0.0, Avg: 0.1, Max: 0.2, Diff: 0.2, Sum: 3.0]
      [GC Worker Total (ms): Min: 69.2, Avg: 69.9, Max: 70.7, Diff: 1.5, Sum: 2098.0]
      [GC Worker End (ms): Min: 69813.1, Avg: 69813.2, Max: 69813.3, Diff: 0.2]
   [Code Root Fixup: 0.0 ms]
   [Code Root Purge: 0.0 ms]
   [Clear CT: 1.0 ms]
   [Other: 3.2 ms]
      [Choose CSet: 0.0 ms]
      [Ref Proc: 0.5 ms]
      [Ref Enq: 0.0 ms]
      [Redirty Cards: 0.8 ms]
      [Humongous Register: 0.1 ms]
      [Humongous Reclaim: 0.0 ms]
      [Free CSet: 1.4 ms]
   [Eden: 4560.0M(4560.0M)->0.0B(4568.0M) Survivors: 352.0M->344.0M Heap: 6552.3M(8192.0M)->2114.0M(8192.0M)]
 [Times: user=2.12 sys=0.01, real=0.08 secs] 
2018-10-15T09:26:33.232+0200: 69.818: Total time for which application threads were stopped: 0.0763554 seconds, Stopping threads took: 0.0005543 seconds
2018-10-15T09:26:33.716+0200: 70.302: Application time: 0.4839476 seconds
2018-10-15T09:26:33.717+0200: 70.303: [GC pause (G1 Evacuation Pause) (young)
Desired survivor size 322961408 bytes, new threshold 15 (max 15)
- age   1:  115417344 bytes,  115417344 total
- age   2:   97537880 bytes,  212955224 total
- age   3:  108379160 bytes,  321334384 total
, 0.0806194 secs]
   [Parallel Time: 77.0 ms, GC Workers: 30]
      [GC Worker Start (ms): Min: 70303.0, Avg: 70303.5, Max: 70304.2, Diff: 1.2]
      [Ext Root Scanning (ms): Min: 0.0, Avg: 0.4, Max: 1.8, Diff: 1.8, Sum: 12.0]
      [Update RS (ms): Min: 18.6, Avg: 19.6, Max: 20.3, Diff: 1.6, Sum: 588.9]
         [Processed Buffers: Min: 18, Avg: 22.5, Max: 32, Diff: 14, Sum: 675]
      [Scan RS (ms): Min: 0.9, Avg: 1.5, Max: 1.7, Diff: 0.8, Sum: 44.2]
      [Code Root Scanning (ms): Min: 0.0, Avg: 0.0, Max: 0.0, Diff: 0.0, Sum: 0.1]
      [Object Copy (ms): Min: 54.3, Avg: 54.4, Max: 54.7, Diff: 0.4, Sum: 1631.4]
      [Termination (ms): Min: 0.0, Avg: 0.3, Max: 0.3, Diff: 0.3, Sum: 7.6]
         [Termination Attempts: Min: 1, Avg: 171.1, Max: 193, Diff: 192, Sum: 5132]
      [GC Worker Other (ms): Min: 0.0, Avg: 0.1, Max: 0.3, Diff: 0.3, Sum: 4.1]
      [GC Worker Total (ms): Min: 75.6, Avg: 76.3, Max: 76.8, Diff: 1.2, Sum: 2288.3]
      [GC Worker End (ms): Min: 70379.7, Avg: 70379.8, Max: 70379.9, Diff: 0.3]
   [Code Root Fixup: 0.0 ms]
   [Code Root Purge: 0.0 ms]
   [Clear CT: 1.0 ms]
   [Other: 2.7 ms]
      [Choose CSet: 0.0 ms]
      [Ref Proc: 0.4 ms]
      [Ref Enq: 0.0 ms]
      [Redirty Cards: 0.4 ms]
      [Humongous Register: 0.1 ms]
      [Humongous Reclaim: 0.0 ms]
      [Free CSet: 1.3 ms]
   [Eden: 4568.0M(4568.0M)->0.0B(4456.0M) Survivors: 344.0M->456.0M Heap: 6682.0M(8192.0M)->2226.0M(8192.0M)]
 [Times: user=2.31 sys=0.00, real=0.08 secs] 
2018-10-15T09:26:33.797+0200: 70.384: Total time for which application threads were stopped: 0.0819127 seconds, Stopping threads took: 0.0005889 seconds
2018-10-15T09:26:34.263+0200: 70.849: Application time: 0.4654456 seconds
2018-10-15T09:26:34.264+0200: 70.850: [GC pause (G1 Evacuation Pause) (young)
Desired survivor size 322961408 bytes, new threshold 3 (max 15)
- age   1:  127338976 bytes,  127338976 total
- age   2:  108222688 bytes,  235561664 total
- age   3:   96895984 bytes,  332457648 total
- age   4:  108220232 bytes,  440677880 total
, 0.0727004 secs]
   [Parallel Time: 68.5 ms, GC Workers: 30]
      [GC Worker Start (ms): Min: 70850.2, Avg: 70850.9, Max: 70851.6, Diff: 1.4]
      [Ext Root Scanning (ms): Min: 0.0, Avg: 0.3, Max: 1.7, Diff: 1.7, Sum: 9.7]
      [Update RS (ms): Min: 8.2, Avg: 8.8, Max: 9.2, Diff: 1.0, Sum: 262.6]
         [Processed Buffers: Min: 8, Avg: 11.2, Max: 16, Diff: 8, Sum: 337]
      [Scan RS (ms): Min: 0.0, Avg: 0.2, Max: 0.4, Diff: 0.3, Sum: 7.3]
      [Code Root Scanning (ms): Min: 0.0, Avg: 0.0, Max: 0.0, Diff: 0.0, Sum: 0.1]
      [Object Copy (ms): Min: 57.8, Avg: 58.0, Max: 58.1, Diff: 0.3, Sum: 1739.6]
      [Termination (ms): Min: 0.0, Avg: 0.0, Max: 0.1, Diff: 0.1, Sum: 1.1]
         [Termination Attempts: Min: 1, Avg: 19.5, Max: 27, Diff: 26, Sum: 586]
      [GC Worker Other (ms): Min: 0.0, Avg: 0.2, Max: 0.3, Diff: 0.3, Sum: 4.8]
      [GC Worker Total (ms): Min: 66.8, Avg: 67.5, Max: 68.3, Diff: 1.5, Sum: 2025.2]
      [GC Worker End (ms): Min: 70918.3, Avg: 70918.4, Max: 70918.6, Diff: 0.3]
   [Code Root Fixup: 0.0 ms]
   [Code Root Purge: 0.0 ms]
   [Clear CT: 0.8 ms]
   [Other: 3.4 ms]
      [Choose CSet: 0.0 ms]
      [Ref Proc: 0.5 ms]
      [Ref Enq: 0.0 ms]
      [Redirty Cards: 1.1 ms]
      [Humongous Register: 0.1 ms]
      [Humongous Reclaim: 0.0 ms]
      [Free CSet: 1.3 ms]
   [Eden: 4456.0M(4456.0M)->0.0B(4552.0M) Survivors: 456.0M->360.0M Heap: 6682.0M(8192.0M)->2376.5M(8192.0M)]
 [Times: user=2.07 sys=0.00, real=0.07 secs] 
2018-10-15T09:26:34.337+0200: 70.923: Total time for which application threads were stopped: 0.0739135 seconds, Stopping threads took: 0.0005382 seconds
2018-10-15T09:26:34.818+0200: 71.404: Application time: 0.4811366 seconds
2018-10-15T09:26:34.819+0200: 71.405: [GC pause (G1 Evacuation Pause) (young)
Desired survivor size 322961408 bytes, new threshold 3 (max 15)
- age   1:  111610608 bytes,  111610608 total
- age   2:  118287272 bytes,  229897880 total
- age   3:  106859856 bytes,  336757736 total
, 0.0715077 secs]
   [Parallel Time: 67.3 ms, GC Workers: 30]
      [GC Worker Start (ms): Min: 71405.3, Avg: 71405.7, Max: 71406.3, Diff: 1.0]
      [Ext Root Scanning (ms): Min: 0.0, Avg: 0.4, Max: 1.9, Diff: 1.9, Sum: 13.4]
      [Update RS (ms): Min: 19.7, Avg: 20.9, Max: 21.3, Diff: 1.6, Sum: 625.5]
         [Processed Buffers: Min: 19, Avg: 24.5, Max: 31, Diff: 12, Sum: 735]
      [Scan RS (ms): Min: 1.1, Avg: 1.5, Max: 1.7, Diff: 0.5, Sum: 44.7]
      [Code Root Scanning (ms): Min: 0.0, Avg: 0.0, Max: 0.0, Diff: 0.0, Sum: 0.0]
      [Object Copy (ms): Min: 43.5, Avg: 43.6, Max: 43.8, Diff: 0.3, Sum: 1307.9]
      [Termination (ms): Min: 0.0, Avg: 0.0, Max: 0.0, Diff: 0.0, Sum: 0.4]
         [Termination Attempts: Min: 1, Avg: 1.5, Max: 2, Diff: 1, Sum: 46]
      [GC Worker Other (ms): Min: 0.0, Avg: 0.2, Max: 0.3, Diff: 0.3, Sum: 4.7]
      [GC Worker Total (ms): Min: 65.9, Avg: 66.6, Max: 67.1, Diff: 1.2, Sum: 1996.7]
      [GC Worker End (ms): Min: 71472.1, Avg: 71472.3, Max: 71472.4, Diff: 0.3]
   [Code Root Fixup: 0.0 ms]
   [Code Root Purge: 0.0 ms]
   [Clear CT: 1.0 ms]
   [Other: 3.2 ms]
      [Choose CSet: 0.0 ms]
      [Ref Proc: 0.5 ms]
      [Ref Enq: 0.0 ms]
      [Redirty Cards: 0.9 ms]
      [Humongous Register: 0.1 ms]
      [Humongous Reclaim: 0.0 ms]
      [Free CSet: 1.3 ms]
   [Eden: 4552.0M(4552.0M)->0.0B(4484.0M) Survivors: 360.0M->352.0M Heap: 6928.5M(8192.0M)->2504.0M(8192.0M)]
 [Times: user=2.03 sys=0.00, real=0.07 secs] 
2018-10-15T09:26:34.891+0200: 71.477: Total time for which application threads were stopped: 0.0727679 seconds, Stopping threads took: 0.0005477 seconds
2018-10-15T09:26:35.366+0200: 71.952: Application time: 0.4751841 seconds
2018-10-15T09:26:35.367+0200: 71.953: [GC pause (G1 Evacuation Pause) (young)
Desired survivor size 318767104 bytes, new threshold 3 (max 15)
- age   1:  109932400 bytes,  109932400 total
- age   2:  103593704 bytes,  213526104 total
- age   3:  116834672 bytes,  330360776 total
, 0.0728963 secs]
   [Parallel Time: 68.8 ms, GC Workers: 30]
      [GC Worker Start (ms): Min: 71953.4, Avg: 71954.2, Max: 71954.9, Diff: 1.5]
      [Ext Root Scanning (ms): Min: 0.0, Avg: 0.3, Max: 1.8, Diff: 1.8, Sum: 9.2]
      [Update RS (ms): Min: 19.0, Avg: 19.6, Max: 20.1, Diff: 1.1, Sum: 589.2]
         [Processed Buffers: Min: 18, Avg: 22.2, Max: 29, Diff: 11, Sum: 665]
      [Scan RS (ms): Min: 1.2, Avg: 1.5, Max: 1.7, Diff: 0.5, Sum: 44.7]
      [Code Root Scanning (ms): Min: 0.0, Avg: 0.0, Max: 0.0, Diff: 0.0, Sum: 0.0]
      [Object Copy (ms): Min: 46.1, Avg: 46.2, Max: 46.3, Diff: 0.2, Sum: 1386.5]
      [Termination (ms): Min: 0.0, Avg: 0.1, Max: 0.2, Diff: 0.2, Sum: 3.1]
         [Termination Attempts: Min: 1, Avg: 5.0, Max: 9, Diff: 8, Sum: 149]
      [GC Worker Other (ms): Min: 0.0, Avg: 0.1, Max: 0.2, Diff: 0.2, Sum: 2.9]
      [GC Worker Total (ms): Min: 67.1, Avg: 67.9, Max: 68.6, Diff: 1.5, Sum: 2035.6]
      [GC Worker End (ms): Min: 72021.9, Avg: 72022.0, Max: 72022.1, Diff: 0.2]
   [Code Root Fixup: 0.0 ms]
   [Code Root Purge: 0.0 ms]
   [Clear CT: 1.0 ms]
   [Other: 3.1 ms]
      [Choose CSet: 0.0 ms]
      [Ref Proc: 0.4 ms]
      [Ref Enq: 0.0 ms]
      [Redirty Cards: 0.7 ms]
      [Humongous Register: 0.1 ms]
      [Humongous Reclaim: 0.0 ms]
      [Free CSet: 1.4 ms]
   [Eden: 4484.0M(4484.0M)->0.0B(4384.0M) Survivors: 352.0M->332.0M Heap: 6988.0M(8192.0M)->2626.5M(8192.0M)]
 [Times: user=2.07 sys=0.00, real=0.07 secs] 
2018-10-15T09:26:35.440+0200: 72.026: Total time for which application threads were stopped: 0.0741595 seconds, Stopping threads took: 0.0005565 seconds
2018-10-15T09:26:35.907+0200: 72.493: Application time: 0.4671684 seconds
2018-10-15T09:26:35.908+0200: 72.494: [GC pause (G1 Evacuation Pause) (young)
Desired survivor size 310378496 bytes, new threshold 3 (max 15)
- age   1:  107800184 bytes,  107800184 total
- age   2:  101910872 bytes,  209711056 total
- age   3:  102601240 bytes,  312312296 total
, 0.0713410 secs]
   [Parallel Time: 66.5 ms, GC Workers: 30]
      [GC Worker Start (ms): Min: 72494.7, Avg: 72495.1, Max: 72495.6, Diff: 0.9]
      [Ext Root Scanning (ms): Min: 0.0, Avg: 0.4, Max: 1.8, Diff: 1.8, Sum: 12.9]
      [Update RS (ms): Min: 20.6, Avg: 21.7, Max: 22.0, Diff: 1.4, Sum: 649.6]
         [Processed Buffers: Min: 19, Avg: 24.4, Max: 31, Diff: 12, Sum: 731]
      [Scan RS (ms): Min: 1.5, Avg: 1.7, Max: 1.8, Diff: 0.3, Sum: 52.0]
      [Code Root Scanning (ms): Min: 0.0, Avg: 0.0, Max: 0.0, Diff: 0.0, Sum: 0.0]
      [Object Copy (ms): Min: 41.9, Avg: 42.0, Max: 42.1, Diff: 0.2, Sum: 1258.9]
      [Termination (ms): Min: 0.0, Avg: 0.0, Max: 0.0, Diff: 0.0, Sum: 0.2]
         [Termination Attempts: Min: 1, Avg: 1.0, Max: 1, Diff: 0, Sum: 30]
      [GC Worker Other (ms): Min: 0.0, Avg: 0.1, Max: 0.3, Diff: 0.3, Sum: 4.3]
      [GC Worker Total (ms): Min: 65.3, Avg: 65.9, Max: 66.3, Diff: 1.0, Sum: 1977.9]
      [GC Worker End (ms): Min: 72560.9, Avg: 72561.0, Max: 72561.2, Diff: 0.3]
   [Code Root Fixup: 0.0 ms]
   [Code Root Purge: 0.0 ms]
   [Clear CT: 1.0 ms]
   [Other: 3.9 ms]
      [Choose CSet: 0.0 ms]
      [Ref Proc: 0.4 ms]
      [Ref Enq: 0.0 ms]
      [Redirty Cards: 0.9 ms]
      [Humongous Register: 0.1 ms]
      [Humongous Reclaim: 0.1 ms]
      [Free CSet: 1.9 ms]
   [Eden: 4384.0M(4384.0M)->0.0B(4260.0M) Survivors: 332.0M->328.0M Heap: 7010.5M(8192.0M)->2754.0M(8192.0M)]
 [Times: user=2.01 sys=0.00, real=0.07 secs] 
2018-10-15T09:26:35.980+0200: 72.566: Total time for which application threads were stopped: 0.0727559 seconds, Stopping threads took: 0.0005896 seconds
2018-10-15T09:26:36.429+0200: 73.015: Application time: 0.4487680 seconds
2018-10-15T09:26:36.430+0200: 73.016: [GC pause (G1 Evacuation Pause) (young)
Desired survivor size 301989888 bytes, new threshold 3 (max 15)
- age   1:  110516880 bytes,  110516880 total
- age   2:   97766424 bytes,  208283304 total
- age   3:  100733984 bytes,  309017288 total
, 0.0692301 secs]
   [Parallel Time: 65.1 ms, GC Workers: 30]
      [GC Worker Start (ms): Min: 73016.3, Avg: 73017.1, Max: 73017.8, Diff: 1.6]
      [Ext Root Scanning (ms): Min: 0.0, Avg: 0.3, Max: 1.7, Diff: 1.7, Sum: 9.6]
      [Update RS (ms): Min: 18.6, Avg: 19.5, Max: 20.4, Diff: 1.8, Sum: 586.2]
         [Processed Buffers: Min: 17, Avg: 22.0, Max: 28, Diff: 11, Sum: 660]
      [Scan RS (ms): Min: 1.4, Avg: 2.3, Max: 2.6, Diff: 1.3, Sum: 69.6]
      [Code Root Scanning (ms): Min: 0.0, Avg: 0.0, Max: 0.0, Diff: 0.0, Sum: 0.1]
      [Object Copy (ms): Min: 41.7, Avg: 41.8, Max: 42.1, Diff: 0.4, Sum: 1254.2]
      [Termination (ms): Min: 0.0, Avg: 0.0, Max: 0.0, Diff: 0.0, Sum: 0.4]
         [Termination Attempts: Min: 1, Avg: 1.7, Max: 3, Diff: 2, Sum: 52]
      [GC Worker Other (ms): Min: 0.0, Avg: 0.1, Max: 0.3, Diff: 0.3, Sum: 4.2]
      [GC Worker Total (ms): Min: 63.3, Avg: 64.1, Max: 64.9, Diff: 1.6, Sum: 1924.2]
      [GC Worker End (ms): Min: 73081.1, Avg: 73081.2, Max: 73081.3, Diff: 0.3]
   [Code Root Fixup: 0.0 ms]
   [Code Root Purge: 0.0 ms]
   [Clear CT: 0.9 ms]
   [Other: 3.1 ms]
      [Choose CSet: 0.0 ms]
      [Ref Proc: 0.5 ms]
      [Ref Enq: 0.0 ms]
      [Redirty Cards: 0.8 ms]
      [Humongous Register: 0.1 ms]
      [Humongous Reclaim: 0.0 ms]
      [Free CSet: 1.3 ms]
   [Eden: 4260.0M(4260.0M)->0.0B(4096.0M) Survivors: 328.0M->344.0M Heap: 7014.0M(8192.0M)->2900.0M(8192.0M)]
 [Times: user=1.96 sys=0.00, real=0.07 secs] 
2018-10-15T09:26:36.499+0200: 73.085: Total time for which application threads were stopped: 0.0705313 seconds, Stopping threads took: 0.0005702 seconds
2018-10-15T09:26:36.927+0200: 73.513: Application time: 0.4277030 seconds
2018-10-15T09:26:36.928+0200: 73.514: [GC pause (G1 Evacuation Pause) (young)
Desired survivor size 291504128 bytes, new threshold 3 (max 15)
- age   1:  118556592 bytes,  118556592 total
- age   2:  103749176 bytes,  222305768 total
- age   3:   96879000 bytes,  319184768 total
, 0.0720649 secs]
   [Parallel Time: 68.2 ms, GC Workers: 30]
      [GC Worker Start (ms): Min: 73514.5, Avg: 73515.1, Max: 73515.7, Diff: 1.2]
      [Ext Root Scanning (ms): Min: 0.0, Avg: 0.4, Max: 1.8, Diff: 1.8, Sum: 11.5]
      [Update RS (ms): Min: 19.3, Avg: 20.2, Max: 20.6, Diff: 1.3, Sum: 605.5]
         [Processed Buffers: Min: 20, Avg: 24.0, Max: 35, Diff: 15, Sum: 719]
      [Scan RS (ms): Min: 0.8, Avg: 1.1, Max: 1.2, Diff: 0.4, Sum: 33.1]
      [Code Root Scanning (ms): Min: 0.0, Avg: 0.0, Max: 0.0, Diff: 0.0, Sum: 0.0]
      [Object Copy (ms): Min: 45.5, Avg: 45.6, Max: 45.6, Diff: 0.1, Sum: 1366.9]
      [Termination (ms): Min: 0.0, Avg: 0.0, Max: 0.0, Diff: 0.0, Sum: 0.1]
         [Termination Attempts: Min: 1, Avg: 1.0, Max: 1, Diff: 0, Sum: 30]
      [GC Worker Other (ms): Min: 0.0, Avg: 0.1, Max: 0.3, Diff: 0.3, Sum: 4.2]
      [GC Worker Total (ms): Min: 66.7, Avg: 67.4, Max: 67.9, Diff: 1.2, Sum: 2021.3]
      [GC Worker End (ms): Min: 73582.3, Avg: 73582.4, Max: 73582.6, Diff: 0.2]
   [Code Root Fixup: 0.0 ms]
   [Code Root Purge: 0.0 ms]
   [Clear CT: 1.0 ms]
   [Other: 2.9 ms]
      [Choose CSet: 0.0 ms]
      [Ref Proc: 0.5 ms]
      [Ref Enq: 0.0 ms]
      [Redirty Cards: 0.6 ms]
      [Humongous Register: 0.1 ms]
      [Humongous Reclaim: 0.0 ms]
      [Free CSet: 1.2 ms]
   [Eden: 4096.0M(4096.0M)->0.0B(3956.0M) Survivors: 344.0M->352.0M Heap: 6996.0M(8192.0M)->3034.0M(8192.0M)]
 [Times: user=2.05 sys=0.00, real=0.07 secs] 
2018-10-15T09:26:37.000+0200: 73.586: Total time for which application threads were stopped: 0.0733554 seconds, Stopping threads took: 0.0006148 seconds
2018-10-15T09:26:37.412+0200: 73.999: Application time: 0.4120778 seconds
2018-10-15T09:26:37.414+0200: 74.000: [GC pause (G1 Evacuation Pause) (young)
Desired survivor size 283115520 bytes, new threshold 3 (max 15)
- age   1:  118150376 bytes,  118150376 total
- age   2:  111268672 bytes,  229419048 total
- age   3:  102682976 bytes,  332102024 total
, 0.0701778 secs]
   [Parallel Time: 65.6 ms, GC Workers: 30]
      [GC Worker Start (ms): Min: 73999.9, Avg: 74000.5, Max: 74001.2, Diff: 1.3]
      [Ext Root Scanning (ms): Min: 0.0, Avg: 0.4, Max: 1.8, Diff: 1.8, Sum: 10.5]
      [Update RS (ms): Min: 17.4, Avg: 18.4, Max: 19.1, Diff: 1.7, Sum: 551.3]
         [Processed Buffers: Min: 18, Avg: 21.8, Max: 28, Diff: 10, Sum: 654]
      [Scan RS (ms): Min: 1.1, Avg: 1.7, Max: 1.9, Diff: 0.8, Sum: 50.1]
      [Code Root Scanning (ms): Min: 0.0, Avg: 0.0, Max: 0.0, Diff: 0.0, Sum: 0.1]
      [Object Copy (ms): Min: 44.0, Avg: 44.2, Max: 44.4, Diff: 0.4, Sum: 1326.3]
      [Termination (ms): Min: 0.0, Avg: 0.1, Max: 0.2, Diff: 0.2, Sum: 3.1]
         [Termination Attempts: Min: 1, Avg: 5.4, Max: 9, Diff: 8, Sum: 162]
      [GC Worker Other (ms): Min: 0.0, Avg: 0.1, Max: 0.2, Diff: 0.2, Sum: 2.8]
      [GC Worker Total (ms): Min: 64.0, Avg: 64.8, Max: 65.5, Diff: 1.4, Sum: 1944.1]
      [GC Worker End (ms): Min: 74065.2, Avg: 74065.3, Max: 74065.4, Diff: 0.2]
   [Code Root Fixup: 0.0 ms]
   [Code Root Purge: 0.0 ms]
   [Clear CT: 0.7 ms]
   [Other: 3.8 ms]
      [Choose CSet: 0.0 ms]
      [Ref Proc: 0.5 ms]
      [Ref Enq: 0.0 ms]
      [Redirty Cards: 0.8 ms]
      [Humongous Register: 0.1 ms]
      [Humongous Reclaim: 0.1 ms]
      [Free CSet: 1.8 ms]
   [Eden: 3956.0M(3956.0M)->0.0B(3860.0M) Survivors: 352.0M->336.0M Heap: 6990.0M(8192.0M)->3148.0M(8192.0M)]
 [Times: user=1.98 sys=0.01, real=0.07 secs] 
2018-10-15T09:26:37.484+0200: 74.070: Total time for which application threads were stopped: 0.0714874 seconds, Stopping threads took: 0.0005694 seconds
2018-10-15T09:26:37.887+0200: 74.473: Application time: 0.4032242 seconds
2018-10-15T09:26:37.888+0200: 74.474: [GC pause (G1 Evacuation Pause) (young)
Desired survivor size 276824064 bytes, new threshold 3 (max 15)
- age   1:   96645552 bytes,   96645552 total
- age   2:  113911184 bytes,  210556736 total
- age   3:  110087528 bytes,  320644264 total
, 0.0814604 secs]
   [Parallel Time: 77.4 ms, GC Workers: 30]
      [GC Worker Start (ms): Min: 74474.6, Avg: 74475.1, Max: 74475.6, Diff: 1.0]
      [Ext Root Scanning (ms): Min: 0.0, Avg: 0.3, Max: 1.7, Diff: 1.7, Sum: 10.0]
      [Update RS (ms): Min: 18.4, Avg: 19.4, Max: 19.8, Diff: 1.4, Sum: 580.8]
         [Processed Buffers: Min: 20, Avg: 23.9, Max: 32, Diff: 12, Sum: 717]
      [Scan RS (ms): Min: 1.5, Avg: 1.8, Max: 2.0, Diff: 0.5, Sum: 54.1]
      [Code Root Scanning (ms): Min: 0.0, Avg: 0.0, Max: 0.0, Diff: 0.0, Sum: 0.0]
      [Object Copy (ms): Min: 54.5, Avg: 54.6, Max: 55.0, Diff: 0.5, Sum: 1636.8]
      [Termination (ms): Min: 0.0, Avg: 0.4, Max: 0.5, Diff: 0.5, Sum: 13.3]
         [Termination Attempts: Min: 1, Avg: 189.7, Max: 213, Diff: 212, Sum: 5692]
      [GC Worker Other (ms): Min: 0.0, Avg: 0.1, Max: 0.3, Diff: 0.2, Sum: 4.0]
      [GC Worker Total (ms): Min: 76.1, Avg: 76.6, Max: 77.2, Diff: 1.1, Sum: 2299.2]
      [GC Worker End (ms): Min: 74551.6, Avg: 74551.7, Max: 74551.8, Diff: 0.2]
   [Code Root Fixup: 0.0 ms]
   [Code Root Purge: 0.0 ms]
   [Clear CT: 0.9 ms]
   [Other: 3.1 ms]
      [Choose CSet: 0.0 ms]
      [Ref Proc: 0.5 ms]
      [Ref Enq: 0.0 ms]
      [Redirty Cards: 0.9 ms]
      [Humongous Register: 0.1 ms]
      [Humongous Reclaim: 0.0 ms]
      [Free CSet: 1.2 ms]
   [Eden: 3860.0M(3860.0M)->0.0B(3748.0M) Survivors: 336.0M->324.0M Heap: 7008.0M(8192.0M)->3268.5M(8192.0M)]
 [Times: user=2.33 sys=0.00, real=0.08 secs] 
2018-10-15T09:26:37.970+0200: 74.556: Total time for which application threads were stopped: 0.0826928 seconds, Stopping threads took: 0.0005714 seconds
2018-10-15T09:26:38.366+0200: 74.952: Application time: 0.3958129 seconds
2018-10-15T09:26:38.367+0200: 74.953: [GC pause (G1 Evacuation Pause) (young)
Desired survivor size 268435456 bytes, new threshold 3 (max 15)
- age   1:  101253856 bytes,  101253856 total
- age   2:   89731112 bytes,  190984968 total
- age   3:  112992704 bytes,  303977672 total
, 0.0766624 secs]
   [Parallel Time: 72.7 ms, GC Workers: 30]
      [GC Worker Start (ms): Min: 74953.1, Avg: 74953.8, Max: 74954.5, Diff: 1.4]
      [Ext Root Scanning (ms): Min: 0.0, Avg: 0.4, Max: 2.0, Diff: 2.0, Sum: 11.2]
      [Update RS (ms): Min: 21.2, Avg: 21.7, Max: 22.1, Diff: 0.9, Sum: 651.6]
         [Processed Buffers: Min: 22, Avg: 25.9, Max: 34, Diff: 12, Sum: 778]
      [Scan RS (ms): Min: 1.3, Avg: 1.7, Max: 1.9, Diff: 0.6, Sum: 51.7]
      [Code Root Scanning (ms): Min: 0.0, Avg: 0.0, Max: 0.0, Diff: 0.0, Sum: 0.0]
      [Object Copy (ms): Min: 47.3, Avg: 47.4, Max: 47.7, Diff: 0.4, Sum: 1420.7]
      [Termination (ms): Min: 0.0, Avg: 0.4, Max: 0.4, Diff: 0.4, Sum: 11.4]
         [Termination Attempts: Min: 1, Avg: 200.3, Max: 224, Diff: 223, Sum: 6008]
      [GC Worker Other (ms): Min: 0.0, Avg: 0.1, Max: 0.3, Diff: 0.3, Sum: 4.3]
      [GC Worker Total (ms): Min: 71.0, Avg: 71.7, Max: 72.5, Diff: 1.5, Sum: 2150.9]
      [GC Worker End (ms): Min: 75025.4, Avg: 75025.5, Max: 75025.6, Diff: 0.3]
   [Code Root Fixup: 0.0 ms]
   [Code Root Purge: 0.0 ms]
   [Clear CT: 0.8 ms]
   [Other: 3.1 ms]
      [Choose CSet: 0.0 ms]
      [Ref Proc: 0.5 ms]
      [Ref Enq: 0.0 ms]
      [Redirty Cards: 0.8 ms]
      [Humongous Register: 0.1 ms]
      [Humongous Reclaim: 0.0 ms]
      [Free CSet: 1.2 ms]
   [Eden: 3748.0M(3748.0M)->0.0B(3688.0M) Survivors: 324.0M->288.0M Heap: 7016.5M(8192.0M)->3368.0M(8192.0M)]
 [Times: user=2.17 sys=0.01, real=0.08 secs] 
2018-10-15T09:26:38.444+0200: 75.030: Total time for which application threads were stopped: 0.0779078 seconds, Stopping threads took: 0.0005530 seconds
2018-10-15T09:26:38.838+0200: 75.424: Application time: 0.3947258 seconds
2018-10-15T09:26:38.839+0200: 75.425: [GC pause (G1 Evacuation Pause) (young)
Desired survivor size 262144000 bytes, new threshold 3 (max 15)
- age   1:   91289752 bytes,   91289752 total
- age   2:   91712240 bytes,  183001992 total
- age   3:   86226752 bytes,  269228744 total
, 0.0700355 secs]
   [Parallel Time: 65.4 ms, GC Workers: 30]
      [GC Worker Start (ms): Min: 75425.8, Avg: 75426.4, Max: 75427.0, Diff: 1.2]
      [Ext Root Scanning (ms): Min: 0.0, Avg: 0.3, Max: 1.8, Diff: 1.8, Sum: 10.1]
      [Update RS (ms): Min: 18.4, Avg: 19.4, Max: 19.8, Diff: 1.4, Sum: 583.0]
         [Processed Buffers: Min: 19, Avg: 23.6, Max: 32, Diff: 13, Sum: 709]
      [Scan RS (ms): Min: 2.1, Avg: 2.4, Max: 2.5, Diff: 0.5, Sum: 71.2]
      [Code Root Scanning (ms): Min: 0.0, Avg: 0.0, Max: 0.0, Diff: 0.0, Sum: 0.0]
      [Object Copy (ms): Min: 41.9, Avg: 42.0, Max: 42.2, Diff: 0.3, Sum: 1259.4]
      [Termination (ms): Min: 0.0, Avg: 0.2, Max: 0.3, Diff: 0.3, Sum: 6.4]
         [Termination Attempts: Min: 1, Avg: 74.6, Max: 87, Diff: 86, Sum: 2238]
      [GC Worker Other (ms): Min: 0.0, Avg: 0.2, Max: 0.3, Diff: 0.3, Sum: 4.6]
      [GC Worker Total (ms): Min: 63.7, Avg: 64.5, Max: 65.1, Diff: 1.4, Sum: 1934.7]
      [GC Worker End (ms): Min: 75490.7, Avg: 75490.9, Max: 75491.0, Diff: 0.3]
   [Code Root Fixup: 0.0 ms]
   [Code Root Purge: 0.0 ms]
   [Clear CT: 0.9 ms]
   [Other: 3.7 ms]
      [Choose CSet: 0.0 ms]
      [Ref Proc: 0.5 ms]
      [Ref Enq: 0.0 ms]
      [Redirty Cards: 0.7 ms]
      [Humongous Register: 0.1 ms]
      [Humongous Reclaim: 0.1 ms]
      [Free CSet: 1.8 ms]
   [Eden: 3688.0M(3688.0M)->0.0B(3568.0M) Survivors: 288.0M->292.0M Heap: 7056.0M(8192.0M)->3482.0M(8192.0M)]
 [Times: user=1.97 sys=0.00, real=0.07 secs] 
2018-10-15T09:26:38.910+0200: 75.496: Total time for which application threads were stopped: 0.0714718 seconds, Stopping threads took: 0.0006009 seconds
2018-10-15T09:26:39.289+0200: 75.875: Application time: 0.3787909 seconds
2018-10-15T09:26:39.290+0200: 75.876: [GC pause (G1 Evacuation Pause) (young)
Desired survivor size 253755392 bytes, new threshold 3 (max 15)
- age   1:   91168664 bytes,   91168664 total
- age   2:   85098584 bytes,  176267248 total
- age   3:   90586128 bytes,  266853376 total
, 0.0704769 secs]
   [Parallel Time: 66.6 ms, GC Workers: 30]
      [GC Worker Start (ms): Min: 75876.0, Avg: 75876.7, Max: 75877.3, Diff: 1.3]
      [Ext Root Scanning (ms): Min: 0.0, Avg: 0.3, Max: 1.8, Diff: 1.8, Sum: 9.9]
      [Update RS (ms): Min: 21.1, Avg: 21.6, Max: 22.1, Diff: 1.0, Sum: 648.4]
         [Processed Buffers: Min: 22, Avg: 25.7, Max: 36, Diff: 14, Sum: 772]
      [Scan RS (ms): Min: 1.5, Avg: 1.8, Max: 2.0, Diff: 0.5, Sum: 53.5]
      [Code Root Scanning (ms): Min: 0.0, Avg: 0.0, Max: 0.0, Diff: 0.0, Sum: 0.0]
      [Object Copy (ms): Min: 41.5, Avg: 41.6, Max: 41.8, Diff: 0.4, Sum: 1248.3]
      [Termination (ms): Min: 0.0, Avg: 0.2, Max: 0.2, Diff: 0.2, Sum: 5.2]
         [Termination Attempts: Min: 1, Avg: 111.2, Max: 125, Diff: 124, Sum: 3336]
      [GC Worker Other (ms): Min: 0.0, Avg: 0.1, Max: 0.2, Diff: 0.2, Sum: 3.8]
      [GC Worker Total (ms): Min: 64.9, Avg: 65.6, Max: 66.3, Diff: 1.4, Sum: 1969.1]
      [GC Worker End (ms): Min: 75942.3, Avg: 75942.4, Max: 75942.5, Diff: 0.2]
   [Code Root Fixup: 0.0 ms]
   [Code Root Purge: 0.0 ms]
   [Clear CT: 0.9 ms]
   [Other: 2.9 ms]
      [Choose CSet: 0.0 ms]
      [Ref Proc: 0.5 ms]
      [Ref Enq: 0.0 ms]
      [Redirty Cards: 0.8 ms]
      [Humongous Register: 0.1 ms]
      [Humongous Reclaim: 0.0 ms]
      [Free CSet: 1.1 ms]
   [Eden: 3568.0M(3568.0M)->0.0B(3464.0M) Survivors: 292.0M->284.0M Heap: 7050.0M(8192.0M)->3592.0M(8192.0M)]
 [Times: user=2.00 sys=0.00, real=0.07 secs] 
2018-10-15T09:26:39.360+0200: 75.946: Total time for which application threads were stopped: 0.0717230 seconds, Stopping threads took: 0.0005631 seconds
2018-10-15T09:26:39.717+0200: 76.303: Application time: 0.3564624 seconds
2018-10-15T09:26:39.718+0200: 76.304: [GC pause (G1 Evacuation Pause) (young)
Desired survivor size 247463936 bytes, new threshold 3 (max 15)
- age   1:   95071952 bytes,   95071952 total
- age   2:   82333640 bytes,  177405592 total
- age   3:   84273680 bytes,  261679272 total
, 0.0659205 secs]
   [Parallel Time: 62.2 ms, GC Workers: 30]
      [GC Worker Start (ms): Min: 76304.2, Avg: 76304.7, Max: 76305.5, Diff: 1.3]
      [Ext Root Scanning (ms): Min: 0.0, Avg: 0.4, Max: 1.8, Diff: 1.8, Sum: 11.6]
      [Update RS (ms): Min: 19.1, Avg: 20.2, Max: 21.0, Diff: 1.9, Sum: 604.9]
         [Processed Buffers: Min: 19, Avg: 23.5, Max: 31, Diff: 12, Sum: 705]
      [Scan RS (ms): Min: 0.5, Avg: 1.2, Max: 1.4, Diff: 0.9, Sum: 36.9]
      [Code Root Scanning (ms): Min: 0.0, Avg: 0.0, Max: 0.0, Diff: 0.0, Sum: 0.0]
      [Object Copy (ms): Min: 39.3, Avg: 39.4, Max: 39.5, Diff: 0.2, Sum: 1182.5]
      [Termination (ms): Min: 0.0, Avg: 0.1, Max: 0.1, Diff: 0.1, Sum: 2.3]
         [Termination Attempts: Min: 1, Avg: 44.0, Max: 51, Diff: 50, Sum: 1320]
      [GC Worker Other (ms): Min: 0.0, Avg: 0.1, Max: 0.2, Diff: 0.2, Sum: 3.7]
      [GC Worker Total (ms): Min: 60.6, Avg: 61.4, Max: 62.0, Diff: 1.4, Sum: 1842.1]
      [GC Worker End (ms): Min: 76366.0, Avg: 76366.1, Max: 76366.2, Diff: 0.2]
   [Code Root Fixup: 0.0 ms]
   [Code Root Purge: 0.0 ms]
   [Clear CT: 0.8 ms]
   [Other: 2.9 ms]
      [Choose CSet: 0.0 ms]
      [Ref Proc: 0.5 ms]
      [Ref Enq: 0.0 ms]
      [Redirty Cards: 0.8 ms]
      [Humongous Register: 0.1 ms]
      [Humongous Reclaim: 0.1 ms]
      [Free CSet: 1.1 ms]
   [Eden: 3464.0M(3464.0M)->0.0B(3368.0M) Survivors: 284.0M->276.0M Heap: 7056.0M(8192.0M)->3698.0M(8192.0M)]
 [Times: user=1.87 sys=0.00, real=0.07 secs] 
2018-10-15T09:26:39.784+0200: 76.370: Total time for which application threads were stopped: 0.0671598 seconds, Stopping threads took: 0.0005525 seconds
2018-10-15T09:26:40.128+0200: 76.714: Application time: 0.3444577 seconds
2018-10-15T09:26:40.129+0200: 76.716: [GC pause (G1 Evacuation Pause) (young)
Desired survivor size 239075328 bytes, new threshold 3 (max 15)
- age   1:   87146064 bytes,   87146064 total
- age   2:   89732848 bytes,  176878912 total
- age   3:   81948272 bytes,  258827184 total
, 0.0604971 secs]
   [Parallel Time: 57.0 ms, GC Workers: 30]
      [GC Worker Start (ms): Min: 76715.8, Avg: 76716.6, Max: 76717.3, Diff: 1.5]
      [Ext Root Scanning (ms): Min: 0.0, Avg: 0.3, Max: 1.8, Diff: 1.8, Sum: 10.5]
      [Update RS (ms): Min: 17.1, Avg: 17.8, Max: 18.1, Diff: 1.0, Sum: 535.2]
         [Processed Buffers: Min: 17, Avg: 21.2, Max: 28, Diff: 11, Sum: 636]
      [Scan RS (ms): Min: 1.4, Avg: 1.6, Max: 1.8, Diff: 0.4, Sum: 48.9]
      [Code Root Scanning (ms): Min: 0.0, Avg: 0.0, Max: 0.0, Diff: 0.0, Sum: 0.0]
      [Object Copy (ms): Min: 35.9, Avg: 36.0, Max: 36.1, Diff: 0.2, Sum: 1080.4]
      [Termination (ms): Min: 0.0, Avg: 0.0, Max: 0.0, Diff: 0.0, Sum: 0.2]
         [Termination Attempts: Min: 1, Avg: 1.2, Max: 2, Diff: 1, Sum: 36]
      [GC Worker Other (ms): Min: 0.0, Avg: 0.1, Max: 0.2, Diff: 0.2, Sum: 3.8]
      [GC Worker Total (ms): Min: 55.2, Avg: 56.0, Max: 56.8, Diff: 1.7, Sum: 1679.0]
      [GC Worker End (ms): Min: 76772.4, Avg: 76772.5, Max: 76772.7, Diff: 0.2]
   [Code Root Fixup: 0.0 ms]
   [Code Root Purge: 0.0 ms]
   [Clear CT: 0.6 ms]
   [Other: 2.8 ms]
      [Choose CSet: 0.0 ms]
      [Ref Proc: 0.5 ms]
      [Ref Enq: 0.0 ms]
      [Redirty Cards: 0.7 ms]
      [Humongous Register: 0.1 ms]
      [Humongous Reclaim: 0.1 ms]
      [Free CSet: 1.0 ms]
   [Eden: 3368.0M(3368.0M)->0.0B(3240.0M) Survivors: 276.0M->284.0M Heap: 7066.0M(8192.0M)->3818.0M(8192.0M)]
 [Times: user=1.70 sys=0.00, real=0.06 secs] 
2018-10-15T09:26:40.190+0200: 76.776: Total time for which application threads were stopped: 0.0617478 seconds, Stopping threads took: 0.0005662 seconds
2018-10-15T09:26:40.523+0200: 77.109: Application time: 0.3327862 seconds
2018-10-15T09:26:40.524+0200: 77.110: [GC pause (G1 Evacuation Pause) (young)
Desired survivor size 232783872 bytes, new threshold 3 (max 15)
- age   1:   93478264 bytes,   93478264 total
- age   2:   80304320 bytes,  173782584 total
- age   3:   89130600 bytes,  262913184 total
, 0.0683376 secs]
   [Parallel Time: 64.5 ms, GC Workers: 30]
      [GC Worker Start (ms): Min: 77110.3, Avg: 77110.8, Max: 77111.6, Diff: 1.3]
      [Ext Root Scanning (ms): Min: 0.0, Avg: 0.3, Max: 1.9, Diff: 1.9, Sum: 9.9]
      [Update RS (ms): Min: 25.8, Avg: 26.6, Max: 27.0, Diff: 1.2, Sum: 799.4]
         [Processed Buffers: Min: 27, Avg: 32.3, Max: 40, Diff: 13, Sum: 969]
      [Scan RS (ms): Min: 0.0, Avg: 0.1, Max: 0.2, Diff: 0.2, Sum: 4.1]
      [Code Root Scanning (ms): Min: 0.0, Avg: 0.0, Max: 0.0, Diff: 0.0, Sum: 0.0]
      [Object Copy (ms): Min: 36.4, Avg: 36.5, Max: 36.6, Diff: 0.2, Sum: 1094.6]
      [Termination (ms): Min: 0.0, Avg: 0.0, Max: 0.0, Diff: 0.0, Sum: 0.4]
         [Termination Attempts: Min: 1, Avg: 1.8, Max: 2, Diff: 1, Sum: 53]
      [GC Worker Other (ms): Min: 0.0, Avg: 0.1, Max: 0.2, Diff: 0.2, Sum: 3.6]
      [GC Worker Total (ms): Min: 63.0, Avg: 63.7, Max: 64.3, Diff: 1.4, Sum: 1912.1]
      [GC Worker End (ms): Min: 77174.5, Avg: 77174.6, Max: 77174.7, Diff: 0.2]
   [Code Root Fixup: 0.0 ms]
   [Code Root Purge: 0.0 ms]
   [Clear CT: 0.6 ms]
   [Other: 3.3 ms]
      [Choose CSet: 0.0 ms]
      [Ref Proc: 0.5 ms]
      [Ref Enq: 0.0 ms]
      [Redirty Cards: 0.7 ms]
      [Humongous Register: 0.1 ms]
      [Humongous Reclaim: 0.1 ms]
      [Free CSet: 1.5 ms]
   [Eden: 3240.0M(3240.0M)->0.0B(3124.0M) Survivors: 284.0M->284.0M Heap: 7058.0M(8192.0M)->3934.3M(8192.0M)]
 [Times: user=1.93 sys=0.00, real=0.07 secs] 
2018-10-15T09:26:40.593+0200: 77.179: Total time for which application threads were stopped: 0.0696923 seconds, Stopping threads took: 0.0005622 seconds
2018-10-15T09:26:40.916+0200: 77.502: Application time: 0.3233279 seconds
2018-10-15T09:26:40.917+0200: 77.503: [GC pause (G1 Evacuation Pause) (young)
Desired survivor size 224395264 bytes, new threshold 3 (max 15)
- age   1:   92634408 bytes,   92634408 total
- age   2:   86751944 bytes,  179386352 total
- age   3:   79649224 bytes,  259035576 total
, 0.0630415 secs]
   [Parallel Time: 59.5 ms, GC Workers: 30]
      [GC Worker Start (ms): Min: 77503.4, Avg: 77503.8, Max: 77504.4, Diff: 1.1]
      [Ext Root Scanning (ms): Min: 0.0, Avg: 0.4, Max: 1.8, Diff: 1.8, Sum: 11.3]
      [Update RS (ms): Min: 16.6, Avg: 17.5, Max: 17.9, Diff: 1.2, Sum: 526.1]
         [Processed Buffers: Min: 17, Avg: 20.9, Max: 30, Diff: 13, Sum: 627]
      [Scan RS (ms): Min: 2.5, Avg: 2.7, Max: 2.9, Diff: 0.3, Sum: 81.6]
      [Code Root Scanning (ms): Min: 0.0, Avg: 0.0, Max: 0.0, Diff: 0.0, Sum: 0.0]
      [Object Copy (ms): Min: 38.0, Avg: 38.1, Max: 38.2, Diff: 0.3, Sum: 1142.9]
      [Termination (ms): Min: 0.0, Avg: 0.0, Max: 0.0, Diff: 0.0, Sum: 0.5]
         [Termination Attempts: Min: 1, Avg: 5.4, Max: 9, Diff: 8, Sum: 163]
      [GC Worker Other (ms): Min: 0.0, Avg: 0.1, Max: 0.2, Diff: 0.2, Sum: 3.5]
      [GC Worker Total (ms): Min: 58.2, Avg: 58.9, Max: 59.3, Diff: 1.1, Sum: 1765.9]
      [GC Worker End (ms): Min: 77562.6, Avg: 77562.7, Max: 77562.8, Diff: 0.2]
   [Code Root Fixup: 0.0 ms]
   [Code Root Purge: 0.0 ms]
   [Clear CT: 0.8 ms]
   [Other: 2.7 ms]
      [Choose CSet: 0.0 ms]
      [Ref Proc: 0.5 ms]
      [Ref Enq: 0.0 ms]
      [Redirty Cards: 0.7 ms]
      [Humongous Register: 0.1 ms]
      [Humongous Reclaim: 0.1 ms]
      [Free CSet: 0.9 ms]
   [Eden: 3124.0M(3124.0M)->0.0B(3032.0M) Survivors: 284.0M->276.0M Heap: 7058.3M(8192.0M)->4036.0M(8192.0M)]
 [Times: user=1.79 sys=0.00, real=0.06 secs] 
2018-10-15T09:26:40.980+0200: 77.566: Total time for which application threads were stopped: 0.0642683 seconds, Stopping threads took: 0.0005351 seconds
2018-10-15T09:26:41.289+0200: 77.875: Application time: 0.3082971 seconds
2018-10-15T09:26:41.290+0200: 77.876: [GC pause (G1 Evacuation Pause) (young) (initial-mark)
Desired survivor size 218103808 bytes, new threshold 3 (max 15)
- age   1:   90243496 bytes,   90243496 total
- age   2:   86839520 bytes,  177083016 total
- age   3:   86096376 bytes,  263179392 total
, 0.0715380 secs]
   [Parallel Time: 68.2 ms, GC Workers: 30]
      [GC Worker Start (ms): Min: 77876.1, Avg: 77876.9, Max: 77877.7, Diff: 1.6]
      [Ext Root Scanning (ms): Min: 1.6, Avg: 2.3, Max: 3.2, Diff: 1.6, Sum: 67.9]
      [Update RS (ms): Min: 27.2, Avg: 27.9, Max: 28.7, Diff: 1.5, Sum: 838.3]
         [Processed Buffers: Min: 29, Avg: 33.2, Max: 41, Diff: 12, Sum: 997]
      [Scan RS (ms): Min: 0.0, Avg: 0.1, Max: 0.3, Diff: 0.2, Sum: 3.4]
      [Code Root Scanning (ms): Min: 0.0, Avg: 0.0, Max: 0.0, Diff: 0.0, Sum: 0.0]
      [Object Copy (ms): Min: 36.5, Avg: 36.6, Max: 36.8, Diff: 0.3, Sum: 1098.4]
      [Termination (ms): Min: 0.0, Avg: 0.1, Max: 0.1, Diff: 0.1, Sum: 2.7]
         [Termination Attempts: Min: 1, Avg: 58.4, Max: 69, Diff: 68, Sum: 1751]
      [GC Worker Other (ms): Min: 0.0, Avg: 0.1, Max: 0.2, Diff: 0.2, Sum: 3.6]
      [GC Worker Total (ms): Min: 66.4, Avg: 67.1, Max: 67.8, Diff: 1.5, Sum: 2014.3]
      [GC Worker End (ms): Min: 77943.9, Avg: 77944.0, Max: 77944.1, Diff: 0.2]
   [Code Root Fixup: 0.0 ms]
   [Code Root Purge: 0.0 ms]
   [Clear CT: 0.7 ms]
   [Other: 2.6 ms]
      [Choose CSet: 0.0 ms]
      [Ref Proc: 0.5 ms]
      [Ref Enq: 0.0 ms]
      [Redirty Cards: 0.8 ms]
      [Humongous Register: 0.1 ms]
      [Humongous Reclaim: 0.1 ms]
      [Free CSet: 0.8 ms]
   [Eden: 3032.0M(3032.0M)->0.0B(2924.0M) Survivors: 276.0M->272.0M Heap: 7068.0M(8192.0M)->4146.0M(8192.0M)]
 [Times: user=1.98 sys=0.00, real=0.07 secs] 
2018-10-15T09:26:41.361+0200: 77.947: [GC concurrent-root-region-scan-start]
2018-10-15T09:26:41.361+0200: 77.947: Total time for which application threads were stopped: 0.0728418 seconds, Stopping threads took: 0.0005569 seconds
2018-10-15T09:26:41.432+0200: 78.018: [GC concurrent-root-region-scan-end, 0.0702429 secs]
2018-10-15T09:26:41.432+0200: 78.018: [GC concurrent-mark-start]
2018-10-15T09:26:41.775+0200: 78.361: Application time: 0.4139219 seconds
2018-10-15T09:26:41.776+0200: 78.362: [GC pause (G1 Evacuation Pause) (young)
Desired survivor size 209715200 bytes, new threshold 3 (max 15)
- age   1:   83400704 bytes,   83400704 total
- age   2:   84005648 bytes,  167406352 total
- age   3:   85985720 bytes,  253392072 total
, 0.0636548 secs]
   [Parallel Time: 59.5 ms, GC Workers: 30]
      [GC Worker Start (ms): Min: 78362.5, Avg: 78363.2, Max: 78363.9, Diff: 1.4]
      [Ext Root Scanning (ms): Min: 0.0, Avg: 0.3, Max: 1.8, Diff: 1.8, Sum: 10.0]
      [Update RS (ms): Min: 17.3, Avg: 17.9, Max: 18.2, Diff: 1.0, Sum: 535.9]
         [Processed Buffers: Min: 16, Avg: 20.7, Max: 29, Diff: 13, Sum: 621]
      [Scan RS (ms): Min: 1.8, Avg: 2.1, Max: 2.2, Diff: 0.4, Sum: 61.8]
      [Code Root Scanning (ms): Min: 0.0, Avg: 0.0, Max: 0.0, Diff: 0.0, Sum: 0.0]
      [Object Copy (ms): Min: 37.9, Avg: 38.0, Max: 38.1, Diff: 0.2, Sum: 1139.7]
      [Termination (ms): Min: 0.0, Avg: 0.1, Max: 0.1, Diff: 0.1, Sum: 2.6]
         [Termination Attempts: Min: 1, Avg: 42.4, Max: 48, Diff: 47, Sum: 1273]
      [GC Worker Other (ms): Min: 0.0, Avg: 0.1, Max: 0.3, Diff: 0.2, Sum: 3.8]
      [GC Worker Total (ms): Min: 57.9, Avg: 58.5, Max: 59.2, Diff: 1.3, Sum: 1754.0]
      [GC Worker End (ms): Min: 78421.6, Avg: 78421.7, Max: 78421.8, Diff: 0.2]
   [Code Root Fixup: 0.0 ms]
   [Code Root Purge: 0.0 ms]
   [Clear CT: 0.7 ms]
   [Other: 3.4 ms]
      [Choose CSet: 0.0 ms]
      [Ref Proc: 0.4 ms]
      [Ref Enq: 0.0 ms]
      [Redirty Cards: 0.8 ms]
      [Humongous Register: 0.1 ms]
      [Humongous Reclaim: 0.1 ms]
      [Free CSet: 1.5 ms]
   [Eden: 2924.0M(2924.0M)->0.0B(2832.0M) Survivors: 272.0M->260.0M Heap: 7070.0M(8192.0M)->4250.0M(8192.0M)]
 [Times: user=1.78 sys=0.00, real=0.06 secs] 
2018-10-15T09:26:41.840+0200: 78.426: Total time for which application threads were stopped: 0.0647578 seconds, Stopping threads took: 0.0003438 seconds
2018-10-15T09:26:41.900+0200: 78.486: [GC concurrent-mark-end, 0.4682867 secs]
2018-10-15T09:26:41.900+0200: 78.486: Application time: 0.0598491 seconds
2018-10-15T09:26:41.901+0200: 78.487: [GC remark 2018-10-15T09:26:41.901+0200: 78.487: [Finalize Marking, 0.0006008 secs] 2018-10-15T09:26:41.901+0200: 78.487: [GC ref-proc, 0.0011375 secs] 2018-10-15T09:26:41.903+0200: 78.489: [Unloading, 0.0106921 secs], 0.0137871 secs]
 [Times: user=0.31 sys=0.00, real=0.02 secs] 
2018-10-15T09:26:41.915+0200: 78.501: Total time for which application threads were stopped: 0.0147774 seconds, Stopping threads took: 0.0004485 seconds
2018-10-15T09:26:41.915+0200: 78.501: Application time: 0.0000610 seconds
2018-10-15T09:26:41.915+0200: 78.501: [GC cleanup 4663M->3495M(8192M), 0.0078267 secs]
 [Times: user=0.19 sys=0.00, real=0.00 secs] 
2018-10-15T09:26:41.923+0200: 78.509: Total time for which application threads were stopped: 0.0083825 seconds, Stopping threads took: 0.0001026 seconds
2018-10-15T09:26:41.923+0200: 78.509: [GC concurrent-cleanup-start]
2018-10-15T09:26:41.925+0200: 78.511: [GC concurrent-cleanup-end, 0.0014979 secs]
2018-10-15T09:26:42.173+0200: 78.759: Application time: 0.2496217 seconds
2018-10-15T09:26:42.177+0200: 78.763: [GC pause (G1 Evacuation Pause) (young)
Desired survivor size 203423744 bytes, new threshold 3 (max 15)
- age   1:   79306952 bytes,   79306952 total
- age   2:   78264792 bytes,  157571744 total
- age   3:   83281032 bytes,  240852776 total
, 0.0633539 secs]
   [Parallel Time: 59.9 ms, GC Workers: 30]
      [GC Worker Start (ms): Min: 78763.7, Avg: 78764.5, Max: 78765.1, Diff: 1.4]
      [Ext Root Scanning (ms): Min: 0.0, Avg: 0.3, Max: 1.7, Diff: 1.7, Sum: 10.4]
      [Update RS (ms): Min: 19.6, Avg: 20.3, Max: 20.7, Diff: 1.0, Sum: 609.7]
         [Processed Buffers: Min: 21, Avg: 24.0, Max: 31, Diff: 10, Sum: 719]
      [Scan RS (ms): Min: 1.3, Avg: 1.6, Max: 1.7, Diff: 0.4, Sum: 47.1]
      [Code Root Scanning (ms): Min: 0.0, Avg: 0.0, Max: 0.0, Diff: 0.0, Sum: 0.0]
      [Object Copy (ms): Min: 36.4, Avg: 36.5, Max: 36.6, Diff: 0.2, Sum: 1094.4]
      [Termination (ms): Min: 0.0, Avg: 0.1, Max: 0.2, Diff: 0.2, Sum: 2.5]
         [Termination Attempts: Min: 1, Avg: 4.6, Max: 7, Diff: 6, Sum: 139]
      [GC Worker Other (ms): Min: 0.0, Avg: 0.1, Max: 0.2, Diff: 0.2, Sum: 2.6]
      [GC Worker Total (ms): Min: 58.3, Avg: 58.9, Max: 59.7, Diff: 1.4, Sum: 1766.7]
      [GC Worker End (ms): Min: 78823.3, Avg: 78823.4, Max: 78823.5, Diff: 0.2]
   [Code Root Fixup: 0.0 ms]
   [Code Root Purge: 0.0 ms]
   [Clear CT: 0.8 ms]
   [Other: 2.6 ms]
      [Choose CSet: 0.0 ms]
      [Ref Proc: 0.5 ms]
      [Ref Enq: 0.0 ms]
      [Redirty Cards: 0.7 ms]
      [Humongous Register: 0.1 ms]
      [Humongous Reclaim: 0.0 ms]
      [Free CSet: 0.9 ms]
   [Eden: 2832.0M(2832.0M)->0.0B(156.0M) Survivors: 260.0M->252.0M Heap: 5914.0M(8192.0M)->3176.0M(8192.0M)]
 [Times: user=1.79 sys=0.01, real=0.06 secs] 
2018-10-15T09:26:42.241+0200: 78.827: Total time for which application threads were stopped: 0.0682119 seconds, Stopping threads took: 0.0040400 seconds
2018-10-15T09:26:42.264+0200: 78.850: Application time: 0.0225091 seconds
2018-10-15T09:26:42.264+0200: 78.850: [GC pause (G1 Evacuation Pause) (mixed)
Desired survivor size 27262976 bytes, new threshold 1 (max 15)
- age   1:   82983952 bytes,   82983952 total
- age   2:   71905712 bytes,  154889664 total
- age   3:   75817112 bytes,  230706776 total
, 0.0527298 secs]
   [Parallel Time: 48.8 ms, GC Workers: 30]
      [GC Worker Start (ms): Min: 78850.4, Avg: 78850.8, Max: 78851.3, Diff: 0.8]
      [Ext Root Scanning (ms): Min: 0.0, Avg: 0.4, Max: 1.7, Diff: 1.7, Sum: 12.3]
      [Update RS (ms): Min: 14.3, Avg: 15.0, Max: 15.2, Diff: 1.0, Sum: 448.8]
         [Processed Buffers: Min: 17, Avg: 22.5, Max: 30, Diff: 13, Sum: 675]
      [Scan RS (ms): Min: 3.0, Avg: 3.5, Max: 3.7, Diff: 0.7, Sum: 104.7]
      [Code Root Scanning (ms): Min: 0.0, Avg: 0.0, Max: 0.2, Diff: 0.2, Sum: 0.4]
      [Object Copy (ms): Min: 29.1, Avg: 29.3, Max: 29.4, Diff: 0.3, Sum: 879.0]
      [Termination (ms): Min: 0.0, Avg: 0.1, Max: 0.2, Diff: 0.1, Sum: 3.7]
         [Termination Attempts: Min: 1, Avg: 49.5, Max: 57, Diff: 56, Sum: 1485]
      [GC Worker Other (ms): Min: 0.0, Avg: 0.1, Max: 0.1, Diff: 0.1, Sum: 1.7]
      [GC Worker Total (ms): Min: 47.8, Avg: 48.4, Max: 48.7, Diff: 0.9, Sum: 1450.5]
      [GC Worker End (ms): Min: 78899.1, Avg: 78899.1, Max: 78899.2, Diff: 0.1]
   [Code Root Fixup: 0.0 ms]
   [Code Root Purge: 0.0 ms]
   [Clear CT: 0.6 ms]
   [Other: 3.3 ms]
      [Choose CSet: 0.2 ms]
      [Ref Proc: 0.4 ms]
      [Ref Enq: 0.0 ms]
      [Redirty Cards: 1.1 ms]
      [Humongous Register: 0.1 ms]
      [Humongous Reclaim: 0.0 ms]
      [Free CSet: 1.2 ms]
   [Eden: 156.0M(156.0M)->0.0B(356.0M) Survivors: 252.0M->52.0M Heap: 3332.0M(8192.0M)->2410.0M(8192.0M)]
 [Times: user=1.49 sys=0.00, real=0.05 secs] 
2018-10-15T09:26:42.317+0200: 78.903: Total time for which application threads were stopped: 0.0534237 seconds, Stopping threads took: 0.0001331 seconds
2018-10-15T09:26:42.369+0200: 78.955: Application time: 0.0519766 seconds
2018-10-15T09:26:42.370+0200: 78.956: [GC pause (G1 Evacuation Pause) (mixed)
Desired survivor size 27262976 bytes, new threshold 15 (max 15)
- age   1:    3989808 bytes,    3989808 total
, 0.0306479 secs]
   [Parallel Time: 26.4 ms, GC Workers: 30]
      [GC Worker Start (ms): Min: 78956.1, Avg: 78956.6, Max: 78957.1, Diff: 1.0]
      [Ext Root Scanning (ms): Min: 0.0, Avg: 0.3, Max: 1.6, Diff: 1.6, Sum: 9.3]
      [Update RS (ms): Min: 19.9, Avg: 20.5, Max: 20.9, Diff: 1.1, Sum: 615.9]
         [Processed Buffers: Min: 25, Avg: 30.9, Max: 42, Diff: 17, Sum: 926]
      [Scan RS (ms): Min: 1.5, Avg: 1.8, Max: 1.9, Diff: 0.4, Sum: 53.4]
      [Code Root Scanning (ms): Min: 0.0, Avg: 0.0, Max: 0.1, Diff: 0.1, Sum: 0.3]
      [Object Copy (ms): Min: 3.0, Avg: 3.1, Max: 3.2, Diff: 0.2, Sum: 91.8]
      [Termination (ms): Min: 0.0, Avg: 0.0, Max: 0.0, Diff: 0.0, Sum: 0.8]
         [Termination Attempts: Min: 5, Avg: 9.2, Max: 13, Diff: 8, Sum: 275]
      [GC Worker Other (ms): Min: 0.0, Avg: 0.1, Max: 0.1, Diff: 0.1, Sum: 1.5]
      [GC Worker Total (ms): Min: 25.2, Avg: 25.8, Max: 26.3, Diff: 1.1, Sum: 772.9]
      [GC Worker End (ms): Min: 78982.3, Avg: 78982.4, Max: 78982.4, Diff: 0.1]
   [Code Root Fixup: 0.0 ms]
   [Code Root Purge: 0.0 ms]
   [Clear CT: 0.7 ms]
   [Other: 3.5 ms]
      [Choose CSet: 0.2 ms]
      [Ref Proc: 0.5 ms]
      [Ref Enq: 0.0 ms]
      [Redirty Cards: 0.3 ms]
      [Humongous Register: 0.1 ms]
      [Humongous Reclaim: 0.0 ms]
      [Free CSet: 2.1 ms]
   [Eden: 356.0M(356.0M)->0.0B(356.0M) Survivors: 52.0M->52.0M Heap: 2766.0M(8192.0M)->1642.0M(8192.0M)]
 [Times: user=0.79 sys=0.00, real=0.03 secs] 
2018-10-15T09:26:42.400+0200: 78.986: Total time for which application threads were stopped: 0.0314615 seconds, Stopping threads took: 0.0003162 seconds
2018-10-15T09:26:42.439+0200: 79.025: Application time: 0.0385893 seconds
2018-10-15T09:26:42.440+0200: 79.026: [GC pause (G1 Evacuation Pause) (mixed)
Desired survivor size 27262976 bytes, new threshold 15 (max 15)
- age   1:    9207136 bytes,    9207136 total
- age   2:    3231200 bytes,   12438336 total
, 0.0145617 secs]
   [Parallel Time: 12.1 ms, GC Workers: 30]
      [GC Worker Start (ms): Min: 79026.2, Avg: 79026.5, Max: 79027.0, Diff: 0.8]
      [Ext Root Scanning (ms): Min: 0.0, Avg: 0.3, Max: 1.6, Diff: 1.6, Sum: 10.3]
      [Update RS (ms): Min: 4.0, Avg: 4.9, Max: 5.7, Diff: 1.8, Sum: 147.1]
         [Processed Buffers: Min: 6, Avg: 8.9, Max: 15, Diff: 9, Sum: 267]
      [Scan RS (ms): Min: 0.0, Avg: 0.6, Max: 0.8, Diff: 0.8, Sum: 19.2]
      [Code Root Scanning (ms): Min: 0.0, Avg: 0.0, Max: 0.2, Diff: 0.2, Sum: 0.6]
      [Object Copy (ms): Min: 5.1, Avg: 5.5, Max: 5.7, Diff: 0.5, Sum: 165.0]
      [Termination (ms): Min: 0.1, Avg: 0.2, Max: 0.3, Diff: 0.2, Sum: 4.8]
         [Termination Attempts: Min: 22, Avg: 29.9, Max: 40, Diff: 18, Sum: 898]
      [GC Worker Other (ms): Min: 0.0, Avg: 0.0, Max: 0.1, Diff: 0.1, Sum: 1.4]
      [GC Worker Total (ms): Min: 11.1, Avg: 11.6, Max: 12.0, Diff: 0.9, Sum: 348.4]
      [GC Worker End (ms): Min: 79038.0, Avg: 79038.1, Max: 79038.1, Diff: 0.1]
   [Code Root Fixup: 0.0 ms]
   [Code Root Purge: 0.0 ms]
   [Clear CT: 0.7 ms]
   [Other: 1.7 ms]
      [Choose CSet: 0.1 ms]
      [Ref Proc: 0.4 ms]
      [Ref Enq: 0.0 ms]
      [Redirty Cards: 0.3 ms]
      [Humongous Register: 0.1 ms]
      [Humongous Reclaim: 0.0 ms]
      [Free CSet: 0.4 ms]
   [Eden: 356.0M(356.0M)->0.0B(4876.0M) Survivors: 52.0M->36.0M Heap: 1998.0M(8192.0M)->1466.7M(8192.0M)]
 [Times: user=0.37 sys=0.00, real=0.02 secs] 
2018-10-15T09:26:42.455+0200: 79.041: Total time for which application threads were stopped: 0.0155342 seconds, Stopping threads took: 0.0004216 seconds
2018-10-15T09:26:42.966+0200: 79.552: Application time: 0.5117952 seconds
2018-10-15T09:26:42.967+0200: 79.553: [GC pause (G1 Evacuation Pause) (young)
Desired survivor size 322961408 bytes, new threshold 15 (max 15)
- age   1:   12667000 bytes,   12667000 total
- age   2:    8622208 bytes,   21289208 total
- age   3:    3219216 bytes,   24508424 total
, 0.0399738 secs]
   [Parallel Time: 36.2 ms, GC Workers: 30]
      [GC Worker Start (ms): Min: 79553.7, Avg: 79554.3, Max: 79554.8, Diff: 1.1]
      [Ext Root Scanning (ms): Min: 0.0, Avg: 0.4, Max: 1.7, Diff: 1.7, Sum: 10.6]
      [Update RS (ms): Min: 13.5, Avg: 13.8, Max: 14.6, Diff: 1.2, Sum: 415.4]
         [Processed Buffers: Min: 13, Avg: 17.1, Max: 23, Diff: 10, Sum: 512]
      [Scan RS (ms): Min: 0.0, Avg: 0.2, Max: 0.3, Diff: 0.3, Sum: 5.2]
      [Code Root Scanning (ms): Min: 0.0, Avg: 0.0, Max: 0.0, Diff: 0.0, Sum: 0.0]
      [Object Copy (ms): Min: 20.0, Avg: 20.8, Max: 21.0, Diff: 1.0, Sum: 624.3]
      [Termination (ms): Min: 0.0, Avg: 0.0, Max: 0.0, Diff: 0.0, Sum: 0.1]
         [Termination Attempts: Min: 1, Avg: 1.0, Max: 1, Diff: 0, Sum: 30]
      [GC Worker Other (ms): Min: 0.0, Avg: 0.2, Max: 0.3, Diff: 0.3, Sum: 4.7]
      [GC Worker Total (ms): Min: 34.6, Avg: 35.3, Max: 36.0, Diff: 1.4, Sum: 1060.4]
      [GC Worker End (ms): Min: 79589.5, Avg: 79589.6, Max: 79589.7, Diff: 0.3]
   [Code Root Fixup: 0.0 ms]
   [Code Root Purge: 0.0 ms]
   [Clear CT: 0.8 ms]
   [Other: 2.9 ms]
      [Choose CSet: 0.0 ms]
      [Ref Proc: 0.5 ms]
      [Ref Enq: 0.0 ms]
      [Redirty Cards: 0.5 ms]
      [Humongous Register: 0.1 ms]
      [Humongous Reclaim: 0.0 ms]
      [Free CSet: 1.4 ms]
   [Eden: 4876.0M(4876.0M)->0.0B(4744.0M) Survivors: 36.0M->168.0M Heap: 6342.7M(8192.0M)->1600.4M(8192.0M)]
 [Times: user=1.08 sys=0.00, real=0.04 secs] 
2018-10-15T09:26:43.008+0200: 79.594: Total time for which application threads were stopped: 0.0412877 seconds, Stopping threads took: 0.0005843 seconds
2018-10-15T09:26:43.494+0200: 80.080: Application time: 0.4862435 seconds
2018-10-15T09:26:43.495+0200: 80.081: [GC pause (G1 Evacuation Pause) (young)
Desired survivor size 322961408 bytes, new threshold 15 (max 15)
- age   1:  123899584 bytes,  123899584 total
- age   2:   10645152 bytes,  134544736 total
- age   3:    8493840 bytes,  143038576 total
- age   4:    3142552 bytes,  146181128 total
, 0.0593556 secs]
   [Parallel Time: 55.7 ms, GC Workers: 30]
      [GC Worker Start (ms): Min: 80081.3, Avg: 80081.8, Max: 80082.5, Diff: 1.3]
      [Ext Root Scanning (ms): Min: 0.0, Avg: 0.4, Max: 1.8, Diff: 1.8, Sum: 11.8]
      [Update RS (ms): Min: 12.9, Avg: 13.6, Max: 13.9, Diff: 1.0, Sum: 408.0]
         [Processed Buffers: Min: 13, Avg: 16.8, Max: 24, Diff: 11, Sum: 503]
      [Scan RS (ms): Min: 0.0, Avg: 0.2, Max: 0.3, Diff: 0.3, Sum: 5.9]
      [Code Root Scanning (ms): Min: 0.0, Avg: 0.0, Max: 0.0, Diff: 0.0, Sum: 0.0]
      [Object Copy (ms): Min: 40.3, Avg: 40.4, Max: 40.6, Diff: 0.2, Sum: 1212.9]
      [Termination (ms): Min: 0.0, Avg: 0.2, Max: 0.2, Diff: 0.2, Sum: 5.5]
         [Termination Attempts: Min: 1, Avg: 71.8, Max: 87, Diff: 86, Sum: 2153]
      [GC Worker Other (ms): Min: 0.0, Avg: 0.1, Max: 0.3, Diff: 0.3, Sum: 4.3]
      [GC Worker Total (ms): Min: 54.2, Avg: 54.9, Max: 55.6, Diff: 1.4, Sum: 1648.4]
      [GC Worker End (ms): Min: 80136.6, Avg: 80136.7, Max: 80136.9, Diff: 0.3]
   [Code Root Fixup: 0.0 ms]
   [Code Root Purge: 0.0 ms]
   [Clear CT: 0.8 ms]
   [Other: 2.8 ms]
      [Choose CSet: 0.0 ms]
      [Ref Proc: 0.5 ms]
      [Ref Enq: 0.0 ms]
      [Redirty Cards: 0.5 ms]
      [Humongous Register: 0.1 ms]
      [Humongous Reclaim: 0.0 ms]
      [Free CSet: 1.3 ms]
   [Eden: 4744.0M(4744.0M)->0.0B(4624.0M) Survivors: 168.0M->288.0M Heap: 6344.4M(8192.0M)->1721.6M(8192.0M)]
 [Times: user=1.67 sys=0.00, real=0.06 secs] 
2018-10-15T09:26:43.554+0200: 80.141: Total time for which application threads were stopped: 0.0606529 seconds, Stopping threads took: 0.0006054 seconds
2018-10-15T09:26:44.030+0200: 80.616: Application time: 0.4754323 seconds
2018-10-15T09:26:44.031+0200: 80.617: [GC pause (G1 Evacuation Pause) (young)
Desired survivor size 322961408 bytes, new threshold 15 (max 15)
- age   1:  134585592 bytes,  134585592 total
- age   2:  115053440 bytes,  249639032 total
- age   3:   10636784 bytes,  260275816 total
- age   4:    8485656 bytes,  268761472 total
- age   5:    3138168 bytes,  271899640 total
, 0.0665192 secs]
   [Parallel Time: 62.9 ms, GC Workers: 30]
      [GC Worker Start (ms): Min: 80617.3, Avg: 80617.5, Max: 80617.9, Diff: 0.6]
      [Ext Root Scanning (ms): Min: 0.1, Avg: 0.5, Max: 1.8, Diff: 1.7, Sum: 15.4]
      [Update RS (ms): Min: 12.6, Avg: 13.8, Max: 14.2, Diff: 1.5, Sum: 414.5]
         [Processed Buffers: Min: 14, Avg: 16.7, Max: 22, Diff: 8, Sum: 502]
      [Scan RS (ms): Min: 0.0, Avg: 0.2, Max: 0.4, Diff: 0.3, Sum: 6.3]
      [Code Root Scanning (ms): Min: 0.0, Avg: 0.0, Max: 0.0, Diff: 0.0, Sum: 0.1]
      [Object Copy (ms): Min: 47.6, Avg: 47.8, Max: 47.9, Diff: 0.3, Sum: 1432.6]
      [Termination (ms): Min: 0.0, Avg: 0.1, Max: 0.2, Diff: 0.2, Sum: 2.2]
         [Termination Attempts: Min: 2, Avg: 5.3, Max: 9, Diff: 7, Sum: 159]
      [GC Worker Other (ms): Min: 0.0, Avg: 0.1, Max: 0.3, Diff: 0.3, Sum: 3.9]
      [GC Worker Total (ms): Min: 62.0, Avg: 62.5, Max: 62.8, Diff: 0.7, Sum: 1875.0]
      [GC Worker End (ms): Min: 80679.9, Avg: 80680.0, Max: 80680.1, Diff: 0.2]
   [Code Root Fixup: 0.0 ms]
   [Code Root Purge: 0.0 ms]
   [Clear CT: 0.9 ms]
   [Other: 2.6 ms]
      [Choose CSet: 0.0 ms]
      [Ref Proc: 0.5 ms]
      [Ref Enq: 0.0 ms]
      [Redirty Cards: 0.4 ms]
      [Humongous Register: 0.1 ms]
      [Humongous Reclaim: 0.0 ms]
      [Free CSet: 1.2 ms]
   [Eden: 4624.0M(4624.0M)->0.0B(4500.0M) Survivors: 288.0M->412.0M Heap: 6345.6M(8192.0M)->1843.6M(8192.0M)]
 [Times: user=1.89 sys=0.01, real=0.07 secs] 
2018-10-15T09:26:44.098+0200: 80.684: Total time for which application threads were stopped: 0.0678037 seconds, Stopping threads took: 0.0005692 seconds
2018-10-15T09:26:44.547+0200: 81.133: Application time: 0.4496729 seconds
2018-10-15T09:26:44.548+0200: 81.135: [GC pause (G1 Evacuation Pause) (young)
Desired survivor size 322961408 bytes, new threshold 3 (max 15)
- age   1:  121903752 bytes,  121903752 total
- age   2:  128693816 bytes,  250597568 total
- age   3:  114504024 bytes,  365101592 total
- age   4:   10633264 bytes,  375734856 total
- age   5:    8482296 bytes,  384217152 total
- age   6:    3134808 bytes,  387351960 total
, 0.0797352 secs]
   [Parallel Time: 75.4 ms, GC Workers: 30]
      [GC Worker Start (ms): Min: 81134.7, Avg: 81135.2, Max: 81135.8, Diff: 1.1]
      [Ext Root Scanning (ms): Min: 0.0, Avg: 0.4, Max: 1.8, Diff: 1.8, Sum: 11.8]
      [Update RS (ms): Min: 12.8, Avg: 13.8, Max: 14.4, Diff: 1.6, Sum: 413.4]
         [Processed Buffers: Min: 13, Avg: 16.4, Max: 21, Diff: 8, Sum: 493]
      [Scan RS (ms): Min: 0.1, Avg: 0.2, Max: 0.4, Diff: 0.3, Sum: 7.5]
      [Code Root Scanning (ms): Min: 0.0, Avg: 0.0, Max: 0.0, Diff: 0.0, Sum: 0.1]
      [Object Copy (ms): Min: 59.6, Avg: 59.9, Max: 60.0, Diff: 0.4, Sum: 1796.5]
      [Termination (ms): Min: 0.0, Avg: 0.2, Max: 0.2, Diff: 0.2, Sum: 4.9]
         [Termination Attempts: Min: 1, Avg: 83.3, Max: 107, Diff: 106, Sum: 2499]
      [GC Worker Other (ms): Min: 0.0, Avg: 0.1, Max: 0.3, Diff: 0.2, Sum: 4.0]
      [GC Worker Total (ms): Min: 73.9, Avg: 74.6, Max: 75.2, Diff: 1.3, Sum: 2238.1]
      [GC Worker End (ms): Min: 81209.7, Avg: 81209.9, Max: 81210.0, Diff: 0.2]
   [Code Root Fixup: 0.0 ms]
   [Code Root Purge: 0.0 ms]
   [Clear CT: 0.9 ms]
   [Other: 3.4 ms]
      [Choose CSet: 0.0 ms]
      [Ref Proc: 0.5 ms]
      [Ref Enq: 0.0 ms]
      [Redirty Cards: 1.0 ms]
      [Humongous Register: 0.1 ms]
      [Humongous Reclaim: 0.0 ms]
      [Free CSet: 1.3 ms]
   [Eden: 4500.0M(4500.0M)->0.0B(4540.0M) Survivors: 412.0M->372.0M Heap: 6343.6M(8192.0M)->1935.5M(8192.0M)]
 [Times: user=2.27 sys=0.00, real=0.08 secs] 
2018-10-15T09:26:44.628+0200: 81.214: Total time for which application threads were stopped: 0.0809990 seconds, Stopping threads took: 0.0005941 seconds
2018-10-15T09:26:45.095+0200: 81.681: Application time: 0.4668435 seconds
2018-10-15T09:26:45.100+0200: 81.686: [GC pause (G1 Evacuation Pause) (young)
Desired survivor size 322961408 bytes, new threshold 3 (max 15)
- age   1:  108607408 bytes,  108607408 total
- age   2:  115471280 bytes,  224078688 total
- age   3:  127290840 bytes,  351369528 total
, 0.0786612 secs]
   [Parallel Time: 74.2 ms, GC Workers: 30]
      [GC Worker Start (ms): Min: 81686.3, Avg: 81687.1, Max: 81687.8, Diff: 1.5]
      [Ext Root Scanning (ms): Min: 0.0, Avg: 0.4, Max: 1.8, Diff: 1.8, Sum: 11.3]
      [Update RS (ms): Min: 18.1, Avg: 18.7, Max: 19.1, Diff: 1.1, Sum: 559.5]
         [Processed Buffers: Min: 16, Avg: 20.3, Max: 26, Diff: 10, Sum: 609]
      [Scan RS (ms): Min: 3.2, Avg: 3.7, Max: 4.0, Diff: 0.8, Sum: 111.2]
      [Code Root Scanning (ms): Min: 0.0, Avg: 0.0, Max: 0.0, Diff: 0.0, Sum: 0.0]
      [Object Copy (ms): Min: 50.0, Avg: 50.2, Max: 50.3, Diff: 0.3, Sum: 1504.8]
      [Termination (ms): Min: 0.0, Avg: 0.1, Max: 0.1, Diff: 0.1, Sum: 2.8]
         [Termination Attempts: Min: 1, Avg: 59.8, Max: 69, Diff: 68, Sum: 1794]
      [GC Worker Other (ms): Min: 0.0, Avg: 0.1, Max: 0.3, Diff: 0.2, Sum: 4.1]
      [GC Worker Total (ms): Min: 72.4, Avg: 73.1, Max: 74.0, Diff: 1.6, Sum: 2193.8]
      [GC Worker End (ms): Min: 81760.1, Avg: 81760.2, Max: 81760.3, Diff: 0.2]
   [Code Root Fixup: 0.0 ms]
   [Code Root Purge: 0.0 ms]
   [Clear CT: 1.0 ms]
   [Other: 3.4 ms]
      [Choose CSet: 0.0 ms]
      [Ref Proc: 0.6 ms]
      [Ref Enq: 0.0 ms]
      [Redirty Cards: 1.0 ms]
      [Humongous Register: 0.1 ms]
      [Humongous Reclaim: 0.0 ms]
      [Free CSet: 1.3 ms]
   [Eden: 4540.0M(4540.0M)->0.0B(4576.0M) Survivors: 372.0M->336.0M Heap: 6475.5M(8192.0M)->2054.0M(8192.0M)]
 [Times: user=2.22 sys=0.00, real=0.08 secs] 
2018-10-15T09:26:45.179+0200: 81.765: Total time for which application threads were stopped: 0.0835428 seconds, Stopping threads took: 0.0041693 seconds
2018-10-15T09:26:45.654+0200: 82.240: Application time: 0.4755076 seconds
2018-10-15T09:26:45.655+0200: 82.241: [GC pause (G1 Evacuation Pause) (young)
Desired survivor size 322961408 bytes, new threshold 15 (max 15)
- age   1:  102488544 bytes,  102488544 total
- age   2:  102336616 bytes,  204825160 total
- age   3:  114141360 bytes,  318966520 total
, 0.0728882 secs]
   [Parallel Time: 69.2 ms, GC Workers: 30]
      [GC Worker Start (ms): Min: 82241.8, Avg: 82242.5, Max: 82243.2, Diff: 1.4]
      [Ext Root Scanning (ms): Min: 0.0, Avg: 0.4, Max: 1.8, Diff: 1.8, Sum: 10.9]
      [Update RS (ms): Min: 17.9, Avg: 18.8, Max: 19.1, Diff: 1.2, Sum: 562.8]
         [Processed Buffers: Min: 18, Avg: 22.0, Max: 27, Diff: 9, Sum: 661]
      [Scan RS (ms): Min: 2.5, Avg: 2.7, Max: 2.9, Diff: 0.4, Sum: 82.3]
      [Code Root Scanning (ms): Min: 0.0, Avg: 0.0, Max: 0.0, Diff: 0.0, Sum: 0.0]
      [Object Copy (ms): Min: 46.1, Avg: 46.2, Max: 46.3, Diff: 0.2, Sum: 1385.2]
      [Termination (ms): Min: 0.0, Avg: 0.1, Max: 0.1, Diff: 0.1, Sum: 2.9]
         [Termination Attempts: Min: 1, Avg: 4.1, Max: 9, Diff: 8, Sum: 124]
      [GC Worker Other (ms): Min: 0.0, Avg: 0.1, Max: 0.2, Diff: 0.2, Sum: 2.9]
      [GC Worker Total (ms): Min: 67.5, Avg: 68.2, Max: 69.0, Diff: 1.5, Sum: 2047.1]
      [GC Worker End (ms): Min: 82310.7, Avg: 82310.7, Max: 82310.9, Diff: 0.2]
   [Code Root Fixup: 0.0 ms]
   [Code Root Purge: 0.0 ms]
   [Clear CT: 0.9 ms]
   [Other: 2.8 ms]
      [Choose CSet: 0.0 ms]
      [Ref Proc: 0.4 ms]
      [Ref Enq: 0.0 ms]
      [Redirty Cards: 0.4 ms]
      [Humongous Register: 0.1 ms]
      [Humongous Reclaim: 0.0 ms]
      [Free CSet: 1.4 ms]
   [Eden: 4576.0M(4576.0M)->0.0B(4464.0M) Survivors: 336.0M->448.0M Heap: 6630.0M(8192.0M)->2166.0M(8192.0M)]
 [Times: user=2.07 sys=0.00, real=0.07 secs] 
2018-10-15T09:26:45.728+0200: 82.315: Total time for which application threads were stopped: 0.0741559 seconds, Stopping threads took: 0.0005682 seconds
2018-10-15T09:26:46.178+0200: 82.764: Application time: 0.4498202 seconds
2018-10-15T09:26:46.179+0200: 82.765: [GC pause (G1 Evacuation Pause) (young)
Desired survivor size 322961408 bytes, new threshold 4 (max 15)
- age   1:  116715352 bytes,  116715352 total
- age   2:   96674680 bytes,  213390032 total
- age   3:  101468120 bytes,  314858152 total
- age   4:  113918656 bytes,  428776808 total
, 0.0780230 secs]
   [Parallel Time: 73.5 ms, GC Workers: 30]
      [GC Worker Start (ms): Min: 82765.7, Avg: 82766.6, Max: 82767.2, Diff: 1.5]
      [Ext Root Scanning (ms): Min: 0.0, Avg: 0.4, Max: 1.7, Diff: 1.7, Sum: 10.9]
      [Update RS (ms): Min: 12.5, Avg: 13.2, Max: 13.6, Diff: 1.1, Sum: 394.7]
         [Processed Buffers: Min: 12, Avg: 15.9, Max: 24, Diff: 12, Sum: 476]
      [Scan RS (ms): Min: 0.0, Avg: 0.2, Max: 0.4, Diff: 0.4, Sum: 6.7]
      [Code Root Scanning (ms): Min: 0.0, Avg: 0.0, Max: 0.0, Diff: 0.0, Sum: 0.1]
      [Object Copy (ms): Min: 58.2, Avg: 58.5, Max: 58.7, Diff: 0.5, Sum: 1755.2]
      [Termination (ms): Min: 0.0, Avg: 0.1, Max: 0.1, Diff: 0.1, Sum: 2.5]
         [Termination Attempts: Min: 1, Avg: 39.6, Max: 50, Diff: 49, Sum: 1188]
      [GC Worker Other (ms): Min: 0.0, Avg: 0.2, Max: 0.3, Diff: 0.3, Sum: 4.6]
      [GC Worker Total (ms): Min: 71.8, Avg: 72.5, Max: 73.5, Diff: 1.7, Sum: 2174.6]
      [GC Worker End (ms): Min: 82839.0, Avg: 82839.1, Max: 82839.2, Diff: 0.3]
   [Code Root Fixup: 0.0 ms]
   [Code Root Purge: 0.0 ms]
   [Clear CT: 1.0 ms]
   [Other: 3.5 ms]
      [Choose CSet: 0.0 ms]
      [Ref Proc: 0.5 ms]
      [Ref Enq: 0.0 ms]
      [Redirty Cards: 1.0 ms]
      [Humongous Register: 0.1 ms]
      [Humongous Reclaim: 0.0 ms]
      [Free CSet: 1.4 ms]
   [Eden: 4464.0M(4464.0M)->0.0B(4480.0M) Survivors: 448.0M->432.0M Heap: 6630.0M(8192.0M)->2279.8M(8192.0M)]
 [Times: user=2.21 sys=0.00, real=0.08 secs] 
2018-10-15T09:26:46.258+0200: 82.844: Total time for which application threads were stopped: 0.0793129 seconds, Stopping threads took: 0.0005783 seconds
2018-10-15T09:26:46.721+0200: 83.307: Application time: 0.4632349 seconds
2018-10-15T09:26:46.722+0200: 83.308: [GC pause (G1 Evacuation Pause) (young)
Desired survivor size 322961408 bytes, new threshold 4 (max 15)
- age   1:  117008008 bytes,  117008008 total
- age   2:  104815888 bytes,  221823896 total
- age   3:   95353728 bytes,  317177624 total
- age   4:  101372200 bytes,  418549824 total
, 0.0796125 secs]
   [Parallel Time: 75.3 ms, GC Workers: 30]
      [GC Worker Start (ms): Min: 83308.2, Avg: 83308.7, Max: 83309.3, Diff: 1.1]
      [Ext Root Scanning (ms): Min: 0.0, Avg: 0.4, Max: 1.8, Diff: 1.8, Sum: 12.1]
      [Update RS (ms): Min: 20.4, Avg: 21.5, Max: 22.0, Diff: 1.6, Sum: 643.8]
         [Processed Buffers: Min: 20, Avg: 24.2, Max: 31, Diff: 11, Sum: 725]
      [Scan RS (ms): Min: 0.9, Avg: 1.4, Max: 1.7, Diff: 0.7, Sum: 42.0]
      [Code Root Scanning (ms): Min: 0.0, Avg: 0.0, Max: 0.0, Diff: 0.0, Sum: 0.0]
      [Object Copy (ms): Min: 51.1, Avg: 51.2, Max: 51.3, Diff: 0.2, Sum: 1535.5]
      [Termination (ms): Min: 0.0, Avg: 0.0, Max: 0.0, Diff: 0.0, Sum: 0.2]
         [Termination Attempts: Min: 1, Avg: 1.4, Max: 2, Diff: 1, Sum: 43]
      [GC Worker Other (ms): Min: 0.0, Avg: 0.2, Max: 0.3, Diff: 0.3, Sum: 4.5]
      [GC Worker Total (ms): Min: 74.0, Avg: 74.6, Max: 75.1, Diff: 1.2, Sum: 2238.2]
      [GC Worker End (ms): Min: 83383.2, Avg: 83383.3, Max: 83383.4, Diff: 0.3]
   [Code Root Fixup: 0.0 ms]
   [Code Root Purge: 0.0 ms]
   [Clear CT: 1.0 ms]
   [Other: 3.3 ms]
      [Choose CSet: 0.0 ms]
      [Ref Proc: 0.4 ms]
      [Ref Enq: 0.0 ms]
      [Redirty Cards: 0.9 ms]
      [Humongous Register: 0.1 ms]
      [Humongous Reclaim: 0.0 ms]
      [Free CSet: 1.4 ms]
   [Eden: 4480.0M(4480.0M)->0.0B(4476.0M) Survivors: 432.0M->436.0M Heap: 6759.8M(8192.0M)->2422.0M(8192.0M)]
 [Times: user=2.27 sys=0.00, real=0.08 secs] 
2018-10-15T09:26:46.802+0200: 83.388: Total time for which application threads were stopped: 0.0808923 seconds, Stopping threads took: 0.0005600 seconds
2018-10-15T09:26:47.267+0200: 83.853: Application time: 0.4652576 seconds
2018-10-15T09:26:47.268+0200: 83.854: [GC pause (G1 Evacuation Pause) (young)
Desired survivor size 322961408 bytes, new threshold 3 (max 15)
- age   1:  113642696 bytes,  113642696 total
- age   2:  111194992 bytes,  224837688 total
- age   3:  103801520 bytes,  328639208 total
- age   4:   95202048 bytes,  423841256 total
, 0.0749182 secs]
   [Parallel Time: 70.5 ms, GC Workers: 30]
      [GC Worker Start (ms): Min: 83854.5, Avg: 83855.0, Max: 83855.7, Diff: 1.2]
      [Ext Root Scanning (ms): Min: 0.0, Avg: 0.4, Max: 1.8, Diff: 1.8, Sum: 11.0]
      [Update RS (ms): Min: 18.5, Avg: 19.1, Max: 19.6, Diff: 1.2, Sum: 573.6]
         [Processed Buffers: Min: 18, Avg: 21.8, Max: 29, Diff: 11, Sum: 654]
      [Scan RS (ms): Min: 1.0, Avg: 1.4, Max: 1.6, Diff: 0.6, Sum: 42.4]
      [Code Root Scanning (ms): Min: 0.0, Avg: 0.0, Max: 0.0, Diff: 0.0, Sum: 0.0]
      [Object Copy (ms): Min: 48.5, Avg: 48.6, Max: 48.6, Diff: 0.1, Sum: 1456.6]
      [Termination (ms): Min: 0.0, Avg: 0.0, Max: 0.0, Diff: 0.0, Sum: 0.2]
         [Termination Attempts: Min: 1, Avg: 1.1, Max: 2, Diff: 1, Sum: 32]
      [GC Worker Other (ms): Min: 0.0, Avg: 0.2, Max: 0.3, Diff: 0.3, Sum: 4.8]
      [GC Worker Total (ms): Min: 68.8, Avg: 69.6, Max: 70.3, Diff: 1.5, Sum: 2088.7]
      [GC Worker End (ms): Min: 83924.5, Avg: 83924.7, Max: 83924.8, Diff: 0.3]
   [Code Root Fixup: 0.0 ms]
   [Code Root Purge: 0.0 ms]
   [Clear CT: 0.9 ms]
   [Other: 3.5 ms]
      [Choose CSet: 0.0 ms]
      [Ref Proc: 0.5 ms]
      [Ref Enq: 0.0 ms]
      [Redirty Cards: 1.1 ms]
      [Humongous Register: 0.1 ms]
      [Humongous Reclaim: 0.0 ms]
      [Free CSet: 1.4 ms]
   [Eden: 4476.0M(4476.0M)->0.0B(4484.0M) Survivors: 436.0M->328.0M Heap: 6898.0M(8192.0M)->2532.0M(8192.0M)]
 [Times: user=2.12 sys=0.01, real=0.07 secs] 
2018-10-15T09:26:47.343+0200: 83.929: Total time for which application threads were stopped: 0.0762073 seconds, Stopping threads took: 0.0005843 seconds
2018-10-15T09:26:47.817+0200: 84.403: Application time: 0.4740175 seconds
2018-10-15T09:26:47.821+0200: 84.407: [GC pause (G1 Evacuation Pause) (young)
Desired survivor size 316669952 bytes, new threshold 15 (max 15)
- age   1:   98004040 bytes,   98004040 total
- age   2:  100091968 bytes,  198096008 total
- age   3:  106569584 bytes,  304665592 total
, 0.0681451 secs]
   [Parallel Time: 64.6 ms, GC Workers: 30]
      [GC Worker Start (ms): Min: 84407.8, Avg: 84408.6, Max: 84409.3, Diff: 1.5]
      [Ext Root Scanning (ms): Min: 0.0, Avg: 0.3, Max: 1.7, Diff: 1.7, Sum: 8.9]
      [Update RS (ms): Min: 20.3, Avg: 20.9, Max: 21.4, Diff: 1.0, Sum: 626.2]
         [Processed Buffers: Min: 18, Avg: 24.0, Max: 30, Diff: 12, Sum: 719]
      [Scan RS (ms): Min: 1.2, Avg: 1.6, Max: 1.8, Diff: 0.6, Sum: 47.9]
      [Code Root Scanning (ms): Min: 0.0, Avg: 0.0, Max: 0.0, Diff: 0.0, Sum: 0.0]
      [Object Copy (ms): Min: 40.4, Avg: 40.5, Max: 40.7, Diff: 0.2, Sum: 1215.6]
      [Termination (ms): Min: 0.0, Avg: 0.0, Max: 0.0, Diff: 0.0, Sum: 0.2]
         [Termination Attempts: Min: 1, Avg: 1.4, Max: 2, Diff: 1, Sum: 42]
      [GC Worker Other (ms): Min: 0.0, Avg: 0.1, Max: 0.3, Diff: 0.2, Sum: 3.9]
      [GC Worker Total (ms): Min: 62.7, Avg: 63.4, Max: 64.3, Diff: 1.6, Sum: 1902.8]
      [GC Worker End (ms): Min: 84471.9, Avg: 84472.0, Max: 84472.2, Diff: 0.2]
   [Code Root Fixup: 0.0 ms]
   [Code Root Purge: 0.0 ms]
   [Clear CT: 0.7 ms]
   [Other: 2.8 ms]
      [Choose CSet: 0.0 ms]
      [Ref Proc: 0.4 ms]
      [Ref Enq: 0.0 ms]
      [Redirty Cards: 0.4 ms]
      [Humongous Register: 0.1 ms]
      [Humongous Reclaim: 0.0 ms]
      [Free CSet: 1.4 ms]
   [Eden: 4484.0M(4484.0M)->0.0B(4276.0M) Survivors: 328.0M->432.0M Heap: 7016.0M(8192.0M)->2634.0M(8192.0M)]
 [Times: user=1.92 sys=0.00, real=0.07 secs] 
2018-10-15T09:26:47.890+0200: 84.476: Total time for which application threads were stopped: 0.0724994 seconds, Stopping threads took: 0.0036434 seconds
2018-10-15T09:26:48.328+0200: 84.914: Application time: 0.4384224 seconds
2018-10-15T09:26:48.329+0200: 84.915: [GC pause (G1 Evacuation Pause) (young)
Desired survivor size 310378496 bytes, new threshold 4 (max 15)
- age   1:  113217328 bytes,  113217328 total
- age   2:   89380608 bytes,  202597936 total
- age   3:   99299632 bytes,  301897568 total
- age   4:  106409296 bytes,  408306864 total
, 0.0631764 secs]
   [Parallel Time: 59.2 ms, GC Workers: 30]
      [GC Worker Start (ms): Min: 84915.5, Avg: 84916.3, Max: 84917.0, Diff: 1.5]
      [Ext Root Scanning (ms): Min: 0.0, Avg: 0.3, Max: 1.8, Diff: 1.8, Sum: 9.3]
      [Update RS (ms): Min: 10.5, Avg: 11.3, Max: 11.9, Diff: 1.5, Sum: 338.1]
         [Processed Buffers: Min: 10, Avg: 13.3, Max: 21, Diff: 11, Sum: 400]
      [Scan RS (ms): Min: 0.0, Avg: 0.2, Max: 0.4, Diff: 0.3, Sum: 6.8]
      [Code Root Scanning (ms): Min: 0.0, Avg: 0.0, Max: 0.0, Diff: 0.0, Sum: 0.1]
      [Object Copy (ms): Min: 45.9, Avg: 46.2, Max: 46.3, Diff: 0.4, Sum: 1385.4]
      [Termination (ms): Min: 0.0, Avg: 0.0, Max: 0.0, Diff: 0.0, Sum: 0.1]
         [Termination Attempts: Min: 1, Avg: 1.0, Max: 1, Diff: 0, Sum: 30]
      [GC Worker Other (ms): Min: 0.0, Avg: 0.1, Max: 0.3, Diff: 0.3, Sum: 4.3]
      [GC Worker Total (ms): Min: 57.3, Avg: 58.1, Max: 58.9, Diff: 1.6, Sum: 1744.2]
      [GC Worker End (ms): Min: 84974.3, Avg: 84974.4, Max: 84974.5, Diff: 0.3]
   [Code Root Fixup: 0.0 ms]
   [Code Root Purge: 0.0 ms]
   [Clear CT: 0.9 ms]
   [Other: 3.0 ms]
      [Choose CSet: 0.0 ms]
      [Ref Proc: 0.5 ms]
      [Ref Enq: 0.0 ms]
      [Redirty Cards: 0.7 ms]
      [Humongous Register: 0.1 ms]
      [Humongous Reclaim: 0.0 ms]
      [Free CSet: 1.3 ms]
   [Eden: 4276.0M(4276.0M)->0.0B(4200.0M) Survivors: 432.0M->380.0M Heap: 6910.0M(8192.0M)->2761.3M(8192.0M)]
 [Times: user=1.78 sys=0.00, real=0.07 secs] 
2018-10-15T09:26:48.393+0200: 84.979: Total time for which application threads were stopped: 0.0644422 seconds, Stopping threads took: 0.0005872 seconds
2018-10-15T09:26:48.836+0200: 85.422: Application time: 0.4437550 seconds
2018-10-15T09:26:48.837+0200: 85.423: [GC pause (G1 Evacuation Pause) (young)
Desired survivor size 301989888 bytes, new threshold 4 (max 15)
- age   1:  100911616 bytes,  100911616 total
- age   2:   98932056 bytes,  199843672 total
- age   3:   82683944 bytes,  282527616 total
- age   4:   80085656 bytes,  362613272 total
, 0.0717242 secs]
   [Parallel Time: 68.0 ms, GC Workers: 30]
      [GC Worker Start (ms): Min: 85423.7, Avg: 85424.0, Max: 85424.4, Diff: 0.6]
      [Ext Root Scanning (ms): Min: 0.1, Avg: 0.5, Max: 1.8, Diff: 1.8, Sum: 15.5]
      [Update RS (ms): Min: 17.4, Avg: 18.6, Max: 19.0, Diff: 1.6, Sum: 557.3]
         [Processed Buffers: Min: 17, Avg: 21.5, Max: 28, Diff: 11, Sum: 644]
      [Scan RS (ms): Min: 2.0, Avg: 2.3, Max: 2.6, Diff: 0.6, Sum: 70.1]
      [Code Root Scanning (ms): Min: 0.0, Avg: 0.0, Max: 0.0, Diff: 0.0, Sum: 0.1]
      [Object Copy (ms): Min: 45.7, Avg: 45.9, Max: 46.0, Diff: 0.3, Sum: 1375.9]
      [Termination (ms): Min: 0.0, Avg: 0.0, Max: 0.0, Diff: 0.0, Sum: 0.3]
         [Termination Attempts: Min: 1, Avg: 1.4, Max: 3, Diff: 2, Sum: 41]
      [GC Worker Other (ms): Min: 0.0, Avg: 0.1, Max: 0.3, Diff: 0.3, Sum: 4.2]
      [GC Worker Total (ms): Min: 67.0, Avg: 67.4, Max: 67.8, Diff: 0.8, Sum: 2023.4]
      [GC Worker End (ms): Min: 85491.3, Avg: 85491.4, Max: 85491.5, Diff: 0.3]
   [Code Root Fixup: 0.0 ms]
   [Code Root Purge: 0.0 ms]
   [Clear CT: 0.8 ms]
   [Other: 2.9 ms]
      [Choose CSet: 0.0 ms]
      [Ref Proc: 0.5 ms]
      [Ref Enq: 0.0 ms]
      [Redirty Cards: 0.6 ms]
      [Humongous Register: 0.1 ms]
      [Humongous Reclaim: 0.0 ms]
      [Free CSet: 1.3 ms]
   [Eden: 4200.0M(4200.0M)->0.0B(4076.0M) Survivors: 380.0M->388.0M Heap: 6961.3M(8192.0M)->2878.0M(8192.0M)]
 [Times: user=2.05 sys=0.00, real=0.07 secs] 
2018-10-15T09:26:48.909+0200: 85.495: Total time for which application threads were stopped: 0.0729582 seconds, Stopping threads took: 0.0005595 seconds
2018-10-15T09:26:49.322+0200: 85.908: Application time: 0.4122897 seconds
2018-10-15T09:26:49.323+0200: 85.909: [GC pause (G1 Evacuation Pause) (young)
Desired survivor size 293601280 bytes, new threshold 4 (max 15)
- age   1:  106620464 bytes,  106620464 total
- age   2:   92452944 bytes,  199073408 total
- age   3:   93873408 bytes,  292946816 total
- age   4:   78011696 bytes,  370958512 total
, 0.0799816 secs]
   [Parallel Time: 76.3 ms, GC Workers: 30]
      [GC Worker Start (ms): Min: 85908.9, Avg: 85909.3, Max: 85910.0, Diff: 1.0]
      [Ext Root Scanning (ms): Min: 0.0, Avg: 0.4, Max: 1.9, Diff: 1.9, Sum: 13.2]
      [Update RS (ms): Min: 26.8, Avg: 27.9, Max: 28.3, Diff: 1.5, Sum: 836.1]
         [Processed Buffers: Min: 28, Avg: 32.8, Max: 41, Diff: 13, Sum: 985]
      [Scan RS (ms): Min: 0.0, Avg: 0.2, Max: 0.3, Diff: 0.3, Sum: 5.1]
      [Code Root Scanning (ms): Min: 0.0, Avg: 0.0, Max: 0.0, Diff: 0.0, Sum: 0.0]
      [Object Copy (ms): Min: 46.9, Avg: 47.1, Max: 47.2, Diff: 0.3, Sum: 1413.7]
      [Termination (ms): Min: 0.0, Avg: 0.0, Max: 0.0, Diff: 0.0, Sum: 0.5]
         [Termination Attempts: Min: 1, Avg: 2.1, Max: 4, Diff: 3, Sum: 64]
      [GC Worker Other (ms): Min: 0.0, Avg: 0.1, Max: 0.3, Diff: 0.3, Sum: 4.1]
      [GC Worker Total (ms): Min: 75.0, Avg: 75.8, Max: 76.2, Diff: 1.1, Sum: 2272.7]
      [GC Worker End (ms): Min: 85985.0, Avg: 85985.1, Max: 85985.2, Diff: 0.3]
   [Code Root Fixup: 0.0 ms]
   [Code Root Purge: 0.0 ms]
   [Clear CT: 0.9 ms]
   [Other: 2.7 ms]
      [Choose CSet: 0.0 ms]
      [Ref Proc: 0.4 ms]
      [Ref Enq: 0.0 ms]
      [Redirty Cards: 0.7 ms]
      [Humongous Register: 0.1 ms]
      [Humongous Reclaim: 0.0 ms]
      [Free CSet: 1.2 ms]
   [Eden: 4076.0M(4076.0M)->0.0B(3944.0M) Survivors: 388.0M->400.0M Heap: 6954.0M(8192.0M)->3000.0M(8192.0M)]
 [Times: user=2.30 sys=0.01, real=0.08 secs] 
2018-10-15T09:26:49.403+0200: 85.989: Total time for which application threads were stopped: 0.0812427 seconds, Stopping threads took: 0.0005455 seconds
2018-10-15T09:26:49.801+0200: 86.387: Application time: 0.3977703 seconds
2018-10-15T09:26:49.802+0200: 86.388: [GC pause (G1 Evacuation Pause) (young)
Desired survivor size 285212672 bytes, new threshold 3 (max 15)
- age   1:  107525408 bytes,  107525408 total
- age   2:   98987856 bytes,  206513264 total
- age   3:   91401208 bytes,  297914472 total
- age   4:   93776056 bytes,  391690528 total
, 0.0789727 secs]
   [Parallel Time: 74.2 ms, GC Workers: 30]
      [GC Worker Start (ms): Min: 86388.1, Avg: 86388.8, Max: 86389.7, Diff: 1.6]
      [Ext Root Scanning (ms): Min: 0.0, Avg: 0.3, Max: 1.8, Diff: 1.8, Sum: 9.8]
      [Update RS (ms): Min: 24.4, Avg: 25.1, Max: 25.9, Diff: 1.5, Sum: 752.0]
         [Processed Buffers: Min: 23, Avg: 28.7, Max: 37, Diff: 14, Sum: 862]
      [Scan RS (ms): Min: 0.0, Avg: 0.1, Max: 0.3, Diff: 0.3, Sum: 4.4]
      [Code Root Scanning (ms): Min: 0.0, Avg: 0.0, Max: 0.0, Diff: 0.0, Sum: 0.0]
      [Object Copy (ms): Min: 47.0, Avg: 47.5, Max: 47.6, Diff: 0.6, Sum: 1425.3]
      [Termination (ms): Min: 0.0, Avg: 0.0, Max: 0.0, Diff: 0.0, Sum: 0.2]
         [Termination Attempts: Min: 1, Avg: 1.1, Max: 2, Diff: 1, Sum: 33]
      [GC Worker Other (ms): Min: 0.0, Avg: 0.1, Max: 0.3, Diff: 0.2, Sum: 4.2]
      [GC Worker Total (ms): Min: 72.3, Avg: 73.2, Max: 74.0, Diff: 1.7, Sum: 2195.9]
      [GC Worker End (ms): Min: 86461.9, Avg: 86462.0, Max: 86462.2, Diff: 0.2]
   [Code Root Fixup: 0.0 ms]
   [Code Root Purge: 0.0 ms]
   [Clear CT: 0.9 ms]
   [Other: 3.9 ms]
      [Choose CSet: 0.0 ms]
      [Ref Proc: 0.4 ms]
      [Ref Enq: 0.0 ms]
      [Redirty Cards: 1.1 ms]
      [Humongous Register: 0.1 ms]
      [Humongous Reclaim: 0.1 ms]
      [Free CSet: 1.7 ms]
   [Eden: 3944.0M(3944.0M)->0.0B(3892.0M) Survivors: 400.0M->320.0M Heap: 6944.0M(8192.0M)->3130.0M(8192.0M)]
 [Times: user=2.24 sys=0.00, real=0.08 secs] 
2018-10-15T09:26:49.881+0200: 86.467: Total time for which application threads were stopped: 0.0803653 seconds, Stopping threads took: 0.0005900 seconds
2018-10-15T09:26:50.300+0200: 86.887: Application time: 0.4194897 seconds
2018-10-15T09:26:50.302+0200: 86.888: [GC pause (G1 Evacuation Pause) (young)
Desired survivor size 276824064 bytes, new threshold 3 (max 15)
- age   1:  103154024 bytes,  103154024 total
- age   2:   98106360 bytes,  201260384 total
- age   3:   98220664 bytes,  299481048 total
, 0.0686307 secs]
   [Parallel Time: 64.6 ms, GC Workers: 30]
      [GC Worker Start (ms): Min: 86887.9, Avg: 86888.5, Max: 86889.2, Diff: 1.3]
      [Ext Root Scanning (ms): Min: 0.0, Avg: 0.3, Max: 1.8, Diff: 1.8, Sum: 10.4]
      [Update RS (ms): Min: 15.8, Avg: 16.8, Max: 17.4, Diff: 1.6, Sum: 504.7]
         [Processed Buffers: Min: 16, Avg: 19.5, Max: 28, Diff: 12, Sum: 585]
      [Scan RS (ms): Min: 2.1, Avg: 2.6, Max: 3.0, Diff: 0.8, Sum: 79.1]
      [Code Root Scanning (ms): Min: 0.0, Avg: 0.0, Max: 0.0, Diff: 0.0, Sum: 0.1]
      [Object Copy (ms): Min: 43.4, Avg: 43.7, Max: 43.8, Diff: 0.4, Sum: 1309.8]
      [Termination (ms): Min: 0.0, Avg: 0.1, Max: 0.2, Diff: 0.2, Sum: 2.9]
         [Termination Attempts: Min: 1, Avg: 5.0, Max: 11, Diff: 10, Sum: 151]
      [GC Worker Other (ms): Min: 0.0, Avg: 0.1, Max: 0.3, Diff: 0.2, Sum: 3.6]
      [GC Worker Total (ms): Min: 63.0, Avg: 63.7, Max: 64.3, Diff: 1.3, Sum: 1910.5]
      [GC Worker End (ms): Min: 86952.1, Avg: 86952.2, Max: 86952.3, Diff: 0.2]
   [Code Root Fixup: 0.0 ms]
   [Code Root Purge: 0.0 ms]
   [Clear CT: 0.9 ms]
   [Other: 3.1 ms]
      [Choose CSet: 0.0 ms]
      [Ref Proc: 0.5 ms]
      [Ref Enq: 0.0 ms]
      [Redirty Cards: 0.8 ms]
      [Humongous Register: 0.1 ms]
      [Humongous Reclaim: 0.1 ms]
      [Free CSet: 1.2 ms]
   [Eden: 3892.0M(3892.0M)->0.0B(3756.0M) Survivors: 320.0M->324.0M Heap: 7022.0M(8192.0M)->3262.0M(8192.0M)]
 [Times: user=1.95 sys=0.00, real=0.07 secs] 
2018-10-15T09:26:50.370+0200: 86.956: Total time for which application threads were stopped: 0.0698789 seconds, Stopping threads took: 0.0005565 seconds
2018-10-15T09:26:50.760+0200: 87.346: Application time: 0.3897838 seconds
2018-10-15T09:26:50.764+0200: 87.350: [GC pause (G1 Evacuation Pause) (young)
Desired survivor size 268435456 bytes, new threshold 3 (max 15)
- age   1:  109177584 bytes,  109177584 total
- age   2:   95942824 bytes,  205120408 total
- age   3:   97359096 bytes,  302479504 total
, 0.0666391 secs]
   [Parallel Time: 63.2 ms, GC Workers: 30]
      [GC Worker Start (ms): Min: 87350.8, Avg: 87351.5, Max: 87352.3, Diff: 1.5]
      [Ext Root Scanning (ms): Min: 0.0, Avg: 0.3, Max: 1.7, Diff: 1.7, Sum: 9.3]
      [Update RS (ms): Min: 17.7, Avg: 18.5, Max: 19.3, Diff: 1.6, Sum: 556.2]
         [Processed Buffers: Min: 16, Avg: 21.1, Max: 29, Diff: 13, Sum: 633]
      [Scan RS (ms): Min: 0.9, Avg: 1.4, Max: 1.7, Diff: 0.8, Sum: 42.9]
      [Code Root Scanning (ms): Min: 0.0, Avg: 0.0, Max: 0.0, Diff: 0.0, Sum: 0.0]
      [Object Copy (ms): Min: 41.8, Avg: 41.8, Max: 41.9, Diff: 0.1, Sum: 1255.0]
      [Termination (ms): Min: 0.0, Avg: 0.0, Max: 0.0, Diff: 0.0, Sum: 0.3]
         [Termination Attempts: Min: 1, Avg: 1.7, Max: 3, Diff: 2, Sum: 50]
      [GC Worker Other (ms): Min: 0.0, Avg: 0.1, Max: 0.3, Diff: 0.2, Sum: 4.0]
      [GC Worker Total (ms): Min: 61.4, Avg: 62.3, Max: 63.0, Diff: 1.6, Sum: 1867.8]
      [GC Worker End (ms): Min: 87413.7, Avg: 87413.8, Max: 87413.9, Diff: 0.2]
   [Code Root Fixup: 0.0 ms]
   [Code Root Purge: 0.0 ms]
   [Clear CT: 0.7 ms]
   [Other: 2.7 ms]
      [Choose CSet: 0.0 ms]
      [Ref Proc: 0.3 ms]
      [Ref Enq: 0.0 ms]
      [Redirty Cards: 0.8 ms]
      [Humongous Register: 0.1 ms]
      [Humongous Reclaim: 0.0 ms]
      [Free CSet: 1.1 ms]
   [Eden: 3756.0M(3756.0M)->0.0B(3636.0M) Survivors: 324.0M->324.0M Heap: 7018.0M(8192.0M)->3382.0M(8192.0M)]
 [Times: user=1.89 sys=0.00, real=0.06 secs] 
2018-10-15T09:26:50.831+0200: 87.417: Total time for which application threads were stopped: 0.0711121 seconds, Stopping threads took: 0.0037916 seconds
2018-10-15T09:26:51.207+0200: 87.793: Application time: 0.3754569 seconds
2018-10-15T09:26:51.208+0200: 87.794: [GC pause (G1 Evacuation Pause) (young)
Desired survivor size 260046848 bytes, new threshold 3 (max 15)
- age   1:  103670848 bytes,  103670848 total
- age   2:  103788040 bytes,  207458888 total
- age   3:   95355528 bytes,  302814416 total
, 0.0762501 secs]
   [Parallel Time: 72.4 ms, GC Workers: 30]
      [GC Worker Start (ms): Min: 87794.2, Avg: 87795.0, Max: 87795.8, Diff: 1.6]
      [Ext Root Scanning (ms): Min: 0.0, Avg: 0.3, Max: 1.8, Diff: 1.8, Sum: 9.7]
      [Update RS (ms): Min: 20.0, Avg: 20.6, Max: 21.1, Diff: 1.2, Sum: 619.1]
         [Processed Buffers: Min: 19, Avg: 23.2, Max: 30, Diff: 11, Sum: 695]
      [Scan RS (ms): Min: 1.5, Avg: 1.8, Max: 2.0, Diff: 0.5, Sum: 54.0]
      [Code Root Scanning (ms): Min: 0.0, Avg: 0.0, Max: 0.0, Diff: 0.0, Sum: 0.0]
      [Object Copy (ms): Min: 48.2, Avg: 48.3, Max: 48.5, Diff: 0.2, Sum: 1448.4]
      [Termination (ms): Min: 0.0, Avg: 0.2, Max: 0.2, Diff: 0.2, Sum: 5.6]
         [Termination Attempts: Min: 1, Avg: 106.5, Max: 126, Diff: 125, Sum: 3195]
      [GC Worker Other (ms): Min: 0.0, Avg: 0.1, Max: 0.2, Diff: 0.2, Sum: 3.7]
      [GC Worker Total (ms): Min: 70.6, Avg: 71.4, Max: 72.2, Diff: 1.7, Sum: 2140.6]
      [GC Worker End (ms): Min: 87866.2, Avg: 87866.3, Max: 87866.4, Diff: 0.2]
   [Code Root Fixup: 0.0 ms]
   [Code Root Purge: 0.0 ms]
   [Clear CT: 0.8 ms]
   [Other: 3.0 ms]
      [Choose CSet: 0.0 ms]
      [Ref Proc: 0.5 ms]
      [Ref Enq: 0.0 ms]
      [Redirty Cards: 0.8 ms]
      [Humongous Register: 0.1 ms]
      [Humongous Reclaim: 0.0 ms]
      [Free CSet: 1.2 ms]
   [Eden: 3636.0M(3636.0M)->0.0B(3516.0M) Survivors: 324.0M->324.0M Heap: 7018.0M(8192.0M)->3500.0M(8192.0M)]
 [Times: user=2.17 sys=0.00, real=0.08 secs] 
2018-10-15T09:26:51.284+0200: 87.870: Total time for which application threads were stopped: 0.0775539 seconds, Stopping threads took: 0.0005828 seconds
2018-10-15T09:26:51.648+0200: 88.234: Application time: 0.3638913 seconds
2018-10-15T09:26:51.649+0200: 88.235: [GC pause (G1 Evacuation Pause) (young)
Desired survivor size 251658240 bytes, new threshold 3 (max 15)
- age   1:   98602488 bytes,   98602488 total
- age   2:   98331304 bytes,  196933792 total
- age   3:  102419728 bytes,  299353520 total
, 0.0713840 secs]
   [Parallel Time: 67.6 ms, GC Workers: 30]
      [GC Worker Start (ms): Min: 88235.7, Avg: 88236.4, Max: 88237.1, Diff: 1.4]
      [Ext Root Scanning (ms): Min: 0.0, Avg: 0.3, Max: 1.9, Diff: 1.9, Sum: 9.5]
      [Update RS (ms): Min: 18.1, Avg: 18.8, Max: 19.5, Diff: 1.3, Sum: 564.7]
         [Processed Buffers: Min: 17, Avg: 21.0, Max: 28, Diff: 11, Sum: 630]
      [Scan RS (ms): Min: 1.5, Avg: 1.9, Max: 2.1, Diff: 0.7, Sum: 56.9]
      [Code Root Scanning (ms): Min: 0.0, Avg: 0.0, Max: 0.0, Diff: 0.0, Sum: 0.0]
      [Object Copy (ms): Min: 45.1, Avg: 45.2, Max: 45.3, Diff: 0.2, Sum: 1355.7]
      [Termination (ms): Min: 0.0, Avg: 0.1, Max: 0.2, Diff: 0.2, Sum: 4.3]
         [Termination Attempts: Min: 1, Avg: 72.2, Max: 85, Diff: 84, Sum: 2166]
      [GC Worker Other (ms): Min: 0.0, Avg: 0.1, Max: 0.2, Diff: 0.2, Sum: 3.6]
      [GC Worker Total (ms): Min: 65.7, Avg: 66.5, Max: 67.3, Diff: 1.6, Sum: 1994.7]
      [GC Worker End (ms): Min: 88302.8, Avg: 88302.9, Max: 88303.0, Diff: 0.2]
   [Code Root Fixup: 0.0 ms]
   [Code Root Purge: 0.0 ms]
   [Clear CT: 0.8 ms]
   [Other: 3.0 ms]
      [Choose CSet: 0.0 ms]
      [Ref Proc: 0.5 ms]
      [Ref Enq: 0.0 ms]
      [Redirty Cards: 0.8 ms]
      [Humongous Register: 0.1 ms]
      [Humongous Reclaim: 0.0 ms]
      [Free CSet: 1.1 ms]
   [Eden: 3516.0M(3516.0M)->0.0B(3412.0M) Survivors: 324.0M->312.0M Heap: 7016.0M(8192.0M)->3618.0M(8192.0M)]
 [Times: user=2.02 sys=0.01, real=0.07 secs] 
2018-10-15T09:26:51.721+0200: 88.307: Total time for which application threads were stopped: 0.0726218 seconds, Stopping threads took: 0.0005576 seconds
2018-10-15T09:26:52.074+0200: 88.660: Application time: 0.3529373 seconds
2018-10-15T09:26:52.075+0200: 88.661: [GC pause (G1 Evacuation Pause) (young)
Desired survivor size 245366784 bytes, new threshold 3 (max 15)
- age   1:   99715808 bytes,   99715808 total
- age   2:   94880760 bytes,  194596568 total
- age   3:   95326592 bytes,  289923160 total
, 0.0703530 secs]
   [Parallel Time: 66.8 ms, GC Workers: 30]
      [GC Worker Start (ms): Min: 88661.2, Avg: 88662.0, Max: 88662.7, Diff: 1.5]
      [Ext Root Scanning (ms): Min: 0.0, Avg: 0.4, Max: 1.8, Diff: 1.8, Sum: 11.3]
      [Update RS (ms): Min: 19.3, Avg: 20.0, Max: 20.4, Diff: 1.1, Sum: 599.9]
         [Processed Buffers: Min: 19, Avg: 23.0, Max: 32, Diff: 13, Sum: 691]
      [Scan RS (ms): Min: 1.6, Avg: 1.9, Max: 2.1, Diff: 0.5, Sum: 56.7]
      [Code Root Scanning (ms): Min: 0.0, Avg: 0.0, Max: 0.0, Diff: 0.0, Sum: 0.0]
      [Object Copy (ms): Min: 43.1, Avg: 43.2, Max: 43.4, Diff: 0.3, Sum: 1296.6]
      [Termination (ms): Min: 0.0, Avg: 0.2, Max: 0.2, Diff: 0.2, Sum: 5.7]
         [Termination Attempts: Min: 1, Avg: 76.0, Max: 89, Diff: 88, Sum: 2279]
      [GC Worker Other (ms): Min: 0.0, Avg: 0.1, Max: 0.3, Diff: 0.2, Sum: 4.1]
      [GC Worker Total (ms): Min: 65.1, Avg: 65.8, Max: 66.5, Diff: 1.4, Sum: 1974.2]
      [GC Worker End (ms): Min: 88727.7, Avg: 88727.8, Max: 88727.9, Diff: 0.2]
   [Code Root Fixup: 0.0 ms]
   [Code Root Purge: 0.0 ms]
   [Clear CT: 0.8 ms]
   [Other: 2.7 ms]
      [Choose CSet: 0.0 ms]
      [Ref Proc: 0.4 ms]
      [Ref Enq: 0.0 ms]
      [Redirty Cards: 0.7 ms]
      [Humongous Register: 0.1 ms]
      [Humongous Reclaim: 0.1 ms]
      [Free CSet: 1.0 ms]
   [Eden: 3412.0M(3412.0M)->0.0B(3324.0M) Survivors: 312.0M->296.0M Heap: 7030.0M(8192.0M)->3720.0M(8192.0M)]
 [Times: user=2.00 sys=0.00, real=0.07 secs] 
2018-10-15T09:26:52.145+0200: 88.731: Total time for which application threads were stopped: 0.0716366 seconds, Stopping threads took: 0.0005641 seconds
2018-10-15T09:26:52.495+0200: 89.081: Application time: 0.3492133 seconds
2018-10-15T09:26:52.497+0200: 89.083: [GC pause (G1 Evacuation Pause) (young)
Desired survivor size 239075328 bytes, new threshold 3 (max 15)
- age   1:   86124248 bytes,   86124248 total
- age   2:   94556424 bytes,  180680672 total
- age   3:   94223720 bytes,  274904392 total
, 0.0684662 secs]
   [Parallel Time: 64.8 ms, GC Workers: 30]
      [GC Worker Start (ms): Min: 89082.9, Avg: 89083.8, Max: 89084.5, Diff: 1.6]
      [Ext Root Scanning (ms): Min: 0.0, Avg: 0.3, Max: 1.8, Diff: 1.8, Sum: 9.4]
      [Update RS (ms): Min: 21.2, Avg: 22.0, Max: 22.5, Diff: 1.2, Sum: 658.8]
         [Processed Buffers: Min: 21, Avg: 25.2, Max: 30, Diff: 9, Sum: 755]
      [Scan RS (ms): Min: 1.8, Avg: 2.2, Max: 2.3, Diff: 0.5, Sum: 65.2]
      [Code Root Scanning (ms): Min: 0.0, Avg: 0.0, Max: 0.0, Diff: 0.0, Sum: 0.0]
      [Object Copy (ms): Min: 38.9, Avg: 39.0, Max: 39.1, Diff: 0.2, Sum: 1170.0]
      [Termination (ms): Min: 0.1, Avg: 0.2, Max: 0.3, Diff: 0.2, Sum: 7.3]
         [Termination Attempts: Min: 5, Avg: 81.9, Max: 96, Diff: 91, Sum: 2458]
      [GC Worker Other (ms): Min: 0.0, Avg: 0.1, Max: 0.2, Diff: 0.2, Sum: 2.0]
      [GC Worker Total (ms): Min: 62.9, Avg: 63.8, Max: 64.6, Diff: 1.7, Sum: 1912.7]
      [GC Worker End (ms): Min: 89147.4, Avg: 89147.5, Max: 89147.6, Diff: 0.2]
   [Code Root Fixup: 0.0 ms]
   [Code Root Purge: 0.0 ms]
   [Clear CT: 0.8 ms]
   [Other: 2.8 ms]
      [Choose CSet: 0.0 ms]
      [Ref Proc: 0.5 ms]
      [Ref Enq: 0.0 ms]
      [Redirty Cards: 0.7 ms]
      [Humongous Register: 0.1 ms]
      [Humongous Reclaim: 0.1 ms]
      [Free CSet: 1.0 ms]
   [Eden: 3324.0M(3324.0M)->0.0B(3240.0M) Survivors: 296.0M->280.0M Heap: 7044.0M(8192.0M)->3824.0M(8192.0M)]
 [Times: user=1.95 sys=0.00, real=0.07 secs] 
2018-10-15T09:26:52.565+0200: 89.151: Total time for which application threads were stopped: 0.0706156 seconds, Stopping threads took: 0.0014645 seconds
2018-10-15T09:26:52.905+0200: 89.491: Application time: 0.3401433 seconds
2018-10-15T09:26:52.906+0200: 89.492: [GC pause (G1 Evacuation Pause) (young)
Desired survivor size 230686720 bytes, new threshold 3 (max 15)
- age   1:   84451456 bytes,   84451456 total
- age   2:   81153168 bytes,  165604624 total
- age   3:   93553360 bytes,  259157984 total
, 0.0640801 secs]
   [Parallel Time: 60.5 ms, GC Workers: 30]
      [GC Worker Start (ms): Min: 89492.8, Avg: 89493.5, Max: 89494.2, Diff: 1.4]
      [Ext Root Scanning (ms): Min: 0.0, Avg: 0.3, Max: 1.8, Diff: 1.8, Sum: 10.4]
      [Update RS (ms): Min: 19.6, Avg: 20.5, Max: 20.9, Diff: 1.3, Sum: 614.1]
         [Processed Buffers: Min: 17, Avg: 22.8, Max: 29, Diff: 12, Sum: 685]
      [Scan RS (ms): Min: 1.9, Avg: 2.2, Max: 2.4, Diff: 0.5, Sum: 66.7]
      [Code Root Scanning (ms): Min: 0.0, Avg: 0.0, Max: 0.0, Diff: 0.0, Sum: 0.0]
      [Object Copy (ms): Min: 36.2, Avg: 36.3, Max: 36.4, Diff: 0.3, Sum: 1088.3]
      [Termination (ms): Min: 0.0, Avg: 0.1, Max: 0.1, Diff: 0.1, Sum: 2.7]
         [Termination Attempts: Min: 1, Avg: 3.8, Max: 10, Diff: 9, Sum: 113]
      [GC Worker Other (ms): Min: 0.0, Avg: 0.1, Max: 0.2, Diff: 0.2, Sum: 2.5]
      [GC Worker Total (ms): Min: 58.7, Avg: 59.5, Max: 60.3, Diff: 1.5, Sum: 1784.9]
      [GC Worker End (ms): Min: 89552.9, Avg: 89553.0, Max: 89553.1, Diff: 0.2]
   [Code Root Fixup: 0.0 ms]
   [Code Root Purge: 0.0 ms]
   [Clear CT: 0.8 ms]
   [Other: 2.8 ms]
      [Choose CSet: 0.0 ms]
      [Ref Proc: 0.5 ms]
      [Ref Enq: 0.0 ms]
      [Redirty Cards: 0.7 ms]
      [Humongous Register: 0.1 ms]
      [Humongous Reclaim: 0.1 ms]
      [Free CSet: 1.0 ms]
   [Eden: 3240.0M(3240.0M)->0.0B(3148.0M) Survivors: 280.0M->264.0M Heap: 7064.0M(8192.0M)->3928.0M(8192.0M)]
 [Times: user=1.80 sys=0.02, real=0.06 secs] 
2018-10-15T09:26:52.971+0200: 89.557: Total time for which application threads were stopped: 0.0653257 seconds, Stopping threads took: 0.0005491 seconds
2018-10-15T09:26:53.302+0200: 89.888: Application time: 0.3312510 seconds
2018-10-15T09:26:53.303+0200: 89.889: [GC pause (G1 Evacuation Pause) (young) (initial-mark)
Desired survivor size 224395264 bytes, new threshold 3 (max 15)
- age   1:   80651856 bytes,   80651856 total
- age   2:   77684776 bytes,  158336632 total
- age   3:   80222272 bytes,  238558904 total
, 0.0611943 secs]
   [Parallel Time: 57.6 ms, GC Workers: 30]
      [GC Worker Start (ms): Min: 89889.6, Avg: 89890.4, Max: 89891.0, Diff: 1.4]
      [Ext Root Scanning (ms): Min: 1.4, Avg: 2.2, Max: 3.0, Diff: 1.6, Sum: 66.6]
      [Update RS (ms): Min: 17.5, Avg: 18.1, Max: 19.0, Diff: 1.5, Sum: 542.5]
         [Processed Buffers: Min: 15, Avg: 20.6, Max: 30, Diff: 15, Sum: 617]
      [Scan RS (ms): Min: 1.4, Avg: 1.7, Max: 1.9, Diff: 0.4, Sum: 51.0]
      [Code Root Scanning (ms): Min: 0.0, Avg: 0.0, Max: 0.0, Diff: 0.0, Sum: 0.0]
      [Object Copy (ms): Min: 34.2, Avg: 34.3, Max: 34.4, Diff: 0.2, Sum: 1029.2]
      [Termination (ms): Min: 0.0, Avg: 0.0, Max: 0.0, Diff: 0.0, Sum: 0.5]
         [Termination Attempts: Min: 1, Avg: 6.0, Max: 9, Diff: 8, Sum: 179]
      [GC Worker Other (ms): Min: 0.0, Avg: 0.1, Max: 0.2, Diff: 0.2, Sum: 3.3]
      [GC Worker Total (ms): Min: 55.7, Avg: 56.4, Max: 57.3, Diff: 1.6, Sum: 1693.2]
      [GC Worker End (ms): Min: 89946.7, Avg: 89946.8, Max: 89946.9, Diff: 0.2]
   [Code Root Fixup: 0.0 ms]
   [Code Root Purge: 0.0 ms]
   [Clear CT: 0.8 ms]
   [Other: 2.7 ms]
      [Choose CSet: 0.0 ms]
      [Ref Proc: 0.4 ms]
      [Ref Enq: 0.0 ms]
      [Redirty Cards: 0.8 ms]
      [Humongous Register: 0.1 ms]
      [Humongous Reclaim: 0.1 ms]
      [Free CSet: 0.9 ms]
   [Eden: 3148.0M(3148.0M)->0.0B(3056.0M) Survivors: 264.0M->256.0M Heap: 7076.0M(8192.0M)->4026.5M(8192.0M)]
 [Times: user=1.66 sys=0.01, real=0.07 secs] 
2018-10-15T09:26:53.364+0200: 89.950: [GC concurrent-root-region-scan-start]
2018-10-15T09:26:53.364+0200: 89.950: Total time for which application threads were stopped: 0.0624168 seconds, Stopping threads took: 0.0005518 seconds
2018-10-15T09:26:53.444+0200: 90.030: [GC concurrent-root-region-scan-end, 0.0792107 secs]
2018-10-15T09:26:53.444+0200: 90.030: [GC concurrent-mark-start]
2018-10-15T09:26:53.803+0200: 90.389: Application time: 0.4382566 seconds
2018-10-15T09:26:53.803+0200: 90.389: [GC pause (G1 Evacuation Pause) (young)
Desired survivor size 218103808 bytes, new threshold 3 (max 15)
- age   1:   80997384 bytes,   80997384 total
- age   2:   74394280 bytes,  155391664 total
- age   3:   77210688 bytes,  232602352 total
, 0.0649422 secs]
   [Parallel Time: 61.8 ms, GC Workers: 30]
      [GC Worker Start (ms): Min: 90389.8, Avg: 90390.5, Max: 90391.2, Diff: 1.4]
      [Ext Root Scanning (ms): Min: 0.0, Avg: 0.3, Max: 1.8, Diff: 1.8, Sum: 9.4]
      [Update RS (ms): Min: 19.0, Avg: 19.9, Max: 20.5, Diff: 1.5, Sum: 597.3]
         [Processed Buffers: Min: 19, Avg: 22.5, Max: 28, Diff: 9, Sum: 676]
      [Scan RS (ms): Min: 1.1, Avg: 1.4, Max: 1.7, Diff: 0.6, Sum: 43.0]
      [Code Root Scanning (ms): Min: 0.0, Avg: 0.0, Max: 0.0, Diff: 0.0, Sum: 0.0]
      [Object Copy (ms): Min: 38.7, Avg: 38.8, Max: 39.0, Diff: 0.3, Sum: 1165.2]
      [Termination (ms): Min: 0.0, Avg: 0.2, Max: 0.2, Diff: 0.2, Sum: 5.8]
         [Termination Attempts: Min: 1, Avg: 109.0, Max: 124, Diff: 123, Sum: 3270]
      [GC Worker Other (ms): Min: 0.0, Avg: 0.1, Max: 0.2, Diff: 0.2, Sum: 3.8]
      [GC Worker Total (ms): Min: 60.1, Avg: 60.8, Max: 61.6, Diff: 1.5, Sum: 1824.7]
      [GC Worker End (ms): Min: 90451.2, Avg: 90451.3, Max: 90451.4, Diff: 0.2]
   [Code Root Fixup: 0.0 ms]
   [Code Root Purge: 0.0 ms]
   [Clear CT: 0.8 ms]
   [Other: 2.4 ms]
      [Choose CSet: 0.0 ms]
      [Ref Proc: 0.3 ms]
      [Ref Enq: 0.0 ms]
      [Redirty Cards: 0.6 ms]
      [Humongous Register: 0.1 ms]
      [Humongous Reclaim: 0.1 ms]
      [Free CSet: 0.9 ms]
   [Eden: 3056.0M(3056.0M)->0.0B(2940.0M) Survivors: 256.0M->260.0M Heap: 7082.5M(8192.0M)->4141.0M(8192.0M)]
 [Times: user=1.84 sys=0.00, real=0.07 secs] 
2018-10-15T09:26:53.869+0200: 90.455: Total time for which application threads were stopped: 0.0660459 seconds, Stopping threads took: 0.0003920 seconds
2018-10-15T09:26:53.911+0200: 90.498: [GC concurrent-mark-end, 0.4679383 secs]
2018-10-15T09:26:53.912+0200: 90.498: Application time: 0.0428894 seconds
2018-10-15T09:26:53.912+0200: 90.498: [GC remark 2018-10-15T09:26:53.912+0200: 90.498: [Finalize Marking, 0.0005707 secs] 2018-10-15T09:26:53.913+0200: 90.499: [GC ref-proc, 0.0011384 secs] 2018-10-15T09:26:53.914+0200: 90.500: [Unloading, 0.0106676 secs], 0.0135751 secs]
 [Times: user=0.30 sys=0.00, real=0.01 secs] 
2018-10-15T09:26:53.926+0200: 90.512: Total time for which application threads were stopped: 0.0145084 seconds, Stopping threads took: 0.0004682 seconds
2018-10-15T09:26:53.926+0200: 90.512: Application time: 0.0000538 seconds
2018-10-15T09:26:53.927+0200: 90.513: [GC cleanup 4458M->3262M(8192M), 0.0077536 secs]
 [Times: user=0.18 sys=0.00, real=0.01 secs] 
2018-10-15T09:26:53.934+0200: 90.520: Total time for which application threads were stopped: 0.0082450 seconds, Stopping threads took: 0.0000529 seconds
2018-10-15T09:26:53.934+0200: 90.520: [GC concurrent-cleanup-start]
2018-10-15T09:26:53.935+0200: 90.521: [GC concurrent-cleanup-end, 0.0010489 secs]
2018-10-15T09:26:54.205+0200: 90.791: Application time: 0.2710231 seconds
2018-10-15T09:26:54.206+0200: 90.792: [GC pause (G1 Evacuation Pause) (young)
Desired survivor size 209715200 bytes, new threshold 3 (max 15)
- age   1:   83695072 bytes,   83695072 total
- age   2:   78427552 bytes,  162122624 total
- age   3:   74088920 bytes,  236211544 total
, 0.0683253 secs]
   [Parallel Time: 65.2 ms, GC Workers: 30]
      [GC Worker Start (ms): Min: 90792.8, Avg: 90793.1, Max: 90793.6, Diff: 0.8]
      [Ext Root Scanning (ms): Min: 0.0, Avg: 0.4, Max: 1.7, Diff: 1.7, Sum: 12.9]
      [Update RS (ms): Min: 28.1, Avg: 28.9, Max: 29.4, Diff: 1.3, Sum: 866.2]
         [Processed Buffers: Min: 27, Avg: 33.4, Max: 41, Diff: 14, Sum: 1003]
      [Scan RS (ms): Min: 0.0, Avg: 0.1, Max: 0.2, Diff: 0.2, Sum: 3.9]
      [Code Root Scanning (ms): Min: 0.0, Avg: 0.0, Max: 0.0, Diff: 0.0, Sum: 0.0]
      [Object Copy (ms): Min: 34.7, Avg: 35.1, Max: 35.2, Diff: 0.5, Sum: 1052.4]
      [Termination (ms): Min: 0.0, Avg: 0.1, Max: 0.1, Diff: 0.1, Sum: 2.0]
         [Termination Attempts: Min: 1, Avg: 38.0, Max: 48, Diff: 47, Sum: 1141]
      [GC Worker Other (ms): Min: 0.0, Avg: 0.1, Max: 0.2, Diff: 0.2, Sum: 3.4]
      [GC Worker Total (ms): Min: 64.1, Avg: 64.7, Max: 65.0, Diff: 0.9, Sum: 1940.8]
      [GC Worker End (ms): Min: 90857.7, Avg: 90857.7, Max: 90857.9, Diff: 0.2]
   [Code Root Fixup: 0.0 ms]
   [Code Root Purge: 0.0 ms]
   [Clear CT: 0.7 ms]
   [Other: 2.4 ms]
      [Choose CSet: 0.0 ms]
      [Ref Proc: 0.5 ms]
      [Ref Enq: 0.0 ms]
      [Redirty Cards: 0.6 ms]
      [Humongous Register: 0.1 ms]
      [Humongous Reclaim: 0.0 ms]
      [Free CSet: 0.8 ms]
   [Eden: 2940.0M(2940.0M)->0.0B(152.0M) Survivors: 260.0M->256.0M Heap: 5885.0M(8192.0M)->3046.0M(8192.0M)]
 [Times: user=1.96 sys=0.00, real=0.07 secs] 
2018-10-15T09:26:54.275+0200: 90.861: Total time for which application threads were stopped: 0.0696002 seconds, Stopping threads took: 0.0005677 seconds
2018-10-15T09:26:54.290+0200: 90.876: Application time: 0.0151170 seconds
2018-10-15T09:26:54.291+0200: 90.877: [GC pause (G1 Evacuation Pause) (mixed)
Desired survivor size 27262976 bytes, new threshold 1 (max 15)
- age   1:   85117648 bytes,   85117648 total
- age   2:   78463880 bytes,  163581528 total
- age   3:   76669544 bytes,  240251072 total
, 0.0556280 secs]
   [Parallel Time: 51.9 ms, GC Workers: 30]
      [GC Worker Start (ms): Min: 90877.3, Avg: 90877.8, Max: 90878.4, Diff: 1.0]
      [Ext Root Scanning (ms): Min: 0.0, Avg: 0.3, Max: 1.5, Diff: 1.5, Sum: 9.8]
      [Update RS (ms): Min: 22.4, Avg: 23.2, Max: 23.7, Diff: 1.3, Sum: 696.3]
         [Processed Buffers: Min: 25, Avg: 31.9, Max: 40, Diff: 15, Sum: 956]
      [Scan RS (ms): Min: 1.2, Avg: 1.6, Max: 1.8, Diff: 0.6, Sum: 48.2]
      [Code Root Scanning (ms): Min: 0.0, Avg: 0.0, Max: 0.2, Diff: 0.2, Sum: 0.4]
      [Object Copy (ms): Min: 25.9, Avg: 26.0, Max: 26.1, Diff: 0.2, Sum: 780.2]
      [Termination (ms): Min: 0.0, Avg: 0.0, Max: 0.1, Diff: 0.1, Sum: 1.4]
         [Termination Attempts: Min: 1, Avg: 22.1, Max: 28, Diff: 27, Sum: 662]
      [GC Worker Other (ms): Min: 0.0, Avg: 0.1, Max: 0.1, Diff: 0.1, Sum: 1.7]
      [GC Worker Total (ms): Min: 50.7, Avg: 51.3, Max: 51.8, Diff: 1.1, Sum: 1537.9]
      [GC Worker End (ms): Min: 90929.0, Avg: 90929.1, Max: 90929.1, Diff: 0.1]
   [Code Root Fixup: 0.0 ms]
   [Code Root Purge: 0.0 ms]
   [Clear CT: 0.6 ms]
   [Other: 3.1 ms]
      [Choose CSet: 0.2 ms]
      [Ref Proc: 0.4 ms]
      [Ref Enq: 0.0 ms]
      [Redirty Cards: 1.0 ms]
      [Humongous Register: 0.1 ms]
      [Humongous Reclaim: 0.0 ms]
      [Free CSet: 1.0 ms]
   [Eden: 152.0M(152.0M)->0.0B(356.0M) Survivors: 256.0M->52.0M Heap: 3198.0M(8192.0M)->2286.0M(8192.0M)]
 [Times: user=1.58 sys=0.00, real=0.06 secs] 
2018-10-15T09:26:54.347+0200: 90.933: Total time for which application threads were stopped: 0.0566544 seconds, Stopping threads took: 0.0004201 seconds
2018-10-15T09:26:54.401+0200: 90.987: Application time: 0.0538665 seconds
2018-10-15T09:26:54.401+0200: 90.987: [GC pause (G1 Evacuation Pause) (mixed)
Desired survivor size 27262976 bytes, new threshold 15 (max 15)
- age   1:    4723392 bytes,    4723392 total
, 0.0303985 secs]
   [Parallel Time: 27.0 ms, GC Workers: 30]
      [GC Worker Start (ms): Min: 90988.0, Avg: 90988.6, Max: 90989.3, Diff: 1.3]
      [Ext Root Scanning (ms): Min: 0.0, Avg: 0.3, Max: 1.8, Diff: 1.8, Sum: 9.4]
      [Update RS (ms): Min: 19.0, Avg: 19.9, Max: 20.7, Diff: 1.7, Sum: 598.0]
         [Processed Buffers: Min: 21, Avg: 25.5, Max: 32, Diff: 11, Sum: 766]
      [Scan RS (ms): Min: 0.7, Avg: 1.3, Max: 1.5, Diff: 0.8, Sum: 39.2]
      [Code Root Scanning (ms): Min: 0.0, Avg: 0.0, Max: 0.2, Diff: 0.2, Sum: 0.3]
      [Object Copy (ms): Min: 4.4, Avg: 4.5, Max: 4.6, Diff: 0.2, Sum: 133.7]
      [Termination (ms): Min: 0.0, Avg: 0.2, Max: 0.2, Diff: 0.2, Sum: 5.7]
         [Termination Attempts: Min: 1, Avg: 70.1, Max: 84, Diff: 83, Sum: 2104]
      [GC Worker Other (ms): Min: 0.0, Avg: 0.1, Max: 0.1, Diff: 0.1, Sum: 1.8]
      [GC Worker Total (ms): Min: 25.5, Avg: 26.3, Max: 26.9, Diff: 1.3, Sum: 788.2]
      [GC Worker End (ms): Min: 91014.8, Avg: 91014.8, Max: 91014.9, Diff: 0.1]
   [Code Root Fixup: 0.0 ms]
   [Code Root Purge: 0.0 ms]
   [Clear CT: 0.6 ms]
   [Other: 2.8 ms]
      [Choose CSet: 0.2 ms]
      [Ref Proc: 0.5 ms]
      [Ref Enq: 0.0 ms]
      [Redirty Cards: 0.4 ms]
      [Humongous Register: 0.1 ms]
      [Humongous Reclaim: 0.0 ms]
      [Free CSet: 1.3 ms]
   [Eden: 356.0M(356.0M)->0.0B(356.0M) Survivors: 52.0M->52.0M Heap: 2642.0M(8192.0M)->1526.0M(8192.0M)]
 [Times: user=0.81 sys=0.00, real=0.04 secs] 
2018-10-15T09:26:54.432+0200: 91.018: Total time for which application threads were stopped: 0.0313932 seconds, Stopping threads took: 0.0003425 seconds
2018-10-15T09:26:54.468+0200: 91.054: Application time: 0.0363369 seconds
2018-10-15T09:26:54.472+0200: 91.058: [GC pause (G1 Evacuation Pause) (mixed)
Desired survivor size 27262976 bytes, new threshold 15 (max 15)
- age   1:    7757904 bytes,    7757904 total
- age   2:    3865368 bytes,   11623272 total
, 0.0122331 secs]
   [Parallel Time: 10.1 ms, GC Workers: 30]
      [GC Worker Start (ms): Min: 91058.4, Avg: 91059.1, Max: 91059.7, Diff: 1.3]
      [Ext Root Scanning (ms): Min: 0.0, Avg: 0.2, Max: 1.4, Diff: 1.4, Sum: 6.6]
      [Update RS (ms): Min: 2.9, Avg: 3.7, Max: 4.6, Diff: 1.7, Sum: 110.0]
         [Processed Buffers: Min: 5, Avg: 7.1, Max: 12, Diff: 7, Sum: 213]
      [Scan RS (ms): Min: 0.0, Avg: 0.3, Max: 0.9, Diff: 0.9, Sum: 9.3]
      [Code Root Scanning (ms): Min: 0.0, Avg: 0.0, Max: 0.1, Diff: 0.1, Sum: 0.2]
      [Object Copy (ms): Min: 4.3, Avg: 4.9, Max: 5.0, Diff: 0.7, Sum: 146.6]
      [Termination (ms): Min: 0.0, Avg: 0.0, Max: 0.0, Diff: 0.0, Sum: 0.2]
         [Termination Attempts: Min: 1, Avg: 1.0, Max: 2, Diff: 1, Sum: 31]
      [GC Worker Other (ms): Min: 0.0, Avg: 0.1, Max: 0.1, Diff: 0.1, Sum: 1.6]
      [GC Worker Total (ms): Min: 8.5, Avg: 9.2, Max: 9.8, Diff: 1.3, Sum: 274.6]
      [GC Worker End (ms): Min: 91068.2, Avg: 91068.2, Max: 91068.3, Diff: 0.1]
   [Code Root Fixup: 0.0 ms]
   [Code Root Purge: 0.0 ms]
   [Clear CT: 0.5 ms]
   [Other: 1.6 ms]
      [Choose CSet: 0.0 ms]
      [Ref Proc: 0.5 ms]
      [Ref Enq: 0.0 ms]
      [Redirty Cards: 0.4 ms]
      [Humongous Register: 0.1 ms]
      [Humongous Reclaim: 0.0 ms]
      [Free CSet: 0.2 ms]
   [Eden: 356.0M(356.0M)->0.0B(4876.0M) Survivors: 52.0M->36.0M Heap: 1882.0M(8192.0M)->1488.9M(8192.0M)]
 [Times: user=0.28 sys=0.01, real=0.01 secs] 
2018-10-15T09:26:54.484+0200: 91.071: Total time for which application threads were stopped: 0.0160937 seconds, Stopping threads took: 0.0033294 seconds
2018-10-15T09:26:54.984+0200: 91.570: Application time: 0.4996702 seconds
2018-10-15T09:26:54.985+0200: 91.571: [GC pause (G1 Evacuation Pause) (young)
Desired survivor size 322961408 bytes, new threshold 15 (max 15)
- age   1:   11940752 bytes,   11940752 total
- age   2:    7335904 bytes,   19276656 total
- age   3:    3850416 bytes,   23127072 total
, 0.0430430 secs]
   [Parallel Time: 39.4 ms, GC Workers: 30]
      [GC Worker Start (ms): Min: 91571.4, Avg: 91572.1, Max: 91572.8, Diff: 1.3]
      [Ext Root Scanning (ms): Min: 0.0, Avg: 0.3, Max: 1.8, Diff: 1.8, Sum: 10.4]
      [Update RS (ms): Min: 13.0, Avg: 13.9, Max: 14.4, Diff: 1.3, Sum: 417.5]
         [Processed Buffers: Min: 12, Avg: 16.2, Max: 21, Diff: 9, Sum: 487]
      [Scan RS (ms): Min: 0.0, Avg: 0.2, Max: 0.3, Diff: 0.3, Sum: 6.6]
      [Code Root Scanning (ms): Min: 0.0, Avg: 0.0, Max: 0.0, Diff: 0.0, Sum: 0.1]
      [Object Copy (ms): Min: 23.6, Avg: 23.8, Max: 23.9, Diff: 0.3, Sum: 715.1]
      [Termination (ms): Min: 0.0, Avg: 0.0, Max: 0.0, Diff: 0.0, Sum: 0.4]
         [Termination Attempts: Min: 1, Avg: 1.5, Max: 2, Diff: 1, Sum: 44]
      [GC Worker Other (ms): Min: 0.0, Avg: 0.1, Max: 0.3, Diff: 0.3, Sum: 4.2]
      [GC Worker Total (ms): Min: 37.7, Avg: 38.5, Max: 39.2, Diff: 1.4, Sum: 1154.1]
      [GC Worker End (ms): Min: 91610.4, Avg: 91610.5, Max: 91610.7, Diff: 0.3]
   [Code Root Fixup: 0.0 ms]
   [Code Root Purge: 0.0 ms]
   [Clear CT: 0.8 ms]
   [Other: 2.8 ms]
      [Choose CSet: 0.0 ms]
      [Ref Proc: 0.4 ms]
      [Ref Enq: 0.0 ms]
      [Redirty Cards: 0.6 ms]
      [Humongous Register: 0.1 ms]
      [Humongous Reclaim: 0.0 ms]
      [Free CSet: 1.3 ms]
   [Eden: 4876.0M(4876.0M)->0.0B(4728.0M) Survivors: 36.0M->184.0M Heap: 6364.9M(8192.0M)->1638.6M(8192.0M)]
 [Times: user=1.18 sys=0.00, real=0.04 secs] 
2018-10-15T09:26:55.028+0200: 91.614: Total time for which application threads were stopped: 0.0442558 seconds, Stopping threads took: 0.0005195 seconds
2018-10-15T09:26:55.510+0200: 92.096: Application time: 0.4814915 seconds
2018-10-15T09:26:55.511+0200: 92.097: [GC pause (G1 Evacuation Pause) (young)
Desired survivor size 322961408 bytes, new threshold 15 (max 15)
- age   1:  133965536 bytes,  133965536 total
- age   2:   10567904 bytes,  144533440 total
- age   3:    7180928 bytes,  151714368 total
- age   4:    3841984 bytes,  155556352 total
, 0.0582861 secs]
   [Parallel Time: 54.7 ms, GC Workers: 30]
      [GC Worker Start (ms): Min: 92097.3, Avg: 92097.5, Max: 92097.9, Diff: 0.6]
      [Ext Root Scanning (ms): Min: 0.1, Avg: 0.5, Max: 1.8, Diff: 1.7, Sum: 16.4]
      [Update RS (ms): Min: 13.0, Avg: 14.1, Max: 14.4, Diff: 1.4, Sum: 422.7]
         [Processed Buffers: Min: 13, Avg: 16.4, Max: 23, Diff: 10, Sum: 492]
      [Scan RS (ms): Min: 0.0, Avg: 0.2, Max: 0.4, Diff: 0.3, Sum: 6.1]
      [Code Root Scanning (ms): Min: 0.0, Avg: 0.0, Max: 0.0, Diff: 0.0, Sum: 0.1]
      [Object Copy (ms): Min: 39.1, Avg: 39.3, Max: 39.4, Diff: 0.2, Sum: 1178.0]
      [Termination (ms): Min: 0.0, Avg: 0.0, Max: 0.1, Diff: 0.1, Sum: 1.0]
         [Termination Attempts: Min: 1, Avg: 13.4, Max: 19, Diff: 18, Sum: 401]
      [GC Worker Other (ms): Min: 0.0, Avg: 0.2, Max: 0.3, Diff: 0.3, Sum: 4.6]
      [GC Worker Total (ms): Min: 53.8, Avg: 54.3, Max: 54.6, Diff: 0.7, Sum: 1628.8]
      [GC Worker End (ms): Min: 92151.6, Avg: 92151.7, Max: 92151.9, Diff: 0.3]
   [Code Root Fixup: 0.0 ms]
   [Code Root Purge: 0.0 ms]
   [Clear CT: 0.8 ms]
   [Other: 2.8 ms]
      [Choose CSet: 0.0 ms]
      [Ref Proc: 0.5 ms]
      [Ref Enq: 0.0 ms]
      [Redirty Cards: 0.5 ms]
      [Humongous Register: 0.1 ms]
      [Humongous Reclaim: 0.0 ms]
      [Free CSet: 1.3 ms]
   [Eden: 4728.0M(4728.0M)->0.0B(4608.0M) Survivors: 184.0M->304.0M Heap: 6366.6M(8192.0M)->1759.2M(8192.0M)]
 [Times: user=1.65 sys=0.00, real=0.06 secs] 
2018-10-15T09:26:55.569+0200: 92.155: Total time for which application threads were stopped: 0.0595598 seconds, Stopping threads took: 0.0005798 seconds
2018-10-15T09:26:56.046+0200: 92.632: Application time: 0.4765609 seconds
2018-10-15T09:26:56.049+0200: 92.635: [GC pause (G1 Evacuation Pause) (young)
Desired survivor size 322961408 bytes, new threshold 15 (max 15)
- age   1:  132757400 bytes,  132757400 total
- age   2:  128141304 bytes,  260898704 total
- age   3:   10292920 bytes,  271191624 total
- age   4:    7153192 bytes,  278344816 total
- age   5:    3839656 bytes,  282184472 total
, 0.0592276 secs]
   [Parallel Time: 55.6 ms, GC Workers: 30]
      [GC Worker Start (ms): Min: 92635.7, Avg: 92636.5, Max: 92637.2, Diff: 1.5]
      [Ext Root Scanning (ms): Min: 0.0, Avg: 0.3, Max: 1.9, Diff: 1.9, Sum: 9.3]
      [Update RS (ms): Min: 13.6, Avg: 14.1, Max: 14.5, Diff: 0.9, Sum: 422.3]
         [Processed Buffers: Min: 13, Avg: 16.4, Max: 22, Diff: 9, Sum: 491]
      [Scan RS (ms): Min: 0.0, Avg: 0.2, Max: 0.4, Diff: 0.3, Sum: 6.4]
      [Code Root Scanning (ms): Min: 0.0, Avg: 0.0, Max: 0.0, Diff: 0.0, Sum: 0.0]
      [Object Copy (ms): Min: 39.5, Avg: 39.7, Max: 39.8, Diff: 0.3, Sum: 1189.8]
      [Termination (ms): Min: 0.0, Avg: 0.0, Max: 0.0, Diff: 0.0, Sum: 0.3]
         [Termination Attempts: Min: 1, Avg: 1.4, Max: 2, Diff: 1, Sum: 42]
      [GC Worker Other (ms): Min: 0.0, Avg: 0.1, Max: 0.3, Diff: 0.3, Sum: 4.1]
      [GC Worker Total (ms): Min: 53.7, Avg: 54.4, Max: 55.3, Diff: 1.6, Sum: 1632.2]
      [GC Worker End (ms): Min: 92690.8, Avg: 92690.9, Max: 92691.0, Diff: 0.3]
   [Code Root Fixup: 0.0 ms]
   [Code Root Purge: 0.0 ms]
   [Clear CT: 0.8 ms]
   [Other: 2.8 ms]
      [Choose CSet: 0.0 ms]
      [Ref Proc: 0.5 ms]
      [Ref Enq: 0.0 ms]
      [Redirty Cards: 0.5 ms]
      [Humongous Register: 0.1 ms]
      [Humongous Reclaim: 0.0 ms]
      [Free CSet: 1.3 ms]
   [Eden: 4608.0M(4608.0M)->0.0B(4508.0M) Survivors: 304.0M->404.0M Heap: 6367.2M(8192.0M)->1859.2M(8192.0M)]
 [Times: user=1.66 sys=0.00, real=0.06 secs] 
2018-10-15T09:26:56.109+0200: 92.695: Total time for which application threads were stopped: 0.0627608 seconds, Stopping threads took: 0.0028206 seconds
2018-10-15T09:26:56.563+0200: 93.149: Application time: 0.4545819 seconds
2018-10-15T09:26:56.565+0200: 93.151: [GC pause (G1 Evacuation Pause) (young)
Desired survivor size 322961408 bytes, new threshold 3 (max 15)
- age   1:  122343752 bytes,  122343752 total
- age   2:  122432776 bytes,  244776528 total
- age   3:  126853744 bytes,  371630272 total
- age   4:   10274944 bytes,  381905216 total
- age   5:    7153192 bytes,  389058408 total
- age   6:    3839656 bytes,  392898064 total
, 0.0792656 secs]
   [Parallel Time: 74.7 ms, GC Workers: 30]
      [GC Worker Start (ms): Min: 93151.1, Avg: 93152.1, Max: 93161.5, Diff: 10.5]
      [Ext Root Scanning (ms): Min: 0.0, Avg: 0.4, Max: 1.8, Diff: 1.7, Sum: 12.3]
      [Update RS (ms): Min: 4.2, Avg: 13.3, Max: 14.3, Diff: 10.1, Sum: 399.9]
         [Processed Buffers: Min: 4, Avg: 16.2, Max: 21, Diff: 17, Sum: 485]
      [Scan RS (ms): Min: 0.0, Avg: 0.2, Max: 0.4, Diff: 0.4, Sum: 6.7]
      [Code Root Scanning (ms): Min: 0.0, Avg: 0.0, Max: 0.0, Diff: 0.0, Sum: 0.1]
      [Object Copy (ms): Min: 59.1, Avg: 59.2, Max: 59.3, Diff: 0.2, Sum: 1775.5]
      [Termination (ms): Min: 0.0, Avg: 0.1, Max: 0.1, Diff: 0.1, Sum: 2.6]
         [Termination Attempts: Min: 1, Avg: 40.6, Max: 54, Diff: 53, Sum: 1218]
      [GC Worker Other (ms): Min: 0.0, Avg: 0.1, Max: 0.3, Diff: 0.2, Sum: 4.0]
      [GC Worker Total (ms): Min: 64.0, Avg: 73.4, Max: 74.4, Diff: 10.4, Sum: 2201.1]
      [GC Worker End (ms): Min: 93225.4, Avg: 93225.5, Max: 93225.6, Diff: 0.2]
   [Code Root Fixup: 0.0 ms]
   [Code Root Purge: 0.0 ms]
   [Clear CT: 1.0 ms]
   [Other: 3.5 ms]
      [Choose CSet: 0.0 ms]
      [Ref Proc: 0.5 ms]
      [Ref Enq: 0.0 ms]
      [Redirty Cards: 0.9 ms]
      [Humongous Register: 0.1 ms]
      [Humongous Reclaim: 0.0 ms]
      [Free CSet: 1.6 ms]
   [Eden: 4508.0M(4508.0M)->0.0B(4552.0M) Survivors: 404.0M->360.0M Heap: 6367.2M(8192.0M)->1958.2M(8192.0M)]
 [Times: user=2.23 sys=0.01, real=0.08 secs] 
2018-10-15T09:26:56.644+0200: 93.230: Total time for which application threads were stopped: 0.0809734 seconds, Stopping threads took: 0.0009667 seconds
2018-10-15T09:26:57.138+0200: 93.724: Application time: 0.4937426 seconds
2018-10-15T09:26:57.139+0200: 93.725: [GC pause (G1 Evacuation Pause) (young)
Desired survivor size 322961408 bytes, new threshold 3 (max 15)
- age   1:  109764224 bytes,  109764224 total
- age   2:  115495768 bytes,  225259992 total
- age   3:  121939056 bytes,  347199048 total
, 0.0775470 secs]
   [Parallel Time: 73.2 ms, GC Workers: 30]
      [GC Worker Start (ms): Min: 93725.5, Avg: 93726.3, Max: 93727.0, Diff: 1.5]
      [Ext Root Scanning (ms): Min: 0.0, Avg: 0.3, Max: 1.8, Diff: 1.8, Sum: 9.6]
      [Update RS (ms): Min: 18.0, Avg: 18.6, Max: 19.0, Diff: 1.0, Sum: 559.3]
         [Processed Buffers: Min: 18, Avg: 22.0, Max: 27, Diff: 9, Sum: 660]
      [Scan RS (ms): Min: 3.1, Avg: 3.4, Max: 3.6, Diff: 0.5, Sum: 102.1]
      [Code Root Scanning (ms): Min: 0.0, Avg: 0.0, Max: 0.0, Diff: 0.0, Sum: 0.0]
      [Object Copy (ms): Min: 49.4, Avg: 49.5, Max: 49.6, Diff: 0.2, Sum: 1484.7]
      [Termination (ms): Min: 0.0, Avg: 0.1, Max: 0.2, Diff: 0.2, Sum: 4.1]
         [Termination Attempts: Min: 1, Avg: 64.2, Max: 73, Diff: 72, Sum: 1927]
      [GC Worker Other (ms): Min: 0.0, Avg: 0.1, Max: 0.3, Diff: 0.3, Sum: 4.4]
      [GC Worker Total (ms): Min: 71.5, Avg: 72.1, Max: 72.9, Diff: 1.5, Sum: 2164.2]
      [GC Worker End (ms): Min: 93798.3, Avg: 93798.5, Max: 93798.6, Diff: 0.3]
   [Code Root Fixup: 0.0 ms]
   [Code Root Purge: 0.0 ms]
   [Clear CT: 1.0 ms]
   [Other: 3.4 ms]
      [Choose CSet: 0.0 ms]
      [Ref Proc: 0.5 ms]
      [Ref Enq: 0.0 ms]
      [Redirty Cards: 0.8 ms]
      [Humongous Register: 0.1 ms]
      [Humongous Reclaim: 0.0 ms]
      [Free CSet: 1.5 ms]
   [Eden: 4552.0M(4552.0M)->0.0B(4556.0M) Survivors: 360.0M->356.0M Heap: 6510.2M(8192.0M)->2100.0M(8192.0M)]
 [Times: user=2.20 sys=0.00, real=0.08 secs] 
2018-10-15T09:26:57.217+0200: 93.803: Total time for which application threads were stopped: 0.0787661 seconds, Stopping threads took: 0.0005409 seconds
2018-10-15T09:26:57.510+0200: 94.096: Application time: 0.2929356 seconds
2018-10-15T09:26:57.511+0200: 94.097: Total time for which application threads were stopped: 0.0010598 seconds, Stopping threads took: 0.0005710 seconds
2018-10-15T09:26:57.693+0200: 94.279: Application time: 0.1819362 seconds
2018-10-15T09:26:57.694+0200: 94.280: [GC pause (G1 Evacuation Pause) (young)
Desired survivor size 322961408 bytes, new threshold 3 (max 15)
- age   1:  113315680 bytes,  113315680 total
- age   2:  104785848 bytes,  218101528 total
- age   3:  114623360 bytes,  332724888 total
, 0.0737901 secs]
   [Parallel Time: 69.3 ms, GC Workers: 30]
      [GC Worker Start (ms): Min: 94280.2, Avg: 94280.6, Max: 94281.2, Diff: 1.0]
      [Ext Root Scanning (ms): Min: 0.0, Avg: 0.4, Max: 1.8, Diff: 1.8, Sum: 12.5]
      [Update RS (ms): Min: 20.6, Avg: 21.4, Max: 21.7, Diff: 1.1, Sum: 641.9]
         [Processed Buffers: Min: 19, Avg: 24.1, Max: 33, Diff: 14, Sum: 724]
      [Scan RS (ms): Min: 1.4, Avg: 1.6, Max: 1.7, Diff: 0.3, Sum: 47.4]
      [Code Root Scanning (ms): Min: 0.0, Avg: 0.0, Max: 0.0, Diff: 0.0, Sum: 0.0]
      [Object Copy (ms): Min: 45.0, Avg: 45.1, Max: 45.2, Diff: 0.3, Sum: 1352.7]
      [Termination (ms): Min: 0.0, Avg: 0.1, Max: 0.2, Diff: 0.2, Sum: 3.2]
         [Termination Attempts: Min: 2, Avg: 6.7, Max: 14, Diff: 12, Sum: 200]
      [GC Worker Other (ms): Min: 0.0, Avg: 0.1, Max: 0.2, Diff: 0.2, Sum: 2.7]
      [GC Worker Total (ms): Min: 68.0, Avg: 68.7, Max: 69.2, Diff: 1.2, Sum: 2060.4]
      [GC Worker End (ms): Min: 94349.2, Avg: 94349.3, Max: 94349.4, Diff: 0.2]
   [Code Root Fixup: 0.0 ms]
   [Code Root Purge: 0.0 ms]
   [Clear CT: 1.0 ms]
   [Other: 3.4 ms]
      [Choose CSet: 0.0 ms]
      [Ref Proc: 0.5 ms]
      [Ref Enq: 0.0 ms]
      [Redirty Cards: 0.9 ms]
      [Humongous Register: 0.1 ms]
      [Humongous Reclaim: 0.0 ms]
      [Free CSet: 1.4 ms]
   [Eden: 4556.0M(4556.0M)->0.0B(4572.0M) Survivors: 356.0M->340.0M Heap: 6656.0M(8192.0M)->2226.5M(8192.0M)]
 [Times: user=2.09 sys=0.00, real=0.07 secs] 
2018-10-15T09:26:57.768+0200: 94.354: Total time for which application threads were stopped: 0.0750433 seconds, Stopping threads took: 0.0005619 seconds
2018-10-15T09:26:58.239+0200: 94.825: Application time: 0.4707964 seconds
2018-10-15T09:26:58.240+0200: 94.826: [GC pause (G1 Evacuation Pause) (young)
Desired survivor size 322961408 bytes, new threshold 15 (max 15)
- age   1:  111535880 bytes,  111535880 total
- age   2:  106541528 bytes,  218077408 total
- age   3:  103454816 bytes,  321532224 total
, 0.0717407 secs]
   [Parallel Time: 67.9 ms, GC Workers: 30]
      [GC Worker Start (ms): Min: 94826.1, Avg: 94827.0, Max: 94827.7, Diff: 1.5]
      [Ext Root Scanning (ms): Min: 0.0, Avg: 0.3, Max: 1.8, Diff: 1.8, Sum: 9.7]
      [Update RS (ms): Min: 18.0, Avg: 18.9, Max: 19.4, Diff: 1.3, Sum: 566.5]
         [Processed Buffers: Min: 17, Avg: 21.7, Max: 29, Diff: 12, Sum: 652]
      [Scan RS (ms): Min: 1.4, Avg: 1.8, Max: 2.0, Diff: 0.7, Sum: 52.7]
      [Code Root Scanning (ms): Min: 0.0, Avg: 0.0, Max: 0.0, Diff: 0.0, Sum: 0.0]
      [Object Copy (ms): Min: 45.4, Avg: 45.6, Max: 45.7, Diff: 0.2, Sum: 1366.7]
      [Termination (ms): Min: 0.0, Avg: 0.1, Max: 0.2, Diff: 0.2, Sum: 3.9]
         [Termination Attempts: Min: 1, Avg: 52.9, Max: 62, Diff: 61, Sum: 1587]
      [GC Worker Other (ms): Min: 0.0, Avg: 0.1, Max: 0.3, Diff: 0.3, Sum: 4.3]
      [GC Worker Total (ms): Min: 66.1, Avg: 66.8, Max: 67.7, Diff: 1.6, Sum: 2003.8]
      [GC Worker End (ms): Min: 94893.6, Avg: 94893.7, Max: 94893.9, Diff: 0.3]
   [Code Root Fixup: 0.0 ms]
   [Code Root Purge: 0.0 ms]
   [Clear CT: 1.0 ms]
   [Other: 2.8 ms]
      [Choose CSet: 0.0 ms]
      [Ref Proc: 0.5 ms]
      [Ref Enq: 0.0 ms]
      [Redirty Cards: 0.4 ms]
      [Humongous Register: 0.1 ms]
      [Humongous Reclaim: 0.0 ms]
      [Free CSet: 1.4 ms]
   [Eden: 4572.0M(4572.0M)->0.0B(4464.0M) Survivors: 340.0M->448.0M Heap: 6798.5M(8192.0M)->2332.5M(8192.0M)]
 [Times: user=2.03 sys=0.00, real=0.08 secs] 
2018-10-15T09:26:58.312+0200: 94.898: Total time for which application threads were stopped: 0.0730490 seconds, Stopping threads took: 0.0006066 seconds
2018-10-15T09:26:58.779+0200: 95.365: Application time: 0.4669197 seconds
2018-10-15T09:26:58.780+0200: 95.366: [GC pause (G1 Evacuation Pause) (young)
Desired survivor size 322961408 bytes, new threshold 3 (max 15)
- age   1:  117779344 bytes,  117779344 total
- age   2:  104737280 bytes,  222516624 total
- age   3:  105608160 bytes,  328124784 total
- age   4:  103324256 bytes,  431449040 total
, 0.0760051 secs]
   [Parallel Time: 71.8 ms, GC Workers: 30]
      [GC Worker Start (ms): Min: 95366.0, Avg: 95366.8, Max: 95367.5, Diff: 1.5]
      [Ext Root Scanning (ms): Min: 0.0, Avg: 0.3, Max: 1.7, Diff: 1.7, Sum: 9.5]
      [Update RS (ms): Min: 10.3, Avg: 11.1, Max: 12.2, Diff: 1.8, Sum: 332.8]
         [Processed Buffers: Min: 9, Avg: 13.1, Max: 18, Diff: 9, Sum: 393]
      [Scan RS (ms): Min: 0.0, Avg: 0.2, Max: 0.4, Diff: 0.3, Sum: 6.5]
      [Code Root Scanning (ms): Min: 0.0, Avg: 0.0, Max: 0.0, Diff: 0.0, Sum: 0.1]
      [Object Copy (ms): Min: 58.1, Avg: 58.8, Max: 59.0, Diff: 0.9, Sum: 1762.8]
      [Termination (ms): Min: 0.1, Avg: 0.2, Max: 0.3, Diff: 0.2, Sum: 4.5]
         [Termination Attempts: Min: 4, Avg: 32.2, Max: 43, Diff: 39, Sum: 967]
      [GC Worker Other (ms): Min: 0.0, Avg: 0.1, Max: 0.2, Diff: 0.2, Sum: 3.4]
      [GC Worker Total (ms): Min: 69.9, Avg: 70.7, Max: 71.4, Diff: 1.6, Sum: 2119.6]
      [GC Worker End (ms): Min: 95437.4, Avg: 95437.5, Max: 95437.6, Diff: 0.2]
   [Code Root Fixup: 0.0 ms]
   [Code Root Purge: 0.0 ms]
   [Clear CT: 0.8 ms]
   [Other: 3.4 ms]
      [Choose CSet: 0.0 ms]
      [Ref Proc: 0.5 ms]
      [Ref Enq: 0.0 ms]
      [Redirty Cards: 1.0 ms]
      [Humongous Register: 0.1 ms]
      [Humongous Reclaim: 0.0 ms]
      [Free CSet: 1.3 ms]
   [Eden: 4464.0M(4464.0M)->0.0B(4524.0M) Survivors: 448.0M->348.0M Heap: 6796.5M(8192.0M)->2468.9M(8192.0M)]
 [Times: user=2.15 sys=0.01, real=0.08 secs] 
2018-10-15T09:26:58.856+0200: 95.442: Total time for which application threads were stopped: 0.0772798 seconds, Stopping threads took: 0.0005750 seconds
2018-10-15T09:26:59.328+0200: 95.914: Application time: 0.4725515 seconds
2018-10-15T09:26:59.329+0200: 95.916: [GC pause (G1 Evacuation Pause) (young)
Desired survivor size 320864256 bytes, new threshold 3 (max 15)
- age   1:  122181624 bytes,  122181624 total
- age   2:  109219424 bytes,  231401048 total
- age   3:  103998720 bytes,  335399768 total
, 0.0722106 secs]
   [Parallel Time: 68.1 ms, GC Workers: 30]
      [GC Worker Start (ms): Min: 95915.9, Avg: 95916.5, Max: 95917.3, Diff: 1.4]
      [Ext Root Scanning (ms): Min: 0.0, Avg: 0.4, Max: 1.8, Diff: 1.8, Sum: 10.7]
      [Update RS (ms): Min: 20.8, Avg: 21.4, Max: 21.9, Diff: 1.1, Sum: 641.5]
         [Processed Buffers: Min: 20, Avg: 23.9, Max: 29, Diff: 9, Sum: 716]
      [Scan RS (ms): Min: 1.8, Avg: 2.2, Max: 2.4, Diff: 0.6, Sum: 65.8]
      [Code Root Scanning (ms): Min: 0.0, Avg: 0.0, Max: 0.0, Diff: 0.0, Sum: 0.0]
      [Object Copy (ms): Min: 43.1, Avg: 43.2, Max: 43.3, Diff: 0.2, Sum: 1295.6]
      [Termination (ms): Min: 0.0, Avg: 0.0, Max: 0.0, Diff: 0.0, Sum: 0.9]
         [Termination Attempts: Min: 1, Avg: 2.5, Max: 4, Diff: 3, Sum: 74]
      [GC Worker Other (ms): Min: 0.0, Avg: 0.1, Max: 0.3, Diff: 0.3, Sum: 4.0]
      [GC Worker Total (ms): Min: 66.4, Avg: 67.3, Max: 68.0, Diff: 1.5, Sum: 2018.5]
      [GC Worker End (ms): Min: 95983.7, Avg: 95983.8, Max: 95983.9, Diff: 0.3]
   [Code Root Fixup: 0.0 ms]
   [Code Root Purge: 0.0 ms]
   [Clear CT: 1.0 ms]
   [Other: 3.1 ms]
      [Choose CSet: 0.0 ms]
      [Ref Proc: 0.3 ms]
      [Ref Enq: 0.0 ms]
      [Redirty Cards: 0.9 ms]
      [Humongous Register: 0.1 ms]
      [Humongous Reclaim: 0.0 ms]
      [Free CSet: 1.3 ms]
   [Eden: 4524.0M(4524.0M)->0.0B(4400.0M) Survivors: 348.0M->344.0M Heap: 6992.9M(8192.0M)->2600.0M(8192.0M)]
 [Times: user=2.06 sys=0.00, real=0.07 secs] 
2018-10-15T09:26:59.402+0200: 95.988: Total time for which application threads were stopped: 0.0734369 seconds, Stopping threads took: 0.0005578 seconds
2018-10-15T09:26:59.859+0200: 96.445: Application time: 0.4573580 seconds
2018-10-15T09:26:59.860+0200: 96.446: [GC pause (G1 Evacuation Pause) (young)
Desired survivor size 312475648 bytes, new threshold 3 (max 15)
- age   1:  110530312 bytes,  110530312 total
- age   2:  114123440 bytes,  224653752 total
- age   3:  107804376 bytes,  332458128 total
, 0.0810533 secs]
   [Parallel Time: 76.9 ms, GC Workers: 30]
      [GC Worker Start (ms): Min: 96446.7, Avg: 96447.3, Max: 96448.1, Diff: 1.3]
      [Ext Root Scanning (ms): Min: 0.0, Avg: 0.3, Max: 1.8, Diff: 1.8, Sum: 9.1]
      [Update RS (ms): Min: 18.4, Avg: 19.4, Max: 20.1, Diff: 1.7, Sum: 582.0]
         [Processed Buffers: Min: 16, Avg: 21.5, Max: 27, Diff: 11, Sum: 646]
      [Scan RS (ms): Min: 1.0, Avg: 1.5, Max: 1.7, Diff: 0.7, Sum: 43.7]
      [Code Root Scanning (ms): Min: 0.0, Avg: 0.0, Max: 0.0, Diff: 0.0, Sum: 0.0]
      [Object Copy (ms): Min: 54.2, Avg: 54.3, Max: 54.7, Diff: 0.4, Sum: 1630.1]
      [Termination (ms): Min: 0.0, Avg: 0.4, Max: 0.4, Diff: 0.4, Sum: 11.3]
         [Termination Attempts: Min: 1, Avg: 202.5, Max: 230, Diff: 229, Sum: 6076]
      [GC Worker Other (ms): Min: 0.0, Avg: 0.1, Max: 0.3, Diff: 0.3, Sum: 4.3]
      [GC Worker Total (ms): Min: 75.3, Avg: 76.0, Max: 76.6, Diff: 1.3, Sum: 2280.6]
      [GC Worker End (ms): Min: 96523.2, Avg: 96523.4, Max: 96523.5, Diff: 0.3]
   [Code Root Fixup: 0.0 ms]
   [Code Root Purge: 0.0 ms]
   [Clear CT: 1.0 ms]
   [Other: 3.2 ms]
      [Choose CSet: 0.0 ms]
      [Ref Proc: 0.5 ms]
      [Ref Enq: 0.0 ms]
      [Redirty Cards: 0.8 ms]
      [Humongous Register: 0.1 ms]
      [Humongous Reclaim: 0.0 ms]
      [Free CSet: 1.3 ms]
   [Eden: 4400.0M(4400.0M)->0.0B(4240.0M) Survivors: 344.0M->356.0M Heap: 7000.0M(8192.0M)->2746.5M(8192.0M)]
 [Times: user=2.32 sys=0.00, real=0.08 secs] 
2018-10-15T09:26:59.942+0200: 96.528: Total time for which application threads were stopped: 0.0823720 seconds, Stopping threads took: 0.0006022 seconds
2018-10-15T09:27:00.387+0200: 96.973: Application time: 0.4454161 seconds
2018-10-15T09:27:00.388+0200: 96.974: [GC pause (G1 Evacuation Pause) (young)
Desired survivor size 301989888 bytes, new threshold 3 (max 15)
- age   1:  117172696 bytes,  117172696 total
- age   2:  104546160 bytes,  221718856 total
- age   3:  112812016 bytes,  334530872 total
, 0.0725752 secs]
   [Parallel Time: 68.6 ms, GC Workers: 30]
      [GC Worker Start (ms): Min: 96974.6, Avg: 96975.1, Max: 96975.8, Diff: 1.2]
      [Ext Root Scanning (ms): Min: 0.0, Avg: 0.4, Max: 1.8, Diff: 1.8, Sum: 11.5]
      [Update RS (ms): Min: 20.1, Avg: 21.0, Max: 21.4, Diff: 1.3, Sum: 631.3]
         [Processed Buffers: Min: 19, Avg: 23.6, Max: 29, Diff: 10, Sum: 709]
      [Scan RS (ms): Min: 1.2, Avg: 1.5, Max: 1.7, Diff: 0.5, Sum: 46.1]
      [Code Root Scanning (ms): Min: 0.0, Avg: 0.0, Max: 0.0, Diff: 0.0, Sum: 0.0]
      [Object Copy (ms): Min: 44.4, Avg: 44.5, Max: 44.6, Diff: 0.2, Sum: 1335.4]
      [Termination (ms): Min: 0.0, Avg: 0.1, Max: 0.1, Diff: 0.1, Sum: 1.8]
         [Termination Attempts: Min: 3, Avg: 15.0, Max: 21, Diff: 18, Sum: 451]
      [GC Worker Other (ms): Min: 0.0, Avg: 0.1, Max: 0.2, Diff: 0.2, Sum: 3.4]
      [GC Worker Total (ms): Min: 67.0, Avg: 67.7, Max: 68.3, Diff: 1.3, Sum: 2029.6]
      [GC Worker End (ms): Min: 97042.7, Avg: 97042.8, Max: 97042.9, Diff: 0.2]
   [Code Root Fixup: 0.0 ms]
   [Code Root Purge: 0.0 ms]
   [Clear CT: 0.8 ms]
   [Other: 3.2 ms]
      [Choose CSet: 0.0 ms]
      [Ref Proc: 0.5 ms]
      [Ref Enq: 0.0 ms]
      [Redirty Cards: 0.9 ms]
      [Humongous Register: 0.1 ms]
      [Humongous Reclaim: 0.0 ms]
      [Free CSet: 1.3 ms]
   [Eden: 4240.0M(4240.0M)->0.0B(4148.0M) Survivors: 356.0M->332.0M Heap: 6986.5M(8192.0M)->2862.0M(8192.0M)]
 [Times: user=2.07 sys=0.00, real=0.07 secs] 
2018-10-15T09:27:00.461+0200: 97.047: Total time for which application threads were stopped: 0.0738886 seconds, Stopping threads took: 0.0006054 seconds
2018-10-15T09:27:00.902+0200: 97.488: Application time: 0.4407659 seconds
2018-10-15T09:27:00.903+0200: 97.489: [GC pause (G1 Evacuation Pause) (young)
Desired survivor size 293601280 bytes, new threshold 3 (max 15)
- age   1:  102432384 bytes,  102432384 total
- age   2:  106248648 bytes,  208681032 total
- age   3:  103626680 bytes,  312307712 total
, 0.0670910 secs]
   [Parallel Time: 63.0 ms, GC Workers: 30]
      [GC Worker Start (ms): Min: 97489.1, Avg: 97489.7, Max: 97490.4, Diff: 1.3]
      [Ext Root Scanning (ms): Min: 0.0, Avg: 0.4, Max: 1.8, Diff: 1.8, Sum: 11.0]
      [Update RS (ms): Min: 17.8, Avg: 18.7, Max: 19.1, Diff: 1.3, Sum: 560.7]
         [Processed Buffers: Min: 17, Avg: 21.3, Max: 28, Diff: 11, Sum: 639]
      [Scan RS (ms): Min: 1.9, Avg: 2.1, Max: 2.3, Diff: 0.4, Sum: 64.1]
      [Code Root Scanning (ms): Min: 0.0, Avg: 0.0, Max: 0.0, Diff: 0.0, Sum: 0.0]
      [Object Copy (ms): Min: 40.7, Avg: 40.8, Max: 40.9, Diff: 0.2, Sum: 1223.2]
      [Termination (ms): Min: 0.0, Avg: 0.0, Max: 0.0, Diff: 0.0, Sum: 0.2]
         [Termination Attempts: Min: 1, Avg: 1.0, Max: 1, Diff: 0, Sum: 30]
      [GC Worker Other (ms): Min: 0.0, Avg: 0.1, Max: 0.3, Diff: 0.3, Sum: 4.5]
      [GC Worker Total (ms): Min: 61.4, Avg: 62.1, Max: 62.7, Diff: 1.4, Sum: 1863.7]
      [GC Worker End (ms): Min: 97551.7, Avg: 97551.8, Max: 97552.0, Diff: 0.3]
   [Code Root Fixup: 0.0 ms]
   [Code Root Purge: 0.0 ms]
   [Clear CT: 1.0 ms]
   [Other: 3.1 ms]
      [Choose CSet: 0.0 ms]
      [Ref Proc: 0.4 ms]
      [Ref Enq: 0.0 ms]
      [Redirty Cards: 0.9 ms]
      [Humongous Register: 0.1 ms]
      [Humongous Reclaim: 0.0 ms]
      [Free CSet: 1.2 ms]
   [Eden: 4148.0M(4148.0M)->0.0B(4024.0M) Survivors: 332.0M->328.0M Heap: 7010.0M(8192.0M)->2990.0M(8192.0M)]
 [Times: user=1.90 sys=0.00, real=0.07 secs] 
2018-10-15T09:27:00.970+0200: 97.556: Total time for which application threads were stopped: 0.0683579 seconds, Stopping threads took: 0.0005639 seconds
2018-10-15T09:27:01.389+0200: 97.975: Application time: 0.4193382 seconds
2018-10-15T09:27:01.390+0200: 97.976: [GC pause (G1 Evacuation Pause) (young)
Desired survivor size 285212672 bytes, new threshold 3 (max 15)
- age   1:  109318624 bytes,  109318624 total
- age   2:   93218872 bytes,  202537496 total
- age   3:  105178672 bytes,  307716168 total
, 0.0702441 secs]
   [Parallel Time: 65.8 ms, GC Workers: 30]
      [GC Worker Start (ms): Min: 97976.8, Avg: 97977.0, Max: 97977.1, Diff: 0.3]
      [Ext Root Scanning (ms): Min: 0.3, Avg: 0.5, Max: 1.8, Diff: 1.5, Sum: 16.2]
      [Update RS (ms): Min: 19.1, Avg: 20.2, Max: 21.1, Diff: 2.0, Sum: 607.1]
         [Processed Buffers: Min: 19, Avg: 23.3, Max: 30, Diff: 11, Sum: 698]
      [Scan RS (ms): Min: 0.6, Avg: 1.5, Max: 1.8, Diff: 1.2, Sum: 45.4]
      [Code Root Scanning (ms): Min: 0.0, Avg: 0.0, Max: 0.0, Diff: 0.0, Sum: 0.1]
      [Object Copy (ms): Min: 42.8, Avg: 42.9, Max: 43.1, Diff: 0.2, Sum: 1288.2]
      [Termination (ms): Min: 0.0, Avg: 0.1, Max: 0.2, Diff: 0.1, Sum: 2.4]
         [Termination Attempts: Min: 1, Avg: 4.7, Max: 8, Diff: 7, Sum: 141]
      [GC Worker Other (ms): Min: 0.0, Avg: 0.1, Max: 0.2, Diff: 0.2, Sum: 3.5]
      [GC Worker Total (ms): Min: 65.2, Avg: 65.4, Max: 65.7, Diff: 0.5, Sum: 1962.9]
      [GC Worker End (ms): Min: 98042.3, Avg: 98042.4, Max: 98042.5, Diff: 0.2]
   [Code Root Fixup: 0.0 ms]
   [Code Root Purge: 0.0 ms]
   [Clear CT: 1.0 ms]
   [Other: 3.5 ms]
      [Choose CSet: 0.0 ms]
      [Ref Proc: 0.4 ms]
      [Ref Enq: 0.0 ms]
      [Redirty Cards: 0.7 ms]
      [Humongous Register: 0.1 ms]
      [Humongous Reclaim: 0.1 ms]
      [Free CSet: 1.8 ms]
   [Eden: 4024.0M(4024.0M)->0.0B(3912.0M) Survivors: 328.0M->320.0M Heap: 7014.0M(8192.0M)->3108.0M(8192.0M)]
 [Times: user=2.00 sys=0.00, real=0.07 secs] 
2018-10-15T09:27:01.461+0200: 98.047: Total time for which application threads were stopped: 0.0715918 seconds, Stopping threads took: 0.0005784 seconds
2018-10-15T09:27:01.875+0200: 98.461: Application time: 0.4138577 seconds
2018-10-15T09:27:01.876+0200: 98.462: [GC pause (G1 Evacuation Pause) (young)
Desired survivor size 278921216 bytes, new threshold 3 (max 15)
- age   1:  106074856 bytes,  106074856 total
- age   2:  103254392 bytes,  209329248 total
- age   3:   92753800 bytes,  302083048 total
, 0.0731182 secs]
   [Parallel Time: 68.6 ms, GC Workers: 30]
      [GC Worker Start (ms): Min: 98462.3, Avg: 98462.6, Max: 98463.2, Diff: 0.9]
      [Ext Root Scanning (ms): Min: 0.0, Avg: 0.5, Max: 1.9, Diff: 1.9, Sum: 14.1]
      [Update RS (ms): Min: 17.7, Avg: 18.7, Max: 19.1, Diff: 1.4, Sum: 561.4]
         [Processed Buffers: Min: 16, Avg: 21.0, Max: 27, Diff: 11, Sum: 631]
      [Scan RS (ms): Min: 1.1, Avg: 1.3, Max: 1.5, Diff: 0.4, Sum: 40.3]
      [Code Root Scanning (ms): Min: 0.0, Avg: 0.0, Max: 0.0, Diff: 0.0, Sum: 0.0]
      [Object Copy (ms): Min: 47.1, Avg: 47.2, Max: 47.4, Diff: 0.3, Sum: 1416.4]
      [Termination (ms): Min: 0.0, Avg: 0.2, Max: 0.2, Diff: 0.2, Sum: 6.5]
         [Termination Attempts: Min: 1, Avg: 113.2, Max: 129, Diff: 128, Sum: 3395]
      [GC Worker Other (ms): Min: 0.0, Avg: 0.1, Max: 0.3, Diff: 0.2, Sum: 3.9]
      [GC Worker Total (ms): Min: 67.5, Avg: 68.1, Max: 68.5, Diff: 1.0, Sum: 2042.6]
      [GC Worker End (ms): Min: 98530.6, Avg: 98530.7, Max: 98530.8, Diff: 0.2]
   [Code Root Fixup: 0.0 ms]
   [Code Root Purge: 0.0 ms]
   [Clear CT: 0.9 ms]
   [Other: 3.6 ms]
      [Choose CSet: 0.0 ms]
      [Ref Proc: 0.5 ms]
      [Ref Enq: 0.0 ms]
      [Redirty Cards: 0.6 ms]
      [Humongous Register: 0.1 ms]
      [Humongous Reclaim: 0.1 ms]
      [Free CSet: 1.8 ms]
   [Eden: 3912.0M(3912.0M)->0.0B(3760.0M) Survivors: 320.0M->336.0M Heap: 7020.0M(8192.0M)->3246.0M(8192.0M)]
 [Times: user=2.07 sys=0.00, real=0.07 secs] 
2018-10-15T09:27:01.949+0200: 98.535: Total time for which application threads were stopped: 0.0745129 seconds, Stopping threads took: 0.0005745 seconds
2018-10-15T09:27:02.339+0200: 98.925: Application time: 0.3898370 seconds
2018-10-15T09:27:02.340+0200: 98.926: [GC pause (G1 Evacuation Pause) (young)
Desired survivor size 268435456 bytes, new threshold 3 (max 15)
- age   1:  110530584 bytes,  110530584 total
- age   2:  102832712 bytes,  213363296 total
- age   3:  102292816 bytes,  315656112 total
, 0.0722078 secs]
   [Parallel Time: 68.7 ms, GC Workers: 30]
      [GC Worker Start (ms): Min: 98926.7, Avg: 98927.4, Max: 98928.1, Diff: 1.4]
      [Ext Root Scanning (ms): Min: 0.0, Avg: 0.3, Max: 1.8, Diff: 1.8, Sum: 9.1]
      [Update RS (ms): Min: 19.6, Avg: 20.3, Max: 20.8, Diff: 1.2, Sum: 609.5]
         [Processed Buffers: Min: 18, Avg: 23.1, Max: 30, Diff: 12, Sum: 693]
      [Scan RS (ms): Min: 1.0, Avg: 1.2, Max: 1.3, Diff: 0.3, Sum: 36.9]
      [Code Root Scanning (ms): Min: 0.0, Avg: 0.0, Max: 0.0, Diff: 0.0, Sum: 0.0]
      [Object Copy (ms): Min: 45.5, Avg: 45.6, Max: 45.7, Diff: 0.2, Sum: 1366.6]
      [Termination (ms): Min: 0.0, Avg: 0.1, Max: 0.2, Diff: 0.1, Sum: 3.7]
         [Termination Attempts: Min: 1, Avg: 68.9, Max: 80, Diff: 79, Sum: 2068]
      [GC Worker Other (ms): Min: 0.0, Avg: 0.1, Max: 0.3, Diff: 0.2, Sum: 3.8]
      [GC Worker Total (ms): Min: 66.9, Avg: 67.7, Max: 68.4, Diff: 1.5, Sum: 2029.7]
      [GC Worker End (ms): Min: 98994.9, Avg: 98995.0, Max: 98995.2, Diff: 0.2]
   [Code Root Fixup: 0.0 ms]
   [Code Root Purge: 0.0 ms]
   [Clear CT: 0.7 ms]
   [Other: 2.8 ms]
      [Choose CSet: 0.0 ms]
      [Ref Proc: 0.5 ms]
      [Ref Enq: 0.0 ms]
      [Redirty Cards: 0.6 ms]
      [Humongous Register: 0.1 ms]
      [Humongous Reclaim: 0.0 ms]
      [Free CSet: 1.2 ms]
   [Eden: 3760.0M(3760.0M)->0.0B(3668.0M) Survivors: 336.0M->316.0M Heap: 7006.0M(8192.0M)->3358.0M(8192.0M)]
 [Times: user=2.06 sys=0.00, real=0.08 secs] 
2018-10-15T09:27:02.413+0200: 98.999: Total time for which application threads were stopped: 0.0734905 seconds, Stopping threads took: 0.0005710 seconds
2018-10-15T09:27:02.798+0200: 99.384: Application time: 0.3849702 seconds
2018-10-15T09:27:02.799+0200: 99.385: [GC pause (G1 Evacuation Pause) (young)
Desired survivor size 262144000 bytes, new threshold 3 (max 15)
- age   1:   96971920 bytes,   96971920 total
- age   2:  101857984 bytes,  198829904 total
- age   3:  100779536 bytes,  299609440 total
, 0.0635418 secs]
   [Parallel Time: 59.8 ms, GC Workers: 30]
      [GC Worker Start (ms): Min: 99385.1, Avg: 99385.8, Max: 99386.5, Diff: 1.4]
      [Ext Root Scanning (ms): Min: 0.0, Avg: 0.3, Max: 1.9, Diff: 1.9, Sum: 10.4]
      [Update RS (ms): Min: 17.5, Avg: 18.4, Max: 18.8, Diff: 1.3, Sum: 552.2]
         [Processed Buffers: Min: 16, Avg: 20.9, Max: 27, Diff: 11, Sum: 628]
      [Scan RS (ms): Min: 1.1, Avg: 1.4, Max: 1.6, Diff: 0.5, Sum: 42.2]
      [Code Root Scanning (ms): Min: 0.0, Avg: 0.0, Max: 0.0, Diff: 0.0, Sum: 0.0]
      [Object Copy (ms): Min: 38.4, Avg: 38.5, Max: 38.6, Diff: 0.2, Sum: 1156.1]
      [Termination (ms): Min: 0.0, Avg: 0.0, Max: 0.0, Diff: 0.0, Sum: 0.4]
         [Termination Attempts: Min: 1, Avg: 1.7, Max: 3, Diff: 2, Sum: 52]
      [GC Worker Other (ms): Min: 0.0, Avg: 0.1, Max: 0.2, Diff: 0.2, Sum: 3.6]
      [GC Worker Total (ms): Min: 58.1, Avg: 58.8, Max: 59.6, Diff: 1.5, Sum: 1764.9]
      [GC Worker End (ms): Min: 99444.6, Avg: 99444.7, Max: 99444.8, Diff: 0.2]
   [Code Root Fixup: 0.0 ms]
   [Code Root Purge: 0.0 ms]
   [Clear CT: 0.9 ms]
   [Other: 2.9 ms]
      [Choose CSet: 0.0 ms]
      [Ref Proc: 0.4 ms]
      [Ref Enq: 0.0 ms]
      [Redirty Cards: 0.8 ms]
      [Humongous Register: 0.1 ms]
      [Humongous Reclaim: 0.1 ms]
      [Free CSet: 1.1 ms]
   [Eden: 3668.0M(3668.0M)->0.0B(3548.0M) Survivors: 316.0M->312.0M Heap: 7026.0M(8192.0M)->3484.0M(8192.0M)]
 [Times: user=1.79 sys=0.00, real=0.06 secs] 
2018-10-15T09:27:02.862+0200: 99.449: Total time for which application threads were stopped: 0.0648165 seconds, Stopping threads took: 0.0005720 seconds
2018-10-15T09:27:03.228+0200: 99.814: Application time: 0.3652471 seconds
2018-10-15T09:27:03.229+0200: 99.815: [GC pause (G1 Evacuation Pause) (young)
Desired survivor size 253755392 bytes, new threshold 3 (max 15)
- age   1:   98175200 bytes,   98175200 total
- age   2:   90637016 bytes,  188812216 total
- age   3:  101321408 bytes,  290133624 total
, 0.0725507 secs]
   [Parallel Time: 68.8 ms, GC Workers: 30]
      [GC Worker Start (ms): Min: 99815.1, Avg: 99815.6, Max: 99816.3, Diff: 1.2]
      [Ext Root Scanning (ms): Min: 0.0, Avg: 0.4, Max: 1.8, Diff: 1.8, Sum: 11.5]
      [Update RS (ms): Min: 18.9, Avg: 19.9, Max: 20.2, Diff: 1.3, Sum: 596.5]
         [Processed Buffers: Min: 19, Avg: 23.0, Max: 29, Diff: 10, Sum: 689]
      [Scan RS (ms): Min: 1.7, Avg: 1.9, Max: 2.0, Diff: 0.3, Sum: 56.4]
      [Code Root Scanning (ms): Min: 0.0, Avg: 0.0, Max: 0.0, Diff: 0.0, Sum: 0.0]
      [Object Copy (ms): Min: 45.3, Avg: 45.4, Max: 45.7, Diff: 0.4, Sum: 1362.6]
      [Termination (ms): Min: 0.0, Avg: 0.3, Max: 0.4, Diff: 0.4, Sum: 10.5]
         [Termination Attempts: Min: 1, Avg: 144.5, Max: 159, Diff: 158, Sum: 4335]
      [GC Worker Other (ms): Min: 0.0, Avg: 0.1, Max: 0.2, Diff: 0.2, Sum: 3.7]
      [GC Worker Total (ms): Min: 67.3, Avg: 68.0, Max: 68.6, Diff: 1.3, Sum: 2041.3]
      [GC Worker End (ms): Min: 99883.6, Avg: 99883.7, Max: 99883.8, Diff: 0.2]
   [Code Root Fixup: 0.0 ms]
   [Code Root Purge: 0.0 ms]
   [Clear CT: 0.8 ms]
   [Other: 2.9 ms]
      [Choose CSet: 0.0 ms]
      [Ref Proc: 0.5 ms]
      [Ref Enq: 0.0 ms]
      [Redirty Cards: 0.8 ms]
      [Humongous Register: 0.1 ms]
      [Humongous Reclaim: 0.1 ms]
      [Free CSet: 1.0 ms]
   [Eden: 3548.0M(3548.0M)->0.0B(3472.0M) Survivors: 312.0M->284.0M Heap: 7032.0M(8192.0M)->3586.0M(8192.0M)]
 [Times: user=2.07 sys=0.00, real=0.07 secs] 
2018-10-15T09:27:03.302+0200: 99.888: Total time for which application threads were stopped: 0.0737700 seconds, Stopping threads took: 0.0005664 seconds
2018-10-15T09:27:03.670+0200: 100.256: Application time: 0.3687945 seconds
2018-10-15T09:27:03.671+0200: 100.257: [GC pause (G1 Evacuation Pause) (young)
Desired survivor size 247463936 bytes, new threshold 3 (max 15)
- age   1:   86196312 bytes,   86196312 total
- age   2:   92058384 bytes,  178254696 total
- age   3:   89728832 bytes,  267983528 total
, 0.0677368 secs]
   [Parallel Time: 64.1 ms, GC Workers: 30]
      [GC Worker Start (ms): Min: 100257.7, Avg: 100258.4, Max: 100259.2, Diff: 1.5]
      [Ext Root Scanning (ms): Min: 0.0, Avg: 0.3, Max: 1.9, Diff: 1.9, Sum: 10.4]
      [Update RS (ms): Min: 21.0, Avg: 22.0, Max: 22.5, Diff: 1.5, Sum: 658.8]
         [Processed Buffers: Min: 19, Avg: 25.0, Max: 33, Diff: 14, Sum: 749]
      [Scan RS (ms): Min: 1.3, Avg: 1.7, Max: 1.8, Diff: 0.6, Sum: 50.0]
      [Code Root Scanning (ms): Min: 0.0, Avg: 0.0, Max: 0.0, Diff: 0.0, Sum: 0.0]
      [Object Copy (ms): Min: 38.7, Avg: 38.8, Max: 39.2, Diff: 0.4, Sum: 1165.0]
      [Termination (ms): Min: 0.0, Avg: 0.2, Max: 0.3, Diff: 0.3, Sum: 6.7]
         [Termination Attempts: Min: 1, Avg: 144.7, Max: 164, Diff: 163, Sum: 4342]
      [GC Worker Other (ms): Min: 0.0, Avg: 0.1, Max: 0.3, Diff: 0.2, Sum: 4.3]
      [GC Worker Total (ms): Min: 62.3, Avg: 63.2, Max: 63.9, Diff: 1.6, Sum: 1895.3]
      [GC Worker End (ms): Min: 100321.5, Avg: 100321.6, Max: 100321.7, Diff: 0.2]
   [Code Root Fixup: 0.0 ms]
   [Code Root Purge: 0.0 ms]
   [Clear CT: 0.8 ms]
   [Other: 2.8 ms]
      [Choose CSet: 0.0 ms]
      [Ref Proc: 0.4 ms]
      [Ref Enq: 0.0 ms]
      [Redirty Cards: 0.8 ms]
      [Humongous Register: 0.1 ms]
      [Humongous Reclaim: 0.1 ms]
      [Free CSet: 1.0 ms]
   [Eden: 3472.0M(3472.0M)->0.0B(3352.0M) Survivors: 284.0M->288.0M Heap: 7058.0M(8192.0M)->3702.0M(8192.0M)]
 [Times: user=1.91 sys=0.01, real=0.07 secs] 
2018-10-15T09:27:03.739+0200: 100.325: Total time for which application threads were stopped: 0.0689911 seconds, Stopping threads took: 0.0005630 seconds
2018-10-15T09:27:04.093+0200: 100.679: Application time: 0.3536409 seconds
2018-10-15T09:27:04.094+0200: 100.680: [GC pause (G1 Evacuation Pause) (young)
Desired survivor size 239075328 bytes, new threshold 3 (max 15)
- age   1:   94416976 bytes,   94416976 total
- age   2:   78394896 bytes,  172811872 total
- age   3:   90903248 bytes,  263715120 total
, 0.0612797 secs]
   [Parallel Time: 57.8 ms, GC Workers: 30]
      [GC Worker Start (ms): Min: 100680.4, Avg: 100680.8, Max: 100681.4, Diff: 1.0]
      [Ext Root Scanning (ms): Min: 0.0, Avg: 0.4, Max: 1.7, Diff: 1.7, Sum: 11.7]
      [Update RS (ms): Min: 19.0, Avg: 19.8, Max: 20.2, Diff: 1.2, Sum: 595.3]
         [Processed Buffers: Min: 18, Avg: 22.5, Max: 28, Diff: 10, Sum: 674]
      [Scan RS (ms): Min: 1.5, Avg: 1.8, Max: 2.0, Diff: 0.5, Sum: 53.8]
      [Code Root Scanning (ms): Min: 0.0, Avg: 0.0, Max: 0.0, Diff: 0.0, Sum: 0.0]
      [Object Copy (ms): Min: 34.8, Avg: 34.9, Max: 35.0, Diff: 0.2, Sum: 1046.8]
      [Termination (ms): Min: 0.0, Avg: 0.1, Max: 0.1, Diff: 0.1, Sum: 2.5]
         [Termination Attempts: Min: 2, Avg: 5.0, Max: 8, Diff: 6, Sum: 149]
      [GC Worker Other (ms): Min: 0.0, Avg: 0.1, Max: 0.2, Diff: 0.2, Sum: 2.7]
      [GC Worker Total (ms): Min: 56.5, Avg: 57.1, Max: 57.5, Diff: 1.0, Sum: 1712.9]
      [GC Worker End (ms): Min: 100737.8, Avg: 100737.9, Max: 100738.0, Diff: 0.2]
   [Code Root Fixup: 0.0 ms]
   [Code Root Purge: 0.0 ms]
   [Clear CT: 0.7 ms]
   [Other: 2.8 ms]
      [Choose CSet: 0.0 ms]
      [Ref Proc: 0.4 ms]
      [Ref Enq: 0.0 ms]
      [Redirty Cards: 0.8 ms]
      [Humongous Register: 0.1 ms]
      [Humongous Reclaim: 0.1 ms]
      [Free CSet: 1.0 ms]
   [Eden: 3352.0M(3352.0M)->0.0B(3276.0M) Survivors: 288.0M->268.0M Heap: 7054.0M(8192.0M)->3796.5M(8192.0M)]
 [Times: user=1.74 sys=0.00, real=0.06 secs] 
2018-10-15T09:27:04.155+0200: 100.742: Total time for which application threads were stopped: 0.0625201 seconds, Stopping threads took: 0.0005572 seconds
2018-10-15T09:27:04.500+0200: 101.086: Application time: 0.3447058 seconds
2018-10-15T09:27:04.501+0200: 101.087: [GC pause (G1 Evacuation Pause) (young)
Desired survivor size 232783872 bytes, new threshold 3 (max 15)
- age   1:   77518912 bytes,   77518912 total
- age   2:   90720640 bytes,  168239552 total
- age   3:   77805440 bytes,  246044992 total
, 0.0641801 secs]
   [Parallel Time: 60.5 ms, GC Workers: 30]
      [GC Worker Start (ms): Min: 101087.7, Avg: 101088.3, Max: 101089.1, Diff: 1.4]
      [Ext Root Scanning (ms): Min: 0.0, Avg: 0.3, Max: 1.9, Diff: 1.9, Sum: 10.5]
      [Update RS (ms): Min: 21.9, Avg: 22.6, Max: 23.0, Diff: 1.0, Sum: 677.8]
         [Processed Buffers: Min: 20, Avg: 24.7, Max: 30, Diff: 10, Sum: 741]
      [Scan RS (ms): Min: 1.3, Avg: 1.6, Max: 1.8, Diff: 0.5, Sum: 48.7]
      [Code Root Scanning (ms): Min: 0.0, Avg: 0.0, Max: 0.0, Diff: 0.0, Sum: 0.0]
      [Object Copy (ms): Min: 34.7, Avg: 34.9, Max: 35.0, Diff: 0.3, Sum: 1045.5]
      [Termination (ms): Min: 0.0, Avg: 0.0, Max: 0.0, Diff: 0.0, Sum: 0.1]
         [Termination Attempts: Min: 1, Avg: 1.0, Max: 1, Diff: 0, Sum: 30]
      [GC Worker Other (ms): Min: 0.0, Avg: 0.1, Max: 0.3, Diff: 0.2, Sum: 3.8]
      [GC Worker Total (ms): Min: 58.7, Avg: 59.6, Max: 60.3, Diff: 1.6, Sum: 1786.5]
      [GC Worker End (ms): Min: 101147.7, Avg: 101147.8, Max: 101148.0, Diff: 0.2]
   [Code Root Fixup: 0.0 ms]
   [Code Root Purge: 0.0 ms]
   [Clear CT: 0.8 ms]
   [Other: 2.8 ms]
      [Choose CSet: 0.0 ms]
      [Ref Proc: 0.5 ms]
      [Ref Enq: 0.0 ms]
      [Redirty Cards: 0.8 ms]
      [Humongous Register: 0.1 ms]
      [Humongous Reclaim: 0.1 ms]
      [Free CSet: 1.0 ms]
   [Eden: 3276.0M(3276.0M)->0.0B(3160.0M) Survivors: 268.0M->272.0M Heap: 7072.5M(8192.0M)->3906.5M(8192.0M)]
 [Times: user=1.81 sys=0.00, real=0.07 secs] 
2018-10-15T09:27:04.566+0200: 101.152: Total time for which application threads were stopped: 0.0654985 seconds, Stopping threads took: 0.0005879 seconds
2018-10-15T09:27:04.891+0200: 101.477: Application time: 0.3253361 seconds
2018-10-15T09:27:04.892+0200: 101.478: [GC pause (G1 Evacuation Pause) (young)
Desired survivor size 226492416 bytes, new threshold 3 (max 15)
- age   1:   86036784 bytes,   86036784 total
- age   2:   73135008 bytes,  159171792 total
- age   3:   89439600 bytes,  248611392 total
, 0.0672696 secs]
   [Parallel Time: 63.9 ms, GC Workers: 30]
      [GC Worker Start (ms): Min: 101478.4, Avg: 101479.3, Max: 101480.1, Diff: 1.7]
      [Ext Root Scanning (ms): Min: 0.0, Avg: 0.3, Max: 1.9, Diff: 1.9, Sum: 9.4]
      [Update RS (ms): Min: 27.8, Avg: 28.5, Max: 28.9, Diff: 1.1, Sum: 855.0]
         [Processed Buffers: Min: 27, Avg: 32.7, Max: 40, Diff: 13, Sum: 980]
      [Scan RS (ms): Min: 0.0, Avg: 0.1, Max: 0.2, Diff: 0.2, Sum: 3.9]
      [Code Root Scanning (ms): Min: 0.0, Avg: 0.0, Max: 0.0, Diff: 0.0, Sum: 0.0]
      [Object Copy (ms): Min: 33.6, Avg: 33.8, Max: 33.9, Diff: 0.3, Sum: 1012.9]
      [Termination (ms): Min: 0.0, Avg: 0.0, Max: 0.0, Diff: 0.0, Sum: 0.8]
         [Termination Attempts: Min: 1, Avg: 9.0, Max: 13, Diff: 12, Sum: 269]
      [GC Worker Other (ms): Min: 0.0, Avg: 0.1, Max: 0.2, Diff: 0.2, Sum: 3.3]
      [GC Worker Total (ms): Min: 62.0, Avg: 62.8, Max: 63.8, Diff: 1.8, Sum: 1885.4]
      [GC Worker End (ms): Min: 101542.0, Avg: 101542.1, Max: 101542.2, Diff: 0.2]
   [Code Root Fixup: 0.0 ms]
   [Code Root Purge: 0.0 ms]
   [Clear CT: 0.7 ms]
   [Other: 2.6 ms]
      [Choose CSet: 0.0 ms]
      [Ref Proc: 0.4 ms]
      [Ref Enq: 0.0 ms]
      [Redirty Cards: 0.8 ms]
      [Humongous Register: 0.1 ms]
      [Humongous Reclaim: 0.1 ms]
      [Free CSet: 0.9 ms]
   [Eden: 3160.0M(3160.0M)->0.0B(3056.0M) Survivors: 272.0M->264.0M Heap: 7066.5M(8192.0M)->4022.0M(8192.0M)]
 [Times: user=1.91 sys=0.00, real=0.06 secs] 
2018-10-15T09:27:04.960+0200: 101.546: Total time for which application threads were stopped: 0.0685240 seconds, Stopping threads took: 0.0005635 seconds
2018-10-15T09:27:05.280+0200: 101.866: Application time: 0.3204980 seconds
2018-10-15T09:27:05.281+0200: 101.867: [GC pause (G1 Evacuation Pause) (young) (initial-mark)
Desired survivor size 218103808 bytes, new threshold 3 (max 15)
- age   1:   81564144 bytes,   81564144 total
- age   2:   79347680 bytes,  160911824 total
- age   3:   72925824 bytes,  233837648 total
, 0.0607359 secs]
   [Parallel Time: 57.1 ms, GC Workers: 30]
      [GC Worker Start (ms): Min: 101867.7, Avg: 101868.6, Max: 101869.2, Diff: 1.5]
      [Ext Root Scanning (ms): Min: 1.5, Avg: 2.3, Max: 3.3, Diff: 1.8, Sum: 68.6]
      [Update RS (ms): Min: 17.4, Avg: 18.1, Max: 18.9, Diff: 1.5, Sum: 543.8]
         [Processed Buffers: Min: 15, Avg: 20.3, Max: 27, Diff: 12, Sum: 608]
      [Scan RS (ms): Min: 1.4, Avg: 1.7, Max: 1.9, Diff: 0.5, Sum: 50.7]
      [Code Root Scanning (ms): Min: 0.0, Avg: 0.0, Max: 0.0, Diff: 0.0, Sum: 0.0]
      [Object Copy (ms): Min: 33.4, Avg: 33.6, Max: 33.7, Diff: 0.3, Sum: 1007.4]
      [Termination (ms): Min: 0.0, Avg: 0.0, Max: 0.0, Diff: 0.0, Sum: 0.2]
         [Termination Attempts: Min: 1, Avg: 1.0, Max: 1, Diff: 0, Sum: 30]
      [GC Worker Other (ms): Min: 0.0, Avg: 0.1, Max: 0.2, Diff: 0.2, Sum: 3.7]
      [GC Worker Total (ms): Min: 55.1, Avg: 55.8, Max: 56.7, Diff: 1.6, Sum: 1674.5]
      [GC Worker End (ms): Min: 101924.3, Avg: 101924.4, Max: 101924.5, Diff: 0.2]
   [Code Root Fixup: 0.0 ms]
   [Code Root Purge: 0.0 ms]
   [Clear CT: 0.8 ms]
   [Other: 2.8 ms]
      [Choose CSet: 0.0 ms]
      [Ref Proc: 0.4 ms]
      [Ref Enq: 0.0 ms]
      [Redirty Cards: 0.8 ms]
      [Humongous Register: 0.1 ms]
      [Humongous Reclaim: 0.1 ms]
      [Free CSet: 0.9 ms]
   [Eden: 3056.0M(3056.0M)->0.0B(2956.0M) Survivors: 264.0M->264.0M Heap: 7078.0M(8192.0M)->4122.0M(8192.0M)]
 [Times: user=1.65 sys=0.00, real=0.06 secs] 
2018-10-15T09:27:05.342+0200: 101.928: [GC concurrent-root-region-scan-start]
2018-10-15T09:27:05.342+0200: 101.928: Total time for which application threads were stopped: 0.0620163 seconds, Stopping threads took: 0.0005764 seconds
2018-10-15T09:27:05.412+0200: 101.998: [GC concurrent-root-region-scan-end, 0.0702202 secs]
2018-10-15T09:27:05.412+0200: 101.998: [GC concurrent-mark-start]
2018-10-15T09:27:05.759+0200: 102.345: Application time: 0.4169715 seconds
2018-10-15T09:27:05.760+0200: 102.346: [GC pause (G1 Evacuation Pause) (young)
Desired survivor size 211812352 bytes, new threshold 3 (max 15)
- age   1:   83512536 bytes,   83512536 total
- age   2:   75659760 bytes,  159172296 total
- age   3:   78992088 bytes,  238164384 total
, 0.0636099 secs]
   [Parallel Time: 60.5 ms, GC Workers: 30]
      [GC Worker Start (ms): Min: 102346.3, Avg: 102347.0, Max: 102347.8, Diff: 1.5]
      [Ext Root Scanning (ms): Min: 0.0, Avg: 0.3, Max: 1.9, Diff: 1.9, Sum: 9.7]
      [Update RS (ms): Min: 27.9, Avg: 28.5, Max: 28.9, Diff: 1.0, Sum: 854.3]
         [Processed Buffers: Min: 27, Avg: 32.2, Max: 38, Diff: 11, Sum: 967]
      [Scan RS (ms): Min: 0.0, Avg: 0.1, Max: 0.2, Diff: 0.2, Sum: 3.3]
      [Code Root Scanning (ms): Min: 0.0, Avg: 0.0, Max: 0.0, Diff: 0.0, Sum: 0.0]
      [Object Copy (ms): Min: 30.2, Avg: 30.5, Max: 30.6, Diff: 0.4, Sum: 913.8]
      [Termination (ms): Min: 0.0, Avg: 0.0, Max: 0.0, Diff: 0.0, Sum: 0.1]
         [Termination Attempts: Min: 1, Avg: 1.0, Max: 1, Diff: 0, Sum: 30]
      [GC Worker Other (ms): Min: 0.0, Avg: 0.1, Max: 0.2, Diff: 0.2, Sum: 3.2]
      [GC Worker Total (ms): Min: 58.7, Avg: 59.5, Max: 60.3, Diff: 1.6, Sum: 1784.8]
      [GC Worker End (ms): Min: 102406.4, Avg: 102406.5, Max: 102406.6, Diff: 0.2]
   [Code Root Fixup: 0.0 ms]
   [Code Root Purge: 0.0 ms]
   [Clear CT: 0.7 ms]
   [Other: 2.5 ms]
      [Choose CSet: 0.0 ms]
      [Ref Proc: 0.4 ms]
      [Ref Enq: 0.0 ms]
      [Redirty Cards: 0.7 ms]
      [Humongous Register: 0.1 ms]
      [Humongous Reclaim: 0.1 ms]
      [Free CSet: 0.8 ms]
   [Eden: 2956.0M(2956.0M)->0.0B(2872.0M) Survivors: 264.0M->256.0M Heap: 7078.0M(8192.0M)->4214.0M(8192.0M)]
 [Times: user=1.81 sys=0.00, real=0.07 secs] 
2018-10-15T09:27:05.824+0200: 102.410: Total time for which application threads were stopped: 0.0647729 seconds, Stopping threads took: 0.0004361 seconds
2018-10-15T09:27:05.842+0200: 102.428: [GC concurrent-mark-end, 0.4294961 secs]
2018-10-15T09:27:05.847+0200: 102.433: Application time: 0.0231030 seconds
2018-10-15T09:27:05.847+0200: 102.433: [GC remark 2018-10-15T09:27:05.847+0200: 102.433: [Finalize Marking, 0.0013251 secs] 2018-10-15T09:27:05.849+0200: 102.435: [GC ref-proc, 0.0010903 secs] 2018-10-15T09:27:05.850+0200: 102.436: [Unloading, 0.0116867 secs], 0.0154506 secs]
 [Times: user=0.36 sys=0.00, real=0.01 secs] 
2018-10-15T09:27:05.863+0200: 102.449: Total time for which application threads were stopped: 0.0159165 seconds, Stopping threads took: 0.0000591 seconds
2018-10-15T09:27:05.863+0200: 102.449: Application time: 0.0000669 seconds
2018-10-15T09:27:05.863+0200: 102.449: [GC cleanup 4319M->3243M(8192M), 0.0093537 secs]
 [Times: user=0.24 sys=0.00, real=0.02 secs] 
2018-10-15T09:27:05.873+0200: 102.459: Total time for which application threads were stopped: 0.0098168 seconds, Stopping threads took: 0.0000565 seconds
2018-10-15T09:27:05.873+0200: 102.459: [GC concurrent-cleanup-start]
2018-10-15T09:27:05.874+0200: 102.460: [GC concurrent-cleanup-end, 0.0011245 secs]
2018-10-15T09:27:06.163+0200: 102.749: Application time: 0.2906098 seconds
2018-10-15T09:27:06.164+0200: 102.750: [GC pause (G1 Evacuation Pause) (young)
Desired survivor size 205520896 bytes, new threshold 3 (max 15)
- age   1:   77845456 bytes,   77845456 total
- age   2:   78368104 bytes,  156213560 total
- age   3:   75016016 bytes,  231229576 total
, 0.0625588 secs]
   [Parallel Time: 59.1 ms, GC Workers: 30]
      [GC Worker Start (ms): Min: 102750.9, Avg: 102751.7, Max: 102752.3, Diff: 1.5]
      [Ext Root Scanning (ms): Min: 0.0, Avg: 0.3, Max: 1.8, Diff: 1.8, Sum: 9.2]
      [Update RS (ms): Min: 20.8, Avg: 21.5, Max: 22.0, Diff: 1.2, Sum: 645.6]
         [Processed Buffers: Min: 20, Avg: 24.7, Max: 31, Diff: 11, Sum: 740]
      [Scan RS (ms): Min: 1.3, Avg: 1.6, Max: 1.8, Diff: 0.5, Sum: 47.8]
      [Code Root Scanning (ms): Min: 0.0, Avg: 0.0, Max: 0.0, Diff: 0.0, Sum: 0.0]
      [Object Copy (ms): Min: 34.4, Avg: 34.5, Max: 34.7, Diff: 0.3, Sum: 1035.5]
      [Termination (ms): Min: 0.0, Avg: 0.0, Max: 0.0, Diff: 0.0, Sum: 0.2]
         [Termination Attempts: Min: 1, Avg: 1.0, Max: 1, Diff: 0, Sum: 30]
      [GC Worker Other (ms): Min: 0.0, Avg: 0.1, Max: 0.2, Diff: 0.2, Sum: 3.5]
      [GC Worker Total (ms): Min: 57.4, Avg: 58.1, Max: 59.0, Diff: 1.6, Sum: 1741.8]
      [GC Worker End (ms): Min: 102809.7, Avg: 102809.8, Max: 102809.9, Diff: 0.2]
   [Code Root Fixup: 0.0 ms]
   [Code Root Purge: 0.0 ms]
   [Clear CT: 0.7 ms]
   [Other: 2.7 ms]
      [Choose CSet: 0.0 ms]
      [Ref Proc: 0.5 ms]
      [Ref Enq: 0.0 ms]
      [Redirty Cards: 0.7 ms]
      [Humongous Register: 0.1 ms]
      [Humongous Reclaim: 0.1 ms]
      [Free CSet: 0.9 ms]
   [Eden: 2872.0M(2872.0M)->0.0B(152.0M) Survivors: 256.0M->256.0M Heap: 6010.0M(8192.0M)->3236.0M(8192.0M)]
 [Times: user=1.76 sys=0.00, real=0.06 secs] 
2018-10-15T09:27:06.227+0200: 102.813: Total time for which application threads were stopped: 0.0638532 seconds, Stopping threads took: 0.0006004 seconds
2018-10-15T09:27:06.247+0200: 102.833: Application time: 0.0200308 seconds
2018-10-15T09:27:06.248+0200: 102.834: [GC pause (G1 Evacuation Pause) (mixed)
Desired survivor size 27262976 bytes, new threshold 1 (max 15)
- age   1:   77976816 bytes,   77976816 total
- age   2:   73386520 bytes,  151363336 total
- age   3:   77708856 bytes,  229072192 total
, 0.0480432 secs]
   [Parallel Time: 43.3 ms, GC Workers: 30]
      [GC Worker Start (ms): Min: 102834.2, Avg: 102834.4, Max: 102834.8, Diff: 0.7]
      [Ext Root Scanning (ms): Min: 0.0, Avg: 0.4, Max: 1.4, Diff: 1.4, Sum: 11.4]
      [Update RS (ms): Min: 13.3, Avg: 14.2, Max: 14.4, Diff: 1.1, Sum: 425.4]
         [Processed Buffers: Min: 15, Avg: 21.1, Max: 29, Diff: 14, Sum: 632]
      [Scan RS (ms): Min: 2.6, Avg: 2.8, Max: 3.0, Diff: 0.4, Sum: 83.5]
      [Code Root Scanning (ms): Min: 0.0, Avg: 0.0, Max: 0.2, Diff: 0.2, Sum: 0.3]
      [Object Copy (ms): Min: 25.2, Avg: 25.4, Max: 25.5, Diff: 0.3, Sum: 761.1]
      [Termination (ms): Min: 0.0, Avg: 0.0, Max: 0.1, Diff: 0.1, Sum: 1.2]
         [Termination Attempts: Min: 2, Avg: 7.4, Max: 15, Diff: 13, Sum: 222]
      [GC Worker Other (ms): Min: 0.0, Avg: 0.1, Max: 0.1, Diff: 0.1, Sum: 1.5]
      [GC Worker Total (ms): Min: 42.4, Avg: 42.8, Max: 43.1, Diff: 0.7, Sum: 1284.5]
      [GC Worker End (ms): Min: 102877.2, Avg: 102877.2, Max: 102877.3, Diff: 0.1]
   [Code Root Fixup: 0.0 ms]
   [Code Root Purge: 0.0 ms]
   [Clear CT: 0.8 ms]
   [Other: 3.9 ms]
      [Choose CSet: 0.2 ms]
      [Ref Proc: 0.5 ms]
      [Ref Enq: 0.0 ms]
      [Redirty Cards: 1.1 ms]
      [Humongous Register: 0.1 ms]
      [Humongous Reclaim: 0.0 ms]
      [Free CSet: 1.6 ms]
   [Eden: 152.0M(152.0M)->0.0B(356.0M) Survivors: 256.0M->52.0M Heap: 3388.0M(8192.0M)->2466.0M(8192.0M)]
 [Times: user=1.32 sys=0.00, real=0.05 secs] 
2018-10-15T09:27:06.296+0200: 102.882: Total time for which application threads were stopped: 0.0488236 seconds, Stopping threads took: 0.0001395 seconds
2018-10-15T09:27:06.347+0200: 102.933: Application time: 0.0505759 seconds
2018-10-15T09:27:06.347+0200: 102.933: [GC pause (G1 Evacuation Pause) (mixed)
Desired survivor size 27262976 bytes, new threshold 15 (max 15)
- age   1:    5175536 bytes,    5175536 total
, 0.0308392 secs]
   [Parallel Time: 27.6 ms, GC Workers: 30]
      [GC Worker Start (ms): Min: 102933.6, Avg: 102934.0, Max: 102934.6, Diff: 1.0]
      [Ext Root Scanning (ms): Min: 0.0, Avg: 0.3, Max: 1.4, Diff: 1.4, Sum: 9.3]
      [Update RS (ms): Min: 21.6, Avg: 22.4, Max: 23.0, Diff: 1.4, Sum: 671.0]
         [Processed Buffers: Min: 25, Avg: 31.3, Max: 40, Diff: 15, Sum: 939]
      [Scan RS (ms): Min: 1.0, Avg: 1.5, Max: 1.6, Diff: 0.6, Sum: 44.1]
      [Code Root Scanning (ms): Min: 0.0, Avg: 0.0, Max: 0.1, Diff: 0.1, Sum: 0.3]
      [Object Copy (ms): Min: 2.6, Avg: 2.7, Max: 2.8, Diff: 0.2, Sum: 80.8]
      [Termination (ms): Min: 0.0, Avg: 0.0, Max: 0.0, Diff: 0.0, Sum: 0.9]
         [Termination Attempts: Min: 1, Avg: 9.7, Max: 14, Diff: 13, Sum: 290]
      [GC Worker Other (ms): Min: 0.0, Avg: 0.1, Max: 0.2, Diff: 0.1, Sum: 2.2]
      [GC Worker Total (ms): Min: 26.3, Avg: 27.0, Max: 27.3, Diff: 1.0, Sum: 808.6]
      [GC Worker End (ms): Min: 102960.9, Avg: 102960.9, Max: 102961.0, Diff: 0.2]
   [Code Root Fixup: 0.0 ms]
   [Code Root Purge: 0.0 ms]
   [Clear CT: 0.6 ms]
   [Other: 2.6 ms]
      [Choose CSet: 0.2 ms]
      [Ref Proc: 0.4 ms]
      [Ref Enq: 0.0 ms]
      [Redirty Cards: 0.3 ms]
      [Humongous Register: 0.1 ms]
      [Humongous Reclaim: 0.0 ms]
      [Free CSet: 1.2 ms]
   [Eden: 356.0M(356.0M)->0.0B(356.0M) Survivors: 52.0M->52.0M Heap: 2822.0M(8192.0M)->1706.0M(8192.0M)]
 [Times: user=0.82 sys=0.01, real=0.03 secs] 
2018-10-15T09:27:06.378+0200: 102.964: Total time for which application threads were stopped: 0.0314995 seconds, Stopping threads took: 0.0000767 seconds
2018-10-15T09:27:06.415+0200: 103.001: Application time: 0.0368986 seconds
2018-10-15T09:27:06.416+0200: 103.002: [GC pause (G1 Evacuation Pause) (mixed)
Desired survivor size 27262976 bytes, new threshold 15 (max 15)
- age   1:    8621912 bytes,    8621912 total
- age   2:    4395704 bytes,   13017616 total
, 0.0133923 secs]
   [Parallel Time: 10.6 ms, GC Workers: 30]
      [GC Worker Start (ms): Min: 103002.2, Avg: 103002.7, Max: 103003.2, Diff: 0.9]
      [Ext Root Scanning (ms): Min: 0.0, Avg: 0.3, Max: 1.7, Diff: 1.7, Sum: 9.6]
      [Update RS (ms): Min: 3.3, Avg: 4.0, Max: 4.5, Diff: 1.2, Sum: 120.3]
         [Processed Buffers: Min: 5, Avg: 7.5, Max: 14, Diff: 9, Sum: 225]
      [Scan RS (ms): Min: 0.2, Avg: 0.7, Max: 0.9, Diff: 0.7, Sum: 19.9]
      [Code Root Scanning (ms): Min: 0.0, Avg: 0.0, Max: 0.7, Diff: 0.7, Sum: 1.3]
      [Object Copy (ms): Min: 4.5, Avg: 4.9, Max: 5.0, Diff: 0.4, Sum: 145.8]
      [Termination (ms): Min: 0.0, Avg: 0.0, Max: 0.0, Diff: 0.0, Sum: 0.5]
         [Termination Attempts: Min: 1, Avg: 4.8, Max: 7, Diff: 6, Sum: 145]
      [GC Worker Other (ms): Min: 0.0, Avg: 0.1, Max: 0.1, Diff: 0.1, Sum: 1.6]
      [GC Worker Total (ms): Min: 9.4, Avg: 10.0, Max: 10.4, Diff: 0.9, Sum: 299.0]
      [GC Worker End (ms): Min: 103012.6, Avg: 103012.6, Max: 103012.7, Diff: 0.1]
   [Code Root Fixup: 0.0 ms]
   [Code Root Purge: 0.0 ms]
   [Clear CT: 0.8 ms]
   [Other: 1.9 ms]
      [Choose CSet: 0.1 ms]
      [Ref Proc: 0.5 ms]
      [Ref Enq: 0.0 ms]
      [Redirty Cards: 0.3 ms]
      [Humongous Register: 0.1 ms]
      [Humongous Reclaim: 0.0 ms]
      [Free CSet: 0.5 ms]
   [Eden: 356.0M(356.0M)->0.0B(4876.0M) Survivors: 52.0M->36.0M Heap: 2062.0M(8192.0M)->1490.7M(8192.0M)]
 [Times: user=0.31 sys=0.00, real=0.01 secs] 
2018-10-15T09:27:06.429+0200: 103.015: Total time for which application threads were stopped: 0.0143792 seconds, Stopping threads took: 0.0004396 seconds
2018-10-15T09:27:06.925+0200: 103.511: Application time: 0.4958103 seconds
2018-10-15T09:27:06.926+0200: 103.512: [GC pause (G1 Evacuation Pause) (young)
Desired survivor size 322961408 bytes, new threshold 15 (max 15)
- age   1:   12264048 bytes,   12264048 total
- age   2:    8157000 bytes,   20421048 total
- age   3:    4269136 bytes,   24690184 total
, 0.0413991 secs]
   [Parallel Time: 37.8 ms, GC Workers: 30]
      [GC Worker Start (ms): Min: 103512.6, Avg: 103512.7, Max: 103513.1, Diff: 0.6]
      [Ext Root Scanning (ms): Min: 0.1, Avg: 0.5, Max: 1.8, Diff: 1.7, Sum: 16.3]
      [Update RS (ms): Min: 10.9, Avg: 12.1, Max: 13.5, Diff: 2.6, Sum: 362.9]
         [Processed Buffers: Min: 11, Avg: 14.8, Max: 19, Diff: 8, Sum: 443]
      [Scan RS (ms): Min: 0.0, Avg: 0.2, Max: 0.4, Diff: 0.3, Sum: 6.4]
      [Code Root Scanning (ms): Min: 0.0, Avg: 0.0, Max: 0.0, Diff: 0.0, Sum: 0.1]
      [Object Copy (ms): Min: 23.1, Avg: 24.3, Max: 24.5, Diff: 1.4, Sum: 728.4]
      [Termination (ms): Min: 0.0, Avg: 0.2, Max: 0.2, Diff: 0.2, Sum: 4.9]
         [Termination Attempts: Min: 1, Avg: 60.6, Max: 71, Diff: 70, Sum: 1818]
      [GC Worker Other (ms): Min: 0.0, Avg: 0.1, Max: 0.3, Diff: 0.2, Sum: 4.2]
      [GC Worker Total (ms): Min: 37.0, Avg: 37.4, Max: 37.7, Diff: 0.7, Sum: 1123.2]
      [GC Worker End (ms): Min: 103550.1, Avg: 103550.2, Max: 103550.3, Diff: 0.3]
   [Code Root Fixup: 0.0 ms]
   [Code Root Purge: 0.0 ms]
   [Clear CT: 0.9 ms]
   [Other: 2.7 ms]
      [Choose CSet: 0.0 ms]
      [Ref Proc: 0.5 ms]
      [Ref Enq: 0.0 ms]
      [Redirty Cards: 0.4 ms]
      [Humongous Register: 0.1 ms]
      [Humongous Reclaim: 0.0 ms]
      [Free CSet: 1.4 ms]
   [Eden: 4876.0M(4876.0M)->0.0B(4748.0M) Survivors: 36.0M->164.0M Heap: 6366.7M(8192.0M)->1618.5M(8192.0M)]
 [Times: user=1.15 sys=0.00, real=0.04 secs] 
2018-10-15T09:27:06.968+0200: 103.554: Total time for which application threads were stopped: 0.0426675 seconds, Stopping threads took: 0.0005739 seconds
2018-10-15T09:27:07.458+0200: 104.044: Application time: 0.4900611 seconds
2018-10-15T09:27:07.462+0200: 104.048: [GC pause (G1 Evacuation Pause) (young)
Desired survivor size 322961408 bytes, new threshold 15 (max 15)
- age   1:  116727016 bytes,  116727016 total
- age   2:   11166584 bytes,  127893600 total
- age   3:    8026568 bytes,  135920168 total
- age   4:    4181760 bytes,  140101928 total
, 0.0503459 secs]
   [Parallel Time: 46.8 ms, GC Workers: 30]
      [GC Worker Start (ms): Min: 104048.0, Avg: 104048.9, Max: 104049.6, Diff: 1.6]
      [Ext Root Scanning (ms): Min: 0.0, Avg: 0.3, Max: 1.7, Diff: 1.7, Sum: 8.6]
      [Update RS (ms): Min: 10.3, Avg: 11.0, Max: 11.3, Diff: 1.0, Sum: 328.9]
         [Processed Buffers: Min: 11, Avg: 14.0, Max: 21, Diff: 10, Sum: 420]
      [Scan RS (ms): Min: 0.0, Avg: 0.2, Max: 0.3, Diff: 0.3, Sum: 5.5]
      [Code Root Scanning (ms): Min: 0.0, Avg: 0.0, Max: 0.0, Diff: 0.0, Sum: 0.0]
      [Object Copy (ms): Min: 33.9, Avg: 34.1, Max: 34.2, Diff: 0.2, Sum: 1021.6]
      [Termination (ms): Min: 0.0, Avg: 0.0, Max: 0.0, Diff: 0.0, Sum: 0.6]
         [Termination Attempts: Min: 1, Avg: 5.9, Max: 9, Diff: 8, Sum: 176]
      [GC Worker Other (ms): Min: 0.0, Avg: 0.1, Max: 0.3, Diff: 0.2, Sum: 4.0]
      [GC Worker Total (ms): Min: 44.8, Avg: 45.6, Max: 46.6, Diff: 1.8, Sum: 1369.3]
      [GC Worker End (ms): Min: 104094.4, Avg: 104094.5, Max: 104094.7, Diff: 0.2]
   [Code Root Fixup: 0.0 ms]
   [Code Root Purge: 0.0 ms]
   [Clear CT: 0.7 ms]
   [Other: 2.7 ms]
      [Choose CSet: 0.0 ms]
      [Ref Proc: 0.5 ms]
      [Ref Enq: 0.0 ms]
      [Redirty Cards: 0.4 ms]
      [Humongous Register: 0.1 ms]
      [Humongous Reclaim: 0.1 ms]
      [Free CSet: 1.3 ms]
   [Eden: 4748.0M(4748.0M)->0.0B(4624.0M) Survivors: 164.0M->288.0M Heap: 6366.5M(8192.0M)->1743.5M(8192.0M)]
 [Times: user=1.39 sys=0.00, real=0.06 secs] 
2018-10-15T09:27:07.512+0200: 104.098: Total time for which application threads were stopped: 0.0543195 seconds, Stopping threads took: 0.0032133 seconds
2018-10-15T09:27:07.986+0200: 104.572: Application time: 0.4737266 seconds
2018-10-15T09:27:07.987+0200: 104.573: [GC pause (G1 Evacuation Pause) (young)
Desired survivor size 322961408 bytes, new threshold 15 (max 15)
- age   1:  121698400 bytes,  121698400 total
- age   2:  111207680 bytes,  232906080 total
- age   3:   11136744 bytes,  244042824 total
- age   4:    8021728 bytes,  252064552 total
- age   5:    4167128 bytes,  256231680 total
, 0.0626026 secs]
   [Parallel Time: 58.8 ms, GC Workers: 30]
      [GC Worker Start (ms): Min: 104573.3, Avg: 104573.4, Max: 104573.6, Diff: 0.4]
      [Ext Root Scanning (ms): Min: 0.3, Avg: 0.6, Max: 1.8, Diff: 1.5, Sum: 16.6]
      [Update RS (ms): Min: 9.7, Avg: 10.8, Max: 11.2, Diff: 1.5, Sum: 322.8]
         [Processed Buffers: Min: 11, Avg: 13.9, Max: 18, Diff: 7, Sum: 417]
      [Scan RS (ms): Min: 0.0, Avg: 0.3, Max: 0.4, Diff: 0.3, Sum: 7.5]
      [Code Root Scanning (ms): Min: 0.0, Avg: 0.0, Max: 0.0, Diff: 0.0, Sum: 0.1]
      [Object Copy (ms): Min: 46.1, Avg: 46.4, Max: 46.7, Diff: 0.5, Sum: 1390.7]
      [Termination (ms): Min: 0.0, Avg: 0.3, Max: 0.4, Diff: 0.4, Sum: 10.0]
         [Termination Attempts: Min: 1, Avg: 208.2, Max: 230, Diff: 229, Sum: 6246]
      [GC Worker Other (ms): Min: 0.0, Avg: 0.2, Max: 0.3, Diff: 0.3, Sum: 4.6]
      [GC Worker Total (ms): Min: 58.1, Avg: 58.4, Max: 58.7, Diff: 0.6, Sum: 1752.2]
      [GC Worker End (ms): Min: 104631.7, Avg: 104631.9, Max: 104632.0, Diff: 0.3]
   [Code Root Fixup: 0.0 ms]
   [Code Root Purge: 0.0 ms]
   [Clear CT: 0.9 ms]
   [Other: 2.8 ms]
      [Choose CSet: 0.0 ms]
      [Ref Proc: 0.5 ms]
      [Ref Enq: 0.0 ms]
      [Redirty Cards: 0.5 ms]
      [Humongous Register: 0.1 ms]
      [Humongous Reclaim: 0.0 ms]
      [Free CSet: 1.3 ms]
   [Eden: 4624.0M(4624.0M)->0.0B(4524.0M) Survivors: 288.0M->388.0M Heap: 6367.5M(8192.0M)->1843.5M(8192.0M)]
 [Times: user=1.76 sys=0.01, real=0.06 secs] 
2018-10-15T09:27:08.050+0200: 104.636: Total time for which application threads were stopped: 0.0638253 seconds, Stopping threads took: 0.0005486 seconds
2018-10-15T09:27:08.518+0200: 105.104: Application time: 0.4685245 seconds
2018-10-15T09:27:08.521+0200: 105.107: [GC pause (G1 Evacuation Pause) (young)
Desired survivor size 322961408 bytes, new threshold 3 (max 15)
- age   1:  119755344 bytes,  119755344 total
- age   2:  115289520 bytes,  235044864 total
- age   3:  110583840 bytes,  345628704 total
- age   4:   11135144 bytes,  356763848 total
- age   5:    8020608 bytes,  364784456 total
- age   6:    4165048 bytes,  368949504 total
, 0.0887808 secs]
   [Parallel Time: 84.9 ms, GC Workers: 30]
      [GC Worker Start (ms): Min: 105107.0, Avg: 105107.4, Max: 105107.8, Diff: 0.8]
      [Ext Root Scanning (ms): Min: 0.0, Avg: 0.4, Max: 1.8, Diff: 1.8, Sum: 12.6]
      [Update RS (ms): Min: 10.1, Avg: 11.0, Max: 11.4, Diff: 1.3, Sum: 331.0]
         [Processed Buffers: Min: 11, Avg: 13.6, Max: 19, Diff: 8, Sum: 407]
      [Scan RS (ms): Min: 0.1, Avg: 0.2, Max: 0.4, Diff: 0.3, Sum: 7.0]
      [Code Root Scanning (ms): Min: 0.0, Avg: 0.0, Max: 0.0, Diff: 0.0, Sum: 0.1]
      [Object Copy (ms): Min: 72.2, Avg: 72.3, Max: 72.5, Diff: 0.3, Sum: 2170.5]
      [Termination (ms): Min: 0.2, Avg: 0.2, Max: 0.2, Diff: 0.1, Sum: 5.6]
         [Termination Attempts: Min: 90, Avg: 106.7, Max: 131, Diff: 41, Sum: 3202]
      [GC Worker Other (ms): Min: 0.0, Avg: 0.1, Max: 0.3, Diff: 0.2, Sum: 3.8]
      [GC Worker Total (ms): Min: 83.8, Avg: 84.4, Max: 84.8, Diff: 1.0, Sum: 2530.5]
      [GC Worker End (ms): Min: 105191.6, Avg: 105191.7, Max: 105191.8, Diff: 0.2]
   [Code Root Fixup: 0.0 ms]
   [Code Root Purge: 0.0 ms]
   [Clear CT: 0.8 ms]
   [Other: 3.1 ms]
      [Choose CSet: 0.0 ms]
      [Ref Proc: 0.4 ms]
      [Ref Enq: 0.0 ms]
      [Redirty Cards: 1.0 ms]
      [Humongous Register: 0.1 ms]
      [Humongous Reclaim: 0.0 ms]
      [Free CSet: 1.3 ms]
   [Eden: 4524.0M(4524.0M)->0.0B(4552.0M) Survivors: 388.0M->360.0M Heap: 6367.5M(8192.0M)->1946.2M(8192.0M)]
 [Times: user=2.57 sys=0.00, real=0.09 secs] 
2018-10-15T09:27:08.610+0200: 105.196: Total time for which application threads were stopped: 0.0913581 seconds, Stopping threads took: 0.0018893 seconds
2018-10-15T09:27:09.086+0200: 105.672: Application time: 0.4767001 seconds
2018-10-15T09:27:09.087+0200: 105.674: [GC pause (G1 Evacuation Pause) (young)
Desired survivor size 322961408 bytes, new threshold 3 (max 15)
- age   1:  121128616 bytes,  121128616 total
- age   2:  110242464 bytes,  231371080 total
- age   3:  114577320 bytes,  345948400 total
, 0.0741005 secs]
   [Parallel Time: 70.0 ms, GC Workers: 30]
      [GC Worker Start (ms): Min: 105673.8, Avg: 105674.3, Max: 105674.8, Diff: 1.0]
      [Ext Root Scanning (ms): Min: 0.0, Avg: 0.4, Max: 1.8, Diff: 1.8, Sum: 11.5]
      [Update RS (ms): Min: 15.1, Avg: 16.0, Max: 16.4, Diff: 1.3, Sum: 478.6]
         [Processed Buffers: Min: 12, Avg: 18.0, Max: 29, Diff: 17, Sum: 540]
      [Scan RS (ms): Min: 2.5, Avg: 2.8, Max: 3.1, Diff: 0.5, Sum: 84.9]
      [Code Root Scanning (ms): Min: 0.0, Avg: 0.0, Max: 0.0, Diff: 0.0, Sum: 0.0]
      [Object Copy (ms): Min: 49.7, Avg: 49.8, Max: 49.9, Diff: 0.2, Sum: 1494.6]
      [Termination (ms): Min: 0.0, Avg: 0.1, Max: 0.1, Diff: 0.1, Sum: 2.5]
         [Termination Attempts: Min: 1, Avg: 33.1, Max: 46, Diff: 45, Sum: 993]
      [GC Worker Other (ms): Min: 0.0, Avg: 0.1, Max: 0.3, Diff: 0.2, Sum: 4.4]
      [GC Worker Total (ms): Min: 68.6, Avg: 69.2, Max: 69.7, Diff: 1.2, Sum: 2076.7]
      [GC Worker End (ms): Min: 105743.4, Avg: 105743.5, Max: 105743.6, Diff: 0.3]
   [Code Root Fixup: 0.0 ms]
   [Code Root Purge: 0.0 ms]
   [Clear CT: 0.8 ms]
   [Other: 3.3 ms]
      [Choose CSet: 0.0 ms]
      [Ref Proc: 0.5 ms]
      [Ref Enq: 0.0 ms]
      [Redirty Cards: 0.9 ms]
      [Humongous Register: 0.1 ms]
      [Humongous Reclaim: 0.0 ms]
      [Free CSet: 1.4 ms]
   [Eden: 4552.0M(4552.0M)->0.0B(4556.0M) Survivors: 360.0M->356.0M Heap: 6498.2M(8192.0M)->2082.0M(8192.0M)]
 [Times: user=2.10 sys=0.01, real=0.07 secs] 
2018-10-15T09:27:09.162+0200: 105.748: Total time for which application threads were stopped: 0.0753837 seconds, Stopping threads took: 0.0005748 seconds
2018-10-15T09:27:09.641+0200: 106.228: Application time: 0.4796909 seconds
2018-10-15T09:27:09.643+0200: 106.229: [GC pause (G1 Evacuation Pause) (young)
Desired survivor size 322961408 bytes, new threshold 3 (max 15)
- age   1:  114343344 bytes,  114343344 total
- age   2:  114380472 bytes,  228723816 total
- age   3:  108941240 bytes,  337665056 total
, 0.0699258 secs]
   [Parallel Time: 65.8 ms, GC Workers: 30]
      [GC Worker Start (ms): Min: 106228.9, Avg: 106229.4, Max: 106230.0, Diff: 1.0]
      [Ext Root Scanning (ms): Min: 0.0, Avg: 0.4, Max: 1.9, Diff: 1.9, Sum: 11.6]
      [Update RS (ms): Min: 15.1, Avg: 16.3, Max: 16.7, Diff: 1.6, Sum: 489.8]
         [Processed Buffers: Min: 16, Avg: 19.5, Max: 25, Diff: 9, Sum: 585]
      [Scan RS (ms): Min: 1.5, Avg: 1.8, Max: 1.9, Diff: 0.5, Sum: 52.7]
      [Code Root Scanning (ms): Min: 0.0, Avg: 0.0, Max: 0.0, Diff: 0.0, Sum: 0.0]
      [Object Copy (ms): Min: 46.2, Avg: 46.3, Max: 46.5, Diff: 0.2, Sum: 1390.4]
      [Termination (ms): Min: 0.0, Avg: 0.1, Max: 0.2, Diff: 0.2, Sum: 2.5]
         [Termination Attempts: Min: 1, Avg: 5.2, Max: 10, Diff: 9, Sum: 155]
      [GC Worker Other (ms): Min: 0.0, Avg: 0.1, Max: 0.3, Diff: 0.2, Sum: 3.8]
      [GC Worker Total (ms): Min: 64.3, Avg: 65.0, Max: 65.6, Diff: 1.3, Sum: 1950.9]
      [GC Worker End (ms): Min: 106294.3, Avg: 106294.4, Max: 106294.6, Diff: 0.2]
   [Code Root Fixup: 0.0 ms]
   [Code Root Purge: 0.0 ms]
   [Clear CT: 0.8 ms]
   [Other: 3.3 ms]
      [Choose CSet: 0.0 ms]
      [Ref Proc: 0.5 ms]
      [Ref Enq: 0.0 ms]
      [Redirty Cards: 0.8 ms]
      [Humongous Register: 0.1 ms]
      [Humongous Reclaim: 0.0 ms]
      [Free CSet: 1.4 ms]
   [Eden: 4556.0M(4556.0M)->0.0B(4552.0M) Survivors: 356.0M->360.0M Heap: 6638.0M(8192.0M)->2216.0M(8192.0M)]
 [Times: user=2.00 sys=0.00, real=0.08 secs] 
2018-10-15T09:27:09.713+0200: 106.299: Total time for which application threads were stopped: 0.0712167 seconds, Stopping threads took: 0.0005944 seconds
2018-10-15T09:27:10.178+0200: 106.765: Application time: 0.4657389 seconds
2018-10-15T09:27:10.180+0200: 106.766: [GC pause (G1 Evacuation Pause) (young)
Desired survivor size 322961408 bytes, new threshold 3 (max 15)
- age   1:  116203544 bytes,  116203544 total
- age   2:  105061584 bytes,  221265128 total
- age   3:  112933936 bytes,  334199064 total
, 0.0714521 secs]
   [Parallel Time: 67.6 ms, GC Workers: 30]
      [GC Worker Start (ms): Min: 106765.9, Avg: 106766.2, Max: 106766.6, Diff: 0.7]
      [Ext Root Scanning (ms): Min: 0.0, Avg: 0.5, Max: 1.7, Diff: 1.7, Sum: 13.8]
      [Update RS (ms): Min: 16.7, Avg: 17.8, Max: 18.2, Diff: 1.4, Sum: 534.3]
         [Processed Buffers: Min: 18, Avg: 21.5, Max: 30, Diff: 12, Sum: 645]
      [Scan RS (ms): Min: 1.6, Avg: 1.9, Max: 2.1, Diff: 0.5, Sum: 58.4]
      [Code Root Scanning (ms): Min: 0.0, Avg: 0.0, Max: 0.0, Diff: 0.0, Sum: 0.1]
      [Object Copy (ms): Min: 46.5, Avg: 46.6, Max: 46.8, Diff: 0.3, Sum: 1397.5]
      [Termination (ms): Min: 0.0, Avg: 0.1, Max: 0.1, Diff: 0.1, Sum: 1.7]
         [Termination Attempts: Min: 1, Avg: 28.7, Max: 36, Diff: 35, Sum: 860]
      [GC Worker Other (ms): Min: 0.0, Avg: 0.1, Max: 0.3, Diff: 0.2, Sum: 4.0]
      [GC Worker Total (ms): Min: 66.5, Avg: 67.0, Max: 67.4, Diff: 0.9, Sum: 2009.9]
      [GC Worker End (ms): Min: 106833.0, Avg: 106833.2, Max: 106833.3, Diff: 0.2]
   [Code Root Fixup: 0.0 ms]
   [Code Root Purge: 0.0 ms]
   [Clear CT: 0.8 ms]
   [Other: 3.1 ms]
      [Choose CSet: 0.0 ms]
      [Ref Proc: 0.5 ms]
      [Ref Enq: 0.0 ms]
      [Redirty Cards: 0.7 ms]
      [Humongous Register: 0.1 ms]
      [Humongous Reclaim: 0.0 ms]
      [Free CSet: 1.3 ms]
   [Eden: 4552.0M(4552.0M)->0.0B(4568.0M) Survivors: 360.0M->344.0M Heap: 6768.0M(8192.0M)->2336.0M(8192.0M)]
 [Times: user=2.04 sys=0.01, real=0.07 secs] 
2018-10-15T09:27:10.251+0200: 106.837: Total time for which application threads were stopped: 0.0727584 seconds, Stopping threads took: 0.0006012 seconds
2018-10-15T09:27:10.734+0200: 107.320: Application time: 0.4828559 seconds
2018-10-15T09:27:10.735+0200: 107.321: [GC pause (G1 Evacuation Pause) (young)
Desired survivor size 322961408 bytes, new threshold 3 (max 15)
- age   1:  113607904 bytes,  113607904 total
- age   2:  109671528 bytes,  223279432 total
- age   3:  103878456 bytes,  327157888 total
, 0.0763768 secs]
   [Parallel Time: 71.8 ms, GC Workers: 30]
      [GC Worker Start (ms): Min: 107321.5, Avg: 107322.0, Max: 107322.6, Diff: 1.1]
      [Ext Root Scanning (ms): Min: 0.0, Avg: 0.4, Max: 1.7, Diff: 1.7, Sum: 11.8]
      [Update RS (ms): Min: 19.0, Avg: 20.0, Max: 21.5, Diff: 2.5, Sum: 598.6]
         [Processed Buffers: Min: 20, Avg: 23.3, Max: 31, Diff: 11, Sum: 700]
      [Scan RS (ms): Min: 1.2, Avg: 2.6, Max: 2.8, Diff: 1.7, Sum: 77.1]
      [Code Root Scanning (ms): Min: 0.0, Avg: 0.0, Max: 0.0, Diff: 0.0, Sum: 0.1]
      [Object Copy (ms): Min: 47.9, Avg: 48.0, Max: 48.2, Diff: 0.3, Sum: 1439.0]
      [Termination (ms): Min: 0.1, Avg: 0.1, Max: 0.2, Diff: 0.1, Sum: 3.5]
         [Termination Attempts: Min: 3, Avg: 21.1, Max: 29, Diff: 26, Sum: 633]
      [GC Worker Other (ms): Min: 0.0, Avg: 0.1, Max: 0.3, Diff: 0.2, Sum: 3.8]
      [GC Worker Total (ms): Min: 70.4, Avg: 71.1, Max: 71.7, Diff: 1.2, Sum: 2133.9]
      [GC Worker End (ms): Min: 107393.0, Avg: 107393.1, Max: 107393.3, Diff: 0.2]
   [Code Root Fixup: 0.0 ms]
   [Code Root Purge: 0.0 ms]
   [Clear CT: 1.0 ms]
   [Other: 3.6 ms]
      [Choose CSet: 0.0 ms]
      [Ref Proc: 0.4 ms]
      [Ref Enq: 0.0 ms]
      [Redirty Cards: 0.9 ms]
      [Humongous Register: 0.1 ms]
      [Humongous Reclaim: 0.1 ms]
      [Free CSet: 1.7 ms]
   [Eden: 4568.0M(4568.0M)->0.0B(4508.0M) Survivors: 344.0M->356.0M Heap: 6904.0M(8192.0M)->2478.0M(8192.0M)]
 [Times: user=2.17 sys=0.00, real=0.08 secs] 
2018-10-15T09:27:10.812+0200: 107.398: Total time for which application threads were stopped: 0.0777181 seconds, Stopping threads took: 0.0005768 seconds
2018-10-15T09:27:11.276+0200: 107.862: Application time: 0.4643634 seconds
2018-10-15T09:27:11.281+0200: 107.867: [GC pause (G1 Evacuation Pause) (young)
Desired survivor size 318767104 bytes, new threshold 3 (max 15)
- age   1:  118605200 bytes,  118605200 total
- age   2:  108547144 bytes,  227152344 total
- age   3:  108443992 bytes,  335596336 total
, 0.0743085 secs]
   [Parallel Time: 70.4 ms, GC Workers: 30]
      [GC Worker Start (ms): Min: 107867.2, Avg: 107868.0, Max: 107868.7, Diff: 1.5]
      [Ext Root Scanning (ms): Min: 0.0, Avg: 0.3, Max: 1.8, Diff: 1.8, Sum: 9.6]
      [Update RS (ms): Min: 22.1, Avg: 22.8, Max: 23.1, Diff: 1.1, Sum: 683.5]
         [Processed Buffers: Min: 21, Avg: 25.5, Max: 34, Diff: 13, Sum: 766]
      [Scan RS (ms): Min: 0.8, Avg: 1.0, Max: 1.2, Diff: 0.4, Sum: 30.1]
      [Code Root Scanning (ms): Min: 0.0, Avg: 0.0, Max: 0.0, Diff: 0.0, Sum: 0.1]
      [Object Copy (ms): Min: 44.9, Avg: 45.0, Max: 45.1, Diff: 0.2, Sum: 1349.3]
      [Termination (ms): Min: 0.0, Avg: 0.1, Max: 0.2, Diff: 0.2, Sum: 2.8]
         [Termination Attempts: Min: 1, Avg: 5.0, Max: 9, Diff: 8, Sum: 150]
      [GC Worker Other (ms): Min: 0.0, Avg: 0.1, Max: 0.2, Diff: 0.2, Sum: 3.3]
      [GC Worker Total (ms): Min: 68.6, Avg: 69.3, Max: 70.2, Diff: 1.6, Sum: 2078.6]
      [GC Worker End (ms): Min: 107937.2, Avg: 107937.3, Max: 107937.4, Diff: 0.2]
   [Code Root Fixup: 0.0 ms]
   [Code Root Purge: 0.0 ms]
   [Clear CT: 0.9 ms]
   [Other: 3.0 ms]
      [Choose CSet: 0.0 ms]
      [Ref Proc: 0.4 ms]
      [Ref Enq: 0.0 ms]
      [Redirty Cards: 0.7 ms]
      [Humongous Register: 0.1 ms]
      [Humongous Reclaim: 0.0 ms]
      [Free CSet: 1.4 ms]
   [Eden: 4508.0M(4508.0M)->0.0B(4392.0M) Survivors: 356.0M->348.0M Heap: 6986.0M(8192.0M)->2602.0M(8192.0M)]
 [Times: user=2.11 sys=0.00, real=0.08 secs] 
2018-10-15T09:27:11.355+0200: 107.941: Total time for which application threads were stopped: 0.0791521 seconds, Stopping threads took: 0.0041636 seconds
2018-10-15T09:27:11.813+0200: 108.399: Application time: 0.4574118 seconds
2018-10-15T09:27:11.814+0200: 108.400: [GC pause (G1 Evacuation Pause) (young)
Desired survivor size 312475648 bytes, new threshold 3 (max 15)
- age   1:  113622688 bytes,  113622688 total
- age   2:  111335912 bytes,  224958600 total
- age   3:  107794400 bytes,  332753000 total
, 0.0754687 secs]
   [Parallel Time: 71.2 ms, GC Workers: 30]
      [GC Worker Start (ms): Min: 108400.2, Avg: 108400.6, Max: 108401.2, Diff: 1.1]
      [Ext Root Scanning (ms): Min: 0.0, Avg: 0.4, Max: 1.8, Diff: 1.8, Sum: 10.9]
      [Update RS (ms): Min: 18.5, Avg: 19.4, Max: 19.7, Diff: 1.2, Sum: 582.3]
         [Processed Buffers: Min: 18, Avg: 23.1, Max: 29, Diff: 11, Sum: 694]
      [Scan RS (ms): Min: 1.3, Avg: 1.5, Max: 1.6, Diff: 0.4, Sum: 44.4]
      [Code Root Scanning (ms): Min: 0.0, Avg: 0.0, Max: 0.0, Diff: 0.0, Sum: 0.0]
      [Object Copy (ms): Min: 48.9, Avg: 49.0, Max: 49.1, Diff: 0.2, Sum: 1470.6]
      [Termination (ms): Min: 0.0, Avg: 0.0, Max: 0.0, Diff: 0.0, Sum: 0.2]
         [Termination Attempts: Min: 1, Avg: 1.0, Max: 1, Diff: 0, Sum: 30]
      [GC Worker Other (ms): Min: 0.0, Avg: 0.1, Max: 0.3, Diff: 0.3, Sum: 4.2]
      [GC Worker Total (ms): Min: 69.7, Avg: 70.4, Max: 71.0, Diff: 1.3, Sum: 2112.7]
      [GC Worker End (ms): Min: 108470.9, Avg: 108471.0, Max: 108471.2, Diff: 0.3]
   [Code Root Fixup: 0.0 ms]
   [Code Root Purge: 0.0 ms]
   [Clear CT: 0.9 ms]
   [Other: 3.3 ms]
      [Choose CSet: 0.0 ms]
      [Ref Proc: 0.5 ms]
      [Ref Enq: 0.0 ms]
      [Redirty Cards: 0.9 ms]
      [Humongous Register: 0.1 ms]
      [Humongous Reclaim: 0.0 ms]
      [Free CSet: 1.4 ms]
   [Eden: 4392.0M(4392.0M)->0.0B(4252.0M) Survivors: 348.0M->352.0M Heap: 6994.0M(8192.0M)->2740.0M(8192.0M)]
 [Times: user=2.14 sys=0.00, real=0.07 secs] 
2018-10-15T09:27:11.889+0200: 108.476: Total time for which application threads were stopped: 0.0767153 seconds, Stopping threads took: 0.0005652 seconds
2018-10-15T09:27:12.325+0200: 108.911: Application time: 0.4357437 seconds
2018-10-15T09:27:12.326+0200: 108.912: [GC pause (G1 Evacuation Pause) (young)
Desired survivor size 301989888 bytes, new threshold 3 (max 15)
- age   1:  115440720 bytes,  115440720 total
- age   2:  106890624 bytes,  222331344 total
- age   3:  109450488 bytes,  331781832 total
, 0.0723144 secs]
   [Parallel Time: 68.1 ms, GC Workers: 30]
      [GC Worker Start (ms): Min: 108912.6, Avg: 108913.0, Max: 108913.7, Diff: 1.0]
      [Ext Root Scanning (ms): Min: 0.0, Avg: 0.4, Max: 1.9, Diff: 1.8, Sum: 12.3]
      [Update RS (ms): Min: 20.8, Avg: 21.9, Max: 22.3, Diff: 1.5, Sum: 657.6]
         [Processed Buffers: Min: 22, Avg: 25.2, Max: 32, Diff: 10, Sum: 756]
      [Scan RS (ms): Min: 1.5, Avg: 1.8, Max: 1.9, Diff: 0.5, Sum: 52.8]
      [Code Root Scanning (ms): Min: 0.0, Avg: 0.0, Max: 0.0, Diff: 0.0, Sum: 0.0]
      [Object Copy (ms): Min: 43.1, Avg: 43.2, Max: 43.3, Diff: 0.2, Sum: 1295.1]
      [Termination (ms): Min: 0.0, Avg: 0.0, Max: 0.0, Diff: 0.0, Sum: 0.2]
         [Termination Attempts: Min: 1, Avg: 1.0, Max: 2, Diff: 1, Sum: 31]
      [GC Worker Other (ms): Min: 0.0, Avg: 0.1, Max: 0.3, Diff: 0.3, Sum: 4.2]
      [GC Worker Total (ms): Min: 66.6, Avg: 67.4, Max: 67.9, Diff: 1.3, Sum: 2022.4]
      [GC Worker End (ms): Min: 108980.3, Avg: 108980.4, Max: 108980.5, Diff: 0.3]
   [Code Root Fixup: 0.0 ms]
   [Code Root Purge: 0.0 ms]
   [Clear CT: 1.0 ms]
   [Other: 3.2 ms]
      [Choose CSet: 0.0 ms]
      [Ref Proc: 0.5 ms]
      [Ref Enq: 0.0 ms]
      [Redirty Cards: 0.9 ms]
      [Humongous Register: 0.1 ms]
      [Humongous Reclaim: 0.0 ms]
      [Free CSet: 1.4 ms]
   [Eden: 4252.0M(4252.0M)->0.0B(4172.0M) Survivors: 352.0M->324.0M Heap: 6992.0M(8192.0M)->2846.0M(8192.0M)]
 [Times: user=2.06 sys=0.00, real=0.07 secs] 
2018-10-15T09:27:12.399+0200: 108.985: Total time for which application threads were stopped: 0.0735896 seconds, Stopping threads took: 0.0005530 seconds
2018-10-15T09:27:12.829+0200: 109.415: Application time: 0.4299222 seconds
2018-10-15T09:27:12.830+0200: 109.416: [GC pause (G1 Evacuation Pause) (young)
Desired survivor size 295698432 bytes, new threshold 3 (max 15)
- age   1:   90350784 bytes,   90350784 total
- age   2:  107146376 bytes,  197497160 total
- age   3:  106205648 bytes,  303702808 total
, 0.0685900 secs]
   [Parallel Time: 64.3 ms, GC Workers: 30]
      [GC Worker Start (ms): Min: 109416.2, Avg: 109416.5, Max: 109417.1, Diff: 0.9]
      [Ext Root Scanning (ms): Min: 0.0, Avg: 0.5, Max: 1.7, Diff: 1.7, Sum: 14.0]
      [Update RS (ms): Min: 18.9, Avg: 19.7, Max: 20.6, Diff: 1.8, Sum: 589.8]
         [Processed Buffers: Min: 18, Avg: 22.9, Max: 31, Diff: 13, Sum: 687]
      [Scan RS (ms): Min: 0.6, Avg: 1.6, Max: 1.8, Diff: 1.2, Sum: 46.8]
      [Code Root Scanning (ms): Min: 0.0, Avg: 0.0, Max: 0.0, Diff: 0.0, Sum: 0.0]
      [Object Copy (ms): Min: 41.8, Avg: 41.9, Max: 42.1, Diff: 0.3, Sum: 1258.5]
      [Termination (ms): Min: 0.0, Avg: 0.1, Max: 0.1, Diff: 0.1, Sum: 2.0]
         [Termination Attempts: Min: 2, Avg: 5.4, Max: 8, Diff: 6, Sum: 161]
      [GC Worker Other (ms): Min: 0.0, Avg: 0.1, Max: 0.2, Diff: 0.2, Sum: 3.3]
      [GC Worker Total (ms): Min: 63.2, Avg: 63.8, Max: 64.2, Diff: 1.0, Sum: 1914.4]
      [GC Worker End (ms): Min: 109480.2, Avg: 109480.3, Max: 109480.4, Diff: 0.2]
   [Code Root Fixup: 0.0 ms]
   [Code Root Purge: 0.0 ms]
   [Clear CT: 0.9 ms]
   [Other: 3.3 ms]
      [Choose CSet: 0.0 ms]
      [Ref Proc: 0.6 ms]
      [Ref Enq: 0.0 ms]
      [Redirty Cards: 0.9 ms]
      [Humongous Register: 0.1 ms]
      [Humongous Reclaim: 0.0 ms]
      [Free CSet: 1.2 ms]
   [Eden: 4172.0M(4172.0M)->0.0B(4068.0M) Survivors: 324.0M->312.0M Heap: 7018.0M(8192.0M)->2958.5M(8192.0M)]
 [Times: user=1.95 sys=0.00, real=0.07 secs] 
2018-10-15T09:27:12.899+0200: 109.485: Total time for which application threads were stopped: 0.0698357 seconds, Stopping threads took: 0.0005764 seconds
2018-10-15T09:27:13.316+0200: 109.902: Application time: 0.4176804 seconds
2018-10-15T09:27:13.317+0200: 109.903: [GC pause (G1 Evacuation Pause) (young)
Desired survivor size 287309824 bytes, new threshold 3 (max 15)
- age   1:   99781504 bytes,   99781504 total
- age   2:   84484096 bytes,  184265600 total
- age   3:  106922312 bytes,  291187912 total
, 0.0662477 secs]
   [Parallel Time: 62.5 ms, GC Workers: 30]
      [GC Worker Start (ms): Min: 109903.6, Avg: 109904.3, Max: 109905.0, Diff: 1.4]
      [Ext Root Scanning (ms): Min: 0.0, Avg: 0.3, Max: 1.8, Diff: 1.8, Sum: 9.3]
      [Update RS (ms): Min: 20.4, Avg: 21.2, Max: 22.5, Diff: 2.0, Sum: 636.9]
         [Processed Buffers: Min: 21, Avg: 25.0, Max: 33, Diff: 12, Sum: 749]
      [Scan RS (ms): Min: 0.6, Avg: 1.6, Max: 1.9, Diff: 1.3, Sum: 48.0]
      [Code Root Scanning (ms): Min: 0.0, Avg: 0.0, Max: 0.0, Diff: 0.0, Sum: 0.1]
      [Object Copy (ms): Min: 38.2, Avg: 38.3, Max: 38.4, Diff: 0.2, Sum: 1147.8]
      [Termination (ms): Min: 0.0, Avg: 0.0, Max: 0.0, Diff: 0.0, Sum: 0.2]
         [Termination Attempts: Min: 1, Avg: 1.0, Max: 2, Diff: 1, Sum: 31]
      [GC Worker Other (ms): Min: 0.0, Avg: 0.1, Max: 0.3, Diff: 0.3, Sum: 4.2]
      [GC Worker Total (ms): Min: 60.7, Avg: 61.6, Max: 62.3, Diff: 1.6, Sum: 1846.6]
      [GC Worker End (ms): Min: 109965.7, Avg: 109965.8, Max: 109966.0, Diff: 0.3]
   [Code Root Fixup: 0.0 ms]
   [Code Root Purge: 0.0 ms]
   [Clear CT: 0.9 ms]
   [Other: 2.8 ms]
      [Choose CSet: 0.0 ms]
      [Ref Proc: 0.5 ms]
      [Ref Enq: 0.0 ms]
      [Redirty Cards: 0.6 ms]
      [Humongous Register: 0.1 ms]
      [Humongous Reclaim: 0.0 ms]
      [Free CSet: 1.2 ms]
   [Eden: 4068.0M(4068.0M)->0.0B(3956.0M) Survivors: 312.0M->308.0M Heap: 7026.5M(8192.0M)->3076.0M(8192.0M)]
 [Times: user=1.88 sys=0.00, real=0.07 secs] 
2018-10-15T09:27:13.384+0200: 109.970: Total time for which application threads were stopped: 0.0674999 seconds, Stopping threads took: 0.0005368 seconds
2018-10-15T09:27:13.801+0200: 110.387: Application time: 0.4172366 seconds
2018-10-15T09:27:13.802+0200: 110.388: [GC pause (G1 Evacuation Pause) (young)
Desired survivor size 281018368 bytes, new threshold 3 (max 15)
- age   1:  109027824 bytes,  109027824 total
- age   2:   95166752 bytes,  204194576 total
- age   3:   83316536 bytes,  287511112 total
, 0.0652971 secs]
   [Parallel Time: 61.0 ms, GC Workers: 30]
      [GC Worker Start (ms): Min: 110388.4, Avg: 110389.0, Max: 110389.7, Diff: 1.3]
      [Ext Root Scanning (ms): Min: 0.0, Avg: 0.4, Max: 1.9, Diff: 1.9, Sum: 10.8]
      [Update RS (ms): Min: 19.5, Avg: 20.1, Max: 20.6, Diff: 1.2, Sum: 603.3]
         [Processed Buffers: Min: 18, Avg: 22.7, Max: 29, Diff: 11, Sum: 680]
      [Scan RS (ms): Min: 0.6, Avg: 1.0, Max: 1.2, Diff: 0.6, Sum: 29.5]
      [Code Root Scanning (ms): Min: 0.0, Avg: 0.0, Max: 0.0, Diff: 0.0, Sum: 0.0]
      [Object Copy (ms): Min: 38.5, Avg: 38.6, Max: 38.7, Diff: 0.2, Sum: 1156.8]
      [Termination (ms): Min: 0.0, Avg: 0.0, Max: 0.0, Diff: 0.0, Sum: 0.2]
         [Termination Attempts: Min: 1, Avg: 1.0, Max: 1, Diff: 0, Sum: 30]
      [GC Worker Other (ms): Min: 0.0, Avg: 0.1, Max: 0.3, Diff: 0.3, Sum: 4.3]
      [GC Worker Total (ms): Min: 59.3, Avg: 60.2, Max: 60.8, Diff: 1.5, Sum: 1805.0]
      [GC Worker End (ms): Min: 110449.0, Avg: 110449.1, Max: 110449.3, Diff: 0.3]
   [Code Root Fixup: 0.0 ms]
   [Code Root Purge: 0.0 ms]
   [Clear CT: 0.9 ms]
   [Other: 3.3 ms]
      [Choose CSet: 0.0 ms]
      [Ref Proc: 0.5 ms]
      [Ref Enq: 0.0 ms]
      [Redirty Cards: 0.7 ms]
      [Humongous Register: 0.1 ms]
      [Humongous Reclaim: 0.1 ms]
      [Free CSet: 1.5 ms]
   [Eden: 3956.0M(3956.0M)->0.0B(3836.0M) Survivors: 308.0M->316.0M Heap: 7032.0M(8192.0M)->3188.0M(8192.0M)]
 [Times: user=1.83 sys=0.01, real=0.07 secs] 
2018-10-15T09:27:13.868+0200: 110.454: Total time for which application threads were stopped: 0.0666528 seconds, Stopping threads took: 0.0005613 seconds
2018-10-15T09:27:14.261+0200: 110.847: Application time: 0.3935348 seconds
2018-10-15T09:27:14.262+0200: 110.848: [GC pause (G1 Evacuation Pause) (young)
Desired survivor size 272629760 bytes, new threshold 3 (max 15)
- age   1:  109190416 bytes,  109190416 total
- age   2:  100540000 bytes,  209730416 total
- age   3:   88545752 bytes,  298276168 total
, 0.0686028 secs]
   [Parallel Time: 65.1 ms, GC Workers: 30]
      [GC Worker Start (ms): Min: 110848.6, Avg: 110848.9, Max: 110849.6, Diff: 1.1]
      [Ext Root Scanning (ms): Min: 0.0, Avg: 0.4, Max: 1.9, Diff: 1.9, Sum: 13.1]
      [Update RS (ms): Min: 23.9, Avg: 24.9, Max: 25.9, Diff: 2.0, Sum: 745.5]
         [Processed Buffers: Min: 25, Avg: 29.4, Max: 39, Diff: 14, Sum: 881]
      [Scan RS (ms): Min: 0.0, Avg: 0.2, Max: 0.3, Diff: 0.2, Sum: 4.7]
      [Code Root Scanning (ms): Min: 0.0, Avg: 0.0, Max: 0.0, Diff: 0.0, Sum: 0.0]
      [Object Copy (ms): Min: 38.0, Avg: 38.8, Max: 39.0, Diff: 1.0, Sum: 1164.4]
      [Termination (ms): Min: 0.0, Avg: 0.1, Max: 0.2, Diff: 0.2, Sum: 2.3]
         [Termination Attempts: Min: 1, Avg: 4.5, Max: 8, Diff: 7, Sum: 134]
      [GC Worker Other (ms): Min: 0.0, Avg: 0.1, Max: 0.2, Diff: 0.2, Sum: 2.8]
      [GC Worker Total (ms): Min: 63.7, Avg: 64.4, Max: 64.9, Diff: 1.2, Sum: 1932.9]
      [GC Worker End (ms): Min: 110913.3, Avg: 110913.4, Max: 110913.5, Diff: 0.2]
   [Code Root Fixup: 0.0 ms]
   [Code Root Purge: 0.0 ms]
   [Clear CT: 0.7 ms]
   [Other: 2.8 ms]
      [Choose CSet: 0.0 ms]
      [Ref Proc: 0.5 ms]
      [Ref Enq: 0.0 ms]
      [Redirty Cards: 0.7 ms]
      [Humongous Register: 0.1 ms]
      [Humongous Reclaim: 0.1 ms]
      [Free CSet: 1.1 ms]
   [Eden: 3836.0M(3836.0M)->0.0B(3728.0M) Survivors: 316.0M->316.0M Heap: 7024.0M(8192.0M)->3296.0M(8192.0M)]
 [Times: user=1.95 sys=0.01, real=0.07 secs] 
2018-10-15T09:27:14.331+0200: 110.917: Total time for which application threads were stopped: 0.0698857 seconds, Stopping threads took: 0.0005775 seconds
2018-10-15T09:27:14.731+0200: 111.317: Application time: 0.3995684 seconds
2018-10-15T09:27:14.732+0200: 111.318: [GC pause (G1 Evacuation Pause) (young)
Desired survivor size 266338304 bytes, new threshold 3 (max 15)
- age   1:   94267712 bytes,   94267712 total
- age   2:  100900544 bytes,  195168256 total
- age   3:   99413376 bytes,  294581632 total
, 0.0732010 secs]
   [Parallel Time: 68.5 ms, GC Workers: 30]
      [GC Worker Start (ms): Min: 111318.1, Avg: 111318.5, Max: 111319.1, Diff: 1.0]
      [Ext Root Scanning (ms): Min: 0.0, Avg: 0.4, Max: 1.7, Diff: 1.7, Sum: 12.1]
      [Update RS (ms): Min: 14.9, Avg: 15.9, Max: 17.1, Diff: 2.2, Sum: 476.5]
         [Processed Buffers: Min: 15, Avg: 18.5, Max: 22, Diff: 7, Sum: 555]
      [Scan RS (ms): Min: 0.7, Avg: 2.0, Max: 2.3, Diff: 1.5, Sum: 61.0]
      [Code Root Scanning (ms): Min: 0.0, Avg: 0.0, Max: 0.0, Diff: 0.0, Sum: 0.0]
      [Object Copy (ms): Min: 48.9, Avg: 49.0, Max: 49.4, Diff: 0.5, Sum: 1469.8]
      [Termination (ms): Min: 0.0, Avg: 0.5, Max: 0.5, Diff: 0.5, Sum: 14.1]
         [Termination Attempts: Min: 1, Avg: 193.5, Max: 218, Diff: 217, Sum: 5805]
      [GC Worker Other (ms): Min: 0.0, Avg: 0.1, Max: 0.3, Diff: 0.2, Sum: 4.0]
      [GC Worker Total (ms): Min: 67.3, Avg: 67.9, Max: 68.5, Diff: 1.2, Sum: 2037.5]
      [GC Worker End (ms): Min: 111386.3, Avg: 111386.5, Max: 111386.6, Diff: 0.2]
   [Code Root Fixup: 0.0 ms]
   [Code Root Purge: 0.0 ms]
   [Clear CT: 0.9 ms]
   [Other: 3.8 ms]
      [Choose CSet: 0.0 ms]
      [Ref Proc: 0.5 ms]
      [Ref Enq: 0.0 ms]
      [Redirty Cards: 0.8 ms]
      [Humongous Register: 0.1 ms]
      [Humongous Reclaim: 0.1 ms]
      [Free CSet: 1.8 ms]
   [Eden: 3728.0M(3728.0M)->0.0B(3640.0M) Survivors: 316.0M->300.0M Heap: 7024.0M(8192.0M)->3404.0M(8192.0M)]
 [Times: user=2.07 sys=0.00, real=0.07 secs] 
2018-10-15T09:27:14.805+0200: 111.391: Total time for which application threads were stopped: 0.0746100 seconds, Stopping threads took: 0.0005727 seconds
2018-10-15T09:27:15.194+0200: 111.780: Application time: 0.3890181 seconds
2018-10-15T09:27:15.195+0200: 111.781: [GC pause (G1 Evacuation Pause) (young)
Desired survivor size 260046848 bytes, new threshold 3 (max 15)
- age   1:   90419592 bytes,   90419592 total
- age   2:   89271824 bytes,  179691416 total
- age   3:  100162216 bytes,  279853632 total
, 0.0656071 secs]
   [Parallel Time: 62.1 ms, GC Workers: 30]
      [GC Worker Start (ms): Min: 111781.7, Avg: 111782.1, Max: 111782.9, Diff: 1.2]
      [Ext Root Scanning (ms): Min: 0.0, Avg: 0.4, Max: 1.9, Diff: 1.8, Sum: 11.9]
      [Update RS (ms): Min: 17.3, Avg: 18.2, Max: 18.6, Diff: 1.3, Sum: 546.7]
         [Processed Buffers: Min: 15, Avg: 20.3, Max: 26, Diff: 11, Sum: 609]
      [Scan RS (ms): Min: 1.9, Avg: 2.1, Max: 2.4, Diff: 0.5, Sum: 64.0]
      [Code Root Scanning (ms): Min: 0.0, Avg: 0.0, Max: 0.0, Diff: 0.0, Sum: 0.0]
      [Object Copy (ms): Min: 40.5, Avg: 40.6, Max: 40.7, Diff: 0.3, Sum: 1217.1]
      [Termination (ms): Min: 0.0, Avg: 0.1, Max: 0.1, Diff: 0.1, Sum: 1.8]
         [Termination Attempts: Min: 1, Avg: 37.2, Max: 47, Diff: 46, Sum: 1116]
      [GC Worker Other (ms): Min: 0.0, Avg: 0.1, Max: 0.3, Diff: 0.2, Sum: 3.9]
      [GC Worker Total (ms): Min: 60.8, Avg: 61.5, Max: 62.0, Diff: 1.2, Sum: 1845.5]
      [GC Worker End (ms): Min: 111843.5, Avg: 111843.7, Max: 111843.8, Diff: 0.2]
   [Code Root Fixup: 0.0 ms]
   [Code Root Purge: 0.0 ms]
   [Clear CT: 0.7 ms]
   [Other: 2.8 ms]
      [Choose CSet: 0.0 ms]
      [Ref Proc: 0.5 ms]
      [Ref Enq: 0.0 ms]
      [Redirty Cards: 0.7 ms]
      [Humongous Register: 0.1 ms]
      [Humongous Reclaim: 0.1 ms]
      [Free CSet: 1.1 ms]
   [Eden: 3640.0M(3640.0M)->0.0B(3536.0M) Survivors: 300.0M->288.0M Heap: 7044.0M(8192.0M)->3520.0M(8192.0M)]
 [Times: user=1.88 sys=0.00, real=0.06 secs] 
2018-10-15T09:27:15.261+0200: 111.847: Total time for which application threads were stopped: 0.0668919 seconds, Stopping threads took: 0.0005590 seconds
2018-10-15T09:27:15.634+0200: 112.220: Application time: 0.3727912 seconds
2018-10-15T09:27:15.635+0200: 112.221: [GC pause (G1 Evacuation Pause) (young)
Desired survivor size 251658240 bytes, new threshold 3 (max 15)
- age   1:   97020664 bytes,   97020664 total
- age   2:   85541696 bytes,  182562360 total
- age   3:   87346920 bytes,  269909280 total
, 0.0646754 secs]
   [Parallel Time: 60.1 ms, GC Workers: 30]
      [GC Worker Start (ms): Min: 112221.3, Avg: 112222.0, Max: 112222.8, Diff: 1.4]
      [Ext Root Scanning (ms): Min: 0.0, Avg: 0.4, Max: 1.8, Diff: 1.8, Sum: 11.2]
      [Update RS (ms): Min: 18.5, Avg: 19.4, Max: 19.7, Diff: 1.3, Sum: 581.2]
         [Processed Buffers: Min: 16, Avg: 22.3, Max: 29, Diff: 13, Sum: 668]
      [Scan RS (ms): Min: 1.6, Avg: 1.9, Max: 2.1, Diff: 0.5, Sum: 56.5]
      [Code Root Scanning (ms): Min: 0.0, Avg: 0.0, Max: 0.0, Diff: 0.0, Sum: 0.0]
      [Object Copy (ms): Min: 37.3, Avg: 37.4, Max: 37.5, Diff: 0.2, Sum: 1122.0]
      [Termination (ms): Min: 0.0, Avg: 0.1, Max: 0.1, Diff: 0.1, Sum: 2.0]
         [Termination Attempts: Min: 1, Avg: 26.3, Max: 33, Diff: 32, Sum: 788]
      [GC Worker Other (ms): Min: 0.0, Avg: 0.1, Max: 0.3, Diff: 0.2, Sum: 3.7]
      [GC Worker Total (ms): Min: 58.3, Avg: 59.2, Max: 59.9, Diff: 1.6, Sum: 1776.6]
      [GC Worker End (ms): Min: 112281.1, Avg: 112281.2, Max: 112281.3, Diff: 0.2]
   [Code Root Fixup: 0.0 ms]
   [Code Root Purge: 0.0 ms]
   [Clear CT: 0.8 ms]
   [Other: 3.7 ms]
      [Choose CSet: 0.0 ms]
      [Ref Proc: 0.5 ms]
      [Ref Enq: 0.0 ms]
      [Redirty Cards: 0.8 ms]
      [Humongous Register: 0.1 ms]
      [Humongous Reclaim: 0.1 ms]
      [Free CSet: 1.7 ms]
   [Eden: 3536.0M(3536.0M)->0.0B(3428.0M) Survivors: 288.0M->288.0M Heap: 7056.0M(8192.0M)->3626.0M(8192.0M)]
 [Times: user=1.81 sys=0.00, real=0.06 secs] 
2018-10-15T09:27:15.700+0200: 112.286: Total time for which application threads were stopped: 0.0660269 seconds, Stopping threads took: 0.0005566 seconds
2018-10-15T09:27:16.058+0200: 112.644: Application time: 0.3579518 seconds
2018-10-15T09:27:16.062+0200: 112.648: [GC pause (G1 Evacuation Pause) (young)
Desired survivor size 245366784 bytes, new threshold 3 (max 15)
- age   1:   89107328 bytes,   89107328 total
- age   2:   89371656 bytes,  178478984 total
- age   3:   84849832 bytes,  263328816 total
, 0.0641813 secs]
   [Parallel Time: 60.6 ms, GC Workers: 30]
      [GC Worker Start (ms): Min: 112648.0, Avg: 112648.8, Max: 112649.5, Diff: 1.5]
      [Ext Root Scanning (ms): Min: 0.0, Avg: 0.3, Max: 1.8, Diff: 1.8, Sum: 9.8]
      [Update RS (ms): Min: 20.4, Avg: 21.2, Max: 21.8, Diff: 1.3, Sum: 635.4]
         [Processed Buffers: Min: 20, Avg: 24.2, Max: 33, Diff: 13, Sum: 727]
      [Scan RS (ms): Min: 0.9, Avg: 1.6, Max: 1.7, Diff: 0.9, Sum: 47.4]
      [Code Root Scanning (ms): Min: 0.0, Avg: 0.0, Max: 0.0, Diff: 0.0, Sum: 0.0]
      [Object Copy (ms): Min: 36.3, Avg: 36.4, Max: 36.5, Diff: 0.2, Sum: 1092.6]
      [Termination (ms): Min: 0.0, Avg: 0.0, Max: 0.0, Diff: 0.0, Sum: 0.9]
         [Termination Attempts: Min: 1, Avg: 10.4, Max: 15, Diff: 14, Sum: 311]
      [GC Worker Other (ms): Min: 0.0, Avg: 0.1, Max: 0.2, Diff: 0.2, Sum: 3.7]
      [GC Worker Total (ms): Min: 58.9, Avg: 59.7, Max: 60.4, Diff: 1.5, Sum: 1789.9]
      [GC Worker End (ms): Min: 112708.3, Avg: 112708.4, Max: 112708.5, Diff: 0.2]
   [Code Root Fixup: 0.0 ms]
   [Code Root Purge: 0.0 ms]
   [Clear CT: 0.8 ms]
   [Other: 2.8 ms]
      [Choose CSet: 0.0 ms]
      [Ref Proc: 0.5 ms]
      [Ref Enq: 0.0 ms]
      [Redirty Cards: 0.7 ms]
      [Humongous Register: 0.1 ms]
      [Humongous Reclaim: 0.1 ms]
      [Free CSet: 1.0 ms]
   [Eden: 3428.0M(3428.0M)->0.0B(3320.0M) Survivors: 288.0M->284.0M Heap: 7054.0M(8192.0M)->3740.0M(8192.0M)]
 [Times: user=1.81 sys=0.01, real=0.07 secs] 
2018-10-15T09:27:16.126+0200: 112.712: Total time for which application threads were stopped: 0.0680456 seconds, Stopping threads took: 0.0031725 seconds
2018-10-15T09:27:16.465+0200: 113.051: Application time: 0.3390024 seconds
2018-10-15T09:27:16.466+0200: 113.052: [GC pause (G1 Evacuation Pause) (young)
Desired survivor size 236978176 bytes, new threshold 3 (max 15)
- age   1:   94623040 bytes,   94623040 total
- age   2:   82516664 bytes,  177139704 total
- age   3:   88662856 bytes,  265802560 total
, 0.0650355 secs]
   [Parallel Time: 61.4 ms, GC Workers: 30]
      [GC Worker Start (ms): Min: 113052.4, Avg: 113052.7, Max: 113053.3, Diff: 0.9]
      [Ext Root Scanning (ms): Min: 0.0, Avg: 0.4, Max: 1.8, Diff: 1.8, Sum: 12.9]
      [Update RS (ms): Min: 18.4, Avg: 19.6, Max: 20.2, Diff: 1.8, Sum: 588.7]
         [Processed Buffers: Min: 19, Avg: 22.0, Max: 31, Diff: 12, Sum: 659]
      [Scan RS (ms): Min: 0.7, Avg: 1.3, Max: 1.6, Diff: 0.9, Sum: 40.2]
      [Code Root Scanning (ms): Min: 0.0, Avg: 0.0, Max: 0.0, Diff: 0.0, Sum: 0.0]
      [Object Copy (ms): Min: 39.3, Avg: 39.4, Max: 39.4, Diff: 0.2, Sum: 1180.6]
      [Termination (ms): Min: 0.0, Avg: 0.0, Max: 0.0, Diff: 0.0, Sum: 0.4]
         [Termination Attempts: Min: 1, Avg: 1.5, Max: 3, Diff: 2, Sum: 45]
      [GC Worker Other (ms): Min: 0.0, Avg: 0.1, Max: 0.2, Diff: 0.2, Sum: 3.7]
      [GC Worker Total (ms): Min: 60.3, Avg: 60.9, Max: 61.4, Diff: 1.1, Sum: 1826.6]
      [GC Worker End (ms): Min: 113113.5, Avg: 113113.6, Max: 113113.8, Diff: 0.2]
   [Code Root Fixup: 0.0 ms]
   [Code Root Purge: 0.0 ms]
   [Clear CT: 0.8 ms]
   [Other: 2.8 ms]
      [Choose CSet: 0.0 ms]
      [Ref Proc: 0.5 ms]
      [Ref Enq: 0.0 ms]
      [Redirty Cards: 0.8 ms]
      [Humongous Register: 0.1 ms]
      [Humongous Reclaim: 0.1 ms]
      [Free CSet: 1.0 ms]
   [Eden: 3320.0M(3320.0M)->0.0B(3216.0M) Survivors: 284.0M->276.0M Heap: 7060.0M(8192.0M)->3850.0M(8192.0M)]
 [Times: user=1.86 sys=0.00, real=0.06 secs] 
2018-10-15T09:27:16.531+0200: 113.117: Total time for which application threads were stopped: 0.0662722 seconds, Stopping threads took: 0.0005514 seconds
2018-10-15T09:27:16.857+0200: 113.443: Application time: 0.3261247 seconds
2018-10-15T09:27:16.858+0200: 113.444: [GC pause (G1 Evacuation Pause) (young)
Desired survivor size 230686720 bytes, new threshold 3 (max 15)
- age   1:   88381056 bytes,   88381056 total
- age   2:   91228104 bytes,  179609160 total
- age   3:   81803024 bytes,  261412184 total
, 0.0688792 secs]
   [Parallel Time: 65.7 ms, GC Workers: 30]
      [GC Worker Start (ms): Min: 113444.8, Avg: 113444.9, Max: 113445.3, Diff: 0.5]
      [Ext Root Scanning (ms): Min: 0.2, Avg: 0.5, Max: 1.8, Diff: 1.6, Sum: 16.3]
      [Update RS (ms): Min: 28.4, Avg: 29.5, Max: 30.0, Diff: 1.5, Sum: 885.7]
         [Processed Buffers: Min: 29, Avg: 34.2, Max: 45, Diff: 16, Sum: 1026]
      [Scan RS (ms): Min: 0.0, Avg: 0.1, Max: 0.2, Diff: 0.2, Sum: 3.5]
      [Code Root Scanning (ms): Min: 0.0, Avg: 0.0, Max: 0.0, Diff: 0.0, Sum: 0.0]
      [Object Copy (ms): Min: 34.7, Avg: 35.0, Max: 35.2, Diff: 0.5, Sum: 1049.3]
      [Termination (ms): Min: 0.0, Avg: 0.0, Max: 0.0, Diff: 0.0, Sum: 0.2]
         [Termination Attempts: Min: 1, Avg: 1.0, Max: 1, Diff: 0, Sum: 30]
      [GC Worker Other (ms): Min: 0.0, Avg: 0.1, Max: 0.2, Diff: 0.2, Sum: 3.6]
      [GC Worker Total (ms): Min: 64.9, Avg: 65.3, Max: 65.6, Diff: 0.6, Sum: 1958.7]
      [GC Worker End (ms): Min: 113510.1, Avg: 113510.2, Max: 113510.3, Diff: 0.2]
   [Code Root Fixup: 0.0 ms]
   [Code Root Purge: 0.0 ms]
   [Clear CT: 0.6 ms]
   [Other: 2.6 ms]
      [Choose CSet: 0.0 ms]
      [Ref Proc: 0.5 ms]
      [Ref Enq: 0.0 ms]
      [Redirty Cards: 0.7 ms]
      [Humongous Register: 0.1 ms]
      [Humongous Reclaim: 0.1 ms]
      [Free CSet: 0.9 ms]
   [Eden: 3216.0M(3216.0M)->0.0B(3088.0M) Survivors: 276.0M->288.0M Heap: 7066.0M(8192.0M)->3968.0M(8192.0M)]
 [Times: user=1.97 sys=0.01, real=0.07 secs] 
2018-10-15T09:27:16.928+0200: 113.514: Total time for which application threads were stopped: 0.0701509 seconds, Stopping threads took: 0.0005631 seconds
2018-10-15T09:27:17.247+0200: 113.833: Application time: 0.3192358 seconds
2018-10-15T09:27:17.248+0200: 113.834: [GC pause (G1 Evacuation Pause) (young) (initial-mark)
Desired survivor size 222298112 bytes, new threshold 3 (max 15)
- age   1:   92440264 bytes,   92440264 total
- age   2:   83988448 bytes,  176428712 total
- age   3:   90206624 bytes,  266635336 total
, 0.0653586 secs]
   [Parallel Time: 61.8 ms, GC Workers: 30]
      [GC Worker Start (ms): Min: 113834.6, Avg: 113835.4, Max: 113836.2, Diff: 1.6]
      [Ext Root Scanning (ms): Min: 1.4, Avg: 2.2, Max: 3.0, Diff: 1.6, Sum: 65.0]
      [Update RS (ms): Min: 18.1, Avg: 18.8, Max: 19.5, Diff: 1.4, Sum: 562.6]
         [Processed Buffers: Min: 18, Avg: 21.6, Max: 29, Diff: 11, Sum: 649]
      [Scan RS (ms): Min: 1.7, Avg: 1.9, Max: 2.0, Diff: 0.4, Sum: 56.0]
      [Code Root Scanning (ms): Min: 0.0, Avg: 0.0, Max: 0.0, Diff: 0.0, Sum: 0.0]
      [Object Copy (ms): Min: 37.5, Avg: 37.6, Max: 37.7, Diff: 0.2, Sum: 1127.0]
      [Termination (ms): Min: 0.0, Avg: 0.1, Max: 0.1, Diff: 0.1, Sum: 3.1]
         [Termination Attempts: Min: 1, Avg: 52.0, Max: 61, Diff: 60, Sum: 1559]
      [GC Worker Other (ms): Min: 0.0, Avg: 0.1, Max: 0.2, Diff: 0.2, Sum: 3.8]
      [GC Worker Total (ms): Min: 59.7, Avg: 60.6, Max: 61.3, Diff: 1.6, Sum: 1817.6]
      [GC Worker End (ms): Min: 113895.9, Avg: 113896.0, Max: 113896.1, Diff: 0.2]
   [Code Root Fixup: 0.0 ms]
   [Code Root Purge: 0.0 ms]
   [Clear CT: 0.8 ms]
   [Other: 2.8 ms]
      [Choose CSet: 0.0 ms]
      [Ref Proc: 0.5 ms]
      [Ref Enq: 0.0 ms]
      [Redirty Cards: 0.6 ms]
      [Humongous Register: 0.1 ms]
      [Humongous Reclaim: 0.1 ms]
      [Free CSet: 0.9 ms]
   [Eden: 3088.0M(3088.0M)->0.0B(3008.0M) Survivors: 288.0M->268.0M Heap: 7056.0M(8192.0M)->4064.0M(8192.0M)]
 [Times: user=1.80 sys=0.00, real=0.07 secs] 
2018-10-15T09:27:17.313+0200: 113.899: [GC concurrent-root-region-scan-start]
2018-10-15T09:27:17.313+0200: 113.900: Total time for which application threads were stopped: 0.0666704 seconds, Stopping threads took: 0.0006102 seconds
2018-10-15T09:27:17.384+0200: 113.970: [GC concurrent-root-region-scan-end, 0.0700928 secs]
2018-10-15T09:27:17.384+0200: 113.970: [GC concurrent-mark-start]
2018-10-15T09:27:17.739+0200: 114.325: Application time: 0.4254501 seconds
2018-10-15T09:27:17.740+0200: 114.326: [GC pause (G1 Evacuation Pause) (young)
Desired survivor size 216006656 bytes, new threshold 3 (max 15)
- age   1:   71875952 bytes,   71875952 total
- age   2:   86852416 bytes,  158728368 total
- age   3:   83682432 bytes,  242410800 total
, 0.0651395 secs]
   [Parallel Time: 61.4 ms, GC Workers: 30]
      [GC Worker Start (ms): Min: 114326.2, Avg: 114327.1, Max: 114327.8, Diff: 1.6]
      [Ext Root Scanning (ms): Min: 0.0, Avg: 0.3, Max: 1.7, Diff: 1.7, Sum: 8.7]
      [Update RS (ms): Min: 21.1, Avg: 21.5, Max: 22.0, Diff: 0.9, Sum: 646.5]
         [Processed Buffers: Min: 19, Avg: 23.7, Max: 30, Diff: 11, Sum: 711]
      [Scan RS (ms): Min: 1.5, Avg: 1.8, Max: 1.9, Diff: 0.4, Sum: 53.2]
      [Code Root Scanning (ms): Min: 0.0, Avg: 0.0, Max: 0.0, Diff: 0.0, Sum: 0.0]
      [Object Copy (ms): Min: 36.3, Avg: 36.4, Max: 36.6, Diff: 0.3, Sum: 1093.0]
      [Termination (ms): Min: 0.1, Avg: 0.1, Max: 0.3, Diff: 0.2, Sum: 3.7]
         [Termination Attempts: Min: 2, Avg: 16.6, Max: 23, Diff: 21, Sum: 499]
      [GC Worker Other (ms): Min: 0.0, Avg: 0.1, Max: 0.2, Diff: 0.2, Sum: 2.4]
      [GC Worker Total (ms): Min: 59.5, Avg: 60.3, Max: 61.3, Diff: 1.8, Sum: 1807.8]
      [GC Worker End (ms): Min: 114387.3, Avg: 114387.4, Max: 114387.5, Diff: 0.2]
   [Code Root Fixup: 0.0 ms]
   [Code Root Purge: 0.0 ms]
   [Clear CT: 0.8 ms]
   [Other: 2.9 ms]
      [Choose CSet: 0.0 ms]
      [Ref Proc: 0.5 ms]
      [Ref Enq: 0.0 ms]
      [Redirty Cards: 0.9 ms]
      [Humongous Register: 0.1 ms]
      [Humongous Reclaim: 0.1 ms]
      [Free CSet: 0.9 ms]
   [Eden: 3008.0M(3008.0M)->0.0B(2936.0M) Survivors: 268.0M->248.0M Heap: 7072.0M(8192.0M)->4158.0M(8192.0M)]
 [Times: user=1.83 sys=0.00, real=0.07 secs] 
2018-10-15T09:27:17.805+0200: 114.391: Total time for which application threads were stopped: 0.0661771 seconds, Stopping threads took: 0.0003697 seconds
2018-10-15T09:27:17.840+0200: 114.426: [GC concurrent-mark-end, 0.4559680 secs]
2018-10-15T09:27:17.843+0200: 114.429: Application time: 0.0381779 seconds
2018-10-15T09:27:17.844+0200: 114.430: [GC remark 2018-10-15T09:27:17.844+0200: 114.430: [Finalize Marking, 0.0005986 secs] 2018-10-15T09:27:17.845+0200: 114.431: [GC ref-proc, 0.0011271 secs] 2018-10-15T09:27:17.846+0200: 114.432: [Unloading, 0.0109433 secs], 0.0140603 secs]
 [Times: user=0.32 sys=0.00, real=0.01 secs] 
2018-10-15T09:27:17.858+0200: 114.444: Total time for which application threads were stopped: 0.0147352 seconds, Stopping threads took: 0.0002607 seconds
2018-10-15T09:27:17.858+0200: 114.444: Application time: 0.0000645 seconds
2018-10-15T09:27:17.859+0200: 114.445: [GC cleanup 4423M->3339M(8192M), 0.0090626 secs]
 [Times: user=0.23 sys=0.00, real=0.01 secs] 
2018-10-15T09:27:17.868+0200: 114.454: Total time for which application threads were stopped: 0.0095450 seconds, Stopping threads took: 0.0001097 seconds
2018-10-15T09:27:17.868+0200: 114.454: [GC concurrent-cleanup-start]
2018-10-15T09:27:17.869+0200: 114.455: [GC concurrent-cleanup-end, 0.0010817 secs]
2018-10-15T09:27:18.145+0200: 114.731: Application time: 0.2777386 seconds
2018-10-15T09:27:18.146+0200: 114.732: [GC pause (G1 Evacuation Pause) (young)
Desired survivor size 209715200 bytes, new threshold 3 (max 15)
- age   1:   78593096 bytes,   78593096 total
- age   2:   68393352 bytes,  146986448 total
- age   3:   85869544 bytes,  232855992 total
, 0.0646482 secs]
   [Parallel Time: 61.4 ms, GC Workers: 30]
      [GC Worker Start (ms): Min: 114732.8, Avg: 114733.4, Max: 114734.0, Diff: 1.2]
      [Ext Root Scanning (ms): Min: 0.0, Avg: 0.4, Max: 1.7, Diff: 1.7, Sum: 10.8]
      [Update RS (ms): Min: 21.5, Avg: 22.3, Max: 22.8, Diff: 1.3, Sum: 669.4]
         [Processed Buffers: Min: 19, Avg: 25.9, Max: 35, Diff: 16, Sum: 776]
      [Scan RS (ms): Min: 1.4, Avg: 1.8, Max: 2.0, Diff: 0.6, Sum: 54.5]
      [Code Root Scanning (ms): Min: 0.0, Avg: 0.0, Max: 0.0, Diff: 0.0, Sum: 0.0]
      [Object Copy (ms): Min: 35.6, Avg: 35.8, Max: 36.0, Diff: 0.4, Sum: 1073.3]
      [Termination (ms): Min: 0.0, Avg: 0.2, Max: 0.2, Diff: 0.2, Sum: 6.2]
         [Termination Attempts: Min: 1, Avg: 130.6, Max: 144, Diff: 143, Sum: 3919]
      [GC Worker Other (ms): Min: 0.0, Avg: 0.1, Max: 0.2, Diff: 0.2, Sum: 3.5]
      [GC Worker Total (ms): Min: 60.0, Avg: 60.6, Max: 61.3, Diff: 1.3, Sum: 1817.7]
      [GC Worker End (ms): Min: 114793.9, Avg: 114794.0, Max: 114794.1, Diff: 0.2]
   [Code Root Fixup: 0.0 ms]
   [Code Root Purge: 0.0 ms]
   [Clear CT: 0.6 ms]
   [Other: 2.6 ms]
      [Choose CSet: 0.0 ms]
      [Ref Proc: 0.3 ms]
      [Ref Enq: 0.0 ms]
      [Redirty Cards: 0.8 ms]
      [Humongous Register: 0.1 ms]
      [Humongous Reclaim: 0.1 ms]
      [Free CSet: 0.9 ms]
   [Eden: 2936.0M(2936.0M)->0.0B(172.0M) Survivors: 248.0M->236.0M Heap: 6010.0M(8192.0M)->3176.0M(8192.0M)]
 [Times: user=1.84 sys=0.00, real=0.06 secs] 
2018-10-15T09:27:18.211+0200: 114.797: Total time for which application threads were stopped: 0.0658724 seconds, Stopping threads took: 0.0005320 seconds
2018-10-15T09:27:18.236+0200: 114.822: Application time: 0.0245662 seconds
2018-10-15T09:27:18.237+0200: 114.823: [GC pause (G1 Evacuation Pause) (mixed)
Desired survivor size 27262976 bytes, new threshold 1 (max 15)
- age   1:   74761192 bytes,   74761192 total
- age   2:   75344440 bytes,  150105632 total
- age   3:   67596104 bytes,  217701736 total
, 0.0497276 secs]
   [Parallel Time: 45.6 ms, GC Workers: 30]
      [GC Worker Start (ms): Min: 114823.0, Avg: 114823.9, Max: 114824.7, Diff: 1.7]
      [Ext Root Scanning (ms): Min: 0.0, Avg: 0.3, Max: 1.7, Diff: 1.7, Sum: 7.9]
      [Update RS (ms): Min: 13.3, Avg: 13.9, Max: 14.6, Diff: 1.3, Sum: 416.8]
         [Processed Buffers: Min: 17, Avg: 21.7, Max: 28, Diff: 11, Sum: 650]
      [Scan RS (ms): Min: 3.1, Avg: 3.6, Max: 3.8, Diff: 0.7, Sum: 107.7]
      [Code Root Scanning (ms): Min: 0.0, Avg: 0.0, Max: 0.2, Diff: 0.2, Sum: 0.5]
      [Object Copy (ms): Min: 26.4, Avg: 26.6, Max: 26.7, Diff: 0.3, Sum: 797.9]
      [Termination (ms): Min: 0.0, Avg: 0.1, Max: 0.2, Diff: 0.1, Sum: 1.7]
         [Termination Attempts: Min: 3, Avg: 6.2, Max: 9, Diff: 6, Sum: 185]
      [GC Worker Other (ms): Min: 0.0, Avg: 0.1, Max: 0.1, Diff: 0.1, Sum: 1.7]
      [GC Worker Total (ms): Min: 43.6, Avg: 44.5, Max: 45.5, Diff: 1.8, Sum: 1334.2]
      [GC Worker End (ms): Min: 114868.4, Avg: 114868.4, Max: 114868.5, Diff: 0.1]
   [Code Root Fixup: 0.0 ms]
   [Code Root Purge: 0.0 ms]
   [Clear CT: 0.6 ms]
   [Other: 3.4 ms]
      [Choose CSet: 0.2 ms]
      [Ref Proc: 0.4 ms]
      [Ref Enq: 0.0 ms]
      [Redirty Cards: 1.2 ms]
      [Humongous Register: 0.1 ms]
      [Humongous Reclaim: 0.0 ms]
      [Free CSet: 1.1 ms]
   [Eden: 172.0M(172.0M)->0.0B(356.0M) Survivors: 236.0M->52.0M Heap: 3348.0M(8192.0M)->2410.0M(8192.0M)]
 [Times: user=1.37 sys=0.00, real=0.05 secs] 
2018-10-15T09:27:18.286+0200: 114.873: Total time for which application threads were stopped: 0.0506636 seconds, Stopping threads took: 0.0003269 seconds
2018-10-15T09:27:18.341+0200: 114.927: Application time: 0.0546602 seconds
2018-10-15T09:27:18.342+0200: 114.928: [GC pause (G1 Evacuation Pause) (mixed)
Desired survivor size 27262976 bytes, new threshold 15 (max 15)
- age   1:    5689712 bytes,    5689712 total
, 0.0247257 secs]
   [Parallel Time: 21.5 ms, GC Workers: 30]
      [GC Worker Start (ms): Min: 114928.3, Avg: 114928.7, Max: 114929.3, Diff: 1.1]
      [Ext Root Scanning (ms): Min: 0.0, Avg: 0.3, Max: 1.5, Diff: 1.5, Sum: 8.6]
      [Update RS (ms): Min: 15.9, Avg: 16.6, Max: 17.5, Diff: 1.6, Sum: 499.4]
         [Processed Buffers: Min: 18, Avg: 23.9, Max: 32, Diff: 14, Sum: 717]
      [Scan RS (ms): Min: 0.8, Avg: 1.5, Max: 1.7, Diff: 0.9, Sum: 45.8]
      [Code Root Scanning (ms): Min: 0.0, Avg: 0.0, Max: 0.1, Diff: 0.1, Sum: 0.2]
      [Object Copy (ms): Min: 2.3, Avg: 2.4, Max: 2.5, Diff: 0.2, Sum: 71.0]
      [Termination (ms): Min: 0.0, Avg: 0.0, Max: 0.0, Diff: 0.0, Sum: 0.7]
         [Termination Attempts: Min: 1, Avg: 7.4, Max: 12, Diff: 11, Sum: 223]
      [GC Worker Other (ms): Min: 0.0, Avg: 0.0, Max: 0.1, Diff: 0.1, Sum: 1.4]
      [GC Worker Total (ms): Min: 20.3, Avg: 20.9, Max: 21.4, Diff: 1.1, Sum: 627.2]
      [GC Worker End (ms): Min: 114949.6, Avg: 114949.6, Max: 114949.7, Diff: 0.1]
   [Code Root Fixup: 0.0 ms]
   [Code Root Purge: 0.0 ms]
   [Clear CT: 0.7 ms]
   [Other: 2.5 ms]
      [Choose CSet: 0.2 ms]
      [Ref Proc: 0.4 ms]
      [Ref Enq: 0.0 ms]
      [Redirty Cards: 0.3 ms]
      [Humongous Register: 0.1 ms]
      [Humongous Reclaim: 0.0 ms]
      [Free CSet: 1.2 ms]
   [Eden: 356.0M(356.0M)->0.0B(356.0M) Survivors: 52.0M->52.0M Heap: 2766.0M(8192.0M)->1646.0M(8192.0M)]
 [Times: user=0.63 sys=0.00, real=0.03 secs] 
2018-10-15T09:27:18.367+0200: 114.953: Total time for which application threads were stopped: 0.0255901 seconds, Stopping threads took: 0.0002685 seconds
2018-10-15T09:27:18.403+0200: 114.989: Application time: 0.0362013 seconds
2018-10-15T09:27:18.404+0200: 114.990: [GC pause (G1 Evacuation Pause) (mixed)
Desired survivor size 27262976 bytes, new threshold 15 (max 15)
- age   1:    6704184 bytes,    6704184 total
- age   2:    4907304 bytes,   11611488 total
, 0.0117816 secs]
   [Parallel Time: 9.2 ms, GC Workers: 30]
      [GC Worker Start (ms): Min: 114990.2, Avg: 114990.3, Max: 114990.5, Diff: 0.4]
      [Ext Root Scanning (ms): Min: 0.2, Avg: 0.5, Max: 1.9, Diff: 1.7, Sum: 13.6]
      [Update RS (ms): Min: 2.6, Avg: 3.7, Max: 4.5, Diff: 1.9, Sum: 111.9]
         [Processed Buffers: Min: 4, Avg: 6.9, Max: 12, Diff: 8, Sum: 207]
      [Scan RS (ms): Min: 0.0, Avg: 0.5, Max: 0.7, Diff: 0.7, Sum: 14.7]
      [Code Root Scanning (ms): Min: 0.0, Avg: 0.1, Max: 1.0, Diff: 1.0, Sum: 1.5]
      [Object Copy (ms): Min: 3.1, Avg: 4.0, Max: 4.1, Diff: 1.0, Sum: 118.9]
      [Termination (ms): Min: 0.0, Avg: 0.0, Max: 0.0, Diff: 0.0, Sum: 0.3]
         [Termination Attempts: Min: 1, Avg: 2.4, Max: 5, Diff: 4, Sum: 71]
      [GC Worker Other (ms): Min: 0.0, Avg: 0.1, Max: 0.2, Diff: 0.2, Sum: 2.0]
      [GC Worker Total (ms): Min: 8.6, Avg: 8.8, Max: 9.0, Diff: 0.4, Sum: 262.8]
      [GC Worker End (ms): Min: 114999.0, Avg: 114999.1, Max: 114999.1, Diff: 0.2]
   [Code Root Fixup: 0.0 ms]
   [Code Root Purge: 0.0 ms]
   [Clear CT: 0.7 ms]
   [Other: 1.9 ms]
      [Choose CSet: 0.1 ms]
      [Ref Proc: 0.5 ms]
      [Ref Enq: 0.0 ms]
      [Redirty Cards: 0.4 ms]
      [Humongous Register: 0.1 ms]
      [Humongous Reclaim: 0.0 ms]
      [Free CSet: 0.4 ms]
   [Eden: 356.0M(356.0M)->0.0B(4884.0M) Survivors: 52.0M->28.0M Heap: 2002.0M(8192.0M)->1476.5M(8192.0M)]
 [Times: user=0.28 sys=0.00, real=0.01 secs] 
2018-10-15T09:27:18.416+0200: 115.002: Total time for which application threads were stopped: 0.0128011 seconds, Stopping threads took: 0.0004587 seconds
2018-10-15T09:27:18.919+0200: 115.505: Application time: 0.5031056 seconds
2018-10-15T09:27:18.920+0200: 115.506: [GC pause (G1 Evacuation Pause) (young)
Desired survivor size 322961408 bytes, new threshold 15 (max 15)
- age   1:   11343904 bytes,   11343904 total
- age   2:    6399192 bytes,   17743096 total
- age   3:    4790480 bytes,   22533576 total
, 0.0357363 secs]
   [Parallel Time: 32.2 ms, GC Workers: 30]
      [GC Worker Start (ms): Min: 115506.2, Avg: 115506.5, Max: 115507.0, Diff: 0.8]
      [Ext Root Scanning (ms): Min: 0.0, Avg: 0.5, Max: 1.8, Diff: 1.8, Sum: 14.0]
      [Update RS (ms): Min: 8.8, Avg: 10.0, Max: 10.7, Diff: 1.9, Sum: 300.5]
         [Processed Buffers: Min: 8, Avg: 12.0, Max: 19, Diff: 11, Sum: 360]
      [Scan RS (ms): Min: 0.0, Avg: 0.2, Max: 0.4, Diff: 0.4, Sum: 7.2]
      [Code Root Scanning (ms): Min: 0.0, Avg: 0.0, Max: 0.0, Diff: 0.0, Sum: 0.1]
      [Object Copy (ms): Min: 20.3, Avg: 20.8, Max: 20.9, Diff: 0.6, Sum: 624.2]
      [Termination (ms): Min: 0.0, Avg: 0.0, Max: 0.0, Diff: 0.0, Sum: 0.2]
         [Termination Attempts: Min: 1, Avg: 1.4, Max: 3, Diff: 2, Sum: 42]
      [GC Worker Other (ms): Min: 0.0, Avg: 0.1, Max: 0.3, Diff: 0.3, Sum: 4.3]
      [GC Worker Total (ms): Min: 31.2, Avg: 31.7, Max: 32.1, Diff: 0.9, Sum: 950.5]
      [GC Worker End (ms): Min: 115538.0, Avg: 115538.2, Max: 115538.3, Diff: 0.3]
   [Code Root Fixup: 0.0 ms]
   [Code Root Purge: 0.0 ms]
   [Clear CT: 0.8 ms]
   [Other: 2.7 ms]
      [Choose CSet: 0.0 ms]
      [Ref Proc: 0.5 ms]
      [Ref Enq: 0.0 ms]
      [Redirty Cards: 0.4 ms]
      [Humongous Register: 0.1 ms]
      [Humongous Reclaim: 0.0 ms]
      [Free CSet: 1.4 ms]
   [Eden: 4884.0M(4884.0M)->0.0B(4764.0M) Survivors: 28.0M->148.0M Heap: 6360.5M(8192.0M)->1593.7M(8192.0M)]
 [Times: user=0.97 sys=0.00, real=0.04 secs] 
2018-10-15T09:27:18.956+0200: 115.542: Total time for which application threads were stopped: 0.0370266 seconds, Stopping threads took: 0.0006003 seconds
2018-10-15T09:27:19.445+0200: 116.031: Application time: 0.4887621 seconds
2018-10-15T09:27:19.446+0200: 116.032: [GC pause (G1 Evacuation Pause) (young)
Desired survivor size 322961408 bytes, new threshold 15 (max 15)
- age   1:  118709512 bytes,  118709512 total
- age   2:    8923192 bytes,  127632704 total
- age   3:    6332568 bytes,  133965272 total
- age   4:    4639120 bytes,  138604392 total
, 0.0492323 secs]
   [Parallel Time: 45.7 ms, GC Workers: 30]
      [GC Worker Start (ms): Min: 116032.0, Avg: 116032.5, Max: 116033.2, Diff: 1.1]
      [Ext Root Scanning (ms): Min: 0.0, Avg: 0.4, Max: 1.8, Diff: 1.8, Sum: 10.9]
      [Update RS (ms): Min: 8.8, Avg: 9.8, Max: 10.2, Diff: 1.5, Sum: 293.6]
         [Processed Buffers: Min: 8, Avg: 11.5, Max: 20, Diff: 12, Sum: 344]
      [Scan RS (ms): Min: 0.0, Avg: 0.2, Max: 0.4, Diff: 0.3, Sum: 6.0]
      [Code Root Scanning (ms): Min: 0.0, Avg: 0.0, Max: 0.0, Diff: 0.0, Sum: 0.1]
      [Object Copy (ms): Min: 34.2, Avg: 34.4, Max: 34.5, Diff: 0.3, Sum: 1031.1]
      [Termination (ms): Min: 0.0, Avg: 0.0, Max: 0.0, Diff: 0.0, Sum: 0.2]
         [Termination Attempts: Min: 1, Avg: 1.0, Max: 1, Diff: 0, Sum: 30]
      [GC Worker Other (ms): Min: 0.0, Avg: 0.1, Max: 0.3, Diff: 0.3, Sum: 4.4]
      [GC Worker Total (ms): Min: 44.2, Avg: 44.9, Max: 45.4, Diff: 1.3, Sum: 1346.3]
      [GC Worker End (ms): Min: 116077.3, Avg: 116077.4, Max: 116077.5, Diff: 0.3]
   [Code Root Fixup: 0.0 ms]
   [Code Root Purge: 0.0 ms]
   [Clear CT: 0.8 ms]
   [Other: 2.7 ms]
      [Choose CSet: 0.0 ms]
      [Ref Proc: 0.5 ms]
      [Ref Enq: 0.0 ms]
      [Redirty Cards: 0.4 ms]
      [Humongous Register: 0.1 ms]
      [Humongous Reclaim: 0.0 ms]
      [Free CSet: 1.3 ms]
   [Eden: 4764.0M(4764.0M)->0.0B(4624.0M) Survivors: 148.0M->288.0M Heap: 6357.7M(8192.0M)->1737.5M(8192.0M)]
 [Times: user=1.37 sys=0.01, real=0.05 secs] 
2018-10-15T09:27:19.495+0200: 116.081: Total time for which application threads were stopped: 0.0505081 seconds, Stopping threads took: 0.0005665 seconds
2018-10-15T09:27:19.959+0200: 116.545: Application time: 0.4640051 seconds
2018-10-15T09:27:19.960+0200: 116.546: [GC pause (G1 Evacuation Pause) (young)
Desired survivor size 322961408 bytes, new threshold 15 (max 15)
- age   1:  131713656 bytes,  131713656 total
- age   2:  111717600 bytes,  243431256 total
- age   3:    8649608 bytes,  252080864 total
- age   4:    6322672 bytes,  258403536 total
- age   5:    4637696 bytes,  263041232 total
, 0.0580510 secs]
   [Parallel Time: 54.7 ms, GC Workers: 30]
      [GC Worker Start (ms): Min: 116546.5, Avg: 116546.8, Max: 116547.5, Diff: 1.0]
      [Ext Root Scanning (ms): Min: 0.0, Avg: 0.5, Max: 1.7, Diff: 1.7, Sum: 14.4]
      [Update RS (ms): Min: 8.4, Avg: 9.5, Max: 10.0, Diff: 1.6, Sum: 284.6]
         [Processed Buffers: Min: 8, Avg: 11.3, Max: 18, Diff: 10, Sum: 340]
      [Scan RS (ms): Min: 0.0, Avg: 0.2, Max: 0.4, Diff: 0.3, Sum: 6.5]
      [Code Root Scanning (ms): Min: 0.0, Avg: 0.0, Max: 0.0, Diff: 0.0, Sum: 0.1]
      [Object Copy (ms): Min: 43.6, Avg: 43.8, Max: 44.0, Diff: 0.4, Sum: 1315.1]
      [Termination (ms): Min: 0.0, Avg: 0.1, Max: 0.1, Diff: 0.1, Sum: 1.6]
         [Termination Attempts: Min: 2, Avg: 19.2, Max: 27, Diff: 25, Sum: 577]
      [GC Worker Other (ms): Min: 0.0, Avg: 0.1, Max: 0.3, Diff: 0.2, Sum: 4.0]
      [GC Worker Total (ms): Min: 53.5, Avg: 54.2, Max: 54.6, Diff: 1.1, Sum: 1626.2]
      [GC Worker End (ms): Min: 116600.9, Avg: 116601.0, Max: 116601.2, Diff: 0.2]
   [Code Root Fixup: 0.0 ms]
   [Code Root Purge: 0.0 ms]
   [Clear CT: 0.8 ms]
   [Other: 2.6 ms]
      [Choose CSet: 0.0 ms]
      [Ref Proc: 0.4 ms]
      [Ref Enq: 0.0 ms]
      [Redirty Cards: 0.4 ms]
      [Humongous Register: 0.1 ms]
      [Humongous Reclaim: 0.0 ms]
      [Free CSet: 1.3 ms]
   [Eden: 4624.0M(4624.0M)->0.0B(4512.0M) Survivors: 288.0M->400.0M Heap: 6361.5M(8192.0M)->1847.5M(8192.0M)]
 [Times: user=1.65 sys=0.01, real=0.06 secs] 
2018-10-15T09:27:20.019+0200: 116.605: Total time for which application threads were stopped: 0.0593498 seconds, Stopping threads took: 0.0005990 seconds
2018-10-15T09:27:20.472+0200: 117.058: Application time: 0.4538103 seconds
2018-10-15T09:27:20.473+0200: 117.059: [GC pause (G1 Evacuation Pause) (young)
Desired survivor size 322961408 bytes, new threshold 3 (max 15)
- age   1:  126110624 bytes,  126110624 total
- age   2:  123985448 bytes,  250096072 total
- age   3:  110249576 bytes,  360345648 total
- age   4:    8535536 bytes,  368881184 total
- age   5:    6272928 bytes,  375154112 total
- age   6:    4637696 bytes,  379791808 total
, 0.0687386 secs]
   [Parallel Time: 64.1 ms, GC Workers: 30]
      [GC Worker Start (ms): Min: 117059.7, Avg: 117060.3, Max: 117061.1, Diff: 1.4]
      [Ext Root Scanning (ms): Min: 0.0, Avg: 0.3, Max: 1.8, Diff: 1.8, Sum: 10.2]
      [Update RS (ms): Min: 8.6, Avg: 9.4, Max: 10.0, Diff: 1.4, Sum: 282.5]
         [Processed Buffers: Min: 8, Avg: 11.1, Max: 15, Diff: 7, Sum: 332]
      [Scan RS (ms): Min: 0.0, Avg: 0.3, Max: 0.4, Diff: 0.3, Sum: 7.7]
      [Code Root Scanning (ms): Min: 0.0, Avg: 0.0, Max: 0.0, Diff: 0.0, Sum: 0.1]
      [Object Copy (ms): Min: 52.8, Avg: 53.0, Max: 53.1, Diff: 0.3, Sum: 1588.7]
      [Termination (ms): Min: 0.0, Avg: 0.1, Max: 0.2, Diff: 0.1, Sum: 2.8]
         [Termination Attempts: Min: 1, Avg: 4.5, Max: 8, Diff: 7, Sum: 134]
      [GC Worker Other (ms): Min: 0.0, Avg: 0.1, Max: 0.2, Diff: 0.2, Sum: 3.2]
      [GC Worker Total (ms): Min: 62.3, Avg: 63.2, Max: 63.9, Diff: 1.5, Sum: 1895.1]
      [GC Worker End (ms): Min: 117123.4, Avg: 117123.5, Max: 117123.6, Diff: 0.2]
   [Code Root Fixup: 0.0 ms]
   [Code Root Purge: 0.0 ms]
   [Clear CT: 1.0 ms]
   [Other: 3.6 ms]
      [Choose CSet: 0.0 ms]
      [Ref Proc: 0.5 ms]
      [Ref Enq: 0.0 ms]
      [Redirty Cards: 1.0 ms]
      [Humongous Register: 0.1 ms]
      [Humongous Reclaim: 0.1 ms]
      [Free CSet: 1.6 ms]
   [Eden: 4512.0M(4512.0M)->0.0B(4528.0M) Survivors: 400.0M->384.0M Heap: 6359.5M(8192.0M)->1952.9M(8192.0M)]
 [Times: user=1.94 sys=0.00, real=0.06 secs] 
2018-10-15T09:27:20.542+0200: 117.128: Total time for which application threads were stopped: 0.0700502 seconds, Stopping threads took: 0.0005819 seconds
2018-10-15T09:27:21.034+0200: 117.620: Application time: 0.4920482 seconds
2018-10-15T09:27:21.035+0200: 117.621: [GC pause (G1 Evacuation Pause) (young)
Desired survivor size 322961408 bytes, new threshold 3 (max 15)
- age   1:  126628016 bytes,  126628016 total
- age   2:  115641784 bytes,  242269800 total
- age   3:  119725088 bytes,  361994888 total
, 0.0731492 secs]
   [Parallel Time: 68.2 ms, GC Workers: 30]
      [GC Worker Start (ms): Min: 117621.6, Avg: 117622.1, Max: 117622.7, Diff: 1.1]
      [Ext Root Scanning (ms): Min: 0.0, Avg: 0.4, Max: 1.6, Diff: 1.6, Sum: 10.9]
      [Update RS (ms): Min: 18.0, Avg: 18.6, Max: 19.0, Diff: 1.0, Sum: 558.0]
         [Processed Buffers: Min: 19, Avg: 23.3, Max: 33, Diff: 14, Sum: 698]
      [Scan RS (ms): Min: 1.8, Avg: 2.1, Max: 2.2, Diff: 0.4, Sum: 61.9]
      [Code Root Scanning (ms): Min: 0.0, Avg: 0.0, Max: 0.0, Diff: 0.0, Sum: 0.1]
      [Object Copy (ms): Min: 46.0, Avg: 46.2, Max: 46.3, Diff: 0.2, Sum: 1385.3]
      [Termination (ms): Min: 0.0, Avg: 0.0, Max: 0.0, Diff: 0.0, Sum: 0.2]
         [Termination Attempts: Min: 1, Avg: 1.0, Max: 1, Diff: 0, Sum: 30]
      [GC Worker Other (ms): Min: 0.0, Avg: 0.1, Max: 0.3, Diff: 0.3, Sum: 4.4]
      [GC Worker Total (ms): Min: 66.7, Avg: 67.4, Max: 68.0, Diff: 1.3, Sum: 2020.8]
      [GC Worker End (ms): Min: 117689.4, Avg: 117689.5, Max: 117689.6, Diff: 0.3]
   [Code Root Fixup: 0.0 ms]
   [Code Root Purge: 0.0 ms]
   [Clear CT: 0.9 ms]
   [Other: 4.0 ms]
      [Choose CSet: 0.0 ms]
      [Ref Proc: 0.5 ms]
      [Ref Enq: 0.0 ms]
      [Redirty Cards: 0.7 ms]
      [Humongous Register: 0.1 ms]
      [Humongous Reclaim: 0.1 ms]
      [Free CSet: 2.1 ms]
   [Eden: 4528.0M(4528.0M)->0.0B(4536.0M) Survivors: 384.0M->376.0M Heap: 6480.9M(8192.0M)->2096.3M(8192.0M)]
 [Times: user=2.04 sys=0.01, real=0.07 secs] 
2018-10-15T09:27:21.109+0200: 117.695: Total time for which application threads were stopped: 0.0743055 seconds, Stopping threads took: 0.0004487 seconds
2018-10-15T09:27:21.705+0200: 118.291: Application time: 0.5964778 seconds
2018-10-15T09:27:21.706+0200: 118.292: [GC pause (G1 Evacuation Pause) (young)
Desired survivor size 322961408 bytes, new threshold 3 (max 15)
- age   1:  124492944 bytes,  124492944 total
- age   2:  116653872 bytes,  241146816 total
- age   3:  114737784 bytes,  355884600 total
, 0.0692835 secs]
   [Parallel Time: 64.2 ms, GC Workers: 30]
      [GC Worker Start (ms): Min: 118292.2, Avg: 118292.7, Max: 118293.4, Diff: 1.2]
      [Ext Root Scanning (ms): Min: 0.0, Avg: 0.3, Max: 1.5, Diff: 1.5, Sum: 7.5]
      [Update RS (ms): Min: 14.6, Avg: 15.5, Max: 17.2, Diff: 2.6, Sum: 465.8]
         [Processed Buffers: Min: 20, Avg: 25.1, Max: 31, Diff: 11, Sum: 752]
      [Scan RS (ms): Min: 0.6, Avg: 2.2, Max: 2.4, Diff: 1.8, Sum: 66.1]
      [Code Root Scanning (ms): Min: 0.0, Avg: 0.0, Max: 0.0, Diff: 0.0, Sum: 0.0]
      [Object Copy (ms): Min: 45.1, Avg: 45.2, Max: 45.3, Diff: 0.3, Sum: 1356.3]
      [Termination (ms): Min: 0.0, Avg: 0.1, Max: 0.2, Diff: 0.2, Sum: 2.9]
         [Termination Attempts: Min: 1, Avg: 5.1, Max: 9, Diff: 8, Sum: 154]
      [GC Worker Other (ms): Min: 0.0, Avg: 0.1, Max: 0.2, Diff: 0.2, Sum: 3.4]
      [GC Worker Total (ms): Min: 62.7, Avg: 63.4, Max: 63.9, Diff: 1.2, Sum: 1902.2]
      [GC Worker End (ms): Min: 118356.0, Avg: 118356.1, Max: 118356.2, Diff: 0.2]
   [Code Root Fixup: 0.0 ms]
   [Code Root Purge: 0.0 ms]
   [Clear CT: 0.9 ms]
   [Other: 4.2 ms]
      [Choose CSet: 0.0 ms]
      [Ref Proc: 0.5 ms]
      [Ref Enq: 0.0 ms]
      [Redirty Cards: 0.9 ms]
      [Humongous Register: 0.1 ms]
      [Humongous Reclaim: 0.1 ms]
      [Free CSet: 2.1 ms]
   [Eden: 4536.0M(4536.0M)->0.0B(4560.0M) Survivors: 376.0M->352.0M Heap: 6632.3M(8192.0M)->2208.0M(8192.0M)]
 [Times: user=1.95 sys=0.00, real=0.07 secs] 
2018-10-15T09:27:21.776+0200: 118.362: Total time for which application threads were stopped: 0.0703385 seconds, Stopping threads took: 0.0002804 seconds
2018-10-15T09:27:22.560+0200: 119.146: Application time: 0.7842223 seconds
2018-10-15T09:27:22.560+0200: 119.146: [GC pause (G1 Evacuation Pause) (young)
Desired survivor size 322961408 bytes, new threshold 3 (max 15)
- age   1:  106745528 bytes,  106745528 total
- age   2:  116263856 bytes,  223009384 total
- age   3:  111709128 bytes,  334718512 total
, 0.0547563 secs]
   [Parallel Time: 50.2 ms, GC Workers: 30]
      [GC Worker Start (ms): Min: 119146.8, Avg: 119147.5, Max: 119148.1, Diff: 1.4]
      [Ext Root Scanning (ms): Min: 0.0, Avg: 0.3, Max: 1.5, Diff: 1.5, Sum: 8.5]
      [Update RS (ms): Min: 16.0, Avg: 16.5, Max: 17.7, Diff: 1.7, Sum: 495.8]
         [Processed Buffers: Min: 21, Avg: 27.3, Max: 35, Diff: 14, Sum: 818]
      [Scan RS (ms): Min: 0.6, Avg: 1.7, Max: 2.0, Diff: 1.4, Sum: 52.0]
      [Code Root Scanning (ms): Min: 0.0, Avg: 0.0, Max: 0.0, Diff: 0.0, Sum: 0.0]
      [Object Copy (ms): Min: 30.4, Avg: 30.5, Max: 30.6, Diff: 0.3, Sum: 915.2]
      [Termination (ms): Min: 0.0, Avg: 0.1, Max: 0.3, Diff: 0.2, Sum: 3.7]
         [Termination Attempts: Min: 8, Avg: 25.2, Max: 32, Diff: 24, Sum: 755]
      [GC Worker Other (ms): Min: 0.0, Avg: 0.1, Max: 0.2, Diff: 0.2, Sum: 3.0]
      [GC Worker Total (ms): Min: 48.6, Avg: 49.3, Max: 50.1, Diff: 1.4, Sum: 1478.3]
      [GC Worker End (ms): Min: 119196.7, Avg: 119196.8, Max: 119196.9, Diff: 0.2]
   [Code Root Fixup: 0.0 ms]
   [Code Root Purge: 0.0 ms]
   [Clear CT: 0.9 ms]
   [Other: 3.7 ms]
      [Choose CSet: 0.0 ms]
      [Ref Proc: 0.4 ms]
      [Ref Enq: 0.0 ms]
      [Redirty Cards: 0.6 ms]
      [Humongous Register: 0.1 ms]
      [Humongous Reclaim: 0.1 ms]
      [Free CSet: 2.0 ms]
   [Eden: 4560.0M(4560.0M)->0.0B(4696.0M) Survivors: 352.0M->216.0M Heap: 6768.0M(8192.0M)->2180.0M(8192.0M)]
 [Times: user=1.50 sys=0.00, real=0.06 secs] 
2018-10-15T09:27:22.615+0200: 119.201: Total time for which application threads were stopped: 0.0556312 seconds, Stopping threads took: 0.0001899 seconds
2018-10-15T09:27:23.116+0200: 119.702: Application time: 0.5008128 seconds
2018-10-15T09:27:23.117+0200: 119.703: Total time for which application threads were stopped: 0.0004605 seconds, Stopping threads took: 0.0001633 seconds
2018-10-15T09:27:23.119+0200: 119.705: Application time: 0.0019019 seconds
2018-10-15T09:27:23.119+0200: 119.705: Total time for which application threads were stopped: 0.0002185 seconds, Stopping threads took: 0.0000761 seconds
2018-10-15T09:27:23.119+0200: 119.705: Application time: 0.0001402 seconds
2018-10-15T09:27:23.119+0200: 119.705: Total time for which application threads were stopped: 0.0001362 seconds, Stopping threads took: 0.0000656 seconds
2018-10-15T09:27:23.119+0200: 119.705: Application time: 0.0000734 seconds
2018-10-15T09:27:23.119+0200: 119.705: Total time for which application threads were stopped: 0.0002371 seconds, Stopping threads took: 0.0001755 seconds
2018-10-15T09:27:23.120+0200: 119.706: Application time: 0.0001510 seconds
2018-10-15T09:27:23.120+0200: 119.706: Total time for which application threads were stopped: 0.0001970 seconds, Stopping threads took: 0.0001379 seconds
2018-10-15T09:27:23.120+0200: 119.706: Application time: 0.0000200 seconds
2018-10-15T09:27:23.120+0200: 119.706: Total time for which application threads were stopped: 0.0002733 seconds, Stopping threads took: 0.0002248 seconds
2018-10-15T09:27:23.120+0200: 119.706: Application time: 0.0000889 seconds
2018-10-15T09:27:23.120+0200: 119.706: Total time for which application threads were stopped: 0.0001597 seconds, Stopping threads took: 0.0001054 seconds
2018-10-15T09:27:23.120+0200: 119.706: Application time: 0.0000379 seconds
2018-10-15T09:27:23.120+0200: 119.707: Total time for which application threads were stopped: 0.0001307 seconds, Stopping threads took: 0.0000827 seconds
2018-10-15T09:27:23.121+0200: 119.707: Application time: 0.0000324 seconds
2018-10-15T09:27:23.121+0200: 119.707: Total time for which application threads were stopped: 0.0001106 seconds, Stopping threads took: 0.0000431 seconds
2018-10-15T09:27:23.121+0200: 119.707: Application time: 0.0001015 seconds
2018-10-15T09:27:23.121+0200: 119.707: Total time for which application threads were stopped: 0.0001810 seconds, Stopping threads took: 0.0001282 seconds
2018-10-15T09:27:23.121+0200: 119.707: Application time: 0.0000470 seconds
2018-10-15T09:27:23.121+0200: 119.707: Total time for which application threads were stopped: 0.0002944 seconds, Stopping threads took: 0.0001029 seconds
2018-10-15T09:27:23.122+0200: 119.708: Application time: 0.0010055 seconds
2018-10-15T09:27:23.123+0200: 119.709: Total time for which application threads were stopped: 0.0004854 seconds, Stopping threads took: 0.0003938 seconds
2018-10-15T09:27:23.217+0200: 119.803: Application time: 0.0946874 seconds
2018-10-15T09:27:23.218+0200: 119.804: Total time for which application threads were stopped: 0.0001122 seconds, Stopping threads took: 0.0000736 seconds
2018-10-15T09:27:24.218+0200: 120.804: Application time: 1.0001456 seconds
2018-10-15T09:27:24.218+0200: 120.804: Total time for which application threads were stopped: 0.0002317 seconds, Stopping threads took: 0.0001149 seconds
2018-10-15T09:27:28.419+0200: 125.005: Application time: 4.2012868 seconds
2018-10-15T09:27:28.420+0200: 125.006: Total time for which application threads were stopped: 0.0003396 seconds, Stopping threads took: 0.0001336 seconds
2018-10-15T09:27:28.448+0200: 125.034: Application time: 0.0287539 seconds
2018-10-15T09:27:28.451+0200: 125.037: Total time for which application threads were stopped: 0.0022990 seconds, Stopping threads took: 0.0001385 seconds
2018-10-15T09:27:28.579+0200: 125.165: Application time: 0.1280134 seconds
2018-10-15T09:27:28.579+0200: 125.165: Total time for which application threads were stopped: 0.0002197 seconds, Stopping threads took: 0.0000398 seconds
2018-10-15T09:27:28.583+0200: 125.169: Application time: 0.0038102 seconds
2018-10-15T09:27:28.583+0200: 125.169: Total time for which application threads were stopped: 0.0002734 seconds, Stopping threads took: 0.0001243 seconds
2018-10-15T09:27:28.588+0200: 125.174: Application time: 0.0046878 seconds
2018-10-15T09:27:28.588+0200: 125.174: Total time for which application threads were stopped: 0.0002114 seconds, Stopping threads took: 0.0001026 seconds
2018-10-15T09:27:28.592+0200: 125.178: Application time: 0.0036572 seconds
2018-10-15T09:27:28.592+0200: 125.178: Total time for which application threads were stopped: 0.0002893 seconds, Stopping threads took: 0.0001312 seconds
2018-10-15T09:27:28.595+0200: 125.181: Application time: 0.0035456 seconds
2018-10-15T09:27:28.596+0200: 125.182: Total time for which application threads were stopped: 0.0005454 seconds, Stopping threads took: 0.0002908 seconds
2018-10-15T09:27:28.680+0200: 125.266: Application time: 0.0839347 seconds
2018-10-15T09:27:28.681+0200: 125.267: Total time for which application threads were stopped: 0.0008705 seconds, Stopping threads took: 0.0004450 seconds
2018-10-15T09:27:28.681+0200: 125.267: Application time: 0.0000375 seconds
2018-10-15T09:27:28.681+0200: 125.267: Total time for which application threads were stopped: 0.0003492 seconds, Stopping threads took: 0.0000668 seconds
2018-10-15T09:27:28.681+0200: 125.267: Application time: 0.0000354 seconds
2018-10-15T09:27:28.681+0200: 125.268: Total time for which application threads were stopped: 0.0003066 seconds, Stopping threads took: 0.0000546 seconds
2018-10-15T09:27:29.063+0200: 125.649: Application time: 0.3815915 seconds
2018-10-15T09:27:29.064+0200: 125.650: [GC pause (G1 Evacuation Pause) (young)
Desired survivor size 322961408 bytes, new threshold 15 (max 15)
- age   1:   54196440 bytes,   54196440 total
- age   2:   58798416 bytes,  112994856 total
- age   3:   78040104 bytes,  191034960 total
, 0.0525964 secs]
   [Parallel Time: 49.2 ms, GC Workers: 30]
      [GC Worker Start (ms): Min: 125650.3, Avg: 125650.4, Max: 125650.6, Diff: 0.3]
      [Ext Root Scanning (ms): Min: 0.2, Avg: 0.4, Max: 1.5, Diff: 1.3, Sum: 12.5]
      [Update RS (ms): Min: 22.1, Avg: 22.9, Max: 23.4, Diff: 1.3, Sum: 687.3]
         [Processed Buffers: Min: 28, Avg: 38.5, Max: 57, Diff: 29, Sum: 1156]
      [Scan RS (ms): Min: 0.0, Avg: 0.1, Max: 0.3, Diff: 0.3, Sum: 4.4]
      [Code Root Scanning (ms): Min: 0.0, Avg: 0.0, Max: 0.1, Diff: 0.1, Sum: 0.2]
      [Object Copy (ms): Min: 24.8, Avg: 25.2, Max: 25.4, Diff: 0.5, Sum: 756.3]
      [Termination (ms): Min: 0.0, Avg: 0.0, Max: 0.1, Diff: 0.1, Sum: 1.4]
         [Termination Attempts: Min: 1, Avg: 31.3, Max: 38, Diff: 37, Sum: 939]
      [GC Worker Other (ms): Min: 0.0, Avg: 0.1, Max: 0.3, Diff: 0.2, Sum: 3.9]
      [GC Worker Total (ms): Min: 48.6, Avg: 48.9, Max: 49.1, Diff: 0.4, Sum: 1466.0]
      [GC Worker End (ms): Min: 125699.2, Avg: 125699.3, Max: 125699.4, Diff: 0.2]
   [Code Root Fixup: 0.0 ms]
   [Code Root Purge: 0.0 ms]
   [Clear CT: 0.7 ms]
   [Other: 2.7 ms]
      [Choose CSet: 0.0 ms]
      [Ref Proc: 0.7 ms]
      [Ref Enq: 0.0 ms]
      [Redirty Cards: 0.3 ms]
      [Humongous Register: 0.1 ms]
      [Humongous Reclaim: 0.1 ms]
      [Free CSet: 1.3 ms]
   [Eden: 4696.0M(4696.0M)->0.0B(4632.0M) Survivors: 216.0M->280.0M Heap: 6932.0M(8192.0M)->2270.0M(8192.0M)]
 [Times: user=1.50 sys=0.00, real=0.05 secs] 
2018-10-15T09:27:29.117+0200: 125.703: Total time for which application threads were stopped: 0.0537322 seconds, Stopping threads took: 0.0004821 seconds
2018-10-15T09:27:29.117+0200: 125.703: Application time: 0.0003149 seconds
2018-10-15T09:27:29.118+0200: 125.704: Total time for which application threads were stopped: 0.0005996 seconds, Stopping threads took: 0.0001817 seconds
2018-10-15T09:27:29.522+0200: 126.108: Application time: 0.4046314 seconds
2018-10-15T09:27:29.523+0200: 126.109: Total time for which application threads were stopped: 0.0008719 seconds, Stopping threads took: 0.0004374 seconds
2018-10-15T09:27:29.645+0200: 126.231: Application time: 0.1219718 seconds
2018-10-15T09:27:29.646+0200: 126.232: [GC pause (G1 Evacuation Pause) (young)
Desired survivor size 322961408 bytes, new threshold 15 (max 15)
- age   1:  145047600 bytes,  145047600 total
- age   2:    6851120 bytes,  151898720 total
- age   3:   30810424 bytes,  182709144 total
- age   4:   55389632 bytes,  238098776 total
, 0.0469465 secs]
   [Parallel Time: 43.6 ms, GC Workers: 30]
      [GC Worker Start (ms): Min: 126232.4, Avg: 126232.5, Max: 126232.7, Diff: 0.4]
      [Ext Root Scanning (ms): Min: 0.1, Avg: 0.4, Max: 1.6, Diff: 1.5, Sum: 12.5]
      [Update RS (ms): Min: 5.5, Avg: 6.4, Max: 7.6, Diff: 2.0, Sum: 190.6]
         [Processed Buffers: Min: 6, Avg: 11.1, Max: 21, Diff: 15, Sum: 334]
      [Scan RS (ms): Min: 0.0, Avg: 0.2, Max: 0.3, Diff: 0.3, Sum: 5.0]
      [Code Root Scanning (ms): Min: 0.0, Avg: 0.0, Max: 0.1, Diff: 0.1, Sum: 0.4]
      [Object Copy (ms): Min: 35.1, Avg: 36.1, Max: 36.3, Diff: 1.2, Sum: 1083.3]
      [Termination (ms): Min: 0.0, Avg: 0.0, Max: 0.0, Diff: 0.0, Sum: 0.1]
         [Termination Attempts: Min: 1, Avg: 1.0, Max: 1, Diff: 0, Sum: 30]
      [GC Worker Other (ms): Min: 0.0, Avg: 0.1, Max: 0.3, Diff: 0.2, Sum: 4.0]
      [GC Worker Total (ms): Min: 43.0, Avg: 43.2, Max: 43.4, Diff: 0.4, Sum: 1296.0]
      [GC Worker End (ms): Min: 126275.6, Avg: 126275.7, Max: 126275.8, Diff: 0.2]
   [Code Root Fixup: 0.0 ms]
   [Code Root Purge: 0.0 ms]
   [Clear CT: 0.7 ms]
   [Other: 2.7 ms]
      [Choose CSet: 0.0 ms]
      [Ref Proc: 0.5 ms]
      [Ref Enq: 0.0 ms]
      [Redirty Cards: 0.3 ms]
      [Humongous Register: 0.1 ms]
      [Humongous Reclaim: 0.0 ms]
      [Free CSet: 1.3 ms]
   [Eden: 4632.0M(4632.0M)->0.0B(4512.0M) Survivors: 280.0M->400.0M Heap: 6902.0M(8192.0M)->2392.0M(8192.0M)]
 [Times: user=1.32 sys=0.00, real=0.05 secs] 
2018-10-15T09:27:29.693+0200: 126.279: Total time for which application threads were stopped: 0.0479818 seconds, Stopping threads took: 0.0004263 seconds
2018-10-15T09:27:30.168+0200: 126.754: Application time: 0.4748527 seconds
2018-10-15T09:27:30.173+0200: 126.759: [GC pause (G1 Evacuation Pause) (young)
Desired survivor size 322961408 bytes, new threshold 5 (max 15)
- age   1:  140945272 bytes,  140945272 total
- age   2:  130481104 bytes,  271426376 total
- age   3:    6851120 bytes,  278277496 total
- age   4:   30810424 bytes,  309087920 total
- age   5:   55389632 bytes,  364477552 total
, 0.0588777 secs]
   [Parallel Time: 55.3 ms, GC Workers: 30]
      [GC Worker Start (ms): Min: 126759.0, Avg: 126759.3, Max: 126759.9, Diff: 0.8]
      [Ext Root Scanning (ms): Min: 0.0, Avg: 0.3, Max: 1.7, Diff: 1.7, Sum: 10.1]
      [Update RS (ms): Min: 6.0, Avg: 6.6, Max: 7.1, Diff: 1.1, Sum: 198.0]
         [Processed Buffers: Min: 6, Avg: 10.7, Max: 21, Diff: 15, Sum: 321]
      [Scan RS (ms): Min: 0.0, Avg: 0.2, Max: 0.4, Diff: 0.4, Sum: 6.0]
      [Code Root Scanning (ms): Min: 0.0, Avg: 0.0, Max: 0.1, Diff: 0.1, Sum: 0.4]
      [Object Copy (ms): Min: 47.2, Avg: 47.4, Max: 47.6, Diff: 0.4, Sum: 1423.3]
      [Termination (ms): Min: 0.0, Avg: 0.0, Max: 0.0, Diff: 0.0, Sum: 0.3]
         [Termination Attempts: Min: 1, Avg: 1.9, Max: 3, Diff: 2, Sum: 56]
      [GC Worker Other (ms): Min: 0.0, Avg: 0.1, Max: 0.2, Diff: 0.2, Sum: 3.6]
      [GC Worker Total (ms): Min: 54.1, Avg: 54.7, Max: 55.1, Diff: 1.0, Sum: 1641.8]
      [GC Worker End (ms): Min: 126814.0, Avg: 126814.1, Max: 126814.2, Diff: 0.2]
   [Code Root Fixup: 0.0 ms]
   [Code Root Purge: 0.0 ms]
   [Clear CT: 0.8 ms]
   [Other: 2.8 ms]
      [Choose CSet: 0.0 ms]
      [Ref Proc: 0.5 ms]
      [Ref Enq: 0.0 ms]
      [Redirty Cards: 0.6 ms]
      [Humongous Register: 0.1 ms]
      [Humongous Reclaim: 0.0 ms]
      [Free CSet: 1.3 ms]
   [Eden: 4512.0M(4512.0M)->0.0B(4336.0M) Survivors: 400.0M->464.0M Heap: 6904.0M(8192.0M)->2511.6M(8192.0M)]
 [Times: user=1.66 sys=0.00, real=0.06 secs] 
2018-10-15T09:27:30.232+0200: 126.818: Total time for which application threads were stopped: 0.0638589 seconds, Stopping threads took: 0.0043500 seconds
2018-10-15T09:27:30.678+0200: 127.264: Application time: 0.4456389 seconds
2018-10-15T09:27:30.679+0200: 127.265: [GC pause (G1 Evacuation Pause) (young)
Desired survivor size 314572800 bytes, new threshold 3 (max 15)
- age   1:  136364480 bytes,  136364480 total
- age   2:  130859216 bytes,  267223696 total
- age   3:  129381720 bytes,  396605416 total
- age   4:    6851120 bytes,  403456536 total
- age   5:   30810424 bytes,  434266960 total
, 0.0766926 secs]
   [Parallel Time: 72.9 ms, GC Workers: 30]
      [GC Worker Start (ms): Min: 127264.8, Avg: 127264.9, Max: 127265.1, Diff: 0.4]
      [Ext Root Scanning (ms): Min: 0.2, Avg: 0.5, Max: 1.7, Diff: 1.5, Sum: 15.0]
      [Update RS (ms): Min: 19.2, Avg: 20.2, Max: 20.6, Diff: 1.4, Sum: 606.1]
         [Processed Buffers: Min: 20, Avg: 24.5, Max: 33, Diff: 13, Sum: 735]
      [Scan RS (ms): Min: 0.0, Avg: 0.2, Max: 0.3, Diff: 0.3, Sum: 5.3]
      [Code Root Scanning (ms): Min: 0.0, Avg: 0.0, Max: 0.1, Diff: 0.1, Sum: 0.3]
      [Object Copy (ms): Min: 51.2, Avg: 51.4, Max: 51.6, Diff: 0.4, Sum: 1542.6]
      [Termination (ms): Min: 0.0, Avg: 0.1, Max: 0.2, Diff: 0.2, Sum: 2.6]
         [Termination Attempts: Min: 1, Avg: 6.3, Max: 9, Diff: 8, Sum: 190]
      [GC Worker Other (ms): Min: 0.0, Avg: 0.1, Max: 0.2, Diff: 0.2, Sum: 3.3]
      [GC Worker Total (ms): Min: 72.2, Avg: 72.5, Max: 72.7, Diff: 0.5, Sum: 2175.2]
      [GC Worker End (ms): Min: 127337.3, Avg: 127337.4, Max: 127337.5, Diff: 0.2]
   [Code Root Fixup: 0.0 ms]
   [Code Root Purge: 0.0 ms]
   [Clear CT: 0.8 ms]
   [Other: 2.9 ms]
      [Choose CSet: 0.0 ms]
      [Ref Proc: 0.5 ms]
      [Ref Enq: 0.0 ms]
      [Redirty Cards: 0.8 ms]
      [Humongous Register: 0.1 ms]
      [Humongous Reclaim: 0.0 ms]
      [Free CSet: 1.3 ms]
   [Eden: 4336.0M(4336.0M)->0.0B(4320.0M) Survivors: 464.0M->380.0M Heap: 6847.6M(8192.0M)->2611.3M(8192.0M)]
 [Times: user=2.18 sys=0.01, real=0.08 secs] 
2018-10-15T09:27:30.755+0200: 127.341: Total time for which application threads were stopped: 0.0778428 seconds, Stopping threads took: 0.0005173 seconds
2018-10-15T09:27:31.194+0200: 127.780: Application time: 0.4390464 seconds
2018-10-15T09:27:31.195+0200: 127.782: [GC pause (G1 Evacuation Pause) (young)
Desired survivor size 308281344 bytes, new threshold 3 (max 15)
- age   1:  104018744 bytes,  104018744 total
- age   2:  125980624 bytes,  229999368 total
- age   3:  129862600 bytes,  359861968 total
, 0.0730700 secs]
   [Parallel Time: 69.2 ms, GC Workers: 30]
      [GC Worker Start (ms): Min: 127781.9, Avg: 127782.3, Max: 127782.8, Diff: 1.0]
      [Ext Root Scanning (ms): Min: 0.0, Avg: 0.4, Max: 1.7, Diff: 1.7, Sum: 11.9]
      [Update RS (ms): Min: 20.0, Avg: 20.4, Max: 21.0, Diff: 1.0, Sum: 612.4]
         [Processed Buffers: Min: 20, Avg: 25.3, Max: 36, Diff: 16, Sum: 758]
      [Scan RS (ms): Min: 0.1, Avg: 0.8, Max: 1.0, Diff: 1.0, Sum: 23.7]
      [Code Root Scanning (ms): Min: 0.0, Avg: 0.0, Max: 0.0, Diff: 0.0, Sum: 0.0]
      [Object Copy (ms): Min: 46.6, Avg: 46.8, Max: 46.9, Diff: 0.3, Sum: 1403.5]
      [Termination (ms): Min: 0.0, Avg: 0.0, Max: 0.0, Diff: 0.0, Sum: 1.0]
         [Termination Attempts: Min: 1, Avg: 16.6, Max: 21, Diff: 20, Sum: 498]
      [GC Worker Other (ms): Min: 0.0, Avg: 0.1, Max: 0.2, Diff: 0.2, Sum: 3.7]
      [GC Worker Total (ms): Min: 67.9, Avg: 68.5, Max: 69.0, Diff: 1.1, Sum: 2056.2]
      [GC Worker End (ms): Min: 127850.7, Avg: 127850.8, Max: 127850.9, Diff: 0.2]
   [Code Root Fixup: 0.0 ms]
   [Code Root Purge: 0.0 ms]
   [Clear CT: 0.7 ms]
   [Other: 3.2 ms]
      [Choose CSet: 0.0 ms]
      [Ref Proc: 0.4 ms]
      [Ref Enq: 0.0 ms]
      [Redirty Cards: 0.9 ms]
      [Humongous Register: 0.1 ms]
      [Humongous Reclaim: 0.0 ms]
      [Free CSet: 1.3 ms]
   [Eden: 4320.0M(4320.0M)->0.0B(4244.0M) Survivors: 380.0M->340.0M Heap: 6931.3M(8192.0M)->2728.0M(8192.0M)]
 [Times: user=2.09 sys=0.00, real=0.07 secs] 
2018-10-15T09:27:31.269+0200: 127.855: Total time for which application threads were stopped: 0.0742836 seconds, Stopping threads took: 0.0005474 seconds
2018-10-15T09:27:31.705+0200: 128.291: Application time: 0.4365570 seconds
2018-10-15T09:27:31.706+0200: 128.292: [GC pause (G1 Evacuation Pause) (young)
Desired survivor size 301989888 bytes, new threshold 3 (max 15)
- age   1:  103407040 bytes,  103407040 total
- age   2:   94886120 bytes,  198293160 total
- age   3:  125075480 bytes,  323368640 total
, 0.0721404 secs]
   [Parallel Time: 68.0 ms, GC Workers: 30]
      [GC Worker Start (ms): Min: 128292.7, Avg: 128293.0, Max: 128293.6, Diff: 1.0]
      [Ext Root Scanning (ms): Min: 0.0, Avg: 0.4, Max: 1.8, Diff: 1.8, Sum: 12.0]
      [Update RS (ms): Min: 17.7, Avg: 18.7, Max: 19.0, Diff: 1.3, Sum: 559.9]
         [Processed Buffers: Min: 18, Avg: 22.9, Max: 34, Diff: 16, Sum: 688]
      [Scan RS (ms): Min: 3.4, Avg: 3.7, Max: 3.9, Diff: 0.4, Sum: 110.6]
      [Code Root Scanning (ms): Min: 0.0, Avg: 0.0, Max: 0.0, Diff: 0.0, Sum: 0.0]
      [Object Copy (ms): Min: 44.3, Avg: 44.4, Max: 44.5, Diff: 0.2, Sum: 1330.8]
      [Termination (ms): Min: 0.1, Avg: 0.1, Max: 0.2, Diff: 0.1, Sum: 4.2]
         [Termination Attempts: Min: 7, Avg: 37.7, Max: 48, Diff: 41, Sum: 1132]
      [GC Worker Other (ms): Min: 0.0, Avg: 0.1, Max: 0.2, Diff: 0.2, Sum: 2.4]
      [GC Worker Total (ms): Min: 66.7, Avg: 67.3, Max: 67.8, Diff: 1.1, Sum: 2020.0]
      [GC Worker End (ms): Min: 128360.3, Avg: 128360.4, Max: 128360.5, Diff: 0.2]
   [Code Root Fixup: 0.0 ms]
   [Code Root Purge: 0.0 ms]
   [Clear CT: 0.8 ms]
   [Other: 3.3 ms]
      [Choose CSet: 0.0 ms]
      [Ref Proc: 0.5 ms]
      [Ref Enq: 0.0 ms]
      [Redirty Cards: 0.9 ms]
      [Humongous Register: 0.1 ms]
      [Humongous Reclaim: 0.0 ms]
      [Free CSet: 1.3 ms]
   [Eden: 4244.0M(4244.0M)->0.0B(4156.0M) Survivors: 340.0M->308.0M Heap: 6972.0M(8192.0M)->2848.0M(8192.0M)]
 [Times: user=2.06 sys=0.00, real=0.07 secs] 
2018-10-15T09:27:31.779+0200: 128.365: Total time for which application threads were stopped: 0.0733631 seconds, Stopping threads took: 0.0005540 seconds
2018-10-15T09:27:32.197+0200: 128.783: Application time: 0.4185436 seconds
2018-10-15T09:27:32.198+0200: 128.784: [GC pause (G1 Evacuation Pause) (young)
Desired survivor size 293601280 bytes, new threshold 15 (max 15)
- age   1:   97989696 bytes,   97989696 total
- age   2:   96619760 bytes,  194609456 total
- age   3:   94237888 bytes,  288847344 total
, 0.0719285 secs]
   [Parallel Time: 68.2 ms, GC Workers: 30]
      [GC Worker Start (ms): Min: 128784.5, Avg: 128784.8, Max: 128785.3, Diff: 0.7]
      [Ext Root Scanning (ms): Min: 0.0, Avg: 0.4, Max: 1.8, Diff: 1.8, Sum: 13.3]
      [Update RS (ms): Min: 18.8, Avg: 19.9, Max: 20.2, Diff: 1.4, Sum: 598.3]
         [Processed Buffers: Min: 21, Avg: 25.2, Max: 34, Diff: 13, Sum: 755]
      [Scan RS (ms): Min: 2.3, Avg: 2.4, Max: 2.6, Diff: 0.3, Sum: 73.4]
      [Code Root Scanning (ms): Min: 0.0, Avg: 0.0, Max: 0.0, Diff: 0.0, Sum: 0.0]
      [Object Copy (ms): Min: 44.6, Avg: 44.8, Max: 44.9, Diff: 0.2, Sum: 1342.6]
      [Termination (ms): Min: 0.0, Avg: 0.1, Max: 0.1, Diff: 0.1, Sum: 2.0]
         [Termination Attempts: Min: 1, Avg: 43.9, Max: 51, Diff: 50, Sum: 1318]
      [GC Worker Other (ms): Min: 0.0, Avg: 0.1, Max: 0.2, Diff: 0.2, Sum: 3.4]
      [GC Worker Total (ms): Min: 67.3, Avg: 67.8, Max: 68.1, Diff: 0.8, Sum: 2032.9]
      [GC Worker End (ms): Min: 128852.5, Avg: 128852.6, Max: 128852.7, Diff: 0.2]
   [Code Root Fixup: 0.0 ms]
   [Code Root Purge: 0.0 ms]
   [Clear CT: 0.8 ms]
   [Other: 2.9 ms]
      [Choose CSet: 0.0 ms]
      [Ref Proc: 0.5 ms]
      [Ref Enq: 0.0 ms]
      [Redirty Cards: 0.5 ms]
      [Humongous Register: 0.1 ms]
      [Humongous Reclaim: 0.0 ms]
      [Free CSet: 1.3 ms]
   [Eden: 4156.0M(4156.0M)->0.0B(3956.0M) Survivors: 308.0M->408.0M Heap: 7004.0M(8192.0M)->2950.0M(8192.0M)]
 [Times: user=2.06 sys=0.00, real=0.07 secs] 
2018-10-15T09:27:32.270+0200: 128.856: Total time for which application threads were stopped: 0.0730754 seconds, Stopping threads took: 0.0005040 seconds
2018-10-15T09:27:32.271+0200: 128.857: Application time: 0.0005257 seconds
2018-10-15T09:27:32.271+0200: 128.857: Total time for which application threads were stopped: 0.0005663 seconds, Stopping threads took: 0.0002019 seconds
2018-10-15T09:27:32.271+0200: 128.857: Application time: 0.0000296 seconds
2018-10-15T09:27:32.272+0200: 128.858: Total time for which application threads were stopped: 0.0003208 seconds, Stopping threads took: 0.0000513 seconds
2018-10-15T09:27:32.272+0200: 128.858: Application time: 0.0000236 seconds
2018-10-15T09:27:32.272+0200: 128.858: Total time for which application threads were stopped: 0.0002329 seconds, Stopping threads took: 0.0000410 seconds
2018-10-15T09:27:32.272+0200: 128.858: Application time: 0.0000196 seconds
2018-10-15T09:27:32.272+0200: 128.858: Total time for which application threads were stopped: 0.0001973 seconds, Stopping threads took: 0.0000377 seconds
2018-10-15T09:27:32.272+0200: 128.858: Application time: 0.0000186 seconds
2018-10-15T09:27:32.272+0200: 128.858: Total time for which application threads were stopped: 0.0001978 seconds, Stopping threads took: 0.0000393 seconds
2018-10-15T09:27:32.272+0200: 128.858: Application time: 0.0000320 seconds
2018-10-15T09:27:32.273+0200: 128.859: Total time for which application threads were stopped: 0.0002050 seconds, Stopping threads took: 0.0000293 seconds
2018-10-15T09:27:32.273+0200: 128.859: Application time: 0.0000187 seconds
2018-10-15T09:27:32.273+0200: 128.859: Total time for which application threads were stopped: 0.0001840 seconds, Stopping threads took: 0.0000256 seconds
2018-10-15T09:27:32.273+0200: 128.859: Application time: 0.0000189 seconds
2018-10-15T09:27:32.273+0200: 128.859: Total time for which application threads were stopped: 0.0001957 seconds, Stopping threads took: 0.0000299 seconds
2018-10-15T09:27:32.273+0200: 128.859: Application time: 0.0000188 seconds
2018-10-15T09:27:32.273+0200: 128.859: Total time for which application threads were stopped: 0.0002025 seconds, Stopping threads took: 0.0000271 seconds
2018-10-15T09:27:32.273+0200: 128.859: Application time: 0.0000178 seconds
2018-10-15T09:27:32.273+0200: 128.860: Total time for which application threads were stopped: 0.0001814 seconds, Stopping threads took: 0.0000339 seconds
2018-10-15T09:27:32.274+0200: 128.860: Application time: 0.0000179 seconds
2018-10-15T09:27:32.274+0200: 128.860: Total time for which application threads were stopped: 0.0001901 seconds, Stopping threads took: 0.0000407 seconds
2018-10-15T09:27:32.274+0200: 128.860: Application time: 0.0000167 seconds
2018-10-15T09:27:32.274+0200: 128.860: Total time for which application threads were stopped: 0.0001731 seconds, Stopping threads took: 0.0000262 seconds
2018-10-15T09:27:32.274+0200: 128.860: Application time: 0.0000188 seconds
2018-10-15T09:27:32.274+0200: 128.860: Total time for which application threads were stopped: 0.0001760 seconds, Stopping threads took: 0.0000280 seconds
2018-10-15T09:27:32.274+0200: 128.860: Application time: 0.0000174 seconds
2018-10-15T09:27:32.274+0200: 128.860: Total time for which application threads were stopped: 0.0001759 seconds, Stopping threads took: 0.0000249 seconds
2018-10-15T09:27:32.274+0200: 128.860: Application time: 0.0000176 seconds
2018-10-15T09:27:32.274+0200: 128.861: Total time for which application threads were stopped: 0.0001771 seconds, Stopping threads took: 0.0000285 seconds
2018-10-15T09:27:32.275+0200: 128.861: Application time: 0.0000174 seconds
2018-10-15T09:27:32.275+0200: 128.861: Total time for which application threads were stopped: 0.0002051 seconds, Stopping threads took: 0.0000462 seconds
2018-10-15T09:27:32.275+0200: 128.861: Application time: 0.0000186 seconds
2018-10-15T09:27:32.275+0200: 128.861: Total time for which application threads were stopped: 0.0001839 seconds, Stopping threads took: 0.0000377 seconds
2018-10-15T09:27:32.275+0200: 128.861: Application time: 0.0000174 seconds
2018-10-15T09:27:32.275+0200: 128.861: Total time for which application threads were stopped: 0.0001843 seconds, Stopping threads took: 0.0000248 seconds
2018-10-15T09:27:32.275+0200: 128.861: Application time: 0.0000180 seconds
2018-10-15T09:27:32.275+0200: 128.861: Total time for which application threads were stopped: 0.0001795 seconds, Stopping threads took: 0.0000281 seconds
2018-10-15T09:27:32.275+0200: 128.861: Application time: 0.0000174 seconds
2018-10-15T09:27:32.277+0200: 128.863: Total time for which application threads were stopped: 0.0012127 seconds, Stopping threads took: 0.0000299 seconds
2018-10-15T09:27:32.657+0200: 129.243: Application time: 0.3807886 seconds
2018-10-15T09:27:32.658+0200: 129.244: [GC pause (G1 Evacuation Pause) (young)
Desired survivor size 287309824 bytes, new threshold 3 (max 15)
- age   1:  107854984 bytes,  107854984 total
- age   2:   93197376 bytes,  201052360 total
- age   3:   95679840 bytes,  296732200 total
- age   4:   94024696 bytes,  390756896 total
, 0.0680738 secs]
   [Parallel Time: 64.1 ms, GC Workers: 30]
      [GC Worker Start (ms): Min: 129244.5, Avg: 129244.7, Max: 129244.8, Diff: 0.2]
      [Ext Root Scanning (ms): Min: 0.2, Avg: 0.4, Max: 1.6, Diff: 1.3, Sum: 12.7]
      [Update RS (ms): Min: 9.4, Avg: 10.4, Max: 10.7, Diff: 1.3, Sum: 312.6]
         [Processed Buffers: Min: 13, Avg: 17.8, Max: 27, Diff: 14, Sum: 533]
      [Scan RS (ms): Min: 0.0, Avg: 0.2, Max: 0.3, Diff: 0.2, Sum: 5.8]
      [Code Root Scanning (ms): Min: 0.0, Avg: 0.0, Max: 0.0, Diff: 0.0, Sum: 0.0]
      [Object Copy (ms): Min: 52.3, Avg: 52.4, Max: 52.5, Diff: 0.2, Sum: 1573.3]
      [Termination (ms): Min: 0.1, Avg: 0.1, Max: 0.2, Diff: 0.1, Sum: 4.2]
         [Termination Attempts: Min: 8, Avg: 44.5, Max: 54, Diff: 46, Sum: 1335]
      [GC Worker Other (ms): Min: 0.0, Avg: 0.1, Max: 0.2, Diff: 0.2, Sum: 3.0]
      [GC Worker Total (ms): Min: 63.6, Avg: 63.7, Max: 63.9, Diff: 0.3, Sum: 1911.5]
      [GC Worker End (ms): Min: 129308.3, Avg: 129308.4, Max: 129308.5, Diff: 0.2]
   [Code Root Fixup: 0.0 ms]
   [Code Root Purge: 0.0 ms]
   [Clear CT: 0.8 ms]
   [Other: 3.2 ms]
      [Choose CSet: 0.0 ms]
      [Ref Proc: 0.4 ms]
      [Ref Enq: 0.0 ms]
      [Redirty Cards: 1.0 ms]
      [Humongous Register: 0.1 ms]
      [Humongous Reclaim: 0.0 ms]
      [Free CSet: 1.2 ms]
   [Eden: 3956.0M(3956.0M)->0.0B(3940.0M) Survivors: 408.0M->316.0M Heap: 6906.0M(8192.0M)->3055.0M(8192.0M)]
 [Times: user=1.94 sys=0.00, real=0.07 secs] 
2018-10-15T09:27:32.727+0200: 129.313: Total time for which application threads were stopped: 0.0691613 seconds, Stopping threads took: 0.0004592 seconds
2018-10-15T09:27:33.125+0200: 129.711: Application time: 0.3983888 seconds
2018-10-15T09:27:33.126+0200: 129.712: [GC pause (G1 Evacuation Pause) (young)
Desired survivor size 278921216 bytes, new threshold 3 (max 15)
- age   1:  105946344 bytes,  105946344 total
- age   2:  100406128 bytes,  206352472 total
- age   3:   92548752 bytes,  298901224 total
, 0.0689707 secs]
   [Parallel Time: 65.5 ms, GC Workers: 30]
      [GC Worker Start (ms): Min: 129712.2, Avg: 129712.6, Max: 129713.2, Diff: 1.0]
      [Ext Root Scanning (ms): Min: 0.0, Avg: 0.4, Max: 1.9, Diff: 1.9, Sum: 12.6]
      [Update RS (ms): Min: 21.0, Avg: 22.2, Max: 22.6, Diff: 1.5, Sum: 666.9]
         [Processed Buffers: Min: 22, Avg: 27.5, Max: 36, Diff: 14, Sum: 825]
      [Scan RS (ms): Min: 0.7, Avg: 0.9, Max: 1.1, Diff: 0.4, Sum: 26.9]
      [Code Root Scanning (ms): Min: 0.0, Avg: 0.0, Max: 0.0, Diff: 0.0, Sum: 0.1]
      [Object Copy (ms): Min: 41.0, Avg: 41.1, Max: 41.3, Diff: 0.3, Sum: 1231.5]
      [Termination (ms): Min: 0.0, Avg: 0.1, Max: 0.2, Diff: 0.2, Sum: 4.0]
         [Termination Attempts: Min: 1, Avg: 77.7, Max: 91, Diff: 90, Sum: 2330]
      [GC Worker Other (ms): Min: 0.0, Avg: 0.1, Max: 0.3, Diff: 0.2, Sum: 3.9]
      [GC Worker Total (ms): Min: 64.2, Avg: 64.9, Max: 65.3, Diff: 1.0, Sum: 1945.9]
      [GC Worker End (ms): Min: 129777.4, Avg: 129777.5, Max: 129777.6, Diff: 0.2]
   [Code Root Fixup: 0.0 ms]
   [Code Root Purge: 0.0 ms]
   [Clear CT: 0.8 ms]
   [Other: 2.7 ms]
      [Choose CSet: 0.0 ms]
      [Ref Proc: 0.4 ms]
      [Ref Enq: 0.0 ms]
      [Redirty Cards: 0.6 ms]
      [Humongous Register: 0.1 ms]
      [Humongous Reclaim: 0.1 ms]
      [Free CSet: 1.1 ms]
   [Eden: 3940.0M(3940.0M)->0.0B(3824.0M) Survivors: 316.0M->316.0M Heap: 6995.0M(8192.0M)->3174.0M(8192.0M)]
 [Times: user=1.96 sys=0.01, real=0.07 secs] 
2018-10-15T09:27:33.195+0200: 129.781: Total time for which application threads were stopped: 0.0701369 seconds, Stopping threads took: 0.0005138 seconds
2018-10-15T09:27:33.571+0200: 130.157: Application time: 0.3758376 seconds
2018-10-15T09:27:33.572+0200: 130.158: [GC pause (G1 Evacuation Pause) (young)
Desired survivor size 272629760 bytes, new threshold 3 (max 15)
- age   1:  102895680 bytes,  102895680 total
- age   2:   97925744 bytes,  200821424 total
- age   3:   99470584 bytes,  300292008 total
, 0.0723784 secs]
   [Parallel Time: 69.2 ms, GC Workers: 30]
      [GC Worker Start (ms): Min: 130158.2, Avg: 130158.6, Max: 130159.2, Diff: 1.0]
      [Ext Root Scanning (ms): Min: 0.0, Avg: 0.4, Max: 1.8, Diff: 1.8, Sum: 12.2]
      [Update RS (ms): Min: 27.3, Avg: 28.3, Max: 28.7, Diff: 1.4, Sum: 849.9]
         [Processed Buffers: Min: 29, Avg: 33.7, Max: 40, Diff: 11, Sum: 1012]
      [Scan RS (ms): Min: 0.0, Avg: 0.1, Max: 0.3, Diff: 0.2, Sum: 4.2]
      [Code Root Scanning (ms): Min: 0.0, Avg: 0.0, Max: 0.0, Diff: 0.0, Sum: 0.1]
      [Object Copy (ms): Min: 39.4, Avg: 39.5, Max: 39.6, Diff: 0.3, Sum: 1186.0]
      [Termination (ms): Min: 0.1, Avg: 0.1, Max: 0.3, Diff: 0.2, Sum: 3.6]
         [Termination Attempts: Min: 12, Avg: 18.9, Max: 23, Diff: 11, Sum: 567]
      [GC Worker Other (ms): Min: 0.0, Avg: 0.1, Max: 0.2, Diff: 0.2, Sum: 3.0]
      [GC Worker Total (ms): Min: 68.0, Avg: 68.6, Max: 69.0, Diff: 1.0, Sum: 2059.0]
      [GC Worker End (ms): Min: 130227.1, Avg: 130227.2, Max: 130227.3, Diff: 0.2]
   [Code Root Fixup: 0.0 ms]
   [Code Root Purge: 0.0 ms]
   [Clear CT: 0.6 ms]
   [Other: 2.6 ms]
      [Choose CSet: 0.0 ms]
      [Ref Proc: 0.4 ms]
      [Ref Enq: 0.0 ms]
      [Redirty Cards: 0.5 ms]
      [Humongous Register: 0.1 ms]
      [Humongous Reclaim: 0.1 ms]
      [Free CSet: 1.0 ms]
   [Eden: 3824.0M(3824.0M)->0.0B(3700.0M) Survivors: 316.0M->316.0M Heap: 6998.0M(8192.0M)->3298.0M(8192.0M)]
 [Times: user=2.09 sys=0.00, real=0.07 secs] 
2018-10-15T09:27:33.645+0200: 130.231: Total time for which application threads were stopped: 0.0736371 seconds, Stopping threads took: 0.0005413 seconds
2018-10-15T09:27:34.029+0200: 130.615: Application time: 0.3845182 seconds
2018-10-15T09:27:34.033+0200: 130.619: [GC pause (G1 Evacuation Pause) (young)
Desired survivor size 264241152 bytes, new threshold 3 (max 15)
- age   1:  104668360 bytes,  104668360 total
- age   2:   96445768 bytes,  201114128 total
- age   3:   97054480 bytes,  298168608 total
, 0.0593828 secs]
   [Parallel Time: 56.0 ms, GC Workers: 30]
      [GC Worker Start (ms): Min: 130618.9, Avg: 130619.5, Max: 130620.2, Diff: 1.3]
      [Ext Root Scanning (ms): Min: 0.0, Avg: 0.3, Max: 1.6, Diff: 1.6, Sum: 8.9]
      [Update RS (ms): Min: 14.5, Avg: 15.1, Max: 15.7, Diff: 1.2, Sum: 454.3]
         [Processed Buffers: Min: 16, Avg: 22.1, Max: 33, Diff: 17, Sum: 664]
      [Scan RS (ms): Min: 1.1, Avg: 1.6, Max: 1.8, Diff: 0.7, Sum: 47.3]
      [Code Root Scanning (ms): Min: 0.0, Avg: 0.0, Max: 0.0, Diff: 0.0, Sum: 0.1]
      [Object Copy (ms): Min: 37.9, Avg: 38.0, Max: 38.1, Diff: 0.2, Sum: 1139.7]
      [Termination (ms): Min: 0.0, Avg: 0.1, Max: 0.2, Diff: 0.2, Sum: 1.9]
         [Termination Attempts: Min: 1, Avg: 5.9, Max: 8, Diff: 7, Sum: 178]
      [GC Worker Other (ms): Min: 0.0, Avg: 0.1, Max: 0.2, Diff: 0.2, Sum: 3.4]
      [GC Worker Total (ms): Min: 54.4, Avg: 55.2, Max: 55.8, Diff: 1.4, Sum: 1655.5]
      [GC Worker End (ms): Min: 130674.6, Avg: 130674.7, Max: 130674.8, Diff: 0.2]
   [Code Root Fixup: 0.0 ms]
   [Code Root Purge: 0.0 ms]
   [Clear CT: 0.6 ms]
   [Other: 2.7 ms]
      [Choose CSet: 0.0 ms]
      [Ref Proc: 0.4 ms]
      [Ref Enq: 0.0 ms]
      [Redirty Cards: 0.7 ms]
      [Humongous Register: 0.1 ms]
      [Humongous Reclaim: 0.0 ms]
      [Free CSet: 1.1 ms]
   [Eden: 3700.0M(3700.0M)->0.0B(3604.0M) Survivors: 316.0M->304.0M Heap: 6998.0M(8192.0M)->3404.5M(8192.0M)]
 [Times: user=1.68 sys=0.00, real=0.06 secs] 
2018-10-15T09:27:34.092+0200: 130.678: Total time for which application threads were stopped: 0.0631155 seconds, Stopping threads took: 0.0031116 seconds
2018-10-15T09:27:34.458+0200: 131.045: Application time: 0.3663219 seconds
2018-10-15T09:27:34.459+0200: 131.045: [GC pause (G1 Evacuation Pause) (young)
Desired survivor size 257949696 bytes, new threshold 3 (max 15)
- age   1:   92638488 bytes,   92638488 total
- age   2:   96071960 bytes,  188710448 total
- age   3:   93592256 bytes,  282302704 total
, 0.0710760 secs]
   [Parallel Time: 67.7 ms, GC Workers: 30]
      [GC Worker Start (ms): Min: 131045.8, Avg: 131046.1, Max: 131046.6, Diff: 0.8]
      [Ext Root Scanning (ms): Min: 0.0, Avg: 0.5, Max: 1.7, Diff: 1.7, Sum: 13.7]
      [Update RS (ms): Min: 18.4, Avg: 19.5, Max: 19.9, Diff: 1.5, Sum: 584.9]
         [Processed Buffers: Min: 20, Avg: 24.1, Max: 33, Diff: 13, Sum: 724]
      [Scan RS (ms): Min: 0.9, Avg: 1.2, Max: 1.4, Diff: 0.5, Sum: 35.8]
      [Code Root Scanning (ms): Min: 0.0, Avg: 0.0, Max: 0.0, Diff: 0.0, Sum: 0.1]
      [Object Copy (ms): Min: 45.2, Avg: 45.3, Max: 45.8, Diff: 0.7, Sum: 1358.4]
      [Termination (ms): Min: 0.0, Avg: 0.6, Max: 0.6, Diff: 0.6, Sum: 17.2]
         [Termination Attempts: Min: 1, Avg: 238.4, Max: 265, Diff: 264, Sum: 7153]
      [GC Worker Other (ms): Min: 0.0, Avg: 0.1, Max: 0.2, Diff: 0.2, Sum: 3.8]
      [GC Worker Total (ms): Min: 66.5, Avg: 67.1, Max: 67.5, Diff: 1.0, Sum: 2013.9]
      [GC Worker End (ms): Min: 131113.1, Avg: 131113.2, Max: 131113.4, Diff: 0.2]
   [Code Root Fixup: 0.0 ms]
   [Code Root Purge: 0.0 ms]
   [Clear CT: 0.6 ms]
   [Other: 2.7 ms]
      [Choose CSet: 0.0 ms]
      [Ref Proc: 0.3 ms]
      [Ref Enq: 0.0 ms]
      [Redirty Cards: 0.7 ms]
      [Humongous Register: 0.1 ms]
      [Humongous Reclaim: 0.1 ms]
      [Free CSet: 1.0 ms]
   [Eden: 3604.0M(3604.0M)->0.0B(3496.0M) Survivors: 304.0M->296.0M Heap: 7008.5M(8192.0M)->3520.0M(8192.0M)]
 [Times: user=2.04 sys=0.00, real=0.07 secs] 
2018-10-15T09:27:34.531+0200: 131.117: Total time for which application threads were stopped: 0.0722312 seconds, Stopping threads took: 0.0005002 seconds
2018-10-15T09:27:34.882+0200: 131.468: Application time: 0.3511873 seconds
2018-10-15T09:27:34.883+0200: 131.469: [GC pause (G1 Evacuation Pause) (young)
Desired survivor size 249561088 bytes, new threshold 3 (max 15)
- age   1:   98842880 bytes,   98842880 total
- age   2:   84663208 bytes,  183506088 total
- age   3:   94957872 bytes,  278463960 total
, 0.0681809 secs]
   [Parallel Time: 65.1 ms, GC Workers: 30]
      [GC Worker Start (ms): Min: 131469.1, Avg: 131469.2, Max: 131469.3, Diff: 0.2]
      [Ext Root Scanning (ms): Min: 0.3, Avg: 0.4, Max: 1.6, Diff: 1.3, Sum: 12.8]
      [Update RS (ms): Min: 22.8, Avg: 23.8, Max: 24.1, Diff: 1.3, Sum: 713.3]
         [Processed Buffers: Min: 29, Avg: 37.1, Max: 48, Diff: 19, Sum: 1112]
      [Scan RS (ms): Min: 0.0, Avg: 0.1, Max: 0.3, Diff: 0.2, Sum: 4.1]
      [Code Root Scanning (ms): Min: 0.0, Avg: 0.0, Max: 0.0, Diff: 0.0, Sum: 0.0]
      [Object Copy (ms): Min: 40.0, Avg: 40.2, Max: 40.3, Diff: 0.3, Sum: 1205.6]
      [Termination (ms): Min: 0.0, Avg: 0.1, Max: 0.1, Diff: 0.1, Sum: 2.1]
         [Termination Attempts: Min: 1, Avg: 50.1, Max: 64, Diff: 63, Sum: 1503]
      [GC Worker Other (ms): Min: 0.0, Avg: 0.1, Max: 0.2, Diff: 0.2, Sum: 3.6]
      [GC Worker Total (ms): Min: 64.5, Avg: 64.7, Max: 64.9, Diff: 0.4, Sum: 1941.5]
      [GC Worker End (ms): Min: 131533.8, Avg: 131533.9, Max: 131534.0, Diff: 0.2]
   [Code Root Fixup: 0.0 ms]
   [Code Root Purge: 0.0 ms]
   [Clear CT: 0.5 ms]
   [Other: 2.5 ms]
      [Choose CSet: 0.0 ms]
      [Ref Proc: 0.3 ms]
      [Ref Enq: 0.0 ms]
      [Redirty Cards: 0.7 ms]
      [Humongous Register: 0.1 ms]
      [Humongous Reclaim: 0.1 ms]
      [Free CSet: 0.9 ms]
   [Eden: 3496.0M(3496.0M)->0.0B(3412.0M) Survivors: 296.0M->280.0M Heap: 7016.0M(8192.0M)->3622.3M(8192.0M)]
 [Times: user=1.96 sys=0.00, real=0.07 secs] 
2018-10-15T09:27:34.951+0200: 131.537: Total time for which application threads were stopped: 0.0692362 seconds, Stopping threads took: 0.0004493 seconds
2018-10-15T09:27:35.302+0200: 131.888: Application time: 0.3508593 seconds
2018-10-15T09:27:35.303+0200: 131.889: [GC pause (G1 Evacuation Pause) (young)
Desired survivor size 243269632 bytes, new threshold 3 (max 15)
- age   1:   85090440 bytes,   85090440 total
- age   2:   92394632 bytes,  177485072 total
- age   3:   84153080 bytes,  261638152 total
, 0.0653276 secs]
   [Parallel Time: 61.8 ms, GC Workers: 30]
      [GC Worker Start (ms): Min: 131889.4, Avg: 131890.1, Max: 131890.9, Diff: 1.5]
      [Ext Root Scanning (ms): Min: 0.0, Avg: 0.3, Max: 1.7, Diff: 1.7, Sum: 8.4]
      [Update RS (ms): Min: 20.1, Avg: 20.7, Max: 21.2, Diff: 1.1, Sum: 622.4]
         [Processed Buffers: Min: 19, Avg: 23.9, Max: 30, Diff: 11, Sum: 716]
      [Scan RS (ms): Min: 2.0, Avg: 2.3, Max: 2.5, Diff: 0.5, Sum: 70.4]
      [Code Root Scanning (ms): Min: 0.0, Avg: 0.0, Max: 0.0, Diff: 0.0, Sum: 0.0]
      [Object Copy (ms): Min: 37.3, Avg: 37.4, Max: 37.5, Diff: 0.2, Sum: 1121.1]
      [Termination (ms): Min: 0.0, Avg: 0.0, Max: 0.1, Diff: 0.1, Sum: 1.5]
         [Termination Attempts: Min: 2, Avg: 19.9, Max: 25, Diff: 23, Sum: 598]
      [GC Worker Other (ms): Min: 0.0, Avg: 0.1, Max: 0.2, Diff: 0.2, Sum: 3.6]
      [GC Worker Total (ms): Min: 60.1, Avg: 60.9, Max: 61.7, Diff: 1.6, Sum: 1827.4]
      [GC Worker End (ms): Min: 131950.9, Avg: 131951.0, Max: 131951.2, Diff: 0.2]
   [Code Root Fixup: 0.0 ms]
   [Code Root Purge: 0.0 ms]
   [Clear CT: 0.8 ms]
   [Other: 2.7 ms]
      [Choose CSet: 0.0 ms]
      [Ref Proc: 0.4 ms]
      [Ref Enq: 0.0 ms]
      [Redirty Cards: 0.7 ms]
      [Humongous Register: 0.1 ms]
      [Humongous Reclaim: 0.1 ms]
      [Free CSet: 1.0 ms]
   [Eden: 3412.0M(3412.0M)->0.0B(3304.0M) Survivors: 280.0M->276.0M Heap: 7034.3M(8192.0M)->3734.0M(8192.0M)]
 [Times: user=1.85 sys=0.00, real=0.07 secs] 
2018-10-15T09:27:35.369+0200: 131.955: Total time for which application threads were stopped: 0.0665011 seconds, Stopping threads took: 0.0005149 seconds
2018-10-15T09:27:35.703+0200: 132.289: Application time: 0.3343054 seconds
2018-10-15T09:27:35.704+0200: 132.290: [GC pause (G1 Evacuation Pause) (young)
Desired survivor size 234881024 bytes, new threshold 3 (max 15)
- age   1:   92312872 bytes,   92312872 total
- age   2:   77467376 bytes,  169780248 total
- age   3:   91672888 bytes,  261453136 total
, 0.0575460 secs]
   [Parallel Time: 54.0 ms, GC Workers: 30]
      [GC Worker Start (ms): Min: 132290.1, Avg: 132290.3, Max: 132290.6, Diff: 0.5]
      [Ext Root Scanning (ms): Min: 0.1, Avg: 0.5, Max: 1.6, Diff: 1.6, Sum: 13.5]
      [Update RS (ms): Min: 13.4, Avg: 14.1, Max: 14.6, Diff: 1.2, Sum: 423.7]
         [Processed Buffers: Min: 14, Avg: 21.6, Max: 35, Diff: 21, Sum: 648]
      [Scan RS (ms): Min: 1.7, Avg: 2.0, Max: 2.1, Diff: 0.5, Sum: 58.7]
      [Code Root Scanning (ms): Min: 0.0, Avg: 0.0, Max: 0.0, Diff: 0.0, Sum: 0.0]
      [Object Copy (ms): Min: 36.8, Avg: 37.0, Max: 37.1, Diff: 0.2, Sum: 1108.9]
      [Termination (ms): Min: 0.0, Avg: 0.0, Max: 0.0, Diff: 0.0, Sum: 0.2]
         [Termination Attempts: Min: 1, Avg: 1.4, Max: 2, Diff: 1, Sum: 43]
      [GC Worker Other (ms): Min: 0.0, Avg: 0.1, Max: 0.2, Diff: 0.2, Sum: 3.5]
      [GC Worker Total (ms): Min: 53.2, Avg: 53.6, Max: 53.9, Diff: 0.7, Sum: 1608.6]
      [GC Worker End (ms): Min: 132343.8, Avg: 132343.9, Max: 132344.0, Diff: 0.2]
   [Code Root Fixup: 0.0 ms]
   [Code Root Purge: 0.0 ms]
   [Clear CT: 0.7 ms]
   [Other: 2.8 ms]
      [Choose CSet: 0.0 ms]
      [Ref Proc: 0.5 ms]
      [Ref Enq: 0.0 ms]
      [Redirty Cards: 0.8 ms]
      [Humongous Register: 0.1 ms]
      [Humongous Reclaim: 0.1 ms]
      [Free CSet: 1.0 ms]
   [Eden: 3304.0M(3304.0M)->0.0B(3192.0M) Survivors: 276.0M->272.0M Heap: 7038.0M(8192.0M)->3848.0M(8192.0M)]
 [Times: user=1.64 sys=0.01, real=0.05 secs] 
2018-10-15T09:27:35.761+0200: 132.348: Total time for which application threads were stopped: 0.0586380 seconds, Stopping threads took: 0.0004647 seconds
2018-10-15T09:27:36.074+0200: 132.660: Application time: 0.3123720 seconds
2018-10-15T09:27:36.075+0200: 132.661: [GC pause (G1 Evacuation Pause) (young)
Desired survivor size 228589568 bytes, new threshold 3 (max 15)
- age   1:   89563624 bytes,   89563624 total
- age   2:   84197064 bytes,  173760688 total
- age   3:   76602352 bytes,  250363040 total
, 0.0587589 secs]
   [Parallel Time: 55.4 ms, GC Workers: 30]
      [GC Worker Start (ms): Min: 132661.2, Avg: 132661.9, Max: 132662.6, Diff: 1.3]
      [Ext Root Scanning (ms): Min: 0.0, Avg: 0.3, Max: 1.7, Diff: 1.7, Sum: 9.4]
      [Update RS (ms): Min: 18.9, Avg: 19.6, Max: 20.0, Diff: 1.1, Sum: 587.9]
         [Processed Buffers: Min: 19, Avg: 23.7, Max: 30, Diff: 11, Sum: 712]
      [Scan RS (ms): Min: 0.9, Avg: 1.2, Max: 1.4, Diff: 0.5, Sum: 35.3]
      [Code Root Scanning (ms): Min: 0.0, Avg: 0.0, Max: 0.0, Diff: 0.0, Sum: 0.0]
      [Object Copy (ms): Min: 33.1, Avg: 33.2, Max: 33.3, Diff: 0.2, Sum: 996.9]
      [Termination (ms): Min: 0.0, Avg: 0.1, Max: 0.1, Diff: 0.1, Sum: 2.8]
         [Termination Attempts: Min: 1, Avg: 3.9, Max: 7, Diff: 6, Sum: 118]
      [GC Worker Other (ms): Min: 0.0, Avg: 0.1, Max: 0.2, Diff: 0.2, Sum: 2.3]
      [GC Worker Total (ms): Min: 53.7, Avg: 54.5, Max: 55.1, Diff: 1.4, Sum: 1634.7]
      [GC Worker End (ms): Min: 132716.3, Avg: 132716.4, Max: 132716.5, Diff: 0.2]
   [Code Root Fixup: 0.0 ms]
   [Code Root Purge: 0.0 ms]
   [Clear CT: 0.6 ms]
   [Other: 2.7 ms]
      [Choose CSet: 0.0 ms]
      [Ref Proc: 0.5 ms]
      [Ref Enq: 0.0 ms]
      [Redirty Cards: 0.7 ms]
      [Humongous Register: 0.1 ms]
      [Humongous Reclaim: 0.1 ms]
      [Free CSet: 0.9 ms]
   [Eden: 3192.0M(3192.0M)->0.0B(3096.0M) Survivors: 272.0M->268.0M Heap: 7040.0M(8192.0M)->3952.0M(8192.0M)]
 [Times: user=1.66 sys=0.00, real=0.06 secs] 
2018-10-15T09:27:36.134+0200: 132.720: Total time for which application threads were stopped: 0.0599493 seconds, Stopping threads took: 0.0005351 seconds
2018-10-15T09:27:36.441+0200: 133.027: Application time: 0.3071611 seconds
2018-10-15T09:27:36.442+0200: 133.028: [GC pause (G1 Evacuation Pause) (young) (initial-mark)
Desired survivor size 222298112 bytes, new threshold 3 (max 15)
- age   1:   82528632 bytes,   82528632 total
- age   2:   82008544 bytes,  164537176 total
- age   3:   83843240 bytes,  248380416 total
, 0.0609153 secs]
   [Parallel Time: 57.8 ms, GC Workers: 30]
      [GC Worker Start (ms): Min: 133028.3, Avg: 133029.2, Max: 133029.8, Diff: 1.5]
      [Ext Root Scanning (ms): Min: 1.4, Avg: 1.9, Max: 2.7, Diff: 1.3, Sum: 56.3]
      [Update RS (ms): Min: 20.9, Avg: 21.6, Max: 22.3, Diff: 1.4, Sum: 647.8]
         [Processed Buffers: Min: 24, Avg: 32.0, Max: 44, Diff: 20, Sum: 961]
      [Scan RS (ms): Min: 0.0, Avg: 0.1, Max: 0.2, Diff: 0.2, Sum: 3.3]
      [Code Root Scanning (ms): Min: 0.0, Avg: 0.0, Max: 0.0, Diff: 0.0, Sum: 0.0]
      [Object Copy (ms): Min: 32.6, Avg: 32.8, Max: 32.9, Diff: 0.3, Sum: 983.6]
      [Termination (ms): Min: 0.0, Avg: 0.0, Max: 0.0, Diff: 0.0, Sum: 0.2]
         [Termination Attempts: Min: 1, Avg: 1.0, Max: 2, Diff: 1, Sum: 31]
      [GC Worker Other (ms): Min: 0.0, Avg: 0.1, Max: 0.2, Diff: 0.2, Sum: 3.0]
      [GC Worker Total (ms): Min: 55.8, Avg: 56.5, Max: 57.4, Diff: 1.7, Sum: 1694.2]
      [GC Worker End (ms): Min: 133085.6, Avg: 133085.7, Max: 133085.8, Diff: 0.2]
   [Code Root Fixup: 0.0 ms]
   [Code Root Purge: 0.0 ms]
   [Clear CT: 0.6 ms]
   [Other: 2.5 ms]
      [Choose CSet: 0.0 ms]
      [Ref Proc: 0.4 ms]
      [Ref Enq: 0.0 ms]
      [Redirty Cards: 0.7 ms]
      [Humongous Register: 0.1 ms]
      [Humongous Reclaim: 0.1 ms]
      [Free CSet: 0.8 ms]
   [Eden: 3096.0M(3096.0M)->0.0B(2980.0M) Survivors: 268.0M->272.0M Heap: 7048.0M(8192.0M)->4064.0M(8192.0M)]
 [Times: user=1.64 sys=0.00, real=0.06 secs] 
2018-10-15T09:27:36.503+0200: 133.089: [GC concurrent-root-region-scan-start]
2018-10-15T09:27:36.503+0200: 133.089: Total time for which application threads were stopped: 0.0620472 seconds, Stopping threads took: 0.0004251 seconds
2018-10-15T09:27:36.563+0200: 133.150: [GC concurrent-root-region-scan-end, 0.0606091 secs]
2018-10-15T09:27:36.564+0200: 133.150: [GC concurrent-mark-start]
2018-10-15T09:27:36.896+0200: 133.482: Application time: 0.3925523 seconds
2018-10-15T09:27:36.896+0200: 133.482: [GC pause (G1 Evacuation Pause) (young)
Desired survivor size 213909504 bytes, new threshold 3 (max 15)
- age   1:   88808608 bytes,   88808608 total
- age   2:   75090712 bytes,  163899320 total
- age   3:   81344136 bytes,  245243456 total
, 0.0677072 secs]
   [Parallel Time: 64.6 ms, GC Workers: 30]
      [GC Worker Start (ms): Min: 133482.8, Avg: 133483.3, Max: 133484.1, Diff: 1.4]
      [Ext Root Scanning (ms): Min: 0.0, Avg: 0.3, Max: 1.8, Diff: 1.8, Sum: 9.2]
      [Update RS (ms): Min: 25.9, Avg: 26.8, Max: 27.1, Diff: 1.2, Sum: 802.8]
         [Processed Buffers: Min: 15, Avg: 32.5, Max: 42, Diff: 27, Sum: 976]
      [Scan RS (ms): Min: 0.0, Avg: 0.1, Max: 0.2, Diff: 0.2, Sum: 3.2]
      [Code Root Scanning (ms): Min: 0.0, Avg: 0.0, Max: 0.0, Diff: 0.0, Sum: 0.0]
      [Object Copy (ms): Min: 36.2, Avg: 36.5, Max: 36.5, Diff: 0.3, Sum: 1093.6]
      [Termination (ms): Min: 0.0, Avg: 0.0, Max: 0.1, Diff: 0.0, Sum: 1.2]
         [Termination Attempts: Min: 1, Avg: 20.2, Max: 33, Diff: 32, Sum: 606]
      [GC Worker Other (ms): Min: 0.0, Avg: 0.1, Max: 0.2, Diff: 0.2, Sum: 3.1]
      [GC Worker Total (ms): Min: 63.0, Avg: 63.8, Max: 64.4, Diff: 1.4, Sum: 1913.2]
      [GC Worker End (ms): Min: 133547.0, Avg: 133547.1, Max: 133547.2, Diff: 0.2]
   [Code Root Fixup: 0.0 ms]
   [Code Root Purge: 0.0 ms]
   [Clear CT: 0.6 ms]
   [Other: 2.5 ms]
      [Choose CSet: 0.0 ms]
      [Ref Proc: 0.4 ms]
      [Ref Enq: 0.0 ms]
      [Redirty Cards: 0.7 ms]
      [Humongous Register: 0.1 ms]
      [Humongous Reclaim: 0.1 ms]
      [Free CSet: 0.8 ms]
   [Eden: 2980.0M(2980.0M)->0.0B(2876.0M) Survivors: 272.0M->268.0M Heap: 7044.0M(8192.0M)->4170.0M(8192.0M)]
 [Times: user=1.91 sys=0.00, real=0.07 secs] 
2018-10-15T09:27:36.964+0200: 133.550: Total time for which application threads were stopped: 0.0688404 seconds, Stopping threads took: 0.0004514 seconds
2018-10-15T09:27:37.112+0200: 133.698: [GC concurrent-mark-end, 0.5480583 secs]
2018-10-15T09:27:37.112+0200: 133.698: Application time: 0.1472312 seconds
2018-10-15T09:27:37.113+0200: 133.699: [GC remark 2018-10-15T09:27:37.113+0200: 133.699: [Finalize Marking, 0.0023387 secs] 2018-10-15T09:27:37.115+0200: 133.701: [GC ref-proc, 0.0038608 secs] 2018-10-15T09:27:37.119+0200: 133.705: [Unloading, 0.0122572 secs], 0.0198980 secs]
 [Times: user=0.39 sys=0.00, real=0.02 secs] 
2018-10-15T09:27:37.132+0200: 133.719: Total time for which application threads were stopped: 0.0208555 seconds, Stopping threads took: 0.0004771 seconds
2018-10-15T09:27:37.133+0200: 133.719: Application time: 0.0000686 seconds
2018-10-15T09:27:37.133+0200: 133.719: [GC cleanup 5261M->3105M(8192M), 0.0083943 secs]
 [Times: user=0.21 sys=0.00, real=0.00 secs] 
2018-10-15T09:27:37.142+0200: 133.728: Total time for which application threads were stopped: 0.0090610 seconds, Stopping threads took: 0.0001066 seconds
2018-10-15T09:27:37.142+0200: 133.728: [GC concurrent-cleanup-start]
2018-10-15T09:27:37.144+0200: 133.730: [GC concurrent-cleanup-end, 0.0024667 secs]
2018-10-15T09:27:37.325+0200: 133.911: Application time: 0.1834450 seconds
2018-10-15T09:27:37.326+0200: 133.912: [GC pause (G1 Evacuation Pause) (young)
Desired survivor size 207618048 bytes, new threshold 3 (max 15)
- age   1:   91390712 bytes,   91390712 total
- age   2:   83349976 bytes,  174740688 total
- age   3:   74526792 bytes,  249267480 total
, 0.0583392 secs]
   [Parallel Time: 55.5 ms, GC Workers: 30]
      [GC Worker Start (ms): Min: 133912.4, Avg: 133912.9, Max: 133913.5, Diff: 1.1]
      [Ext Root Scanning (ms): Min: 0.0, Avg: 0.3, Max: 1.7, Diff: 1.7, Sum: 8.8]
      [Update RS (ms): Min: 12.7, Avg: 13.7, Max: 14.0, Diff: 1.3, Sum: 411.7]
         [Processed Buffers: Min: 15, Avg: 21.2, Max: 29, Diff: 14, Sum: 636]
      [Scan RS (ms): Min: 1.3, Avg: 1.6, Max: 1.8, Diff: 0.4, Sum: 48.3]
      [Code Root Scanning (ms): Min: 0.0, Avg: 0.0, Max: 0.0, Diff: 0.0, Sum: 0.0]
      [Object Copy (ms): Min: 38.7, Avg: 38.8, Max: 38.9, Diff: 0.2, Sum: 1162.6]
      [Termination (ms): Min: 0.0, Avg: 0.2, Max: 0.2, Diff: 0.2, Sum: 6.2]
         [Termination Attempts: Min: 1, Avg: 105.0, Max: 118, Diff: 117, Sum: 3150]
      [GC Worker Other (ms): Min: 0.0, Avg: 0.1, Max: 0.2, Diff: 0.2, Sum: 3.4]
      [GC Worker Total (ms): Min: 54.0, Avg: 54.7, Max: 55.3, Diff: 1.3, Sum: 1641.0]
      [GC Worker End (ms): Min: 133967.5, Avg: 133967.6, Max: 133967.7, Diff: 0.2]
   [Code Root Fixup: 0.0 ms]
   [Code Root Purge: 0.0 ms]
   [Clear CT: 0.5 ms]
   [Other: 2.3 ms]
      [Choose CSet: 0.0 ms]
      [Ref Proc: 0.4 ms]
      [Ref Enq: 0.0 ms]
      [Redirty Cards: 0.5 ms]
      [Humongous Register: 0.1 ms]
      [Humongous Reclaim: 0.0 ms]
      [Free CSet: 0.8 ms]
   [Eden: 2876.0M(2876.0M)->0.0B(136.0M) Survivors: 268.0M->272.0M Heap: 4890.0M(8192.0M)->2114.0M(8192.0M)]
 [Times: user=1.66 sys=0.01, real=0.06 secs] 
2018-10-15T09:27:37.385+0200: 133.971: Total time for which application threads were stopped: 0.0596047 seconds, Stopping threads took: 0.0004450 seconds
2018-10-15T09:27:37.399+0200: 133.985: Application time: 0.0140651 seconds
2018-10-15T09:27:37.399+0200: 133.986: [GC pause (G1 Evacuation Pause) (mixed)
Desired survivor size 27262976 bytes, new threshold 1 (max 15)
- age   1:   83136400 bytes,   83136400 total
- age   2:   85177912 bytes,  168314312 total
- age   3:   82908592 bytes,  251222904 total
, 0.0567884 secs]
   [Parallel Time: 52.6 ms, GC Workers: 30]
      [GC Worker Start (ms): Min: 133985.9, Avg: 133986.3, Max: 133986.9, Diff: 1.0]
      [Ext Root Scanning (ms): Min: 0.0, Avg: 0.4, Max: 1.7, Diff: 1.7, Sum: 10.8]
      [Update RS (ms): Min: 19.3, Avg: 20.3, Max: 20.6, Diff: 1.3, Sum: 609.4]
         [Processed Buffers: Min: 25, Avg: 32.0, Max: 40, Diff: 15, Sum: 961]
      [Scan RS (ms): Min: 0.5, Avg: 0.8, Max: 0.9, Diff: 0.4, Sum: 22.6]
      [Code Root Scanning (ms): Min: 0.0, Avg: 0.1, Max: 0.5, Diff: 0.5, Sum: 1.9]
      [Object Copy (ms): Min: 30.2, Avg: 30.4, Max: 30.6, Diff: 0.4, Sum: 912.9]
      [Termination (ms): Min: 0.0, Avg: 0.2, Max: 0.2, Diff: 0.2, Sum: 4.9]
         [Termination Attempts: Min: 1, Avg: 97.6, Max: 110, Diff: 109, Sum: 2928]
      [GC Worker Other (ms): Min: 0.0, Avg: 0.0, Max: 0.1, Diff: 0.1, Sum: 1.4]
      [GC Worker Total (ms): Min: 51.6, Avg: 52.1, Max: 52.6, Diff: 1.0, Sum: 1563.8]
      [GC Worker End (ms): Min: 134038.4, Avg: 134038.4, Max: 134038.5, Diff: 0.1]
   [Code Root Fixup: 0.1 ms]
   [Code Root Purge: 0.0 ms]
   [Clear CT: 0.7 ms]
   [Other: 3.4 ms]
      [Choose CSet: 0.2 ms]
      [Ref Proc: 0.4 ms]
      [Ref Enq: 0.0 ms]
      [Redirty Cards: 1.2 ms]
      [Humongous Register: 0.1 ms]
      [Humongous Reclaim: 0.0 ms]
      [Free CSet: 1.1 ms]
   [Eden: 136.0M(136.0M)->0.0B(4860.0M) Survivors: 272.0M->52.0M Heap: 2250.0M(8192.0M)->1500.0M(8192.0M)]
 [Times: user=1.61 sys=0.00, real=0.06 secs] 
2018-10-15T09:27:37.456+0200: 134.043: Total time for which application threads were stopped: 0.0577517 seconds, Stopping threads took: 0.0003611 seconds
2018-10-15T09:27:37.959+0200: 134.546: Application time: 0.5029836 seconds
2018-10-15T09:27:37.961+0200: 134.547: [GC pause (G1 Evacuation Pause) (young)
Desired survivor size 322961408 bytes, new threshold 15 (max 15)
- age   1:    3298560 bytes,    3298560 total
, 0.0508864 secs]
   [Parallel Time: 47.3 ms, GC Workers: 30]
      [GC Worker Start (ms): Min: 134547.0, Avg: 134547.7, Max: 134548.5, Diff: 1.5]
      [Ext Root Scanning (ms): Min: 0.0, Avg: 0.3, Max: 1.7, Diff: 1.7, Sum: 9.0]
      [Update RS (ms): Min: 21.3, Avg: 22.0, Max: 22.7, Diff: 1.4, Sum: 658.9]
         [Processed Buffers: Min: 21, Avg: 25.9, Max: 32, Diff: 11, Sum: 777]
      [Scan RS (ms): Min: 0.5, Avg: 1.1, Max: 1.3, Diff: 0.8, Sum: 32.0]
      [Code Root Scanning (ms): Min: 0.0, Avg: 0.0, Max: 0.0, Diff: 0.0, Sum: 0.0]
      [Object Copy (ms): Min: 22.5, Avg: 22.5, Max: 22.8, Diff: 0.3, Sum: 675.7]
      [Termination (ms): Min: 0.0, Avg: 0.2, Max: 0.2, Diff: 0.2, Sum: 5.3]
         [Termination Attempts: Min: 1, Avg: 107.2, Max: 122, Diff: 121, Sum: 3216]
      [GC Worker Other (ms): Min: 0.0, Avg: 0.1, Max: 0.3, Diff: 0.3, Sum: 4.1]
      [GC Worker Total (ms): Min: 45.4, Avg: 46.2, Max: 46.9, Diff: 1.5, Sum: 1385.1]
      [GC Worker End (ms): Min: 134593.8, Avg: 134593.9, Max: 134594.0, Diff: 0.3]
   [Code Root Fixup: 0.0 ms]
   [Code Root Purge: 0.0 ms]
   [Clear CT: 0.7 ms]
   [Other: 2.9 ms]
      [Choose CSet: 0.0 ms]
      [Ref Proc: 0.4 ms]
      [Ref Enq: 0.0 ms]
      [Redirty Cards: 0.3 ms]
      [Humongous Register: 0.1 ms]
      [Humongous Reclaim: 0.0 ms]
      [Free CSet: 1.5 ms]
   [Eden: 4860.0M(4860.0M)->0.0B(4768.0M) Survivors: 52.0M->144.0M Heap: 6360.0M(8192.0M)->1592.0M(8192.0M)]
 [Times: user=1.40 sys=0.00, real=0.06 secs] 
2018-10-15T09:27:38.012+0200: 134.598: Total time for which application threads were stopped: 0.0521219 seconds, Stopping threads took: 0.0005274 seconds
2018-10-15T09:27:38.483+0200: 135.069: Application time: 0.4714808 seconds
2018-10-15T09:27:38.484+0200: 135.070: [GC pause (G1 Evacuation Pause) (young)
Desired survivor size 322961408 bytes, new threshold 15 (max 15)
- age   1:  118231576 bytes,  118231576 total
- age   2:    2833112 bytes,  121064688 total
, 0.0494738 secs]
   [Parallel Time: 45.9 ms, GC Workers: 30]
      [GC Worker Start (ms): Min: 135070.5, Avg: 135071.0, Max: 135071.8, Diff: 1.3]
      [Ext Root Scanning (ms): Min: 0.0, Avg: 0.3, Max: 1.7, Diff: 1.7, Sum: 10.2]
      [Update RS (ms): Min: 10.9, Avg: 11.9, Max: 12.4, Diff: 1.4, Sum: 357.3]
         [Processed Buffers: Min: 12, Avg: 15.0, Max: 19, Diff: 7, Sum: 451]
      [Scan RS (ms): Min: 0.0, Avg: 0.2, Max: 0.4, Diff: 0.3, Sum: 6.4]
      [Code Root Scanning (ms): Min: 0.0, Avg: 0.0, Max: 0.0, Diff: 0.0, Sum: 0.1]
      [Object Copy (ms): Min: 32.3, Avg: 32.4, Max: 32.6, Diff: 0.3, Sum: 972.5]
      [Termination (ms): Min: 0.0, Avg: 0.1, Max: 0.2, Diff: 0.2, Sum: 2.4]
         [Termination Attempts: Min: 2, Avg: 6.0, Max: 9, Diff: 7, Sum: 180]
      [GC Worker Other (ms): Min: 0.0, Avg: 0.1, Max: 0.3, Diff: 0.2, Sum: 3.8]
      [GC Worker Total (ms): Min: 44.3, Avg: 45.1, Max: 45.7, Diff: 1.4, Sum: 1352.8]
      [GC Worker End (ms): Min: 135116.0, Avg: 135116.1, Max: 135116.2, Diff: 0.2]
   [Code Root Fixup: 0.0 ms]
   [Code Root Purge: 0.0 ms]
   [Clear CT: 0.9 ms]
   [Other: 2.7 ms]
      [Choose CSet: 0.0 ms]
      [Ref Proc: 0.3 ms]
      [Ref Enq: 0.0 ms]
      [Redirty Cards: 0.5 ms]
      [Humongous Register: 0.1 ms]
      [Humongous Reclaim: 0.0 ms]
      [Free CSet: 1.3 ms]
   [Eden: 4768.0M(4768.0M)->0.0B(4652.0M) Survivors: 144.0M->260.0M Heap: 6360.0M(8192.0M)->1706.0M(8192.0M)]
 [Times: user=1.38 sys=0.01, real=0.05 secs] 
2018-10-15T09:27:38.534+0200: 135.120: Total time for which application threads were stopped: 0.0506913 seconds, Stopping threads took: 0.0005357 seconds
2018-10-15T09:27:38.990+0200: 135.576: Application time: 0.4562478 seconds
2018-10-15T09:27:38.991+0200: 135.577: [GC pause (G1 Evacuation Pause) (young)
Desired survivor size 322961408 bytes, new threshold 15 (max 15)
- age   1:  124120808 bytes,  124120808 total
- age   2:  110664064 bytes,  234784872 total
- age   3:    2831736 bytes,  237616608 total
, 0.0642024 secs]
   [Parallel Time: 60.7 ms, GC Workers: 30]
      [GC Worker Start (ms): Min: 135577.2, Avg: 135577.4, Max: 135577.7, Diff: 0.4]
      [Ext Root Scanning (ms): Min: 0.2, Avg: 0.5, Max: 1.8, Diff: 1.6, Sum: 15.0]
      [Update RS (ms): Min: 10.3, Avg: 11.5, Max: 11.9, Diff: 1.6, Sum: 346.2]
         [Processed Buffers: Min: 11, Avg: 15.1, Max: 23, Diff: 12, Sum: 452]
      [Scan RS (ms): Min: 0.0, Avg: 0.2, Max: 0.3, Diff: 0.3, Sum: 6.3]
      [Code Root Scanning (ms): Min: 0.0, Avg: 0.0, Max: 0.0, Diff: 0.0, Sum: 0.1]
      [Object Copy (ms): Min: 47.3, Avg: 47.5, Max: 47.9, Diff: 0.6, Sum: 1424.9]
      [Termination (ms): Min: 0.0, Avg: 0.5, Max: 0.5, Diff: 0.5, Sum: 14.1]
         [Termination Attempts: Min: 1, Avg: 204.8, Max: 231, Diff: 230, Sum: 6145]
      [GC Worker Other (ms): Min: 0.0, Avg: 0.1, Max: 0.3, Diff: 0.3, Sum: 4.2]
      [GC Worker Total (ms): Min: 60.0, Avg: 60.4, Max: 60.6, Diff: 0.6, Sum: 1810.9]
      [GC Worker End (ms): Min: 135637.6, Avg: 135637.8, Max: 135637.9, Diff: 0.3]
   [Code Root Fixup: 0.0 ms]
   [Code Root Purge: 0.0 ms]
   [Clear CT: 0.9 ms]
   [Other: 2.6 ms]
      [Choose CSet: 0.0 ms]
      [Ref Proc: 0.4 ms]
      [Ref Enq: 0.0 ms]
      [Redirty Cards: 0.5 ms]
      [Humongous Register: 0.1 ms]
      [Humongous Reclaim: 0.0 ms]
      [Free CSet: 1.3 ms]
   [Eden: 4652.0M(4652.0M)->0.0B(4540.0M) Survivors: 260.0M->372.0M Heap: 6358.0M(8192.0M)->1820.0M(8192.0M)]
 [Times: user=1.83 sys=0.00, real=0.07 secs] 
2018-10-15T09:27:39.055+0200: 135.641: Total time for which application threads were stopped: 0.0653362 seconds, Stopping threads took: 0.0005033 seconds
2018-10-15T09:27:39.499+0200: 136.085: Application time: 0.4435870 seconds
2018-10-15T09:27:39.500+0200: 136.086: [GC pause (G1 Evacuation Pause) (young)
Desired survivor size 322961408 bytes, new threshold 3 (max 15)
- age   1:  123049008 bytes,  123049008 total
- age   2:  116696664 bytes,  239745672 total
- age   3:  109825840 bytes,  349571512 total
- age   4:    2831416 bytes,  352402928 total
, 0.0654789 secs]
   [Parallel Time: 61.6 ms, GC Workers: 30]
      [GC Worker Start (ms): Min: 136086.2, Avg: 136086.3, Max: 136086.5, Diff: 0.3]
      [Ext Root Scanning (ms): Min: 0.3, Avg: 0.5, Max: 1.8, Diff: 1.5, Sum: 15.0]
      [Update RS (ms): Min: 10.3, Avg: 11.6, Max: 12.0, Diff: 1.6, Sum: 346.6]
         [Processed Buffers: Min: 10, Avg: 14.8, Max: 22, Diff: 12, Sum: 445]
      [Scan RS (ms): Min: 0.0, Avg: 0.2, Max: 0.3, Diff: 0.3, Sum: 6.0]
      [Code Root Scanning (ms): Min: 0.0, Avg: 0.0, Max: 0.0, Diff: 0.0, Sum: 0.0]
      [Object Copy (ms): Min: 48.6, Avg: 48.8, Max: 49.0, Diff: 0.4, Sum: 1465.4]
      [Termination (ms): Min: 0.0, Avg: 0.1, Max: 0.1, Diff: 0.1, Sum: 3.3]
         [Termination Attempts: Min: 1, Avg: 62.3, Max: 76, Diff: 75, Sum: 1869]
      [GC Worker Other (ms): Min: 0.0, Avg: 0.1, Max: 0.3, Diff: 0.2, Sum: 4.1]
      [GC Worker Total (ms): Min: 61.1, Avg: 61.3, Max: 61.6, Diff: 0.5, Sum: 1840.5]
      [GC Worker End (ms): Min: 136147.6, Avg: 136147.7, Max: 136147.8, Diff: 0.2]
   [Code Root Fixup: 0.0 ms]
   [Code Root Purge: 0.0 ms]
   [Clear CT: 0.9 ms]
   [Other: 2.9 ms]
      [Choose CSet: 0.0 ms]
      [Ref Proc: 0.4 ms]
      [Ref Enq: 0.0 ms]
      [Redirty Cards: 0.8 ms]
      [Humongous Register: 0.1 ms]
      [Humongous Reclaim: 0.0 ms]
      [Free CSet: 1.2 ms]
   [Eden: 4540.0M(4540.0M)->0.0B(4536.0M) Survivors: 372.0M->376.0M Heap: 6360.0M(8192.0M)->1932.1M(8192.0M)]
 [Times: user=1.88 sys=0.00, real=0.07 secs] 
2018-10-15T09:27:39.566+0200: 136.152: Total time for which application threads were stopped: 0.0666459 seconds, Stopping threads took: 0.0005164 seconds
2018-10-15T09:27:40.029+0200: 136.615: Application time: 0.4635508 seconds
2018-10-15T09:27:40.030+0200: 136.616: [GC pause (G1 Evacuation Pause) (young)
Desired survivor size 322961408 bytes, new threshold 3 (max 15)
- age   1:  123821208 bytes,  123821208 total
- age   2:  116951640 bytes,  240772848 total
- age   3:  115709344 bytes,  356482192 total
, 0.0693733 secs]
   [Parallel Time: 65.5 ms, GC Workers: 30]
      [GC Worker Start (ms): Min: 136616.5, Avg: 136617.0, Max: 136617.6, Diff: 1.1]
      [Ext Root Scanning (ms): Min: 0.0, Avg: 0.4, Max: 1.7, Diff: 1.7, Sum: 11.0]
      [Update RS (ms): Min: 14.3, Avg: 15.3, Max: 15.6, Diff: 1.3, Sum: 458.8]
         [Processed Buffers: Min: 16, Avg: 19.0, Max: 28, Diff: 12, Sum: 571]
      [Scan RS (ms): Min: 3.5, Avg: 3.8, Max: 4.0, Diff: 0.5, Sum: 114.1]
      [Code Root Scanning (ms): Min: 0.0, Avg: 0.0, Max: 0.0, Diff: 0.0, Sum: 0.1]
      [Object Copy (ms): Min: 45.1, Avg: 45.2, Max: 45.5, Diff: 0.4, Sum: 1357.1]
      [Termination (ms): Min: 0.0, Avg: 0.0, Max: 0.0, Diff: 0.0, Sum: 0.2]
         [Termination Attempts: Min: 1, Avg: 1.4, Max: 2, Diff: 1, Sum: 42]
      [GC Worker Other (ms): Min: 0.0, Avg: 0.1, Max: 0.3, Diff: 0.2, Sum: 4.2]
      [GC Worker Total (ms): Min: 64.3, Avg: 64.8, Max: 65.4, Diff: 1.1, Sum: 1945.5]
      [GC Worker End (ms): Min: 136681.7, Avg: 136681.8, Max: 136682.0, Diff: 0.2]
   [Code Root Fixup: 0.0 ms]
   [Code Root Purge: 0.0 ms]
   [Clear CT: 0.8 ms]
   [Other: 3.1 ms]
      [Choose CSet: 0.0 ms]
      [Ref Proc: 0.4 ms]
      [Ref Enq: 0.0 ms]
      [Redirty Cards: 0.7 ms]
      [Humongous Register: 0.1 ms]
      [Humongous Reclaim: 0.1 ms]
      [Free CSet: 1.4 ms]
   [Eden: 4536.0M(4536.0M)->0.0B(4552.0M) Survivors: 376.0M->360.0M Heap: 6468.1M(8192.0M)->2066.0M(8192.0M)]
 [Times: user=1.98 sys=0.00, real=0.07 secs] 
2018-10-15T09:27:40.100+0200: 136.686: Total time for which application threads were stopped: 0.0706161 seconds, Stopping threads took: 0.0005813 seconds
2018-10-15T09:27:40.546+0200: 137.132: Application time: 0.4466717 seconds
2018-10-15T09:27:40.547+0200: 137.133: [GC pause (G1 Evacuation Pause) (young)
Desired survivor size 322961408 bytes, new threshold 3 (max 15)
- age   1:  107773360 bytes,  107773360 total
- age   2:  118462752 bytes,  226236112 total
- age   3:  115601800 bytes,  341837912 total
, 0.0683445 secs]
   [Parallel Time: 64.4 ms, GC Workers: 30]
      [GC Worker Start (ms): Min: 137133.8, Avg: 137134.5, Max: 137135.1, Diff: 1.4]
      [Ext Root Scanning (ms): Min: 0.0, Avg: 0.3, Max: 1.7, Diff: 1.7, Sum: 9.6]
      [Update RS (ms): Min: 16.7, Avg: 17.5, Max: 18.2, Diff: 1.5, Sum: 525.5]
         [Processed Buffers: Min: 16, Avg: 20.7, Max: 29, Diff: 13, Sum: 621]
      [Scan RS (ms): Min: 1.5, Avg: 2.0, Max: 2.2, Diff: 0.7, Sum: 58.6]
      [Code Root Scanning (ms): Min: 0.0, Avg: 0.0, Max: 0.0, Diff: 0.0, Sum: 0.1]
      [Object Copy (ms): Min: 43.4, Avg: 43.5, Max: 43.6, Diff: 0.2, Sum: 1305.2]
      [Termination (ms): Min: 0.0, Avg: 0.0, Max: 0.0, Diff: 0.0, Sum: 0.1]
         [Termination Attempts: Min: 1, Avg: 1.0, Max: 1, Diff: 0, Sum: 30]
      [GC Worker Other (ms): Min: 0.0, Avg: 0.1, Max: 0.3, Diff: 0.2, Sum: 4.0]
      [GC Worker Total (ms): Min: 62.7, Avg: 63.4, Max: 64.2, Diff: 1.5, Sum: 1903.1]
      [GC Worker End (ms): Min: 137197.8, Avg: 137197.9, Max: 137198.0, Diff: 0.2]
   [Code Root Fixup: 0.0 ms]
   [Code Root Purge: 0.0 ms]
   [Clear CT: 0.8 ms]
   [Other: 3.1 ms]
      [Choose CSet: 0.0 ms]
      [Ref Proc: 0.5 ms]
      [Ref Enq: 0.0 ms]
      [Redirty Cards: 0.7 ms]
      [Humongous Register: 0.1 ms]
      [Humongous Reclaim: 0.0 ms]
      [Free CSet: 1.4 ms]
   [Eden: 4552.0M(4552.0M)->0.0B(4560.0M) Survivors: 360.0M->352.0M Heap: 6618.0M(8192.0M)->2198.0M(8192.0M)]
 [Times: user=1.93 sys=0.00, real=0.07 secs] 
2018-10-15T09:27:40.616+0200: 137.202: Total time for which application threads were stopped: 0.0695312 seconds, Stopping threads took: 0.0005210 seconds
2018-10-15T09:27:41.068+0200: 137.654: Application time: 0.4518492 seconds
2018-10-15T09:27:41.069+0200: 137.655: [GC pause (G1 Evacuation Pause) (young)
Desired survivor size 322961408 bytes, new threshold 3 (max 15)
- age   1:  111580944 bytes,  111580944 total
- age   2:  102206928 bytes,  213787872 total
- age   3:  117267992 bytes,  331055864 total
, 0.0758497 secs]
   [Parallel Time: 71.9 ms, GC Workers: 30]
      [GC Worker Start (ms): Min: 137655.2, Avg: 137655.6, Max: 137656.2, Diff: 1.0]
      [Ext Root Scanning (ms): Min: 0.0, Avg: 0.4, Max: 1.7, Diff: 1.7, Sum: 10.5]
      [Update RS (ms): Min: 17.6, Avg: 18.6, Max: 18.9, Diff: 1.3, Sum: 558.1]
         [Processed Buffers: Min: 18, Avg: 22.7, Max: 29, Diff: 11, Sum: 681]
      [Scan RS (ms): Min: 1.4, Avg: 1.6, Max: 1.7, Diff: 0.4, Sum: 48.0]
      [Code Root Scanning (ms): Min: 0.0, Avg: 0.0, Max: 0.0, Diff: 0.0, Sum: 0.0]
      [Object Copy (ms): Min: 50.0, Avg: 50.1, Max: 50.6, Diff: 0.6, Sum: 1502.7]
      [Termination (ms): Min: 0.0, Avg: 0.5, Max: 0.6, Diff: 0.6, Sum: 15.5]
         [Termination Attempts: Min: 1, Avg: 214.1, Max: 235, Diff: 234, Sum: 6423]
      [GC Worker Other (ms): Min: 0.0, Avg: 0.1, Max: 0.3, Diff: 0.2, Sum: 4.0]
      [GC Worker Total (ms): Min: 70.7, Avg: 71.3, Max: 71.8, Diff: 1.1, Sum: 2138.9]
      [GC Worker End (ms): Min: 137726.8, Avg: 137726.9, Max: 137727.0, Diff: 0.2]
   [Code Root Fixup: 0.0 ms]
   [Code Root Purge: 0.0 ms]
   [Clear CT: 0.9 ms]
   [Other: 3.0 ms]
      [Choose CSet: 0.0 ms]
      [Ref Proc: 0.3 ms]
      [Ref Enq: 0.0 ms]
      [Redirty Cards: 0.8 ms]
      [Humongous Register: 0.1 ms]
      [Humongous Reclaim: 0.0 ms]
      [Free CSet: 1.3 ms]
   [Eden: 4560.0M(4560.0M)->0.0B(4580.0M) Survivors: 352.0M->332.0M Heap: 6758.0M(8192.0M)->2320.0M(8192.0M)]
 [Times: user=2.17 sys=0.00, real=0.08 secs] 
2018-10-15T09:27:41.145+0200: 137.731: Total time for which application threads were stopped: 0.0769836 seconds, Stopping threads took: 0.0005162 seconds
2018-10-15T09:27:41.607+0200: 138.194: Application time: 0.4626570 seconds
2018-10-15T09:27:41.608+0200: 138.194: [GC pause (G1 Evacuation Pause) (young)
Desired survivor size 322961408 bytes, new threshold 15 (max 15)
- age   1:  109102600 bytes,  109102600 total
- age   2:  103096088 bytes,  212198688 total
- age   3:  100922224 bytes,  313120912 total
, 0.0678389 secs]
   [Parallel Time: 64.3 ms, GC Workers: 30]
      [GC Worker Start (ms): Min: 138194.8, Avg: 138195.2, Max: 138195.8, Diff: 1.0]
      [Ext Root Scanning (ms): Min: 0.0, Avg: 0.4, Max: 1.7, Diff: 1.7, Sum: 10.8]
      [Update RS (ms): Min: 19.6, Avg: 20.6, Max: 21.0, Diff: 1.4, Sum: 618.2]
         [Processed Buffers: Min: 20, Avg: 24.8, Max: 31, Diff: 11, Sum: 744]
      [Scan RS (ms): Min: 2.2, Avg: 2.5, Max: 2.7, Diff: 0.5, Sum: 75.3]
      [Code Root Scanning (ms): Min: 0.0, Avg: 0.0, Max: 0.0, Diff: 0.0, Sum: 0.0]
      [Object Copy (ms): Min: 39.9, Avg: 40.1, Max: 40.2, Diff: 0.3, Sum: 1201.6]
      [Termination (ms): Min: 0.0, Avg: 0.0, Max: 0.0, Diff: 0.0, Sum: 0.2]
         [Termination Attempts: Min: 1, Avg: 1.0, Max: 1, Diff: 0, Sum: 30]
      [GC Worker Other (ms): Min: 0.0, Avg: 0.1, Max: 0.3, Diff: 0.2, Sum: 3.9]
      [GC Worker Total (ms): Min: 63.0, Avg: 63.7, Max: 64.1, Diff: 1.1, Sum: 1910.1]
      [GC Worker End (ms): Min: 138258.7, Avg: 138258.9, Max: 138259.0, Diff: 0.2]
   [Code Root Fixup: 0.0 ms]
   [Code Root Purge: 0.0 ms]
   [Clear CT: 0.8 ms]
   [Other: 2.7 ms]
      [Choose CSet: 0.0 ms]
      [Ref Proc: 0.4 ms]
      [Ref Enq: 0.0 ms]
      [Redirty Cards: 0.4 ms]
      [Humongous Register: 0.1 ms]
      [Humongous Reclaim: 0.0 ms]
      [Free CSet: 1.4 ms]
   [Eden: 4580.0M(4580.0M)->0.0B(4480.0M) Survivors: 332.0M->432.0M Heap: 6900.0M(8192.0M)->2422.0M(8192.0M)]
 [Times: user=1.93 sys=0.00, real=0.07 secs] 
2018-10-15T09:27:41.677+0200: 138.263: Total time for which application threads were stopped: 0.0690294 seconds, Stopping threads took: 0.0005154 seconds
2018-10-15T09:27:42.120+0200: 138.706: Application time: 0.4437942 seconds
2018-10-15T09:27:42.121+0200: 138.707: [GC pause (G1 Evacuation Pause) (young)
Desired survivor size 322961408 bytes, new threshold 4 (max 15)
- age   1:  117652168 bytes,  117652168 total
- age   2:   99996104 bytes,  217648272 total
- age   3:  102179080 bytes,  319827352 total
- age   4:  100517592 bytes,  420344944 total
, 0.0681164 secs]
   [Parallel Time: 64.3 ms, GC Workers: 30]
      [GC Worker Start (ms): Min: 138707.6, Avg: 138707.9, Max: 138708.4, Diff: 0.7]
      [Ext Root Scanning (ms): Min: 0.0, Avg: 0.4, Max: 1.8, Diff: 1.7, Sum: 12.5]
      [Update RS (ms): Min: 12.4, Avg: 13.3, Max: 13.6, Diff: 1.2, Sum: 398.0]
         [Processed Buffers: Min: 12, Avg: 16.9, Max: 23, Diff: 11, Sum: 506]
      [Scan RS (ms): Min: 0.0, Avg: 0.2, Max: 0.4, Diff: 0.3, Sum: 7.0]
      [Code Root Scanning (ms): Min: 0.0, Avg: 0.0, Max: 0.0, Diff: 0.0, Sum: 0.1]
      [Object Copy (ms): Min: 49.5, Avg: 49.7, Max: 49.8, Diff: 0.2, Sum: 1490.0]
      [Termination (ms): Min: 0.0, Avg: 0.0, Max: 0.0, Diff: 0.0, Sum: 0.2]
         [Termination Attempts: Min: 1, Avg: 1.0, Max: 2, Diff: 1, Sum: 31]
      [GC Worker Other (ms): Min: 0.0, Avg: 0.1, Max: 0.3, Diff: 0.2, Sum: 4.0]
      [GC Worker Total (ms): Min: 63.2, Avg: 63.7, Max: 64.1, Diff: 0.9, Sum: 1911.7]
      [GC Worker End (ms): Min: 138771.5, Avg: 138771.6, Max: 138771.8, Diff: 0.2]
   [Code Root Fixup: 0.0 ms]
   [Code Root Purge: 0.0 ms]
   [Clear CT: 0.7 ms]
   [Other: 3.1 ms]
      [Choose CSet: 0.0 ms]
      [Ref Proc: 0.5 ms]
      [Ref Enq: 0.0 ms]
      [Redirty Cards: 0.8 ms]
      [Humongous Register: 0.1 ms]
      [Humongous Reclaim: 0.0 ms]
      [Free CSet: 1.3 ms]
   [Eden: 4480.0M(4480.0M)->0.0B(4352.0M) Survivors: 432.0M->440.0M Heap: 6902.0M(8192.0M)->2546.9M(8192.0M)]
 [Times: user=1.94 sys=0.00, real=0.07 secs] 
2018-10-15T09:27:42.190+0200: 138.776: Total time for which application threads were stopped: 0.0693168 seconds, Stopping threads took: 0.0005065 seconds
2018-10-15T09:27:42.619+0200: 139.205: Application time: 0.4293535 seconds
2018-10-15T09:27:42.620+0200: 139.206: [GC pause (G1 Evacuation Pause) (young)
Desired survivor size 314572800 bytes, new threshold 3 (max 15)
- age   1:  114155648 bytes,  114155648 total
- age   2:  109272408 bytes,  223428056 total
- age   3:   99067096 bytes,  322495152 total
- age   4:  102034864 bytes,  424530016 total
, 0.0756437 secs]
   [Parallel Time: 71.5 ms, GC Workers: 30]
      [GC Worker Start (ms): Min: 139206.3, Avg: 139206.5, Max: 139206.8, Diff: 0.5]
      [Ext Root Scanning (ms): Min: 0.1, Avg: 0.5, Max: 1.7, Diff: 1.6, Sum: 15.2]
      [Update RS (ms): Min: 18.0, Avg: 19.0, Max: 19.3, Diff: 1.4, Sum: 570.8]
         [Processed Buffers: Min: 17, Avg: 22.3, Max: 28, Diff: 11, Sum: 668]
      [Scan RS (ms): Min: 1.0, Avg: 1.3, Max: 1.4, Diff: 0.4, Sum: 37.6]
      [Code Root Scanning (ms): Min: 0.0, Avg: 0.0, Max: 0.0, Diff: 0.0, Sum: 0.0]
      [Object Copy (ms): Min: 49.9, Avg: 50.1, Max: 50.2, Diff: 0.3, Sum: 1502.1]
      [Termination (ms): Min: 0.0, Avg: 0.1, Max: 0.3, Diff: 0.2, Sum: 2.7]
         [Termination Attempts: Min: 1, Avg: 4.9, Max: 9, Diff: 8, Sum: 146]
      [GC Worker Other (ms): Min: 0.0, Avg: 0.1, Max: 0.3, Diff: 0.3, Sum: 4.0]
      [GC Worker Total (ms): Min: 70.7, Avg: 71.1, Max: 71.3, Diff: 0.7, Sum: 2132.4]
      [GC Worker End (ms): Min: 139277.4, Avg: 139277.5, Max: 139277.7, Diff: 0.2]
   [Code Root Fixup: 0.0 ms]
   [Code Root Purge: 0.0 ms]
   [Clear CT: 0.9 ms]
   [Other: 3.2 ms]
      [Choose CSet: 0.0 ms]
      [Ref Proc: 0.5 ms]
      [Ref Enq: 0.0 ms]
      [Redirty Cards: 0.9 ms]
      [Humongous Register: 0.1 ms]
      [Humongous Reclaim: 0.0 ms]
      [Free CSet: 1.3 ms]
   [Eden: 4352.0M(4352.0M)->0.0B(4344.0M) Survivors: 440.0M->332.0M Heap: 6898.9M(8192.0M)->2664.5M(8192.0M)]
 [Times: user=2.16 sys=0.01, real=0.08 secs] 
2018-10-15T09:27:42.696+0200: 139.282: Total time for which application threads were stopped: 0.0768501 seconds, Stopping threads took: 0.0005448 seconds
2018-10-15T09:27:43.137+0200: 139.723: Application time: 0.4407812 seconds
2018-10-15T09:27:43.138+0200: 139.724: [GC pause (G1 Evacuation Pause) (young)
Desired survivor size 308281344 bytes, new threshold 3 (max 15)
- age   1:  101569800 bytes,  101569800 total
- age   2:  107054496 bytes,  208624296 total
- age   3:  107872160 bytes,  316496456 total
, 0.0683695 secs]
   [Parallel Time: 64.5 ms, GC Workers: 30]
      [GC Worker Start (ms): Min: 139724.0, Avg: 139724.3, Max: 139724.8, Diff: 0.8]
      [Ext Root Scanning (ms): Min: 0.0, Avg: 0.4, Max: 1.7, Diff: 1.7, Sum: 12.5]
      [Update RS (ms): Min: 19.2, Avg: 20.1, Max: 20.8, Diff: 1.5, Sum: 602.3]
         [Processed Buffers: Min: 20, Avg: 24.5, Max: 30, Diff: 10, Sum: 734]
      [Scan RS (ms): Min: 1.5, Avg: 2.0, Max: 2.3, Diff: 0.9, Sum: 60.8]
      [Code Root Scanning (ms): Min: 0.0, Avg: 0.0, Max: 0.0, Diff: 0.0, Sum: 0.1]
      [Object Copy (ms): Min: 41.1, Avg: 41.3, Max: 41.5, Diff: 0.3, Sum: 1239.3]
      [Termination (ms): Min: 0.0, Avg: 0.0, Max: 0.0, Diff: 0.0, Sum: 0.7]
         [Termination Attempts: Min: 1, Avg: 10.7, Max: 14, Diff: 13, Sum: 320]
      [GC Worker Other (ms): Min: 0.0, Avg: 0.1, Max: 0.3, Diff: 0.3, Sum: 4.4]
      [GC Worker Total (ms): Min: 63.4, Avg: 64.0, Max: 64.4, Diff: 1.0, Sum: 1920.1]
      [GC Worker End (ms): Min: 139788.1, Avg: 139788.3, Max: 139788.4, Diff: 0.3]
   [Code Root Fixup: 0.0 ms]
   [Code Root Purge: 0.0 ms]
   [Clear CT: 0.9 ms]
   [Other: 3.0 ms]
      [Choose CSet: 0.0 ms]
      [Ref Proc: 0.5 ms]
      [Ref Enq: 0.0 ms]
      [Redirty Cards: 0.8 ms]
      [Humongous Register: 0.1 ms]
      [Humongous Reclaim: 0.0 ms]
      [Free CSet: 1.2 ms]
   [Eden: 4344.0M(4344.0M)->0.0B(4224.0M) Survivors: 332.0M->324.0M Heap: 7008.5M(8192.0M)->2794.0M(8192.0M)]
 [Times: user=1.95 sys=0.00, real=0.07 secs] 
2018-10-15T09:27:43.206+0200: 139.792: Total time for which application threads were stopped: 0.0695493 seconds, Stopping threads took: 0.0005265 seconds
2018-10-15T09:27:43.624+0200: 140.210: Application time: 0.4180874 seconds
2018-10-15T09:27:43.625+0200: 140.211: [GC pause (G1 Evacuation Pause) (young)
Desired survivor size 299892736 bytes, new threshold 3 (max 15)
- age   1:   97150208 bytes,   97150208 total
- age   2:   97300960 bytes,  194451168 total
- age   3:  106413440 bytes,  300864608 total
, 0.0619879 secs]
   [Parallel Time: 58.1 ms, GC Workers: 30]
      [GC Worker Start (ms): Min: 140211.6, Avg: 140212.0, Max: 140212.6, Diff: 1.0]
      [Ext Root Scanning (ms): Min: 0.0, Avg: 0.4, Max: 1.7, Diff: 1.6, Sum: 11.1]
      [Update RS (ms): Min: 17.5, Avg: 18.3, Max: 18.6, Diff: 1.1, Sum: 548.4]
         [Processed Buffers: Min: 17, Avg: 22.1, Max: 30, Diff: 13, Sum: 662]
      [Scan RS (ms): Min: 1.1, Avg: 1.4, Max: 1.5, Diff: 0.5, Sum: 41.5]
      [Code Root Scanning (ms): Min: 0.0, Avg: 0.0, Max: 0.0, Diff: 0.0, Sum: 0.0]
      [Object Copy (ms): Min: 37.2, Avg: 37.2, Max: 37.3, Diff: 0.2, Sum: 1116.5]
      [Termination (ms): Min: 0.0, Avg: 0.0, Max: 0.0, Diff: 0.0, Sum: 0.1]
         [Termination Attempts: Min: 1, Avg: 1.0, Max: 1, Diff: 0, Sum: 30]
      [GC Worker Other (ms): Min: 0.0, Avg: 0.1, Max: 0.3, Diff: 0.2, Sum: 4.1]
      [GC Worker Total (ms): Min: 56.7, Avg: 57.4, Max: 57.9, Diff: 1.2, Sum: 1721.8]
      [GC Worker End (ms): Min: 140269.3, Avg: 140269.4, Max: 140269.5, Diff: 0.2]
   [Code Root Fixup: 0.0 ms]
   [Code Root Purge: 0.0 ms]
   [Clear CT: 0.9 ms]
   [Other: 3.0 ms]
      [Choose CSet: 0.0 ms]
      [Ref Proc: 0.4 ms]
      [Ref Enq: 0.0 ms]
      [Redirty Cards: 0.8 ms]
      [Humongous Register: 0.1 ms]
      [Humongous Reclaim: 0.0 ms]
      [Free CSet: 1.3 ms]
   [Eden: 4224.0M(4224.0M)->0.0B(4120.0M) Survivors: 324.0M->308.0M Heap: 7018.0M(8192.0M)->2916.0M(8192.0M)]
 [Times: user=1.74 sys=0.02, real=0.06 secs] 
2018-10-15T09:27:43.687+0200: 140.274: Total time for which application threads were stopped: 0.0632106 seconds, Stopping threads took: 0.0005178 seconds
2018-10-15T09:27:44.101+0200: 140.687: Application time: 0.4135760 seconds
2018-10-15T09:27:44.102+0200: 140.688: [GC pause (G1 Evacuation Pause) (young)
Desired survivor size 291504128 bytes, new threshold 15 (max 15)
- age   1:   96574112 bytes,   96574112 total
- age   2:   90843336 bytes,  187417448 total
- age   3:   96881480 bytes,  284298928 total
, 0.0632275 secs]
   [Parallel Time: 59.9 ms, GC Workers: 30]
      [GC Worker Start (ms): Min: 140688.3, Avg: 140688.5, Max: 140688.9, Diff: 0.6]
      [Ext Root Scanning (ms): Min: 0.1, Avg: 0.5, Max: 1.7, Diff: 1.7, Sum: 14.7]
      [Update RS (ms): Min: 19.1, Avg: 20.0, Max: 20.3, Diff: 1.2, Sum: 599.4]
         [Processed Buffers: Min: 20, Avg: 24.0, Max: 31, Diff: 11, Sum: 721]
      [Scan RS (ms): Min: 1.4, Avg: 1.6, Max: 1.7, Diff: 0.4, Sum: 47.6]
      [Code Root Scanning (ms): Min: 0.0, Avg: 0.0, Max: 0.0, Diff: 0.0, Sum: 0.0]
      [Object Copy (ms): Min: 37.1, Avg: 37.2, Max: 37.3, Diff: 0.2, Sum: 1116.2]
      [Termination (ms): Min: 0.0, Avg: 0.1, Max: 0.1, Diff: 0.1, Sum: 2.9]
         [Termination Attempts: Min: 4, Avg: 9.4, Max: 17, Diff: 13, Sum: 283]
      [GC Worker Other (ms): Min: 0.0, Avg: 0.1, Max: 0.2, Diff: 0.2, Sum: 2.7]
      [GC Worker Total (ms): Min: 59.0, Avg: 59.5, Max: 59.7, Diff: 0.7, Sum: 1783.6]
      [GC Worker End (ms): Min: 140747.9, Avg: 140747.9, Max: 140748.1, Diff: 0.2]
   [Code Root Fixup: 0.0 ms]
   [Code Root Purge: 0.0 ms]
   [Clear CT: 0.9 ms]
   [Other: 2.5 ms]
      [Choose CSet: 0.0 ms]
      [Ref Proc: 0.4 ms]
      [Ref Enq: 0.0 ms]
      [Redirty Cards: 0.3 ms]
      [Humongous Register: 0.1 ms]
      [Humongous Reclaim: 0.0 ms]
      [Free CSet: 1.2 ms]
   [Eden: 4120.0M(4120.0M)->0.0B(3944.0M) Survivors: 308.0M->396.0M Heap: 7036.0M(8192.0M)->3002.5M(8192.0M)]
 [Times: user=1.80 sys=0.00, real=0.07 secs] 
2018-10-15T09:27:44.165+0200: 140.751: Total time for which application threads were stopped: 0.0643676 seconds, Stopping threads took: 0.0005040 seconds
2018-10-15T09:27:44.556+0200: 141.142: Application time: 0.3904267 seconds
2018-10-15T09:27:44.557+0200: 141.143: [GC pause (G1 Evacuation Pause) (young)
Desired survivor size 285212672 bytes, new threshold 4 (max 15)
- age   1:  101745528 bytes,  101745528 total
- age   2:   88281976 bytes,  190027504 total
- age   3:   90670464 bytes,  280697968 total
- age   4:   96484584 bytes,  377182552 total
, 0.0591403 secs]
   [Parallel Time: 55.4 ms, GC Workers: 30]
      [GC Worker Start (ms): Min: 141143.1, Avg: 141143.4, Max: 141143.9, Diff: 0.7]
      [Ext Root Scanning (ms): Min: 0.0, Avg: 0.5, Max: 1.8, Diff: 1.8, Sum: 14.6]
      [Update RS (ms): Min: 8.9, Avg: 10.1, Max: 10.6, Diff: 1.7, Sum: 304.4]
         [Processed Buffers: Min: 9, Avg: 12.4, Max: 17, Diff: 8, Sum: 372]
      [Scan RS (ms): Min: 0.0, Avg: 0.2, Max: 0.3, Diff: 0.3, Sum: 5.4]
      [Code Root Scanning (ms): Min: 0.0, Avg: 0.0, Max: 0.0, Diff: 0.0, Sum: 0.0]
      [Object Copy (ms): Min: 43.6, Avg: 43.9, Max: 44.1, Diff: 0.5, Sum: 1318.2]
      [Termination (ms): Min: 0.0, Avg: 0.0, Max: 0.0, Diff: 0.0, Sum: 0.1]
         [Termination Attempts: Min: 1, Avg: 1.0, Max: 1, Diff: 0, Sum: 30]
      [GC Worker Other (ms): Min: 0.0, Avg: 0.1, Max: 0.2, Diff: 0.2, Sum: 3.9]
      [GC Worker Total (ms): Min: 54.4, Avg: 54.9, Max: 55.2, Diff: 0.8, Sum: 1646.7]
      [GC Worker End (ms): Min: 141198.1, Avg: 141198.3, Max: 141198.4, Diff: 0.2]
   [Code Root Fixup: 0.0 ms]
   [Code Root Purge: 0.0 ms]
   [Clear CT: 0.8 ms]
   [Other: 2.9 ms]
      [Choose CSet: 0.0 ms]
      [Ref Proc: 0.5 ms]
      [Ref Enq: 0.0 ms]
      [Redirty Cards: 0.8 ms]
      [Humongous Register: 0.1 ms]
      [Humongous Reclaim: 0.0 ms]
      [Free CSet: 1.2 ms]
   [Eden: 3944.0M(3944.0M)->0.0B(3860.0M) Survivors: 396.0M->384.0M Heap: 6946.5M(8192.0M)->3096.6M(8192.0M)]
 [Times: user=1.67 sys=0.00, real=0.06 secs] 
2018-10-15T09:27:44.616+0200: 141.202: Total time for which application threads were stopped: 0.0603413 seconds, Stopping threads took: 0.0005290 seconds
2018-10-15T09:27:44.998+0200: 141.584: Application time: 0.3820923 seconds
2018-10-15T09:27:44.999+0200: 141.585: [GC pause (G1 Evacuation Pause) (young)
Desired survivor size 278921216 bytes, new threshold 3 (max 15)
- age   1:  104001552 bytes,  104001552 total
- age   2:   92603552 bytes,  196605104 total
- age   3:   83533048 bytes,  280138152 total
- age   4:   82344768 bytes,  362482920 total
, 0.0757815 secs]
   [Parallel Time: 72.3 ms, GC Workers: 30]
      [GC Worker Start (ms): Min: 141585.5, Avg: 141585.7, Max: 141585.9, Diff: 0.4]
      [Ext Root Scanning (ms): Min: 0.2, Avg: 0.5, Max: 1.8, Diff: 1.6, Sum: 14.5]
      [Update RS (ms): Min: 26.6, Avg: 27.8, Max: 29.3, Diff: 2.6, Sum: 833.6]
         [Processed Buffers: Min: 28, Avg: 34.5, Max: 41, Diff: 13, Sum: 1035]
      [Scan RS (ms): Min: 0.0, Avg: 0.2, Max: 0.3, Diff: 0.2, Sum: 5.2]
      [Code Root Scanning (ms): Min: 0.0, Avg: 0.0, Max: 0.0, Diff: 0.0, Sum: 0.0]
      [Object Copy (ms): Min: 42.0, Avg: 43.3, Max: 43.5, Diff: 1.5, Sum: 1298.5]
      [Termination (ms): Min: 0.0, Avg: 0.1, Max: 0.1, Diff: 0.1, Sum: 2.2]
         [Termination Attempts: Min: 3, Avg: 5.6, Max: 8, Diff: 5, Sum: 169]
      [GC Worker Other (ms): Min: 0.0, Avg: 0.1, Max: 0.2, Diff: 0.2, Sum: 3.0]
      [GC Worker Total (ms): Min: 71.6, Avg: 71.9, Max: 72.1, Diff: 0.5, Sum: 2157.1]
      [GC Worker End (ms): Min: 141657.5, Avg: 141657.6, Max: 141657.7, Diff: 0.2]
   [Code Root Fixup: 0.0 ms]
   [Code Root Purge: 0.0 ms]
   [Clear CT: 0.7 ms]
   [Other: 2.8 ms]
      [Choose CSet: 0.0 ms]
      [Ref Proc: 0.5 ms]
      [Ref Enq: 0.0 ms]
      [Redirty Cards: 0.8 ms]
      [Humongous Register: 0.1 ms]
      [Humongous Reclaim: 0.1 ms]
      [Free CSet: 1.0 ms]
   [Eden: 3860.0M(3860.0M)->0.0B(3824.0M) Survivors: 384.0M->304.0M Heap: 6956.6M(8192.0M)->3214.0M(8192.0M)]
 [Times: user=2.18 sys=0.00, real=0.08 secs] 
2018-10-15T09:27:45.075+0200: 141.661: Total time for which application threads were stopped: 0.0769321 seconds, Stopping threads took: 0.0005145 seconds
2018-10-15T09:27:45.463+0200: 142.049: Application time: 0.3877018 seconds
2018-10-15T09:27:45.464+0200: 142.050: [GC pause (G1 Evacuation Pause) (young)
Desired survivor size 270532608 bytes, new threshold 3 (max 15)
- age   1:   97716432 bytes,   97716432 total
- age   2:   93057720 bytes,  190774152 total
- age   3:   90842904 bytes,  281617056 total
, 0.0632685 secs]
   [Parallel Time: 59.9 ms, GC Workers: 30]
      [GC Worker Start (ms): Min: 142050.3, Avg: 142050.7, Max: 142051.3, Diff: 1.0]
      [Ext Root Scanning (ms): Min: 0.0, Avg: 0.4, Max: 1.7, Diff: 1.7, Sum: 11.9]
      [Update RS (ms): Min: 18.6, Avg: 19.4, Max: 19.8, Diff: 1.2, Sum: 582.8]
         [Processed Buffers: Min: 20, Avg: 23.9, Max: 33, Diff: 13, Sum: 718]
      [Scan RS (ms): Min: 0.0, Avg: 0.4, Max: 0.6, Diff: 0.6, Sum: 12.9]
      [Code Root Scanning (ms): Min: 0.0, Avg: 0.0, Max: 0.0, Diff: 0.0, Sum: 0.0]
      [Object Copy (ms): Min: 38.9, Avg: 38.9, Max: 39.0, Diff: 0.1, Sum: 1168.4]
      [Termination (ms): Min: 0.0, Avg: 0.0, Max: 0.0, Diff: 0.0, Sum: 0.6]
         [Termination Attempts: Min: 1, Avg: 9.1, Max: 14, Diff: 13, Sum: 272]
      [GC Worker Other (ms): Min: 0.0, Avg: 0.1, Max: 0.2, Diff: 0.2, Sum: 3.4]
      [GC Worker Total (ms): Min: 58.6, Avg: 59.3, Max: 59.8, Diff: 1.2, Sum: 1780.0]
      [GC Worker End (ms): Min: 142109.9, Avg: 142110.0, Max: 142110.1, Diff: 0.2]
   [Code Root Fixup: 0.0 ms]
   [Code Root Purge: 0.0 ms]
   [Clear CT: 0.7 ms]
   [Other: 2.7 ms]
      [Choose CSet: 0.0 ms]
      [Ref Proc: 0.4 ms]
      [Ref Enq: 0.0 ms]
      [Redirty Cards: 0.6 ms]
      [Humongous Register: 0.1 ms]
      [Humongous Reclaim: 0.1 ms]
      [Free CSet: 1.0 ms]
   [Eden: 3824.0M(3824.0M)->0.0B(3712.0M) Survivors: 304.0M->300.0M Heap: 7038.0M(8192.0M)->3330.0M(8192.0M)]
 [Times: user=1.80 sys=0.00, real=0.06 secs] 
2018-10-15T09:27:45.527+0200: 142.113: Total time for which application threads were stopped: 0.0644481 seconds, Stopping threads took: 0.0005398 seconds
2018-10-15T09:27:45.907+0200: 142.493: Application time: 0.3798518 seconds
2018-10-15T09:27:45.908+0200: 142.494: [GC pause (G1 Evacuation Pause) (young)
Desired survivor size 264241152 bytes, new threshold 3 (max 15)
- age   1:   99066728 bytes,   99066728 total
- age   2:   90323024 bytes,  189389752 total
- age   3:   92416472 bytes,  281806224 total
, 0.0731525 secs]
   [Parallel Time: 69.8 ms, GC Workers: 30]
      [GC Worker Start (ms): Min: 142494.6, Avg: 142494.9, Max: 142495.4, Diff: 0.9]
      [Ext Root Scanning (ms): Min: 0.0, Avg: 0.4, Max: 1.7, Diff: 1.7, Sum: 12.4]
      [Update RS (ms): Min: 26.9, Avg: 28.1, Max: 28.5, Diff: 1.6, Sum: 841.9]
         [Processed Buffers: Min: 29, Avg: 34.3, Max: 41, Diff: 12, Sum: 1028]
      [Scan RS (ms): Min: 0.0, Avg: 0.1, Max: 0.3, Diff: 0.2, Sum: 4.1]
      [Code Root Scanning (ms): Min: 0.0, Avg: 0.0, Max: 0.0, Diff: 0.0, Sum: 0.0]
      [Object Copy (ms): Min: 40.0, Avg: 40.3, Max: 40.5, Diff: 0.5, Sum: 1207.6]
      [Termination (ms): Min: 0.0, Avg: 0.2, Max: 0.3, Diff: 0.3, Sum: 6.7]
         [Termination Attempts: Min: 1, Avg: 87.5, Max: 97, Diff: 96, Sum: 2624]
      [GC Worker Other (ms): Min: 0.0, Avg: 0.1, Max: 0.2, Diff: 0.2, Sum: 3.7]
      [GC Worker Total (ms): Min: 68.6, Avg: 69.2, Max: 69.6, Diff: 0.9, Sum: 2076.5]
      [GC Worker End (ms): Min: 142564.0, Avg: 142564.1, Max: 142564.2, Diff: 0.2]
   [Code Root Fixup: 0.0 ms]
   [Code Root Purge: 0.0 ms]
   [Clear CT: 0.6 ms]
   [Other: 2.8 ms]
      [Choose CSet: 0.0 ms]
      [Ref Proc: 0.5 ms]
      [Ref Enq: 0.0 ms]
      [Redirty Cards: 0.7 ms]
      [Humongous Register: 0.1 ms]
      [Humongous Reclaim: 0.1 ms]
      [Free CSet: 1.1 ms]
   [Eden: 3712.0M(3712.0M)->0.0B(3588.0M) Survivors: 300.0M->304.0M Heap: 7042.0M(8192.0M)->3452.0M(8192.0M)]
 [Times: user=2.10 sys=0.00, real=0.07 secs] 
2018-10-15T09:27:45.982+0200: 142.568: Total time for which application threads were stopped: 0.0743575 seconds, Stopping threads took: 0.0005585 seconds
2018-10-15T09:27:46.353+0200: 142.940: Application time: 0.3718970 seconds
2018-10-15T09:27:46.354+0200: 142.940: [GC pause (G1 Evacuation Pause) (young)
Desired survivor size 255852544 bytes, new threshold 3 (max 15)
- age   1:   96480128 bytes,   96480128 total
- age   2:   90747592 bytes,  187227720 total
- age   3:   89975808 bytes,  277203528 total
, 0.0606140 secs]
   [Parallel Time: 57.4 ms, GC Workers: 30]
      [GC Worker Start (ms): Min: 142940.7, Avg: 142940.9, Max: 142941.3, Diff: 0.6]
      [Ext Root Scanning (ms): Min: 0.0, Avg: 0.5, Max: 1.6, Diff: 1.6, Sum: 14.4]
      [Update RS (ms): Min: 14.7, Avg: 15.7, Max: 16.3, Diff: 1.6, Sum: 472.0]
         [Processed Buffers: Min: 19, Avg: 23.5, Max: 30, Diff: 11, Sum: 706]
      [Scan RS (ms): Min: 1.7, Avg: 2.1, Max: 2.4, Diff: 0.7, Sum: 64.0]
      [Code Root Scanning (ms): Min: 0.0, Avg: 0.0, Max: 0.0, Diff: 0.0, Sum: 0.0]
      [Object Copy (ms): Min: 38.4, Avg: 38.5, Max: 38.6, Diff: 0.2, Sum: 1154.9]
      [Termination (ms): Min: 0.0, Avg: 0.0, Max: 0.0, Diff: 0.0, Sum: 0.5]
         [Termination Attempts: Min: 2, Avg: 7.0, Max: 10, Diff: 8, Sum: 209]
      [GC Worker Other (ms): Min: 0.0, Avg: 0.1, Max: 0.2, Diff: 0.2, Sum: 3.8]
      [GC Worker Total (ms): Min: 56.6, Avg: 57.0, Max: 57.2, Diff: 0.6, Sum: 1709.6]
      [GC Worker End (ms): Min: 142997.8, Avg: 142997.9, Max: 142998.0, Diff: 0.2]
   [Code Root Fixup: 0.0 ms]
   [Code Root Purge: 0.0 ms]
   [Clear CT: 0.7 ms]
   [Other: 2.5 ms]
      [Choose CSet: 0.0 ms]
      [Ref Proc: 0.4 ms]
      [Ref Enq: 0.0 ms]
      [Redirty Cards: 0.6 ms]
      [Humongous Register: 0.1 ms]
      [Humongous Reclaim: 0.1 ms]
      [Free CSet: 1.0 ms]
   [Eden: 3588.0M(3588.0M)->0.0B(3484.0M) Survivors: 304.0M->296.0M Heap: 7040.0M(8192.0M)->3560.3M(8192.0M)]
 [Times: user=1.74 sys=0.00, real=0.06 secs] 
2018-10-15T09:27:46.415+0200: 143.001: Total time for which application threads were stopped: 0.0617550 seconds, Stopping threads took: 0.0004889 seconds
2018-10-15T09:27:46.761+0200: 143.347: Application time: 0.3461231 seconds
2018-10-15T09:27:46.762+0200: 143.348: [GC pause (G1 Evacuation Pause) (young)
Desired survivor size 249561088 bytes, new threshold 3 (max 15)
- age   1:  100827216 bytes,  100827216 total
- age   2:   90054672 bytes,  190881888 total
- age   3:   89860016 bytes,  280741904 total
, 0.0715421 secs]
   [Parallel Time: 67.4 ms, GC Workers: 30]
      [GC Worker Start (ms): Min: 143348.6, Avg: 143348.8, Max: 143349.1, Diff: 0.4]
      [Ext Root Scanning (ms): Min: 0.2, Avg: 0.5, Max: 1.8, Diff: 1.6, Sum: 15.2]
      [Update RS (ms): Min: 27.8, Avg: 28.8, Max: 29.3, Diff: 1.4, Sum: 862.9]
         [Processed Buffers: Min: 30, Avg: 36.0, Max: 47, Diff: 17, Sum: 1081]
      [Scan RS (ms): Min: 0.0, Avg: 0.1, Max: 0.2, Diff: 0.2, Sum: 3.6]
      [Code Root Scanning (ms): Min: 0.0, Avg: 0.0, Max: 0.0, Diff: 0.0, Sum: 0.0]
      [Object Copy (ms): Min: 37.1, Avg: 37.5, Max: 37.7, Diff: 0.6, Sum: 1124.6]
      [Termination (ms): Min: 0.0, Avg: 0.0, Max: 0.0, Diff: 0.0, Sum: 0.7]
         [Termination Attempts: Min: 2, Avg: 7.6, Max: 11, Diff: 9, Sum: 228]
      [GC Worker Other (ms): Min: 0.0, Avg: 0.1, Max: 0.2, Diff: 0.2, Sum: 3.4]
      [GC Worker Total (ms): Min: 66.7, Avg: 67.0, Max: 67.2, Diff: 0.6, Sum: 2010.5]
      [GC Worker End (ms): Min: 143415.7, Avg: 143415.8, Max: 143415.9, Diff: 0.2]
   [Code Root Fixup: 0.0 ms]
   [Code Root Purge: 0.0 ms]
   [Clear CT: 0.7 ms]
   [Other: 3.4 ms]
      [Choose CSet: 0.0 ms]
      [Ref Proc: 0.4 ms]
      [Ref Enq: 0.0 ms]
      [Redirty Cards: 0.8 ms]
      [Humongous Register: 0.1 ms]
      [Humongous Reclaim: 0.1 ms]
      [Free CSet: 1.5 ms]
   [Eden: 3484.0M(3484.0M)->0.0B(3368.0M) Survivors: 296.0M->296.0M Heap: 7044.3M(8192.0M)->3680.0M(8192.0M)]
 [Times: user=2.04 sys=0.00, real=0.08 secs] 
2018-10-15T09:27:46.834+0200: 143.420: Total time for which application threads were stopped: 0.0728125 seconds, Stopping threads took: 0.0005044 seconds
2018-10-15T09:27:47.177+0200: 143.763: Application time: 0.3425850 seconds
2018-10-15T09:27:47.178+0200: 143.764: [GC pause (G1 Evacuation Pause) (young)
Desired survivor size 241172480 bytes, new threshold 3 (max 15)
- age   1:   96290088 bytes,   96290088 total
- age   2:   91368800 bytes,  187658888 total
- age   3:   88815704 bytes,  276474592 total
, 0.0579662 secs]
   [Parallel Time: 54.8 ms, GC Workers: 30]
      [GC Worker Start (ms): Min: 143764.0, Avg: 143764.1, Max: 143764.2, Diff: 0.2]
      [Ext Root Scanning (ms): Min: 0.2, Avg: 0.4, Max: 1.6, Diff: 1.4, Sum: 12.6]
      [Update RS (ms): Min: 13.6, Avg: 14.7, Max: 15.1, Diff: 1.4, Sum: 442.3]
         [Processed Buffers: Min: 17, Avg: 23.4, Max: 36, Diff: 19, Sum: 702]
      [Scan RS (ms): Min: 1.6, Avg: 1.9, Max: 2.1, Diff: 0.5, Sum: 58.4]
      [Code Root Scanning (ms): Min: 0.0, Avg: 0.0, Max: 0.0, Diff: 0.0, Sum: 0.0]
      [Object Copy (ms): Min: 37.1, Avg: 37.2, Max: 37.3, Diff: 0.1, Sum: 1116.0]
      [Termination (ms): Min: 0.0, Avg: 0.0, Max: 0.0, Diff: 0.0, Sum: 0.2]
         [Termination Attempts: Min: 1, Avg: 1.6, Max: 2, Diff: 1, Sum: 49]
      [GC Worker Other (ms): Min: 0.0, Avg: 0.1, Max: 0.2, Diff: 0.2, Sum: 3.2]
      [GC Worker Total (ms): Min: 54.2, Avg: 54.4, Max: 54.6, Diff: 0.4, Sum: 1632.8]
      [GC Worker End (ms): Min: 143818.4, Avg: 143818.5, Max: 143818.6, Diff: 0.2]
   [Code Root Fixup: 0.0 ms]
   [Code Root Purge: 0.0 ms]
   [Clear CT: 0.6 ms]
   [Other: 2.6 ms]
      [Choose CSet: 0.0 ms]
      [Ref Proc: 0.4 ms]
      [Ref Enq: 0.0 ms]
      [Redirty Cards: 0.7 ms]
      [Humongous Register: 0.1 ms]
      [Humongous Reclaim: 0.0 ms]
      [Free CSet: 0.9 ms]
   [Eden: 3368.0M(3368.0M)->0.0B(3280.0M) Survivors: 296.0M->284.0M Heap: 7048.0M(8192.0M)->3778.0M(8192.0M)]
 [Times: user=1.66 sys=0.00, real=0.06 secs] 
2018-10-15T09:27:47.236+0200: 143.822: Total time for which application threads were stopped: 0.0591067 seconds, Stopping threads took: 0.0004474 seconds
2018-10-15T09:27:47.554+0200: 144.140: Application time: 0.3181220 seconds
2018-10-15T09:27:47.555+0200: 144.141: [GC pause (G1 Evacuation Pause) (young)
Desired survivor size 234881024 bytes, new threshold 3 (max 15)
- age   1:   87762000 bytes,   87762000 total
- age   2:   88022008 bytes,  175784008 total
- age   3:   90472808 bytes,  266256816 total
, 0.0699747 secs]
   [Parallel Time: 66.1 ms, GC Workers: 30]
      [GC Worker Start (ms): Min: 144141.3, Avg: 144141.8, Max: 144142.4, Diff: 1.1]
      [Ext Root Scanning (ms): Min: 0.0, Avg: 0.4, Max: 1.8, Diff: 1.8, Sum: 11.3]
      [Update RS (ms): Min: 28.5, Avg: 29.3, Max: 30.2, Diff: 1.7, Sum: 878.0]
         [Processed Buffers: Min: 31, Avg: 36.7, Max: 48, Diff: 17, Sum: 1101]
      [Scan RS (ms): Min: 0.0, Avg: 0.1, Max: 0.2, Diff: 0.2, Sum: 3.8]
      [Code Root Scanning (ms): Min: 0.0, Avg: 0.0, Max: 0.0, Diff: 0.0, Sum: 0.0]
      [Object Copy (ms): Min: 34.6, Avg: 35.4, Max: 35.5, Diff: 0.9, Sum: 1061.3]
      [Termination (ms): Min: 0.0, Avg: 0.1, Max: 0.2, Diff: 0.1, Sum: 2.4]
         [Termination Attempts: Min: 1, Avg: 4.9, Max: 10, Diff: 9, Sum: 146]
      [GC Worker Other (ms): Min: 0.0, Avg: 0.1, Max: 0.2, Diff: 0.2, Sum: 2.7]
      [GC Worker Total (ms): Min: 64.6, Avg: 65.3, Max: 65.9, Diff: 1.3, Sum: 1959.6]
      [GC Worker End (ms): Min: 144207.0, Avg: 144207.1, Max: 144207.2, Diff: 0.2]
   [Code Root Fixup: 0.0 ms]
   [Code Root Purge: 0.0 ms]
   [Clear CT: 0.7 ms]
   [Other: 3.2 ms]
      [Choose CSet: 0.0 ms]
      [Ref Proc: 0.4 ms]
      [Ref Enq: 0.0 ms]
      [Redirty Cards: 0.7 ms]
      [Humongous Register: 0.1 ms]
      [Humongous Reclaim: 0.1 ms]
      [Free CSet: 1.5 ms]
   [Eden: 3280.0M(3280.0M)->0.0B(3176.0M) Survivors: 284.0M->280.0M Heap: 7058.0M(8192.0M)->3886.0M(8192.0M)]
 [Times: user=1.97 sys=0.00, real=0.07 secs] 
2018-10-15T09:27:47.625+0200: 144.211: Total time for which application threads were stopped: 0.0712274 seconds, Stopping threads took: 0.0004957 seconds
2018-10-15T09:27:47.948+0200: 144.534: Application time: 0.3230083 seconds
2018-10-15T09:27:47.949+0200: 144.535: [GC pause (G1 Evacuation Pause) (young)
Desired survivor size 226492416 bytes, new threshold 3 (max 15)
- age   1:   91901944 bytes,   91901944 total
- age   2:   83714480 bytes,  175616424 total
- age   3:   87331032 bytes,  262947456 total
, 0.0642137 secs]
   [Parallel Time: 61.2 ms, GC Workers: 30]
      [GC Worker Start (ms): Min: 144535.5, Avg: 144535.8, Max: 144536.5, Diff: 1.0]
      [Ext Root Scanning (ms): Min: 0.0, Avg: 0.4, Max: 1.7, Diff: 1.6, Sum: 11.3]
      [Update RS (ms): Min: 13.0, Avg: 14.0, Max: 14.4, Diff: 1.4, Sum: 421.0]
         [Processed Buffers: Min: 18, Avg: 23.2, Max: 31, Diff: 13, Sum: 696]
      [Scan RS (ms): Min: 1.9, Avg: 2.1, Max: 2.3, Diff: 0.4, Sum: 64.2]
      [Code Root Scanning (ms): Min: 0.0, Avg: 0.0, Max: 0.0, Diff: 0.0, Sum: 0.0]
      [Object Copy (ms): Min: 43.6, Avg: 43.7, Max: 43.9, Diff: 0.3, Sum: 1310.4]
      [Termination (ms): Min: 0.0, Avg: 0.3, Max: 0.3, Diff: 0.3, Sum: 8.0]
         [Termination Attempts: Min: 1, Avg: 165.5, Max: 186, Diff: 185, Sum: 4965]
      [GC Worker Other (ms): Min: 0.0, Avg: 0.1, Max: 0.2, Diff: 0.2, Sum: 3.2]
      [GC Worker Total (ms): Min: 60.0, Avg: 60.6, Max: 61.0, Diff: 1.1, Sum: 1818.3]
      [GC Worker End (ms): Min: 144596.3, Avg: 144596.4, Max: 144596.5, Diff: 0.2]
   [Code Root Fixup: 0.0 ms]
   [Code Root Purge: 0.0 ms]
   [Clear CT: 0.6 ms]
   [Other: 2.4 ms]
      [Choose CSet: 0.0 ms]
      [Ref Proc: 0.4 ms]
      [Ref Enq: 0.0 ms]
      [Redirty Cards: 0.7 ms]
      [Humongous Register: 0.1 ms]
      [Humongous Reclaim: 0.0 ms]
      [Free CSet: 0.9 ms]
   [Eden: 3176.0M(3176.0M)->0.0B(3076.0M) Survivors: 280.0M->272.0M Heap: 7062.0M(8192.0M)->3994.0M(8192.0M)]
 [Times: user=1.84 sys=0.00, real=0.07 secs] 
2018-10-15T09:27:48.014+0200: 144.600: Total time for which application threads were stopped: 0.0653719 seconds, Stopping threads took: 0.0004486 seconds
2018-10-15T09:27:48.312+0200: 144.898: Application time: 0.2985452 seconds
2018-10-15T09:27:48.313+0200: 144.899: [GC pause (G1 Evacuation Pause) (young) (initial-mark)
Desired survivor size 220200960 bytes, new threshold 3 (max 15)
- age   1:   84918280 bytes,   84918280 total
- age   2:   85110856 bytes,  170029136 total
- age   3:   83044704 bytes,  253073840 total
, 0.0685768 secs]
   [Parallel Time: 65.3 ms, GC Workers: 30]
      [GC Worker Start (ms): Min: 144899.6, Avg: 144900.2, Max: 144901.0, Diff: 1.4]
      [Ext Root Scanning (ms): Min: 1.8, Avg: 2.2, Max: 3.1, Diff: 1.3, Sum: 65.6]
      [Update RS (ms): Min: 25.9, Avg: 26.5, Max: 27.1, Diff: 1.3, Sum: 794.2]
         [Processed Buffers: Min: 28, Avg: 35.7, Max: 45, Diff: 17, Sum: 1072]
      [Scan RS (ms): Min: 0.0, Avg: 0.1, Max: 0.2, Diff: 0.2, Sum: 3.2]
      [Code Root Scanning (ms): Min: 0.0, Avg: 0.0, Max: 0.0, Diff: 0.0, Sum: 0.0]
      [Object Copy (ms): Min: 35.2, Avg: 35.3, Max: 35.4, Diff: 0.3, Sum: 1058.8]
      [Termination (ms): Min: 0.0, Avg: 0.1, Max: 0.3, Diff: 0.2, Sum: 2.7]
         [Termination Attempts: Min: 7, Avg: 15.7, Max: 23, Diff: 16, Sum: 470]
      [GC Worker Other (ms): Min: 0.0, Avg: 0.1, Max: 0.2, Diff: 0.2, Sum: 2.5]
      [GC Worker Total (ms): Min: 63.5, Avg: 64.2, Max: 64.9, Diff: 1.4, Sum: 1927.0]
      [GC Worker End (ms): Min: 144964.4, Avg: 144964.5, Max: 144964.6, Diff: 0.2]
   [Code Root Fixup: 0.0 ms]
   [Code Root Purge: 0.0 ms]
   [Clear CT: 0.6 ms]
   [Other: 2.6 ms]
      [Choose CSet: 0.0 ms]
      [Ref Proc: 0.4 ms]
      [Ref Enq: 0.0 ms]
      [Redirty Cards: 0.8 ms]
      [Humongous Register: 0.1 ms]
      [Humongous Reclaim: 0.0 ms]
      [Free CSet: 0.8 ms]
   [Eden: 3076.0M(3076.0M)->0.0B(2980.0M) Survivors: 272.0M->264.0M Heap: 7070.0M(8192.0M)->4096.5M(8192.0M)]
 [Times: user=1.90 sys=0.00, real=0.06 secs] 
2018-10-15T09:27:48.382+0200: 144.968: 2018-10-15T09:27:48.382+0200: [GC concurrent-root-region-scan-start]
144.968: Total time for which application threads were stopped: 0.0697128 seconds, Stopping threads took: 0.0004852 seconds
2018-10-15T09:27:48.457+0200: 145.043: [GC concurrent-root-region-scan-end, 0.0751870 secs]
2018-10-15T09:27:48.457+0200: 145.043: [GC concurrent-mark-start]
2018-10-15T09:27:48.792+0200: 145.378: Application time: 0.4096740 seconds
2018-10-15T09:27:48.792+0200: 145.378: [GC pause (G1 Evacuation Pause) (young)
Desired survivor size 213909504 bytes, new threshold 3 (max 15)
- age   1:   81113304 bytes,   81113304 total
- age   2:   81478792 bytes,  162592096 total
- age   3:   84422008 bytes,  247014104 total
, 0.0584502 secs]
   [Parallel Time: 55.3 ms, GC Workers: 30]
      [GC Worker Start (ms): Min: 145378.5, Avg: 145378.7, Max: 145379.0, Diff: 0.4]
      [Ext Root Scanning (ms): Min: 0.1, Avg: 0.5, Max: 1.7, Diff: 1.5, Sum: 13.6]
      [Update RS (ms): Min: 14.7, Avg: 15.8, Max: 16.4, Diff: 1.7, Sum: 475.5]
         [Processed Buffers: Min: 16, Avg: 23.0, Max: 34, Diff: 18, Sum: 689]
      [Scan RS (ms): Min: 2.7, Avg: 3.1, Max: 3.3, Diff: 0.7, Sum: 93.9]
      [Code Root Scanning (ms): Min: 0.0, Avg: 0.0, Max: 0.0, Diff: 0.0, Sum: 0.0]
      [Object Copy (ms): Min: 35.1, Avg: 35.2, Max: 35.3, Diff: 0.2, Sum: 1055.8]
      [Termination (ms): Min: 0.0, Avg: 0.1, Max: 0.1, Diff: 0.1, Sum: 2.8]
         [Termination Attempts: Min: 1, Avg: 71.5, Max: 88, Diff: 87, Sum: 2145]
      [GC Worker Other (ms): Min: 0.0, Avg: 0.1, Max: 0.2, Diff: 0.2, Sum: 3.8]
      [GC Worker Total (ms): Min: 54.5, Avg: 54.9, Max: 55.1, Diff: 0.6, Sum: 1645.6]
      [GC Worker End (ms): Min: 145433.5, Avg: 145433.6, Max: 145433.7, Diff: 0.2]
   [Code Root Fixup: 0.0 ms]
   [Code Root Purge: 0.0 ms]
   [Clear CT: 0.7 ms]
   [Other: 2.5 ms]
      [Choose CSet: 0.0 ms]
      [Ref Proc: 0.4 ms]
      [Ref Enq: 0.0 ms]
      [Redirty Cards: 0.7 ms]
      [Humongous Register: 0.1 ms]
      [Humongous Reclaim: 0.0 ms]
      [Free CSet: 0.9 ms]
   [Eden: 2980.0M(2980.0M)->0.0B(2892.0M) Survivors: 264.0M->252.0M Heap: 7076.5M(8192.0M)->4200.0M(8192.0M)]
 [Times: user=1.67 sys=0.00, real=0.05 secs] 
2018-10-15T09:27:48.851+0200: 145.437: Total time for which application threads were stopped: 0.0593661 seconds, Stopping threads took: 0.0002559 seconds
2018-10-15T09:27:48.927+0200: 145.513: [GC concurrent-mark-end, 0.4698738 secs]
2018-10-15T09:27:48.927+0200: 145.513: Application time: 0.0760973 seconds
2018-10-15T09:27:48.928+0200: 145.514: [GC remark 2018-10-15T09:27:48.928+0200: 145.514: [Finalize Marking, 0.0008530 secs] 2018-10-15T09:27:48.929+0200: 145.515: [GC ref-proc, 0.0013435 secs] 2018-10-15T09:27:48.930+0200: 145.516: [Unloading, 0.0111443 secs], 0.0146382 secs]
 [Times: user=0.34 sys=0.00, real=0.01 secs] 
2018-10-15T09:27:48.943+0200: 145.529: Total time for which application threads were stopped: 0.0155367 seconds, Stopping threads took: 0.0004265 seconds
2018-10-15T09:27:48.943+0200: 145.529: Application time: 0.0000678 seconds
2018-10-15T09:27:48.943+0200: 145.529: [GC cleanup 4758M->3390M(8192M), 0.0086794 secs]
 [Times: user=0.20 sys=0.02, real=0.02 secs] 
2018-10-15T09:27:48.952+0200: 145.538: Total time for which application threads were stopped: 0.0092321 seconds, Stopping threads took: 0.0000726 seconds
2018-10-15T09:27:48.952+0200: 145.538: [GC concurrent-cleanup-start]
2018-10-15T09:27:48.954+0200: 145.540: [GC concurrent-cleanup-end, 0.0016349 secs]
2018-10-15T09:27:49.187+0200: 145.774: Application time: 0.2356060 seconds
2018-10-15T09:27:49.192+0200: 145.778: [GC pause (G1 Evacuation Pause) (young)
Desired survivor size 207618048 bytes, new threshold 3 (max 15)
- age   1:   74766480 bytes,   74766480 total
- age   2:   73197400 bytes,  147963880 total
- age   3:   80830272 bytes,  228794152 total
, 0.0649887 secs]
   [Parallel Time: 62.0 ms, GC Workers: 30]
      [GC Worker Start (ms): Min: 145778.2, Avg: 145779.0, Max: 145779.5, Diff: 1.3]
      [Ext Root Scanning (ms): Min: 0.0, Avg: 0.3, Max: 1.5, Diff: 1.5, Sum: 7.8]
      [Update RS (ms): Min: 23.6, Avg: 24.0, Max: 24.4, Diff: 0.8, Sum: 720.9]
         [Processed Buffers: Min: 28, Avg: 36.6, Max: 49, Diff: 21, Sum: 1099]
      [Scan RS (ms): Min: 0.0, Avg: 0.1, Max: 0.2, Diff: 0.2, Sum: 3.2]
      [Code Root Scanning (ms): Min: 0.0, Avg: 0.0, Max: 0.0, Diff: 0.0, Sum: 0.0]
      [Object Copy (ms): Min: 36.1, Avg: 36.3, Max: 36.4, Diff: 0.3, Sum: 1088.4]
      [Termination (ms): Min: 0.0, Avg: 0.3, Max: 0.4, Diff: 0.4, Sum: 10.2]
         [Termination Attempts: Min: 1, Avg: 149.4, Max: 170, Diff: 169, Sum: 4483]
      [GC Worker Other (ms): Min: 0.0, Avg: 0.1, Max: 0.2, Diff: 0.2, Sum: 3.2]
      [GC Worker Total (ms): Min: 60.5, Avg: 61.1, Max: 61.9, Diff: 1.4, Sum: 1833.7]
      [GC Worker End (ms): Min: 145840.0, Avg: 145840.1, Max: 145840.2, Diff: 0.2]
   [Code Root Fixup: 0.0 ms]
   [Code Root Purge: 0.0 ms]
   [Clear CT: 0.6 ms]
   [Other: 2.4 ms]
      [Choose CSet: 0.0 ms]
      [Ref Proc: 0.4 ms]
      [Ref Enq: 0.0 ms]
      [Redirty Cards: 0.7 ms]
      [Humongous Register: 0.1 ms]
      [Humongous Reclaim: 0.0 ms]
      [Free CSet: 0.8 ms]
   [Eden: 2892.0M(2892.0M)->0.0B(160.0M) Survivors: 252.0M->248.0M Heap: 5724.0M(8192.0M)->2944.0M(8192.0M)]
 [Times: user=1.85 sys=0.00, real=0.06 secs] 
2018-10-15T09:27:49.257+0200: 145.843: Total time for which application threads were stopped: 0.0696256 seconds, Stopping threads took: 0.0039029 seconds
2018-10-15T09:27:49.278+0200: 145.864: Application time: 0.0206655 seconds
2018-10-15T09:27:49.278+0200: 145.864: [GC pause (G1 Evacuation Pause) (mixed)
Desired survivor size 27262976 bytes, new threshold 1 (max 15)
- age   1:   79044016 bytes,   79044016 total
- age   2:   69995120 bytes,  149039136 total
- age   3:   72550456 bytes,  221589592 total
, 0.0537962 secs]
   [Parallel Time: 49.1 ms, GC Workers: 30]
      [GC Worker Start (ms): Min: 145864.9, Avg: 145865.2, Max: 145865.7, Diff: 0.9]
      [Ext Root Scanning (ms): Min: 0.0, Avg: 0.4, Max: 1.4, Diff: 1.4, Sum: 11.7]
      [Update RS (ms): Min: 15.3, Avg: 16.1, Max: 17.4, Diff: 2.1, Sum: 483.9]
         [Processed Buffers: Min: 20, Avg: 24.9, Max: 36, Diff: 16, Sum: 748]
      [Scan RS (ms): Min: 1.3, Avg: 2.5, Max: 2.8, Diff: 1.5, Sum: 76.0]
      [Code Root Scanning (ms): Min: 0.0, Avg: 0.0, Max: 0.0, Diff: 0.0, Sum: 0.0]
      [Object Copy (ms): Min: 29.3, Avg: 29.4, Max: 29.5, Diff: 0.3, Sum: 880.6]
      [Termination (ms): Min: 0.0, Avg: 0.2, Max: 0.3, Diff: 0.3, Sum: 6.9]
         [Termination Attempts: Min: 1, Avg: 87.1, Max: 105, Diff: 104, Sum: 2614]
      [GC Worker Other (ms): Min: 0.0, Avg: 0.0, Max: 0.1, Diff: 0.1, Sum: 1.4]
      [GC Worker Total (ms): Min: 48.1, Avg: 48.7, Max: 49.0, Diff: 0.9, Sum: 1460.6]
      [GC Worker End (ms): Min: 145913.8, Avg: 145913.9, Max: 145913.9, Diff: 0.1]
   [Code Root Fixup: 0.0 ms]
   [Code Root Purge: 0.0 ms]
   [Clear CT: 0.6 ms]
   [Other: 4.0 ms]
      [Choose CSet: 0.2 ms]
      [Ref Proc: 0.4 ms]
      [Ref Enq: 0.0 ms]
      [Redirty Cards: 1.1 ms]
      [Humongous Register: 0.1 ms]
      [Humongous Reclaim: 0.0 ms]
      [Free CSet: 1.8 ms]
   [Eden: 160.0M(160.0M)->0.0B(356.0M) Survivors: 248.0M->52.0M Heap: 3104.0M(8192.0M)->2166.0M(8192.0M)]
 [Times: user=1.50 sys=0.00, real=0.06 secs] 
2018-10-15T09:27:49.333+0200: 145.919: Total time for which application threads were stopped: 0.0547588 seconds, Stopping threads took: 0.0002739 seconds
2018-10-15T09:27:49.383+0200: 145.969: Application time: 0.0500556 seconds
2018-10-15T09:27:49.383+0200: 145.969: [GC pause (G1 Evacuation Pause) (mixed)
Desired survivor size 27262976 bytes, new threshold 15 (max 15)
- age   1:    3410776 bytes,    3410776 total
, 0.0298843 secs]
   [Parallel Time: 26.5 ms, GC Workers: 30]
      [GC Worker Start (ms): Min: 145970.0, Avg: 145970.8, Max: 145971.6, Diff: 1.6]
      [Ext Root Scanning (ms): Min: 0.0, Avg: 0.3, Max: 1.6, Diff: 1.6, Sum: 8.6]
      [Update RS (ms): Min: 20.3, Avg: 20.7, Max: 21.0, Diff: 0.7, Sum: 621.6]
         [Processed Buffers: Min: 25, Avg: 32.9, Max: 43, Diff: 18, Sum: 987]
      [Scan RS (ms): Min: 0.7, Avg: 1.2, Max: 1.7, Diff: 1.0, Sum: 36.4]
      [Code Root Scanning (ms): Min: 0.0, Avg: 0.0, Max: 0.3, Diff: 0.3, Sum: 0.3]
      [Object Copy (ms): Min: 2.7, Avg: 3.2, Max: 3.3, Diff: 0.5, Sum: 95.3]
      [Termination (ms): Min: 0.1, Avg: 0.1, Max: 0.1, Diff: 0.1, Sum: 2.9]
         [Termination Attempts: Min: 26, Avg: 33.1, Max: 41, Diff: 15, Sum: 992]
      [GC Worker Other (ms): Min: 0.0, Avg: 0.1, Max: 0.1, Diff: 0.1, Sum: 1.6]
      [GC Worker Total (ms): Min: 24.8, Avg: 25.6, Max: 26.4, Diff: 1.7, Sum: 766.8]
      [GC Worker End (ms): Min: 145996.3, Avg: 145996.4, Max: 145996.4, Diff: 0.1]
   [Code Root Fixup: 0.0 ms]
   [Code Root Purge: 0.0 ms]
   [Clear CT: 0.7 ms]
   [Other: 2.6 ms]
      [Choose CSet: 0.2 ms]
      [Ref Proc: 0.5 ms]
      [Ref Enq: 0.0 ms]
      [Redirty Cards: 0.3 ms]
      [Humongous Register: 0.1 ms]
      [Humongous Reclaim: 0.0 ms]
      [Free CSet: 1.1 ms]
   [Eden: 356.0M(356.0M)->0.0B(4860.0M) Survivors: 52.0M->52.0M Heap: 2522.0M(8192.0M)->1476.0M(8192.0M)]
 [Times: user=0.78 sys=0.00, real=0.04 secs] 
2018-10-15T09:27:49.413+0200: 146.000: Total time for which application threads were stopped: 0.0309012 seconds, Stopping threads took: 0.0004110 seconds
2018-10-15T09:27:49.890+0200: 146.476: Application time: 0.4761696 seconds
2018-10-15T09:27:49.891+0200: 146.477: [GC pause (G1 Evacuation Pause) (young)
Desired survivor size 322961408 bytes, new threshold 15 (max 15)
- age   1:    6952928 bytes,    6952928 total
- age   2:    2987136 bytes,    9940064 total
, 0.0329828 secs]
   [Parallel Time: 29.4 ms, GC Workers: 30]
      [GC Worker Start (ms): Min: 146477.0, Avg: 146477.3, Max: 146477.9, Diff: 0.9]
      [Ext Root Scanning (ms): Min: 0.0, Avg: 0.4, Max: 1.8, Diff: 1.8, Sum: 12.2]
      [Update RS (ms): Min: 8.2, Avg: 9.4, Max: 10.3, Diff: 2.1, Sum: 281.3]
         [Processed Buffers: Min: 9, Avg: 13.0, Max: 17, Diff: 8, Sum: 389]
      [Scan RS (ms): Min: 0.0, Avg: 0.2, Max: 0.4, Diff: 0.3, Sum: 6.1]
      [Code Root Scanning (ms): Min: 0.0, Avg: 0.0, Max: 0.0, Diff: 0.0, Sum: 0.1]
      [Object Copy (ms): Min: 17.9, Avg: 18.7, Max: 18.8, Diff: 0.9, Sum: 560.5]
      [Termination (ms): Min: 0.0, Avg: 0.0, Max: 0.0, Diff: 0.0, Sum: 0.1]
         [Termination Attempts: Min: 1, Avg: 1.0, Max: 2, Diff: 1, Sum: 31]
      [GC Worker Other (ms): Min: 0.0, Avg: 0.1, Max: 0.3, Diff: 0.2, Sum: 4.1]
      [GC Worker Total (ms): Min: 28.2, Avg: 28.8, Max: 29.2, Diff: 1.0, Sum: 864.5]
      [GC Worker End (ms): Min: 146506.0, Avg: 146506.1, Max: 146506.3, Diff: 0.2]
   [Code Root Fixup: 0.0 ms]
   [Code Root Purge: 0.0 ms]
   [Clear CT: 0.9 ms]
   [Other: 2.7 ms]
      [Choose CSet: 0.0 ms]
      [Ref Proc: 0.5 ms]
      [Ref Enq: 0.0 ms]
      [Redirty Cards: 0.4 ms]
      [Humongous Register: 0.1 ms]
      [Humongous Reclaim: 0.0 ms]
      [Free CSet: 1.4 ms]
   [Eden: 4860.0M(4860.0M)->0.0B(4764.0M) Survivors: 52.0M->148.0M Heap: 6336.0M(8192.0M)->1570.2M(8192.0M)]
 [Times: user=0.89 sys=0.00, real=0.04 secs] 
2018-10-15T09:27:49.924+0200: 146.510: Total time for which application threads were stopped: 0.0341626 seconds, Stopping threads took: 0.0005147 seconds
2018-10-15T09:27:50.384+0200: 146.970: Application time: 0.4600008 seconds
2018-10-15T09:27:50.385+0200: 146.971: [GC pause (G1 Evacuation Pause) (young)
Desired survivor size 322961408 bytes, new threshold 15 (max 15)
- age   1:  125386560 bytes,  125386560 total
- age   2:    6174008 bytes,  131560568 total
- age   3:    2966400 bytes,  134526968 total
, 0.0454588 secs]
   [Parallel Time: 42.1 ms, GC Workers: 30]
      [GC Worker Start (ms): Min: 146971.1, Avg: 146971.3, Max: 146971.6, Diff: 0.5]
      [Ext Root Scanning (ms): Min: 0.1, Avg: 0.5, Max: 1.6, Diff: 1.5, Sum: 14.1]
      [Update RS (ms): Min: 7.8, Avg: 8.8, Max: 9.0, Diff: 1.2, Sum: 262.8]
         [Processed Buffers: Min: 9, Avg: 12.3, Max: 20, Diff: 11, Sum: 370]
      [Scan RS (ms): Min: 0.0, Avg: 0.2, Max: 0.3, Diff: 0.3, Sum: 5.6]
      [Code Root Scanning (ms): Min: 0.0, Avg: 0.0, Max: 0.0, Diff: 0.0, Sum: 0.0]
      [Object Copy (ms): Min: 32.1, Avg: 32.2, Max: 32.3, Diff: 0.1, Sum: 965.4]
      [Termination (ms): Min: 0.0, Avg: 0.0, Max: 0.0, Diff: 0.0, Sum: 0.2]
         [Termination Attempts: Min: 1, Avg: 1.0, Max: 1, Diff: 0, Sum: 30]
      [GC Worker Other (ms): Min: 0.0, Avg: 0.1, Max: 0.3, Diff: 0.3, Sum: 4.3]
      [GC Worker Total (ms): Min: 41.4, Avg: 41.7, Max: 42.0, Diff: 0.6, Sum: 1252.4]
      [GC Worker End (ms): Min: 147012.9, Avg: 147013.1, Max: 147013.2, Diff: 0.3]
   [Code Root Fixup: 0.0 ms]
   [Code Root Purge: 0.0 ms]
   [Clear CT: 0.8 ms]
   [Other: 2.5 ms]
      [Choose CSet: 0.0 ms]
      [Ref Proc: 0.4 ms]
      [Ref Enq: 0.0 ms]
      [Redirty Cards: 0.3 ms]
      [Humongous Register: 0.1 ms]
      [Humongous Reclaim: 0.0 ms]
      [Free CSet: 1.3 ms]
   [Eden: 4764.0M(4764.0M)->0.0B(4624.0M) Survivors: 148.0M->288.0M Heap: 6334.2M(8192.0M)->1710.0M(8192.0M)]
 [Times: user=1.27 sys=0.00, real=0.04 secs] 
2018-10-15T09:27:50.430+0200: 147.017: Total time for which application threads were stopped: 0.0466427 seconds, Stopping threads took: 0.0005214 seconds
2018-10-15T09:27:50.880+0200: 147.466: Application time: 0.4497717 seconds
2018-10-15T09:27:50.884+0200: 147.470: [GC pause (G1 Evacuation Pause) (young)
Desired survivor size 322961408 bytes, new threshold 15 (max 15)
- age   1:  128801808 bytes,  128801808 total
- age   2:  118072688 bytes,  246874496 total
- age   3:    6172584 bytes,  253047080 total
- age   4:    2965616 bytes,  256012696 total
, 0.0579576 secs]
   [Parallel Time: 54.7 ms, GC Workers: 30]
      [GC Worker Start (ms): Min: 147470.3, Avg: 147471.0, Max: 147471.7, Diff: 1.5]
      [Ext Root Scanning (ms): Min: 0.0, Avg: 0.3, Max: 1.8, Diff: 1.8, Sum: 8.6]
      [Update RS (ms): Min: 8.7, Avg: 9.6, Max: 10.2, Diff: 1.5, Sum: 288.6]
         [Processed Buffers: Min: 9, Avg: 12.3, Max: 18, Diff: 9, Sum: 369]
      [Scan RS (ms): Min: 0.1, Avg: 0.3, Max: 0.4, Diff: 0.4, Sum: 8.4]
      [Code Root Scanning (ms): Min: 0.0, Avg: 0.0, Max: 0.0, Diff: 0.0, Sum: 0.1]
      [Object Copy (ms): Min: 42.7, Avg: 43.3, Max: 43.4, Diff: 0.7, Sum: 1297.6]
      [Termination (ms): Min: 0.0, Avg: 0.1, Max: 0.1, Diff: 0.1, Sum: 1.9]
         [Termination Attempts: Min: 1, Avg: 25.8, Max: 35, Diff: 34, Sum: 775]
      [GC Worker Other (ms): Min: 0.0, Avg: 0.1, Max: 0.3, Diff: 0.2, Sum: 4.0]
      [GC Worker Total (ms): Min: 52.9, Avg: 53.6, Max: 54.5, Diff: 1.6, Sum: 1609.3]
      [GC Worker End (ms): Min: 147524.6, Avg: 147524.7, Max: 147524.8, Diff: 0.2]
   [Code Root Fixup: 0.0 ms]
   [Code Root Purge: 0.0 ms]
   [Clear CT: 0.7 ms]
   [Other: 2.5 ms]
      [Choose CSet: 0.0 ms]
      [Ref Proc: 0.4 ms]
      [Ref Enq: 0.0 ms]
      [Redirty Cards: 0.3 ms]
      [Humongous Register: 0.1 ms]
      [Humongous Reclaim: 0.0 ms]
      [Free CSet: 1.3 ms]
   [Eden: 4624.0M(4624.0M)->0.0B(4520.0M) Survivors: 288.0M->392.0M Heap: 6334.0M(8192.0M)->1816.0M(8192.0M)]
 [Times: user=1.62 sys=0.01, real=0.05 secs] 
2018-10-15T09:27:50.942+0200: 147.528: Total time for which application threads were stopped: 0.0619010 seconds, Stopping threads took: 0.0033033 seconds
2018-10-15T09:27:51.387+0200: 147.973: Application time: 0.4444701 seconds
2018-10-15T09:27:51.388+0200: 147.974: [GC pause (G1 Evacuation Pause) (young)
Desired survivor size 322961408 bytes, new threshold 3 (max 15)
- age   1:  128366408 bytes,  128366408 total
- age   2:  122640696 bytes,  251007104 total
- age   3:  116784248 bytes,  367791352 total
- age   4:    5910424 bytes,  373701776 total
- age   5:    2965616 bytes,  376667392 total
, 0.0673471 secs]
   [Parallel Time: 63.5 ms, GC Workers: 30]
      [GC Worker Start (ms): Min: 147974.7, Avg: 147975.1, Max: 147975.6, Diff: 0.9]
      [Ext Root Scanning (ms): Min: 0.0, Avg: 0.4, Max: 1.8, Diff: 1.8, Sum: 12.9]
      [Update RS (ms): Min: 8.5, Avg: 9.5, Max: 10.0, Diff: 1.5, Sum: 286.5]
         [Processed Buffers: Min: 9, Avg: 12.1, Max: 19, Diff: 10, Sum: 363]
      [Scan RS (ms): Min: 0.0, Avg: 0.2, Max: 0.4, Diff: 0.3, Sum: 6.9]
      [Code Root Scanning (ms): Min: 0.0, Avg: 0.0, Max: 0.0, Diff: 0.0, Sum: 0.1]
      [Object Copy (ms): Min: 52.3, Avg: 52.5, Max: 52.6, Diff: 0.3, Sum: 1575.5]
      [Termination (ms): Min: 0.0, Avg: 0.1, Max: 0.2, Diff: 0.2, Sum: 2.9]
         [Termination Attempts: Min: 1, Avg: 5.3, Max: 10, Diff: 9, Sum: 158]
      [GC Worker Other (ms): Min: 0.0, Avg: 0.1, Max: 0.3, Diff: 0.3, Sum: 2.9]
      [GC Worker Total (ms): Min: 62.3, Avg: 62.9, Max: 63.4, Diff: 1.0, Sum: 1887.7]
      [GC Worker End (ms): Min: 148037.9, Avg: 148038.0, Max: 148038.1, Diff: 0.2]
   [Code Root Fixup: 0.0 ms]
   [Code Root Purge: 0.0 ms]
   [Clear CT: 0.7 ms]
   [Other: 3.1 ms]
      [Choose CSet: 0.0 ms]
      [Ref Proc: 0.4 ms]
      [Ref Enq: 0.0 ms]
      [Redirty Cards: 0.8 ms]
      [Humongous Register: 0.1 ms]
      [Humongous Reclaim: 0.0 ms]
      [Free CSet: 1.3 ms]
   [Eden: 4520.0M(4520.0M)->0.0B(4532.0M) Survivors: 392.0M->380.0M Heap: 6336.0M(8192.0M)->1921.3M(8192.0M)]
 [Times: user=1.92 sys=0.00, real=0.07 secs] 
2018-10-15T09:27:51.456+0200: 148.042: Total time for which application threads were stopped: 0.0693404 seconds, Stopping threads took: 0.0013347 seconds
2018-10-15T09:27:51.923+0200: 148.509: Application time: 0.4669438 seconds
2018-10-15T09:27:51.924+0200: 148.510: [GC pause (G1 Evacuation Pause) (young)
Desired survivor size 322961408 bytes, new threshold 3 (max 15)
- age   1:  118994896 bytes,  118994896 total
- age   2:  120609168 bytes,  239604064 total
- age   3:  121381808 bytes,  360985872 total
, 0.0743008 secs]
   [Parallel Time: 70.0 ms, GC Workers: 30]
      [GC Worker Start (ms): Min: 148510.3, Avg: 148510.7, Max: 148511.4, Diff: 1.1]
      [Ext Root Scanning (ms): Min: 0.0, Avg: 0.4, Max: 1.8, Diff: 1.8, Sum: 11.4]
      [Update RS (ms): Min: 18.9, Avg: 20.0, Max: 20.6, Diff: 1.7, Sum: 600.9]
         [Processed Buffers: Min: 17, Avg: 22.4, Max: 29, Diff: 12, Sum: 673]
      [Scan RS (ms): Min: 1.3, Avg: 1.9, Max: 2.1, Diff: 0.8, Sum: 58.1]
      [Code Root Scanning (ms): Min: 0.0, Avg: 0.0, Max: 0.0, Diff: 0.0, Sum: 0.0]
      [Object Copy (ms): Min: 46.8, Avg: 46.9, Max: 47.0, Diff: 0.2, Sum: 1406.1]
      [Termination (ms): Min: 0.0, Avg: 0.1, Max: 0.2, Diff: 0.2, Sum: 2.4]
         [Termination Attempts: Min: 2, Avg: 6.2, Max: 10, Diff: 8, Sum: 186]
      [GC Worker Other (ms): Min: 0.0, Avg: 0.1, Max: 0.2, Diff: 0.2, Sum: 3.4]
      [GC Worker Total (ms): Min: 68.7, Avg: 69.4, Max: 69.9, Diff: 1.3, Sum: 2082.3]
      [GC Worker End (ms): Min: 148580.0, Avg: 148580.1, Max: 148580.3, Diff: 0.2]
   [Code Root Fixup: 0.0 ms]
   [Code Root Purge: 0.0 ms]
   [Clear CT: 1.0 ms]
   [Other: 3.3 ms]
      [Choose CSet: 0.0 ms]
      [Ref Proc: 0.4 ms]
      [Ref Enq: 0.0 ms]
      [Redirty Cards: 0.9 ms]
      [Humongous Register: 0.1 ms]
      [Humongous Reclaim: 0.0 ms]
      [Free CSet: 1.4 ms]
   [Eden: 4532.0M(4532.0M)->0.0B(4544.0M) Survivors: 380.0M->368.0M Heap: 6453.3M(8192.0M)->2062.0M(8192.0M)]
 [Times: user=2.10 sys=0.00, real=0.07 secs] 
2018-10-15T09:27:51.998+0200: 148.585: Total time for which application threads were stopped: 0.0755609 seconds, Stopping threads took: 0.0005909 seconds
2018-10-15T09:27:52.477+0200: 149.063: Application time: 0.4781676 seconds
2018-10-15T09:27:52.478+0200: 149.064: [GC pause (G1 Evacuation Pause) (young)
Desired survivor size 322961408 bytes, new threshold 3 (max 15)
- age   1:  116990968 bytes,  116990968 total
- age   2:  109123824 bytes,  226114792 total
- age   3:  119251736 bytes,  345366528 total
, 0.0739446 secs]
   [Parallel Time: 69.5 ms, GC Workers: 30]
      [GC Worker Start (ms): Min: 149064.1, Avg: 149064.6, Max: 149065.3, Diff: 1.2]
      [Ext Root Scanning (ms): Min: 0.0, Avg: 0.4, Max: 1.7, Diff: 1.7, Sum: 10.9]
      [Update RS (ms): Min: 17.3, Avg: 18.2, Max: 18.6, Diff: 1.3, Sum: 546.3]
         [Processed Buffers: Min: 16, Avg: 20.3, Max: 27, Diff: 11, Sum: 608]
      [Scan RS (ms): Min: 2.2, Avg: 2.4, Max: 2.6, Diff: 0.4, Sum: 71.7]
      [Code Root Scanning (ms): Min: 0.0, Avg: 0.0, Max: 0.0, Diff: 0.0, Sum: 0.0]
      [Object Copy (ms): Min: 47.4, Avg: 47.5, Max: 47.6, Diff: 0.2, Sum: 1425.5]
      [Termination (ms): Min: 0.0, Avg: 0.1, Max: 0.1, Diff: 0.1, Sum: 1.6]
         [Termination Attempts: Min: 2, Avg: 19.0, Max: 27, Diff: 25, Sum: 571]
      [GC Worker Other (ms): Min: 0.0, Avg: 0.2, Max: 0.3, Diff: 0.3, Sum: 4.7]
      [GC Worker Total (ms): Min: 67.9, Avg: 68.7, Max: 69.3, Diff: 1.4, Sum: 2060.7]
      [GC Worker End (ms): Min: 149133.2, Avg: 149133.3, Max: 149133.4, Diff: 0.3]
   [Code Root Fixup: 0.0 ms]
   [Code Root Purge: 0.0 ms]
   [Clear CT: 1.0 ms]
   [Other: 3.4 ms]
      [Choose CSet: 0.0 ms]
      [Ref Proc: 0.5 ms]
      [Ref Enq: 0.0 ms]
      [Redirty Cards: 0.9 ms]
      [Humongous Register: 0.1 ms]
      [Humongous Reclaim: 0.0 ms]
      [Free CSet: 1.4 ms]
   [Eden: 4544.0M(4544.0M)->0.0B(4560.0M) Survivors: 368.0M->352.0M Heap: 6606.0M(8192.0M)->2184.0M(8192.0M)]
 [Times: user=2.10 sys=0.00, real=0.08 secs] 
2018-10-15T09:27:52.552+0200: 149.138: Total time for which application threads were stopped: 0.0751896 seconds, Stopping threads took: 0.0005591 seconds
2018-10-15T09:27:53.036+0200: 149.622: Application time: 0.4842986 seconds
2018-10-15T09:27:53.037+0200: 149.623: [GC pause (G1 Evacuation Pause) (young)
Desired survivor size 322961408 bytes, new threshold 3 (max 15)
- age   1:  111616272 bytes,  111616272 total
- age   2:  110766376 bytes,  222382648 total
- age   3:  108505576 bytes,  330888224 total
, 0.0748647 secs]
   [Parallel Time: 70.7 ms, GC Workers: 30]
      [GC Worker Start (ms): Min: 149623.5, Avg: 149623.8, Max: 149624.3, Diff: 0.8]
      [Ext Root Scanning (ms): Min: 0.0, Avg: 0.5, Max: 1.8, Diff: 1.8, Sum: 15.3]
      [Update RS (ms): Min: 18.2, Avg: 18.9, Max: 19.4, Diff: 1.2, Sum: 566.8]
         [Processed Buffers: Min: 17, Avg: 22.1, Max: 30, Diff: 13, Sum: 663]
      [Scan RS (ms): Min: 2.3, Avg: 2.7, Max: 3.0, Diff: 0.8, Sum: 80.8]
      [Code Root Scanning (ms): Min: 0.0, Avg: 0.0, Max: 0.0, Diff: 0.0, Sum: 0.1]
      [Object Copy (ms): Min: 47.6, Avg: 47.9, Max: 48.1, Diff: 0.5, Sum: 1436.6]
      [Termination (ms): Min: 0.0, Avg: 0.1, Max: 0.1, Diff: 0.1, Sum: 2.5]
         [Termination Attempts: Min: 1, Avg: 32.9, Max: 39, Diff: 38, Sum: 988]
      [GC Worker Other (ms): Min: 0.0, Avg: 0.2, Max: 0.3, Diff: 0.3, Sum: 4.6]
      [GC Worker Total (ms): Min: 69.7, Avg: 70.2, Max: 70.6, Diff: 0.9, Sum: 2106.6]
      [GC Worker End (ms): Min: 149693.9, Avg: 149694.0, Max: 149694.2, Diff: 0.3]
   [Code Root Fixup: 0.0 ms]
   [Code Root Purge: 0.0 ms]
   [Clear CT: 0.9 ms]
   [Other: 3.3 ms]
      [Choose CSet: 0.0 ms]
      [Ref Proc: 0.5 ms]
      [Ref Enq: 0.0 ms]
      [Redirty Cards: 0.9 ms]
      [Humongous Register: 0.1 ms]
      [Humongous Reclaim: 0.0 ms]
      [Free CSet: 1.4 ms]
   [Eden: 4560.0M(4560.0M)->0.0B(4572.0M) Survivors: 352.0M->340.0M Heap: 6744.0M(8192.0M)->2308.0M(8192.0M)]
 [Times: user=2.15 sys=0.00, real=0.08 secs] 
2018-10-15T09:27:53.112+0200: 149.698: Total time for which application threads were stopped: 0.0761419 seconds, Stopping threads took: 0.0005917 seconds
2018-10-15T09:27:53.592+0200: 150.178: Application time: 0.4799663 seconds
2018-10-15T09:27:53.593+0200: 150.179: [GC pause (G1 Evacuation Pause) (young)
Desired survivor size 322961408 bytes, new threshold 3 (max 15)
- age   1:  112707000 bytes,  112707000 total
- age   2:  105611792 bytes,  218318792 total
- age   3:  110216800 bytes,  328535592 total
, 0.0724356 secs]
   [Parallel Time: 68.1 ms, GC Workers: 30]
      [GC Worker Start (ms): Min: 150179.7, Avg: 150180.5, Max: 150181.2, Diff: 1.5]
      [Ext Root Scanning (ms): Min: 0.0, Avg: 0.3, Max: 1.8, Diff: 1.8, Sum: 10.2]
      [Update RS (ms): Min: 21.5, Avg: 22.2, Max: 22.7, Diff: 1.2, Sum: 665.6]
         [Processed Buffers: Min: 20, Avg: 24.1, Max: 31, Diff: 11, Sum: 724]
      [Scan RS (ms): Min: 1.4, Avg: 1.8, Max: 1.9, Diff: 0.5, Sum: 52.6]
      [Code Root Scanning (ms): Min: 0.0, Avg: 0.0, Max: 0.0, Diff: 0.0, Sum: 0.0]
      [Object Copy (ms): Min: 42.4, Avg: 42.5, Max: 42.6, Diff: 0.2, Sum: 1275.3]
      [Termination (ms): Min: 0.0, Avg: 0.1, Max: 0.2, Diff: 0.2, Sum: 2.7]
         [Termination Attempts: Min: 1, Avg: 5.6, Max: 9, Diff: 8, Sum: 167]
      [GC Worker Other (ms): Min: 0.0, Avg: 0.1, Max: 0.2, Diff: 0.2, Sum: 3.5]
      [GC Worker Total (ms): Min: 66.2, Avg: 67.0, Max: 67.9, Diff: 1.7, Sum: 2009.9]
      [GC Worker End (ms): Min: 150247.4, Avg: 150247.5, Max: 150247.6, Diff: 0.2]
   [Code Root Fixup: 0.0 ms]
   [Code Root Purge: 0.0 ms]
   [Clear CT: 1.0 ms]
   [Other: 3.3 ms]
      [Choose CSet: 0.0 ms]
      [Ref Proc: 0.5 ms]
      [Ref Enq: 0.0 ms]
      [Redirty Cards: 0.9 ms]
      [Humongous Register: 0.1 ms]
      [Humongous Reclaim: 0.0 ms]
      [Free CSet: 1.3 ms]
   [Eden: 4572.0M(4572.0M)->0.0B(4544.0M) Survivors: 340.0M->348.0M Heap: 6880.0M(8192.0M)->2447.0M(8192.0M)]
 [Times: user=2.04 sys=0.00, real=0.07 secs] 
2018-10-15T09:27:53.666+0200: 150.252: Total time for which application threads were stopped: 0.0736834 seconds, Stopping threads took: 0.0005694 seconds
2018-10-15T09:27:54.128+0200: 150.714: Application time: 0.4622394 seconds
2018-10-15T09:27:54.133+0200: 150.719: [GC pause (G1 Evacuation Pause) (young)
Desired survivor size 320864256 bytes, new threshold 3 (max 15)
- age   1:  120882032 bytes,  120882032 total
- age   2:  104601320 bytes,  225483352 total
- age   3:  103943744 bytes,  329427096 total
, 0.0867681 secs]
   [Parallel Time: 82.9 ms, GC Workers: 30]
      [GC Worker Start (ms): Min: 150719.2, Avg: 150720.0, Max: 150720.8, Diff: 1.5]
      [Ext Root Scanning (ms): Min: 0.0, Avg: 0.3, Max: 1.8, Diff: 1.8, Sum: 10.2]
      [Update RS (ms): Min: 19.5, Avg: 20.1, Max: 21.0, Diff: 1.5, Sum: 602.5]
         [Processed Buffers: Min: 17, Avg: 22.0, Max: 30, Diff: 13, Sum: 659]
      [Scan RS (ms): Min: 0.9, Avg: 1.7, Max: 2.0, Diff: 1.0, Sum: 50.4]
      [Code Root Scanning (ms): Min: 0.0, Avg: 0.0, Max: 0.0, Diff: 0.0, Sum: 0.0]
      [Object Copy (ms): Min: 58.5, Avg: 58.7, Max: 59.6, Diff: 1.1, Sum: 1759.5]
      [Termination (ms): Min: 0.0, Avg: 1.0, Max: 1.1, Diff: 1.1, Sum: 29.5]
         [Termination Attempts: Min: 1, Avg: 549.5, Max: 597, Diff: 596, Sum: 16485]
      [GC Worker Other (ms): Min: 0.0, Avg: 0.1, Max: 0.3, Diff: 0.2, Sum: 4.1]
      [GC Worker Total (ms): Min: 81.1, Avg: 81.9, Max: 82.8, Diff: 1.7, Sum: 2456.4]
      [GC Worker End (ms): Min: 150801.8, Avg: 150801.9, Max: 150802.0, Diff: 0.2]
   [Code Root Fixup: 0.0 ms]
   [Code Root Purge: 0.0 ms]
   [Clear CT: 0.8 ms]
   [Other: 3.1 ms]
      [Choose CSet: 0.0 ms]
      [Ref Proc: 0.5 ms]
      [Ref Enq: 0.0 ms]
      [Redirty Cards: 0.7 ms]
      [Humongous Register: 0.1 ms]
      [Humongous Reclaim: 0.0 ms]
      [Free CSet: 1.3 ms]
   [Eden: 4544.0M(4544.0M)->0.0B(4424.0M) Survivors: 348.0M->344.0M Heap: 6991.0M(8192.0M)->2576.0M(8192.0M)]
 [Times: user=2.49 sys=0.00, real=0.08 secs] 
2018-10-15T09:27:54.220+0200: 150.806: Total time for which application threads were stopped: 0.0915747 seconds, Stopping threads took: 0.0040801 seconds
2018-10-15T09:27:54.690+0200: 151.276: Application time: 0.4700561 seconds
2018-10-15T09:27:54.691+0200: 151.277: [GC pause (G1 Evacuation Pause) (young)
Desired survivor size 312475648 bytes, new threshold 3 (max 15)
- age   1:  108724288 bytes,  108724288 total
- age   2:  112760592 bytes,  221484880 total
- age   3:  103842712 bytes,  325327592 total
, 0.0721750 secs]
   [Parallel Time: 68.0 ms, GC Workers: 30]
      [GC Worker Start (ms): Min: 151277.2, Avg: 151278.0, Max: 151278.6, Diff: 1.4]
      [Ext Root Scanning (ms): Min: 0.0, Avg: 0.4, Max: 1.8, Diff: 1.8, Sum: 10.9]
      [Update RS (ms): Min: 16.6, Avg: 17.4, Max: 17.8, Diff: 1.2, Sum: 522.8]
         [Processed Buffers: Min: 16, Avg: 19.8, Max: 27, Diff: 11, Sum: 593]
      [Scan RS (ms): Min: 1.3, Avg: 1.6, Max: 1.8, Diff: 0.4, Sum: 48.4]
      [Code Root Scanning (ms): Min: 0.0, Avg: 0.0, Max: 0.0, Diff: 0.0, Sum: 0.0]
      [Object Copy (ms): Min: 47.3, Avg: 47.4, Max: 47.5, Diff: 0.2, Sum: 1421.1]
      [Termination (ms): Min: 0.0, Avg: 0.1, Max: 0.2, Diff: 0.1, Sum: 2.2]
         [Termination Attempts: Min: 3, Avg: 6.3, Max: 10, Diff: 7, Sum: 189]
      [GC Worker Other (ms): Min: 0.0, Avg: 0.1, Max: 0.3, Diff: 0.3, Sum: 3.9]
      [GC Worker Total (ms): Min: 66.3, Avg: 67.0, Max: 67.9, Diff: 1.5, Sum: 2009.4]
      [GC Worker End (ms): Min: 151344.8, Avg: 151345.0, Max: 151345.1, Diff: 0.2]
   [Code Root Fixup: 0.0 ms]
   [Code Root Purge: 0.0 ms]
   [Clear CT: 1.0 ms]
   [Other: 3.2 ms]
      [Choose CSet: 0.0 ms]
      [Ref Proc: 0.4 ms]
      [Ref Enq: 0.0 ms]
      [Redirty Cards: 0.7 ms]
      [Humongous Register: 0.1 ms]
      [Humongous Reclaim: 0.0 ms]
      [Free CSet: 1.5 ms]
   [Eden: 4424.0M(4424.0M)->0.0B(4276.0M) Survivors: 344.0M->352.0M Heap: 7000.0M(8192.0M)->2716.0M(8192.0M)]
 [Times: user=2.03 sys=0.01, real=0.07 secs] 
2018-10-15T09:27:54.763+0200: 151.349: Total time for which application threads were stopped: 0.0734597 seconds, Stopping threads took: 0.0005641 seconds
2018-10-15T09:27:55.207+0200: 151.793: Application time: 0.4437295 seconds
2018-10-15T09:27:55.208+0200: 151.794: [GC pause (G1 Evacuation Pause) (young)
Desired survivor size 304087040 bytes, new threshold 3 (max 15)
- age   1:  125915544 bytes,  125915544 total
- age   2:   97634032 bytes,  223549576 total
- age   3:  111694000 bytes,  335243576 total
, 0.0714265 secs]
   [Parallel Time: 67.2 ms, GC Workers: 30]
      [GC Worker Start (ms): Min: 151794.5, Avg: 151794.9, Max: 151795.5, Diff: 1.0]
      [Ext Root Scanning (ms): Min: 0.0, Avg: 0.4, Max: 1.8, Diff: 1.8, Sum: 11.6]
      [Update RS (ms): Min: 17.9, Avg: 18.9, Max: 19.4, Diff: 1.5, Sum: 568.2]
         [Processed Buffers: Min: 18, Avg: 21.7, Max: 27, Diff: 9, Sum: 651]
      [Scan RS (ms): Min: 1.6, Avg: 1.9, Max: 2.0, Diff: 0.4, Sum: 56.0]
      [Code Root Scanning (ms): Min: 0.0, Avg: 0.0, Max: 0.0, Diff: 0.0, Sum: 0.0]
      [Object Copy (ms): Min: 45.0, Avg: 45.1, Max: 45.2, Diff: 0.2, Sum: 1352.2]
      [Termination (ms): Min: 0.0, Avg: 0.0, Max: 0.0, Diff: 0.0, Sum: 0.4]
         [Termination Attempts: Min: 1, Avg: 1.8, Max: 3, Diff: 2, Sum: 55]
      [GC Worker Other (ms): Min: 0.0, Avg: 0.1, Max: 0.3, Diff: 0.2, Sum: 4.0]
      [GC Worker Total (ms): Min: 65.8, Avg: 66.4, Max: 66.8, Diff: 1.1, Sum: 1992.5]
      [GC Worker End (ms): Min: 151861.2, Avg: 151861.3, Max: 151861.5, Diff: 0.2]
   [Code Root Fixup: 0.0 ms]
   [Code Root Purge: 0.0 ms]
   [Clear CT: 1.0 ms]
   [Other: 3.3 ms]
      [Choose CSet: 0.0 ms]
      [Ref Proc: 0.5 ms]
      [Ref Enq: 0.0 ms]
      [Redirty Cards: 0.9 ms]
      [Humongous Register: 0.1 ms]
      [Humongous Reclaim: 0.0 ms]
      [Free CSet: 1.4 ms]
   [Eden: 4276.0M(4276.0M)->0.0B(4148.0M) Survivors: 352.0M->344.0M Heap: 6992.0M(8192.0M)->2848.0M(8192.0M)]
 [Times: user=2.03 sys=0.00, real=0.07 secs] 
2018-10-15T09:27:55.280+0200: 151.866: Total time for which application threads were stopped: 0.0727715 seconds, Stopping threads took: 0.0006349 seconds
2018-10-15T09:27:55.701+0200: 152.287: Application time: 0.4210776 seconds
2018-10-15T09:27:55.702+0200: 152.288: [GC pause (G1 Evacuation Pause) (young)
Desired survivor size 295698432 bytes, new threshold 3 (max 15)
- age   1:  108129792 bytes,  108129792 total
- age   2:  117744136 bytes,  225873928 total
- age   3:   96054448 bytes,  321928376 total
, 0.0699237 secs]
   [Parallel Time: 65.7 ms, GC Workers: 30]
      [GC Worker Start (ms): Min: 152288.3, Avg: 152288.7, Max: 152289.3, Diff: 0.9]
      [Ext Root Scanning (ms): Min: 0.0, Avg: 0.4, Max: 1.8, Diff: 1.8, Sum: 12.7]
      [Update RS (ms): Min: 20.8, Avg: 21.2, Max: 21.5, Diff: 0.7, Sum: 634.6]
         [Processed Buffers: Min: 19, Avg: 23.7, Max: 36, Diff: 17, Sum: 710]
      [Scan RS (ms): Min: 0.6, Avg: 1.4, Max: 1.7, Diff: 1.1, Sum: 41.7]
      [Code Root Scanning (ms): Min: 0.0, Avg: 0.0, Max: 0.0, Diff: 0.0, Sum: 0.0]
      [Object Copy (ms): Min: 41.9, Avg: 42.0, Max: 42.1, Diff: 0.2, Sum: 1260.3]
      [Termination (ms): Min: 0.0, Avg: 0.1, Max: 0.2, Diff: 0.2, Sum: 3.0]
         [Termination Attempts: Min: 1, Avg: 4.8, Max: 11, Diff: 10, Sum: 145]
      [GC Worker Other (ms): Min: 0.0, Avg: 0.1, Max: 0.2, Diff: 0.2, Sum: 3.3]
      [GC Worker Total (ms): Min: 64.6, Avg: 65.2, Max: 65.6, Diff: 1.0, Sum: 1955.6]
      [GC Worker End (ms): Min: 152353.8, Avg: 152353.9, Max: 152354.0, Diff: 0.2]
   [Code Root Fixup: 0.0 ms]
   [Code Root Purge: 0.0 ms]
   [Clear CT: 1.0 ms]
   [Other: 3.2 ms]
      [Choose CSet: 0.0 ms]
      [Ref Proc: 0.5 ms]
      [Ref Enq: 0.0 ms]
      [Redirty Cards: 0.8 ms]
      [Humongous Register: 0.1 ms]
      [Humongous Reclaim: 0.0 ms]
      [Free CSet: 1.3 ms]
   [Eden: 4148.0M(4148.0M)->0.0B(4024.0M) Survivors: 344.0M->344.0M Heap: 6996.0M(8192.0M)->2974.0M(8192.0M)]
 [Times: user=1.98 sys=0.00, real=0.08 secs] 
2018-10-15T09:27:55.772+0200: 152.358: Total time for which application threads were stopped: 0.0712003 seconds, Stopping threads took: 0.0005739 seconds
2018-10-15T09:27:56.197+0200: 152.783: Application time: 0.4245513 seconds
2018-10-15T09:27:56.202+0200: 152.788: [GC pause (G1 Evacuation Pause) (young)
Desired survivor size 287309824 bytes, new threshold 3 (max 15)
- age   1:  105701824 bytes,  105701824 total
- age   2:   99865240 bytes,  205567064 total
- age   3:  116195344 bytes,  321762408 total
, 0.0680752 secs]
   [Parallel Time: 64.3 ms, GC Workers: 30]
      [GC Worker Start (ms): Min: 152787.9, Avg: 152788.6, Max: 152789.4, Diff: 1.4]
      [Ext Root Scanning (ms): Min: 0.0, Avg: 0.3, Max: 1.9, Diff: 1.9, Sum: 10.3]
      [Update RS (ms): Min: 18.4, Avg: 19.4, Max: 19.8, Diff: 1.4, Sum: 582.0]
         [Processed Buffers: Min: 17, Avg: 21.3, Max: 27, Diff: 10, Sum: 640]
      [Scan RS (ms): Min: 1.3, Avg: 1.5, Max: 1.7, Diff: 0.4, Sum: 46.2]
      [Code Root Scanning (ms): Min: 0.0, Avg: 0.0, Max: 0.0, Diff: 0.0, Sum: 0.0]
      [Object Copy (ms): Min: 41.9, Avg: 42.0, Max: 42.1, Diff: 0.2, Sum: 1260.0]
      [Termination (ms): Min: 0.0, Avg: 0.1, Max: 0.2, Diff: 0.1, Sum: 2.9]
         [Termination Attempts: Min: 2, Avg: 6.9, Max: 14, Diff: 12, Sum: 208]
      [GC Worker Other (ms): Min: 0.0, Avg: 0.1, Max: 0.2, Diff: 0.2, Sum: 3.2]
      [GC Worker Total (ms): Min: 62.8, Avg: 63.5, Max: 64.2, Diff: 1.4, Sum: 1904.6]
      [GC Worker End (ms): Min: 152852.0, Avg: 152852.1, Max: 152852.2, Diff: 0.2]
   [Code Root Fixup: 0.0 ms]
   [Code Root Purge: 0.0 ms]
   [Clear CT: 0.7 ms]
   [Other: 3.0 ms]
      [Choose CSet: 0.0 ms]
      [Ref Proc: 0.4 ms]
      [Ref Enq: 0.0 ms]
      [Redirty Cards: 0.8 ms]
      [Humongous Register: 0.1 ms]
      [Humongous Reclaim: 0.0 ms]
      [Free CSet: 1.2 ms]
   [Eden: 4024.0M(4024.0M)->0.0B(3944.0M) Survivors: 344.0M->316.0M Heap: 6998.0M(8192.0M)->3084.0M(8192.0M)]
 [Times: user=1.93 sys=0.00, real=0.07 secs] 
2018-10-15T09:27:56.270+0200: 152.856: Total time for which application threads were stopped: 0.0732176 seconds, Stopping threads took: 0.0044434 seconds
2018-10-15T09:27:56.687+0200: 153.274: Application time: 0.4176531 seconds
2018-10-15T09:27:56.689+0200: 153.275: [GC pause (G1 Evacuation Pause) (young)
Desired survivor size 281018368 bytes, new threshold 3 (max 15)
- age   1:  101531232 bytes,  101531232 total
- age   2:   99158448 bytes,  200689680 total
- age   3:   99015472 bytes,  299705152 total
, 0.0685814 secs]
   [Parallel Time: 64.3 ms, GC Workers: 30]
      [GC Worker Start (ms): Min: 153274.9, Avg: 153275.3, Max: 153275.9, Diff: 1.0]
      [Ext Root Scanning (ms): Min: 0.0, Avg: 0.4, Max: 1.9, Diff: 1.8, Sum: 13.5]
      [Update RS (ms): Min: 19.2, Avg: 20.3, Max: 20.8, Diff: 1.7, Sum: 609.0]
         [Processed Buffers: Min: 20, Avg: 23.5, Max: 30, Diff: 10, Sum: 705]
      [Scan RS (ms): Min: 1.5, Avg: 1.9, Max: 2.1, Diff: 0.7, Sum: 56.8]
      [Code Root Scanning (ms): Min: 0.0, Avg: 0.0, Max: 0.0, Diff: 0.0, Sum: 0.0]
      [Object Copy (ms): Min: 40.6, Avg: 40.9, Max: 41.0, Diff: 0.4, Sum: 1226.2]
      [Termination (ms): Min: 0.0, Avg: 0.1, Max: 0.2, Diff: 0.2, Sum: 1.9]
         [Termination Attempts: Min: 2, Avg: 6.3, Max: 9, Diff: 7, Sum: 190]
      [GC Worker Other (ms): Min: 0.0, Avg: 0.1, Max: 0.3, Diff: 0.2, Sum: 4.0]
      [GC Worker Total (ms): Min: 63.0, Avg: 63.7, Max: 64.1, Diff: 1.1, Sum: 1911.4]
      [GC Worker End (ms): Min: 153338.9, Avg: 153339.0, Max: 153339.1, Diff: 0.2]
   [Code Root Fixup: 0.0 ms]
   [Code Root Purge: 0.0 ms]
   [Clear CT: 0.9 ms]
   [Other: 3.3 ms]
      [Choose CSet: 0.0 ms]
      [Ref Proc: 0.4 ms]
      [Ref Enq: 0.0 ms]
      [Redirty Cards: 0.7 ms]
      [Humongous Register: 0.1 ms]
      [Humongous Reclaim: 0.1 ms]
      [Free CSet: 1.6 ms]
   [Eden: 3944.0M(3944.0M)->0.0B(3824.0M) Survivors: 316.0M->316.0M Heap: 7028.0M(8192.0M)->3204.0M(8192.0M)]
 [Times: user=1.94 sys=0.00, real=0.07 secs] 
2018-10-15T09:27:56.757+0200: 153.343: Total time for which application threads were stopped: 0.0699067 seconds, Stopping threads took: 0.0005752 seconds
2018-10-15T09:27:57.160+0200: 153.746: Application time: 0.4021633 seconds
2018-10-15T09:27:57.161+0200: 153.747: [GC pause (G1 Evacuation Pause) (young)
Desired survivor size 272629760 bytes, new threshold 3 (max 15)
- age   1:  105171184 bytes,  105171184 total
- age   2:   91965416 bytes,  197136600 total
- age   3:   98054104 bytes,  295190704 total
, 0.0676206 secs]
   [Parallel Time: 63.8 ms, GC Workers: 30]
      [GC Worker Start (ms): Min: 153747.0, Avg: 153748.0, Max: 153748.8, Diff: 1.7]
      [Ext Root Scanning (ms): Min: 0.0, Avg: 0.3, Max: 1.8, Diff: 1.8, Sum: 10.0]
      [Update RS (ms): Min: 17.9, Avg: 18.5, Max: 19.0, Diff: 1.1, Sum: 555.9]
         [Processed Buffers: Min: 17, Avg: 21.2, Max: 27, Diff: 10, Sum: 636]
      [Scan RS (ms): Min: 1.8, Avg: 2.1, Max: 2.3, Diff: 0.5, Sum: 62.6]
      [Code Root Scanning (ms): Min: 0.0, Avg: 0.0, Max: 0.0, Diff: 0.0, Sum: 0.0]
      [Object Copy (ms): Min: 41.5, Avg: 41.6, Max: 41.7, Diff: 0.2, Sum: 1247.7]
      [Termination (ms): Min: 0.0, Avg: 0.0, Max: 0.0, Diff: 0.0, Sum: 0.2]
         [Termination Attempts: Min: 1, Avg: 1.4, Max: 2, Diff: 1, Sum: 43]
      [GC Worker Other (ms): Min: 0.0, Avg: 0.1, Max: 0.2, Diff: 0.2, Sum: 3.7]
      [GC Worker Total (ms): Min: 61.8, Avg: 62.7, Max: 63.7, Diff: 1.9, Sum: 1880.1]
      [GC Worker End (ms): Min: 153810.5, Avg: 153810.6, Max: 153810.7, Diff: 0.2]
   [Code Root Fixup: 0.0 ms]
   [Code Root Purge: 0.0 ms]
   [Clear CT: 0.7 ms]
   [Other: 3.1 ms]
      [Choose CSet: 0.0 ms]
      [Ref Proc: 0.5 ms]
      [Ref Enq: 0.0 ms]
      [Redirty Cards: 0.8 ms]
      [Humongous Register: 0.1 ms]
      [Humongous Reclaim: 0.0 ms]
      [Free CSet: 1.2 ms]
   [Eden: 3824.0M(3824.0M)->0.0B(3700.0M) Survivors: 316.0M->316.0M Heap: 7028.0M(8192.0M)->3326.3M(8192.0M)]
 [Times: user=1.91 sys=0.00, real=0.07 secs] 
2018-10-15T09:27:57.228+0200: 153.815: Total time for which application threads were stopped: 0.0689053 seconds, Stopping threads took: 0.0005721 seconds
2018-10-15T09:27:57.613+0200: 154.199: Application time: 0.3842385 seconds
2018-10-15T09:27:57.614+0200: 154.200: [GC pause (G1 Evacuation Pause) (young)
Desired survivor size 264241152 bytes, new threshold 3 (max 15)
- age   1:  112255408 bytes,  112255408 total
- age   2:   98715352 bytes,  210970760 total
- age   3:   91175048 bytes,  302145808 total
, 0.0664018 secs]
   [Parallel Time: 62.6 ms, GC Workers: 30]
      [GC Worker Start (ms): Min: 154200.2, Avg: 154200.8, Max: 154201.6, Diff: 1.4]
      [Ext Root Scanning (ms): Min: 0.0, Avg: 0.3, Max: 1.8, Diff: 1.8, Sum: 10.0]
      [Update RS (ms): Min: 19.8, Avg: 20.7, Max: 21.4, Diff: 1.6, Sum: 621.6]
         [Processed Buffers: Min: 18, Avg: 23.2, Max: 31, Diff: 13, Sum: 696]
      [Scan RS (ms): Min: 0.8, Avg: 1.4, Max: 1.5, Diff: 0.7, Sum: 41.2]
      [Code Root Scanning (ms): Min: 0.0, Avg: 0.0, Max: 0.0, Diff: 0.0, Sum: 0.0]
      [Object Copy (ms): Min: 38.9, Avg: 39.1, Max: 39.2, Diff: 0.2, Sum: 1172.8]
      [Termination (ms): Min: 0.0, Avg: 0.1, Max: 0.2, Diff: 0.2, Sum: 2.8]
         [Termination Attempts: Min: 1, Avg: 5.1, Max: 9, Diff: 8, Sum: 154]
      [GC Worker Other (ms): Min: 0.0, Avg: 0.1, Max: 0.2, Diff: 0.2, Sum: 3.1]
      [GC Worker Total (ms): Min: 61.0, Avg: 61.7, Max: 62.4, Diff: 1.4, Sum: 1851.6]
      [GC Worker End (ms): Min: 154262.4, Avg: 154262.5, Max: 154262.7, Diff: 0.2]
   [Code Root Fixup: 0.0 ms]
   [Code Root Purge: 0.0 ms]
   [Clear CT: 0.9 ms]
   [Other: 2.9 ms]
      [Choose CSet: 0.0 ms]
      [Ref Proc: 0.4 ms]
      [Ref Enq: 0.0 ms]
      [Redirty Cards: 0.7 ms]
      [Humongous Register: 0.2 ms]
      [Humongous Reclaim: 0.0 ms]
      [Free CSet: 1.2 ms]
   [Eden: 3700.0M(3700.0M)->0.0B(3572.0M) Survivors: 316.0M->320.0M Heap: 7026.3M(8192.0M)->3448.0M(8192.0M)]
 [Times: user=1.89 sys=0.00, real=0.06 secs] 
2018-10-15T09:27:57.680+0200: 154.266: Total time for which application threads were stopped: 0.0676542 seconds, Stopping threads took: 0.0005693 seconds
2018-10-15T09:27:58.047+0200: 154.633: Application time: 0.3661700 seconds
2018-10-15T09:27:58.048+0200: 154.634: [GC pause (G1 Evacuation Pause) (young)
Desired survivor size 255852544 bytes, new threshold 3 (max 15)
- age   1:  101738816 bytes,  101738816 total
- age   2:  103754144 bytes,  205492960 total
- age   3:   97607320 bytes,  303100280 total
, 0.0690902 secs]
   [Parallel Time: 65.2 ms, GC Workers: 30]
      [GC Worker Start (ms): Min: 154634.0, Avg: 154634.6, Max: 154635.2, Diff: 1.3]
      [Ext Root Scanning (ms): Min: 0.0, Avg: 0.3, Max: 1.7, Diff: 1.7, Sum: 10.2]
      [Update RS (ms): Min: 17.9, Avg: 18.5, Max: 18.9, Diff: 0.9, Sum: 556.1]
         [Processed Buffers: Min: 16, Avg: 21.1, Max: 27, Diff: 11, Sum: 633]
      [Scan RS (ms): Min: 1.5, Avg: 1.8, Max: 1.9, Diff: 0.4, Sum: 53.1]
      [Code Root Scanning (ms): Min: 0.0, Avg: 0.0, Max: 0.0, Diff: 0.0, Sum: 0.0]
      [Object Copy (ms): Min: 43.4, Avg: 43.5, Max: 43.6, Diff: 0.2, Sum: 1304.7]
      [Termination (ms): Min: 0.0, Avg: 0.0, Max: 0.1, Diff: 0.1, Sum: 1.5]
         [Termination Attempts: Min: 1, Avg: 29.0, Max: 39, Diff: 38, Sum: 869]
      [GC Worker Other (ms): Min: 0.0, Avg: 0.1, Max: 0.3, Diff: 0.2, Sum: 3.9]
      [GC Worker Total (ms): Min: 63.5, Avg: 64.3, Max: 65.0, Diff: 1.4, Sum: 1929.4]
      [GC Worker End (ms): Min: 154698.8, Avg: 154698.9, Max: 154699.0, Diff: 0.2]
   [Code Root Fixup: 0.0 ms]
   [Code Root Purge: 0.0 ms]
   [Clear CT: 0.8 ms]
   [Other: 3.0 ms]
      [Choose CSet: 0.0 ms]
      [Ref Proc: 0.4 ms]
      [Ref Enq: 0.0 ms]
      [Redirty Cards: 0.8 ms]
      [Humongous Register: 0.1 ms]
      [Humongous Reclaim: 0.1 ms]
      [Free CSet: 1.2 ms]
   [Eden: 3572.0M(3572.0M)->0.0B(3456.0M) Survivors: 320.0M->316.0M Heap: 7020.0M(8192.0M)->3572.0M(8192.0M)]
 [Times: user=1.95 sys=0.00, real=0.07 secs] 
2018-10-15T09:27:58.117+0200: 154.703: Total time for which application threads were stopped: 0.0703332 seconds, Stopping threads took: 0.0005573 seconds
2018-10-15T09:27:58.467+0200: 155.053: Application time: 0.3504860 seconds
2018-10-15T09:27:58.468+0200: 155.054: [GC pause (G1 Evacuation Pause) (young)
Desired survivor size 247463936 bytes, new threshold 3 (max 15)
- age   1:  101059888 bytes,  101059888 total
- age   2:   93384224 bytes,  194444112 total
- age   3:  102928552 bytes,  297372664 total
, 0.0731130 secs]
   [Parallel Time: 69.5 ms, GC Workers: 30]
      [GC Worker Start (ms): Min: 155054.8, Avg: 155055.6, Max: 155056.4, Diff: 1.6]
      [Ext Root Scanning (ms): Min: 0.0, Avg: 0.3, Max: 1.8, Diff: 1.7, Sum: 9.9]
      [Update RS (ms): Min: 19.4, Avg: 20.0, Max: 20.6, Diff: 1.1, Sum: 599.3]
         [Processed Buffers: Min: 18, Avg: 23.1, Max: 28, Diff: 10, Sum: 693]
      [Scan RS (ms): Min: 2.1, Avg: 2.4, Max: 2.6, Diff: 0.5, Sum: 71.1]
      [Code Root Scanning (ms): Min: 0.0, Avg: 0.0, Max: 0.0, Diff: 0.0, Sum: 0.0]
      [Object Copy (ms): Min: 45.4, Avg: 45.5, Max: 45.6, Diff: 0.2, Sum: 1364.0]
      [Termination (ms): Min: 0.0, Avg: 0.1, Max: 0.1, Diff: 0.1, Sum: 2.4]
         [Termination Attempts: Min: 1, Avg: 52.7, Max: 68, Diff: 67, Sum: 1582]
      [GC Worker Other (ms): Min: 0.0, Avg: 0.1, Max: 0.2, Diff: 0.2, Sum: 3.8]
      [GC Worker Total (ms): Min: 67.6, Avg: 68.3, Max: 69.1, Diff: 1.5, Sum: 2050.5]
      [GC Worker End (ms): Min: 155123.9, Avg: 155124.0, Max: 155124.1, Diff: 0.2]
   [Code Root Fixup: 0.0 ms]
   [Code Root Purge: 0.0 ms]
   [Clear CT: 0.8 ms]
   [Other: 2.8 ms]
      [Choose CSet: 0.0 ms]
      [Ref Proc: 0.3 ms]
      [Ref Enq: 0.0 ms]
      [Redirty Cards: 0.8 ms]
      [Humongous Register: 0.1 ms]
      [Humongous Reclaim: 0.0 ms]
      [Free CSet: 1.1 ms]
   [Eden: 3456.0M(3456.0M)->0.0B(3368.0M) Survivors: 316.0M->296.0M Heap: 7028.0M(8192.0M)->3676.0M(8192.0M)]
 [Times: user=2.08 sys=0.00, real=0.07 secs] 
2018-10-15T09:27:58.542+0200: 155.128: Total time for which application threads were stopped: 0.0744029 seconds, Stopping threads took: 0.0005925 seconds
2018-10-15T09:27:58.893+0200: 155.479: Application time: 0.3511044 seconds
2018-10-15T09:27:58.894+0200: 155.480: [GC pause (G1 Evacuation Pause) (young)
Desired survivor size 241172480 bytes, new threshold 3 (max 15)
- age   1:   91159968 bytes,   91159968 total
- age   2:   93715800 bytes,  184875768 total
- age   3:   92869096 bytes,  277744864 total
, 0.0687817 secs]
   [Parallel Time: 65.0 ms, GC Workers: 30]
      [GC Worker Start (ms): Min: 155480.3, Avg: 155481.1, Max: 155481.8, Diff: 1.6]
      [Ext Root Scanning (ms): Min: 0.0, Avg: 0.3, Max: 1.9, Diff: 1.8, Sum: 9.1]
      [Update RS (ms): Min: 20.8, Avg: 21.7, Max: 22.1, Diff: 1.3, Sum: 649.9]
         [Processed Buffers: Min: 21, Avg: 25.0, Max: 32, Diff: 11, Sum: 751]
      [Scan RS (ms): Min: 1.7, Avg: 2.0, Max: 2.2, Diff: 0.4, Sum: 60.1]
      [Code Root Scanning (ms): Min: 0.0, Avg: 0.0, Max: 0.0, Diff: 0.0, Sum: 0.0]
      [Object Copy (ms): Min: 39.7, Avg: 39.8, Max: 39.9, Diff: 0.2, Sum: 1195.0]
      [Termination (ms): Min: 0.1, Avg: 0.1, Max: 0.2, Diff: 0.1, Sum: 3.5]
         [Termination Attempts: Min: 6, Avg: 17.6, Max: 25, Diff: 19, Sum: 529]
      [GC Worker Other (ms): Min: 0.0, Avg: 0.1, Max: 0.2, Diff: 0.2, Sum: 3.2]
      [GC Worker Total (ms): Min: 63.2, Avg: 64.0, Max: 64.9, Diff: 1.7, Sum: 1920.8]
      [GC Worker End (ms): Min: 155545.0, Avg: 155545.1, Max: 155545.2, Diff: 0.2]
   [Code Root Fixup: 0.0 ms]
   [Code Root Purge: 0.0 ms]
   [Clear CT: 0.8 ms]
   [Other: 2.9 ms]
      [Choose CSet: 0.0 ms]
      [Ref Proc: 0.4 ms]
      [Ref Enq: 0.0 ms]
      [Redirty Cards: 0.8 ms]
      [Humongous Register: 0.1 ms]
      [Humongous Reclaim: 0.0 ms]
      [Free CSet: 1.1 ms]
   [Eden: 3368.0M(3368.0M)->0.0B(3256.0M) Survivors: 296.0M->292.0M Heap: 7044.0M(8192.0M)->3792.5M(8192.0M)]
 [Times: user=1.95 sys=0.01, real=0.06 secs] 
2018-10-15T09:27:58.963+0200: 155.549: Total time for which application threads were stopped: 0.0699981 seconds, Stopping threads took: 0.0005151 seconds
2018-10-15T09:27:59.313+0200: 155.899: Application time: 0.3497320 seconds
2018-10-15T09:27:59.314+0200: 155.900: [GC pause (G1 Evacuation Pause) (young)
Desired survivor size 232783872 bytes, new threshold 3 (max 15)
- age   1:   83329768 bytes,   83329768 total
- age   2:   84901160 bytes,  168230928 total
- age   3:   92704368 bytes,  260935296 total
, 0.0635913 secs]
   [Parallel Time: 60.0 ms, GC Workers: 30]
      [GC Worker Start (ms): Min: 155900.0, Avg: 155900.6, Max: 155901.3, Diff: 1.3]
      [Ext Root Scanning (ms): Min: 0.0, Avg: 0.4, Max: 1.9, Diff: 1.9, Sum: 11.0]
      [Update RS (ms): Min: 19.3, Avg: 20.0, Max: 20.5, Diff: 1.3, Sum: 599.7]
         [Processed Buffers: Min: 18, Avg: 22.6, Max: 29, Diff: 11, Sum: 678]
      [Scan RS (ms): Min: 1.4, Avg: 1.8, Max: 2.1, Diff: 0.7, Sum: 55.0]
      [Code Root Scanning (ms): Min: 0.0, Avg: 0.0, Max: 0.0, Diff: 0.0, Sum: 0.0]
      [Object Copy (ms): Min: 36.6, Avg: 36.7, Max: 36.9, Diff: 0.3, Sum: 1101.2]
      [Termination (ms): Min: 0.0, Avg: 0.1, Max: 0.2, Diff: 0.1, Sum: 2.6]
         [Termination Attempts: Min: 1, Avg: 4.8, Max: 10, Diff: 9, Sum: 145]
      [GC Worker Other (ms): Min: 0.0, Avg: 0.1, Max: 0.2, Diff: 0.2, Sum: 2.9]
      [GC Worker Total (ms): Min: 58.3, Avg: 59.1, Max: 59.7, Diff: 1.4, Sum: 1772.3]
      [GC Worker End (ms): Min: 155959.6, Avg: 155959.7, Max: 155959.8, Diff: 0.2]
   [Code Root Fixup: 0.0 ms]
   [Code Root Purge: 0.0 ms]
   [Clear CT: 0.8 ms]
   [Other: 2.8 ms]
      [Choose CSet: 0.0 ms]
      [Ref Proc: 0.5 ms]
      [Ref Enq: 0.0 ms]
      [Redirty Cards: 0.7 ms]
      [Humongous Register: 0.1 ms]
      [Humongous Reclaim: 0.1 ms]
      [Free CSet: 1.0 ms]
   [Eden: 3256.0M(3256.0M)->0.0B(3192.0M) Survivors: 292.0M->268.0M Heap: 7048.5M(8192.0M)->3882.0M(8192.0M)]
 [Times: user=1.81 sys=0.00, real=0.06 secs] 
2018-10-15T09:27:59.377+0200: 155.963: Total time for which application threads were stopped: 0.0647976 seconds, Stopping threads took: 0.0005409 seconds
2018-10-15T09:27:59.709+0200: 156.295: Application time: 0.3311031 seconds
2018-10-15T09:27:59.710+0200: 156.296: [GC pause (G1 Evacuation Pause) (young)
Desired survivor size 228589568 bytes, new threshold 3 (max 15)
- age   1:   78881480 bytes,   78881480 total
- age   2:   78031608 bytes,  156913088 total
- age   3:   84000776 bytes,  240913864 total
, 0.0670951 secs]
   [Parallel Time: 63.5 ms, GC Workers: 30]
      [GC Worker Start (ms): Min: 156296.0, Avg: 156296.5, Max: 156297.2, Diff: 1.3]
      [Ext Root Scanning (ms): Min: 0.0, Avg: 0.4, Max: 1.8, Diff: 1.8, Sum: 11.1]
      [Update RS (ms): Min: 20.9, Avg: 21.8, Max: 22.2, Diff: 1.3, Sum: 654.9]
         [Processed Buffers: Min: 21, Avg: 24.9, Max: 32, Diff: 11, Sum: 747]
      [Scan RS (ms): Min: 1.9, Avg: 2.2, Max: 2.4, Diff: 0.5, Sum: 66.2]
      [Code Root Scanning (ms): Min: 0.0, Avg: 0.0, Max: 0.0, Diff: 0.0, Sum: 0.0]
      [Object Copy (ms): Min: 38.0, Avg: 38.1, Max: 38.2, Diff: 0.2, Sum: 1141.7]
      [Termination (ms): Min: 0.0, Avg: 0.1, Max: 0.2, Diff: 0.2, Sum: 3.8]
         [Termination Attempts: Min: 1, Avg: 67.1, Max: 83, Diff: 82, Sum: 2014]
      [GC Worker Other (ms): Min: 0.0, Avg: 0.1, Max: 0.2, Diff: 0.2, Sum: 3.9]
      [GC Worker Total (ms): Min: 61.9, Avg: 62.7, Max: 63.3, Diff: 1.4, Sum: 1881.5]
      [GC Worker End (ms): Min: 156359.1, Avg: 156359.2, Max: 156359.3, Diff: 0.2]
   [Code Root Fixup: 0.0 ms]
   [Code Root Purge: 0.0 ms]
   [Clear CT: 0.8 ms]
   [Other: 2.8 ms]
      [Choose CSet: 0.0 ms]
      [Ref Proc: 0.4 ms]
      [Ref Enq: 0.0 ms]
      [Redirty Cards: 0.8 ms]
      [Humongous Register: 0.1 ms]
      [Humongous Reclaim: 0.1 ms]
      [Free CSet: 1.1 ms]
   [Eden: 3192.0M(3192.0M)->0.0B(3140.0M) Survivors: 268.0M->240.0M Heap: 7074.0M(8192.0M)->3964.0M(8192.0M)]
 [Times: user=1.91 sys=0.01, real=0.07 secs] 
2018-10-15T09:27:59.777+0200: 156.363: Total time for which application threads were stopped: 0.0683573 seconds, Stopping threads took: 0.0005546 seconds
2018-10-15T09:28:00.111+0200: 156.697: Application time: 0.3342637 seconds
2018-10-15T09:28:00.112+0200: 156.698: [GC pause (G1 Evacuation Pause) (young) (initial-mark)
Desired survivor size 222298112 bytes, new threshold 15 (max 15)
- age   1:   72345040 bytes,   72345040 total
- age   2:   72044016 bytes,  144389056 total
- age   3:   76266776 bytes,  220655832 total
, 0.0610916 secs]
   [Parallel Time: 57.8 ms, GC Workers: 30]
      [GC Worker Start (ms): Min: 156699.0, Avg: 156699.8, Max: 156700.5, Diff: 1.5]
      [Ext Root Scanning (ms): Min: 1.5, Avg: 1.9, Max: 2.7, Diff: 1.2, Sum: 57.6]
      [Update RS (ms): Min: 18.8, Avg: 19.5, Max: 20.1, Diff: 1.3, Sum: 583.8]
         [Processed Buffers: Min: 19, Avg: 22.5, Max: 30, Diff: 11, Sum: 675]
      [Scan RS (ms): Min: 1.1, Avg: 1.7, Max: 2.0, Diff: 0.9, Sum: 50.8]
      [Code Root Scanning (ms): Min: 0.0, Avg: 0.0, Max: 0.0, Diff: 0.0, Sum: 0.0]
      [Object Copy (ms): Min: 33.3, Avg: 33.4, Max: 33.6, Diff: 0.3, Sum: 1002.1]
      [Termination (ms): Min: 0.0, Avg: 0.0, Max: 0.0, Diff: 0.0, Sum: 0.2]
         [Termination Attempts: Min: 1, Avg: 1.0, Max: 2, Diff: 1, Sum: 31]
      [GC Worker Other (ms): Min: 0.0, Avg: 0.1, Max: 0.2, Diff: 0.2, Sum: 3.7]
      [GC Worker Total (ms): Min: 55.9, Avg: 56.6, Max: 57.5, Diff: 1.6, Sum: 1698.3]
      [GC Worker End (ms): Min: 156756.3, Avg: 156756.4, Max: 156756.5, Diff: 0.2]
   [Code Root Fixup: 0.0 ms]
   [Code Root Purge: 0.0 ms]
   [Clear CT: 0.8 ms]
   [Other: 2.4 ms]
      [Choose CSet: 0.0 ms]
      [Ref Proc: 0.5 ms]
      [Ref Enq: 0.0 ms]
      [Redirty Cards: 0.4 ms]
      [Humongous Register: 0.1 ms]
      [Humongous Reclaim: 0.0 ms]
      [Free CSet: 0.9 ms]
   [Eden: 3140.0M(3140.0M)->0.0B(2964.0M) Survivors: 240.0M->328.0M Heap: 7104.0M(8192.0M)->4050.0M(8192.0M)]
 [Times: user=1.67 sys=0.00, real=0.06 secs] 
2018-10-15T09:28:00.174+0200: 156.760: [GC concurrent-root-region-scan-start]
2018-10-15T09:28:00.174+0200: 156.760: Total time for which application threads were stopped: 0.0624384 seconds, Stopping threads took: 0.0006142 seconds
2018-10-15T09:28:00.236+0200: 156.822: [GC concurrent-root-region-scan-end, 0.0619398 secs]
2018-10-15T09:28:00.236+0200: 156.822: [GC concurrent-mark-start]
2018-10-15T09:28:00.584+0200: 157.170: Application time: 0.4099252 seconds
2018-10-15T09:28:00.584+0200: 157.171: [GC pause (G1 Evacuation Pause) (young)
Desired survivor size 216006656 bytes, new threshold 3 (max 15)
- age   1:   87462248 bytes,   87462248 total
- age   2:   66843680 bytes,  154305928 total
- age   3:   71693336 bytes,  225999264 total
- age   4:   75705664 bytes,  301704928 total
, 0.0598028 secs]
   [Parallel Time: 56.5 ms, GC Workers: 30]
      [GC Worker Start (ms): Min: 157170.8, Avg: 157171.3, Max: 157171.9, Diff: 1.1]
      [Ext Root Scanning (ms): Min: 0.0, Avg: 0.4, Max: 1.9, Diff: 1.9, Sum: 11.6]
      [Update RS (ms): Min: 10.5, Avg: 11.2, Max: 11.6, Diff: 1.2, Sum: 336.8]
         [Processed Buffers: Min: 10, Avg: 13.8, Max: 20, Diff: 10, Sum: 414]
      [Scan RS (ms): Min: 0.0, Avg: 0.1, Max: 0.2, Diff: 0.2, Sum: 4.2]
      [Code Root Scanning (ms): Min: 0.0, Avg: 0.0, Max: 0.0, Diff: 0.0, Sum: 0.0]
      [Object Copy (ms): Min: 43.7, Avg: 43.9, Max: 44.1, Diff: 0.3, Sum: 1317.9]
      [Termination (ms): Min: 0.0, Avg: 0.0, Max: 0.0, Diff: 0.0, Sum: 0.3]
         [Termination Attempts: Min: 1, Avg: 1.5, Max: 3, Diff: 2, Sum: 46]
      [GC Worker Other (ms): Min: 0.0, Avg: 0.1, Max: 0.3, Diff: 0.3, Sum: 3.9]
      [GC Worker Total (ms): Min: 55.1, Avg: 55.8, Max: 56.4, Diff: 1.3, Sum: 1675.0]
      [GC Worker End (ms): Min: 157227.0, Avg: 157227.1, Max: 157227.2, Diff: 0.2]
   [Code Root Fixup: 0.0 ms]
   [Code Root Purge: 0.0 ms]
   [Clear CT: 0.7 ms]
   [Other: 2.6 ms]
      [Choose CSet: 0.0 ms]
      [Ref Proc: 0.4 ms]
      [Ref Enq: 0.0 ms]
      [Redirty Cards: 0.8 ms]
      [Humongous Register: 0.1 ms]
      [Humongous Reclaim: 0.1 ms]
      [Free CSet: 0.8 ms]
   [Eden: 2964.0M(2964.0M)->0.0B(2956.0M) Survivors: 328.0M->244.0M Heap: 7014.0M(8192.0M)->4143.0M(8192.0M)]
 [Times: user=1.70 sys=0.00, real=0.06 secs] 
2018-10-15T09:28:00.645+0200: 157.231: Total time for which application threads were stopped: 0.0610733 seconds, Stopping threads took: 0.0004879 seconds
2018-10-15T09:28:00.649+0200: 157.235: [GC concurrent-mark-end, 0.4134981 secs]
2018-10-15T09:28:00.649+0200: 157.235: Application time: 0.0046124 seconds
2018-10-15T09:28:00.650+0200: 157.236: [GC remark 2018-10-15T09:28:00.650+0200: 157.236: [Finalize Marking, 0.0004009 secs] 2018-10-15T09:28:00.650+0200: 157.236: [GC ref-proc, 0.0010396 secs] 2018-10-15T09:28:00.651+0200: 157.237: [Unloading, 0.0114885 secs], 0.0141321 secs]
 [Times: user=0.34 sys=0.00, real=0.02 secs] 
2018-10-15T09:28:00.664+0200: 157.250: Total time for which application threads were stopped: 0.0148449 seconds, Stopping threads took: 0.0002375 seconds
2018-10-15T09:28:00.664+0200: 157.250: Application time: 0.0001350 seconds
2018-10-15T09:28:00.665+0200: 157.251: [GC cleanup 4178M->2802M(8192M), 0.0079993 secs]
 [Times: user=0.19 sys=0.00, real=0.01 secs] 
2018-10-15T09:28:00.673+0200: 157.259: Total time for which application threads were stopped: 0.0086322 seconds, Stopping threads took: 0.0000857 seconds
2018-10-15T09:28:00.673+0200: 157.259: [GC concurrent-cleanup-start]
2018-10-15T09:28:00.675+0200: 157.261: [GC concurrent-cleanup-end, 0.0018218 secs]
2018-10-15T09:28:00.992+0200: 157.578: Application time: 0.3193985 seconds
2018-10-15T09:28:00.993+0200: 157.579: [GC pause (G1 Evacuation Pause) (young)
Desired survivor size 209715200 bytes, new threshold 3 (max 15)
- age   1:   79781896 bytes,   79781896 total
- age   2:   79012160 bytes,  158794056 total
- age   3:   64402312 bytes,  223196368 total
, 0.0587907 secs]
   [Parallel Time: 55.4 ms, GC Workers: 30]
      [GC Worker Start (ms): Min: 157579.6, Avg: 157580.4, Max: 157581.0, Diff: 1.4]
      [Ext Root Scanning (ms): Min: 0.0, Avg: 0.3, Max: 1.8, Diff: 1.8, Sum: 10.2]
      [Update RS (ms): Min: 21.1, Avg: 21.7, Max: 22.0, Diff: 0.9, Sum: 650.7]
         [Processed Buffers: Min: 20, Avg: 24.5, Max: 31, Diff: 11, Sum: 735]
      [Scan RS (ms): Min: 1.0, Avg: 1.3, Max: 1.6, Diff: 0.6, Sum: 39.2]
      [Code Root Scanning (ms): Min: 0.0, Avg: 0.0, Max: 0.0, Diff: 0.0, Sum: 0.0]
      [Object Copy (ms): Min: 30.7, Avg: 30.9, Max: 31.0, Diff: 0.3, Sum: 927.1]
      [Termination (ms): Min: 0.0, Avg: 0.0, Max: 0.0, Diff: 0.0, Sum: 0.3]
         [Termination Attempts: Min: 1, Avg: 1.1, Max: 2, Diff: 1, Sum: 32]
      [GC Worker Other (ms): Min: 0.0, Avg: 0.1, Max: 0.2, Diff: 0.2, Sum: 3.6]
      [GC Worker Total (ms): Min: 53.6, Avg: 54.4, Max: 55.2, Diff: 1.5, Sum: 1631.1]
      [GC Worker End (ms): Min: 157634.7, Avg: 157634.8, Max: 157634.9, Diff: 0.2]
   [Code Root Fixup: 0.0 ms]
   [Code Root Purge: 0.0 ms]
   [Clear CT: 0.8 ms]
   [Other: 2.6 ms]
      [Choose CSet: 0.0 ms]
      [Ref Proc: 0.4 ms]
      [Ref Enq: 0.0 ms]
      [Redirty Cards: 0.7 ms]
      [Humongous Register: 0.1 ms]
      [Humongous Reclaim: 0.1 ms]
      [Free CSet: 0.9 ms]
   [Eden: 2956.0M(2956.0M)->0.0B(148.0M) Survivors: 244.0M->260.0M Heap: 5723.0M(8192.0M)->2872.3M(8192.0M)]
 [Times: user=1.66 sys=0.00, real=0.06 secs] 
2018-10-15T09:28:01.052+0200: 157.638: Total time for which application threads were stopped: 0.0600328 seconds, Stopping threads took: 0.0005483 seconds
2018-10-15T09:28:01.068+0200: 157.654: Application time: 0.0154931 seconds
2018-10-15T09:28:01.068+0200: 157.655: [GC pause (G1 Evacuation Pause) (mixed)
Desired survivor size 27262976 bytes, new threshold 1 (max 15)
- age   1:   84339048 bytes,   84339048 total
- age   2:   76037864 bytes,  160376912 total
- age   3:   78330472 bytes,  238707384 total
, 0.0489295 secs]
   [Parallel Time: 44.9 ms, GC Workers: 30]
      [GC Worker Start (ms): Min: 157654.9, Avg: 157655.2, Max: 157655.6, Diff: 0.7]
      [Ext Root Scanning (ms): Min: 0.0, Avg: 0.4, Max: 1.7, Diff: 1.7, Sum: 12.6]
      [Update RS (ms): Min: 17.1, Avg: 18.3, Max: 18.8, Diff: 1.7, Sum: 547.5]
         [Processed Buffers: Min: 20, Avg: 26.0, Max: 34, Diff: 14, Sum: 781]
      [Scan RS (ms): Min: 0.8, Avg: 1.3, Max: 1.6, Diff: 0.8, Sum: 40.4]
      [Code Root Scanning (ms): Min: 0.0, Avg: 0.0, Max: 0.0, Diff: 0.0, Sum: 0.0]
      [Object Copy (ms): Min: 24.1, Avg: 24.3, Max: 24.4, Diff: 0.3, Sum: 728.9]
      [Termination (ms): Min: 0.0, Avg: 0.1, Max: 0.2, Diff: 0.1, Sum: 3.0]
         [Termination Attempts: Min: 5, Avg: 11.4, Max: 17, Diff: 12, Sum: 343]
      [GC Worker Other (ms): Min: 0.0, Avg: 0.0, Max: 0.1, Diff: 0.1, Sum: 1.1]
      [GC Worker Total (ms): Min: 44.0, Avg: 44.5, Max: 44.7, Diff: 0.8, Sum: 1333.5]
      [GC Worker End (ms): Min: 157699.6, Avg: 157699.6, Max: 157699.7, Diff: 0.1]
   [Code Root Fixup: 0.0 ms]
   [Code Root Purge: 0.0 ms]
   [Clear CT: 0.7 ms]
   [Other: 3.3 ms]
      [Choose CSet: 0.2 ms]
      [Ref Proc: 0.3 ms]
      [Ref Enq: 0.0 ms]
      [Redirty Cards: 1.2 ms]
      [Humongous Register: 0.1 ms]
      [Humongous Reclaim: 0.0 ms]
      [Free CSet: 1.1 ms]
   [Eden: 148.0M(148.0M)->0.0B(356.0M) Survivors: 260.0M->52.0M Heap: 3020.3M(8192.0M)->2110.5M(8192.0M)]
 [Times: user=1.37 sys=0.00, real=0.05 secs] 
2018-10-15T09:28:01.118+0200: 157.704: Total time for which application threads were stopped: 0.0498911 seconds, Stopping threads took: 0.0003583 seconds
2018-10-15T09:28:01.168+0200: 157.754: Application time: 0.0504659 seconds
2018-10-15T09:28:01.169+0200: 157.755: [GC pause (G1 Evacuation Pause) (mixed)
Desired survivor size 27262976 bytes, new threshold 15 (max 15)
- age   1:    6513008 bytes,    6513008 total
, 0.0352344 secs]
   [Parallel Time: 31.9 ms, GC Workers: 30]
      [GC Worker Start (ms): Min: 157755.5, Avg: 157756.1, Max: 157756.8, Diff: 1.3]
      [Ext Root Scanning (ms): Min: 0.0, Avg: 0.3, Max: 1.5, Diff: 1.5, Sum: 8.3]
      [Update RS (ms): Min: 24.6, Avg: 25.2, Max: 25.7, Diff: 1.1, Sum: 755.7]
         [Processed Buffers: Min: 28, Avg: 33.8, Max: 40, Diff: 12, Sum: 1015]
      [Scan RS (ms): Min: 1.0, Avg: 1.4, Max: 1.6, Diff: 0.6, Sum: 42.0]
      [Code Root Scanning (ms): Min: 0.0, Avg: 0.0, Max: 0.3, Diff: 0.3, Sum: 1.0]
      [Object Copy (ms): Min: 3.7, Avg: 3.8, Max: 4.0, Diff: 0.2, Sum: 115.4]
      [Termination (ms): Min: 0.0, Avg: 0.1, Max: 0.1, Diff: 0.1, Sum: 1.6]
         [Termination Attempts: Min: 1, Avg: 18.8, Max: 26, Diff: 25, Sum: 565]
      [GC Worker Other (ms): Min: 0.0, Avg: 0.1, Max: 0.1, Diff: 0.1, Sum: 2.1]
      [GC Worker Total (ms): Min: 30.2, Avg: 30.9, Max: 31.5, Diff: 1.3, Sum: 926.1]
      [GC Worker End (ms): Min: 157786.9, Avg: 157787.0, Max: 157787.1, Diff: 0.1]
   [Code Root Fixup: 0.0 ms]
   [Code Root Purge: 0.0 ms]
   [Clear CT: 0.7 ms]
   [Other: 2.6 ms]
      [Choose CSet: 0.2 ms]
      [Ref Proc: 0.5 ms]
      [Ref Enq: 0.0 ms]
      [Redirty Cards: 0.3 ms]
      [Humongous Register: 0.1 ms]
      [Humongous Reclaim: 0.0 ms]
      [Free CSet: 1.1 ms]
   [Eden: 356.0M(356.0M)->0.0B(4860.0M) Survivors: 52.0M->52.0M Heap: 2466.5M(8192.0M)->1516.0M(8192.0M)]
 [Times: user=0.95 sys=0.00, real=0.04 secs] 
2018-10-15T09:28:01.204+0200: 157.790: Total time for which application threads were stopped: 0.0362037 seconds, Stopping threads took: 0.0003390 seconds
2018-10-15T09:28:01.713+0200: 158.299: Application time: 0.5085343 seconds
2018-10-15T09:28:01.714+0200: 158.300: [GC pause (G1 Evacuation Pause) (young)
Desired survivor size 322961408 bytes, new threshold 15 (max 15)
- age   1:    7924848 bytes,    7924848 total
- age   2:    4635120 bytes,   12559968 total
, 0.0445429 secs]
   [Parallel Time: 40.8 ms, GC Workers: 30]
      [GC Worker Start (ms): Min: 158300.3, Avg: 158300.7, Max: 158301.3, Diff: 1.0]
      [Ext Root Scanning (ms): Min: 0.0, Avg: 0.5, Max: 1.9, Diff: 1.9, Sum: 13.6]
      [Update RS (ms): Min: 13.8, Avg: 15.0, Max: 15.6, Diff: 1.9, Sum: 448.5]
         [Processed Buffers: Min: 14, Avg: 17.1, Max: 24, Diff: 10, Sum: 513]
      [Scan RS (ms): Min: 0.0, Avg: 0.2, Max: 0.4, Diff: 0.3, Sum: 6.3]
      [Code Root Scanning (ms): Min: 0.0, Avg: 0.0, Max: 0.0, Diff: 0.0, Sum: 0.1]
      [Object Copy (ms): Min: 23.7, Avg: 24.4, Max: 24.6, Diff: 0.9, Sum: 731.3]
      [Termination (ms): Min: 0.0, Avg: 0.1, Max: 0.1, Diff: 0.1, Sum: 2.9]
         [Termination Attempts: Min: 1, Avg: 63.4, Max: 72, Diff: 71, Sum: 1901]
      [GC Worker Other (ms): Min: 0.0, Avg: 0.2, Max: 0.3, Diff: 0.3, Sum: 4.5]
      [GC Worker Total (ms): Min: 39.5, Avg: 40.2, Max: 40.8, Diff: 1.3, Sum: 1207.1]
      [GC Worker End (ms): Min: 158340.8, Avg: 158340.9, Max: 158341.1, Diff: 0.3]
   [Code Root Fixup: 0.0 ms]
   [Code Root Purge: 0.0 ms]
   [Clear CT: 0.9 ms]
   [Other: 2.8 ms]
      [Choose CSet: 0.0 ms]
      [Ref Proc: 0.5 ms]
      [Ref Enq: 0.0 ms]
      [Redirty Cards: 0.4 ms]
      [Humongous Register: 0.1 ms]
      [Humongous Reclaim: 0.0 ms]
      [Free CSet: 1.4 ms]
   [Eden: 4860.0M(4860.0M)->0.0B(4744.0M) Survivors: 52.0M->168.0M Heap: 6376.0M(8192.0M)->1630.8M(8192.0M)]
 [Times: user=1.23 sys=0.00, real=0.04 secs] 
2018-10-15T09:28:01.759+0200: 158.345: Total time for which application threads were stopped: 0.0458375 seconds, Stopping threads took: 0.0005939 seconds
2018-10-15T09:28:02.238+0200: 158.824: Application time: 0.4791421 seconds
2018-10-15T09:28:02.239+0200: 158.825: [GC pause (G1 Evacuation Pause) (young)
Desired survivor size 322961408 bytes, new threshold 15 (max 15)
- age   1:  133070648 bytes,  133070648 total
- age   2:    7255632 bytes,  140326280 total
- age   3:    4597360 bytes,  144923640 total
, 0.0508180 secs]
   [Parallel Time: 47.0 ms, GC Workers: 30]
      [GC Worker Start (ms): Min: 158825.2, Avg: 158825.5, Max: 158826.1, Diff: 0.9]
      [Ext Root Scanning (ms): Min: 0.0, Avg: 0.5, Max: 2.0, Diff: 2.0, Sum: 14.9]
      [Update RS (ms): Min: 11.3, Avg: 12.5, Max: 12.8, Diff: 1.5, Sum: 375.2]
         [Processed Buffers: Min: 12, Avg: 15.3, Max: 23, Diff: 11, Sum: 458]
      [Scan RS (ms): Min: 0.0, Avg: 0.2, Max: 0.3, Diff: 0.3, Sum: 5.5]
      [Code Root Scanning (ms): Min: 0.0, Avg: 0.0, Max: 0.0, Diff: 0.0, Sum: 0.0]
      [Object Copy (ms): Min: 32.9, Avg: 33.0, Max: 33.2, Diff: 0.3, Sum: 990.1]
      [Termination (ms): Min: 0.0, Avg: 0.0, Max: 0.0, Diff: 0.0, Sum: 0.4]
         [Termination Attempts: Min: 1, Avg: 4.2, Max: 9, Diff: 8, Sum: 127]
      [GC Worker Other (ms): Min: 0.0, Avg: 0.1, Max: 0.3, Diff: 0.3, Sum: 4.3]
      [GC Worker Total (ms): Min: 45.7, Avg: 46.3, Max: 46.7, Diff: 1.0, Sum: 1390.4]
      [GC Worker End (ms): Min: 158871.8, Avg: 158871.9, Max: 158872.0, Diff: 0.3]
   [Code Root Fixup: 0.0 ms]
   [Code Root Purge: 0.0 ms]
   [Clear CT: 1.0 ms]
   [Other: 2.8 ms]
      [Choose CSet: 0.0 ms]
      [Ref Proc: 0.4 ms]
      [Ref Enq: 0.0 ms]
      [Redirty Cards: 0.5 ms]
      [Humongous Register: 0.1 ms]
      [Humongous Reclaim: 0.0 ms]
      [Free CSet: 1.3 ms]
   [Eden: 4744.0M(4744.0M)->0.0B(4632.0M) Survivors: 168.0M->280.0M Heap: 6374.8M(8192.0M)->1742.0M(8192.0M)]
 [Times: user=1.42 sys=0.00, real=0.05 secs] 
2018-10-15T09:28:02.290+0200: 158.876: Total time for which application threads were stopped: 0.0520626 seconds, Stopping threads took: 0.0005710 seconds
2018-10-15T09:28:02.774+0200: 159.360: Application time: 0.4837594 seconds
2018-10-15T09:28:02.775+0200: 159.361: [GC pause (G1 Evacuation Pause) (young)
Desired survivor size 322961408 bytes, new threshold 15 (max 15)
- age   1:  119116168 bytes,  119116168 total
- age   2:  125883176 bytes,  244999344 total
- age   3:    7112168 bytes,  252111512 total
- age   4:    4595424 bytes,  256706936 total
, 0.0587803 secs]
   [Parallel Time: 55.1 ms, GC Workers: 30]
      [GC Worker Start (ms): Min: 159361.0, Avg: 159361.3, Max: 159361.7, Diff: 0.6]
      [Ext Root Scanning (ms): Min: 0.1, Avg: 0.5, Max: 1.8, Diff: 1.8, Sum: 14.8]
      [Update RS (ms): Min: 11.2, Avg: 12.3, Max: 12.7, Diff: 1.4, Sum: 368.1]
         [Processed Buffers: Min: 11, Avg: 15.2, Max: 22, Diff: 11, Sum: 455]
      [Scan RS (ms): Min: 0.0, Avg: 0.2, Max: 0.4, Diff: 0.3, Sum: 6.6]
      [Code Root Scanning (ms): Min: 0.0, Avg: 0.0, Max: 0.0, Diff: 0.0, Sum: 0.1]
      [Object Copy (ms): Min: 41.2, Avg: 41.4, Max: 41.5, Diff: 0.3, Sum: 1241.4]
      [Termination (ms): Min: 0.0, Avg: 0.0, Max: 0.1, Diff: 0.1, Sum: 1.5]
         [Termination Attempts: Min: 1, Avg: 24.2, Max: 33, Diff: 32, Sum: 726]
      [GC Worker Other (ms): Min: 0.0, Avg: 0.1, Max: 0.3, Diff: 0.2, Sum: 3.8]
      [GC Worker Total (ms): Min: 54.0, Avg: 54.5, Max: 54.9, Diff: 0.8, Sum: 1636.3]
      [GC Worker End (ms): Min: 159415.7, Avg: 159415.8, Max: 159415.9, Diff: 0.2]
   [Code Root Fixup: 0.0 ms]
   [Code Root Purge: 0.0 ms]
   [Clear CT: 0.9 ms]
   [Other: 2.8 ms]
      [Choose CSet: 0.0 ms]
      [Ref Proc: 0.4 ms]
      [Ref Enq: 0.0 ms]
      [Redirty Cards: 0.5 ms]
      [Humongous Register: 0.1 ms]
      [Humongous Reclaim: 0.0 ms]
      [Free CSet: 1.3 ms]
   [Eden: 4632.0M(4632.0M)->0.0B(4520.0M) Survivors: 280.0M->392.0M Heap: 6374.0M(8192.0M)->1854.0M(8192.0M)]
 [Times: user=1.66 sys=0.00, real=0.06 secs] 
2018-10-15T09:28:02.834+0200: 159.420: Total time for which application threads were stopped: 0.0600701 seconds, Stopping threads took: 0.0005710 seconds
2018-10-15T09:28:03.300+0200: 159.886: Application time: 0.4666317 seconds
2018-10-15T09:28:03.301+0200: 159.887: [GC pause (G1 Evacuation Pause) (young)
Desired survivor size 322961408 bytes, new threshold 3 (max 15)
- age   1:  117872632 bytes,  117872632 total
- age   2:  114437088 bytes,  232309720 total
- age   3:  125395960 bytes,  357705680 total
- age   4:    6848408 bytes,  364554088 total
- age   5:    4595024 bytes,  369149112 total
, 0.0670841 secs]
   [Parallel Time: 63.1 ms, GC Workers: 30]
      [GC Worker Start (ms): Min: 159887.7, Avg: 159888.0, Max: 159888.6, Diff: 0.8]
      [Ext Root Scanning (ms): Min: 0.0, Avg: 0.5, Max: 1.9, Diff: 1.8, Sum: 14.8]
      [Update RS (ms): Min: 11.6, Avg: 12.6, Max: 13.1, Diff: 1.5, Sum: 379.1]
         [Processed Buffers: Min: 12, Avg: 15.0, Max: 23, Diff: 11, Sum: 450]
      [Scan RS (ms): Min: 0.0, Avg: 0.2, Max: 0.4, Diff: 0.3, Sum: 7.1]
      [Code Root Scanning (ms): Min: 0.0, Avg: 0.0, Max: 0.0, Diff: 0.0, Sum: 0.1]
      [Object Copy (ms): Min: 48.7, Avg: 49.0, Max: 49.1, Diff: 0.4, Sum: 1468.5]
      [Termination (ms): Min: 0.0, Avg: 0.1, Max: 0.1, Diff: 0.1, Sum: 2.5]
         [Termination Attempts: Min: 1, Avg: 4.6, Max: 9, Diff: 8, Sum: 139]
      [GC Worker Other (ms): Min: 0.0, Avg: 0.1, Max: 0.3, Diff: 0.3, Sum: 4.0]
      [GC Worker Total (ms): Min: 62.0, Avg: 62.5, Max: 62.8, Diff: 0.9, Sum: 1876.1]
      [GC Worker End (ms): Min: 159950.4, Avg: 159950.5, Max: 159950.7, Diff: 0.2]
   [Code Root Fixup: 0.0 ms]
   [Code Root Purge: 0.0 ms]
   [Clear CT: 0.8 ms]
   [Other: 3.1 ms]
      [Choose CSet: 0.0 ms]
      [Ref Proc: 0.4 ms]
      [Ref Enq: 0.0 ms]
      [Redirty Cards: 1.0 ms]
      [Humongous Register: 0.1 ms]
      [Humongous Reclaim: 0.0 ms]
      [Free CSet: 1.3 ms]
   [Eden: 4520.0M(4520.0M)->0.0B(4540.0M) Survivors: 392.0M->372.0M Heap: 6374.0M(8192.0M)->1966.0M(8192.0M)]
 [Times: user=1.91 sys=0.00, real=0.07 secs] 
2018-10-15T09:28:03.369+0200: 159.955: Total time for which application threads were stopped: 0.0683624 seconds, Stopping threads took: 0.0005657 seconds
2018-10-15T09:28:03.848+0200: 160.434: Application time: 0.4791008 seconds
2018-10-15T09:28:03.849+0200: 160.435: [GC pause (G1 Evacuation Pause) (young)
Desired survivor size 322961408 bytes, new threshold 3 (max 15)
- age   1:  114414392 bytes,  114414392 total
- age   2:  112234352 bytes,  226648744 total
- age   3:  113336760 bytes,  339985504 total
, 0.0808855 secs]
   [Parallel Time: 76.8 ms, GC Workers: 30]
      [GC Worker Start (ms): Min: 160435.3, Avg: 160435.8, Max: 160436.4, Diff: 1.1]
      [Ext Root Scanning (ms): Min: 0.0, Avg: 0.4, Max: 1.7, Diff: 1.7, Sum: 11.8]
      [Update RS (ms): Min: 18.5, Avg: 19.5, Max: 20.9, Diff: 2.4, Sum: 584.7]
         [Processed Buffers: Min: 18, Avg: 22.1, Max: 27, Diff: 9, Sum: 662]
      [Scan RS (ms): Min: 1.5, Avg: 3.1, Max: 3.3, Diff: 1.8, Sum: 91.9]
      [Code Root Scanning (ms): Min: 0.0, Avg: 0.0, Max: 0.0, Diff: 0.0, Sum: 0.1]
      [Object Copy (ms): Min: 52.4, Avg: 52.6, Max: 52.9, Diff: 0.5, Sum: 1576.9]
      [Termination (ms): Min: 0.0, Avg: 0.4, Max: 0.5, Diff: 0.5, Sum: 12.1]
         [Termination Attempts: Min: 1, Avg: 161.4, Max: 182, Diff: 181, Sum: 4841]
      [GC Worker Other (ms): Min: 0.0, Avg: 0.1, Max: 0.3, Diff: 0.3, Sum: 4.4]
      [GC Worker Total (ms): Min: 75.4, Avg: 76.1, Max: 76.6, Diff: 1.2, Sum: 2281.9]
      [GC Worker End (ms): Min: 160511.7, Avg: 160511.9, Max: 160512.0, Diff: 0.3]
   [Code Root Fixup: 0.0 ms]
   [Code Root Purge: 0.0 ms]
   [Clear CT: 0.8 ms]
   [Other: 3.2 ms]
      [Choose CSet: 0.0 ms]
      [Ref Proc: 0.5 ms]
      [Ref Enq: 0.0 ms]
      [Redirty Cards: 0.8 ms]
      [Humongous Register: 0.1 ms]
      [Humongous Reclaim: 0.0 ms]
      [Free CSet: 1.4 ms]
   [Eden: 4540.0M(4540.0M)->0.0B(4564.0M) Survivors: 372.0M->348.0M Heap: 6506.0M(8192.0M)->2084.0M(8192.0M)]
 [Times: user=2.31 sys=0.00, real=0.08 secs] 
2018-10-15T09:28:03.930+0200: 160.516: Total time for which application threads were stopped: 0.0821814 seconds, Stopping threads took: 0.0005912 seconds
2018-10-15T09:28:04.411+0200: 160.997: Application time: 0.4811006 seconds
2018-10-15T09:28:04.412+0200: 160.998: [GC pause (G1 Evacuation Pause) (young)
Desired survivor size 322961408 bytes, new threshold 3 (max 15)
- age   1:  110337136 bytes,  110337136 total
- age   2:  108633920 bytes,  218971056 total
- age   3:  111545568 bytes,  330516624 total
, 0.0761793 secs]
   [Parallel Time: 71.9 ms, GC Workers: 30]
      [GC Worker Start (ms): Min: 160998.6, Avg: 160999.3, Max: 161000.1, Diff: 1.5]
      [Ext Root Scanning (ms): Min: 0.0, Avg: 0.4, Max: 1.9, Diff: 1.9, Sum: 11.0]
      [Update RS (ms): Min: 20.6, Avg: 21.5, Max: 21.9, Diff: 1.3, Sum: 645.7]
         [Processed Buffers: Min: 19, Avg: 24.1, Max: 29, Diff: 10, Sum: 722]
      [Scan RS (ms): Min: 1.4, Avg: 1.6, Max: 1.8, Diff: 0.5, Sum: 48.5]
      [Code Root Scanning (ms): Min: 0.0, Avg: 0.0, Max: 0.0, Diff: 0.0, Sum: 0.0]
      [Object Copy (ms): Min: 47.0, Avg: 47.2, Max: 47.3, Diff: 0.3, Sum: 1414.5]
      [Termination (ms): Min: 0.0, Avg: 0.1, Max: 0.2, Diff: 0.2, Sum: 2.8]
         [Termination Attempts: Min: 1, Avg: 5.8, Max: 10, Diff: 9, Sum: 175]
      [GC Worker Other (ms): Min: 0.0, Avg: 0.1, Max: 0.3, Diff: 0.2, Sum: 3.7]
      [GC Worker Total (ms): Min: 70.2, Avg: 70.9, Max: 71.6, Diff: 1.4, Sum: 2126.4]
      [GC Worker End (ms): Min: 161070.0, Avg: 161070.1, Max: 161070.3, Diff: 0.2]
   [Code Root Fixup: 0.0 ms]
   [Code Root Purge: 0.0 ms]
   [Clear CT: 1.0 ms]
   [Other: 3.3 ms]
      [Choose CSet: 0.0 ms]
      [Ref Proc: 0.4 ms]
      [Ref Enq: 0.0 ms]
      [Redirty Cards: 0.9 ms]
      [Humongous Register: 0.1 ms]
      [Humongous Reclaim: 0.0 ms]
      [Free CSet: 1.4 ms]
   [Eden: 4564.0M(4564.0M)->0.0B(4564.0M) Survivors: 348.0M->348.0M Heap: 6648.0M(8192.0M)->2218.0M(8192.0M)]
 [Times: user=2.16 sys=0.00, real=0.07 secs] 
2018-10-15T09:28:04.489+0200: 161.075: Total time for which application threads were stopped: 0.0774383 seconds, Stopping threads took: 0.0005782 seconds
2018-10-15T09:28:04.961+0200: 161.547: Application time: 0.4727549 seconds
2018-10-15T09:28:04.965+0200: 161.551: [GC pause (G1 Evacuation Pause) (young)
Desired survivor size 322961408 bytes, new threshold 3 (max 15)
- age   1:  125758256 bytes,  125758256 total
- age   2:  103122432 bytes,  228880688 total
- age   3:  106908280 bytes,  335788968 total
, 0.0722069 secs]
   [Parallel Time: 68.3 ms, GC Workers: 30]
      [GC Worker Start (ms): Min: 161551.6, Avg: 161552.4, Max: 161553.1, Diff: 1.5]
      [Ext Root Scanning (ms): Min: 0.0, Avg: 0.3, Max: 1.7, Diff: 1.6, Sum: 9.8]
      [Update RS (ms): Min: 17.7, Avg: 18.2, Max: 18.7, Diff: 1.0, Sum: 547.0]
         [Processed Buffers: Min: 17, Avg: 21.9, Max: 30, Diff: 13, Sum: 658]
      [Scan RS (ms): Min: 1.5, Avg: 1.9, Max: 2.1, Diff: 0.6, Sum: 55.6]
      [Code Root Scanning (ms): Min: 0.0, Avg: 0.0, Max: 0.0, Diff: 0.0, Sum: 0.0]
      [Object Copy (ms): Min: 46.5, Avg: 46.7, Max: 46.8, Diff: 0.2, Sum: 1399.6]
      [Termination (ms): Min: 0.0, Avg: 0.1, Max: 0.1, Diff: 0.1, Sum: 2.2]
         [Termination Attempts: Min: 1, Avg: 4.8, Max: 8, Diff: 7, Sum: 145]
      [GC Worker Other (ms): Min: 0.0, Avg: 0.1, Max: 0.2, Diff: 0.2, Sum: 3.4]
      [GC Worker Total (ms): Min: 66.5, Avg: 67.3, Max: 68.0, Diff: 1.5, Sum: 2017.6]
      [GC Worker End (ms): Min: 161619.5, Avg: 161619.6, Max: 161619.8, Diff: 0.2]
   [Code Root Fixup: 0.0 ms]
   [Code Root Purge: 0.0 ms]
   [Clear CT: 0.8 ms]
   [Other: 3.0 ms]
      [Choose CSet: 0.0 ms]
      [Ref Proc: 0.4 ms]
      [Ref Enq: 0.0 ms]
      [Redirty Cards: 0.7 ms]
      [Humongous Register: 0.1 ms]
      [Humongous Reclaim: 0.0 ms]
      [Free CSet: 1.3 ms]
   [Eden: 4564.0M(4564.0M)->0.0B(4556.0M) Survivors: 348.0M->356.0M Heap: 6782.0M(8192.0M)->2364.0M(8192.0M)]
 [Times: user=2.05 sys=0.00, real=0.07 secs] 
2018-10-15T09:28:05.038+0200: 161.624: Total time for which application threads were stopped: 0.0763295 seconds, Stopping threads took: 0.0034503 seconds
2018-10-15T09:28:05.513+0200: 162.099: Application time: 0.4753750 seconds
2018-10-15T09:28:05.514+0200: 162.100: [GC pause (G1 Evacuation Pause) (young)
Desired survivor size 322961408 bytes, new threshold 3 (max 15)
- age   1:  116936560 bytes,  116936560 total
- age   2:  120029216 bytes,  236965776 total
- age   3:  102450312 bytes,  339416088 total
, 0.0735196 secs]
   [Parallel Time: 69.0 ms, GC Workers: 30]
      [GC Worker Start (ms): Min: 162100.5, Avg: 162100.9, Max: 162101.6, Diff: 1.1]
      [Ext Root Scanning (ms): Min: 0.0, Avg: 0.4, Max: 1.9, Diff: 1.9, Sum: 13.0]
      [Update RS (ms): Min: 19.7, Avg: 20.5, Max: 20.9, Diff: 1.2, Sum: 614.5]
         [Processed Buffers: Min: 19, Avg: 23.8, Max: 33, Diff: 14, Sum: 713]
      [Scan RS (ms): Min: 1.3, Avg: 1.6, Max: 1.8, Diff: 0.5, Sum: 47.5]
      [Code Root Scanning (ms): Min: 0.0, Avg: 0.0, Max: 0.0, Diff: 0.0, Sum: 0.0]
      [Object Copy (ms): Min: 45.5, Avg: 45.6, Max: 45.7, Diff: 0.2, Sum: 1366.8]
      [Termination (ms): Min: 0.0, Avg: 0.1, Max: 0.1, Diff: 0.1, Sum: 2.2]
         [Termination Attempts: Min: 2, Avg: 5.7, Max: 9, Diff: 7, Sum: 170]
      [GC Worker Other (ms): Min: 0.0, Avg: 0.1, Max: 0.3, Diff: 0.3, Sum: 3.9]
      [GC Worker Total (ms): Min: 67.4, Avg: 68.3, Max: 68.8, Diff: 1.3, Sum: 2048.1]
      [GC Worker End (ms): Min: 162169.0, Avg: 162169.2, Max: 162169.3, Diff: 0.3]
   [Code Root Fixup: 0.0 ms]
   [Code Root Purge: 0.0 ms]
   [Clear CT: 0.9 ms]
   [Other: 3.6 ms]
      [Choose CSet: 0.0 ms]
      [Ref Proc: 0.5 ms]
      [Ref Enq: 0.0 ms]
      [Redirty Cards: 1.0 ms]
      [Humongous Register: 0.1 ms]
      [Humongous Reclaim: 0.1 ms]
      [Free CSet: 1.5 ms]
   [Eden: 4556.0M(4556.0M)->0.0B(4460.0M) Survivors: 356.0M->372.0M Heap: 6920.0M(8192.0M)->2508.0M(8192.0M)]
 [Times: user=2.08 sys=0.00, real=0.07 secs] 
2018-10-15T09:28:05.588+0200: 162.174: Total time for which application threads were stopped: 0.0748218 seconds, Stopping threads took: 0.0005714 seconds
2018-10-15T09:28:06.046+0200: 162.632: Application time: 0.4576544 seconds
2018-10-15T09:28:06.047+0200: 162.633: [GC pause (G1 Evacuation Pause) (young)
Desired survivor size 316669952 bytes, new threshold 3 (max 15)
- age   1:  122174912 bytes,  122174912 total
- age   2:  108147144 bytes,  230322056 total
- age   3:  118156888 bytes,  348478944 total
, 0.0733363 secs]
   [Parallel Time: 68.1 ms, GC Workers: 30]
      [GC Worker Start (ms): Min: 162633.0, Avg: 162633.5, Max: 162634.3, Diff: 1.2]
      [Ext Root Scanning (ms): Min: 0.0, Avg: 0.4, Max: 1.8, Diff: 1.8, Sum: 11.7]
      [Update RS (ms): Min: 18.2, Avg: 19.3, Max: 20.3, Diff: 2.1, Sum: 577.6]
         [Processed Buffers: Min: 17, Avg: 21.6, Max: 28, Diff: 11, Sum: 648]
      [Scan RS (ms): Min: 1.0, Avg: 2.0, Max: 2.2, Diff: 1.2, Sum: 59.3]
      [Code Root Scanning (ms): Min: 0.0, Avg: 0.0, Max: 0.0, Diff: 0.0, Sum: 0.1]
      [Object Copy (ms): Min: 45.4, Avg: 45.5, Max: 45.6, Diff: 0.2, Sum: 1364.8]
      [Termination (ms): Min: 0.0, Avg: 0.1, Max: 0.1, Diff: 0.1, Sum: 2.1]
         [Termination Attempts: Min: 1, Avg: 5.1, Max: 9, Diff: 8, Sum: 153]
      [GC Worker Other (ms): Min: 0.0, Avg: 0.1, Max: 0.2, Diff: 0.2, Sum: 3.6]
      [GC Worker Total (ms): Min: 66.5, Avg: 67.3, Max: 67.8, Diff: 1.4, Sum: 2019.0]
      [GC Worker End (ms): Min: 162700.7, Avg: 162700.8, Max: 162701.0, Diff: 0.2]
   [Code Root Fixup: 0.0 ms]
   [Code Root Purge: 0.0 ms]
   [Clear CT: 1.0 ms]
   [Other: 4.2 ms]
      [Choose CSet: 0.0 ms]
      [Ref Proc: 0.4 ms]
      [Ref Enq: 0.0 ms]
      [Redirty Cards: 0.9 ms]
      [Humongous Register: 0.1 ms]
      [Humongous Reclaim: 0.1 ms]
      [Free CSet: 2.1 ms]
   [Eden: 4460.0M(4460.0M)->0.0B(4352.0M) Survivors: 372.0M->356.0M Heap: 6968.0M(8192.0M)->2634.0M(8192.0M)]
 [Times: user=2.05 sys=0.01, real=0.07 secs] 
2018-10-15T09:28:06.120+0200: 162.706: Total time for which application threads were stopped: 0.0747644 seconds, Stopping threads took: 0.0006059 seconds
2018-10-15T09:28:06.578+0200: 163.164: Application time: 0.4576201 seconds
2018-10-15T09:28:06.579+0200: 163.165: [GC pause (G1 Evacuation Pause) (young)
Desired survivor size 310378496 bytes, new threshold 3 (max 15)
- age   1:  109956096 bytes,  109956096 total
- age   2:  115718224 bytes,  225674320 total
- age   3:  107448080 bytes,  333122400 total
, 0.0724298 secs]
   [Parallel Time: 68.1 ms, GC Workers: 30]
      [GC Worker Start (ms): Min: 163165.3, Avg: 163165.8, Max: 163166.5, Diff: 1.1]
      [Ext Root Scanning (ms): Min: 0.0, Avg: 0.4, Max: 1.8, Diff: 1.8, Sum: 12.3]
      [Update RS (ms): Min: 19.7, Avg: 20.8, Max: 21.1, Diff: 1.4, Sum: 623.5]
         [Processed Buffers: Min: 19, Avg: 23.5, Max: 31, Diff: 12, Sum: 706]
      [Scan RS (ms): Min: 1.6, Avg: 1.9, Max: 2.1, Diff: 0.5, Sum: 58.1]
      [Code Root Scanning (ms): Min: 0.0, Avg: 0.0, Max: 0.0, Diff: 0.0, Sum: 0.0]
      [Object Copy (ms): Min: 43.9, Avg: 44.0, Max: 44.1, Diff: 0.2, Sum: 1319.4]
      [Termination (ms): Min: 0.0, Avg: 0.1, Max: 0.2, Diff: 0.1, Sum: 2.5]
         [Termination Attempts: Min: 2, Avg: 5.3, Max: 8, Diff: 6, Sum: 158]
      [GC Worker Other (ms): Min: 0.0, Avg: 0.1, Max: 0.3, Diff: 0.2, Sum: 4.1]
      [GC Worker Total (ms): Min: 66.6, Avg: 67.3, Max: 67.8, Diff: 1.3, Sum: 2019.8]
      [GC Worker End (ms): Min: 163233.0, Avg: 163233.1, Max: 163233.3, Diff: 0.3]
   [Code Root Fixup: 0.0 ms]
   [Code Root Purge: 0.0 ms]
   [Clear CT: 1.0 ms]
   [Other: 3.4 ms]
      [Choose CSet: 0.0 ms]
      [Ref Proc: 0.5 ms]
      [Ref Enq: 0.0 ms]
      [Redirty Cards: 0.8 ms]
      [Humongous Register: 0.1 ms]
      [Humongous Reclaim: 0.1 ms]
      [Free CSet: 1.5 ms]
   [Eden: 4352.0M(4352.0M)->0.0B(4224.0M) Survivors: 356.0M->356.0M Heap: 6986.0M(8192.0M)->2760.0M(8192.0M)]
 [Times: user=2.06 sys=0.00, real=0.08 secs] 
2018-10-15T09:28:06.652+0200: 163.238: Total time for which application threads were stopped: 0.0737195 seconds, Stopping threads took: 0.0005567 seconds
2018-10-15T09:28:07.098+0200: 163.684: Application time: 0.4464622 seconds
2018-10-15T09:28:07.099+0200: 163.685: [GC pause (G1 Evacuation Pause) (young)
Desired survivor size 301989888 bytes, new threshold 3 (max 15)
- age   1:  115074824 bytes,  115074824 total
- age   2:  102880688 bytes,  217955512 total
- age   3:  114390144 bytes,  332345656 total
, 0.0680944 secs]
   [Parallel Time: 64.4 ms, GC Workers: 30]
      [GC Worker Start (ms): Min: 163685.6, Avg: 163686.1, Max: 163686.8, Diff: 1.2]
      [Ext Root Scanning (ms): Min: 0.0, Avg: 0.4, Max: 1.7, Diff: 1.7, Sum: 11.4]
      [Update RS (ms): Min: 17.8, Avg: 18.7, Max: 19.2, Diff: 1.4, Sum: 561.5]
         [Processed Buffers: Min: 17, Avg: 21.3, Max: 26, Diff: 9, Sum: 638]
      [Scan RS (ms): Min: 0.9, Avg: 1.3, Max: 1.5, Diff: 0.6, Sum: 39.2]
      [Code Root Scanning (ms): Min: 0.0, Avg: 0.0, Max: 0.0, Diff: 0.0, Sum: 0.0]
      [Object Copy (ms): Min: 42.8, Avg: 42.9, Max: 43.0, Diff: 0.2, Sum: 1288.0]
      [Termination (ms): Min: 0.0, Avg: 0.1, Max: 0.1, Diff: 0.1, Sum: 2.8]
         [Termination Attempts: Min: 1, Avg: 4.0, Max: 8, Diff: 7, Sum: 119]
      [GC Worker Other (ms): Min: 0.0, Avg: 0.1, Max: 0.3, Diff: 0.3, Sum: 4.0]
      [GC Worker Total (ms): Min: 62.8, Avg: 63.6, Max: 64.2, Diff: 1.4, Sum: 1906.9]
      [GC Worker End (ms): Min: 163749.6, Avg: 163749.7, Max: 163749.8, Diff: 0.3]
   [Code Root Fixup: 0.0 ms]
   [Code Root Purge: 0.0 ms]
   [Clear CT: 0.8 ms]
   [Other: 2.9 ms]
      [Choose CSet: 0.0 ms]
      [Ref Proc: 0.4 ms]
      [Ref Enq: 0.0 ms]
      [Redirty Cards: 0.7 ms]
      [Humongous Register: 0.1 ms]
      [Humongous Reclaim: 0.0 ms]
      [Free CSet: 1.2 ms]
   [Eden: 4224.0M(4224.0M)->0.0B(4108.0M) Survivors: 356.0M->344.0M Heap: 6984.0M(8192.0M)->2890.0M(8192.0M)]
 [Times: user=1.94 sys=0.00, real=0.07 secs] 
2018-10-15T09:28:07.168+0200: 163.754: Total time for which application threads were stopped: 0.0694036 seconds, Stopping threads took: 0.0005899 seconds
2018-10-15T09:28:07.596+0200: 164.182: Application time: 0.4287144 seconds
2018-10-15T09:28:07.597+0200: 164.183: [GC pause (G1 Evacuation Pause) (young)
Desired survivor size 293601280 bytes, new threshold 3 (max 15)
- age   1:  111018792 bytes,  111018792 total
- age   2:  110659760 bytes,  221678552 total
- age   3:  102017256 bytes,  323695808 total
, 0.0700683 secs]
   [Parallel Time: 66.2 ms, GC Workers: 30]
      [GC Worker Start (ms): Min: 164183.7, Avg: 164184.3, Max: 164185.1, Diff: 1.4]
      [Ext Root Scanning (ms): Min: 0.0, Avg: 0.3, Max: 1.8, Diff: 1.8, Sum: 10.3]
      [Update RS (ms): Min: 20.1, Avg: 20.7, Max: 21.1, Diff: 1.0, Sum: 621.7]
         [Processed Buffers: Min: 18, Avg: 23.2, Max: 29, Diff: 11, Sum: 697]
      [Scan RS (ms): Min: 1.1, Avg: 1.3, Max: 1.5, Diff: 0.5, Sum: 39.0]
      [Code Root Scanning (ms): Min: 0.0, Avg: 0.0, Max: 0.0, Diff: 0.0, Sum: 0.0]
      [Object Copy (ms): Min: 42.6, Avg: 42.6, Max: 42.8, Diff: 0.2, Sum: 1279.4]
      [Termination (ms): Min: 0.0, Avg: 0.0, Max: 0.0, Diff: 0.0, Sum: 0.3]
         [Termination Attempts: Min: 1, Avg: 1.2, Max: 2, Diff: 1, Sum: 36]
      [GC Worker Other (ms): Min: 0.0, Avg: 0.1, Max: 0.3, Diff: 0.3, Sum: 4.5]
      [GC Worker Total (ms): Min: 64.4, Avg: 65.2, Max: 65.9, Diff: 1.6, Sum: 1955.3]
      [GC Worker End (ms): Min: 164249.4, Avg: 164249.5, Max: 164249.7, Diff: 0.3]
   [Code Root Fixup: 0.0 ms]
   [Code Root Purge: 0.0 ms]
   [Clear CT: 0.8 ms]
   [Other: 3.0 ms]
      [Choose CSet: 0.0 ms]
      [Ref Proc: 0.4 ms]
      [Ref Enq: 0.0 ms]
      [Redirty Cards: 0.8 ms]
      [Humongous Register: 0.1 ms]
      [Humongous Reclaim: 0.0 ms]
      [Free CSet: 1.2 ms]
   [Eden: 4108.0M(4108.0M)->0.0B(4012.0M) Survivors: 344.0M->332.0M Heap: 6998.0M(8192.0M)->2998.0M(8192.0M)]
 [Times: user=1.98 sys=0.00, real=0.07 secs] 
2018-10-15T09:28:07.668+0200: 164.254: Total time for which application threads were stopped: 0.0713637 seconds, Stopping threads took: 0.0005652 seconds
2018-10-15T09:28:08.081+0200: 164.667: Application time: 0.4137754 seconds
2018-10-15T09:28:08.082+0200: 164.668: [GC pause (G1 Evacuation Pause) (young)
Desired survivor size 285212672 bytes, new threshold 3 (max 15)
- age   1:   97538064 bytes,   97538064 total
- age   2:  104901216 bytes,  202439280 total
- age   3:  107366552 bytes,  309805832 total
, 0.0729279 secs]
   [Parallel Time: 68.9 ms, GC Workers: 30]
      [GC Worker Start (ms): Min: 164668.8, Avg: 164669.4, Max: 164670.1, Diff: 1.3]
      [Ext Root Scanning (ms): Min: 0.0, Avg: 0.4, Max: 1.9, Diff: 1.9, Sum: 10.6]
      [Update RS (ms): Min: 18.7, Avg: 19.1, Max: 19.8, Diff: 1.1, Sum: 573.1]
         [Processed Buffers: Min: 17, Avg: 21.1, Max: 26, Diff: 9, Sum: 632]
      [Scan RS (ms): Min: 1.4, Avg: 1.9, Max: 2.2, Diff: 0.8, Sum: 57.9]
      [Code Root Scanning (ms): Min: 0.0, Avg: 0.0, Max: 0.0, Diff: 0.0, Sum: 0.0]
      [Object Copy (ms): Min: 45.9, Avg: 46.1, Max: 46.5, Diff: 0.5, Sum: 1381.5]
      [Termination (ms): Min: 0.0, Avg: 0.4, Max: 0.5, Diff: 0.5, Sum: 11.8]
         [Termination Attempts: Min: 1, Avg: 146.2, Max: 168, Diff: 167, Sum: 4385]
      [GC Worker Other (ms): Min: 0.0, Avg: 0.1, Max: 0.3, Diff: 0.3, Sum: 4.4]
      [GC Worker Total (ms): Min: 67.2, Avg: 68.0, Max: 68.7, Diff: 1.5, Sum: 2039.4]
      [GC Worker End (ms): Min: 164737.3, Avg: 164737.4, Max: 164737.5, Diff: 0.3]
   [Code Root Fixup: 0.0 ms]
   [Code Root Purge: 0.0 ms]
   [Clear CT: 1.0 ms]
   [Other: 3.0 ms]
      [Choose CSet: 0.0 ms]
      [Ref Proc: 0.4 ms]
      [Ref Enq: 0.0 ms]
      [Redirty Cards: 0.8 ms]
      [Humongous Register: 0.1 ms]
      [Humongous Reclaim: 0.0 ms]
      [Free CSet: 1.3 ms]
   [Eden: 4012.0M(4012.0M)->0.0B(3932.0M) Survivors: 332.0M->304.0M Heap: 7010.0M(8192.0M)->3106.0M(8192.0M)]
 [Times: user=2.06 sys=0.01, real=0.08 secs] 
2018-10-15T09:28:08.156+0200: 164.742: Total time for which application threads were stopped: 0.0741928 seconds, Stopping threads took: 0.0005674 seconds
2018-10-15T09:28:08.570+0200: 165.156: Application time: 0.4147270 seconds
2018-10-15T09:28:08.571+0200: 165.157: [GC pause (G1 Evacuation Pause) (young)
Desired survivor size 278921216 bytes, new threshold 3 (max 15)
- age   1:   91162160 bytes,   91162160 total
- age   2:   90382368 bytes,  181544528 total
- age   3:  104029520 bytes,  285574048 total
, 0.0628023 secs]
   [Parallel Time: 58.9 ms, GC Workers: 30]
      [GC Worker Start (ms): Min: 165157.7, Avg: 165158.5, Max: 165159.2, Diff: 1.5]
      [Ext Root Scanning (ms): Min: 0.0, Avg: 0.3, Max: 1.8, Diff: 1.8, Sum: 9.9]
      [Update RS (ms): Min: 19.3, Avg: 20.2, Max: 20.5, Diff: 1.2, Sum: 604.5]
         [Processed Buffers: Min: 19, Avg: 23.1, Max: 29, Diff: 10, Sum: 694]
      [Scan RS (ms): Min: 1.1, Avg: 1.4, Max: 1.5, Diff: 0.4, Sum: 40.5]
      [Code Root Scanning (ms): Min: 0.0, Avg: 0.0, Max: 0.0, Diff: 0.0, Sum: 0.0]
      [Object Copy (ms): Min: 35.9, Avg: 35.9, Max: 36.1, Diff: 0.3, Sum: 1078.4]
      [Termination (ms): Min: 0.0, Avg: 0.1, Max: 0.1, Diff: 0.1, Sum: 2.5]
         [Termination Attempts: Min: 1, Avg: 4.5, Max: 12, Diff: 11, Sum: 135]
      [GC Worker Other (ms): Min: 0.0, Avg: 0.1, Max: 0.2, Diff: 0.2, Sum: 3.3]
      [GC Worker Total (ms): Min: 57.3, Avg: 58.0, Max: 58.7, Diff: 1.4, Sum: 1739.2]
      [GC Worker End (ms): Min: 165216.3, Avg: 165216.4, Max: 165216.6, Diff: 0.2]
   [Code Root Fixup: 0.0 ms]
   [Code Root Purge: 0.0 ms]
   [Clear CT: 0.9 ms]
   [Other: 3.0 ms]
      [Choose CSet: 0.0 ms]
      [Ref Proc: 0.4 ms]
      [Ref Enq: 0.0 ms]
      [Redirty Cards: 0.8 ms]
      [Humongous Register: 0.1 ms]
      [Humongous Reclaim: 0.0 ms]
      [Free CSet: 1.2 ms]
   [Eden: 3932.0M(3932.0M)->0.0B(3852.0M) Survivors: 304.0M->280.0M Heap: 7038.0M(8192.0M)->3210.0M(8192.0M)]
 [Times: user=1.78 sys=0.00, real=0.07 secs] 
2018-10-15T09:28:08.634+0200: 165.220: Total time for which application threads were stopped: 0.0640509 seconds, Stopping threads took: 0.0005772 seconds
2018-10-15T09:28:09.041+0200: 165.627: Application time: 0.4069951 seconds
2018-10-15T09:28:09.042+0200: 165.628: [GC pause (G1 Evacuation Pause) (young)
Desired survivor size 272629760 bytes, new threshold 15 (max 15)
- age   1:   92729712 bytes,   92729712 total
- age   2:   79158816 bytes,  171888528 total
- age   3:   86195328 bytes,  258083856 total
, 0.0602781 secs]
   [Parallel Time: 56.9 ms, GC Workers: 30]
      [GC Worker Start (ms): Min: 165628.8, Avg: 165629.2, Max: 165629.9, Diff: 1.1]
      [Ext Root Scanning (ms): Min: 0.0, Avg: 0.4, Max: 1.9, Diff: 1.9, Sum: 12.7]
      [Update RS (ms): Min: 17.7, Avg: 18.8, Max: 19.2, Diff: 1.5, Sum: 565.1]
         [Processed Buffers: Min: 16, Avg: 20.9, Max: 27, Diff: 11, Sum: 626]
      [Scan RS (ms): Min: 1.6, Avg: 1.8, Max: 2.0, Diff: 0.4, Sum: 54.1]
      [Code Root Scanning (ms): Min: 0.0, Avg: 0.0, Max: 0.0, Diff: 0.0, Sum: 0.0]
      [Object Copy (ms): Min: 35.0, Avg: 35.1, Max: 35.2, Diff: 0.2, Sum: 1051.8]
      [Termination (ms): Min: 0.0, Avg: 0.0, Max: 0.0, Diff: 0.0, Sum: 0.2]
         [Termination Attempts: Min: 1, Avg: 1.0, Max: 1, Diff: 0, Sum: 30]
      [GC Worker Other (ms): Min: 0.0, Avg: 0.1, Max: 0.3, Diff: 0.3, Sum: 4.0]
      [GC Worker Total (ms): Min: 55.6, Avg: 56.3, Max: 56.8, Diff: 1.2, Sum: 1688.0]
      [GC Worker End (ms): Min: 165685.4, Avg: 165685.5, Max: 165685.6, Diff: 0.3]
   [Code Root Fixup: 0.0 ms]
   [Code Root Purge: 0.0 ms]
   [Clear CT: 0.9 ms]
   [Other: 2.5 ms]
      [Choose CSet: 0.0 ms]
      [Ref Proc: 0.4 ms]
      [Ref Enq: 0.0 ms]
      [Redirty Cards: 0.4 ms]
      [Humongous Register: 0.1 ms]
      [Humongous Reclaim: 0.0 ms]
      [Free CSet: 1.2 ms]
   [Eden: 3852.0M(3852.0M)->0.0B(3684.0M) Survivors: 280.0M->364.0M Heap: 7062.0M(8192.0M)->3296.0M(8192.0M)]
 [Times: user=1.70 sys=0.01, real=0.06 secs] 
2018-10-15T09:28:09.103+0200: 165.689: Total time for which application threads were stopped: 0.0615663 seconds, Stopping threads took: 0.0005967 seconds
2018-10-15T09:28:09.491+0200: 166.077: Application time: 0.3878582 seconds
2018-10-15T09:28:09.492+0200: 166.078: [GC pause (G1 Evacuation Pause) (young)
Desired survivor size 266338304 bytes, new threshold 4 (max 15)
- age   1:  100625040 bytes,  100625040 total
- age   2:   83350152 bytes,  183975192 total
- age   3:   74470512 bytes,  258445704 total
- age   4:   85365552 bytes,  343811256 total
, 0.0624354 secs]
   [Parallel Time: 58.6 ms, GC Workers: 30]
      [GC Worker Start (ms): Min: 166078.1, Avg: 166078.6, Max: 166079.2, Diff: 1.1]
      [Ext Root Scanning (ms): Min: 0.0, Avg: 0.4, Max: 1.8, Diff: 1.8, Sum: 11.3]
      [Update RS (ms): Min: 9.3, Avg: 10.3, Max: 10.8, Diff: 1.4, Sum: 309.6]
         [Processed Buffers: Min: 9, Avg: 12.6, Max: 17, Diff: 8, Sum: 379]
      [Scan RS (ms): Min: 0.0, Avg: 0.2, Max: 0.3, Diff: 0.3, Sum: 6.0]
      [Code Root Scanning (ms): Min: 0.0, Avg: 0.0, Max: 0.0, Diff: 0.0, Sum: 0.0]
      [Object Copy (ms): Min: 46.6, Avg: 46.8, Max: 46.9, Diff: 0.3, Sum: 1404.2]
      [Termination (ms): Min: 0.0, Avg: 0.0, Max: 0.0, Diff: 0.0, Sum: 0.4]
         [Termination Attempts: Min: 1, Avg: 2.1, Max: 4, Diff: 3, Sum: 62]
      [GC Worker Other (ms): Min: 0.0, Avg: 0.1, Max: 0.3, Diff: 0.3, Sum: 4.5]
      [GC Worker Total (ms): Min: 57.1, Avg: 57.9, Max: 58.4, Diff: 1.3, Sum: 1736.0]
      [GC Worker End (ms): Min: 166136.3, Avg: 166136.4, Max: 166136.6, Diff: 0.3]
   [Code Root Fixup: 0.0 ms]
   [Code Root Purge: 0.0 ms]
   [Clear CT: 0.9 ms]
   [Other: 2.9 ms]
      [Choose CSet: 0.0 ms]
      [Ref Proc: 0.5 ms]
      [Ref Enq: 0.0 ms]
      [Redirty Cards: 0.8 ms]
      [Humongous Register: 0.1 ms]
      [Humongous Reclaim: 0.1 ms]
      [Free CSet: 1.1 ms]
   [Eden: 3684.0M(3684.0M)->0.0B(3556.0M) Survivors: 364.0M->372.0M Heap: 6980.0M(8192.0M)->3410.8M(8192.0M)]
 [Times: user=1.76 sys=0.00, real=0.06 secs] 
2018-10-15T09:28:09.554+0200: 166.140: Total time for which application threads were stopped: 0.0636661 seconds, Stopping threads took: 0.0005697 seconds
2018-10-15T09:28:09.917+0200: 166.503: Application time: 0.3630057 seconds
2018-10-15T09:28:09.918+0200: 166.505: [GC pause (G1 Evacuation Pause) (young)
Desired survivor size 257949696 bytes, new threshold 3 (max 15)
- age   1:  100111896 bytes,  100111896 total
- age   2:   95810264 bytes,  195922160 total
- age   3:   82528968 bytes,  278451128 total
- age   4:   74049512 bytes,  352500640 total
, 0.0715433 secs]
   [Parallel Time: 67.5 ms, GC Workers: 30]
      [GC Worker Start (ms): Min: 166504.8, Avg: 166505.2, Max: 166505.8, Diff: 1.0]
      [Ext Root Scanning (ms): Min: 0.0, Avg: 0.4, Max: 1.8, Diff: 1.8, Sum: 13.1]
      [Update RS (ms): Min: 18.7, Avg: 19.8, Max: 20.6, Diff: 1.9, Sum: 593.4]
         [Processed Buffers: Min: 19, Avg: 22.7, Max: 30, Diff: 11, Sum: 681]
      [Scan RS (ms): Min: 0.5, Avg: 1.3, Max: 1.5, Diff: 1.0, Sum: 38.4]
      [Code Root Scanning (ms): Min: 0.0, Avg: 0.0, Max: 0.0, Diff: 0.0, Sum: 0.0]
      [Object Copy (ms): Min: 45.1, Avg: 45.1, Max: 45.2, Diff: 0.1, Sum: 1353.1]
      [Termination (ms): Min: 0.0, Avg: 0.0, Max: 0.0, Diff: 0.0, Sum: 0.6]
         [Termination Attempts: Min: 1, Avg: 8.9, Max: 14, Diff: 13, Sum: 266]
      [GC Worker Other (ms): Min: 0.0, Avg: 0.1, Max: 0.3, Diff: 0.3, Sum: 4.2]
      [GC Worker Total (ms): Min: 66.2, Avg: 66.8, Max: 67.3, Diff: 1.1, Sum: 2002.8]
      [GC Worker End (ms): Min: 166571.9, Avg: 166572.0, Max: 166572.1, Diff: 0.3]
   [Code Root Fixup: 0.0 ms]
   [Code Root Purge: 0.0 ms]
   [Clear CT: 0.9 ms]
   [Other: 3.2 ms]
      [Choose CSet: 0.0 ms]
      [Ref Proc: 0.5 ms]
      [Ref Enq: 0.0 ms]
      [Redirty Cards: 1.0 ms]
      [Humongous Register: 0.1 ms]
      [Humongous Reclaim: 0.1 ms]
      [Free CSet: 1.2 ms]
   [Eden: 3556.0M(3556.0M)->0.0B(3508.0M) Survivors: 372.0M->304.0M Heap: 6966.8M(8192.0M)->3530.0M(8192.0M)]
 [Times: user=2.03 sys=0.01, real=0.07 secs] 
2018-10-15T09:28:09.990+0200: 166.576: Total time for which application threads were stopped: 0.0728123 seconds, Stopping threads took: 0.0005563 seconds
2018-10-15T09:28:10.360+0200: 166.947: Application time: 0.3702409 seconds
2018-10-15T09:28:10.362+0200: 166.948: [GC pause (G1 Evacuation Pause) (young)
Desired survivor size 251658240 bytes, new threshold 3 (max 15)
- age   1:   93067872 bytes,   93067872 total
- age   2:   91572528 bytes,  184640400 total
- age   3:   94558000 bytes,  279198400 total
, 0.0675903 secs]
   [Parallel Time: 64.2 ms, GC Workers: 30]
      [GC Worker Start (ms): Min: 166947.9, Avg: 166948.2, Max: 166948.7, Diff: 0.8]
      [Ext Root Scanning (ms): Min: 0.0, Avg: 0.5, Max: 1.9, Diff: 1.9, Sum: 13.8]
      [Update RS (ms): Min: 20.4, Avg: 21.3, Max: 21.6, Diff: 1.2, Sum: 639.3]
         [Processed Buffers: Min: 21, Avg: 25.0, Max: 30, Diff: 9, Sum: 750]
      [Scan RS (ms): Min: 1.0, Avg: 1.2, Max: 1.4, Diff: 0.4, Sum: 37.1]
      [Code Root Scanning (ms): Min: 0.0, Avg: 0.0, Max: 0.0, Diff: 0.0, Sum: 0.0]
      [Object Copy (ms): Min: 40.4, Avg: 40.5, Max: 40.6, Diff: 0.2, Sum: 1216.2]
      [Termination (ms): Min: 0.0, Avg: 0.1, Max: 0.2, Diff: 0.2, Sum: 2.9]
         [Termination Attempts: Min: 1, Avg: 5.4, Max: 8, Diff: 7, Sum: 162]
      [GC Worker Other (ms): Min: 0.0, Avg: 0.1, Max: 0.2, Diff: 0.2, Sum: 2.5]
      [GC Worker Total (ms): Min: 63.2, Avg: 63.7, Max: 64.1, Diff: 0.8, Sum: 1911.8]
      [GC Worker End (ms): Min: 167011.8, Avg: 167011.9, Max: 167012.0, Diff: 0.2]
   [Code Root Fixup: 0.0 ms]
   [Code Root Purge: 0.0 ms]
   [Clear CT: 0.8 ms]
   [Other: 2.5 ms]
      [Choose CSet: 0.0 ms]
      [Ref Proc: 0.4 ms]
      [Ref Enq: 0.0 ms]
      [Redirty Cards: 0.6 ms]
      [Humongous Register: 0.1 ms]
      [Humongous Reclaim: 0.1 ms]
      [Free CSet: 1.0 ms]
   [Eden: 3508.0M(3508.0M)->0.0B(3436.0M) Survivors: 304.0M->280.0M Heap: 7038.0M(8192.0M)->3626.0M(8192.0M)]
 [Times: user=1.94 sys=0.00, real=0.07 secs] 
2018-10-15T09:28:10.429+0200: 167.015: Total time for which application threads were stopped: 0.0688401 seconds, Stopping threads took: 0.0005794 seconds
2018-10-15T09:28:10.800+0200: 167.386: Application time: 0.3705282 seconds
2018-10-15T09:28:10.801+0200: 167.387: [GC pause (G1 Evacuation Pause) (young)
Desired survivor size 245366784 bytes, new threshold 3 (max 15)
- age   1:   89143536 bytes,   89143536 total
- age   2:   84586576 bytes,  173730112 total
- age   3:   91130344 bytes,  264860456 total
, 0.0612134 secs]
   [Parallel Time: 57.5 ms, GC Workers: 30]
      [GC Worker Start (ms): Min: 167387.3, Avg: 167387.4, Max: 167387.8, Diff: 0.5]
      [Ext Root Scanning (ms): Min: 0.2, Avg: 0.6, Max: 1.9, Diff: 1.8, Sum: 17.0]
      [Update RS (ms): Min: 18.7, Avg: 19.8, Max: 20.1, Diff: 1.4, Sum: 595.3]
         [Processed Buffers: Min: 18, Avg: 22.5, Max: 30, Diff: 12, Sum: 674]
      [Scan RS (ms): Min: 1.4, Avg: 1.7, Max: 1.9, Diff: 0.5, Sum: 50.9]
      [Code Root Scanning (ms): Min: 0.0, Avg: 0.0, Max: 0.0, Diff: 0.0, Sum: 0.0]
      [Object Copy (ms): Min: 34.8, Avg: 34.9, Max: 35.0, Diff: 0.2, Sum: 1047.2]
      [Termination (ms): Min: 0.0, Avg: 0.0, Max: 0.0, Diff: 0.0, Sum: 0.1]
         [Termination Attempts: Min: 1, Avg: 1.0, Max: 1, Diff: 0, Sum: 30]
      [GC Worker Other (ms): Min: 0.0, Avg: 0.1, Max: 0.3, Diff: 0.3, Sum: 4.4]
      [GC Worker Total (ms): Min: 56.9, Avg: 57.2, Max: 57.4, Diff: 0.6, Sum: 1715.0]
      [GC Worker End (ms): Min: 167444.5, Avg: 167444.6, Max: 167444.7, Diff: 0.3]
   [Code Root Fixup: 0.0 ms]
   [Code Root Purge: 0.0 ms]
   [Clear CT: 0.8 ms]
   [Other: 2.8 ms]
      [Choose CSet: 0.0 ms]
      [Ref Proc: 0.5 ms]
      [Ref Enq: 0.0 ms]
      [Redirty Cards: 0.8 ms]
      [Humongous Register: 0.1 ms]
      [Humongous Reclaim: 0.1 ms]
      [Free CSet: 1.0 ms]
   [Eden: 3436.0M(3436.0M)->0.0B(3300.0M) Survivors: 280.0M->292.0M Heap: 7062.0M(8192.0M)->3750.0M(8192.0M)]
 [Times: user=1.73 sys=0.00, real=0.06 secs] 
2018-10-15T09:28:10.862+0200: 167.448: Total time for which application threads were stopped: 0.0624730 seconds, Stopping threads took: 0.0005703 seconds
2018-10-15T09:28:11.204+0200: 167.790: Application time: 0.3412943 seconds
2018-10-15T09:28:11.205+0200: 167.791: [GC pause (G1 Evacuation Pause) (young)
Desired survivor size 236978176 bytes, new threshold 3 (max 15)
- age   1:   95336608 bytes,   95336608 total
- age   2:   81600976 bytes,  176937584 total
- age   3:   84277184 bytes,  261214768 total
, 0.0673836 secs]
   [Parallel Time: 63.7 ms, GC Workers: 30]
      [GC Worker Start (ms): Min: 167791.1, Avg: 167792.0, Max: 167792.8, Diff: 1.7]
      [Ext Root Scanning (ms): Min: 0.0, Avg: 0.3, Max: 1.8, Diff: 1.8, Sum: 8.9]
      [Update RS (ms): Min: 21.3, Avg: 21.9, Max: 22.4, Diff: 1.0, Sum: 658.4]
         [Processed Buffers: Min: 20, Avg: 24.6, Max: 31, Diff: 11, Sum: 737]
      [Scan RS (ms): Min: 1.6, Avg: 1.8, Max: 1.9, Diff: 0.4, Sum: 53.6]
      [Code Root Scanning (ms): Min: 0.0, Avg: 0.0, Max: 0.0, Diff: 0.0, Sum: 0.0]
      [Object Copy (ms): Min: 38.2, Avg: 38.3, Max: 38.4, Diff: 0.2, Sum: 1148.6]
      [Termination (ms): Min: 0.0, Avg: 0.1, Max: 0.2, Diff: 0.2, Sum: 2.4]
         [Termination Attempts: Min: 1, Avg: 5.6, Max: 9, Diff: 8, Sum: 169]
      [GC Worker Other (ms): Min: 0.0, Avg: 0.1, Max: 0.2, Diff: 0.2, Sum: 2.8]
      [GC Worker Total (ms): Min: 61.7, Avg: 62.5, Max: 63.5, Diff: 1.8, Sum: 1874.8]
      [GC Worker End (ms): Min: 167854.4, Avg: 167854.5, Max: 167854.6, Diff: 0.2]
   [Code Root Fixup: 0.0 ms]
   [Code Root Purge: 0.0 ms]
   [Clear CT: 0.8 ms]
   [Other: 2.8 ms]
      [Choose CSet: 0.0 ms]
      [Ref Proc: 0.4 ms]
      [Ref Enq: 0.0 ms]
      [Redirty Cards: 0.8 ms]
      [Humongous Register: 0.1 ms]
      [Humongous Reclaim: 0.1 ms]
      [Free CSet: 1.1 ms]
   [Eden: 3300.0M(3300.0M)->0.0B(3208.0M) Survivors: 292.0M->284.0M Heap: 7050.0M(8192.0M)->3850.0M(8192.0M)]
 [Times: user=1.91 sys=0.00, real=0.07 secs] 
2018-10-15T09:28:11.272+0200: 167.858: Total time for which application threads were stopped: 0.0686247 seconds, Stopping threads took: 0.0005657 seconds
2018-10-15T09:28:11.613+0200: 168.199: Application time: 0.3403327 seconds
2018-10-15T09:28:11.614+0200: 168.200: [GC pause (G1 Evacuation Pause) (young)
Desired survivor size 230686720 bytes, new threshold 3 (max 15)
- age   1:   85782152 bytes,   85782152 total
- age   2:   88774200 bytes,  174556352 total
- age   3:   80873264 bytes,  255429616 total
, 0.0644765 secs]
   [Parallel Time: 60.9 ms, GC Workers: 30]
      [GC Worker Start (ms): Min: 168200.0, Avg: 168200.3, Max: 168200.8, Diff: 0.9]
      [Ext Root Scanning (ms): Min: 0.0, Avg: 0.4, Max: 1.7, Diff: 1.7, Sum: 12.1]
      [Update RS (ms): Min: 18.0, Avg: 19.3, Max: 20.0, Diff: 1.9, Sum: 580.1]
         [Processed Buffers: Min: 18, Avg: 22.2, Max: 32, Diff: 14, Sum: 665]
      [Scan RS (ms): Min: 1.4, Avg: 2.1, Max: 2.5, Diff: 1.1, Sum: 64.1]
      [Code Root Scanning (ms): Min: 0.0, Avg: 0.0, Max: 0.0, Diff: 0.0, Sum: 0.0]
      [Object Copy (ms): Min: 38.1, Avg: 38.2, Max: 38.4, Diff: 0.3, Sum: 1146.4]
      [Termination (ms): Min: 0.0, Avg: 0.1, Max: 0.1, Diff: 0.1, Sum: 2.1]
         [Termination Attempts: Min: 1, Avg: 43.2, Max: 58, Diff: 57, Sum: 1296]
      [GC Worker Other (ms): Min: 0.0, Avg: 0.1, Max: 0.3, Diff: 0.2, Sum: 4.0]
      [GC Worker Total (ms): Min: 59.8, Avg: 60.3, Max: 60.7, Diff: 0.9, Sum: 1809.0]
      [GC Worker End (ms): Min: 168260.5, Avg: 168260.6, Max: 168260.7, Diff: 0.2]
   [Code Root Fixup: 0.0 ms]
   [Code Root Purge: 0.0 ms]
   [Clear CT: 0.8 ms]
   [Other: 2.7 ms]
      [Choose CSet: 0.0 ms]
      [Ref Proc: 0.4 ms]
      [Ref Enq: 0.0 ms]
      [Redirty Cards: 0.8 ms]
      [Humongous Register: 0.1 ms]
      [Humongous Reclaim: 0.1 ms]
      [Free CSet: 1.0 ms]
   [Eden: 3208.0M(3208.0M)->0.0B(3124.0M) Survivors: 284.0M->276.0M Heap: 7058.0M(8192.0M)->3940.5M(8192.0M)]
 [Times: user=1.83 sys=0.00, real=0.06 secs] 
2018-10-15T09:28:11.678+0200: 168.264: Total time for which application threads were stopped: 0.0656892 seconds, Stopping threads took: 0.0005176 seconds
2018-10-15T09:28:11.999+0200: 168.585: Application time: 0.3210003 seconds
2018-10-15T09:28:12.000+0200: 168.586: [GC pause (G1 Evacuation Pause) (young) (initial-mark)
Desired survivor size 224395264 bytes, new threshold 3 (max 15)
- age   1:   91358768 bytes,   91358768 total
- age   2:   78699624 bytes,  170058392 total
- age   3:   88181600 bytes,  258239992 total
, 0.0689262 secs]
   [Parallel Time: 65.8 ms, GC Workers: 30]
      [GC Worker Start (ms): Min: 168586.9, Avg: 168587.7, Max: 168588.3, Diff: 1.4]
      [Ext Root Scanning (ms): Min: 1.7, Avg: 2.2, Max: 3.0, Diff: 1.3, Sum: 66.8]
      [Update RS (ms): Min: 29.7, Avg: 30.2, Max: 31.2, Diff: 1.6, Sum: 906.9]
         [Processed Buffers: Min: 28, Avg: 34.2, Max: 43, Diff: 15, Sum: 1025]
      [Scan RS (ms): Min: 0.0, Avg: 0.1, Max: 0.3, Diff: 0.2, Sum: 3.7]
      [Code Root Scanning (ms): Min: 0.0, Avg: 0.0, Max: 0.0, Diff: 0.0, Sum: 0.0]
      [Object Copy (ms): Min: 31.6, Avg: 32.0, Max: 32.2, Diff: 0.6, Sum: 958.9]
      [Termination (ms): Min: 0.0, Avg: 0.1, Max: 0.2, Diff: 0.1, Sum: 2.1]
         [Termination Attempts: Min: 2, Avg: 5.7, Max: 8, Diff: 6, Sum: 170]
      [GC Worker Other (ms): Min: 0.0, Avg: 0.1, Max: 0.2, Diff: 0.2, Sum: 3.3]
      [GC Worker Total (ms): Min: 64.1, Avg: 64.7, Max: 65.4, Diff: 1.3, Sum: 1941.7]
      [GC Worker End (ms): Min: 168652.3, Avg: 168652.4, Max: 168652.5, Diff: 0.2]
   [Code Root Fixup: 0.0 ms]
   [Code Root Purge: 0.0 ms]
   [Clear CT: 0.6 ms]
   [Other: 2.5 ms]
      [Choose CSet: 0.0 ms]
      [Ref Proc: 0.5 ms]
      [Ref Enq: 0.0 ms]
      [Redirty Cards: 0.6 ms]
      [Humongous Register: 0.1 ms]
      [Humongous Reclaim: 0.1 ms]
      [Free CSet: 0.8 ms]
   [Eden: 3124.0M(3124.0M)->0.0B(3036.0M) Survivors: 276.0M->264.0M Heap: 7064.5M(8192.0M)->4040.0M(8192.0M)]
 [Times: user=1.91 sys=0.01, real=0.07 secs] 
2018-10-15T09:28:12.070+0200: 168.656: [GC concurrent-root-region-scan-start]
2018-10-15T09:28:12.070+0200: 168.656: Total time for which application threads were stopped: 0.0703359 seconds, Stopping threads took: 0.0005875 seconds
2018-10-15T09:28:12.111+0200: 168.697: [GC concurrent-root-region-scan-end, 0.0414452 secs]
2018-10-15T09:28:12.111+0200: 168.697: [GC concurrent-mark-start]
2018-10-15T09:28:12.494+0200: 169.080: [GC concurrent-mark-end, 0.3826237 secs]
2018-10-15T09:28:12.494+0200: 169.080: Application time: 0.4240538 seconds
2018-10-15T09:28:12.495+0200: 169.081: [GC remark 2018-10-15T09:28:12.495+0200: 169.081: [Finalize Marking, 0.0007498 secs] 2018-10-15T09:28:12.496+0200: 169.082: [GC ref-proc, 0.0011625 secs] 2018-10-15T09:28:12.497+0200: 169.083: [Unloading, 0.0143642 secs], 0.0176770 secs]
 [Times: user=0.41 sys=0.01, real=0.02 secs] 
2018-10-15T09:28:12.512+0200: 169.099: Total time for which application threads were stopped: 0.0187910 seconds, Stopping threads took: 0.0005831 seconds
2018-10-15T09:28:12.513+0200: 169.099: Application time: 0.0000530 seconds
2018-10-15T09:28:12.513+0200: 169.099: [GC cleanup 7016M->5532M(8192M), 0.0073577 secs]
 [Times: user=0.17 sys=0.00, real=0.00 secs] 
2018-10-15T09:28:12.520+0200: 169.106: Total time for which application threads were stopped: 0.0078480 seconds, Stopping threads took: 0.0000600 seconds
2018-10-15T09:28:12.520+0200: 169.106: [GC concurrent-cleanup-start]
2018-10-15T09:28:12.522+0200: 169.108: [GC concurrent-cleanup-end, 0.0017073 secs]
2018-10-15T09:28:12.529+0200: 169.115: Application time: 0.0084952 seconds
2018-10-15T09:28:12.530+0200: 169.116: [GC pause (G1 Evacuation Pause) (young)
Desired survivor size 218103808 bytes, new threshold 3 (max 15)
- age   1:   78371984 bytes,   78371984 total
- age   2:   85025176 bytes,  163397160 total
- age   3:   77897680 bytes,  241294840 total
, 0.0616728 secs]
   [Parallel Time: 58.8 ms, GC Workers: 30]
      [GC Worker Start (ms): Min: 169116.0, Avg: 169116.1, Max: 169116.3, Diff: 0.3]
      [Ext Root Scanning (ms): Min: 0.3, Avg: 0.5, Max: 1.1, Diff: 0.8, Sum: 15.3]
      [Update RS (ms): Min: 17.0, Avg: 17.6, Max: 17.9, Diff: 0.9, Sum: 526.8]
         [Processed Buffers: Min: 16, Avg: 22.1, Max: 30, Diff: 14, Sum: 664]
      [Scan RS (ms): Min: 1.7, Avg: 2.1, Max: 2.2, Diff: 0.5, Sum: 61.7]
      [Code Root Scanning (ms): Min: 0.0, Avg: 0.0, Max: 0.0, Diff: 0.0, Sum: 0.0]
      [Object Copy (ms): Min: 37.8, Avg: 38.0, Max: 38.2, Diff: 0.3, Sum: 1138.7]
      [Termination (ms): Min: 0.0, Avg: 0.2, Max: 0.3, Diff: 0.3, Sum: 6.9]
         [Termination Attempts: Min: 1, Avg: 113.7, Max: 128, Diff: 127, Sum: 3411]
      [GC Worker Other (ms): Min: 0.0, Avg: 0.1, Max: 0.2, Diff: 0.2, Sum: 3.2]
      [GC Worker Total (ms): Min: 58.2, Avg: 58.4, Max: 58.6, Diff: 0.4, Sum: 1752.6]
      [GC Worker End (ms): Min: 169174.5, Avg: 169174.6, Max: 169174.7, Diff: 0.2]
   [Code Root Fixup: 0.0 ms]
   [Code Root Purge: 0.0 ms]
   [Clear CT: 0.7 ms]
   [Other: 2.2 ms]
      [Choose CSet: 0.0 ms]
      [Ref Proc: 0.3 ms]
      [Ref Enq: 0.0 ms]
      [Redirty Cards: 0.6 ms]
      [Humongous Register: 0.1 ms]
      [Humongous Reclaim: 0.0 ms]
      [Free CSet: 0.9 ms]
   [Eden: 3036.0M(3036.0M)->0.0B(140.0M) Survivors: 264.0M->268.0M Heap: 5592.0M(8192.0M)->2660.0M(8192.0M)]
 [Times: user=1.77 sys=0.00, real=0.07 secs] 
2018-10-15T09:28:12.592+0200: 169.178: Total time for which application threads were stopped: 0.0627859 seconds, Stopping threads took: 0.0004450 seconds
2018-10-15T09:28:12.609+0200: 169.195: Application time: 0.0175931 seconds
2018-10-15T09:28:12.610+0200: 169.196: [GC pause (G1 Evacuation Pause) (mixed)
Desired survivor size 27262976 bytes, new threshold 1 (max 15)
- age   1:   82894888 bytes,   82894888 total
- age   2:   73934176 bytes,  156829064 total
- age   3:   83658464 bytes,  240487528 total
, 0.0610500 secs]
   [Parallel Time: 57.3 ms, GC Workers: 30]
      [GC Worker Start (ms): Min: 169196.5, Avg: 169196.9, Max: 169197.8, Diff: 1.3]
      [Ext Root Scanning (ms): Min: 0.0, Avg: 0.3, Max: 1.8, Diff: 1.8, Sum: 10.4]
      [Update RS (ms): Min: 20.5, Avg: 21.6, Max: 22.1, Diff: 1.5, Sum: 648.6]
         [Processed Buffers: Min: 27, Avg: 33.4, Max: 42, Diff: 15, Sum: 1002]
      [Scan RS (ms): Min: 1.0, Avg: 1.3, Max: 1.5, Diff: 0.5, Sum: 39.8]
      [Code Root Scanning (ms): Min: 0.0, Avg: 0.0, Max: 0.0, Diff: 0.0, Sum: 0.0]
      [Object Copy (ms): Min: 30.2, Avg: 30.5, Max: 33.2, Diff: 2.9, Sum: 914.6]
      [Termination (ms): Min: 0.1, Avg: 2.8, Max: 3.0, Diff: 2.9, Sum: 83.9]
         [Termination Attempts: Min: 1, Avg: 67.0, Max: 81, Diff: 80, Sum: 2011]
      [GC Worker Other (ms): Min: 0.0, Avg: 0.0, Max: 0.1, Diff: 0.1, Sum: 1.0]
      [GC Worker Total (ms): Min: 55.8, Avg: 56.6, Max: 57.1, Diff: 1.3, Sum: 1698.4]
      [GC Worker End (ms): Min: 169253.5, Avg: 169253.6, Max: 169253.7, Diff: 0.1]
   [Code Root Fixup: 0.0 ms]
   [Code Root Purge: 0.0 ms]
   [Clear CT: 0.6 ms]
   [Other: 3.1 ms]
      [Choose CSet: 0.2 ms]
      [Ref Proc: 0.3 ms]
      [Ref Enq: 0.0 ms]
      [Redirty Cards: 1.0 ms]
      [Humongous Register: 0.1 ms]
      [Humongous Reclaim: 0.0 ms]
      [Free CSet: 1.0 ms]
   [Eden: 140.0M(140.0M)->0.0B(356.0M) Survivors: 268.0M->52.0M Heap: 2800.0M(8192.0M)->1892.0M(8192.0M)]
 [Times: user=1.73 sys=0.00, real=0.06 secs] 
2018-10-15T09:28:12.671+0200: 169.257: Total time for which application threads were stopped: 0.0620491 seconds, Stopping threads took: 0.0003708 seconds
2018-10-15T09:28:12.726+0200: 169.312: Application time: 0.0548985 seconds
2018-10-15T09:28:12.727+0200: 169.313: [GC pause (G1 Evacuation Pause) (mixed)
Desired survivor size 27262976 bytes, new threshold 15 (max 15)
- age   1:    2987064 bytes,    2987064 total
, 0.0273129 secs]
   [Parallel Time: 24.2 ms, GC Workers: 30]
      [GC Worker Start (ms): Min: 169313.5, Avg: 169314.2, Max: 169314.8, Diff: 1.3]
      [Ext Root Scanning (ms): Min: 0.0, Avg: 0.3, Max: 1.6, Diff: 1.6, Sum: 9.4]
      [Update RS (ms): Min: 17.8, Avg: 18.5, Max: 19.1, Diff: 1.3, Sum: 554.7]
         [Processed Buffers: Min: 14, Avg: 29.4, Max: 39, Diff: 25, Sum: 881]
      [Scan RS (ms): Min: 0.7, Avg: 1.2, Max: 1.4, Diff: 0.7, Sum: 36.3]
      [Code Root Scanning (ms): Min: 0.0, Avg: 0.0, Max: 0.3, Diff: 0.3, Sum: 0.5]
      [Object Copy (ms): Min: 3.1, Avg: 3.3, Max: 3.4, Diff: 0.3, Sum: 99.3]
      [Termination (ms): Min: 0.0, Avg: 0.0, Max: 0.0, Diff: 0.0, Sum: 0.2]
         [Termination Attempts: Min: 1, Avg: 1.7, Max: 3, Diff: 2, Sum: 51]
      [GC Worker Other (ms): Min: 0.0, Avg: 0.1, Max: 0.1, Diff: 0.1, Sum: 1.7]
      [GC Worker Total (ms): Min: 22.7, Avg: 23.4, Max: 24.1, Diff: 1.3, Sum: 702.0]
      [GC Worker End (ms): Min: 169337.6, Avg: 169337.6, Max: 169337.7, Diff: 0.1]
   [Code Root Fixup: 0.0 ms]
   [Code Root Purge: 0.0 ms]
   [Clear CT: 0.7 ms]
   [Other: 2.4 ms]
      [Choose CSet: 0.1 ms]
      [Ref Proc: 0.4 ms]
      [Ref Enq: 0.0 ms]
      [Redirty Cards: 0.3 ms]
      [Humongous Register: 0.1 ms]
      [Humongous Reclaim: 0.0 ms]
      [Free CSet: 0.9 ms]
   [Eden: 356.0M(356.0M)->0.0B(4860.0M) Survivors: 52.0M->52.0M Heap: 2248.0M(8192.0M)->1372.0M(8192.0M)]
 [Times: user=0.71 sys=0.00, real=0.03 secs] 
2018-10-15T09:28:12.755+0200: 169.341: Total time for which application threads were stopped: 0.0282946 seconds, Stopping threads took: 0.0003482 seconds
2018-10-15T09:28:13.249+0200: 169.835: Application time: 0.4943274 seconds
2018-10-15T09:28:13.250+0200: 169.836: [GC pause (G1 Evacuation Pause) (young)
Desired survivor size 322961408 bytes, new threshold 15 (max 15)
- age   1:    9137160 bytes,    9137160 total
- age   2:    2539856 bytes,   11677016 total
, 0.0348805 secs]
   [Parallel Time: 31.2 ms, GC Workers: 30]
      [GC Worker Start (ms): Min: 169836.2, Avg: 169837.1, Max: 169838.0, Diff: 1.7]
      [Ext Root Scanning (ms): Min: 0.0, Avg: 0.3, Max: 1.9, Diff: 1.9, Sum: 10.1]
      [Update RS (ms): Min: 10.0, Avg: 10.9, Max: 11.3, Diff: 1.3, Sum: 327.1]
         [Processed Buffers: Min: 10, Avg: 12.6, Max: 17, Diff: 7, Sum: 379]
      [Scan RS (ms): Min: 0.1, Avg: 0.2, Max: 0.4, Diff: 0.4, Sum: 5.9]
      [Code Root Scanning (ms): Min: 0.0, Avg: 0.0, Max: 0.0, Diff: 0.0, Sum: 0.1]
      [Object Copy (ms): Min: 18.3, Avg: 18.5, Max: 18.6, Diff: 0.4, Sum: 555.6]
      [Termination (ms): Min: 0.0, Avg: 0.0, Max: 0.0, Diff: 0.0, Sum: 0.2]
         [Termination Attempts: Min: 1, Avg: 1.1, Max: 2, Diff: 1, Sum: 32]
      [GC Worker Other (ms): Min: 0.0, Avg: 0.2, Max: 0.3, Diff: 0.3, Sum: 4.5]
      [GC Worker Total (ms): Min: 29.4, Avg: 30.1, Max: 31.0, Diff: 1.6, Sum: 903.4]
      [GC Worker End (ms): Min: 169867.1, Avg: 169867.2, Max: 169867.4, Diff: 0.3]
   [Code Root Fixup: 0.0 ms]
   [Code Root Purge: 0.0 ms]
   [Clear CT: 0.8 ms]
   [Other: 2.8 ms]
      [Choose CSet: 0.0 ms]
      [Ref Proc: 0.5 ms]
      [Ref Enq: 0.0 ms]
      [Redirty Cards: 0.4 ms]
      [Humongous Register: 0.1 ms]
      [Humongous Reclaim: 0.0 ms]
      [Free CSet: 1.4 ms]
   [Eden: 4860.0M(4860.0M)->0.0B(4760.0M) Survivors: 52.0M->152.0M Heap: 6232.0M(8192.0M)->1471.5M(8192.0M)]
 [Times: user=0.93 sys=0.00, real=0.04 secs] 
2018-10-15T09:28:13.285+0200: 169.871: Total time for which application threads were stopped: 0.0361328 seconds, Stopping threads took: 0.0005697 seconds
2018-10-15T09:28:13.775+0200: 170.361: Application time: 0.4899198 seconds
2018-10-15T09:28:13.776+0200: 170.362: [GC pause (G1 Evacuation Pause) (young)
Desired survivor size 322961408 bytes, new threshold 15 (max 15)
- age   1:  118607624 bytes,  118607624 total
- age   2:    8295680 bytes,  126903304 total
- age   3:    2394376 bytes,  129297680 total
, 0.0498906 secs]
   [Parallel Time: 46.2 ms, GC Workers: 30]
      [GC Worker Start (ms): Min: 170362.3, Avg: 170362.7, Max: 170363.4, Diff: 1.2]
      [Ext Root Scanning (ms): Min: 0.0, Avg: 0.4, Max: 1.8, Diff: 1.8, Sum: 12.5]
      [Update RS (ms): Min: 8.7, Avg: 9.5, Max: 9.8, Diff: 1.1, Sum: 285.8]
         [Processed Buffers: Min: 8, Avg: 11.5, Max: 16, Diff: 8, Sum: 344]
      [Scan RS (ms): Min: 0.1, Avg: 0.2, Max: 0.4, Diff: 0.3, Sum: 6.5]
      [Code Root Scanning (ms): Min: 0.0, Avg: 0.0, Max: 0.0, Diff: 0.0, Sum: 0.1]
      [Object Copy (ms): Min: 35.0, Avg: 35.0, Max: 35.2, Diff: 0.2, Sum: 1051.3]
      [Termination (ms): Min: 0.0, Avg: 0.1, Max: 0.2, Diff: 0.2, Sum: 4.2]
         [Termination Attempts: Min: 1, Avg: 46.9, Max: 57, Diff: 56, Sum: 1407]
      [GC Worker Other (ms): Min: 0.0, Avg: 0.1, Max: 0.3, Diff: 0.2, Sum: 4.4]
      [GC Worker Total (ms): Min: 44.6, Avg: 45.5, Max: 46.0, Diff: 1.4, Sum: 1364.7]
      [GC Worker End (ms): Min: 170408.0, Avg: 170408.2, Max: 170408.3, Diff: 0.2]
   [Code Root Fixup: 0.0 ms]
   [Code Root Purge: 0.0 ms]
   [Clear CT: 1.0 ms]
   [Other: 2.7 ms]
      [Choose CSet: 0.0 ms]
      [Ref Proc: 0.5 ms]
      [Ref Enq: 0.0 ms]
      [Redirty Cards: 0.4 ms]
      [Humongous Register: 0.1 ms]
      [Humongous Reclaim: 0.0 ms]
      [Free CSet: 1.3 ms]
   [Eden: 4760.0M(4760.0M)->0.0B(4656.0M) Survivors: 152.0M->256.0M Heap: 6231.5M(8192.0M)->1576.0M(8192.0M)]
 [Times: user=1.39 sys=0.00, real=0.05 secs] 
2018-10-15T09:28:13.826+0200: 170.412: Total time for which application threads were stopped: 0.0511431 seconds, Stopping threads took: 0.0005653 seconds
2018-10-15T09:28:14.301+0200: 170.887: Application time: 0.4750825 seconds
2018-10-15T09:28:14.306+0200: 170.892: [GC pause (G1 Evacuation Pause) (young)
Desired survivor size 322961408 bytes, new threshold 15 (max 15)
- age   1:  115583800 bytes,  115583800 total
- age   2:  111849664 bytes,  227433464 total
- age   3:    8267944 bytes,  235701408 total
- age   4:    2392200 bytes,  238093608 total
, 0.0557281 secs]
   [Parallel Time: 52.2 ms, GC Workers: 30]
      [GC Worker Start (ms): Min: 170892.0, Avg: 170892.8, Max: 170893.6, Diff: 1.6]
      [Ext Root Scanning (ms): Min: 0.0, Avg: 0.3, Max: 1.8, Diff: 1.8, Sum: 9.6]
      [Update RS (ms): Min: 9.0, Avg: 9.7, Max: 10.3, Diff: 1.3, Sum: 291.4]
         [Processed Buffers: Min: 9, Avg: 11.3, Max: 18, Diff: 9, Sum: 340]
      [Scan RS (ms): Min: 0.1, Avg: 0.3, Max: 0.4, Diff: 0.4, Sum: 7.8]
      [Code Root Scanning (ms): Min: 0.0, Avg: 0.0, Max: 0.0, Diff: 0.0, Sum: 0.1]
      [Object Copy (ms): Min: 40.3, Avg: 40.5, Max: 40.6, Diff: 0.4, Sum: 1214.8]
      [Termination (ms): Min: 0.1, Avg: 0.1, Max: 0.3, Diff: 0.2, Sum: 4.2]
         [Termination Attempts: Min: 5, Avg: 24.5, Max: 34, Diff: 29, Sum: 734]
      [GC Worker Other (ms): Min: 0.0, Avg: 0.1, Max: 0.2, Diff: 0.2, Sum: 3.4]
      [GC Worker Total (ms): Min: 50.2, Avg: 51.0, Max: 52.0, Diff: 1.8, Sum: 1531.3]
      [GC Worker End (ms): Min: 170943.8, Avg: 170943.9, Max: 170944.0, Diff: 0.2]
   [Code Root Fixup: 0.0 ms]
   [Code Root Purge: 0.0 ms]
   [Clear CT: 0.9 ms]
   [Other: 2.6 ms]
      [Choose CSet: 0.0 ms]
      [Ref Proc: 0.5 ms]
      [Ref Enq: 0.0 ms]
      [Redirty Cards: 0.4 ms]
      [Humongous Register: 0.1 ms]
      [Humongous Reclaim: 0.0 ms]
      [Free CSet: 1.3 ms]
   [Eden: 4656.0M(4656.0M)->0.0B(4540.0M) Survivors: 256.0M->372.0M Heap: 6232.0M(8192.0M)->1692.0M(8192.0M)]
 [Times: user=1.54 sys=0.00, real=0.05 secs] 
2018-10-15T09:28:14.362+0200: 170.948: Total time for which application threads were stopped: 0.0604943 seconds, Stopping threads took: 0.0040822 seconds
2018-10-15T09:28:14.831+0200: 171.417: Application time: 0.4693571 seconds
2018-10-15T09:28:14.836+0200: 171.422: [GC pause (G1 Evacuation Pause) (young)
Desired survivor size 322961408 bytes, new threshold 3 (max 15)
- age   1:  117526664 bytes,  117526664 total
- age   2:  110619792 bytes,  228146456 total
- age   3:  111301568 bytes,  339448024 total
- age   4:    8265840 bytes,  347713864 total
- age   5:    2391640 bytes,  350105504 total
, 0.0669585 secs]
   [Parallel Time: 62.9 ms, GC Workers: 30]
      [GC Worker Start (ms): Min: 171422.2, Avg: 171423.1, Max: 171423.9, Diff: 1.8]
      [Ext Root Scanning (ms): Min: 0.0, Avg: 0.3, Max: 1.8, Diff: 1.8, Sum: 9.1]
      [Update RS (ms): Min: 8.8, Avg: 9.4, Max: 9.9, Diff: 1.1, Sum: 283.4]
         [Processed Buffers: Min: 8, Avg: 11.3, Max: 15, Diff: 7, Sum: 339]
      [Scan RS (ms): Min: 0.1, Avg: 0.3, Max: 0.4, Diff: 0.4, Sum: 8.8]
      [Code Root Scanning (ms): Min: 0.0, Avg: 0.0, Max: 0.0, Diff: 0.0, Sum: 0.1]
      [Object Copy (ms): Min: 51.1, Avg: 51.3, Max: 51.5, Diff: 0.4, Sum: 1540.3]
      [Termination (ms): Min: 0.0, Avg: 0.1, Max: 0.1, Diff: 0.1, Sum: 2.9]
         [Termination Attempts: Min: 1, Avg: 47.6, Max: 57, Diff: 56, Sum: 1429]
      [GC Worker Other (ms): Min: 0.0, Avg: 0.1, Max: 0.3, Diff: 0.3, Sum: 4.3]
      [GC Worker Total (ms): Min: 60.7, Avg: 61.6, Max: 62.7, Diff: 2.0, Sum: 1849.0]
      [GC Worker End (ms): Min: 171484.6, Avg: 171484.7, Max: 171484.8, Diff: 0.3]
   [Code Root Fixup: 0.0 ms]
   [Code Root Purge: 0.0 ms]
   [Clear CT: 0.9 ms]
   [Other: 3.1 ms]
      [Choose CSet: 0.0 ms]
      [Ref Proc: 0.5 ms]
      [Ref Enq: 0.0 ms]
      [Redirty Cards: 0.9 ms]
      [Humongous Register: 0.1 ms]
      [Humongous Reclaim: 0.0 ms]
      [Free CSet: 1.3 ms]
   [Eden: 4540.0M(4540.0M)->0.0B(4548.0M) Survivors: 372.0M->364.0M Heap: 6232.0M(8192.0M)->1799.0M(8192.0M)]
 [Times: user=1.88 sys=0.00, real=0.06 secs] 
2018-10-15T09:28:14.903+0200: 171.489: Total time for which application threads were stopped: 0.0719992 seconds, Stopping threads took: 0.0043609 seconds
2018-10-15T09:28:15.374+0200: 171.960: Application time: 0.4711758 seconds
2018-10-15T09:28:15.375+0200: 171.961: [GC pause (G1 Evacuation Pause) (young)
Desired survivor size 322961408 bytes, new threshold 3 (max 15)
- age   1:  125270920 bytes,  125270920 total
- age   2:  108672056 bytes,  233942976 total
- age   3:  110023928 bytes,  343966904 total
, 0.0759366 secs]
   [Parallel Time: 71.7 ms, GC Workers: 30]
      [GC Worker Start (ms): Min: 171961.6, Avg: 171962.0, Max: 171962.7, Diff: 1.2]
      [Ext Root Scanning (ms): Min: 0.0, Avg: 0.4, Max: 1.8, Diff: 1.8, Sum: 10.6]
      [Update RS (ms): Min: 20.4, Avg: 21.6, Max: 23.3, Diff: 2.8, Sum: 647.9]
         [Processed Buffers: Min: 20, Avg: 23.9, Max: 31, Diff: 11, Sum: 717]
      [Scan RS (ms): Min: 1.2, Avg: 2.6, Max: 2.9, Diff: 1.8, Sum: 78.9]
      [Code Root Scanning (ms): Min: 0.0, Avg: 0.0, Max: 0.0, Diff: 0.0, Sum: 0.0]
      [Object Copy (ms): Min: 46.0, Avg: 46.2, Max: 46.3, Diff: 0.2, Sum: 1384.8]
      [Termination (ms): Min: 0.0, Avg: 0.1, Max: 0.1, Diff: 0.1, Sum: 2.3]
         [Termination Attempts: Min: 2, Avg: 4.9, Max: 8, Diff: 6, Sum: 147]
      [GC Worker Other (ms): Min: 0.0, Avg: 0.1, Max: 0.3, Diff: 0.3, Sum: 3.7]
      [GC Worker Total (ms): Min: 70.2, Avg: 70.9, Max: 71.5, Diff: 1.3, Sum: 2128.1]
      [GC Worker End (ms): Min: 172032.8, Avg: 172032.9, Max: 172033.1, Diff: 0.2]
   [Code Root Fixup: 0.0 ms]
   [Code Root Purge: 0.0 ms]
   [Clear CT: 1.0 ms]
   [Other: 3.3 ms]
      [Choose CSet: 0.0 ms]
      [Ref Proc: 0.5 ms]
      [Ref Enq: 0.0 ms]
      [Redirty Cards: 0.9 ms]
      [Humongous Register: 0.1 ms]
      [Humongous Reclaim: 0.0 ms]
      [Free CSet: 1.4 ms]
   [Eden: 4548.0M(4548.0M)->0.0B(4540.0M) Survivors: 364.0M->372.0M Heap: 6347.0M(8192.0M)->1944.0M(8192.0M)]
 [Times: user=2.16 sys=0.01, real=0.07 secs] 
2018-10-15T09:28:15.451+0200: 172.037: Total time for which application threads were stopped: 0.0771947 seconds, Stopping threads took: 0.0005784 seconds
2018-10-15T09:28:15.928+0200: 172.514: Application time: 0.4766468 seconds
2018-10-15T09:28:15.929+0200: 172.515: [GC pause (G1 Evacuation Pause) (young)
Desired survivor size 322961408 bytes, new threshold 3 (max 15)
- age   1:  128231144 bytes,  128231144 total
- age   2:  116326528 bytes,  244557672 total
- age   3:  107123864 bytes,  351681536 total
, 0.0872500 secs]
   [Parallel Time: 83.0 ms, GC Workers: 30]
      [GC Worker Start (ms): Min: 172515.4, Avg: 172516.0, Max: 172516.8, Diff: 1.4]
      [Ext Root Scanning (ms): Min: 0.0, Avg: 0.4, Max: 1.9, Diff: 1.8, Sum: 11.3]
      [Update RS (ms): Min: 18.8, Avg: 19.6, Max: 20.3, Diff: 1.6, Sum: 588.0]
         [Processed Buffers: Min: 18, Avg: 21.6, Max: 27, Diff: 9, Sum: 649]
      [Scan RS (ms): Min: 1.5, Avg: 2.1, Max: 2.3, Diff: 0.8, Sum: 62.5]
      [Code Root Scanning (ms): Min: 0.0, Avg: 0.0, Max: 0.0, Diff: 0.0, Sum: 0.0]
      [Object Copy (ms): Min: 59.2, Avg: 59.4, Max: 60.1, Diff: 0.9, Sum: 1781.2]
      [Termination (ms): Min: 0.0, Avg: 0.7, Max: 0.8, Diff: 0.8, Sum: 21.5]
         [Termination Attempts: Min: 1, Avg: 308.2, Max: 346, Diff: 345, Sum: 9247]
      [GC Worker Other (ms): Min: 0.0, Avg: 0.1, Max: 0.3, Diff: 0.3, Sum: 4.3]
      [GC Worker Total (ms): Min: 81.6, Avg: 82.3, Max: 83.0, Diff: 1.4, Sum: 2468.8]
      [GC Worker End (ms): Min: 172598.2, Avg: 172598.3, Max: 172598.4, Diff: 0.3]
   [Code Root Fixup: 0.0 ms]
   [Code Root Purge: 0.0 ms]
   [Clear CT: 1.0 ms]
   [Other: 3.2 ms]
      [Choose CSet: 0.0 ms]
      [Ref Proc: 0.5 ms]
      [Ref Enq: 0.0 ms]
      [Redirty Cards: 0.8 ms]
      [Humongous Register: 0.1 ms]
      [Humongous Reclaim: 0.0 ms]
      [Free CSet: 1.4 ms]
   [Eden: 4540.0M(4540.0M)->0.0B(4520.0M) Survivors: 372.0M->392.0M Heap: 6484.0M(8192.0M)->2098.0M(8192.0M)]
 [Times: user=2.50 sys=0.00, real=0.09 secs] 
2018-10-15T09:28:16.017+0200: 172.603: Total time for which application threads were stopped: 0.0884753 seconds, Stopping threads took: 0.0005489 seconds
2018-10-15T09:28:16.490+0200: 173.076: Application time: 0.4732863 seconds
2018-10-15T09:28:16.491+0200: 173.077: [GC pause (G1 Evacuation Pause) (young)
Desired survivor size 322961408 bytes, new threshold 3 (max 15)
- age   1:  136565784 bytes,  136565784 total
- age   2:  121254952 bytes,  257820736 total
- age   3:  115361392 bytes,  373182128 total
, 0.0775461 secs]
   [Parallel Time: 73.2 ms, GC Workers: 30]
      [GC Worker Start (ms): Min: 173077.2, Avg: 173077.9, Max: 173078.7, Diff: 1.5]
      [Ext Root Scanning (ms): Min: 0.0, Avg: 0.4, Max: 1.8, Diff: 1.8, Sum: 11.1]
      [Update RS (ms): Min: 20.5, Avg: 21.3, Max: 21.7, Diff: 1.2, Sum: 639.6]
         [Processed Buffers: Min: 19, Avg: 23.6, Max: 29, Diff: 10, Sum: 708]
      [Scan RS (ms): Min: 0.7, Avg: 0.9, Max: 1.1, Diff: 0.4, Sum: 27.8]
      [Code Root Scanning (ms): Min: 0.0, Avg: 0.0, Max: 0.0, Diff: 0.0, Sum: 0.0]
      [Object Copy (ms): Min: 49.4, Avg: 49.5, Max: 49.6, Diff: 0.3, Sum: 1484.8]
      [Termination (ms): Min: 0.0, Avg: 0.1, Max: 0.3, Diff: 0.2, Sum: 2.6]
         [Termination Attempts: Min: 7, Avg: 11.2, Max: 16, Diff: 9, Sum: 335]
      [GC Worker Other (ms): Min: 0.0, Avg: 0.1, Max: 0.3, Diff: 0.2, Sum: 4.0]
      [GC Worker Total (ms): Min: 71.5, Avg: 72.3, Max: 73.2, Diff: 1.6, Sum: 2170.1]
      [GC Worker End (ms): Min: 173150.1, Avg: 173150.3, Max: 173150.4, Diff: 0.2]
   [Code Root Fixup: 0.0 ms]
   [Code Root Purge: 0.0 ms]
   [Clear CT: 1.0 ms]
   [Other: 3.3 ms]
      [Choose CSet: 0.0 ms]
      [Ref Proc: 0.5 ms]
      [Ref Enq: 0.0 ms]
      [Redirty Cards: 0.9 ms]
      [Humongous Register: 0.1 ms]
      [Humongous Reclaim: 0.0 ms]
      [Free CSet: 1.3 ms]
   [Eden: 4520.0M(4520.0M)->0.0B(4524.0M) Survivors: 392.0M->388.0M Heap: 6618.0M(8192.0M)->2238.0M(8192.0M)]
 [Times: user=2.21 sys=0.00, real=0.08 secs] 
2018-10-15T09:28:16.569+0200: 173.155: Total time for which application threads were stopped: 0.0788172 seconds, Stopping threads took: 0.0005615 seconds
2018-10-15T09:28:17.041+0200: 173.627: Application time: 0.4722234 seconds
2018-10-15T09:28:17.042+0200: 173.628: [GC pause (G1 Evacuation Pause) (young)
Desired survivor size 322961408 bytes, new threshold 3 (max 15)
- age   1:  121392568 bytes,  121392568 total
- age   2:  131418592 bytes,  252811160 total
- age   3:  120319640 bytes,  373130800 total
, 0.0744452 secs]
   [Parallel Time: 70.2 ms, GC Workers: 30]
      [GC Worker Start (ms): Min: 173628.3, Avg: 173628.6, Max: 173629.3, Diff: 1.0]
      [Ext Root Scanning (ms): Min: 0.0, Avg: 0.5, Max: 1.8, Diff: 1.8, Sum: 14.4]
      [Update RS (ms): Min: 18.3, Avg: 19.3, Max: 19.6, Diff: 1.3, Sum: 579.3]
         [Processed Buffers: Min: 15, Avg: 21.4, Max: 27, Diff: 12, Sum: 642]
      [Scan RS (ms): Min: 1.9, Avg: 2.2, Max: 2.3, Diff: 0.4, Sum: 65.1]
      [Code Root Scanning (ms): Min: 0.0, Avg: 0.0, Max: 0.0, Diff: 0.0, Sum: 0.0]
      [Object Copy (ms): Min: 47.2, Avg: 47.3, Max: 47.5, Diff: 0.3, Sum: 1420.2]
      [Termination (ms): Min: 0.0, Avg: 0.1, Max: 0.2, Diff: 0.2, Sum: 2.8]
         [Termination Attempts: Min: 1, Avg: 5.4, Max: 9, Diff: 8, Sum: 161]
      [GC Worker Other (ms): Min: 0.0, Avg: 0.1, Max: 0.3, Diff: 0.2, Sum: 3.9]
      [GC Worker Total (ms): Min: 68.9, Avg: 69.5, Max: 69.9, Diff: 1.1, Sum: 2085.7]
      [GC Worker End (ms): Min: 173698.0, Avg: 173698.1, Max: 173698.3, Diff: 0.3]
   [Code Root Fixup: 0.0 ms]
   [Code Root Purge: 0.0 ms]
   [Clear CT: 1.0 ms]
   [Other: 3.3 ms]
      [Choose CSet: 0.0 ms]
      [Ref Proc: 0.4 ms]
      [Ref Enq: 0.0 ms]
      [Redirty Cards: 0.9 ms]
      [Humongous Register: 0.1 ms]
      [Humongous Reclaim: 0.0 ms]
      [Free CSet: 1.4 ms]
   [Eden: 4524.0M(4524.0M)->0.0B(4536.0M) Survivors: 388.0M->376.0M Heap: 6762.0M(8192.0M)->2372.0M(8192.0M)]
 [Times: user=2.12 sys=0.00, real=0.08 secs] 
2018-10-15T09:28:17.117+0200: 173.703: Total time for which application threads were stopped: 0.0757354 seconds, Stopping threads took: 0.0005819 seconds
2018-10-15T09:28:17.594+0200: 174.180: Application time: 0.4769463 seconds
2018-10-15T09:28:17.595+0200: 174.181: [GC pause (G1 Evacuation Pause) (young)
Desired survivor size 322961408 bytes, new threshold 3 (max 15)
- age   1:  113149880 bytes,  113149880 total
- age   2:  115037184 bytes,  228187064 total
- age   3:  130272032 bytes,  358459096 total
, 0.0738844 secs]
   [Parallel Time: 69.5 ms, GC Workers: 30]
      [GC Worker Start (ms): Min: 174181.0, Avg: 174181.6, Max: 174182.4, Diff: 1.4]
      [Ext Root Scanning (ms): Min: 0.0, Avg: 0.3, Max: 1.9, Diff: 1.9, Sum: 10.2]
      [Update RS (ms): Min: 20.0, Avg: 20.7, Max: 21.1, Diff: 1.1, Sum: 620.9]
         [Processed Buffers: Min: 19, Avg: 23.5, Max: 30, Diff: 11, Sum: 704]
      [Scan RS (ms): Min: 2.1, Avg: 2.4, Max: 2.5, Diff: 0.4, Sum: 71.2]
      [Code Root Scanning (ms): Min: 0.0, Avg: 0.0, Max: 0.0, Diff: 0.0, Sum: 0.0]
      [Object Copy (ms): Min: 44.9, Avg: 45.0, Max: 45.2, Diff: 0.3, Sum: 1350.3]
      [Termination (ms): Min: 0.0, Avg: 0.1, Max: 0.1, Diff: 0.1, Sum: 2.8]
         [Termination Attempts: Min: 2, Avg: 4.5, Max: 9, Diff: 7, Sum: 135]
      [GC Worker Other (ms): Min: 0.0, Avg: 0.1, Max: 0.3, Diff: 0.2, Sum: 3.9]
      [GC Worker Total (ms): Min: 67.9, Avg: 68.6, Max: 69.4, Diff: 1.5, Sum: 2059.3]
      [GC Worker End (ms): Min: 174250.1, Avg: 174250.3, Max: 174250.4, Diff: 0.2]
   [Code Root Fixup: 0.0 ms]
   [Code Root Purge: 0.0 ms]
   [Clear CT: 1.0 ms]
   [Other: 3.4 ms]
      [Choose CSet: 0.0 ms]
      [Ref Proc: 0.5 ms]
      [Ref Enq: 0.0 ms]
      [Redirty Cards: 0.8 ms]
      [Humongous Register: 0.1 ms]
      [Humongous Reclaim: 0.0 ms]
      [Free CSet: 1.4 ms]
   [Eden: 4536.0M(4536.0M)->0.0B(4496.0M) Survivors: 376.0M->348.0M Heap: 6908.0M(8192.0M)->2498.0M(8192.0M)]
 [Times: user=2.09 sys=0.00, real=0.07 secs] 
2018-10-15T09:28:17.669+0200: 174.255: Total time for which application threads were stopped: 0.0751625 seconds, Stopping threads took: 0.0005695 seconds
2018-10-15T09:28:18.148+0200: 174.734: Application time: 0.4793396 seconds
2018-10-15T09:28:18.149+0200: 174.735: [GC pause (G1 Evacuation Pause) (young)
Desired survivor size 318767104 bytes, new threshold 3 (max 15)
- age   1:  106123560 bytes,  106123560 total
- age   2:  106615024 bytes,  212738584 total
- age   3:  114470344 bytes,  327208928 total
, 0.0712407 secs]
   [Parallel Time: 67.1 ms, GC Workers: 30]
      [GC Worker Start (ms): Min: 174735.5, Avg: 174736.4, Max: 174737.2, Diff: 1.7]
      [Ext Root Scanning (ms): Min: 0.0, Avg: 0.4, Max: 1.9, Diff: 1.9, Sum: 10.9]
      [Update RS (ms): Min: 18.7, Avg: 19.5, Max: 19.9, Diff: 1.2, Sum: 585.5]
         [Processed Buffers: Min: 16, Avg: 21.2, Max: 30, Diff: 14, Sum: 637]
      [Scan RS (ms): Min: 2.2, Avg: 2.7, Max: 2.9, Diff: 0.6, Sum: 80.4]
      [Code Root Scanning (ms): Min: 0.0, Avg: 0.0, Max: 0.0, Diff: 0.0, Sum: 0.0]
      [Object Copy (ms): Min: 43.1, Avg: 43.2, Max: 43.3, Diff: 0.3, Sum: 1295.1]
      [Termination (ms): Min: 0.0, Avg: 0.1, Max: 0.2, Diff: 0.2, Sum: 3.1]
         [Termination Attempts: Min: 1, Avg: 5.7, Max: 10, Diff: 9, Sum: 170]
      [GC Worker Other (ms): Min: 0.0, Avg: 0.1, Max: 0.2, Diff: 0.2, Sum: 3.3]
      [GC Worker Total (ms): Min: 65.1, Avg: 65.9, Max: 66.9, Diff: 1.8, Sum: 1978.5]
      [GC Worker End (ms): Min: 174802.2, Avg: 174802.3, Max: 174802.4, Diff: 0.2]
   [Code Root Fixup: 0.0 ms]
   [Code Root Purge: 0.0 ms]
   [Clear CT: 1.0 ms]
   [Other: 3.1 ms]
      [Choose CSet: 0.0 ms]
      [Ref Proc: 0.5 ms]
      [Ref Enq: 0.0 ms]
      [Redirty Cards: 0.8 ms]
      [Humongous Register: 0.1 ms]
      [Humongous Reclaim: 0.0 ms]
      [Free CSet: 1.3 ms]
   [Eden: 4496.0M(4496.0M)->0.0B(4376.0M) Survivors: 348.0M->336.0M Heap: 6994.0M(8192.0M)->2630.0M(8192.0M)]
 [Times: user=2.01 sys=0.00, real=0.07 secs] 
2018-10-15T09:28:18.221+0200: 174.807: Total time for which application threads were stopped: 0.0725456 seconds, Stopping threads took: 0.0005897 seconds
2018-10-15T09:28:18.680+0200: 175.266: Application time: 0.4596081 seconds
2018-10-15T09:28:18.681+0200: 175.267: [GC pause (G1 Evacuation Pause) (young)
Desired survivor size 310378496 bytes, new threshold 3 (max 15)
- age   1:  115342456 bytes,  115342456 total
- age   2:  100609776 bytes,  215952232 total
- age   3:  105482592 bytes,  321434824 total
, 0.0754524 secs]
   [Parallel Time: 70.2 ms, GC Workers: 30]
      [GC Worker Start (ms): Min: 175267.7, Avg: 175268.4, Max: 175269.1, Diff: 1.4]
      [Ext Root Scanning (ms): Min: 0.0, Avg: 0.3, Max: 1.9, Diff: 1.9, Sum: 10.1]
      [Update RS (ms): Min: 19.5, Avg: 20.2, Max: 21.3, Diff: 1.9, Sum: 606.6]
         [Processed Buffers: Min: 19, Avg: 22.9, Max: 30, Diff: 11, Sum: 688]
      [Scan RS (ms): Min: 1.3, Avg: 2.4, Max: 2.6, Diff: 1.3, Sum: 71.6]
      [Code Root Scanning (ms): Min: 0.0, Avg: 0.0, Max: 0.0, Diff: 0.0, Sum: 0.1]
      [Object Copy (ms): Min: 45.9, Avg: 46.0, Max: 46.1, Diff: 0.2, Sum: 1380.2]
      [Termination (ms): Min: 0.0, Avg: 0.1, Max: 0.2, Diff: 0.2, Sum: 2.6]
         [Termination Attempts: Min: 1, Avg: 5.9, Max: 9, Diff: 8, Sum: 176]
      [GC Worker Other (ms): Min: 0.0, Avg: 0.1, Max: 0.3, Diff: 0.3, Sum: 4.0]
      [GC Worker Total (ms): Min: 68.4, Avg: 69.2, Max: 70.0, Diff: 1.6, Sum: 2075.1]
      [GC Worker End (ms): Min: 175337.4, Avg: 175337.5, Max: 175337.7, Diff: 0.3]
   [Code Root Fixup: 0.0 ms]
   [Code Root Purge: 0.0 ms]
   [Clear CT: 1.0 ms]
   [Other: 4.2 ms]
      [Choose CSet: 0.0 ms]
      [Ref Proc: 0.5 ms]
      [Ref Enq: 0.0 ms]
      [Redirty Cards: 0.9 ms]
      [Humongous Register: 0.1 ms]
      [Humongous Reclaim: 0.1 ms]
      [Free CSet: 2.1 ms]
   [Eden: 4376.0M(4376.0M)->0.0B(4248.0M) Survivors: 336.0M->332.0M Heap: 7006.0M(8192.0M)->2762.0M(8192.0M)]
 [Times: user=2.10 sys=0.01, real=0.08 secs] 
2018-10-15T09:28:18.757+0200: 175.343: Total time for which application threads were stopped: 0.0768400 seconds, Stopping threads took: 0.0005668 seconds
2018-10-15T09:28:19.191+0200: 175.777: Application time: 0.4336883 seconds
2018-10-15T09:28:19.192+0200: 175.778: [GC pause (G1 Evacuation Pause) (young)
Desired survivor size 301989888 bytes, new threshold 3 (max 15)
- age   1:  112799512 bytes,  112799512 total
- age   2:  103679472 bytes,  216478984 total
- age   3:   95650520 bytes,  312129504 total
, 0.0697968 secs]
   [Parallel Time: 65.6 ms, GC Workers: 30]
      [GC Worker Start (ms): Min: 175778.2, Avg: 175778.8, Max: 175779.4, Diff: 1.3]
      [Ext Root Scanning (ms): Min: 0.0, Avg: 0.4, Max: 1.9, Diff: 1.9, Sum: 10.7]
      [Update RS (ms): Min: 17.1, Avg: 18.1, Max: 18.5, Diff: 1.4, Sum: 543.1]
         [Processed Buffers: Min: 17, Avg: 20.8, Max: 30, Diff: 13, Sum: 625]
      [Scan RS (ms): Min: 1.2, Avg: 1.4, Max: 1.6, Diff: 0.4, Sum: 43.4]
      [Code Root Scanning (ms): Min: 0.0, Avg: 0.0, Max: 0.0, Diff: 0.0, Sum: 0.0]
      [Object Copy (ms): Min: 44.8, Avg: 44.8, Max: 44.9, Diff: 0.2, Sum: 1345.1]
      [Termination (ms): Min: 0.0, Avg: 0.0, Max: 0.0, Diff: 0.0, Sum: 0.4]
         [Termination Attempts: Min: 1, Avg: 2.1, Max: 4, Diff: 3, Sum: 64]
      [GC Worker Other (ms): Min: 0.0, Avg: 0.1, Max: 0.3, Diff: 0.2, Sum: 3.7]
      [GC Worker Total (ms): Min: 64.1, Avg: 64.9, Max: 65.6, Diff: 1.5, Sum: 1946.4]
      [GC Worker End (ms): Min: 175843.6, Avg: 175843.7, Max: 175843.8, Diff: 0.2]
   [Code Root Fixup: 0.0 ms]
   [Code Root Purge: 0.0 ms]
   [Clear CT: 1.0 ms]
   [Other: 3.2 ms]
      [Choose CSet: 0.0 ms]
      [Ref Proc: 0.5 ms]
      [Ref Enq: 0.0 ms]
      [Redirty Cards: 0.8 ms]
      [Humongous Register: 0.1 ms]
      [Humongous Reclaim: 0.0 ms]
      [Free CSet: 1.3 ms]
   [Eden: 4248.0M(4248.0M)->0.0B(4120.0M) Survivors: 332.0M->336.0M Heap: 7010.0M(8192.0M)->2884.0M(8192.0M)]
 [Times: user=1.98 sys=0.00, real=0.06 secs] 
2018-10-15T09:28:19.262+0200: 175.848: Total time for which application threads were stopped: 0.0710729 seconds, Stopping threads took: 0.0005663 seconds
2018-10-15T09:28:19.510+0200: 176.096: Application time: 0.2481691 seconds
2018-10-15T09:28:19.511+0200: 176.097: Total time for which application threads were stopped: 0.0010744 seconds, Stopping threads took: 0.0005756 seconds
2018-10-15T09:28:19.699+0200: 176.285: Application time: 0.1877583 seconds
2018-10-15T09:28:19.700+0200: 176.286: [GC pause (G1 Evacuation Pause) (young)
Desired survivor size 293601280 bytes, new threshold 3 (max 15)
- age   1:  109818648 bytes,  109818648 total
- age   2:  107157200 bytes,  216975848 total
- age   3:  103227944 bytes,  320203792 total
, 0.0709663 secs]
   [Parallel Time: 67.0 ms, GC Workers: 30]
      [GC Worker Start (ms): Min: 176286.2, Avg: 176286.8, Max: 176287.5, Diff: 1.3]
      [Ext Root Scanning (ms): Min: 0.0, Avg: 0.4, Max: 1.8, Diff: 1.8, Sum: 10.6]
      [Update RS (ms): Min: 18.5, Avg: 19.5, Max: 21.0, Diff: 2.5, Sum: 584.7]
         [Processed Buffers: Min: 20, Avg: 22.9, Max: 31, Diff: 11, Sum: 687]
      [Scan RS (ms): Min: 0.3, Avg: 1.6, Max: 1.8, Diff: 1.5, Sum: 47.1]
      [Code Root Scanning (ms): Min: 0.0, Avg: 0.0, Max: 0.0, Diff: 0.0, Sum: 0.0]
      [Object Copy (ms): Min: 44.5, Avg: 44.6, Max: 44.7, Diff: 0.2, Sum: 1338.0]
      [Termination (ms): Min: 0.1, Avg: 0.1, Max: 0.3, Diff: 0.2, Sum: 3.6]
         [Termination Attempts: Min: 5, Avg: 22.2, Max: 28, Diff: 23, Sum: 666]
      [GC Worker Other (ms): Min: 0.0, Avg: 0.1, Max: 0.3, Diff: 0.2, Sum: 3.6]
      [GC Worker Total (ms): Min: 65.5, Avg: 66.3, Max: 67.0, Diff: 1.5, Sum: 1987.7]
      [GC Worker End (ms): Min: 176353.0, Avg: 176353.1, Max: 176353.2, Diff: 0.2]
   [Code Root Fixup: 0.0 ms]
   [Code Root Purge: 0.0 ms]
   [Clear CT: 0.9 ms]
   [Other: 3.0 ms]
      [Choose CSet: 0.0 ms]
      [Ref Proc: 0.5 ms]
      [Ref Enq: 0.0 ms]
      [Redirty Cards: 0.7 ms]
      [Humongous Register: 0.1 ms]
      [Humongous Reclaim: 0.0 ms]
      [Free CSet: 1.2 ms]
   [Eden: 4120.0M(4120.0M)->0.0B(3992.0M) Survivors: 336.0M->336.0M Heap: 7004.0M(8192.0M)->3012.0M(8192.0M)]
 [Times: user=2.01 sys=0.01, real=0.07 secs] 
2018-10-15T09:28:19.771+0200: 176.357: Total time for which application threads were stopped: 0.0722060 seconds, Stopping threads took: 0.0005481 seconds
2018-10-15T09:28:20.183+0200: 176.769: Application time: 0.4115068 seconds
2018-10-15T09:28:20.184+0200: 176.770: [GC pause (G1 Evacuation Pause) (young)
Desired survivor size 285212672 bytes, new threshold 3 (max 15)
- age   1:  111637384 bytes,  111637384 total
- age   2:  102497144 bytes,  214134528 total
- age   3:  105534080 bytes,  319668608 total
, 0.0708714 secs]
   [Parallel Time: 67.2 ms, GC Workers: 30]
      [GC Worker Start (ms): Min: 176769.9, Avg: 176770.7, Max: 176771.5, Diff: 1.6]
      [Ext Root Scanning (ms): Min: 0.0, Avg: 0.3, Max: 1.9, Diff: 1.9, Sum: 10.3]
      [Update RS (ms): Min: 20.7, Avg: 21.7, Max: 22.9, Diff: 2.2, Sum: 650.0]
         [Processed Buffers: Min: 19, Avg: 25.1, Max: 31, Diff: 12, Sum: 752]
      [Scan RS (ms): Min: 0.3, Avg: 1.4, Max: 1.7, Diff: 1.4, Sum: 42.7]
      [Code Root Scanning (ms): Min: 0.0, Avg: 0.0, Max: 0.0, Diff: 0.0, Sum: 0.0]
      [Object Copy (ms): Min: 42.5, Avg: 42.6, Max: 42.7, Diff: 0.2, Sum: 1278.8]
      [Termination (ms): Min: 0.0, Avg: 0.0, Max: 0.0, Diff: 0.0, Sum: 0.3]
         [Termination Attempts: Min: 1, Avg: 1.2, Max: 2, Diff: 1, Sum: 37]
      [GC Worker Other (ms): Min: 0.0, Avg: 0.1, Max: 0.3, Diff: 0.3, Sum: 4.1]
      [GC Worker Total (ms): Min: 65.3, Avg: 66.2, Max: 66.9, Diff: 1.6, Sum: 1986.3]
      [GC Worker End (ms): Min: 176836.8, Avg: 176836.9, Max: 176837.0, Diff: 0.3]
   [Code Root Fixup: 0.0 ms]
   [Code Root Purge: 0.0 ms]
   [Clear CT: 0.7 ms]
   [Other: 2.9 ms]
      [Choose CSet: 0.0 ms]
      [Ref Proc: 0.5 ms]
      [Ref Enq: 0.0 ms]
      [Redirty Cards: 0.7 ms]
      [Humongous Register: 0.1 ms]
      [Humongous Reclaim: 0.0 ms]
      [Free CSet: 1.2 ms]
   [Eden: 3992.0M(3992.0M)->0.0B(3884.0M) Survivors: 336.0M->324.0M Heap: 7004.0M(8192.0M)->3132.0M(8192.0M)]
 [Times: user=2.01 sys=0.00, real=0.07 secs] 
2018-10-15T09:28:20.255+0200: 176.841: Total time for which application threads were stopped: 0.0721402 seconds, Stopping threads took: 0.0005633 seconds
2018-10-15T09:28:20.662+0200: 177.248: Application time: 0.4072777 seconds
2018-10-15T09:28:20.663+0200: 177.249: [GC pause (G1 Evacuation Pause) (young)
Desired survivor size 276824064 bytes, new threshold 3 (max 15)
- age   1:   98289792 bytes,   98289792 total
- age   2:  102610728 bytes,  200900520 total
- age   3:  101572408 bytes,  302472928 total
, 0.0681749 secs]
   [Parallel Time: 63.7 ms, GC Workers: 30]
      [GC Worker Start (ms): Min: 177249.4, Avg: 177249.6, Max: 177250.0, Diff: 0.7]
      [Ext Root Scanning (ms): Min: 0.1, Avg: 0.5, Max: 1.9, Diff: 1.9, Sum: 14.9]
      [Update RS (ms): Min: 18.1, Avg: 18.9, Max: 19.6, Diff: 1.5, Sum: 567.2]
         [Processed Buffers: Min: 18, Avg: 22.6, Max: 30, Diff: 12, Sum: 678]
      [Scan RS (ms): Min: 1.0, Avg: 1.6, Max: 2.0, Diff: 1.0, Sum: 49.2]
      [Code Root Scanning (ms): Min: 0.0, Avg: 0.0, Max: 0.0, Diff: 0.0, Sum: 0.1]
      [Object Copy (ms): Min: 41.8, Avg: 42.0, Max: 42.1, Diff: 0.3, Sum: 1258.6]
      [Termination (ms): Min: 0.0, Avg: 0.0, Max: 0.0, Diff: 0.0, Sum: 0.3]
         [Termination Attempts: Min: 1, Avg: 1.3, Max: 2, Diff: 1, Sum: 40]
      [GC Worker Other (ms): Min: 0.0, Avg: 0.1, Max: 0.3, Diff: 0.2, Sum: 4.2]
      [GC Worker Total (ms): Min: 62.6, Avg: 63.1, Max: 63.5, Diff: 0.9, Sum: 1894.4]
      [GC Worker End (ms): Min: 177312.7, Avg: 177312.8, Max: 177312.9, Diff: 0.2]
   [Code Root Fixup: 0.0 ms]
   [Code Root Purge: 0.0 ms]
   [Clear CT: 0.9 ms]
   [Other: 3.6 ms]
      [Choose CSet: 0.0 ms]
      [Ref Proc: 0.5 ms]
      [Ref Enq: 0.0 ms]
      [Redirty Cards: 0.8 ms]
      [Humongous Register: 0.1 ms]
      [Humongous Reclaim: 0.1 ms]
      [Free CSet: 1.7 ms]
   [Eden: 3884.0M(3884.0M)->0.0B(3788.0M) Survivors: 324.0M->312.0M Heap: 7016.0M(8192.0M)->3242.0M(8192.0M)]
 [Times: user=1.92 sys=0.01, real=0.07 secs] 
2018-10-15T09:28:20.732+0200: 177.318: Total time for which application threads were stopped: 0.0695785 seconds, Stopping threads took: 0.0005909 seconds
2018-10-15T09:28:21.137+0200: 177.723: Application time: 0.4054046 seconds
2018-10-15T09:28:21.138+0200: 177.724: [GC pause (G1 Evacuation Pause) (young)
Desired survivor size 270532608 bytes, new threshold 3 (max 15)
- age   1:   97916864 bytes,   97916864 total
- age   2:   88913656 bytes,  186830520 total
- age   3:  101575936 bytes,  288406456 total
, 0.0681448 secs]
   [Parallel Time: 64.2 ms, GC Workers: 30]
      [GC Worker Start (ms): Min: 177724.3, Avg: 177724.9, Max: 177725.6, Diff: 1.3]
      [Ext Root Scanning (ms): Min: 0.0, Avg: 0.3, Max: 1.8, Diff: 1.7, Sum: 10.5]
      [Update RS (ms): Min: 19.5, Avg: 20.1, Max: 20.5, Diff: 1.0, Sum: 604.1]
         [Processed Buffers: Min: 21, Avg: 24.7, Max: 33, Diff: 12, Sum: 742]
      [Scan RS (ms): Min: 1.5, Avg: 1.7, Max: 1.9, Diff: 0.4, Sum: 51.3]
      [Code Root Scanning (ms): Min: 0.0, Avg: 0.0, Max: 0.0, Diff: 0.0, Sum: 0.0]
      [Object Copy (ms): Min: 40.9, Avg: 41.0, Max: 41.2, Diff: 0.2, Sum: 1231.1]
      [Termination (ms): Min: 0.0, Avg: 0.1, Max: 0.2, Diff: 0.2, Sum: 3.1]
         [Termination Attempts: Min: 1, Avg: 4.8, Max: 9, Diff: 8, Sum: 144]
      [GC Worker Other (ms): Min: 0.0, Avg: 0.1, Max: 0.2, Diff: 0.2, Sum: 2.8]
      [GC Worker Total (ms): Min: 62.8, Avg: 63.4, Max: 64.0, Diff: 1.3, Sum: 1902.9]
      [GC Worker End (ms): Min: 177788.3, Avg: 177788.4, Max: 177788.5, Diff: 0.2]
   [Code Root Fixup: 0.0 ms]
   [Code Root Purge: 0.0 ms]
   [Clear CT: 0.9 ms]
   [Other: 3.0 ms]
      [Choose CSet: 0.0 ms]
      [Ref Proc: 0.5 ms]
      [Ref Enq: 0.0 ms]
      [Redirty Cards: 0.8 ms]
      [Humongous Register: 0.1 ms]
      [Humongous Reclaim: 0.0 ms]
      [Free CSet: 1.2 ms]
   [Eden: 3788.0M(3788.0M)->0.0B(3712.0M) Survivors: 312.0M->288.0M Heap: 7030.0M(8192.0M)->3344.0M(8192.0M)]
 [Times: user=1.93 sys=0.01, real=0.07 secs] 
2018-10-15T09:28:21.206+0200: 177.792: Total time for which application threads were stopped: 0.0693760 seconds, Stopping threads took: 0.0005334 seconds
2018-10-15T09:28:21.602+0200: 178.188: Application time: 0.3952868 seconds
2018-10-15T09:28:21.603+0200: 178.189: [GC pause (G1 Evacuation Pause) (young)
Desired survivor size 262144000 bytes, new threshold 3 (max 15)
- age   1:   87060320 bytes,   87060320 total
- age   2:   90013424 bytes,  177073744 total
- age   3:   88101552 bytes,  265175296 total
, 0.0642189 secs]
   [Parallel Time: 60.4 ms, GC Workers: 30]
      [GC Worker Start (ms): Min: 178189.0, Avg: 178189.4, Max: 178190.0, Diff: 0.9]
      [Ext Root Scanning (ms): Min: 0.0, Avg: 0.4, Max: 1.7, Diff: 1.7, Sum: 11.7]
      [Update RS (ms): Min: 18.0, Avg: 18.9, Max: 19.2, Diff: 1.3, Sum: 566.6]
         [Processed Buffers: Min: 19, Avg: 22.4, Max: 31, Diff: 12, Sum: 672]
      [Scan RS (ms): Min: 1.8, Avg: 2.0, Max: 2.2, Diff: 0.4, Sum: 60.7]
      [Code Root Scanning (ms): Min: 0.0, Avg: 0.0, Max: 0.0, Diff: 0.0, Sum: 0.0]
      [Object Copy (ms): Min: 38.2, Avg: 38.3, Max: 38.4, Diff: 0.2, Sum: 1148.2]
      [Termination (ms): Min: 0.0, Avg: 0.1, Max: 0.2, Diff: 0.2, Sum: 2.7]
         [Termination Attempts: Min: 2, Avg: 6.0, Max: 10, Diff: 8, Sum: 179]
      [GC Worker Other (ms): Min: 0.0, Avg: 0.1, Max: 0.2, Diff: 0.2, Sum: 3.3]
      [GC Worker Total (ms): Min: 59.2, Avg: 59.8, Max: 60.2, Diff: 1.1, Sum: 1793.2]
      [GC Worker End (ms): Min: 178249.1, Avg: 178249.2, Max: 178249.3, Diff: 0.2]
   [Code Root Fixup: 0.0 ms]
   [Code Root Purge: 0.0 ms]
   [Clear CT: 0.9 ms]
   [Other: 3.0 ms]
      [Choose CSet: 0.0 ms]
      [Ref Proc: 0.4 ms]
      [Ref Enq: 0.0 ms]
      [Redirty Cards: 0.8 ms]
      [Humongous Register: 0.1 ms]
      [Humongous Reclaim: 0.1 ms]
      [Free CSet: 1.2 ms]
   [Eden: 3712.0M(3712.0M)->0.0B(3588.0M) Survivors: 288.0M->292.0M Heap: 7056.0M(8192.0M)->3462.0M(8192.0M)]
 [Times: user=1.81 sys=0.01, real=0.07 secs] 
2018-10-15T09:28:21.667+0200: 178.253: Total time for which application threads were stopped: 0.0655065 seconds, Stopping threads took: 0.0005883 seconds
2018-10-15T09:28:22.039+0200: 178.625: Application time: 0.3717881 seconds
2018-10-15T09:28:22.040+0200: 178.626: [GC pause (G1 Evacuation Pause) (young)
Desired survivor size 255852544 bytes, new threshold 3 (max 15)
- age   1:   97555104 bytes,   97555104 total
- age   2:   77111392 bytes,  174666496 total
- age   3:   89401712 bytes,  264068208 total
, 0.0644792 secs]
   [Parallel Time: 60.5 ms, GC Workers: 30]
      [GC Worker Start (ms): Min: 178626.7, Avg: 178627.1, Max: 178627.8, Diff: 1.1]
      [Ext Root Scanning (ms): Min: 0.0, Avg: 0.4, Max: 1.8, Diff: 1.8, Sum: 11.7]
      [Update RS (ms): Min: 18.5, Avg: 19.6, Max: 20.0, Diff: 1.5, Sum: 588.5]
         [Processed Buffers: Min: 21, Avg: 24.5, Max: 36, Diff: 15, Sum: 735]
      [Scan RS (ms): Min: 1.4, Avg: 1.7, Max: 1.9, Diff: 0.5, Sum: 49.7]
      [Code Root Scanning (ms): Min: 0.0, Avg: 0.0, Max: 0.0, Diff: 0.0, Sum: 0.0]
      [Object Copy (ms): Min: 37.9, Avg: 37.9, Max: 38.0, Diff: 0.2, Sum: 1138.2]
      [Termination (ms): Min: 0.0, Avg: 0.0, Max: 0.0, Diff: 0.0, Sum: 0.2]
         [Termination Attempts: Min: 1, Avg: 1.3, Max: 2, Diff: 1, Sum: 38]
      [GC Worker Other (ms): Min: 0.0, Avg: 0.1, Max: 0.3, Diff: 0.2, Sum: 3.9]
      [GC Worker Total (ms): Min: 59.1, Avg: 59.7, Max: 60.2, Diff: 1.1, Sum: 1792.2]
      [GC Worker End (ms): Min: 178686.8, Avg: 178686.9, Max: 178687.0, Diff: 0.2]
   [Code Root Fixup: 0.0 ms]
   [Code Root Purge: 0.0 ms]
   [Clear CT: 0.8 ms]
   [Other: 3.1 ms]
      [Choose CSet: 0.0 ms]
      [Ref Proc: 0.4 ms]
      [Ref Enq: 0.0 ms]
      [Redirty Cards: 0.7 ms]
      [Humongous Register: 0.1 ms]
      [Humongous Reclaim: 0.1 ms]
      [Free CSet: 1.4 ms]
   [Eden: 3588.0M(3588.0M)->0.0B(3504.0M) Survivors: 292.0M->276.0M Heap: 7050.0M(8192.0M)->3562.0M(8192.0M)]
 [Times: user=1.82 sys=0.00, real=0.07 secs] 
2018-10-15T09:28:22.105+0200: 178.691: Total time for which application threads were stopped: 0.0662298 seconds, Stopping threads took: 0.0009135 seconds
2018-10-15T09:28:22.466+0200: 179.052: Application time: 0.3609128 seconds
2018-10-15T09:28:22.467+0200: 179.053: [GC pause (G1 Evacuation Pause) (young)
Desired survivor size 249561088 bytes, new threshold 3 (max 15)
- age   1:   90403040 bytes,   90403040 total
- age   2:   90537928 bytes,  180940968 total
- age   3:   76226200 bytes,  257167168 total
, 0.0750076 secs]
   [Parallel Time: 72.0 ms, GC Workers: 30]
      [GC Worker Start (ms): Min: 179053.4, Avg: 179053.9, Max: 179054.5, Diff: 1.1]
      [Ext Root Scanning (ms): Min: 0.0, Avg: 0.4, Max: 1.8, Diff: 1.8, Sum: 11.4]
      [Update RS (ms): Min: 27.8, Avg: 28.8, Max: 29.6, Diff: 1.8, Sum: 865.3]
         [Processed Buffers: Min: 30, Avg: 35.1, Max: 43, Diff: 13, Sum: 1053]
      [Scan RS (ms): Min: 0.0, Avg: 0.1, Max: 0.3, Diff: 0.2, Sum: 3.9]
      [Code Root Scanning (ms): Min: 0.0, Avg: 0.0, Max: 0.0, Diff: 0.0, Sum: 0.0]
      [Object Copy (ms): Min: 41.0, Avg: 41.7, Max: 42.0, Diff: 1.0, Sum: 1250.6]
      [Termination (ms): Min: 0.0, Avg: 0.1, Max: 0.2, Diff: 0.2, Sum: 4.2]
         [Termination Attempts: Min: 1, Avg: 95.5, Max: 106, Diff: 105, Sum: 2864]
      [GC Worker Other (ms): Min: 0.0, Avg: 0.1, Max: 0.2, Diff: 0.2, Sum: 3.7]
      [GC Worker Total (ms): Min: 70.7, Avg: 71.3, Max: 71.9, Diff: 1.2, Sum: 2139.1]
      [GC Worker End (ms): Min: 179125.1, Avg: 179125.2, Max: 179125.3, Diff: 0.2]
   [Code Root Fixup: 0.0 ms]
   [Code Root Purge: 0.0 ms]
   [Clear CT: 0.6 ms]
   [Other: 2.5 ms]
      [Choose CSet: 0.0 ms]
      [Ref Proc: 0.5 ms]
      [Ref Enq: 0.0 ms]
      [Redirty Cards: 0.5 ms]
      [Humongous Register: 0.1 ms]
      [Humongous Reclaim: 0.1 ms]
      [Free CSet: 0.9 ms]
   [Eden: 3504.0M(3504.0M)->0.0B(3344.0M) Survivors: 276.0M->304.0M Heap: 7066.0M(8192.0M)->3692.0M(8192.0M)]
 [Times: user=2.15 sys=0.00, real=0.07 secs] 
2018-10-15T09:28:22.542+0200: 179.128: Total time for which application threads were stopped: 0.0762387 seconds, Stopping threads took: 0.0005529 seconds
2018-10-15T09:28:22.882+0200: 179.468: Application time: 0.3397564 seconds
2018-10-15T09:28:22.883+0200: 179.469: [GC pause (G1 Evacuation Pause) (young)
Desired survivor size 239075328 bytes, new threshold 3 (max 15)
- age   1:  101311472 bytes,  101311472 total
- age   2:   84847352 bytes,  186158824 total
- age   3:   89504192 bytes,  275663016 total
, 0.0667311 secs]
   [Parallel Time: 63.4 ms, GC Workers: 30]
      [GC Worker Start (ms): Min: 179469.5, Avg: 179469.8, Max: 179470.5, Diff: 1.1]
      [Ext Root Scanning (ms): Min: 0.0, Avg: 0.4, Max: 1.8, Diff: 1.8, Sum: 11.8]
      [Update RS (ms): Min: 24.3, Avg: 25.4, Max: 25.8, Diff: 1.5, Sum: 762.1]
         [Processed Buffers: Min: 27, Avg: 30.4, Max: 39, Diff: 12, Sum: 911]
      [Scan RS (ms): Min: 0.0, Avg: 0.1, Max: 0.3, Diff: 0.2, Sum: 3.7]
      [Code Root Scanning (ms): Min: 0.0, Avg: 0.0, Max: 0.0, Diff: 0.0, Sum: 0.0]
      [Object Copy (ms): Min: 36.5, Avg: 36.7, Max: 36.8, Diff: 0.4, Sum: 1100.6]
      [Termination (ms): Min: 0.0, Avg: 0.0, Max: 0.0, Diff: 0.0, Sum: 0.1]
         [Termination Attempts: Min: 1, Avg: 1.0, Max: 1, Diff: 0, Sum: 30]
      [GC Worker Other (ms): Min: 0.0, Avg: 0.1, Max: 0.2, Diff: 0.2, Sum: 3.8]
      [GC Worker Total (ms): Min: 62.0, Avg: 62.7, Max: 63.2, Diff: 1.2, Sum: 1882.2]
      [GC Worker End (ms): Min: 179532.4, Avg: 179532.5, Max: 179532.7, Diff: 0.2]
   [Code Root Fixup: 0.0 ms]
   [Code Root Purge: 0.0 ms]
   [Clear CT: 0.6 ms]
   [Other: 2.7 ms]
      [Choose CSet: 0.0 ms]
      [Ref Proc: 0.5 ms]
      [Ref Enq: 0.0 ms]
      [Redirty Cards: 0.8 ms]
      [Humongous Register: 0.1 ms]
      [Humongous Reclaim: 0.1 ms]
      [Free CSet: 0.9 ms]
   [Eden: 3344.0M(3344.0M)->0.0B(3244.0M) Survivors: 304.0M->296.0M Heap: 7036.0M(8192.0M)->3802.0M(8192.0M)]
 [Times: user=1.90 sys=0.01, real=0.07 secs] 
2018-10-15T09:28:22.950+0200: 179.536: Total time for which application threads were stopped: 0.0679950 seconds, Stopping threads took: 0.0005809 seconds
2018-10-15T09:28:23.285+0200: 179.871: Application time: 0.3350199 seconds
2018-10-15T09:28:23.286+0200: 179.872: [GC pause (G1 Evacuation Pause) (young)
Desired survivor size 232783872 bytes, new threshold 3 (max 15)
- age   1:   91019792 bytes,   91019792 total
- age   2:   96744712 bytes,  187764504 total
- age   3:   83732744 bytes,  271497248 total
, 0.0634001 secs]
   [Parallel Time: 59.8 ms, GC Workers: 30]
      [GC Worker Start (ms): Min: 179872.5, Avg: 179873.0, Max: 179873.6, Diff: 1.1]
      [Ext Root Scanning (ms): Min: 0.0, Avg: 0.4, Max: 2.0, Diff: 2.0, Sum: 11.8]
      [Update RS (ms): Min: 17.4, Avg: 18.3, Max: 18.6, Diff: 1.2, Sum: 547.7]
         [Processed Buffers: Min: 18, Avg: 21.9, Max: 29, Diff: 11, Sum: 656]
      [Scan RS (ms): Min: 1.4, Avg: 1.6, Max: 1.8, Diff: 0.5, Sum: 48.4]
      [Code Root Scanning (ms): Min: 0.0, Avg: 0.0, Max: 0.0, Diff: 0.0, Sum: 0.0]
      [Object Copy (ms): Min: 38.5, Avg: 38.6, Max: 38.7, Diff: 0.2, Sum: 1157.0]
      [Termination (ms): Min: 0.0, Avg: 0.1, Max: 0.2, Diff: 0.1, Sum: 3.4]
         [Termination Attempts: Min: 5, Avg: 17.1, Max: 25, Diff: 20, Sum: 513]
      [GC Worker Other (ms): Min: 0.0, Avg: 0.1, Max: 0.2, Diff: 0.2, Sum: 3.4]
      [GC Worker Total (ms): Min: 58.5, Avg: 59.1, Max: 59.6, Diff: 1.2, Sum: 1771.7]
      [GC Worker End (ms): Min: 179931.9, Avg: 179932.0, Max: 179932.2, Diff: 0.2]
   [Code Root Fixup: 0.0 ms]
   [Code Root Purge: 0.0 ms]
   [Clear CT: 0.8 ms]
   [Other: 2.8 ms]
      [Choose CSet: 0.0 ms]
      [Ref Proc: 0.5 ms]
      [Ref Enq: 0.0 ms]
      [Redirty Cards: 0.7 ms]
      [Humongous Register: 0.1 ms]
      [Humongous Reclaim: 0.1 ms]
      [Free CSet: 1.0 ms]
   [Eden: 3244.0M(3244.0M)->0.0B(3160.0M) Survivors: 296.0M->284.0M Heap: 7046.0M(8192.0M)->3898.0M(8192.0M)]
 [Times: user=1.79 sys=0.00, real=0.06 secs] 
2018-10-15T09:28:23.350+0200: 179.936: Total time for which application threads were stopped: 0.0646224 seconds, Stopping threads took: 0.0005503 seconds
2018-10-15T09:28:23.671+0200: 180.257: Application time: 0.3217351 seconds
2018-10-15T09:28:23.672+0200: 180.259: [GC pause (G1 Evacuation Pause) (young)
Desired survivor size 226492416 bytes, new threshold 3 (max 15)
- age   1:   85296168 bytes,   85296168 total
- age   2:   87371344 bytes,  172667512 total
- age   3:   94108776 bytes,  266776288 total
, 0.0669141 secs]
   [Parallel Time: 63.8 ms, GC Workers: 30]
      [GC Worker Start (ms): Min: 180258.8, Avg: 180259.0, Max: 180259.6, Diff: 0.8]
      [Ext Root Scanning (ms): Min: 0.0, Avg: 0.5, Max: 1.7, Diff: 1.7, Sum: 13.9]
      [Update RS (ms): Min: 26.4, Avg: 27.5, Max: 27.8, Diff: 1.4, Sum: 824.6]
         [Processed Buffers: Min: 28, Avg: 33.4, Max: 43, Diff: 15, Sum: 1003]
      [Scan RS (ms): Min: 0.0, Avg: 0.1, Max: 0.3, Diff: 0.2, Sum: 4.2]
      [Code Root Scanning (ms): Min: 0.0, Avg: 0.0, Max: 0.0, Diff: 0.0, Sum: 0.0]
      [Object Copy (ms): Min: 35.0, Avg: 35.2, Max: 35.3, Diff: 0.3, Sum: 1055.1]
      [Termination (ms): Min: 0.0, Avg: 0.0, Max: 0.0, Diff: 0.0, Sum: 0.2]
         [Termination Attempts: Min: 1, Avg: 1.3, Max: 2, Diff: 1, Sum: 38]
      [GC Worker Other (ms): Min: 0.0, Avg: 0.1, Max: 0.2, Diff: 0.2, Sum: 3.5]
      [GC Worker Total (ms): Min: 62.8, Avg: 63.4, Max: 63.7, Diff: 1.0, Sum: 1901.5]
      [GC Worker End (ms): Min: 180322.3, Avg: 180322.4, Max: 180322.5, Diff: 0.2]
   [Code Root Fixup: 0.0 ms]
   [Code Root Purge: 0.0 ms]
   [Clear CT: 0.6 ms]
   [Other: 2.5 ms]
      [Choose CSet: 0.0 ms]
      [Ref Proc: 0.4 ms]
      [Ref Enq: 0.0 ms]
      [Redirty Cards: 0.6 ms]
      [Humongous Register: 0.1 ms]
      [Humongous Reclaim: 0.1 ms]
      [Free CSet: 0.9 ms]
   [Eden: 3160.0M(3160.0M)->0.0B(3064.0M) Survivors: 284.0M->272.0M Heap: 7058.0M(8192.0M)->4006.0M(8192.0M)]
 [Times: user=1.93 sys=0.00, real=0.06 secs] 
2018-10-15T09:28:23.740+0200: 180.326: Total time for which application threads were stopped: 0.0682188 seconds, Stopping threads took: 0.0005491 seconds
2018-10-15T09:28:24.076+0200: 180.662: Application time: 0.3361514 seconds
2018-10-15T09:28:24.077+0200: 180.663: [GC pause (G1 Evacuation Pause) (young) (initial-mark)
Desired survivor size 220200960 bytes, new threshold 3 (max 15)
- age   1:   82332872 bytes,   82332872 total
- age   2:   77081392 bytes,  159414264 total
- age   3:   87180816 bytes,  246595080 total
, 0.0663353 secs]
   [Parallel Time: 62.6 ms, GC Workers: 30]
      [GC Worker Start (ms): Min: 180663.6, Avg: 180664.4, Max: 180665.1, Diff: 1.5]
      [Ext Root Scanning (ms): Min: 1.7, Avg: 2.3, Max: 3.2, Diff: 1.5, Sum: 68.1]
      [Update RS (ms): Min: 18.5, Avg: 19.1, Max: 19.7, Diff: 1.3, Sum: 574.1]
         [Processed Buffers: Min: 18, Avg: 21.7, Max: 26, Diff: 8, Sum: 651]
      [Scan RS (ms): Min: 2.4, Avg: 2.6, Max: 2.8, Diff: 0.4, Sum: 79.0]
      [Code Root Scanning (ms): Min: 0.0, Avg: 0.0, Max: 0.0, Diff: 0.0, Sum: 0.0]
      [Object Copy (ms): Min: 37.1, Avg: 37.2, Max: 37.3, Diff: 0.3, Sum: 1116.2]
      [Termination (ms): Min: 0.0, Avg: 0.1, Max: 0.2, Diff: 0.2, Sum: 2.6]
         [Termination Attempts: Min: 1, Avg: 5.1, Max: 8, Diff: 7, Sum: 152]
      [GC Worker Other (ms): Min: 0.0, Avg: 0.1, Max: 0.2, Diff: 0.2, Sum: 2.6]
      [GC Worker Total (ms): Min: 60.7, Avg: 61.4, Max: 62.2, Diff: 1.5, Sum: 1842.5]
      [GC Worker End (ms): Min: 180725.7, Avg: 180725.8, Max: 180725.9, Diff: 0.2]
   [Code Root Fixup: 0.0 ms]
   [Code Root Purge: 0.0 ms]
   [Clear CT: 0.8 ms]
   [Other: 2.9 ms]
      [Choose CSet: 0.0 ms]
      [Ref Proc: 0.5 ms]
      [Ref Enq: 0.0 ms]
      [Redirty Cards: 0.8 ms]
      [Humongous Register: 0.1 ms]
      [Humongous Reclaim: 0.1 ms]
      [Free CSet: 0.9 ms]
   [Eden: 3064.0M(3064.0M)->0.0B(2984.0M) Survivors: 272.0M->256.0M Heap: 7070.0M(8192.0M)->4102.0M(8192.0M)]
 [Times: user=1.82 sys=0.00, real=0.06 secs] 
2018-10-15T09:28:24.143+0200: 180.730: [GC concurrent-root-region-scan-start]
2018-10-15T09:28:24.143+0200: 180.730: Total time for which application threads were stopped: 0.0676817 seconds, Stopping threads took: 0.0005614 seconds
2018-10-15T09:28:24.209+0200: 180.795: [GC concurrent-root-region-scan-end, 0.0653041 secs]
2018-10-15T09:28:24.209+0200: 180.795: [GC concurrent-mark-start]
2018-10-15T09:28:24.564+0200: 181.150: Application time: 0.4208797 seconds
2018-10-15T09:28:24.565+0200: 181.151: [GC pause (G1 Evacuation Pause) (young)
Desired survivor size 213909504 bytes, new threshold 3 (max 15)
- age   1:   78553056 bytes,   78553056 total
- age   2:   77115464 bytes,  155668520 total
- age   3:   76526040 bytes,  232194560 total
, 0.0619129 secs]
   [Parallel Time: 58.7 ms, GC Workers: 30]
      [GC Worker Start (ms): Min: 181151.7, Avg: 181152.0, Max: 181152.4, Diff: 0.7]
      [Ext Root Scanning (ms): Min: 0.0, Avg: 0.5, Max: 1.8, Diff: 1.8, Sum: 14.9]
      [Update RS (ms): Min: 19.3, Avg: 20.3, Max: 20.7, Diff: 1.4, Sum: 609.9]
         [Processed Buffers: Min: 18, Avg: 23.7, Max: 30, Diff: 12, Sum: 711]
      [Scan RS (ms): Min: 2.0, Avg: 2.2, Max: 2.4, Diff: 0.5, Sum: 67.1]
      [Code Root Scanning (ms): Min: 0.0, Avg: 0.0, Max: 0.0, Diff: 0.0, Sum: 0.0]
      [Object Copy (ms): Min: 34.8, Avg: 34.9, Max: 35.1, Diff: 0.3, Sum: 1047.9]
      [Termination (ms): Min: 0.0, Avg: 0.1, Max: 0.2, Diff: 0.2, Sum: 2.7]
         [Termination Attempts: Min: 1, Avg: 4.9, Max: 8, Diff: 7, Sum: 148]
      [GC Worker Other (ms): Min: 0.0, Avg: 0.1, Max: 0.2, Diff: 0.2, Sum: 2.7]
      [GC Worker Total (ms): Min: 57.8, Avg: 58.2, Max: 58.4, Diff: 0.7, Sum: 1745.4]
      [GC Worker End (ms): Min: 181210.1, Avg: 181210.1, Max: 181210.2, Diff: 0.2]
   [Code Root Fixup: 0.0 ms]
   [Code Root Purge: 0.0 ms]
   [Clear CT: 0.6 ms]
   [Other: 2.5 ms]
      [Choose CSet: 0.0 ms]
      [Ref Proc: 0.5 ms]
      [Ref Enq: 0.0 ms]
      [Redirty Cards: 0.6 ms]
      [Humongous Register: 0.1 ms]
      [Humongous Reclaim: 0.1 ms]
      [Free CSet: 0.9 ms]
   [Eden: 2984.0M(2984.0M)->0.0B(2888.0M) Survivors: 256.0M->252.0M Heap: 7086.0M(8192.0M)->4200.0M(8192.0M)]
 [Times: user=1.77 sys=0.00, real=0.06 secs] 
2018-10-15T09:28:24.628+0200: 181.214: Total time for which application threads were stopped: 0.0631601 seconds, Stopping threads took: 0.0005202 seconds
2018-10-15T09:28:24.631+0200: 181.218: [GC concurrent-mark-end, 0.4227156 secs]
2018-10-15T09:28:24.636+0200: 181.222: Application time: 0.0079630 seconds
2018-10-15T09:28:24.636+0200: 181.222: [GC remark 2018-10-15T09:28:24.636+0200: 181.222: [Finalize Marking, 0.0006273 secs] 2018-10-15T09:28:24.637+0200: 181.223: [GC ref-proc, 0.0010733 secs] 2018-10-15T09:28:24.638+0200: 181.224: [Unloading, 0.0111249 secs], 0.0140346 secs]
 [Times: user=0.33 sys=0.00, real=0.01 secs] 
2018-10-15T09:28:24.650+0200: 181.236: Total time for which application threads were stopped: 0.0146286 seconds, Stopping threads took: 0.0001639 seconds
2018-10-15T09:28:24.650+0200: 181.236: Application time: 0.0001095 seconds
2018-10-15T09:28:24.651+0200: 181.237: [GC cleanup 4229M->3001M(8192M), 0.0083527 secs]
 [Times: user=0.20 sys=0.00, real=0.01 secs] 
2018-10-15T09:28:24.659+0200: 181.245: Total time for which application threads were stopped: 0.0089365 seconds, Stopping threads took: 0.0000710 seconds
2018-10-15T09:28:24.659+0200: 181.245: [GC concurrent-cleanup-start]
2018-10-15T09:28:24.660+0200: 181.246: [GC concurrent-cleanup-end, 0.0011528 secs]
2018-10-15T09:28:24.959+0200: 181.545: Application time: 0.2997175 seconds
2018-10-15T09:28:24.960+0200: 181.546: [GC pause (G1 Evacuation Pause) (young)
Desired survivor size 207618048 bytes, new threshold 3 (max 15)
- age   1:   79052888 bytes,   79052888 total
- age   2:   71576648 bytes,  150629536 total
- age   3:   75480920 bytes,  226110456 total
, 0.0652972 secs]
   [Parallel Time: 62.1 ms, GC Workers: 30]
      [GC Worker Start (ms): Min: 181546.5, Avg: 181547.2, Max: 181547.9, Diff: 1.5]
      [Ext Root Scanning (ms): Min: 0.0, Avg: 0.3, Max: 1.7, Diff: 1.7, Sum: 9.6]
      [Update RS (ms): Min: 17.6, Avg: 18.4, Max: 19.2, Diff: 1.7, Sum: 550.6]
         [Processed Buffers: Min: 15, Avg: 21.4, Max: 29, Diff: 14, Sum: 642]
      [Scan RS (ms): Min: 1.9, Avg: 2.6, Max: 2.8, Diff: 0.9, Sum: 77.4]
      [Code Root Scanning (ms): Min: 0.0, Avg: 0.0, Max: 0.0, Diff: 0.0, Sum: 0.0]
      [Object Copy (ms): Min: 39.1, Avg: 39.2, Max: 39.6, Diff: 0.5, Sum: 1176.3]
      [Termination (ms): Min: 0.0, Avg: 0.4, Max: 0.4, Diff: 0.4, Sum: 11.9]
         [Termination Attempts: Min: 1, Avg: 148.2, Max: 164, Diff: 163, Sum: 4445]
      [GC Worker Other (ms): Min: 0.0, Avg: 0.1, Max: 0.3, Diff: 0.2, Sum: 4.0]
      [GC Worker Total (ms): Min: 60.3, Avg: 61.0, Max: 61.8, Diff: 1.5, Sum: 1829.9]
      [GC Worker End (ms): Min: 181608.1, Avg: 181608.2, Max: 181608.3, Diff: 0.2]
   [Code Root Fixup: 0.0 ms]
   [Code Root Purge: 0.0 ms]
   [Clear CT: 0.8 ms]
   [Other: 2.5 ms]
      [Choose CSet: 0.0 ms]
      [Ref Proc: 0.3 ms]
      [Ref Enq: 0.0 ms]
      [Redirty Cards: 0.6 ms]
      [Humongous Register: 0.1 ms]
      [Humongous Reclaim: 0.0 ms]
      [Free CSet: 0.9 ms]
   [Eden: 2888.0M(2888.0M)->0.0B(160.0M) Survivors: 252.0M->248.0M Heap: 5860.0M(8192.0M)->3066.0M(8192.0M)]
 [Times: user=1.85 sys=0.01, real=0.07 secs] 
2018-10-15T09:28:25.026+0200: 181.612: Total time for which application threads were stopped: 0.0666456 seconds, Stopping threads took: 0.0005862 seconds
2018-10-15T09:28:25.043+0200: 181.629: Application time: 0.0172901 seconds
2018-10-15T09:28:25.044+0200: 181.630: [GC pause (G1 Evacuation Pause) (mixed)
Desired survivor size 27262976 bytes, new threshold 1 (max 15)
- age   1:   82389920 bytes,   82389920 total
- age   2:   72141920 bytes,  154531840 total
- age   3:   70890288 bytes,  225422128 total
, 0.0530975 secs]
   [Parallel Time: 49.1 ms, GC Workers: 30]
      [GC Worker Start (ms): Min: 181630.1, Avg: 181630.4, Max: 181631.1, Diff: 1.0]
      [Ext Root Scanning (ms): Min: 0.0, Avg: 0.4, Max: 1.6, Diff: 1.6, Sum: 11.2]
      [Update RS (ms): Min: 21.8, Avg: 22.4, Max: 22.9, Diff: 1.1, Sum: 673.2]
         [Processed Buffers: Min: 27, Avg: 33.7, Max: 42, Diff: 15, Sum: 1011]
      [Scan RS (ms): Min: 1.4, Avg: 1.7, Max: 2.0, Diff: 0.6, Sum: 51.9]
      [Code Root Scanning (ms): Min: 0.0, Avg: 0.0, Max: 0.0, Diff: 0.0, Sum: 0.0]
      [Object Copy (ms): Min: 23.8, Avg: 23.9, Max: 24.1, Diff: 0.2, Sum: 718.3]
      [Termination (ms): Min: 0.0, Avg: 0.1, Max: 0.1, Diff: 0.1, Sum: 2.2]
         [Termination Attempts: Min: 1, Avg: 36.6, Max: 44, Diff: 43, Sum: 1098]
      [GC Worker Other (ms): Min: 0.0, Avg: 0.0, Max: 0.1, Diff: 0.1, Sum: 1.4]
      [GC Worker Total (ms): Min: 48.0, Avg: 48.6, Max: 48.9, Diff: 1.0, Sum: 1458.3]
      [GC Worker End (ms): Min: 181679.0, Avg: 181679.0, Max: 181679.1, Diff: 0.1]
   [Code Root Fixup: 0.0 ms]
   [Code Root Purge: 0.0 ms]
   [Clear CT: 0.7 ms]
   [Other: 3.2 ms]
      [Choose CSet: 0.2 ms]
      [Ref Proc: 0.3 ms]
      [Ref Enq: 0.0 ms]
      [Redirty Cards: 1.1 ms]
      [Humongous Register: 0.1 ms]
      [Humongous Reclaim: 0.0 ms]
      [Free CSet: 1.1 ms]
   [Eden: 160.0M(160.0M)->0.0B(356.0M) Survivors: 248.0M->52.0M Heap: 3226.0M(8192.0M)->2298.0M(8192.0M)]
 [Times: user=1.49 sys=0.00, real=0.05 secs] 
2018-10-15T09:28:25.097+0200: 181.683: Total time for which application threads were stopped: 0.0541191 seconds, Stopping threads took: 0.0004108 seconds
2018-10-15T09:28:25.149+0200: 181.735: Application time: 0.0520257 seconds
2018-10-15T09:28:25.149+0200: 181.735: [GC pause (G1 Evacuation Pause) (mixed)
Desired survivor size 27262976 bytes, new threshold 15 (max 15)
- age   1:    4247872 bytes,    4247872 total
, 0.0278501 secs]
   [Parallel Time: 24.3 ms, GC Workers: 30]
      [GC Worker Start (ms): Min: 181736.0, Avg: 181736.5, Max: 181737.1, Diff: 1.1]
      [Ext Root Scanning (ms): Min: 0.0, Avg: 0.3, Max: 1.5, Diff: 1.5, Sum: 9.3]
      [Update RS (ms): Min: 18.9, Avg: 19.4, Max: 20.1, Diff: 1.2, Sum: 580.5]
         [Processed Buffers: Min: 22, Avg: 27.4, Max: 37, Diff: 15, Sum: 822]
      [Scan RS (ms): Min: 0.6, Avg: 1.2, Max: 1.4, Diff: 0.8, Sum: 36.9]
      [Code Root Scanning (ms): Min: 0.0, Avg: 0.0, Max: 0.0, Diff: 0.0, Sum: 0.0]
      [Object Copy (ms): Min: 2.7, Avg: 2.7, Max: 2.8, Diff: 0.1, Sum: 81.9]
      [Termination (ms): Min: 0.0, Avg: 0.0, Max: 0.0, Diff: 0.0, Sum: 0.6]
         [Termination Attempts: Min: 1, Avg: 6.4, Max: 11, Diff: 10, Sum: 191]
      [GC Worker Other (ms): Min: 0.0, Avg: 0.0, Max: 0.1, Diff: 0.1, Sum: 1.5]
      [GC Worker Total (ms): Min: 23.0, Avg: 23.7, Max: 24.2, Diff: 1.1, Sum: 710.8]
      [GC Worker End (ms): Min: 181760.1, Avg: 181760.2, Max: 181760.2, Diff: 0.1]
   [Code Root Fixup: 0.0 ms]
   [Code Root Purge: 0.0 ms]
   [Clear CT: 0.7 ms]
   [Other: 2.8 ms]
      [Choose CSet: 0.2 ms]
      [Ref Proc: 0.5 ms]
      [Ref Enq: 0.0 ms]
      [Redirty Cards: 0.3 ms]
      [Humongous Register: 0.1 ms]
      [Humongous Reclaim: 0.0 ms]
      [Free CSet: 1.3 ms]
   [Eden: 356.0M(356.0M)->0.0B(356.0M) Survivors: 52.0M->52.0M Heap: 2654.0M(8192.0M)->1532.0M(8192.0M)]
 [Times: user=0.73 sys=0.00, real=0.03 secs] 
2018-10-15T09:28:25.178+0200: 181.764: Total time for which application threads were stopped: 0.0285292 seconds, Stopping threads took: 0.0000946 seconds
2018-10-15T09:28:25.216+0200: 181.802: Application time: 0.0383205 seconds
2018-10-15T09:28:25.217+0200: 181.803: [GC pause (G1 Evacuation Pause) (mixed)
Desired survivor size 27262976 bytes, new threshold 15 (max 15)
- age   1:    6542992 bytes,    6542992 total
- age   2:    3046576 bytes,    9589568 total
, 0.0123690 secs]
   [Parallel Time: 10.1 ms, GC Workers: 30]
      [GC Worker Start (ms): Min: 181803.0, Avg: 181803.2, Max: 181803.7, Diff: 0.7]
      [Ext Root Scanning (ms): Min: 0.0, Avg: 0.4, Max: 1.7, Diff: 1.7, Sum: 12.5]
      [Update RS (ms): Min: 3.0, Avg: 4.0, Max: 4.6, Diff: 1.6, Sum: 119.1]
         [Processed Buffers: Min: 5, Avg: 7.3, Max: 17, Diff: 12, Sum: 218]
      [Scan RS (ms): Min: 0.4, Avg: 0.9, Max: 1.1, Diff: 0.7, Sum: 26.7]
      [Code Root Scanning (ms): Min: 0.0, Avg: 0.0, Max: 0.1, Diff: 0.1, Sum: 0.5]
      [Object Copy (ms): Min: 4.1, Avg: 4.2, Max: 4.4, Diff: 0.3, Sum: 127.0]
      [Termination (ms): Min: 0.0, Avg: 0.1, Max: 0.1, Diff: 0.1, Sum: 1.7]
         [Termination Attempts: Min: 5, Avg: 10.2, Max: 14, Diff: 9, Sum: 307]
      [GC Worker Other (ms): Min: 0.0, Avg: 0.0, Max: 0.1, Diff: 0.1, Sum: 1.4]
      [GC Worker Total (ms): Min: 9.1, Avg: 9.6, Max: 9.9, Diff: 0.7, Sum: 288.8]
      [GC Worker End (ms): Min: 181812.8, Avg: 181812.8, Max: 181812.9, Diff: 0.1]
   [Code Root Fixup: 0.0 ms]
   [Code Root Purge: 0.0 ms]
   [Clear CT: 0.5 ms]
   [Other: 1.7 ms]
      [Choose CSet: 0.1 ms]
      [Ref Proc: 0.4 ms]
      [Ref Enq: 0.0 ms]
      [Redirty Cards: 0.4 ms]
      [Humongous Register: 0.1 ms]
      [Humongous Reclaim: 0.0 ms]
      [Free CSet: 0.4 ms]
   [Eden: 356.0M(356.0M)->0.0B(4884.0M) Survivors: 52.0M->28.0M Heap: 1888.0M(8192.0M)->1410.3M(8192.0M)]
 [Times: user=0.30 sys=0.00, real=0.01 secs] 
2018-10-15T09:28:25.229+0200: 181.815: Total time for which application threads were stopped: 0.0133232 seconds, Stopping threads took: 0.0004027 seconds
2018-10-15T09:28:25.734+0200: 182.320: Application time: 0.5043431 seconds
2018-10-15T09:28:25.735+0200: 182.321: [GC pause (G1 Evacuation Pause) (young)
Desired survivor size 322961408 bytes, new threshold 15 (max 15)
- age   1:   11230776 bytes,   11230776 total
- age   2:    5976592 bytes,   17207368 total
- age   3:    2965592 bytes,   20172960 total
, 0.0390515 secs]
   [Parallel Time: 34.8 ms, GC Workers: 30]
      [GC Worker Start (ms): Min: 182320.8, Avg: 182321.3, Max: 182321.8, Diff: 1.0]
      [Ext Root Scanning (ms): Min: 0.0, Avg: 0.5, Max: 2.0, Diff: 2.0, Sum: 13.8]
      [Update RS (ms): Min: 10.5, Avg: 11.6, Max: 12.0, Diff: 1.5, Sum: 348.3]
         [Processed Buffers: Min: 10, Avg: 13.8, Max: 20, Diff: 10, Sum: 414]
      [Scan RS (ms): Min: 0.0, Avg: 0.2, Max: 0.4, Diff: 0.4, Sum: 7.0]
      [Code Root Scanning (ms): Min: 0.0, Avg: 0.0, Max: 0.0, Diff: 0.0, Sum: 0.1]
      [Object Copy (ms): Min: 21.4, Avg: 21.5, Max: 21.6, Diff: 0.2, Sum: 645.1]
      [Termination (ms): Min: 0.0, Avg: 0.0, Max: 0.0, Diff: 0.0, Sum: 0.2]
         [Termination Attempts: Min: 1, Avg: 1.0, Max: 1, Diff: 0, Sum: 30]
      [GC Worker Other (ms): Min: 0.0, Avg: 0.2, Max: 0.3, Diff: 0.3, Sum: 4.7]
      [GC Worker Total (ms): Min: 33.3, Avg: 34.0, Max: 34.5, Diff: 1.2, Sum: 1019.1]
      [GC Worker End (ms): Min: 182355.1, Avg: 182355.3, Max: 182355.4, Diff: 0.3]
   [Code Root Fixup: 0.0 ms]
   [Code Root Purge: 0.0 ms]
   [Clear CT: 0.8 ms]
   [Other: 3.4 ms]
      [Choose CSet: 0.0 ms]
      [Ref Proc: 0.5 ms]
      [Ref Enq: 0.0 ms]
      [Redirty Cards: 0.4 ms]
      [Humongous Register: 0.1 ms]
      [Humongous Reclaim: 0.0 ms]
      [Free CSet: 1.9 ms]
   [Eden: 4884.0M(4884.0M)->0.0B(4748.0M) Survivors: 28.0M->164.0M Heap: 6294.3M(8192.0M)->1544.2M(8192.0M)]
 [Times: user=1.04 sys=0.00, real=0.04 secs] 
2018-10-15T09:28:25.774+0200: 182.360: Total time for which application threads were stopped: 0.0403844 seconds, Stopping threads took: 0.0005349 seconds
2018-10-15T09:28:26.262+0200: 182.848: Application time: 0.4883785 seconds
2018-10-15T09:28:26.263+0200: 182.849: [GC pause (G1 Evacuation Pause) (young)
Desired survivor size 322961408 bytes, new threshold 15 (max 15)
- age   1:  125486528 bytes,  125486528 total
- age   2:    9903440 bytes,  135389968 total
- age   3:    5823024 bytes,  141212992 total
- age   4:    2927352 bytes,  144140344 total
, 0.0510225 secs]
   [Parallel Time: 47.3 ms, GC Workers: 30]
      [GC Worker Start (ms): Min: 182849.7, Avg: 182850.4, Max: 182851.1, Diff: 1.4]
      [Ext Root Scanning (ms): Min: 0.0, Avg: 0.4, Max: 1.9, Diff: 1.9, Sum: 11.0]
      [Update RS (ms): Min: 9.2, Avg: 10.1, Max: 10.5, Diff: 1.3, Sum: 302.5]
         [Processed Buffers: Min: 9, Avg: 12.5, Max: 18, Diff: 9, Sum: 374]
      [Scan RS (ms): Min: 0.1, Avg: 0.2, Max: 0.3, Diff: 0.3, Sum: 6.9]
      [Code Root Scanning (ms): Min: 0.0, Avg: 0.0, Max: 0.0, Diff: 0.0, Sum: 0.1]
      [Object Copy (ms): Min: 35.4, Avg: 35.5, Max: 35.6, Diff: 0.2, Sum: 1063.8]
      [Termination (ms): Min: 0.0, Avg: 0.0, Max: 0.0, Diff: 0.0, Sum: 0.3]
         [Termination Attempts: Min: 1, Avg: 1.5, Max: 2, Diff: 1, Sum: 44]
      [GC Worker Other (ms): Min: 0.0, Avg: 0.1, Max: 0.3, Diff: 0.3, Sum: 4.5]
      [GC Worker Total (ms): Min: 45.5, Avg: 46.3, Max: 47.1, Diff: 1.6, Sum: 1389.0]
      [GC Worker End (ms): Min: 182896.6, Avg: 182896.7, Max: 182896.8, Diff: 0.3]
   [Code Root Fixup: 0.0 ms]
   [Code Root Purge: 0.0 ms]
   [Clear CT: 0.9 ms]
   [Other: 2.8 ms]
      [Choose CSet: 0.0 ms]
      [Ref Proc: 0.5 ms]
      [Ref Enq: 0.0 ms]
      [Redirty Cards: 0.4 ms]
      [Humongous Register: 0.1 ms]
      [Humongous Reclaim: 0.0 ms]
      [Free CSet: 1.4 ms]
   [Eden: 4748.0M(4748.0M)->0.0B(4628.0M) Survivors: 164.0M->284.0M Heap: 6292.2M(8192.0M)->1663.2M(8192.0M)]
 [Times: user=1.41 sys=0.00, real=0.06 secs] 
2018-10-15T09:28:26.315+0200: 182.901: Total time for which application threads were stopped: 0.0523064 seconds, Stopping threads took: 0.0005948 seconds
2018-10-15T09:28:26.784+0200: 183.370: Application time: 0.4697178 seconds
2018-10-15T09:28:26.785+0200: 183.371: [GC pause (G1 Evacuation Pause) (young)
Desired survivor size 322961408 bytes, new threshold 15 (max 15)
- age   1:  124406408 bytes,  124406408 total
- age   2:  118374328 bytes,  242780736 total
- age   3:    9631328 bytes,  252412064 total
- age   4:    5822136 bytes,  258234200 total
- age   5:    2893000 bytes,  261127200 total
, 0.0647874 secs]
   [Parallel Time: 61.2 ms, GC Workers: 30]
      [GC Worker Start (ms): Min: 183371.6, Avg: 183371.9, Max: 183372.4, Diff: 0.8]
      [Ext Root Scanning (ms): Min: 0.0, Avg: 0.5, Max: 1.8, Diff: 1.7, Sum: 14.1]
      [Update RS (ms): Min: 8.9, Avg: 10.0, Max: 10.3, Diff: 1.4, Sum: 298.6]
         [Processed Buffers: Min: 10, Avg: 12.6, Max: 17, Diff: 7, Sum: 379]
      [Scan RS (ms): Min: 0.0, Avg: 0.2, Max: 0.4, Diff: 0.3, Sum: 7.4]
      [Code Root Scanning (ms): Min: 0.0, Avg: 0.0, Max: 0.0, Diff: 0.0, Sum: 0.1]
      [Object Copy (ms): Min: 49.2, Avg: 49.4, Max: 49.7, Diff: 0.5, Sum: 1482.1]
      [Termination (ms): Min: 0.0, Avg: 0.4, Max: 0.4, Diff: 0.4, Sum: 10.7]
         [Termination Attempts: Min: 1, Avg: 119.8, Max: 137, Diff: 136, Sum: 3593]
      [GC Worker Other (ms): Min: 0.0, Avg: 0.1, Max: 0.3, Diff: 0.2, Sum: 4.2]
      [GC Worker Total (ms): Min: 60.1, Avg: 60.6, Max: 60.9, Diff: 0.8, Sum: 1817.2]
      [GC Worker End (ms): Min: 183432.3, Avg: 183432.5, Max: 183432.6, Diff: 0.3]
   [Code Root Fixup: 0.0 ms]
   [Code Root Purge: 0.0 ms]
   [Clear CT: 0.9 ms]
   [Other: 2.7 ms]
      [Choose CSet: 0.0 ms]
      [Ref Proc: 0.5 ms]
      [Ref Enq: 0.0 ms]
      [Redirty Cards: 0.4 ms]
      [Humongous Register: 0.1 ms]
      [Humongous Reclaim: 0.0 ms]
      [Free CSet: 1.3 ms]
   [Eden: 4628.0M(4628.0M)->0.0B(4516.0M) Survivors: 284.0M->396.0M Heap: 6291.2M(8192.0M)->1779.0M(8192.0M)]
 [Times: user=1.84 sys=0.01, real=0.06 secs] 
2018-10-15T09:28:26.850+0200: 183.436: Total time for which application threads were stopped: 0.0660376 seconds, Stopping threads took: 0.0005577 seconds
2018-10-15T09:28:27.307+0200: 183.893: Application time: 0.4562773 seconds
2018-10-15T09:28:27.308+0200: 183.894: [GC pause (G1 Evacuation Pause) (young)
Desired survivor size 322961408 bytes, new threshold 3 (max 15)
- age   1:  121365840 bytes,  121365840 total
- age   2:  117440992 bytes,  238806832 total
- age   3:  117181328 bytes,  355988160 total
- age   4:    9623744 bytes,  365611904 total
- age   5:    5821736 bytes,  371433640 total
- age   6:    2891800 bytes,  374325440 total
, 0.0774766 secs]
   [Parallel Time: 73.5 ms, GC Workers: 30]
      [GC Worker Start (ms): Min: 183894.0, Avg: 183894.5, Max: 183895.1, Diff: 1.1]
      [Ext Root Scanning (ms): Min: 0.0, Avg: 0.4, Max: 1.8, Diff: 1.8, Sum: 12.3]
      [Update RS (ms): Min: 8.9, Avg: 9.8, Max: 10.2, Diff: 1.3, Sum: 294.4]
         [Processed Buffers: Min: 10, Avg: 12.3, Max: 19, Diff: 9, Sum: 368]
      [Scan RS (ms): Min: 0.0, Avg: 0.2, Max: 0.4, Diff: 0.3, Sum: 6.7]
      [Code Root Scanning (ms): Min: 0.0, Avg: 0.0, Max: 0.0, Diff: 0.0, Sum: 0.1]
      [Object Copy (ms): Min: 61.7, Avg: 61.9, Max: 62.1, Diff: 0.5, Sum: 1857.4]
      [Termination (ms): Min: 0.0, Avg: 0.3, Max: 0.3, Diff: 0.3, Sum: 7.5]
         [Termination Attempts: Min: 1, Avg: 203.1, Max: 228, Diff: 227, Sum: 6094]
      [GC Worker Other (ms): Min: 0.0, Avg: 0.1, Max: 0.3, Diff: 0.3, Sum: 4.4]
      [GC Worker Total (ms): Min: 72.1, Avg: 72.8, Max: 73.3, Diff: 1.2, Sum: 2182.7]
      [GC Worker End (ms): Min: 183967.1, Avg: 183967.3, Max: 183967.4, Diff: 0.3]
   [Code Root Fixup: 0.0 ms]
   [Code Root Purge: 0.0 ms]
   [Clear CT: 0.8 ms]
   [Other: 3.2 ms]
      [Choose CSet: 0.0 ms]
      [Ref Proc: 0.5 ms]
      [Ref Enq: 0.0 ms]
      [Redirty Cards: 0.9 ms]
      [Humongous Register: 0.1 ms]
      [Humongous Reclaim: 0.0 ms]
      [Free CSet: 1.3 ms]
   [Eden: 4516.0M(4516.0M)->0.0B(4552.0M) Survivors: 396.0M->360.0M Heap: 6295.0M(8192.0M)->1865.9M(8192.0M)]
 [Times: user=2.21 sys=0.00, real=0.08 secs] 
2018-10-15T09:28:27.385+0200: 183.971: Total time for which application threads were stopped: 0.0787600 seconds, Stopping threads took: 0.0005672 seconds
2018-10-15T09:28:27.866+0200: 184.452: Application time: 0.4802525 seconds
2018-10-15T09:28:27.867+0200: 184.453: [GC pause (G1 Evacuation Pause) (young)
Desired survivor size 322961408 bytes, new threshold 3 (max 15)
- age   1:  119687976 bytes,  119687976 total
- age   2:  109718736 bytes,  229406712 total
- age   3:  112303152 bytes,  341709864 total
, 0.0767731 secs]
   [Parallel Time: 72.5 ms, GC Workers: 30]
      [GC Worker Start (ms): Min: 184453.0, Avg: 184453.2, Max: 184453.6, Diff: 0.6]
      [Ext Root Scanning (ms): Min: 0.1, Avg: 0.5, Max: 1.8, Diff: 1.7, Sum: 15.7]
      [Update RS (ms): Min: 18.6, Avg: 19.8, Max: 20.1, Diff: 1.5, Sum: 593.5]
         [Processed Buffers: Min: 18, Avg: 23.4, Max: 29, Diff: 11, Sum: 701]
      [Scan RS (ms): Min: 2.4, Avg: 2.7, Max: 2.9, Diff: 0.5, Sum: 80.4]
      [Code Root Scanning (ms): Min: 0.0, Avg: 0.0, Max: 0.0, Diff: 0.0, Sum: 0.0]
      [Object Copy (ms): Min: 48.7, Avg: 48.8, Max: 48.9, Diff: 0.2, Sum: 1464.3]
      [Termination (ms): Min: 0.0, Avg: 0.0, Max: 0.0, Diff: 0.0, Sum: 0.7]
         [Termination Attempts: Min: 2, Avg: 7.7, Max: 12, Diff: 10, Sum: 230]
      [GC Worker Other (ms): Min: 0.0, Avg: 0.1, Max: 0.3, Diff: 0.3, Sum: 4.2]
      [GC Worker Total (ms): Min: 71.6, Avg: 72.0, Max: 72.2, Diff: 0.6, Sum: 2158.7]
      [GC Worker End (ms): Min: 184525.0, Avg: 184525.1, Max: 184525.3, Diff: 0.3]
   [Code Root Fixup: 0.0 ms]
   [Code Root Purge: 0.0 ms]
   [Clear CT: 1.0 ms]
   [Other: 3.3 ms]
      [Choose CSet: 0.0 ms]
      [Ref Proc: 0.5 ms]
      [Ref Enq: 0.0 ms]
      [Redirty Cards: 0.9 ms]
      [Humongous Register: 0.1 ms]
      [Humongous Reclaim: 0.0 ms]
      [Free CSet: 1.4 ms]
   [Eden: 4552.0M(4552.0M)->0.0B(4552.0M) Survivors: 360.0M->360.0M Heap: 6417.9M(8192.0M)->2000.0M(8192.0M)]
 [Times: user=2.18 sys=0.01, real=0.08 secs] 
2018-10-15T09:28:27.944+0200: 184.530: Total time for which application threads were stopped: 0.0780303 seconds, Stopping threads took: 0.0005529 seconds
2018-10-15T09:28:28.424+0200: 185.010: Application time: 0.4805292 seconds
2018-10-15T09:28:28.425+0200: 185.011: [GC pause (G1 Evacuation Pause) (young)
Desired survivor size 322961408 bytes, new threshold 3 (max 15)
- age   1:  116057752 bytes,  116057752 total
- age   2:  110857296 bytes,  226915048 total
- age   3:  108650584 bytes,  335565632 total
, 0.0757991 secs]
   [Parallel Time: 71.6 ms, GC Workers: 30]
      [GC Worker Start (ms): Min: 185011.6, Avg: 185011.9, Max: 185012.6, Diff: 0.9]
      [Ext Root Scanning (ms): Min: 0.0, Avg: 0.5, Max: 1.9, Diff: 1.9, Sum: 14.4]
      [Update RS (ms): Min: 21.3, Avg: 22.5, Max: 23.0, Diff: 1.7, Sum: 676.0]
         [Processed Buffers: Min: 20, Avg: 25.5, Max: 32, Diff: 12, Sum: 764]
      [Scan RS (ms): Min: 1.7, Avg: 2.1, Max: 2.3, Diff: 0.5, Sum: 62.1]
      [Code Root Scanning (ms): Min: 0.0, Avg: 0.0, Max: 0.0, Diff: 0.0, Sum: 0.0]
      [Object Copy (ms): Min: 45.6, Avg: 45.7, Max: 45.9, Diff: 0.3, Sum: 1372.1]
      [Termination (ms): Min: 0.0, Avg: 0.1, Max: 0.2, Diff: 0.2, Sum: 3.1]
         [Termination Attempts: Min: 1, Avg: 4.6, Max: 8, Diff: 7, Sum: 138]
      [GC Worker Other (ms): Min: 0.0, Avg: 0.1, Max: 0.2, Diff: 0.2, Sum: 3.0]
      [GC Worker Total (ms): Min: 70.3, Avg: 71.0, Max: 71.4, Diff: 1.1, Sum: 2130.7]
      [GC Worker End (ms): Min: 185082.9, Avg: 185083.0, Max: 185083.1, Diff: 0.2]
   [Code Root Fixup: 0.0 ms]
   [Code Root Purge: 0.0 ms]
   [Clear CT: 1.0 ms]
   [Other: 3.2 ms]
      [Choose CSet: 0.0 ms]
      [Ref Proc: 0.5 ms]
      [Ref Enq: 0.0 ms]
      [Redirty Cards: 0.7 ms]
      [Humongous Register: 0.1 ms]
      [Humongous Reclaim: 0.0 ms]
      [Free CSet: 1.4 ms]
   [Eden: 4552.0M(4552.0M)->0.0B(4548.0M) Survivors: 360.0M->364.0M Heap: 6552.0M(8192.0M)->2140.0M(8192.0M)]
 [Times: user=2.16 sys=0.01, real=0.07 secs] 
2018-10-15T09:28:28.501+0200: 185.087: Total time for which application threads were stopped: 0.0770470 seconds, Stopping threads took: 0.0005681 seconds
2018-10-15T09:28:28.978+0200: 185.564: Application time: 0.4767606 seconds
2018-10-15T09:28:28.979+0200: 185.565: [GC pause (G1 Evacuation Pause) (young)
Desired survivor size 322961408 bytes, new threshold 3 (max 15)
- age   1:  126299984 bytes,  126299984 total
- age   2:  110059744 bytes,  236359728 total
- age   3:  109922960 bytes,  346282688 total
, 0.0795017 secs]
   [Parallel Time: 75.3 ms, GC Workers: 30]
      [GC Worker Start (ms): Min: 185565.5, Avg: 185566.3, Max: 185567.1, Diff: 1.6]
      [Ext Root Scanning (ms): Min: 0.0, Avg: 0.3, Max: 1.7, Diff: 1.7, Sum: 9.7]
      [Update RS (ms): Min: 19.2, Avg: 19.7, Max: 20.1, Diff: 0.9, Sum: 590.0]
         [Processed Buffers: Min: 16, Avg: 22.9, Max: 31, Diff: 15, Sum: 688]
      [Scan RS (ms): Min: 1.2, Avg: 1.4, Max: 1.5, Diff: 0.3, Sum: 42.0]
      [Code Root Scanning (ms): Min: 0.0, Avg: 0.0, Max: 0.0, Diff: 0.0, Sum: 0.0]
      [Object Copy (ms): Min: 52.1, Avg: 52.3, Max: 52.6, Diff: 0.5, Sum: 1567.8]
      [Termination (ms): Min: 0.0, Avg: 0.4, Max: 0.5, Diff: 0.5, Sum: 11.9]
         [Termination Attempts: Min: 1, Avg: 123.4, Max: 142, Diff: 141, Sum: 3702]
      [GC Worker Other (ms): Min: 0.0, Avg: 0.1, Max: 0.3, Diff: 0.3, Sum: 4.4]
      [GC Worker Total (ms): Min: 73.3, Avg: 74.2, Max: 75.2, Diff: 1.8, Sum: 2225.9]
      [GC Worker End (ms): Min: 185640.4, Avg: 185640.5, Max: 185640.6, Diff: 0.3]
   [Code Root Fixup: 0.0 ms]
   [Code Root Purge: 0.0 ms]
   [Clear CT: 1.0 ms]
   [Other: 3.2 ms]
      [Choose CSet: 0.0 ms]
      [Ref Proc: 0.5 ms]
      [Ref Enq: 0.0 ms]
      [Redirty Cards: 0.8 ms]
      [Humongous Register: 0.1 ms]
      [Humongous Reclaim: 0.0 ms]
      [Free CSet: 1.4 ms]
   [Eden: 4548.0M(4548.0M)->0.0B(4552.0M) Survivors: 364.0M->360.0M Heap: 6688.0M(8192.0M)->2268.0M(8192.0M)]
 [Times: user=2.26 sys=0.00, real=0.08 secs] 
2018-10-15T09:28:29.059+0200: 185.645: Total time for which application threads were stopped: 0.0807627 seconds, Stopping threads took: 0.0005709 seconds
2018-10-15T09:28:29.537+0200: 186.124: Application time: 0.4787018 seconds
2018-10-15T09:28:29.539+0200: 186.125: [GC pause (G1 Evacuation Pause) (young)
Desired survivor size 322961408 bytes, new threshold 3 (max 15)
- age   1:  115367832 bytes,  115367832 total
- age   2:  119612832 bytes,  234980664 total
- age   3:  109433488 bytes,  344414152 total
, 0.0797848 secs]
   [Parallel Time: 75.5 ms, GC Workers: 30]
      [GC Worker Start (ms): Min: 186124.9, Avg: 186125.5, Max: 186126.1, Diff: 1.2]
      [Ext Root Scanning (ms): Min: 0.0, Avg: 0.4, Max: 1.9, Diff: 1.9, Sum: 11.4]
      [Update RS (ms): Min: 20.8, Avg: 21.5, Max: 22.1, Diff: 1.3, Sum: 646.3]
         [Processed Buffers: Min: 21, Avg: 25.2, Max: 34, Diff: 13, Sum: 756]
      [Scan RS (ms): Min: 1.2, Avg: 1.7, Max: 2.0, Diff: 0.8, Sum: 52.3]
      [Code Root Scanning (ms): Min: 0.0, Avg: 0.0, Max: 0.0, Diff: 0.0, Sum: 0.0]
      [Object Copy (ms): Min: 50.6, Avg: 50.7, Max: 50.9, Diff: 0.3, Sum: 1522.1]
      [Termination (ms): Min: 0.0, Avg: 0.1, Max: 0.1, Diff: 0.1, Sum: 2.7]
         [Termination Attempts: Min: 2, Avg: 58.1, Max: 72, Diff: 70, Sum: 1744]
      [GC Worker Other (ms): Min: 0.0, Avg: 0.1, Max: 0.3, Diff: 0.3, Sum: 4.2]
      [GC Worker Total (ms): Min: 73.9, Avg: 74.6, Max: 75.3, Diff: 1.3, Sum: 2239.1]
      [GC Worker End (ms): Min: 186200.0, Avg: 186200.1, Max: 186200.2, Diff: 0.3]
   [Code Root Fixup: 0.0 ms]
   [Code Root Purge: 0.0 ms]
   [Clear CT: 1.0 ms]
   [Other: 3.3 ms]
      [Choose CSet: 0.0 ms]
      [Ref Proc: 0.5 ms]
      [Ref Enq: 0.0 ms]
      [Redirty Cards: 0.9 ms]
      [Humongous Register: 0.1 ms]
      [Humongous Reclaim: 0.0 ms]
      [Free CSet: 1.4 ms]
   [Eden: 4552.0M(4552.0M)->0.0B(4540.0M) Survivors: 360.0M->372.0M Heap: 6820.0M(8192.0M)->2416.0M(8192.0M)]
 [Times: user=2.28 sys=0.00, real=0.08 secs] 
2018-10-15T09:28:29.619+0200: 186.205: Total time for which application threads were stopped: 0.0810292 seconds, Stopping threads took: 0.0005610 seconds
2018-10-15T09:28:30.083+0200: 186.669: Application time: 0.4642771 seconds
2018-10-15T09:28:30.084+0200: 186.670: [GC pause (G1 Evacuation Pause) (young)
Desired survivor size 322961408 bytes, new threshold 3 (max 15)
- age   1:  121283344 bytes,  121283344 total
- age   2:  109010624 bytes,  230293968 total
- age   3:  118063368 bytes,  348357336 total
, 0.0807365 secs]
   [Parallel Time: 75.6 ms, GC Workers: 30]
      [GC Worker Start (ms): Min: 186670.7, Avg: 186671.3, Max: 186671.9, Diff: 1.1]
      [Ext Root Scanning (ms): Min: 0.0, Avg: 0.4, Max: 1.8, Diff: 1.8, Sum: 12.0]
      [Update RS (ms): Min: 18.6, Avg: 19.6, Max: 20.1, Diff: 1.5, Sum: 589.0]
         [Processed Buffers: Min: 17, Avg: 22.9, Max: 33, Diff: 16, Sum: 686]
      [Scan RS (ms): Min: 1.5, Avg: 2.0, Max: 2.2, Diff: 0.7, Sum: 59.8]
      [Code Root Scanning (ms): Min: 0.0, Avg: 0.0, Max: 0.0, Diff: 0.0, Sum: 0.0]
      [Object Copy (ms): Min: 52.3, Avg: 52.4, Max: 52.7, Diff: 0.3, Sum: 1573.1]
      [Termination (ms): Min: 0.0, Avg: 0.2, Max: 0.3, Diff: 0.3, Sum: 7.4]
         [Termination Attempts: Min: 1, Avg: 115.4, Max: 136, Diff: 135, Sum: 3462]
      [GC Worker Other (ms): Min: 0.0, Avg: 0.2, Max: 0.3, Diff: 0.3, Sum: 4.6]
      [GC Worker Total (ms): Min: 74.2, Avg: 74.9, Max: 75.5, Diff: 1.3, Sum: 2246.0]
      [GC Worker End (ms): Min: 186746.0, Avg: 186746.1, Max: 186746.2, Diff: 0.3]
   [Code Root Fixup: 0.0 ms]
   [Code Root Purge: 0.0 ms]
   [Clear CT: 1.0 ms]
   [Other: 4.1 ms]
      [Choose CSet: 0.0 ms]
      [Ref Proc: 0.6 ms]
      [Ref Enq: 0.0 ms]
      [Redirty Cards: 0.9 ms]
      [Humongous Register: 0.1 ms]
      [Humongous Reclaim: 0.1 ms]
      [Free CSet: 1.9 ms]
   [Eden: 4540.0M(4540.0M)->0.0B(4452.0M) Survivors: 372.0M->352.0M Heap: 6956.0M(8192.0M)->2540.0M(8192.0M)]
 [Times: user=2.29 sys=0.00, real=0.08 secs] 
2018-10-15T09:28:30.165+0200: 186.751: Total time for which application threads were stopped: 0.0825668 seconds, Stopping threads took: 0.0010319 seconds
2018-10-15T09:28:30.625+0200: 187.211: Application time: 0.4597042 seconds
2018-10-15T09:28:30.629+0200: 187.215: [GC pause (G1 Evacuation Pause) (young)
Desired survivor size 316669952 bytes, new threshold 3 (max 15)
- age   1:  111042784 bytes,  111042784 total
- age   2:  115249440 bytes,  226292224 total
- age   3:  108060952 bytes,  334353176 total
, 0.0787534 secs]
   [Parallel Time: 73.9 ms, GC Workers: 30]
      [GC Worker Start (ms): Min: 187215.8, Avg: 187216.5, Max: 187217.3, Diff: 1.5]
      [Ext Root Scanning (ms): Min: 0.0, Avg: 0.3, Max: 1.9, Diff: 1.9, Sum: 10.2]
      [Update RS (ms): Min: 21.7, Avg: 22.3, Max: 22.8, Diff: 1.0, Sum: 669.0]
         [Processed Buffers: Min: 18, Avg: 24.8, Max: 33, Diff: 15, Sum: 745]
      [Scan RS (ms): Min: 1.8, Avg: 2.2, Max: 2.4, Diff: 0.6, Sum: 64.6]
      [Code Root Scanning (ms): Min: 0.0, Avg: 0.0, Max: 0.0, Diff: 0.0, Sum: 0.0]
      [Object Copy (ms): Min: 47.9, Avg: 47.9, Max: 48.1, Diff: 0.2, Sum: 1438.2]
      [Termination (ms): Min: 0.0, Avg: 0.1, Max: 0.1, Diff: 0.1, Sum: 2.1]
         [Termination Attempts: Min: 1, Avg: 31.4, Max: 42, Diff: 41, Sum: 941]
      [GC Worker Other (ms): Min: 0.0, Avg: 0.1, Max: 0.3, Diff: 0.2, Sum: 3.8]
      [GC Worker Total (ms): Min: 72.1, Avg: 72.9, Max: 73.7, Diff: 1.6, Sum: 2187.9]
      [GC Worker End (ms): Min: 187289.4, Avg: 187289.5, Max: 187289.6, Diff: 0.2]
   [Code Root Fixup: 0.0 ms]
   [Code Root Purge: 0.0 ms]
   [Clear CT: 0.8 ms]
   [Other: 4.1 ms]
      [Choose CSet: 0.0 ms]
      [Ref Proc: 0.4 ms]
      [Ref Enq: 0.0 ms]
      [Redirty Cards: 0.9 ms]
      [Humongous Register: 0.1 ms]
      [Humongous Reclaim: 0.1 ms]
      [Free CSet: 2.1 ms]
   [Eden: 4452.0M(4452.0M)->0.0B(4324.0M) Survivors: 352.0M->352.0M Heap: 6992.0M(8192.0M)->2666.0M(8192.0M)]
 [Times: user=2.22 sys=0.00, real=0.08 secs] 
2018-10-15T09:28:30.708+0200: 187.295: Total time for which application threads were stopped: 0.0834145 seconds, Stopping threads took: 0.0038784 seconds
2018-10-15T09:28:31.159+0200: 187.745: Application time: 0.4508366 seconds
2018-10-15T09:28:31.160+0200: 187.746: [GC pause (G1 Evacuation Pause) (young)
Desired survivor size 308281344 bytes, new threshold 3 (max 15)
- age   1:  115317520 bytes,  115317520 total
- age   2:  103558552 bytes,  218876072 total
- age   3:  113988976 bytes,  332865048 total
, 0.0724086 secs]
   [Parallel Time: 68.2 ms, GC Workers: 30]
      [GC Worker Start (ms): Min: 187746.8, Avg: 187747.3, Max: 187748.0, Diff: 1.2]
      [Ext Root Scanning (ms): Min: 0.0, Avg: 0.4, Max: 1.7, Diff: 1.7, Sum: 11.5]
      [Update RS (ms): Min: 18.2, Avg: 19.1, Max: 19.6, Diff: 1.4, Sum: 573.8]
         [Processed Buffers: Min: 18, Avg: 22.5, Max: 26, Diff: 8, Sum: 675]
      [Scan RS (ms): Min: 2.1, Avg: 2.5, Max: 2.7, Diff: 0.6, Sum: 75.6]
      [Code Root Scanning (ms): Min: 0.0, Avg: 0.0, Max: 0.0, Diff: 0.0, Sum: 0.1]
      [Object Copy (ms): Min: 45.0, Avg: 45.2, Max: 45.4, Diff: 0.3, Sum: 1354.8]
      [Termination (ms): Min: 0.0, Avg: 0.0, Max: 0.1, Diff: 0.1, Sum: 1.2]
         [Termination Attempts: Min: 1, Avg: 15.7, Max: 22, Diff: 21, Sum: 471]
      [GC Worker Other (ms): Min: 0.0, Avg: 0.1, Max: 0.3, Diff: 0.3, Sum: 4.4]
      [GC Worker Total (ms): Min: 66.6, Avg: 67.4, Max: 67.9, Diff: 1.3, Sum: 2021.3]
      [GC Worker End (ms): Min: 187814.5, Avg: 187814.7, Max: 187814.8, Diff: 0.3]
   [Code Root Fixup: 0.0 ms]
   [Code Root Purge: 0.0 ms]
   [Clear CT: 0.8 ms]
   [Other: 3.3 ms]
      [Choose CSet: 0.0 ms]
      [Ref Proc: 0.5 ms]
      [Ref Enq: 0.0 ms]
      [Redirty Cards: 0.9 ms]
      [Humongous Register: 0.1 ms]
      [Humongous Reclaim: 0.0 ms]
      [Free CSet: 1.3 ms]
   [Eden: 4324.0M(4324.0M)->0.0B(4224.0M) Survivors: 352.0M->328.0M Heap: 6990.0M(8192.0M)->2788.0M(8192.0M)]
 [Times: user=2.06 sys=0.00, real=0.08 secs] 
2018-10-15T09:28:31.233+0200: 187.819: Total time for which application threads were stopped: 0.0736433 seconds, Stopping threads took: 0.0005494 seconds
2018-10-15T09:28:31.682+0200: 188.268: Application time: 0.4491718 seconds
2018-10-15T09:28:31.685+0200: 188.271: [GC pause (G1 Evacuation Pause) (young)
Desired survivor size 299892736 bytes, new threshold 3 (max 15)
- age   1:  102356856 bytes,  102356856 total
- age   2:  107188536 bytes,  209545392 total
- age   3:  102681488 bytes,  312226880 total
, 0.0732940 secs]
   [Parallel Time: 68.5 ms, GC Workers: 30]
      [GC Worker Start (ms): Min: 188271.5, Avg: 188272.3, Max: 188273.0, Diff: 1.5]
      [Ext Root Scanning (ms): Min: 0.0, Avg: 0.3, Max: 1.9, Diff: 1.9, Sum: 10.3]
      [Update RS (ms): Min: 21.1, Avg: 21.6, Max: 22.0, Diff: 0.9, Sum: 646.7]
         [Processed Buffers: Min: 21, Avg: 24.5, Max: 31, Diff: 10, Sum: 734]
      [Scan RS (ms): Min: 1.4, Avg: 1.6, Max: 1.9, Diff: 0.5, Sum: 49.2]
      [Code Root Scanning (ms): Min: 0.0, Avg: 0.0, Max: 0.0, Diff: 0.0, Sum: 0.0]
      [Object Copy (ms): Min: 43.7, Avg: 43.8, Max: 43.9, Diff: 0.2, Sum: 1314.8]
      [Termination (ms): Min: 0.0, Avg: 0.1, Max: 0.1, Diff: 0.1, Sum: 1.9]
         [Termination Attempts: Min: 1, Avg: 26.0, Max: 35, Diff: 34, Sum: 779]
      [GC Worker Other (ms): Min: 0.0, Avg: 0.1, Max: 0.3, Diff: 0.2, Sum: 3.9]
      [GC Worker Total (ms): Min: 66.8, Avg: 67.6, Max: 68.4, Diff: 1.6, Sum: 2026.9]
      [GC Worker End (ms): Min: 188339.8, Avg: 188339.9, Max: 188340.0, Diff: 0.2]
   [Code Root Fixup: 0.0 ms]
   [Code Root Purge: 0.0 ms]
   [Clear CT: 0.9 ms]
   [Other: 3.8 ms]
      [Choose CSet: 0.0 ms]
      [Ref Proc: 0.4 ms]
      [Ref Enq: 0.0 ms]
      [Redirty Cards: 0.8 ms]
      [Humongous Register: 0.1 ms]
      [Humongous Reclaim: 0.1 ms]
      [Free CSet: 1.9 ms]
   [Eden: 4224.0M(4224.0M)->0.0B(4080.0M) Survivors: 328.0M->332.0M Heap: 7012.0M(8192.0M)->2928.3M(8192.0M)]
 [Times: user=2.05 sys=0.00, real=0.07 secs] 
2018-10-15T09:28:31.759+0200: 188.345: Total time for which application threads were stopped: 0.0767468 seconds, Stopping threads took: 0.0025352 seconds
2018-10-15T09:28:32.180+0200: 188.766: Application time: 0.4207117 seconds
2018-10-15T09:28:32.181+0200: 188.767: Total time for which application threads were stopped: 0.0010835 seconds, Stopping threads took: 0.0005777 seconds
2018-10-15T09:28:32.181+0200: 188.767: Application time: 0.0000701 seconds
2018-10-15T09:28:32.181+0200: 188.767: [GC pause (GCLocker Initiated GC) (young)
Desired survivor size 289406976 bytes, new threshold 3 (max 15)
- age   1:  108352432 bytes,  108352432 total
- age   2:   97012800 bytes,  205365232 total
- age   3:  106161240 bytes,  311526472 total
, 0.0660704 secs]
   [Parallel Time: 62.1 ms, GC Workers: 30]
      [GC Worker Start (ms): Min: 188767.6, Avg: 188767.8, Max: 188768.2, Diff: 0.6]
      [Ext Root Scanning (ms): Min: 0.1, Avg: 0.5, Max: 1.8, Diff: 1.7, Sum: 15.8]
      [Update RS (ms): Min: 18.1, Avg: 19.3, Max: 19.9, Diff: 1.8, Sum: 579.4]
         [Processed Buffers: Min: 17, Avg: 22.2, Max: 33, Diff: 16, Sum: 667]
      [Scan RS (ms): Min: 0.9, Avg: 1.4, Max: 1.7, Diff: 0.7, Sum: 43.2]
      [Code Root Scanning (ms): Min: 0.0, Avg: 0.0, Max: 0.0, Diff: 0.0, Sum: 0.0]
      [Object Copy (ms): Min: 40.1, Avg: 40.2, Max: 40.3, Diff: 0.2, Sum: 1205.7]
      [Termination (ms): Min: 0.0, Avg: 0.0, Max: 0.0, Diff: 0.0, Sum: 0.1]
         [Termination Attempts: Min: 1, Avg: 1.0, Max: 1, Diff: 0, Sum: 30]
      [GC Worker Other (ms): Min: 0.0, Avg: 0.2, Max: 0.3, Diff: 0.3, Sum: 4.5]
      [GC Worker Total (ms): Min: 61.3, Avg: 61.6, Max: 61.9, Diff: 0.7, Sum: 1848.8]
      [GC Worker End (ms): Min: 188829.3, Avg: 188829.4, Max: 188829.6, Diff: 0.3]
   [Code Root Fixup: 0.0 ms]
   [Code Root Purge: 0.0 ms]
   [Clear CT: 0.8 ms]
   [Other: 3.1 ms]
      [Choose CSet: 0.0 ms]
      [Ref Proc: 0.4 ms]
      [Ref Enq: 0.0 ms]
      [Redirty Cards: 0.8 ms]
      [Humongous Register: 0.1 ms]
      [Humongous Reclaim: 0.0 ms]
      [Free CSet: 1.3 ms]
   [Eden: 4080.0M(4080.0M)->0.0B(3976.0M) Survivors: 332.0M->320.0M Heap: 7008.3M(8192.0M)->3048.0M(8192.0M)]
 [Times: user=1.87 sys=0.01, real=0.07 secs] 
2018-10-15T09:28:32.247+0200: 188.834: Total time for which application threads were stopped: 0.0667078 seconds, Stopping threads took: 0.0000812 seconds
2018-10-15T09:28:32.248+0200: 188.834: Application time: 0.0001294 seconds
2018-10-15T09:28:32.248+0200: 188.834: Total time for which application threads were stopped: 0.0005663 seconds, Stopping threads took: 0.0001252 seconds
2018-10-15T09:28:32.248+0200: 188.834: Application time: 0.0000513 seconds
2018-10-15T09:28:32.249+0200: 188.835: Total time for which application threads were stopped: 0.0004201 seconds, Stopping threads took: 0.0000722 seconds
2018-10-15T09:28:32.249+0200: 188.835: Application time: 0.0000548 seconds
2018-10-15T09:28:32.249+0200: 188.835: Total time for which application threads were stopped: 0.0002558 seconds, Stopping threads took: 0.0000458 seconds
2018-10-15T09:28:32.249+0200: 188.835: Application time: 0.0000513 seconds
2018-10-15T09:28:32.249+0200: 188.835: Total time for which application threads were stopped: 0.0002528 seconds, Stopping threads took: 0.0000449 seconds
2018-10-15T09:28:32.249+0200: 188.835: Application time: 0.0000394 seconds
2018-10-15T09:28:32.250+0200: 188.836: Total time for which application threads were stopped: 0.0002667 seconds, Stopping threads took: 0.0000640 seconds
2018-10-15T09:28:32.250+0200: 188.836: Application time: 0.0000495 seconds
2018-10-15T09:28:32.250+0200: 188.836: Total time for which application threads were stopped: 0.0002438 seconds, Stopping threads took: 0.0000417 seconds
2018-10-15T09:28:32.250+0200: 188.836: Application time: 0.0000481 seconds
2018-10-15T09:28:32.250+0200: 188.836: Total time for which application threads were stopped: 0.0002336 seconds, Stopping threads took: 0.0000340 seconds
2018-10-15T09:28:32.250+0200: 188.836: Application time: 0.0000756 seconds
2018-10-15T09:28:32.250+0200: 188.837: Total time for which application threads were stopped: 0.0002423 seconds, Stopping threads took: 0.0000384 seconds
2018-10-15T09:28:32.251+0200: 188.837: Application time: 0.0000453 seconds
2018-10-15T09:28:32.251+0200: 188.837: Total time for which application threads were stopped: 0.0002364 seconds, Stopping threads took: 0.0000383 seconds
2018-10-15T09:28:32.251+0200: 188.837: Application time: 0.0000545 seconds
2018-10-15T09:28:32.251+0200: 188.837: Total time for which application threads were stopped: 0.0002430 seconds, Stopping threads took: 0.0000451 seconds
2018-10-15T09:28:32.251+0200: 188.837: Application time: 0.0000640 seconds
2018-10-15T09:28:32.251+0200: 188.837: Total time for which application threads were stopped: 0.0002390 seconds, Stopping threads took: 0.0000407 seconds
2018-10-15T09:28:32.251+0200: 188.838: Application time: 0.0000938 seconds
2018-10-15T09:28:32.252+0200: 188.838: Total time for which application threads were stopped: 0.0003198 seconds, Stopping threads took: 0.0000800 seconds
2018-10-15T09:28:32.252+0200: 188.838: Application time: 0.0000481 seconds
2018-10-15T09:28:32.252+0200: 188.838: Total time for which application threads were stopped: 0.0002495 seconds, Stopping threads took: 0.0000359 seconds
2018-10-15T09:28:32.252+0200: 188.838: Application time: 0.0000490 seconds
2018-10-15T09:28:32.252+0200: 188.838: Total time for which application threads were stopped: 0.0003119 seconds, Stopping threads took: 0.0000781 seconds
2018-10-15T09:28:32.253+0200: 188.839: Application time: 0.0000522 seconds
2018-10-15T09:28:32.253+0200: 188.839: Total time for which application threads were stopped: 0.0002875 seconds, Stopping threads took: 0.0000631 seconds
2018-10-15T09:28:32.253+0200: 188.839: Application time: 0.0001044 seconds
2018-10-15T09:28:32.253+0200: 188.839: Total time for which application threads were stopped: 0.0002433 seconds, Stopping threads took: 0.0000391 seconds
2018-10-15T09:28:32.253+0200: 188.839: Application time: 0.0000763 seconds
2018-10-15T09:28:32.253+0200: 188.840: Total time for which application threads were stopped: 0.0002592 seconds, Stopping threads took: 0.0000565 seconds
2018-10-15T09:28:32.254+0200: 188.840: Application time: 0.0000778 seconds
2018-10-15T09:28:32.254+0200: 188.840: Total time for which application threads were stopped: 0.0002547 seconds, Stopping threads took: 0.0000470 seconds
2018-10-15T09:28:32.254+0200: 188.840: Application time: 0.0001033 seconds
2018-10-15T09:28:32.254+0200: 188.840: Total time for which application threads were stopped: 0.0002641 seconds, Stopping threads took: 0.0000592 seconds
2018-10-15T09:28:32.254+0200: 188.840: Application time: 0.0000471 seconds
2018-10-15T09:28:32.256+0200: 188.842: Total time for which application threads were stopped: 0.0016185 seconds, Stopping threads took: 0.0000452 seconds
2018-10-15T09:28:32.666+0200: 189.252: Application time: 0.4099051 seconds
2018-10-15T09:28:32.667+0200: 189.253: [GC pause (G1 Evacuation Pause) (young)
Desired survivor size 283115520 bytes, new threshold 3 (max 15)
- age   1:  102522504 bytes,  102522504 total
- age   2:  101449872 bytes,  203972376 total
- age   3:   95566808 bytes,  299539184 total
, 0.0720208 secs]
   [Parallel Time: 66.3 ms, GC Workers: 30]
      [GC Worker Start (ms): Min: 189253.3, Avg: 189253.8, Max: 189254.5, Diff: 1.2]
      [Ext Root Scanning (ms): Min: 0.0, Avg: 0.4, Max: 1.8, Diff: 1.7, Sum: 11.0]
      [Update RS (ms): Min: 20.4, Avg: 21.4, Max: 21.8, Diff: 1.4, Sum: 640.5]
         [Processed Buffers: Min: 19, Avg: 24.2, Max: 30, Diff: 11, Sum: 727]
      [Scan RS (ms): Min: 0.9, Avg: 1.3, Max: 1.6, Diff: 0.6, Sum: 39.2]
      [Code Root Scanning (ms): Min: 0.0, Avg: 0.0, Max: 0.0, Diff: 0.0, Sum: 0.0]
      [Object Copy (ms): Min: 42.1, Avg: 42.2, Max: 42.3, Diff: 0.2, Sum: 1265.9]
      [Termination (ms): Min: 0.0, Avg: 0.0, Max: 0.0, Diff: 0.0, Sum: 0.2]
         [Termination Attempts: Min: 1, Avg: 1.1, Max: 2, Diff: 1, Sum: 32]
      [GC Worker Other (ms): Min: 0.0, Avg: 0.1, Max: 0.3, Diff: 0.2, Sum: 3.9]
      [GC Worker Total (ms): Min: 64.7, Avg: 65.4, Max: 66.0, Diff: 1.3, Sum: 1960.7]
      [GC Worker End (ms): Min: 189319.0, Avg: 189319.2, Max: 189319.3, Diff: 0.2]
   [Code Root Fixup: 0.0 ms]
   [Code Root Purge: 0.0 ms]
   [Clear CT: 2.6 ms]
   [Other: 3.1 ms]
      [Choose CSet: 0.0 ms]
      [Ref Proc: 0.5 ms]
      [Ref Enq: 0.0 ms]
      [Redirty Cards: 0.7 ms]
      [Humongous Register: 0.1 ms]
      [Humongous Reclaim: 0.1 ms]
      [Free CSet: 1.4 ms]
   [Eden: 3976.0M(3976.0M)->0.0B(3848.0M) Survivors: 320.0M->324.0M Heap: 7024.0M(8192.0M)->3168.0M(8192.0M)]
 [Times: user=1.99 sys=0.00, real=0.07 secs] 
2018-10-15T09:28:32.739+0200: 189.325: Total time for which application threads were stopped: 0.0733113 seconds, Stopping threads took: 0.0005507 seconds
2018-10-15T09:28:32.739+0200: 189.325: Application time: 0.0001229 seconds
2018-10-15T09:28:32.740+0200: 189.326: Total time for which application threads were stopped: 0.0006833 seconds, Stopping threads took: 0.0001205 seconds
2018-10-15T09:28:32.740+0200: 189.326: Application time: 0.0000852 seconds
2018-10-15T09:28:32.740+0200: 189.327: Total time for which application threads were stopped: 0.0004947 seconds, Stopping threads took: 0.0001136 seconds
2018-10-15T09:28:32.741+0200: 189.327: Application time: 0.0000759 seconds
2018-10-15T09:28:32.741+0200: 189.327: Total time for which application threads were stopped: 0.0004180 seconds, Stopping threads took: 0.0000644 seconds
2018-10-15T09:28:32.741+0200: 189.327: Application time: 0.0000548 seconds
2018-10-15T09:28:32.741+0200: 189.327: Total time for which application threads were stopped: 0.0004157 seconds, Stopping threads took: 0.0000738 seconds
2018-10-15T09:28:32.742+0200: 189.328: Application time: 0.0000853 seconds
2018-10-15T09:28:32.742+0200: 189.328: Total time for which application threads were stopped: 0.0004327 seconds, Stopping threads took: 0.0000537 seconds
2018-10-15T09:28:33.137+0200: 189.723: Application time: 0.3952120 seconds
2018-10-15T09:28:33.141+0200: 189.727: [GC pause (G1 Evacuation Pause) (young)
Desired survivor size 274726912 bytes, new threshold 3 (max 15)
- age   1:  100743384 bytes,  100743384 total
- age   2:   96347800 bytes,  197091184 total
- age   3:  100140936 bytes,  297232120 total
, 0.0674579 secs]
   [Parallel Time: 62.9 ms, GC Workers: 30]
      [GC Worker Start (ms): Min: 189727.5, Avg: 189728.3, Max: 189729.1, Diff: 1.5]
      [Ext Root Scanning (ms): Min: 0.0, Avg: 0.3, Max: 1.7, Diff: 1.7, Sum: 10.3]
      [Update RS (ms): Min: 18.6, Avg: 19.1, Max: 19.6, Diff: 1.0, Sum: 573.3]
         [Processed Buffers: Min: 17, Avg: 22.0, Max: 30, Diff: 13, Sum: 661]
      [Scan RS (ms): Min: 1.7, Avg: 2.0, Max: 2.2, Diff: 0.5, Sum: 59.9]
      [Code Root Scanning (ms): Min: 0.0, Avg: 0.0, Max: 0.0, Diff: 0.0, Sum: 0.0]
      [Object Copy (ms): Min: 40.1, Avg: 40.2, Max: 40.3, Diff: 0.2, Sum: 1206.0]
      [Termination (ms): Min: 0.0, Avg: 0.0, Max: 0.1, Diff: 0.1, Sum: 1.4]
         [Termination Attempts: Min: 1, Avg: 22.0, Max: 29, Diff: 28, Sum: 661]
      [GC Worker Other (ms): Min: 0.0, Avg: 0.1, Max: 0.3, Diff: 0.2, Sum: 3.9]
      [GC Worker Total (ms): Min: 61.1, Avg: 61.8, Max: 62.7, Diff: 1.6, Sum: 1854.8]
      [GC Worker End (ms): Min: 189790.0, Avg: 189790.1, Max: 189790.3, Diff: 0.2]
   [Code Root Fixup: 0.0 ms]
   [Code Root Purge: 0.0 ms]
   [Clear CT: 0.9 ms]
   [Other: 3.7 ms]
      [Choose CSet: 0.0 ms]
      [Ref Proc: 0.5 ms]
      [Ref Enq: 0.0 ms]
      [Redirty Cards: 0.7 ms]
      [Humongous Register: 0.1 ms]
      [Humongous Reclaim: 0.1 ms]
      [Free CSet: 1.8 ms]
   [Eden: 3848.0M(3848.0M)->0.0B(3760.0M) Survivors: 324.0M->304.0M Heap: 7016.0M(8192.0M)->3278.0M(8192.0M)]
 [Times: user=1.89 sys=0.00, real=0.07 secs] 
2018-10-15T09:28:33.209+0200: 189.795: Total time for which application threads were stopped: 0.0716976 seconds, Stopping threads took: 0.0034117 seconds
2018-10-15T09:28:33.598+0200: 190.184: Application time: 0.3890726 seconds
2018-10-15T09:28:33.599+0200: 190.185: [GC pause (G1 Evacuation Pause) (young)
Desired survivor size 266338304 bytes, new threshold 3 (max 15)
- age   1:   91216896 bytes,   91216896 total
- age   2:   94122976 bytes,  185339872 total
- age   3:   95515128 bytes,  280855000 total
, 0.0683756 secs]
   [Parallel Time: 64.6 ms, GC Workers: 30]
      [GC Worker Start (ms): Min: 190185.4, Avg: 190186.2, Max: 190187.0, Diff: 1.6]
      [Ext Root Scanning (ms): Min: 0.0, Avg: 0.3, Max: 1.8, Diff: 1.8, Sum: 10.5]
      [Update RS (ms): Min: 20.4, Avg: 21.0, Max: 21.5, Diff: 1.1, Sum: 631.4]
         [Processed Buffers: Min: 20, Avg: 24.0, Max: 32, Diff: 12, Sum: 719]
      [Scan RS (ms): Min: 0.8, Avg: 1.1, Max: 1.3, Diff: 0.4, Sum: 32.8]
      [Code Root Scanning (ms): Min: 0.0, Avg: 0.0, Max: 0.0, Diff: 0.0, Sum: 0.0]
      [Object Copy (ms): Min: 40.7, Avg: 40.8, Max: 40.9, Diff: 0.2, Sum: 1224.4]
      [Termination (ms): Min: 0.0, Avg: 0.1, Max: 0.1, Diff: 0.1, Sum: 2.6]
         [Termination Attempts: Min: 1, Avg: 43.0, Max: 52, Diff: 51, Sum: 1291]
      [GC Worker Other (ms): Min: 0.0, Avg: 0.1, Max: 0.3, Diff: 0.2, Sum: 4.1]
      [GC Worker Total (ms): Min: 62.7, Avg: 63.5, Max: 64.4, Diff: 1.7, Sum: 1905.9]
      [GC Worker End (ms): Min: 190249.6, Avg: 190249.7, Max: 190249.9, Diff: 0.3]
   [Code Root Fixup: 0.0 ms]
   [Code Root Purge: 0.0 ms]
   [Clear CT: 0.7 ms]
   [Other: 3.0 ms]
      [Choose CSet: 0.0 ms]
      [Ref Proc: 0.5 ms]
      [Ref Enq: 0.0 ms]
      [Redirty Cards: 0.8 ms]
      [Humongous Register: 0.1 ms]
      [Humongous Reclaim: 0.0 ms]
      [Free CSet: 1.2 ms]
   [Eden: 3760.0M(3760.0M)->0.0B(3664.0M) Survivors: 304.0M->292.0M Heap: 7038.0M(8192.0M)->3388.0M(8192.0M)]
 [Times: user=1.93 sys=0.00, real=0.07 secs] 
2018-10-15T09:28:33.668+0200: 190.254: Total time for which application threads were stopped: 0.0696656 seconds, Stopping threads took: 0.0005762 seconds
2018-10-15T09:28:34.045+0200: 190.631: Application time: 0.3773987 seconds
2018-10-15T09:28:34.046+0200: 190.632: [GC pause (G1 Evacuation Pause) (young)
Desired survivor size 260046848 bytes, new threshold 3 (max 15)
- age   1:   93389480 bytes,   93389480 total
- age   2:   84359840 bytes,  177749320 total
- age   3:   93533168 bytes,  271282488 total
, 0.0619854 secs]
   [Parallel Time: 58.4 ms, GC Workers: 30]
      [GC Worker Start (ms): Min: 190632.5, Avg: 190633.2, Max: 190633.9, Diff: 1.5]
      [Ext Root Scanning (ms): Min: 0.0, Avg: 0.4, Max: 1.9, Diff: 1.9, Sum: 10.5]
      [Update RS (ms): Min: 17.9, Avg: 18.8, Max: 19.2, Diff: 1.3, Sum: 562.8]
         [Processed Buffers: Min: 17, Avg: 21.7, Max: 28, Diff: 11, Sum: 650]
      [Scan RS (ms): Min: 1.3, Avg: 1.6, Max: 1.7, Diff: 0.4, Sum: 46.7]
      [Code Root Scanning (ms): Min: 0.0, Avg: 0.0, Max: 0.0, Diff: 0.0, Sum: 0.0]
      [Object Copy (ms): Min: 36.4, Avg: 36.5, Max: 36.6, Diff: 0.2, Sum: 1094.0]
      [Termination (ms): Min: 0.0, Avg: 0.1, Max: 0.1, Diff: 0.1, Sum: 1.7]
         [Termination Attempts: Min: 1, Avg: 30.7, Max: 40, Diff: 39, Sum: 920]
      [GC Worker Other (ms): Min: 0.0, Avg: 0.1, Max: 0.3, Diff: 0.2, Sum: 4.3]
      [GC Worker Total (ms): Min: 56.5, Avg: 57.3, Max: 58.1, Diff: 1.6, Sum: 1720.2]
      [GC Worker End (ms): Min: 190690.4, Avg: 190690.5, Max: 190690.7, Diff: 0.2]
   [Code Root Fixup: 0.0 ms]
   [Code Root Purge: 0.0 ms]
   [Clear CT: 0.7 ms]
   [Other: 2.9 ms]
      [Choose CSet: 0.0 ms]
      [Ref Proc: 0.5 ms]
      [Ref Enq: 0.0 ms]
      [Redirty Cards: 0.8 ms]
      [Humongous Register: 0.1 ms]
      [Humongous Reclaim: 0.0 ms]
      [Free CSet: 1.1 ms]
   [Eden: 3664.0M(3664.0M)->0.0B(3564.0M) Survivors: 292.0M->284.0M Heap: 7052.0M(8192.0M)->3496.0M(8192.0M)]
 [Times: user=1.75 sys=0.00, real=0.06 secs] 
2018-10-15T09:28:34.108+0200: 190.694: Total time for which application threads were stopped: 0.0632704 seconds, Stopping threads took: 0.0005782 seconds
2018-10-15T09:28:34.485+0200: 191.071: Application time: 0.3764094 seconds
2018-10-15T09:28:34.486+0200: 191.072: [GC pause (G1 Evacuation Pause) (young)
Desired survivor size 253755392 bytes, new threshold 3 (max 15)
- age   1:   97611312 bytes,   97611312 total
- age   2:   85231744 bytes,  182843056 total
- age   3:   82106760 bytes,  264949816 total
, 0.0647174 secs]
   [Parallel Time: 61.0 ms, GC Workers: 30]
      [GC Worker Start (ms): Min: 191072.1, Avg: 191072.6, Max: 191073.2, Diff: 1.1]
      [Ext Root Scanning (ms): Min: 0.0, Avg: 0.4, Max: 1.8, Diff: 1.8, Sum: 12.1]
      [Update RS (ms): Min: 19.9, Avg: 20.9, Max: 21.7, Diff: 1.8, Sum: 628.2]
         [Processed Buffers: Min: 19, Avg: 23.7, Max: 30, Diff: 11, Sum: 712]
      [Scan RS (ms): Min: 0.3, Avg: 0.9, Max: 1.0, Diff: 0.8, Sum: 25.8]
      [Code Root Scanning (ms): Min: 0.0, Avg: 0.0, Max: 0.0, Diff: 0.0, Sum: 0.0]
      [Object Copy (ms): Min: 37.8, Avg: 37.9, Max: 38.0, Diff: 0.2, Sum: 1136.9]
      [Termination (ms): Min: 0.0, Avg: 0.0, Max: 0.0, Diff: 0.0, Sum: 0.2]
         [Termination Attempts: Min: 1, Avg: 1.0, Max: 2, Diff: 1, Sum: 31]
      [GC Worker Other (ms): Min: 0.0, Avg: 0.1, Max: 0.3, Diff: 0.3, Sum: 4.0]
      [GC Worker Total (ms): Min: 59.5, Avg: 60.2, Max: 60.8, Diff: 1.3, Sum: 1807.4]
      [GC Worker End (ms): Min: 191132.7, Avg: 191132.8, Max: 191133.0, Diff: 0.3]
   [Code Root Fixup: 0.0 ms]
   [Code Root Purge: 0.0 ms]
   [Clear CT: 0.9 ms]
   [Other: 2.8 ms]
      [Choose CSet: 0.0 ms]
      [Ref Proc: 0.5 ms]
      [Ref Enq: 0.0 ms]
      [Redirty Cards: 0.7 ms]
      [Humongous Register: 0.1 ms]
      [Humongous Reclaim: 0.1 ms]
      [Free CSet: 1.1 ms]
   [Eden: 3564.0M(3564.0M)->0.0B(3444.0M) Survivors: 284.0M->292.0M Heap: 7060.0M(8192.0M)->3606.3M(8192.0M)]
 [Times: user=1.83 sys=0.00, real=0.06 secs] 
2018-10-15T09:28:34.551+0200: 191.137: Total time for which application threads were stopped: 0.0659864 seconds, Stopping threads took: 0.0005683 seconds
2018-10-15T09:28:34.906+0200: 191.493: Application time: 0.3557788 seconds
2018-10-15T09:28:34.908+0200: 191.494: [GC pause (G1 Evacuation Pause) (young)
Desired survivor size 245366784 bytes, new threshold 3 (max 15)
- age   1:   97604784 bytes,   97604784 total
- age   2:   93990304 bytes,  191595088 total
- age   3:   84767296 bytes,  276362384 total
, 0.0641707 secs]
   [Parallel Time: 60.8 ms, GC Workers: 30]
      [GC Worker Start (ms): Min: 191493.9, Avg: 191494.1, Max: 191494.7, Diff: 0.8]
      [Ext Root Scanning (ms): Min: 0.0, Avg: 0.5, Max: 1.8, Diff: 1.8, Sum: 14.8]
      [Update RS (ms): Min: 23.6, Avg: 24.7, Max: 25.4, Diff: 1.8, Sum: 741.8]
         [Processed Buffers: Min: 25, Avg: 29.0, Max: 36, Diff: 11, Sum: 871]
      [Scan RS (ms): Min: 0.0, Avg: 0.1, Max: 0.3, Diff: 0.2, Sum: 3.6]
      [Code Root Scanning (ms): Min: 0.0, Avg: 0.0, Max: 0.0, Diff: 0.0, Sum: 0.0]
      [Object Copy (ms): Min: 34.3, Avg: 34.8, Max: 35.1, Diff: 0.8, Sum: 1044.5]
      [Termination (ms): Min: 0.0, Avg: 0.0, Max: 0.0, Diff: 0.0, Sum: 0.2]
         [Termination Attempts: Min: 1, Avg: 1.1, Max: 2, Diff: 1, Sum: 34]
      [GC Worker Other (ms): Min: 0.0, Avg: 0.1, Max: 0.2, Diff: 0.2, Sum: 3.7]
      [GC Worker Total (ms): Min: 59.8, Avg: 60.3, Max: 60.6, Diff: 0.9, Sum: 1808.6]
      [GC Worker End (ms): Min: 191554.3, Avg: 191554.4, Max: 191554.5, Diff: 0.2]
   [Code Root Fixup: 0.0 ms]
   [Code Root Purge: 0.0 ms]
   [Clear CT: 0.6 ms]
   [Other: 2.7 ms]
      [Choose CSet: 0.0 ms]
      [Ref Proc: 0.5 ms]
      [Ref Enq: 0.0 ms]
      [Redirty Cards: 0.7 ms]
      [Humongous Register: 0.1 ms]
      [Humongous Reclaim: 0.1 ms]
      [Free CSet: 1.0 ms]
   [Eden: 3444.0M(3444.0M)->0.0B(3336.0M) Survivors: 292.0M->292.0M Heap: 7050.3M(8192.0M)->3714.0M(8192.0M)]
 [Times: user=1.83 sys=0.00, real=0.07 secs] 
2018-10-15T09:28:34.972+0200: 191.558: Total time for which application threads were stopped: 0.0654839 seconds, Stopping threads took: 0.0005880 seconds
2018-10-15T09:28:35.317+0200: 191.903: Application time: 0.3448100 seconds
2018-10-15T09:28:35.318+0200: 191.904: [GC pause (G1 Evacuation Pause) (young)
Desired survivor size 239075328 bytes, new threshold 3 (max 15)
- age   1:   87998120 bytes,   87998120 total
- age   2:   90768696 bytes,  178766816 total
- age   3:   91244432 bytes,  270011248 total
, 0.0609967 secs]
   [Parallel Time: 57.5 ms, GC Workers: 30]
      [GC Worker Start (ms): Min: 191904.2, Avg: 191904.5, Max: 191905.1, Diff: 0.9]
      [Ext Root Scanning (ms): Min: 0.0, Avg: 0.5, Max: 1.8, Diff: 1.8, Sum: 13.8]
      [Update RS (ms): Min: 16.0, Avg: 17.3, Max: 18.9, Diff: 2.9, Sum: 518.8]
         [Processed Buffers: Min: 16, Avg: 19.3, Max: 25, Diff: 9, Sum: 579]
      [Scan RS (ms): Min: 0.4, Avg: 2.0, Max: 2.3, Diff: 1.8, Sum: 59.2]
      [Code Root Scanning (ms): Min: 0.0, Avg: 0.0, Max: 0.0, Diff: 0.0, Sum: 0.0]
      [Object Copy (ms): Min: 36.8, Avg: 37.0, Max: 37.1, Diff: 0.2, Sum: 1109.4]
      [Termination (ms): Min: 0.1, Avg: 0.1, Max: 0.2, Diff: 0.1, Sum: 3.8]
         [Termination Attempts: Min: 8, Avg: 25.4, Max: 36, Diff: 28, Sum: 762]
      [GC Worker Other (ms): Min: 0.0, Avg: 0.1, Max: 0.3, Diff: 0.2, Sum: 3.5]
      [GC Worker Total (ms): Min: 56.3, Avg: 57.0, Max: 57.3, Diff: 1.1, Sum: 1708.5]
      [GC Worker End (ms): Min: 191961.4, Avg: 191961.5, Max: 191961.6, Diff: 0.2]
   [Code Root Fixup: 0.0 ms]
   [Code Root Purge: 0.0 ms]
   [Clear CT: 0.6 ms]
   [Other: 2.9 ms]
      [Choose CSet: 0.0 ms]
      [Ref Proc: 0.4 ms]
      [Ref Enq: 0.0 ms]
      [Redirty Cards: 0.9 ms]
      [Humongous Register: 0.1 ms]
      [Humongous Reclaim: 0.1 ms]
      [Free CSet: 1.0 ms]
   [Eden: 3336.0M(3336.0M)->0.0B(3248.0M) Survivors: 292.0M->276.0M Heap: 7050.0M(8192.0M)->3818.0M(8192.0M)]
 [Times: user=1.72 sys=0.01, real=0.06 secs] 
2018-10-15T09:28:35.379+0200: 191.965: Total time for which application threads were stopped: 0.0622486 seconds, Stopping threads took: 0.0005756 seconds
2018-10-15T09:28:35.724+0200: 192.310: Application time: 0.3452293 seconds
2018-10-15T09:28:35.725+0200: 192.311: [GC pause (G1 Evacuation Pause) (young)
Desired survivor size 232783872 bytes, new threshold 3 (max 15)
- age   1:   81603344 bytes,   81603344 total
- age   2:   80028760 bytes,  161632104 total
- age   3:   90519944 bytes,  252152048 total
, 0.0632783 secs]
   [Parallel Time: 59.8 ms, GC Workers: 30]
      [GC Worker Start (ms): Min: 192311.7, Avg: 192312.0, Max: 192312.7, Diff: 1.0]
      [Ext Root Scanning (ms): Min: 0.0, Avg: 0.4, Max: 1.7, Diff: 1.7, Sum: 12.4]
      [Update RS (ms): Min: 17.4, Avg: 18.3, Max: 18.7, Diff: 1.3, Sum: 549.8]
         [Processed Buffers: Min: 17, Avg: 21.2, Max: 30, Diff: 13, Sum: 636]
      [Scan RS (ms): Min: 1.2, Avg: 1.5, Max: 1.7, Diff: 0.5, Sum: 45.0]
      [Code Root Scanning (ms): Min: 0.0, Avg: 0.0, Max: 0.0, Diff: 0.0, Sum: 0.0]
      [Object Copy (ms): Min: 38.6, Avg: 38.7, Max: 38.8, Diff: 0.2, Sum: 1162.0]
      [Termination (ms): Min: 0.1, Avg: 0.1, Max: 0.3, Diff: 0.2, Sum: 4.2]
         [Termination Attempts: Min: 3, Avg: 26.5, Max: 33, Diff: 30, Sum: 795]
      [GC Worker Other (ms): Min: 0.0, Avg: 0.1, Max: 0.2, Diff: 0.2, Sum: 2.2]
      [GC Worker Total (ms): Min: 58.5, Avg: 59.2, Max: 59.6, Diff: 1.2, Sum: 1775.6]
      [GC Worker End (ms): Min: 192371.1, Avg: 192371.2, Max: 192371.3, Diff: 0.2]
   [Code Root Fixup: 0.0 ms]
   [Code Root Purge: 0.0 ms]
   [Clear CT: 0.7 ms]
   [Other: 2.8 ms]
      [Choose CSet: 0.0 ms]
      [Ref Proc: 0.4 ms]
      [Ref Enq: 0.0 ms]
      [Redirty Cards: 0.7 ms]
      [Humongous Register: 0.1 ms]
      [Humongous Reclaim: 0.1 ms]
      [Free CSet: 1.0 ms]
   [Eden: 3248.0M(3248.0M)->0.0B(3148.0M) Survivors: 276.0M->268.0M Heap: 7066.0M(8192.0M)->3926.0M(8192.0M)]
 [Times: user=1.80 sys=0.00, real=0.06 secs] 
2018-10-15T09:28:35.789+0200: 192.375: Total time for which application threads were stopped: 0.0645294 seconds, Stopping threads took: 0.0005541 seconds
2018-10-15T09:28:36.127+0200: 192.713: Application time: 0.3379772 seconds
2018-10-15T09:28:36.128+0200: 192.714: [GC pause (G1 Evacuation Pause) (young) (initial-mark)
Desired survivor size 224395264 bytes, new threshold 3 (max 15)
- age   1:   86319192 bytes,   86319192 total
- age   2:   77529416 bytes,  163848608 total
- age   3:   79493600 bytes,  243342208 total
, 0.0651483 secs]
   [Parallel Time: 61.6 ms, GC Workers: 30]
      [GC Worker Start (ms): Min: 192714.4, Avg: 192715.3, Max: 192716.0, Diff: 1.6]
      [Ext Root Scanning (ms): Min: 1.6, Avg: 2.2, Max: 3.2, Diff: 1.6, Sum: 66.1]
      [Update RS (ms): Min: 19.2, Avg: 19.8, Max: 20.5, Diff: 1.3, Sum: 594.8]
         [Processed Buffers: Min: 20, Avg: 23.3, Max: 29, Diff: 9, Sum: 699]
      [Scan RS (ms): Min: 1.4, Avg: 1.6, Max: 1.8, Diff: 0.5, Sum: 49.4]
      [Code Root Scanning (ms): Min: 0.0, Avg: 0.0, Max: 0.0, Diff: 0.0, Sum: 0.0]
      [Object Copy (ms): Min: 36.3, Avg: 36.4, Max: 36.6, Diff: 0.3, Sum: 1090.5]
      [Termination (ms): Min: 0.0, Avg: 0.1, Max: 0.1, Diff: 0.1, Sum: 1.9]
         [Termination Attempts: Min: 1, Avg: 31.2, Max: 37, Diff: 36, Sum: 935]
      [GC Worker Other (ms): Min: 0.0, Avg: 0.1, Max: 0.2, Diff: 0.2, Sum: 3.8]
      [GC Worker Total (ms): Min: 59.5, Avg: 60.2, Max: 61.2, Diff: 1.7, Sum: 1806.5]
      [GC Worker End (ms): Min: 192775.4, Avg: 192775.5, Max: 192775.6, Diff: 0.2]
   [Code Root Fixup: 0.0 ms]
   [Code Root Purge: 0.0 ms]
   [Clear CT: 0.6 ms]
   [Other: 2.9 ms]
      [Choose CSet: 0.0 ms]
      [Ref Proc: 0.5 ms]
      [Ref Enq: 0.0 ms]
      [Redirty Cards: 0.8 ms]
      [Humongous Register: 0.1 ms]
      [Humongous Reclaim: 0.1 ms]
      [Free CSet: 0.9 ms]
   [Eden: 3148.0M(3148.0M)->0.0B(3048.0M) Survivors: 268.0M->268.0M Heap: 7074.0M(8192.0M)->4028.0M(8192.0M)]
 [Times: user=1.78 sys=0.00, real=0.07 secs] 
2018-10-15T09:28:36.193+0200: 192.779: [GC concurrent-root-region-scan-start]
2018-10-15T09:28:36.193+0200: 192.779: Total time for which application threads were stopped: 0.0663832 seconds, Stopping threads took: 0.0005513 seconds
2018-10-15T09:28:36.271+0200: 192.858: [GC concurrent-root-region-scan-end, 0.0783528 secs]
2018-10-15T09:28:36.272+0200: 192.858: [GC concurrent-mark-start]
2018-10-15T09:28:36.608+0200: 193.194: [GC concurrent-mark-end, 0.3360189 secs]
2018-10-15T09:28:36.608+0200: 193.194: Application time: 0.4144435 seconds
2018-10-15T09:28:36.609+0200: 193.195: [GC remark 2018-10-15T09:28:36.609+0200: 193.195: [Finalize Marking, 0.0007018 secs] 2018-10-15T09:28:36.609+0200: 193.195: [GC ref-proc, 0.0011724 secs] 2018-10-15T09:28:36.611+0200: 193.197: [Unloading, 0.0128614 secs], 0.0160465 secs]
 [Times: user=0.37 sys=0.01, real=0.02 secs] 
2018-10-15T09:28:36.625+0200: 193.211: Total time for which application threads were stopped: 0.0170945 seconds, Stopping threads took: 0.0005359 seconds
2018-10-15T09:28:36.625+0200: 193.211: Application time: 0.0000551 seconds
2018-10-15T09:28:36.625+0200: 193.211: [GC cleanup 6991M->5651M(8192M), 0.0073098 secs]
 [Times: user=0.17 sys=0.00, real=0.01 secs] 
2018-10-15T09:28:36.633+0200: 193.219: Total time for which application threads were stopped: 0.0078218 seconds, Stopping threads took: 0.0000578 seconds
2018-10-15T09:28:36.633+0200: 193.219: [GC concurrent-cleanup-start]
2018-10-15T09:28:36.634+0200: 193.220: [GC concurrent-cleanup-end, 0.0015509 secs]
2018-10-15T09:28:36.643+0200: 193.229: Application time: 0.0106428 seconds
2018-10-15T09:28:36.644+0200: 193.230: [GC pause (G1 Evacuation Pause) (young)
Desired survivor size 218103808 bytes, new threshold 3 (max 15)
- age   1:   88143424 bytes,   88143424 total
- age   2:   82318232 bytes,  170461656 total
- age   3:   77001528 bytes,  247463184 total
, 0.0641076 secs]
   [Parallel Time: 61.2 ms, GC Workers: 30]
      [GC Worker Start (ms): Min: 193230.4, Avg: 193230.5, Max: 193230.6, Diff: 0.3]
      [Ext Root Scanning (ms): Min: 0.3, Avg: 0.5, Max: 1.1, Diff: 0.7, Sum: 14.5]
      [Update RS (ms): Min: 25.0, Avg: 25.6, Max: 25.8, Diff: 0.8, Sum: 766.8]
         [Processed Buffers: Min: 27, Avg: 34.3, Max: 45, Diff: 18, Sum: 1030]
      [Scan RS (ms): Min: 0.0, Avg: 0.1, Max: 0.2, Diff: 0.2, Sum: 3.2]
      [Code Root Scanning (ms): Min: 0.0, Avg: 0.0, Max: 0.0, Diff: 0.0, Sum: 0.0]
      [Object Copy (ms): Min: 34.4, Avg: 34.6, Max: 34.7, Diff: 0.2, Sum: 1037.1]
      [Termination (ms): Min: 0.0, Avg: 0.1, Max: 0.1, Diff: 0.1, Sum: 1.6]
         [Termination Attempts: Min: 1, Avg: 25.3, Max: 34, Diff: 33, Sum: 760]
      [GC Worker Other (ms): Min: 0.0, Avg: 0.1, Max: 0.2, Diff: 0.2, Sum: 3.1]
      [GC Worker Total (ms): Min: 60.7, Avg: 60.9, Max: 61.1, Diff: 0.4, Sum: 1826.4]
      [GC Worker End (ms): Min: 193291.3, Avg: 193291.4, Max: 193291.5, Diff: 0.2]
   [Code Root Fixup: 0.0 ms]
   [Code Root Purge: 0.0 ms]
   [Clear CT: 0.6 ms]
   [Other: 2.2 ms]
      [Choose CSet: 0.0 ms]
      [Ref Proc: 0.4 ms]
      [Ref Enq: 0.0 ms]
      [Redirty Cards: 0.5 ms]
      [Humongous Register: 0.1 ms]
      [Humongous Reclaim: 0.0 ms]
      [Free CSet: 0.8 ms]
   [Eden: 3048.0M(3048.0M)->0.0B(148.0M) Survivors: 268.0M->260.0M Heap: 5736.0M(8192.0M)->2784.0M(8192.0M)]
 [Times: user=1.84 sys=0.00, real=0.06 secs] 
2018-10-15T09:28:36.708+0200: 193.295: Total time for which application threads were stopped: 0.0652355 seconds, Stopping threads took: 0.0004443 seconds
2018-10-15T09:28:36.725+0200: 193.311: Application time: 0.0165803 seconds
2018-10-15T09:28:36.726+0200: 193.312: [GC pause (G1 Evacuation Pause) (mixed)
Desired survivor size 27262976 bytes, new threshold 1 (max 15)
- age   1:   80561160 bytes,   80561160 total
- age   2:   82209992 bytes,  162771152 total
- age   3:   79570592 bytes,  242341744 total
, 0.0566484 secs]
   [Parallel Time: 52.6 ms, GC Workers: 30]
      [GC Worker Start (ms): Min: 193312.3, Avg: 193312.4, Max: 193312.8, Diff: 0.5]
      [Ext Root Scanning (ms): Min: 0.1, Avg: 0.5, Max: 1.4, Diff: 1.4, Sum: 13.7]
      [Update RS (ms): Min: 20.4, Avg: 21.4, Max: 22.2, Diff: 1.8, Sum: 642.2]
         [Processed Buffers: Min: 25, Avg: 33.0, Max: 47, Diff: 22, Sum: 991]
      [Scan RS (ms): Min: 0.8, Avg: 1.5, Max: 1.7, Diff: 1.0, Sum: 44.1]
      [Code Root Scanning (ms): Min: 0.0, Avg: 0.0, Max: 0.0, Diff: 0.0, Sum: 0.0]
      [Object Copy (ms): Min: 28.1, Avg: 28.2, Max: 28.8, Diff: 0.7, Sum: 846.1]
      [Termination (ms): Min: 0.0, Avg: 0.7, Max: 0.8, Diff: 0.8, Sum: 19.7]
         [Termination Attempts: Min: 1, Avg: 3.9, Max: 7, Diff: 6, Sum: 118]
      [GC Worker Other (ms): Min: 0.0, Avg: 0.0, Max: 0.1, Diff: 0.1, Sum: 1.2]
      [GC Worker Total (ms): Min: 51.8, Avg: 52.2, Max: 52.4, Diff: 0.6, Sum: 1567.0]
      [GC Worker End (ms): Min: 193364.7, Avg: 193364.7, Max: 193364.7, Diff: 0.1]
   [Code Root Fixup: 0.0 ms]
   [Code Root Purge: 0.0 ms]
   [Clear CT: 0.7 ms]
   [Other: 3.3 ms]
      [Choose CSet: 0.1 ms]
      [Ref Proc: 0.5 ms]
      [Ref Enq: 0.0 ms]
      [Redirty Cards: 1.1 ms]
      [Humongous Register: 0.1 ms]
      [Humongous Reclaim: 0.0 ms]
      [Free CSet: 1.1 ms]
   [Eden: 148.0M(148.0M)->0.0B(356.0M) Survivors: 260.0M->52.0M Heap: 2932.0M(8192.0M)->2022.0M(8192.0M)]
 [Times: user=1.60 sys=0.00, real=0.05 secs] 
2018-10-15T09:28:36.783+0200: 193.369: Total time for which application threads were stopped: 0.0576811 seconds, Stopping threads took: 0.0004525 seconds
2018-10-15T09:28:36.836+0200: 193.422: Application time: 0.0533829 seconds
2018-10-15T09:28:36.837+0200: 193.423: [GC pause (G1 Evacuation Pause) (mixed)
Desired survivor size 27262976 bytes, new threshold 15 (max 15)
- age   1:    3369320 bytes,    3369320 total
, 0.0307892 secs]
   [Parallel Time: 27.4 ms, GC Workers: 30]
      [GC Worker Start (ms): Min: 193423.2, Avg: 193423.8, Max: 193424.5, Diff: 1.2]
      [Ext Root Scanning (ms): Min: 0.0, Avg: 0.3, Max: 1.6, Diff: 1.6, Sum: 8.0]
      [Update RS (ms): Min: 21.0, Avg: 21.5, Max: 22.0, Diff: 1.0, Sum: 646.4]
         [Processed Buffers: Min: 27, Avg: 34.1, Max: 44, Diff: 17, Sum: 1024]
      [Scan RS (ms): Min: 1.0, Avg: 1.4, Max: 1.5, Diff: 0.5, Sum: 41.0]
      [Code Root Scanning (ms): Min: 0.0, Avg: 0.0, Max: 0.1, Diff: 0.1, Sum: 0.7]
      [Object Copy (ms): Min: 3.3, Avg: 3.4, Max: 3.4, Diff: 0.2, Sum: 100.9]
      [Termination (ms): Min: 0.0, Avg: 0.0, Max: 0.0, Diff: 0.0, Sum: 0.6]
         [Termination Attempts: Min: 1, Avg: 10.7, Max: 15, Diff: 14, Sum: 321]
      [GC Worker Other (ms): Min: 0.0, Avg: 0.0, Max: 0.1, Diff: 0.1, Sum: 1.3]
      [GC Worker Total (ms): Min: 26.0, Avg: 26.6, Max: 27.2, Diff: 1.3, Sum: 799.0]
      [GC Worker End (ms): Min: 193450.4, Avg: 193450.5, Max: 193450.5, Diff: 0.1]
   [Code Root Fixup: 0.0 ms]
   [Code Root Purge: 0.0 ms]
   [Clear CT: 0.7 ms]
   [Other: 2.7 ms]
      [Choose CSet: 0.2 ms]
      [Ref Proc: 0.4 ms]
      [Ref Enq: 0.0 ms]
      [Redirty Cards: 0.3 ms]
      [Humongous Register: 0.1 ms]
      [Humongous Reclaim: 0.0 ms]
      [Free CSet: 1.2 ms]
   [Eden: 356.0M(356.0M)->0.0B(4860.0M) Survivors: 52.0M->52.0M Heap: 2378.0M(8192.0M)->1302.0M(8192.0M)]
 [Times: user=0.82 sys=0.00, real=0.03 secs] 
2018-10-15T09:28:36.868+0200: 193.454: Total time for which application threads were stopped: 0.0315443 seconds, Stopping threads took: 0.0001808 seconds
2018-10-15T09:28:37.379+0200: 193.965: Application time: 0.5111334 seconds
2018-10-15T09:28:37.380+0200: 193.966: [GC pause (G1 Evacuation Pause) (young)
Desired survivor size 322961408 bytes, new threshold 15 (max 15)
- age   1:   12949872 bytes,   12949872 total
- age   2:    2720880 bytes,   15670752 total
, 0.0406027 secs]
   [Parallel Time: 36.8 ms, GC Workers: 30]
      [GC Worker Start (ms): Min: 193966.8, Avg: 193967.5, Max: 193968.2, Diff: 1.4]
      [Ext Root Scanning (ms): Min: 0.0, Avg: 0.4, Max: 1.7, Diff: 1.7, Sum: 10.6]
      [Update RS (ms): Min: 13.0, Avg: 13.7, Max: 14.6, Diff: 1.6, Sum: 409.5]
         [Processed Buffers: Min: 12, Avg: 16.2, Max: 23, Diff: 11, Sum: 486]
      [Scan RS (ms): Min: 0.0, Avg: 0.2, Max: 0.4, Diff: 0.3, Sum: 6.7]
      [Code Root Scanning (ms): Min: 0.0, Avg: 0.0, Max: 0.0, Diff: 0.0, Sum: 0.1]
      [Object Copy (ms): Min: 20.6, Avg: 21.6, Max: 21.8, Diff: 1.2, Sum: 647.0]
      [Termination (ms): Min: 0.0, Avg: 0.1, Max: 0.1, Diff: 0.1, Sum: 2.7]
         [Termination Attempts: Min: 2, Avg: 5.2, Max: 9, Diff: 7, Sum: 157]
      [GC Worker Other (ms): Min: 0.0, Avg: 0.1, Max: 0.3, Diff: 0.3, Sum: 4.0]
      [GC Worker Total (ms): Min: 35.2, Avg: 36.0, Max: 36.7, Diff: 1.6, Sum: 1080.6]
      [GC Worker End (ms): Min: 194003.4, Avg: 194003.5, Max: 194003.6, Diff: 0.3]
   [Code Root Fixup: 0.0 ms]
   [Code Root Purge: 0.0 ms]
   [Clear CT: 0.9 ms]
   [Other: 2.9 ms]
      [Choose CSet: 0.0 ms]
      [Ref Proc: 0.4 ms]
      [Ref Enq: 0.0 ms]
      [Redirty Cards: 0.5 ms]
      [Humongous Register: 0.1 ms]
      [Humongous Reclaim: 0.0 ms]
      [Free CSet: 1.4 ms]
   [Eden: 4860.0M(4860.0M)->0.0B(4748.0M) Survivors: 52.0M->164.0M Heap: 6162.0M(8192.0M)->1411.8M(8192.0M)]
 [Times: user=1.10 sys=0.00, real=0.04 secs] 
2018-10-15T09:28:37.421+0200: 194.007: Total time for which application threads were stopped: 0.0424507 seconds, Stopping threads took: 0.0011658 seconds
2018-10-15T09:28:37.903+0200: 194.489: Application time: 0.4820494 seconds
2018-10-15T09:28:37.904+0200: 194.490: [GC pause (G1 Evacuation Pause) (young)
Desired survivor size 322961408 bytes, new threshold 15 (max 15)
- age   1:  131042424 bytes,  131042424 total
- age   2:   12143944 bytes,  143186368 total
- age   3:    2558960 bytes,  145745328 total
, 0.0548588 secs]
   [Parallel Time: 51.1 ms, GC Workers: 30]
      [GC Worker Start (ms): Min: 194490.6, Avg: 194491.0, Max: 194491.5, Diff: 0.9]
      [Ext Root Scanning (ms): Min: 0.0, Avg: 0.4, Max: 1.8, Diff: 1.8, Sum: 13.3]
      [Update RS (ms): Min: 10.8, Avg: 11.8, Max: 12.2, Diff: 1.4, Sum: 354.8]
         [Processed Buffers: Min: 11, Avg: 14.7, Max: 19, Diff: 8, Sum: 442]
      [Scan RS (ms): Min: 0.0, Avg: 0.2, Max: 0.4, Diff: 0.3, Sum: 6.0]
      [Code Root Scanning (ms): Min: 0.0, Avg: 0.0, Max: 0.0, Diff: 0.0, Sum: 0.0]
      [Object Copy (ms): Min: 37.7, Avg: 37.9, Max: 38.0, Diff: 0.3, Sum: 1136.2]
      [Termination (ms): Min: 0.0, Avg: 0.1, Max: 0.2, Diff: 0.2, Sum: 4.2]
         [Termination Attempts: Min: 1, Avg: 51.3, Max: 60, Diff: 59, Sum: 1538]
      [GC Worker Other (ms): Min: 0.0, Avg: 0.2, Max: 0.3, Diff: 0.3, Sum: 4.8]
      [GC Worker Total (ms): Min: 50.1, Avg: 50.6, Max: 51.1, Diff: 1.0, Sum: 1519.4]
      [GC Worker End (ms): Min: 194541.5, Avg: 194541.6, Max: 194541.8, Diff: 0.3]
   [Code Root Fixup: 0.0 ms]
   [Code Root Purge: 0.0 ms]
   [Clear CT: 0.9 ms]
   [Other: 2.7 ms]
      [Choose CSet: 0.0 ms]
      [Ref Proc: 0.4 ms]
      [Ref Enq: 0.0 ms]
      [Redirty Cards: 0.5 ms]
      [Humongous Register: 0.1 ms]
      [Humongous Reclaim: 0.0 ms]
      [Free CSet: 1.3 ms]
   [Eden: 4748.0M(4748.0M)->0.0B(4624.0M) Survivors: 164.0M->288.0M Heap: 6159.8M(8192.0M)->1534.3M(8192.0M)]
 [Times: user=1.54 sys=0.01, real=0.05 secs] 
2018-10-15T09:28:37.959+0200: 194.545: Total time for which application threads were stopped: 0.0560770 seconds, Stopping threads took: 0.0005459 seconds
2018-10-15T09:28:38.424+0200: 195.010: Application time: 0.4642588 seconds
2018-10-15T09:28:38.425+0200: 195.011: [GC pause (G1 Evacuation Pause) (young)
Desired survivor size 322961408 bytes, new threshold 15 (max 15)
- age   1:  124885544 bytes,  124885544 total
- age   2:  123806432 bytes,  248691976 total
- age   3:   12110648 bytes,  260802624 total
- age   4:    2286832 bytes,  263089456 total
, 0.0638383 secs]
   [Parallel Time: 60.4 ms, GC Workers: 30]
      [GC Worker Start (ms): Min: 195011.0, Avg: 195011.3, Max: 195011.8, Diff: 0.8]
      [Ext Root Scanning (ms): Min: 0.0, Avg: 0.5, Max: 1.8, Diff: 1.8, Sum: 13.7]
      [Update RS (ms): Min: 11.0, Avg: 12.1, Max: 12.5, Diff: 1.5, Sum: 361.5]
         [Processed Buffers: Min: 11, Avg: 14.7, Max: 21, Diff: 10, Sum: 441]
      [Scan RS (ms): Min: 0.0, Avg: 0.2, Max: 0.4, Diff: 0.3, Sum: 7.0]
      [Code Root Scanning (ms): Min: 0.0, Avg: 0.0, Max: 0.0, Diff: 0.0, Sum: 0.1]
      [Object Copy (ms): Min: 46.7, Avg: 47.0, Max: 47.1, Diff: 0.3, Sum: 1408.6]
      [Termination (ms): Min: 0.0, Avg: 0.1, Max: 0.1, Diff: 0.1, Sum: 2.2]
         [Termination Attempts: Min: 1, Avg: 5.3, Max: 10, Diff: 9, Sum: 159]
      [GC Worker Other (ms): Min: 0.0, Avg: 0.1, Max: 0.2, Diff: 0.2, Sum: 3.6]
      [GC Worker Total (ms): Min: 59.3, Avg: 59.9, Max: 60.3, Diff: 1.0, Sum: 1796.7]
      [GC Worker End (ms): Min: 195071.1, Avg: 195071.2, Max: 195071.3, Diff: 0.2]
   [Code Root Fixup: 0.0 ms]
   [Code Root Purge: 0.0 ms]
   [Clear CT: 0.7 ms]
   [Other: 2.7 ms]
      [Choose CSet: 0.0 ms]
      [Ref Proc: 0.4 ms]
      [Ref Enq: 0.0 ms]
      [Redirty Cards: 0.5 ms]
      [Humongous Register: 0.1 ms]
      [Humongous Reclaim: 0.0 ms]
      [Free CSet: 1.3 ms]
   [Eden: 4624.0M(4624.0M)->0.0B(4520.0M) Survivors: 288.0M->392.0M Heap: 6158.3M(8192.0M)->1642.0M(8192.0M)]
 [Times: user=1.81 sys=0.00, real=0.06 secs] 
2018-10-15T09:28:38.489+0200: 195.075: Total time for which application threads were stopped: 0.0651176 seconds, Stopping threads took: 0.0005861 seconds
2018-10-15T09:28:38.954+0200: 195.541: Application time: 0.4657298 seconds
2018-10-15T09:28:38.956+0200: 195.542: [GC pause (G1 Evacuation Pause) (young)
Desired survivor size 322961408 bytes, new threshold 3 (max 15)
- age   1:  114261672 bytes,  114261672 total
- age   2:  117948400 bytes,  232210072 total
- age   3:  123257824 bytes,  355467896 total
- age   4:   12110648 bytes,  367578544 total
- age   5:    2286832 bytes,  369865376 total
, 0.0665915 secs]
   [Parallel Time: 62.6 ms, GC Workers: 30]
      [GC Worker Start (ms): Min: 195541.8, Avg: 195542.3, Max: 195543.0, Diff: 1.2]
      [Ext Root Scanning (ms): Min: 0.0, Avg: 0.4, Max: 1.8, Diff: 1.8, Sum: 12.1]
      [Update RS (ms): Min: 11.0, Avg: 12.0, Max: 12.4, Diff: 1.5, Sum: 360.2]
         [Processed Buffers: Min: 12, Avg: 14.5, Max: 19, Diff: 7, Sum: 435]
      [Scan RS (ms): Min: 0.0, Avg: 0.2, Max: 0.4, Diff: 0.3, Sum: 7.2]
      [Code Root Scanning (ms): Min: 0.0, Avg: 0.0, Max: 0.0, Diff: 0.0, Sum: 0.1]
      [Object Copy (ms): Min: 48.9, Avg: 49.0, Max: 49.2, Diff: 0.3, Sum: 1471.5]
      [Termination (ms): Min: 0.0, Avg: 0.0, Max: 0.0, Diff: 0.0, Sum: 0.3]
         [Termination Attempts: Min: 1, Avg: 1.6, Max: 3, Diff: 2, Sum: 49]
      [GC Worker Other (ms): Min: 0.0, Avg: 0.2, Max: 0.3, Diff: 0.3, Sum: 4.9]
      [GC Worker Total (ms): Min: 61.2, Avg: 61.9, Max: 62.5, Diff: 1.3, Sum: 1856.2]
      [GC Worker End (ms): Min: 195604.1, Avg: 195604.2, Max: 195604.3, Diff: 0.3]
   [Code Root Fixup: 0.0 ms]
   [Code Root Purge: 0.0 ms]
   [Clear CT: 1.0 ms]
   [Other: 3.0 ms]
      [Choose CSet: 0.0 ms]
      [Ref Proc: 0.4 ms]
      [Ref Enq: 0.0 ms]
      [Redirty Cards: 0.8 ms]
      [Humongous Register: 0.1 ms]
      [Humongous Reclaim: 0.0 ms]
      [Free CSet: 1.3 ms]
   [Eden: 4520.0M(4520.0M)->0.0B(4556.0M) Survivors: 392.0M->356.0M Heap: 6162.0M(8192.0M)->1738.5M(8192.0M)]
 [Times: user=1.89 sys=0.01, real=0.06 secs] 
2018-10-15T09:28:39.022+0200: 195.608: Total time for which application threads were stopped: 0.0678389 seconds, Stopping threads took: 0.0005421 seconds
2018-10-15T09:28:39.516+0200: 196.102: Application time: 0.4937032 seconds
2018-10-15T09:28:39.517+0200: 196.103: [GC pause (G1 Evacuation Pause) (young)
Desired survivor size 322961408 bytes, new threshold 3 (max 15)
- age   1:  113757440 bytes,  113757440 total
- age   2:  106166760 bytes,  219924200 total
- age   3:  116804640 bytes,  336728840 total
, 0.0714889 secs]
   [Parallel Time: 67.2 ms, GC Workers: 30]
      [GC Worker Start (ms): Min: 196103.5, Avg: 196104.2, Max: 196105.0, Diff: 1.5]
      [Ext Root Scanning (ms): Min: 0.0, Avg: 0.3, Max: 1.8, Diff: 1.8, Sum: 10.3]
      [Update RS (ms): Min: 16.0, Avg: 16.6, Max: 17.0, Diff: 1.0, Sum: 496.9]
         [Processed Buffers: Min: 14, Avg: 18.8, Max: 25, Diff: 11, Sum: 565]
      [Scan RS (ms): Min: 3.0, Avg: 3.3, Max: 3.4, Diff: 0.4, Sum: 98.2]
      [Code Root Scanning (ms): Min: 0.0, Avg: 0.0, Max: 0.0, Diff: 0.0, Sum: 0.1]
      [Object Copy (ms): Min: 45.7, Avg: 45.8, Max: 45.9, Diff: 0.2, Sum: 1372.9]
      [Termination (ms): Min: 0.0, Avg: 0.1, Max: 0.1, Diff: 0.1, Sum: 2.5]
         [Termination Attempts: Min: 1, Avg: 25.6, Max: 32, Diff: 31, Sum: 767]
      [GC Worker Other (ms): Min: 0.0, Avg: 0.2, Max: 0.3, Diff: 0.3, Sum: 4.6]
      [GC Worker Total (ms): Min: 65.3, Avg: 66.2, Max: 66.9, Diff: 1.6, Sum: 1985.5]
      [GC Worker End (ms): Min: 196170.2, Avg: 196170.4, Max: 196170.5, Diff: 0.3]
   [Code Root Fixup: 0.0 ms]
   [Code Root Purge: 0.0 ms]
   [Clear CT: 1.0 ms]
   [Other: 3.2 ms]
      [Choose CSet: 0.0 ms]
      [Ref Proc: 0.5 ms]
      [Ref Enq: 0.0 ms]
      [Redirty Cards: 0.8 ms]
      [Humongous Register: 0.1 ms]
      [Humongous Reclaim: 0.0 ms]
      [Free CSet: 1.4 ms]
   [Eden: 4556.0M(4556.0M)->0.0B(4580.0M) Survivors: 356.0M->332.0M Heap: 6294.5M(8192.0M)->1864.0M(8192.0M)]
 [Times: user=2.02 sys=0.00, real=0.07 secs] 
2018-10-15T09:28:39.589+0200: 196.175: Total time for which application threads were stopped: 0.0727671 seconds, Stopping threads took: 0.0005761 seconds
2018-10-15T09:28:40.072+0200: 196.659: Application time: 0.4836540 seconds
2018-10-15T09:28:40.074+0200: 196.660: [GC pause (G1 Evacuation Pause) (young)
Desired survivor size 322961408 bytes, new threshold 15 (max 15)
- age   1:  109436248 bytes,  109436248 total
- age   2:  105083936 bytes,  214520184 total
- age   3:  104813248 bytes,  319333432 total
, 0.0701484 secs]
   [Parallel Time: 65.5 ms, GC Workers: 30]
      [GC Worker Start (ms): Min: 196659.9, Avg: 196660.7, Max: 196661.4, Diff: 1.5]
      [Ext Root Scanning (ms): Min: 0.0, Avg: 0.3, Max: 2.0, Diff: 2.0, Sum: 10.2]
      [Update RS (ms): Min: 17.9, Avg: 18.4, Max: 18.9, Diff: 1.0, Sum: 553.5]
         [Processed Buffers: Min: 16, Avg: 20.7, Max: 28, Diff: 12, Sum: 620]
      [Scan RS (ms): Min: 0.6, Avg: 0.9, Max: 1.0, Diff: 0.4, Sum: 27.0]
      [Code Root Scanning (ms): Min: 0.0, Avg: 0.0, Max: 0.0, Diff: 0.0, Sum: 0.0]
      [Object Copy (ms): Min: 44.4, Avg: 44.5, Max: 44.6, Diff: 0.2, Sum: 1335.7]
      [Termination (ms): Min: 0.0, Avg: 0.1, Max: 0.3, Diff: 0.2, Sum: 4.4]
         [Termination Attempts: Min: 6, Avg: 22.0, Max: 29, Diff: 23, Sum: 659]
      [GC Worker Other (ms): Min: 0.0, Avg: 0.1, Max: 0.2, Diff: 0.2, Sum: 3.0]
      [GC Worker Total (ms): Min: 63.8, Avg: 64.5, Max: 65.3, Diff: 1.4, Sum: 1933.8]
      [GC Worker End (ms): Min: 196725.1, Avg: 196725.2, Max: 196725.3, Diff: 0.2]
   [Code Root Fixup: 0.0 ms]
   [Code Root Purge: 0.0 ms]
   [Clear CT: 1.0 ms]
   [Other: 3.6 ms]
      [Choose CSet: 0.0 ms]
      [Ref Proc: 0.5 ms]
      [Ref Enq: 0.0 ms]
      [Redirty Cards: 0.4 ms]
      [Humongous Register: 0.1 ms]
      [Humongous Reclaim: 0.1 ms]
      [Free CSet: 2.0 ms]
   [Eden: 4580.0M(4580.0M)->0.0B(4468.0M) Survivors: 332.0M->444.0M Heap: 6444.0M(8192.0M)->1976.0M(8192.0M)]
 [Times: user=1.95 sys=0.00, real=0.07 secs] 
2018-10-15T09:28:40.144+0200: 196.730: Total time for which application threads were stopped: 0.0715230 seconds, Stopping threads took: 0.0005590 seconds
2018-10-15T09:28:40.600+0200: 197.186: Application time: 0.4557120 seconds
2018-10-15T09:28:40.601+0200: 197.187: [GC pause (G1 Evacuation Pause) (young)
Desired survivor size 322961408 bytes, new threshold 3 (max 15)
- age   1:  128331960 bytes,  128331960 total
- age   2:  101058776 bytes,  229390736 total
- age   3:  104103640 bytes,  333494376 total
- age   4:  104668688 bytes,  438163064 total
, 0.0716014 secs]
   [Parallel Time: 67.5 ms, GC Workers: 30]
      [GC Worker Start (ms): Min: 197187.1, Avg: 197187.8, Max: 197188.5, Diff: 1.4]
      [Ext Root Scanning (ms): Min: 0.0, Avg: 0.4, Max: 1.8, Diff: 1.8, Sum: 10.7]
      [Update RS (ms): Min: 9.7, Avg: 10.3, Max: 10.8, Diff: 1.1, Sum: 308.6]
         [Processed Buffers: Min: 9, Avg: 12.4, Max: 18, Diff: 9, Sum: 371]
      [Scan RS (ms): Min: 0.0, Avg: 0.3, Max: 0.4, Diff: 0.3, Sum: 7.6]
      [Code Root Scanning (ms): Min: 0.0, Avg: 0.0, Max: 0.0, Diff: 0.0, Sum: 0.1]
      [Object Copy (ms): Min: 55.3, Avg: 55.4, Max: 55.6, Diff: 0.3, Sum: 1663.3]
      [Termination (ms): Min: 0.0, Avg: 0.0, Max: 0.0, Diff: 0.0, Sum: 0.2]
         [Termination Attempts: Min: 1, Avg: 1.2, Max: 2, Diff: 1, Sum: 35]
      [GC Worker Other (ms): Min: 0.0, Avg: 0.2, Max: 0.3, Diff: 0.3, Sum: 4.7]
      [GC Worker Total (ms): Min: 65.7, Avg: 66.5, Max: 67.3, Diff: 1.6, Sum: 1995.3]
      [GC Worker End (ms): Min: 197254.2, Avg: 197254.3, Max: 197254.5, Diff: 0.3]
   [Code Root Fixup: 0.0 ms]
   [Code Root Purge: 0.0 ms]
   [Clear CT: 0.8 ms]
   [Other: 3.3 ms]
      [Choose CSet: 0.0 ms]
      [Ref Proc: 0.4 ms]
      [Ref Enq: 0.0 ms]
      [Redirty Cards: 1.0 ms]
      [Humongous Register: 0.1 ms]
      [Humongous Reclaim: 0.0 ms]
      [Free CSet: 1.3 ms]
   [Eden: 4468.0M(4468.0M)->0.0B(4552.0M) Survivors: 444.0M->360.0M Heap: 6444.0M(8192.0M)->2130.7M(8192.0M)]
 [Times: user=2.04 sys=0.00, real=0.08 secs] 
2018-10-15T09:28:40.673+0200: 197.259: Total time for which application threads were stopped: 0.0729082 seconds, Stopping threads took: 0.0005827 seconds
2018-10-15T09:28:41.157+0200: 197.743: Application time: 0.4839266 seconds
2018-10-15T09:28:41.161+0200: 197.747: [GC pause (G1 Evacuation Pause) (young)
Desired survivor size 322961408 bytes, new threshold 3 (max 15)
- age   1:  124068832 bytes,  124068832 total
- age   2:  118872784 bytes,  242941616 total
- age   3:   99767336 bytes,  342708952 total
, 0.0759493 secs]
   [Parallel Time: 72.1 ms, GC Workers: 30]
      [GC Worker Start (ms): Min: 197747.4, Avg: 197748.1, Max: 197748.9, Diff: 1.4]
      [Ext Root Scanning (ms): Min: 0.0, Avg: 0.3, Max: 1.7, Diff: 1.7, Sum: 9.8]
      [Update RS (ms): Min: 19.1, Avg: 19.7, Max: 20.0, Diff: 0.9, Sum: 590.8]
         [Processed Buffers: Min: 19, Avg: 22.5, Max: 31, Diff: 12, Sum: 675]
      [Scan RS (ms): Min: 1.1, Avg: 1.4, Max: 1.5, Diff: 0.4, Sum: 41.1]
      [Code Root Scanning (ms): Min: 0.0, Avg: 0.0, Max: 0.0, Diff: 0.0, Sum: 0.0]
      [Object Copy (ms): Min: 49.3, Avg: 49.4, Max: 49.5, Diff: 0.2, Sum: 1481.3]
      [Termination (ms): Min: 0.0, Avg: 0.2, Max: 0.3, Diff: 0.2, Sum: 5.2]
         [Termination Attempts: Min: 5, Avg: 48.5, Max: 56, Diff: 51, Sum: 1455]
      [GC Worker Other (ms): Min: 0.0, Avg: 0.1, Max: 0.3, Diff: 0.3, Sum: 4.1]
      [GC Worker Total (ms): Min: 70.4, Avg: 71.1, Max: 71.9, Diff: 1.5, Sum: 2132.4]
      [GC Worker End (ms): Min: 197819.1, Avg: 197819.2, Max: 197819.3, Diff: 0.3]
   [Code Root Fixup: 0.0 ms]
   [Code Root Purge: 0.0 ms]
   [Clear CT: 0.9 ms]
   [Other: 2.9 ms]
      [Choose CSet: 0.0 ms]
      [Ref Proc: 0.4 ms]
      [Ref Enq: 0.0 ms]
      [Redirty Cards: 0.6 ms]
      [Humongous Register: 0.1 ms]
      [Humongous Reclaim: 0.0 ms]
      [Free CSet: 1.4 ms]
   [Eden: 4552.0M(4552.0M)->0.0B(4528.0M) Survivors: 360.0M->384.0M Heap: 6682.7M(8192.0M)->2278.0M(8192.0M)]
 [Times: user=2.15 sys=0.00, real=0.08 secs] 
2018-10-15T09:28:41.237+0200: 197.823: Total time for which application threads were stopped: 0.0806111 seconds, Stopping threads took: 0.0039808 seconds
2018-10-15T09:28:41.710+0200: 198.296: Application time: 0.4730195 seconds
2018-10-15T09:28:41.711+0200: 198.297: [GC pause (G1 Evacuation Pause) (young)
Desired survivor size 322961408 bytes, new threshold 3 (max 15)
- age   1:  131111480 bytes,  131111480 total
- age   2:  115683712 bytes,  246795192 total
- age   3:  117769736 bytes,  364564928 total
, 0.0757010 secs]
   [Parallel Time: 71.5 ms, GC Workers: 30]
      [GC Worker Start (ms): Min: 198297.7, Avg: 198298.6, Max: 198299.3, Diff: 1.6]
      [Ext Root Scanning (ms): Min: 0.0, Avg: 0.4, Max: 1.8, Diff: 1.8, Sum: 10.5]
      [Update RS (ms): Min: 20.9, Avg: 21.6, Max: 22.0, Diff: 1.2, Sum: 648.9]
         [Processed Buffers: Min: 20, Avg: 24.6, Max: 30, Diff: 10, Sum: 737]
      [Scan RS (ms): Min: 0.7, Avg: 1.0, Max: 1.2, Diff: 0.4, Sum: 30.1]
      [Code Root Scanning (ms): Min: 0.0, Avg: 0.0, Max: 0.0, Diff: 0.0, Sum: 0.0]
      [Object Copy (ms): Min: 47.1, Avg: 47.2, Max: 47.3, Diff: 0.2, Sum: 1415.0]
      [Termination (ms): Min: 0.0, Avg: 0.1, Max: 0.1, Diff: 0.1, Sum: 2.1]
         [Termination Attempts: Min: 1, Avg: 4.5, Max: 10, Diff: 9, Sum: 136]
      [GC Worker Other (ms): Min: 0.0, Avg: 0.1, Max: 0.2, Diff: 0.2, Sum: 3.4]
      [GC Worker Total (ms): Min: 69.6, Avg: 70.3, Max: 71.2, Diff: 1.6, Sum: 2110.1]
      [GC Worker End (ms): Min: 198368.8, Avg: 198368.9, Max: 198369.0, Diff: 0.2]
   [Code Root Fixup: 0.0 ms]
   [Code Root Purge: 0.0 ms]
   [Clear CT: 1.0 ms]
   [Other: 3.2 ms]
      [Choose CSet: 0.0 ms]
      [Ref Proc: 0.5 ms]
      [Ref Enq: 0.0 ms]
      [Redirty Cards: 0.9 ms]
      [Humongous Register: 0.1 ms]
      [Humongous Reclaim: 0.0 ms]
      [Free CSet: 1.3 ms]
   [Eden: 4528.0M(4528.0M)->0.0B(4540.0M) Survivors: 384.0M->372.0M Heap: 6806.0M(8192.0M)->2410.0M(8192.0M)]
 [Times: user=2.15 sys=0.00, real=0.08 secs] 
2018-10-15T09:28:41.787+0200: 198.373: Total time for which application threads were stopped: 0.0769781 seconds, Stopping threads took: 0.0005784 seconds
2018-10-15T09:28:42.253+0200: 198.839: Application time: 0.4660627 seconds
2018-10-15T09:28:42.254+0200: 198.840: [GC pause (G1 Evacuation Pause) (young)
Desired survivor size 322961408 bytes, new threshold 3 (max 15)
- age   1:  118446256 bytes,  118446256 total
- age   2:  123434968 bytes,  241881224 total
- age   3:  114668056 bytes,  356549280 total
, 0.0716404 secs]
   [Parallel Time: 67.6 ms, GC Workers: 30]
      [GC Worker Start (ms): Min: 198840.7, Avg: 198841.4, Max: 198842.1, Diff: 1.4]
      [Ext Root Scanning (ms): Min: 0.0, Avg: 0.3, Max: 1.8, Diff: 1.8, Sum: 10.1]
      [Update RS (ms): Min: 18.8, Avg: 19.5, Max: 19.9, Diff: 1.1, Sum: 585.9]
         [Processed Buffers: Min: 17, Avg: 22.3, Max: 30, Diff: 13, Sum: 669]
      [Scan RS (ms): Min: 1.8, Avg: 2.0, Max: 2.2, Diff: 0.3, Sum: 60.9]
      [Code Root Scanning (ms): Min: 0.0, Avg: 0.0, Max: 0.0, Diff: 0.0, Sum: 0.0]
      [Object Copy (ms): Min: 44.3, Avg: 44.5, Max: 44.6, Diff: 0.2, Sum: 1333.7]
      [Termination (ms): Min: 0.0, Avg: 0.1, Max: 0.1, Diff: 0.1, Sum: 2.3]
         [Termination Attempts: Min: 2, Avg: 5.1, Max: 9, Diff: 7, Sum: 153]
      [GC Worker Other (ms): Min: 0.0, Avg: 0.1, Max: 0.2, Diff: 0.2, Sum: 3.5]
      [GC Worker Total (ms): Min: 65.8, Avg: 66.5, Max: 67.4, Diff: 1.6, Sum: 1996.5]
      [GC Worker End (ms): Min: 198907.8, Avg: 198907.9, Max: 198908.1, Diff: 0.2]
   [Code Root Fixup: 0.0 ms]
   [Code Root Purge: 0.0 ms]
   [Clear CT: 0.8 ms]
   [Other: 3.2 ms]
      [Choose CSet: 0.0 ms]
      [Ref Proc: 0.4 ms]
      [Ref Enq: 0.0 ms]
      [Redirty Cards: 0.9 ms]
      [Humongous Register: 0.1 ms]
      [Humongous Reclaim: 0.0 ms]
      [Free CSet: 1.4 ms]
   [Eden: 4540.0M(4540.0M)->0.0B(4428.0M) Survivors: 372.0M->364.0M Heap: 6950.0M(8192.0M)->2550.0M(8192.0M)]
 [Times: user=2.02 sys=0.01, real=0.07 secs] 
2018-10-15T09:28:42.326+0200: 198.912: Total time for which application threads were stopped: 0.0729349 seconds, Stopping threads took: 0.0005609 seconds
2018-10-15T09:28:42.794+0200: 199.380: Application time: 0.4677434 seconds
2018-10-15T09:28:42.795+0200: 199.381: [GC pause (G1 Evacuation Pause) (young)
Desired survivor size 314572800 bytes, new threshold 3 (max 15)
- age   1:  108577112 bytes,  108577112 total
- age   2:  111609456 bytes,  220186568 total
- age   3:  122657928 bytes,  342844496 total
, 0.0856071 secs]
   [Parallel Time: 81.4 ms, GC Workers: 30]
      [GC Worker Start (ms): Min: 199381.4, Avg: 199382.0, Max: 199382.7, Diff: 1.3]
      [Ext Root Scanning (ms): Min: 0.0, Avg: 0.4, Max: 1.9, Diff: 1.9, Sum: 11.0]
      [Update RS (ms): Min: 21.2, Avg: 22.3, Max: 22.8, Diff: 1.6, Sum: 668.2]
         [Processed Buffers: Min: 20, Avg: 24.4, Max: 33, Diff: 13, Sum: 731]
      [Scan RS (ms): Min: 2.0, Avg: 2.4, Max: 2.5, Diff: 0.6, Sum: 70.7]
      [Code Root Scanning (ms): Min: 0.0, Avg: 0.0, Max: 0.0, Diff: 0.0, Sum: 0.0]
      [Object Copy (ms): Min: 54.7, Avg: 54.9, Max: 55.4, Diff: 0.6, Sum: 1646.4]
      [Termination (ms): Min: 0.0, Avg: 0.4, Max: 0.4, Diff: 0.4, Sum: 11.8]
         [Termination Attempts: Min: 1, Avg: 250.4, Max: 276, Diff: 275, Sum: 7511]
      [GC Worker Other (ms): Min: 0.0, Avg: 0.1, Max: 0.3, Diff: 0.3, Sum: 4.2]
      [GC Worker Total (ms): Min: 79.7, Avg: 80.4, Max: 81.1, Diff: 1.4, Sum: 2412.4]
      [GC Worker End (ms): Min: 199462.3, Avg: 199462.4, Max: 199462.6, Diff: 0.3]
   [Code Root Fixup: 0.0 ms]
   [Code Root Purge: 0.0 ms]
   [Clear CT: 1.0 ms]
   [Other: 3.3 ms]
      [Choose CSet: 0.0 ms]
      [Ref Proc: 0.4 ms]
      [Ref Enq: 0.0 ms]
      [Redirty Cards: 1.0 ms]
      [Humongous Register: 0.1 ms]
      [Humongous Reclaim: 0.0 ms]
      [Free CSet: 1.4 ms]
   [Eden: 4428.0M(4428.0M)->0.0B(4316.0M) Survivors: 364.0M->348.0M Heap: 6978.0M(8192.0M)->2676.5M(8192.0M)]
 [Times: user=2.45 sys=0.00, real=0.08 secs] 
2018-10-15T09:28:42.881+0200: 199.467: Total time for which application threads were stopped: 0.0868346 seconds, Stopping threads took: 0.0005643 seconds
2018-10-15T09:28:43.336+0200: 199.922: Application time: 0.4551329 seconds
2018-10-15T09:28:43.337+0200: 199.923: [GC pause (G1 Evacuation Pause) (young)
Desired survivor size 306184192 bytes, new threshold 3 (max 15)
- age   1:  109130728 bytes,  109130728 total
- age   2:  101961536 bytes,  211092264 total
- age   3:  111024160 bytes,  322116424 total
, 0.0703821 secs]
   [Parallel Time: 66.5 ms, GC Workers: 30]
      [GC Worker Start (ms): Min: 199923.3, Avg: 199923.7, Max: 199924.4, Diff: 1.1]
      [Ext Root Scanning (ms): Min: 0.0, Avg: 0.4, Max: 1.8, Diff: 1.8, Sum: 13.0]
      [Update RS (ms): Min: 18.8, Avg: 19.8, Max: 20.3, Diff: 1.4, Sum: 594.8]
         [Processed Buffers: Min: 18, Avg: 21.9, Max: 31, Diff: 13, Sum: 658]
      [Scan RS (ms): Min: 1.8, Avg: 2.3, Max: 2.5, Diff: 0.6, Sum: 67.6]
      [Code Root Scanning (ms): Min: 0.0, Avg: 0.0, Max: 0.0, Diff: 0.0, Sum: 0.0]
      [Object Copy (ms): Min: 42.8, Avg: 43.0, Max: 43.2, Diff: 0.3, Sum: 1290.2]
      [Termination (ms): Min: 0.0, Avg: 0.1, Max: 0.1, Diff: 0.1, Sum: 2.4]
         [Termination Attempts: Min: 2, Avg: 5.2, Max: 9, Diff: 7, Sum: 157]
      [GC Worker Other (ms): Min: 0.0, Avg: 0.1, Max: 0.3, Diff: 0.3, Sum: 3.9]
      [GC Worker Total (ms): Min: 65.0, Avg: 65.7, Max: 66.2, Diff: 1.1, Sum: 1972.0]
      [GC Worker End (ms): Min: 199989.4, Avg: 199989.5, Max: 199989.6, Diff: 0.2]
   [Code Root Fixup: 0.0 ms]
   [Code Root Purge: 0.0 ms]
   [Clear CT: 0.8 ms]
   [Other: 3.1 ms]
      [Choose CSet: 0.0 ms]
      [Ref Proc: 0.5 ms]
      [Ref Enq: 0.0 ms]
      [Redirty Cards: 0.7 ms]
      [Humongous Register: 0.1 ms]
      [Humongous Reclaim: 0.0 ms]
      [Free CSet: 1.3 ms]
   [Eden: 4316.0M(4316.0M)->0.0B(4212.0M) Survivors: 348.0M->332.0M Heap: 6992.5M(8192.0M)->2800.0M(8192.0M)]
 [Times: user=2.00 sys=0.01, real=0.07 secs] 
2018-10-15T09:28:43.408+0200: 199.994: Total time for which application threads were stopped: 0.0717018 seconds, Stopping threads took: 0.0005777 seconds
2018-10-15T09:28:43.839+0200: 200.425: Application time: 0.4310921 seconds
2018-10-15T09:28:43.840+0200: 200.426: [GC pause (G1 Evacuation Pause) (young)
Desired survivor size 297795584 bytes, new threshold 3 (max 15)
- age   1:  110799528 bytes,  110799528 total
- age   2:  102864320 bytes,  213663848 total
- age   3:  100667368 bytes,  314331216 total
, 0.0704365 secs]
   [Parallel Time: 65.7 ms, GC Workers: 30]
      [GC Worker Start (ms): Min: 200426.2, Avg: 200426.4, Max: 200427.0, Diff: 0.8]
      [Ext Root Scanning (ms): Min: 0.0, Avg: 0.5, Max: 1.8, Diff: 1.8, Sum: 14.9]
      [Update RS (ms): Min: 19.8, Avg: 20.8, Max: 21.1, Diff: 1.2, Sum: 625.2]
         [Processed Buffers: Min: 20, Avg: 24.1, Max: 34, Diff: 14, Sum: 723]
      [Scan RS (ms): Min: 2.0, Avg: 2.2, Max: 2.3, Diff: 0.3, Sum: 66.1]
      [Code Root Scanning (ms): Min: 0.0, Avg: 0.0, Max: 0.0, Diff: 0.0, Sum: 0.0]
      [Object Copy (ms): Min: 41.4, Avg: 41.5, Max: 41.6, Diff: 0.2, Sum: 1245.5]
      [Termination (ms): Min: 0.0, Avg: 0.0, Max: 0.0, Diff: 0.0, Sum: 0.4]
         [Termination Attempts: Min: 1, Avg: 3.0, Max: 7, Diff: 6, Sum: 89]
      [GC Worker Other (ms): Min: 0.0, Avg: 0.1, Max: 0.3, Diff: 0.2, Sum: 4.2]
      [GC Worker Total (ms): Min: 64.7, Avg: 65.2, Max: 65.6, Diff: 0.9, Sum: 1956.5]
      [GC Worker End (ms): Min: 200491.5, Avg: 200491.7, Max: 200491.8, Diff: 0.2]
   [Code Root Fixup: 0.0 ms]
   [Code Root Purge: 0.0 ms]
   [Clear CT: 0.9 ms]
   [Other: 3.8 ms]
      [Choose CSet: 0.0 ms]
      [Ref Proc: 0.4 ms]
      [Ref Enq: 0.0 ms]
      [Redirty Cards: 0.7 ms]
      [Humongous Register: 0.1 ms]
      [Humongous Reclaim: 0.1 ms]
      [Free CSet: 2.0 ms]
   [Eden: 4212.0M(4212.0M)->0.0B(4104.0M) Survivors: 332.0M->324.0M Heap: 7012.0M(8192.0M)->2912.0M(8192.0M)]
 [Times: user=2.00 sys=0.00, real=0.07 secs] 
2018-10-15T09:28:43.911+0200: 200.497: Total time for which application threads were stopped: 0.0718475 seconds, Stopping threads took: 0.0005934 seconds
2018-10-15T09:28:44.329+0200: 200.915: Application time: 0.4180565 seconds
2018-10-15T09:28:44.330+0200: 200.916: [GC pause (G1 Evacuation Pause) (young)
Desired survivor size 291504128 bytes, new threshold 3 (max 15)
- age   1:  107954728 bytes,  107954728 total
- age   2:  101250704 bytes,  209205432 total
- age   3:   97873320 bytes,  307078752 total
, 0.0700389 secs]
   [Parallel Time: 66.2 ms, GC Workers: 30]
      [GC Worker Start (ms): Min: 200916.0, Avg: 200916.4, Max: 200917.0, Diff: 1.0]
      [Ext Root Scanning (ms): Min: 0.0, Avg: 0.4, Max: 1.8, Diff: 1.8, Sum: 12.0]
      [Update RS (ms): Min: 17.8, Avg: 18.9, Max: 19.3, Diff: 1.6, Sum: 567.3]
         [Processed Buffers: Min: 17, Avg: 21.8, Max: 29, Diff: 12, Sum: 654]
      [Scan RS (ms): Min: 1.0, Avg: 1.4, Max: 1.6, Diff: 0.6, Sum: 42.9]
      [Code Root Scanning (ms): Min: 0.0, Avg: 0.0, Max: 0.0, Diff: 0.0, Sum: 0.0]
      [Object Copy (ms): Min: 44.5, Avg: 44.6, Max: 44.7, Diff: 0.2, Sum: 1337.8]
      [Termination (ms): Min: 0.0, Avg: 0.0, Max: 0.0, Diff: 0.0, Sum: 0.6]
         [Termination Attempts: Min: 1, Avg: 6.5, Max: 11, Diff: 10, Sum: 196]
      [GC Worker Other (ms): Min: 0.0, Avg: 0.1, Max: 0.3, Diff: 0.2, Sum: 3.9]
      [GC Worker Total (ms): Min: 64.9, Avg: 65.5, Max: 66.0, Diff: 1.1, Sum: 1964.6]
      [GC Worker End (ms): Min: 200981.8, Avg: 200981.9, Max: 200982.0, Diff: 0.2]
   [Code Root Fixup: 0.0 ms]
   [Code Root Purge: 0.0 ms]
   [Clear CT: 0.8 ms]
   [Other: 3.0 ms]
      [Choose CSet: 0.0 ms]
      [Ref Proc: 0.5 ms]
      [Ref Enq: 0.0 ms]
      [Redirty Cards: 0.8 ms]
      [Humongous Register: 0.1 ms]
      [Humongous Reclaim: 0.0 ms]
      [Free CSet: 1.2 ms]
   [Eden: 4104.0M(4104.0M)->0.0B(3964.0M) Survivors: 324.0M->332.0M Heap: 7016.0M(8192.0M)->3046.3M(8192.0M)]
 [Times: user=1.99 sys=0.00, real=0.07 secs] 
2018-10-15T09:28:44.400+0200: 200.986: Total time for which application threads were stopped: 0.0713118 seconds, Stopping threads took: 0.0005779 seconds
2018-10-15T09:28:44.807+0200: 201.393: Application time: 0.4071744 seconds
2018-10-15T09:28:44.808+0200: 201.394: [GC pause (G1 Evacuation Pause) (young)
Desired survivor size 283115520 bytes, new threshold 3 (max 15)
- age   1:  111693560 bytes,  111693560 total
- age   2:  100791512 bytes,  212485072 total
- age   3:  100976336 bytes,  313461408 total
, 0.0706083 secs]
   [Parallel Time: 66.7 ms, GC Workers: 30]
      [GC Worker Start (ms): Min: 201394.5, Avg: 201394.9, Max: 201395.5, Diff: 1.0]
      [Ext Root Scanning (ms): Min: 0.0, Avg: 0.4, Max: 1.8, Diff: 1.8, Sum: 12.4]
      [Update RS (ms): Min: 19.8, Avg: 20.6, Max: 21.0, Diff: 1.1, Sum: 617.5]
         [Processed Buffers: Min: 19, Avg: 23.9, Max: 31, Diff: 12, Sum: 718]
      [Scan RS (ms): Min: 1.3, Avg: 1.6, Max: 1.8, Diff: 0.5, Sum: 48.0]
      [Code Root Scanning (ms): Min: 0.0, Avg: 0.0, Max: 0.0, Diff: 0.0, Sum: 0.0]
      [Object Copy (ms): Min: 43.2, Avg: 43.3, Max: 43.3, Diff: 0.2, Sum: 1297.7]
      [Termination (ms): Min: 0.0, Avg: 0.0, Max: 0.0, Diff: 0.0, Sum: 0.3]
         [Termination Attempts: Min: 1, Avg: 1.4, Max: 2, Diff: 1, Sum: 43]
      [GC Worker Other (ms): Min: 0.0, Avg: 0.1, Max: 0.3, Diff: 0.2, Sum: 4.1]
      [GC Worker Total (ms): Min: 65.3, Avg: 66.0, Max: 66.5, Diff: 1.2, Sum: 1980.1]
      [GC Worker End (ms): Min: 201460.8, Avg: 201460.9, Max: 201461.0, Diff: 0.2]
   [Code Root Fixup: 0.0 ms]
   [Code Root Purge: 0.0 ms]
   [Clear CT: 0.9 ms]
   [Other: 3.0 ms]
      [Choose CSet: 0.0 ms]
      [Ref Proc: 0.4 ms]
      [Ref Enq: 0.0 ms]
      [Redirty Cards: 0.8 ms]
      [Humongous Register: 0.1 ms]
      [Humongous Reclaim: 0.0 ms]
      [Free CSet: 1.2 ms]
   [Eden: 3964.0M(3964.0M)->0.0B(3844.0M) Survivors: 332.0M->328.0M Heap: 7010.3M(8192.0M)->3168.0M(8192.0M)]
 [Times: user=2.00 sys=0.01, real=0.07 secs] 
2018-10-15T09:28:44.879+0200: 201.465: Total time for which application threads were stopped: 0.0718724 seconds, Stopping threads took: 0.0005696 seconds
2018-10-15T09:28:45.272+0200: 201.858: Application time: 0.3931316 seconds
2018-10-15T09:28:45.273+0200: 201.859: [GC pause (G1 Evacuation Pause) (young)
Desired survivor size 274726912 bytes, new threshold 3 (max 15)
- age   1:  107884632 bytes,  107884632 total
- age   2:  104300416 bytes,  212185048 total
- age   3:   98949752 bytes,  311134800 total
, 0.0722432 secs]
   [Parallel Time: 68.2 ms, GC Workers: 30]
      [GC Worker Start (ms): Min: 201859.5, Avg: 201860.0, Max: 201860.6, Diff: 1.1]
      [Ext Root Scanning (ms): Min: 0.0, Avg: 0.4, Max: 1.9, Diff: 1.9, Sum: 12.4]
      [Update RS (ms): Min: 16.9, Avg: 18.0, Max: 18.6, Diff: 1.7, Sum: 541.1]
         [Processed Buffers: Min: 18, Avg: 21.5, Max: 28, Diff: 10, Sum: 644]
      [Scan RS (ms): Min: 1.5, Avg: 1.9, Max: 2.1, Diff: 0.6, Sum: 57.5]
      [Code Root Scanning (ms): Min: 0.0, Avg: 0.0, Max: 0.0, Diff: 0.0, Sum: 0.1]
      [Object Copy (ms): Min: 46.6, Avg: 46.7, Max: 46.9, Diff: 0.4, Sum: 1401.5]
      [Termination (ms): Min: 0.0, Avg: 0.2, Max: 0.2, Diff: 0.2, Sum: 5.4]
         [Termination Attempts: Min: 1, Avg: 108.9, Max: 128, Diff: 127, Sum: 3268]
      [GC Worker Other (ms): Min: 0.0, Avg: 0.1, Max: 0.3, Diff: 0.2, Sum: 4.0]
      [GC Worker Total (ms): Min: 66.8, Avg: 67.4, Max: 67.9, Diff: 1.1, Sum: 2022.0]
      [GC Worker End (ms): Min: 201927.2, Avg: 201927.4, Max: 201927.5, Diff: 0.2]
   [Code Root Fixup: 0.0 ms]
   [Code Root Purge: 0.0 ms]
   [Clear CT: 0.9 ms]
   [Other: 3.2 ms]
      [Choose CSet: 0.0 ms]
      [Ref Proc: 0.4 ms]
      [Ref Enq: 0.0 ms]
      [Redirty Cards: 0.9 ms]
      [Humongous Register: 0.1 ms]
      [Humongous Reclaim: 0.1 ms]
      [Free CSet: 1.3 ms]
   [Eden: 3844.0M(3844.0M)->0.0B(3724.0M) Survivors: 328.0M->324.0M Heap: 7012.0M(8192.0M)->3294.0M(8192.0M)]
 [Times: user=2.05 sys=0.00, real=0.07 secs] 
2018-10-15T09:28:45.346+0200: 201.932: Total time for which application threads were stopped: 0.0734890 seconds, Stopping threads took: 0.0005387 seconds
2018-10-15T09:28:45.728+0200: 202.314: Application time: 0.3823169 seconds
2018-10-15T09:28:45.729+0200: 202.315: [GC pause (G1 Evacuation Pause) (young)
Desired survivor size 266338304 bytes, new threshold 3 (max 15)
- age   1:   97230136 bytes,   97230136 total
- age   2:  101276104 bytes,  198506240 total
- age   3:  103441408 bytes,  301947648 total
, 0.0702617 secs]
   [Parallel Time: 66.8 ms, GC Workers: 30]
      [GC Worker Start (ms): Min: 202315.3, Avg: 202315.9, Max: 202316.6, Diff: 1.3]
      [Ext Root Scanning (ms): Min: 0.0, Avg: 0.4, Max: 1.9, Diff: 1.9, Sum: 11.6]
      [Update RS (ms): Min: 18.9, Avg: 19.9, Max: 20.3, Diff: 1.4, Sum: 595.7]
         [Processed Buffers: Min: 19, Avg: 23.6, Max: 31, Diff: 12, Sum: 709]
      [Scan RS (ms): Min: 1.5, Avg: 1.8, Max: 2.0, Diff: 0.5, Sum: 54.7]
      [Code Root Scanning (ms): Min: 0.0, Avg: 0.0, Max: 0.0, Diff: 0.0, Sum: 0.1]
      [Object Copy (ms): Min: 43.6, Avg: 43.7, Max: 43.9, Diff: 0.3, Sum: 1311.2]
      [Termination (ms): Min: 0.0, Avg: 0.1, Max: 0.3, Diff: 0.2, Sum: 4.3]
         [Termination Attempts: Min: 8, Avg: 34.3, Max: 45, Diff: 37, Sum: 1028]
      [GC Worker Other (ms): Min: 0.0, Avg: 0.1, Max: 0.2, Diff: 0.2, Sum: 2.6]
      [GC Worker Total (ms): Min: 65.2, Avg: 66.0, Max: 66.6, Diff: 1.4, Sum: 1980.2]
      [GC Worker End (ms): Min: 202381.8, Avg: 202381.9, Max: 202382.0, Diff: 0.2]
   [Code Root Fixup: 0.0 ms]
   [Code Root Purge: 0.0 ms]
   [Clear CT: 0.7 ms]
   [Other: 2.7 ms]
      [Choose CSet: 0.0 ms]
      [Ref Proc: 0.3 ms]
      [Ref Enq: 0.0 ms]
      [Redirty Cards: 0.8 ms]
      [Humongous Register: 0.1 ms]
      [Humongous Reclaim: 0.0 ms]
      [Free CSet: 1.1 ms]
   [Eden: 3724.0M(3724.0M)->0.0B(3628.0M) Survivors: 324.0M->312.0M Heap: 7018.0M(8192.0M)->3402.0M(8192.0M)]
 [Times: user=2.01 sys=0.00, real=0.07 secs] 
2018-10-15T09:28:45.799+0200: 202.385: Total time for which application threads were stopped: 0.0715176 seconds, Stopping threads took: 0.0005719 seconds
2018-10-15T09:28:46.169+0200: 202.755: Application time: 0.3692329 seconds
2018-10-15T09:28:46.170+0200: 202.756: [GC pause (G1 Evacuation Pause) (young)
Desired survivor size 260046848 bytes, new threshold 3 (max 15)
- age   1:   96094016 bytes,   96094016 total
- age   2:   93369368 bytes,  189463384 total
- age   3:  100225664 bytes,  289689048 total
, 0.0675230 secs]
   [Parallel Time: 63.6 ms, GC Workers: 30]
      [GC Worker Start (ms): Min: 202756.1, Avg: 202756.4, Max: 202757.1, Diff: 1.0]
      [Ext Root Scanning (ms): Min: 0.0, Avg: 0.4, Max: 1.8, Diff: 1.8, Sum: 12.5]
      [Update RS (ms): Min: 20.8, Avg: 21.9, Max: 22.3, Diff: 1.6, Sum: 657.2]
         [Processed Buffers: Min: 22, Avg: 25.9, Max: 33, Diff: 11, Sum: 776]
      [Scan RS (ms): Min: 1.4, Avg: 1.7, Max: 1.9, Diff: 0.5, Sum: 51.6]
      [Code Root Scanning (ms): Min: 0.0, Avg: 0.0, Max: 0.0, Diff: 0.0, Sum: 0.0]
      [Object Copy (ms): Min: 38.6, Avg: 38.8, Max: 39.0, Diff: 0.3, Sum: 1163.7]
      [Termination (ms): Min: 0.0, Avg: 0.1, Max: 0.2, Diff: 0.2, Sum: 2.5]
         [Termination Attempts: Min: 1, Avg: 5.7, Max: 9, Diff: 8, Sum: 170]
      [GC Worker Other (ms): Min: 0.0, Avg: 0.1, Max: 0.2, Diff: 0.2, Sum: 3.2]
      [GC Worker Total (ms): Min: 62.4, Avg: 63.0, Max: 63.5, Diff: 1.1, Sum: 1890.8]
      [GC Worker End (ms): Min: 202819.4, Avg: 202819.5, Max: 202819.6, Diff: 0.2]
   [Code Root Fixup: 0.0 ms]
   [Code Root Purge: 0.0 ms]
   [Clear CT: 0.9 ms]
   [Other: 3.0 ms]
      [Choose CSet: 0.0 ms]
      [Ref Proc: 0.5 ms]
      [Ref Enq: 0.0 ms]
      [Redirty Cards: 0.9 ms]
      [Humongous Register: 0.1 ms]
      [Humongous Reclaim: 0.1 ms]
      [Free CSet: 1.1 ms]
   [Eden: 3628.0M(3628.0M)->0.0B(3536.0M) Survivors: 312.0M->296.0M Heap: 7030.0M(8192.0M)->3510.0M(8192.0M)]
 [Times: user=1.92 sys=0.00, real=0.07 secs] 
2018-10-15T09:28:46.237+0200: 202.823: Total time for which application threads were stopped: 0.0687793 seconds, Stopping threads took: 0.0005740 seconds
2018-10-15T09:28:46.607+0200: 203.193: Application time: 0.3697831 seconds
2018-10-15T09:28:46.608+0200: 203.194: [GC pause (G1 Evacuation Pause) (young)
Desired survivor size 251658240 bytes, new threshold 3 (max 15)
- age   1:   94778408 bytes,   94778408 total
- age   2:   89563752 bytes,  184342160 total
- age   3:   92320952 bytes,  276663112 total
, 0.0650292 secs]
   [Parallel Time: 61.0 ms, GC Workers: 30]
      [GC Worker Start (ms): Min: 203194.7, Avg: 203195.0, Max: 203195.7, Diff: 1.0]
      [Ext Root Scanning (ms): Min: 0.0, Avg: 0.4, Max: 1.7, Diff: 1.7, Sum: 12.6]
      [Update RS (ms): Min: 19.2, Avg: 20.1, Max: 20.4, Diff: 1.2, Sum: 602.6]
         [Processed Buffers: Min: 19, Avg: 23.3, Max: 33, Diff: 14, Sum: 698]
      [Scan RS (ms): Min: 2.0, Avg: 2.2, Max: 2.3, Diff: 0.4, Sum: 66.0]
      [Code Root Scanning (ms): Min: 0.0, Avg: 0.0, Max: 0.0, Diff: 0.0, Sum: 0.0]
      [Object Copy (ms): Min: 37.5, Avg: 37.5, Max: 37.7, Diff: 0.2, Sum: 1126.5]
      [Termination (ms): Min: 0.0, Avg: 0.1, Max: 0.3, Diff: 0.2, Sum: 1.9]
         [Termination Attempts: Min: 2, Avg: 5.7, Max: 8, Diff: 6, Sum: 171]
      [GC Worker Other (ms): Min: 0.0, Avg: 0.1, Max: 0.2, Diff: 0.2, Sum: 2.9]
      [GC Worker Total (ms): Min: 59.8, Avg: 60.4, Max: 60.8, Diff: 1.1, Sum: 1812.6]
      [GC Worker End (ms): Min: 203255.4, Avg: 203255.4, Max: 203255.6, Diff: 0.2]
   [Code Root Fixup: 0.0 ms]
   [Code Root Purge: 0.0 ms]
   [Clear CT: 0.8 ms]
   [Other: 3.1 ms]
      [Choose CSet: 0.0 ms]
      [Ref Proc: 0.5 ms]
      [Ref Enq: 0.0 ms]
      [Redirty Cards: 0.8 ms]
      [Humongous Register: 0.1 ms]
      [Humongous Reclaim: 0.1 ms]
      [Free CSet: 1.3 ms]
   [Eden: 3536.0M(3536.0M)->0.0B(3420.0M) Survivors: 296.0M->296.0M Heap: 7046.0M(8192.0M)->3628.0M(8192.0M)]
 [Times: user=1.85 sys=0.00, real=0.07 secs] 
2018-10-15T09:28:46.674+0200: 203.260: Total time for which application threads were stopped: 0.0663106 seconds, Stopping threads took: 0.0005779 seconds
2018-10-15T09:28:47.030+0200: 203.616: Application time: 0.3565978 seconds
2018-10-15T09:28:47.031+0200: 203.617: [GC pause (G1 Evacuation Pause) (young)
Desired survivor size 245366784 bytes, new threshold 3 (max 15)
- age   1:   92173176 bytes,   92173176 total
- age   2:   90076672 bytes,  182249848 total
- age   3:   88564896 bytes,  270814744 total
, 0.0656860 secs]
   [Parallel Time: 61.4 ms, GC Workers: 30]
      [GC Worker Start (ms): Min: 203617.6, Avg: 203618.2, Max: 203618.9, Diff: 1.3]
      [Ext Root Scanning (ms): Min: 0.0, Avg: 0.4, Max: 1.8, Diff: 1.8, Sum: 11.2]
      [Update RS (ms): Min: 17.5, Avg: 18.5, Max: 18.9, Diff: 1.4, Sum: 553.7]
         [Processed Buffers: Min: 16, Avg: 21.2, Max: 29, Diff: 13, Sum: 635]
      [Scan RS (ms): Min: 1.7, Avg: 2.0, Max: 2.2, Diff: 0.4, Sum: 60.3]
      [Code Root Scanning (ms): Min: 0.0, Avg: 0.0, Max: 0.0, Diff: 0.0, Sum: 0.0]
      [Object Copy (ms): Min: 39.4, Avg: 39.5, Max: 39.7, Diff: 0.3, Sum: 1185.8]
      [Termination (ms): Min: 0.0, Avg: 0.1, Max: 0.3, Diff: 0.2, Sum: 3.4]
         [Termination Attempts: Min: 3, Avg: 7.1, Max: 12, Diff: 9, Sum: 213]
      [GC Worker Other (ms): Min: 0.0, Avg: 0.1, Max: 0.2, Diff: 0.2, Sum: 2.3]
      [GC Worker Total (ms): Min: 59.9, Avg: 60.6, Max: 61.1, Diff: 1.3, Sum: 1816.7]
      [GC Worker End (ms): Min: 203678.6, Avg: 203678.7, Max: 203678.8, Diff: 0.2]
   [Code Root Fixup: 0.0 ms]
   [Code Root Purge: 0.0 ms]
   [Clear CT: 0.8 ms]
   [Other: 3.4 ms]
      [Choose CSet: 0.0 ms]
      [Ref Proc: 0.5 ms]
      [Ref Enq: 0.0 ms]
      [Redirty Cards: 0.8 ms]
      [Humongous Register: 0.1 ms]
      [Humongous Reclaim: 0.1 ms]
      [Free CSet: 1.5 ms]
   [Eden: 3420.0M(3420.0M)->0.0B(3320.0M) Survivors: 296.0M->284.0M Heap: 7048.0M(8192.0M)->3740.0M(8192.0M)]
 [Times: user=1.85 sys=0.00, real=0.07 secs] 
2018-10-15T09:28:47.097+0200: 203.683: Total time for which application threads were stopped: 0.0670221 seconds, Stopping threads took: 0.0005674 seconds
2018-10-15T09:28:47.438+0200: 204.024: Application time: 0.3405237 seconds
2018-10-15T09:28:47.439+0200: 204.025: [GC pause (G1 Evacuation Pause) (young)
Desired survivor size 236978176 bytes, new threshold 3 (max 15)
- age   1:   95410984 bytes,   95410984 total
- age   2:   84094312 bytes,  179505296 total
- age   3:   87554288 bytes,  267059584 total
, 0.0654852 secs]
   [Parallel Time: 62.0 ms, GC Workers: 30]
      [GC Worker Start (ms): Min: 204025.1, Avg: 204025.5, Max: 204026.1, Diff: 0.9]
      [Ext Root Scanning (ms): Min: 0.0, Avg: 0.5, Max: 1.8, Diff: 1.8, Sum: 13.8]
      [Update RS (ms): Min: 19.2, Avg: 19.9, Max: 20.2, Diff: 1.0, Sum: 598.3]
         [Processed Buffers: Min: 18, Avg: 23.1, Max: 34, Diff: 16, Sum: 694]
      [Scan RS (ms): Min: 1.4, Avg: 1.6, Max: 1.7, Diff: 0.4, Sum: 46.8]
      [Code Root Scanning (ms): Min: 0.0, Avg: 0.0, Max: 0.0, Diff: 0.0, Sum: 0.0]
      [Object Copy (ms): Min: 39.1, Avg: 39.2, Max: 39.4, Diff: 0.3, Sum: 1177.3]
      [Termination (ms): Min: 0.0, Avg: 0.1, Max: 0.1, Diff: 0.1, Sum: 2.7]
         [Termination Attempts: Min: 1, Avg: 5.3, Max: 11, Diff: 10, Sum: 160]
      [GC Worker Other (ms): Min: 0.0, Avg: 0.1, Max: 0.2, Diff: 0.2, Sum: 3.1]
      [GC Worker Total (ms): Min: 60.8, Avg: 61.4, Max: 61.8, Diff: 1.0, Sum: 1842.0]
      [GC Worker End (ms): Min: 204086.8, Avg: 204086.9, Max: 204087.1, Diff: 0.2]
   [Code Root Fixup: 0.0 ms]
   [Code Root Purge: 0.0 ms]
   [Clear CT: 0.7 ms]
   [Other: 2.8 ms]
      [Choose CSet: 0.0 ms]
      [Ref Proc: 0.5 ms]
      [Ref Enq: 0.0 ms]
      [Redirty Cards: 0.7 ms]
      [Humongous Register: 0.1 ms]
      [Humongous Reclaim: 0.1 ms]
      [Free CSet: 1.0 ms]
   [Eden: 3320.0M(3320.0M)->0.0B(3200.0M) Survivors: 284.0M->284.0M Heap: 7060.0M(8192.0M)->3856.0M(8192.0M)]
 [Times: user=1.87 sys=0.00, real=0.07 secs] 
2018-10-15T09:28:47.504+0200: 204.090: Total time for which application threads were stopped: 0.0667458 seconds, Stopping threads took: 0.0005708 seconds
2018-10-15T09:28:47.830+0200: 204.416: Application time: 0.3255072 seconds
2018-10-15T09:28:47.833+0200: 204.419: [GC pause (G1 Evacuation Pause) (young)
Desired survivor size 228589568 bytes, new threshold 3 (max 15)
- age   1:   93169208 bytes,   93169208 total
- age   2:   89448312 bytes,  182617520 total
- age   3:   83076696 bytes,  265694216 total
, 0.0731044 secs]
   [Parallel Time: 70.0 ms, GC Workers: 30]
      [GC Worker Start (ms): Min: 204419.8, Avg: 204420.6, Max: 204421.4, Diff: 1.6]
      [Ext Root Scanning (ms): Min: 0.0, Avg: 0.3, Max: 1.7, Diff: 1.7, Sum: 9.5]
      [Update RS (ms): Min: 28.9, Avg: 29.7, Max: 30.4, Diff: 1.5, Sum: 891.5]
         [Processed Buffers: Min: 30, Avg: 35.1, Max: 43, Diff: 13, Sum: 1054]
      [Scan RS (ms): Min: 0.0, Avg: 0.1, Max: 0.3, Diff: 0.2, Sum: 3.4]
      [Code Root Scanning (ms): Min: 0.0, Avg: 0.0, Max: 0.0, Diff: 0.0, Sum: 0.0]
      [Object Copy (ms): Min: 38.2, Avg: 38.6, Max: 38.8, Diff: 0.6, Sum: 1157.3]
      [Termination (ms): Min: 0.0, Avg: 0.1, Max: 0.2, Diff: 0.1, Sum: 2.1]
         [Termination Attempts: Min: 2, Avg: 6.6, Max: 12, Diff: 10, Sum: 197]
      [GC Worker Other (ms): Min: 0.0, Avg: 0.1, Max: 0.2, Diff: 0.2, Sum: 2.8]
      [GC Worker Total (ms): Min: 68.1, Avg: 68.9, Max: 69.8, Diff: 1.7, Sum: 2066.6]
      [GC Worker End (ms): Min: 204489.4, Avg: 204489.5, Max: 204489.6, Diff: 0.2]
   [Code Root Fixup: 0.0 ms]
   [Code Root Purge: 0.0 ms]
   [Clear CT: 0.7 ms]
   [Other: 2.5 ms]
      [Choose CSet: 0.0 ms]
      [Ref Proc: 0.5 ms]
      [Ref Enq: 0.0 ms]
      [Redirty Cards: 0.6 ms]
      [Humongous Register: 0.1 ms]
      [Humongous Reclaim: 0.1 ms]
      [Free CSet: 0.9 ms]
   [Eden: 3200.0M(3200.0M)->0.0B(3088.0M) Survivors: 284.0M->284.0M Heap: 7056.0M(8192.0M)->3968.0M(8192.0M)]
 [Times: user=2.08 sys=0.01, real=0.07 secs] 
2018-10-15T09:28:47.907+0200: 204.493: Total time for which application threads were stopped: 0.0768507 seconds, Stopping threads took: 0.0030005 seconds
2018-10-15T09:28:48.229+0200: 204.815: Application time: 0.3219599 seconds
2018-10-15T09:28:48.233+0200: 204.819: [GC pause (G1 Evacuation Pause) (young) (initial-mark)
Desired survivor size 222298112 bytes, new threshold 3 (max 15)
- age   1:   89127944 bytes,   89127944 total
- age   2:   87639336 bytes,  176767280 total
- age   3:   88441832 bytes,  265209112 total
, 0.0654695 secs]
   [Parallel Time: 62.1 ms, GC Workers: 30]
      [GC Worker Start (ms): Min: 204819.5, Avg: 204820.2, Max: 204820.8, Diff: 1.3]
      [Ext Root Scanning (ms): Min: 1.5, Avg: 2.1, Max: 2.8, Diff: 1.3, Sum: 63.1]
      [Update RS (ms): Min: 18.6, Avg: 19.2, Max: 19.7, Diff: 1.1, Sum: 575.3]
         [Processed Buffers: Min: 19, Avg: 22.9, Max: 32, Diff: 13, Sum: 687]
      [Scan RS (ms): Min: 1.0, Avg: 1.3, Max: 1.4, Diff: 0.4, Sum: 38.7]
      [Code Root Scanning (ms): Min: 0.0, Avg: 0.0, Max: 0.0, Diff: 0.0, Sum: 0.0]
      [Object Copy (ms): Min: 38.0, Avg: 38.2, Max: 38.3, Diff: 0.3, Sum: 1145.3]
      [Termination (ms): Min: 0.0, Avg: 0.1, Max: 0.2, Diff: 0.2, Sum: 2.3]
         [Termination Attempts: Min: 1, Avg: 5.7, Max: 8, Diff: 7, Sum: 172]
      [GC Worker Other (ms): Min: 0.0, Avg: 0.1, Max: 0.2, Diff: 0.2, Sum: 2.7]
      [GC Worker Total (ms): Min: 60.3, Avg: 60.9, Max: 61.6, Diff: 1.4, Sum: 1827.4]
      [GC Worker End (ms): Min: 204881.0, Avg: 204881.1, Max: 204881.2, Diff: 0.2]
   [Code Root Fixup: 0.0 ms]
   [Code Root Purge: 0.0 ms]
   [Clear CT: 0.7 ms]
   [Other: 2.6 ms]
      [Choose CSet: 0.0 ms]
      [Ref Proc: 0.5 ms]
      [Ref Enq: 0.0 ms]
      [Redirty Cards: 0.6 ms]
      [Humongous Register: 0.1 ms]
      [Humongous Reclaim: 0.0 ms]
      [Free CSet: 0.9 ms]
   [Eden: 3088.0M(3088.0M)->0.0B(3004.0M) Survivors: 284.0M->268.0M Heap: 7056.0M(8192.0M)->4070.0M(8192.0M)]
 [Times: user=1.80 sys=0.00, real=0.06 secs] 
2018-10-15T09:28:48.298+0200: 204.885: [GC concurrent-root-region-scan-start]
2018-10-15T09:28:48.299+0200: 204.885: Total time for which application threads were stopped: 0.0697930 seconds, Stopping threads took: 0.0035944 seconds
2018-10-15T09:28:48.356+0200: 204.942: [GC concurrent-root-region-scan-end, 0.0570677 secs]
2018-10-15T09:28:48.356+0200: 204.942: [GC concurrent-mark-start]
2018-10-15T09:28:48.712+0200: 205.298: Application time: 0.4133368 seconds
2018-10-15T09:28:48.717+0200: 205.303: [GC pause (G1 Evacuation Pause) (young)
Desired survivor size 216006656 bytes, new threshold 3 (max 15)
- age   1:   75453608 bytes,   75453608 total
- age   2:   86187104 bytes,  161640712 total
- age   3:   85188576 bytes,  246829288 total
, 0.0678983 secs]
   [Parallel Time: 64.8 ms, GC Workers: 30]
      [GC Worker Start (ms): Min: 205303.4, Avg: 205304.0, Max: 205304.7, Diff: 1.3]
      [Ext Root Scanning (ms): Min: 0.0, Avg: 0.3, Max: 1.8, Diff: 1.8, Sum: 9.9]
      [Update RS (ms): Min: 26.7, Avg: 27.5, Max: 27.8, Diff: 1.1, Sum: 824.2]
         [Processed Buffers: Min: 29, Avg: 34.2, Max: 43, Diff: 14, Sum: 1025]
      [Scan RS (ms): Min: 0.0, Avg: 0.1, Max: 0.2, Diff: 0.2, Sum: 3.3]
      [Code Root Scanning (ms): Min: 0.0, Avg: 0.0, Max: 0.0, Diff: 0.0, Sum: 0.0]
      [Object Copy (ms): Min: 35.6, Avg: 35.8, Max: 36.0, Diff: 0.4, Sum: 1074.7]
      [Termination (ms): Min: 0.0, Avg: 0.2, Max: 0.2, Diff: 0.2, Sum: 4.7]
         [Termination Attempts: Min: 1, Avg: 72.2, Max: 82, Diff: 81, Sum: 2165]
      [GC Worker Other (ms): Min: 0.0, Avg: 0.1, Max: 0.2, Diff: 0.2, Sum: 3.5]
      [GC Worker Total (ms): Min: 63.4, Avg: 64.0, Max: 64.7, Diff: 1.3, Sum: 1920.5]
      [GC Worker End (ms): Min: 205368.0, Avg: 205368.1, Max: 205368.2, Diff: 0.2]
   [Code Root Fixup: 0.0 ms]
   [Code Root Purge: 0.0 ms]
   [Clear CT: 0.6 ms]
   [Other: 2.4 ms]
      [Choose CSet: 0.0 ms]
      [Ref Proc: 0.5 ms]
      [Ref Enq: 0.0 ms]
      [Redirty Cards: 0.7 ms]
      [Humongous Register: 0.1 ms]
      [Humongous Reclaim: 0.1 ms]
      [Free CSet: 0.8 ms]
   [Eden: 3004.0M(3004.0M)->0.0B(2932.0M) Survivors: 268.0M->248.0M Heap: 7074.0M(8192.0M)->4162.3M(8192.0M)]
 [Times: user=1.95 sys=0.00, real=0.07 secs] 
2018-10-15T09:28:48.785+0200: 205.371: Total time for which application threads were stopped: 0.0733475 seconds, Stopping threads took: 0.0047429 seconds
2018-10-15T09:28:48.815+0200: 205.402: [GC concurrent-mark-end, 0.4599206 secs]
2018-10-15T09:28:48.818+0200: 205.404: Application time: 0.0330859 seconds
2018-10-15T09:28:48.819+0200: 205.405: [GC remark 2018-10-15T09:28:48.819+0200: 205.405: [Finalize Marking, 0.0006143 secs] 2018-10-15T09:28:48.820+0200: 205.406: [GC ref-proc, 0.0011278 secs] 2018-10-15T09:28:48.821+0200: 205.407: [Unloading, 0.0111629 secs], 0.0141231 secs]
 [Times: user=0.33 sys=0.00, real=0.02 secs] 
2018-10-15T09:28:48.833+0200: 205.419: Total time for which application threads were stopped: 0.0148469 seconds, Stopping threads took: 0.0002970 seconds
2018-10-15T09:28:48.833+0200: 205.419: Application time: 0.0000716 seconds
2018-10-15T09:28:48.834+0200: 205.420: [GC cleanup 4359M->3119M(8192M), 0.0090939 secs]
 [Times: user=0.23 sys=0.00, real=0.00 secs] 
2018-10-15T09:28:48.843+0200: 205.429: Total time for which application threads were stopped: 0.0096519 seconds, Stopping threads took: 0.0001150 seconds
2018-10-15T09:28:48.843+0200: 205.429: [GC concurrent-cleanup-start]
2018-10-15T09:28:48.844+0200: 205.431: [GC concurrent-cleanup-end, 0.0015330 secs]
2018-10-15T09:28:49.124+0200: 205.710: Application time: 0.2808323 seconds
2018-10-15T09:28:49.125+0200: 205.711: [GC pause (G1 Evacuation Pause) (young)
Desired survivor size 209715200 bytes, new threshold 3 (max 15)
- age   1:   76619920 bytes,   76619920 total
- age   2:   71373008 bytes,  147992928 total
- age   3:   83768216 bytes,  231761144 total
, 0.0643690 secs]
   [Parallel Time: 60.8 ms, GC Workers: 30]
      [GC Worker Start (ms): Min: 205711.4, Avg: 205712.4, Max: 205713.1, Diff: 1.7]
      [Ext Root Scanning (ms): Min: 0.0, Avg: 0.3, Max: 1.8, Diff: 1.8, Sum: 9.1]
      [Update RS (ms): Min: 21.9, Avg: 22.4, Max: 22.9, Diff: 1.0, Sum: 671.5]
         [Processed Buffers: Min: 22, Avg: 26.1, Max: 37, Diff: 15, Sum: 783]
      [Scan RS (ms): Min: 1.8, Avg: 2.2, Max: 2.4, Diff: 0.6, Sum: 64.6]
      [Code Root Scanning (ms): Min: 0.0, Avg: 0.0, Max: 0.0, Diff: 0.0, Sum: 0.0]
      [Object Copy (ms): Min: 34.4, Avg: 34.5, Max: 34.6, Diff: 0.2, Sum: 1034.5]
      [Termination (ms): Min: 0.0, Avg: 0.1, Max: 0.2, Diff: 0.2, Sum: 2.7]
         [Termination Attempts: Min: 2, Avg: 7.9, Max: 16, Diff: 14, Sum: 238]
      [GC Worker Other (ms): Min: 0.0, Avg: 0.1, Max: 0.2, Diff: 0.2, Sum: 3.2]
      [GC Worker Total (ms): Min: 58.7, Avg: 59.5, Max: 60.5, Diff: 1.7, Sum: 1785.5]
      [GC Worker End (ms): Min: 205771.8, Avg: 205771.9, Max: 205772.0, Diff: 0.2]
   [Code Root Fixup: 0.0 ms]
   [Code Root Purge: 0.0 ms]
   [Clear CT: 0.7 ms]
   [Other: 2.9 ms]
      [Choose CSet: 0.0 ms]
      [Ref Proc: 0.4 ms]
      [Ref Enq: 0.0 ms]
      [Redirty Cards: 0.7 ms]
      [Humongous Register: 0.1 ms]
      [Humongous Reclaim: 0.0 ms]
      [Free CSet: 0.9 ms]
   [Eden: 2932.0M(2932.0M)->0.0B(168.0M) Survivors: 248.0M->240.0M Heap: 5854.3M(8192.0M)->3024.0M(8192.0M)]
 [Times: user=1.80 sys=0.00, real=0.06 secs] 
2018-10-15T09:28:49.189+0200: 205.775: Total time for which application threads were stopped: 0.0656383 seconds, Stopping threads took: 0.0005575 seconds
2018-10-15T09:28:49.211+0200: 205.797: Application time: 0.0219316 seconds
2018-10-15T09:28:49.212+0200: 205.798: [GC pause (G1 Evacuation Pause) (mixed)
Desired survivor size 27262976 bytes, new threshold 1 (max 15)
- age   1:   71924712 bytes,   71924712 total
- age   2:   72014768 bytes,  143939480 total
- age   3:   70873776 bytes,  214813256 total
, 0.0498745 secs]
   [Parallel Time: 46.1 ms, GC Workers: 30]
      [GC Worker Start (ms): Min: 205798.3, Avg: 205798.6, Max: 205799.2, Diff: 0.9]
      [Ext Root Scanning (ms): Min: 0.0, Avg: 0.4, Max: 1.7, Diff: 1.7, Sum: 10.6]
      [Update RS (ms): Min: 14.4, Avg: 15.6, Max: 16.2, Diff: 1.8, Sum: 468.0]
         [Processed Buffers: Min: 19, Avg: 24.6, Max: 33, Diff: 14, Sum: 739]
      [Scan RS (ms): Min: 3.3, Avg: 3.8, Max: 4.0, Diff: 0.7, Sum: 113.4]
      [Code Root Scanning (ms): Min: 0.0, Avg: 0.0, Max: 0.0, Diff: 0.0, Sum: 0.0]
      [Object Copy (ms): Min: 25.6, Avg: 25.7, Max: 25.8, Diff: 0.3, Sum: 769.7]
      [Termination (ms): Min: 0.0, Avg: 0.1, Max: 0.2, Diff: 0.1, Sum: 2.5]
         [Termination Attempts: Min: 3, Avg: 5.9, Max: 9, Diff: 6, Sum: 177]
      [GC Worker Other (ms): Min: 0.0, Avg: 0.0, Max: 0.1, Diff: 0.1, Sum: 1.3]
      [GC Worker Total (ms): Min: 44.9, Avg: 45.5, Max: 45.9, Diff: 1.0, Sum: 1365.5]
      [GC Worker End (ms): Min: 205844.1, Avg: 205844.1, Max: 205844.2, Diff: 0.1]
   [Code Root Fixup: 0.0 ms]
   [Code Root Purge: 0.0 ms]
   [Clear CT: 0.6 ms]
   [Other: 3.2 ms]
      [Choose CSet: 0.2 ms]
      [Ref Proc: 0.3 ms]
      [Ref Enq: 0.0 ms]
      [Redirty Cards: 1.1 ms]
      [Humongous Register: 0.1 ms]
      [Humongous Reclaim: 0.0 ms]
      [Free CSet: 1.2 ms]
   [Eden: 168.0M(168.0M)->0.0B(356.0M) Survivors: 240.0M->52.0M Heap: 3192.0M(8192.0M)->2244.0M(8192.0M)]
 [Times: user=1.40 sys=0.01, real=0.04 secs] 
2018-10-15T09:28:49.262+0200: 205.848: Total time for which application threads were stopped: 0.0506564 seconds, Stopping threads took: 0.0001995 seconds
2018-10-15T09:28:49.313+0200: 205.899: Application time: 0.0514220 seconds
2018-10-15T09:28:49.314+0200: 205.900: [GC pause (G1 Evacuation Pause) (mixed)
Desired survivor size 27262976 bytes, new threshold 15 (max 15)
- age   1:    4674848 bytes,    4674848 total
, 0.0319120 secs]
   [Parallel Time: 28.3 ms, GC Workers: 30]
      [GC Worker Start (ms): Min: 205900.8, Avg: 205901.5, Max: 205902.1, Diff: 1.3]
      [Ext Root Scanning (ms): Min: 0.0, Avg: 0.3, Max: 1.5, Diff: 1.5, Sum: 8.8]
      [Update RS (ms): Min: 20.6, Avg: 21.3, Max: 21.8, Diff: 1.2, Sum: 639.0]
         [Processed Buffers: Min: 26, Avg: 30.4, Max: 38, Diff: 12, Sum: 913]
      [Scan RS (ms): Min: 0.9, Avg: 1.7, Max: 1.9, Diff: 0.9, Sum: 50.4]
      [Code Root Scanning (ms): Min: 0.0, Avg: 0.0, Max: 0.2, Diff: 0.2, Sum: 0.5]
      [Object Copy (ms): Min: 4.0, Avg: 4.1, Max: 4.2, Diff: 0.2, Sum: 122.6]
      [Termination (ms): Min: 0.0, Avg: 0.0, Max: 0.1, Diff: 0.0, Sum: 0.7]
         [Termination Attempts: Min: 2, Avg: 8.2, Max: 14, Diff: 12, Sum: 246]
      [GC Worker Other (ms): Min: 0.0, Avg: 0.1, Max: 0.1, Diff: 0.1, Sum: 1.9]
      [GC Worker Total (ms): Min: 26.8, Avg: 27.5, Max: 28.2, Diff: 1.4, Sum: 824.0]
      [GC Worker End (ms): Min: 205928.9, Avg: 205929.0, Max: 205929.0, Diff: 0.1]
   [Code Root Fixup: 0.0 ms]
   [Code Root Purge: 0.0 ms]
   [Clear CT: 0.7 ms]
   [Other: 2.9 ms]
      [Choose CSet: 0.2 ms]
      [Ref Proc: 0.5 ms]
      [Ref Enq: 0.0 ms]
      [Redirty Cards: 0.3 ms]
      [Humongous Register: 0.1 ms]
      [Humongous Reclaim: 0.0 ms]
      [Free CSet: 1.3 ms]
   [Eden: 356.0M(356.0M)->0.0B(356.0M) Survivors: 52.0M->52.0M Heap: 2600.0M(8192.0M)->1484.0M(8192.0M)]
 [Times: user=0.84 sys=0.00, real=0.03 secs] 
2018-10-15T09:28:49.346+0200: 205.932: Total time for which application threads were stopped: 0.0329684 seconds, Stopping threads took: 0.0004138 seconds
2018-10-15T09:28:49.383+0200: 205.969: Application time: 0.0368389 seconds
2018-10-15T09:28:49.384+0200: 205.970: [GC pause (G1 Evacuation Pause) (mixed)
Desired survivor size 27262976 bytes, new threshold 15 (max 15)
- age   1:    9104888 bytes,    9104888 total
- age   2:    3511832 bytes,   12616720 total
, 0.0160184 secs]
   [Parallel Time: 13.7 ms, GC Workers: 30]
      [GC Worker Start (ms): Min: 205970.6, Avg: 205970.7, Max: 205970.8, Diff: 0.2]
      [Ext Root Scanning (ms): Min: 0.3, Avg: 0.5, Max: 2.0, Diff: 1.7, Sum: 13.6]
      [Update RS (ms): Min: 4.4, Avg: 5.7, Max: 6.3, Diff: 1.9, Sum: 171.0]
         [Processed Buffers: Min: 5, Avg: 9.4, Max: 18, Diff: 13, Sum: 282]
      [Scan RS (ms): Min: 0.6, Avg: 1.1, Max: 1.3, Diff: 0.8, Sum: 32.2]
      [Code Root Scanning (ms): Min: 0.0, Avg: 0.0, Max: 0.8, Diff: 0.8, Sum: 1.3]
      [Object Copy (ms): Min: 5.6, Avg: 6.1, Max: 6.3, Diff: 0.7, Sum: 182.9]
      [Termination (ms): Min: 0.0, Avg: 0.0, Max: 0.0, Diff: 0.0, Sum: 0.4]
         [Termination Attempts: Min: 2, Avg: 4.3, Max: 8, Diff: 6, Sum: 128]
      [GC Worker Other (ms): Min: 0.0, Avg: 0.1, Max: 0.1, Diff: 0.1, Sum: 1.8]
      [GC Worker Total (ms): Min: 13.3, Avg: 13.4, Max: 13.6, Diff: 0.3, Sum: 403.1]
      [GC Worker End (ms): Min: 205984.1, Avg: 205984.1, Max: 205984.2, Diff: 0.1]
   [Code Root Fixup: 0.0 ms]
   [Code Root Purge: 0.0 ms]
   [Clear CT: 0.7 ms]
   [Other: 1.6 ms]
      [Choose CSet: 0.1 ms]
      [Ref Proc: 0.4 ms]
      [Ref Enq: 0.0 ms]
      [Redirty Cards: 0.4 ms]
      [Humongous Register: 0.1 ms]
      [Humongous Reclaim: 0.0 ms]
      [Free CSet: 0.3 ms]
   [Eden: 356.0M(356.0M)->0.0B(4872.0M) Survivors: 52.0M->40.0M Heap: 1840.0M(8192.0M)->1455.6M(8192.0M)]
 [Times: user=0.41 sys=0.00, real=0.01 secs] 
2018-10-15T09:28:49.400+0200: 205.987: Total time for which application threads were stopped: 0.0172487 seconds, Stopping threads took: 0.0006337 seconds
2018-10-15T09:28:49.906+0200: 206.493: Application time: 0.5060220 seconds
2018-10-15T09:28:49.908+0200: 206.494: [GC pause (G1 Evacuation Pause) (young)
Desired survivor size 322961408 bytes, new threshold 15 (max 15)
- age   1:   13278992 bytes,   13278992 total
- age   2:    8667520 bytes,   21946512 total
- age   3:    3511736 bytes,   25458248 total
, 0.0387696 secs]
   [Parallel Time: 35.1 ms, GC Workers: 30]
      [GC Worker Start (ms): Min: 206493.9, Avg: 206494.3, Max: 206494.8, Diff: 0.9]
      [Ext Root Scanning (ms): Min: 0.0, Avg: 0.4, Max: 1.8, Diff: 1.8, Sum: 12.6]
      [Update RS (ms): Min: 11.1, Avg: 11.8, Max: 12.1, Diff: 1.0, Sum: 354.8]
         [Processed Buffers: Min: 12, Avg: 14.6, Max: 20, Diff: 8, Sum: 439]
      [Scan RS (ms): Min: 0.0, Avg: 0.2, Max: 0.4, Diff: 0.3, Sum: 6.5]
      [Code Root Scanning (ms): Min: 0.0, Avg: 0.0, Max: 0.0, Diff: 0.0, Sum: 0.1]
      [Object Copy (ms): Min: 21.8, Avg: 21.9, Max: 21.9, Diff: 0.2, Sum: 655.7]
      [Termination (ms): Min: 0.0, Avg: 0.0, Max: 0.0, Diff: 0.0, Sum: 0.1]
         [Termination Attempts: Min: 1, Avg: 1.0, Max: 1, Diff: 0, Sum: 30]
      [GC Worker Other (ms): Min: 0.0, Avg: 0.1, Max: 0.3, Diff: 0.3, Sum: 4.4]
      [GC Worker Total (ms): Min: 33.9, Avg: 34.5, Max: 35.0, Diff: 1.1, Sum: 1034.2]
      [GC Worker End (ms): Min: 206528.6, Avg: 206528.8, Max: 206528.9, Diff: 0.3]
   [Code Root Fixup: 0.0 ms]
   [Code Root Purge: 0.0 ms]
   [Clear CT: 0.8 ms]
   [Other: 2.9 ms]
      [Choose CSet: 0.0 ms]
      [Ref Proc: 0.5 ms]
      [Ref Enq: 0.0 ms]
      [Redirty Cards: 0.4 ms]
      [Humongous Register: 0.1 ms]
      [Humongous Reclaim: 0.0 ms]
      [Free CSet: 1.4 ms]
   [Eden: 4872.0M(4872.0M)->0.0B(4752.0M) Survivors: 40.0M->160.0M Heap: 6327.6M(8192.0M)->1578.7M(8192.0M)]
 [Times: user=1.05 sys=0.00, real=0.04 secs] 
2018-10-15T09:28:49.947+0200: 206.533: Total time for which application threads were stopped: 0.0400165 seconds, Stopping threads took: 0.0005481 seconds
2018-10-15T09:28:50.429+0200: 207.015: Application time: 0.4823277 seconds
2018-10-15T09:28:50.430+0200: 207.016: [GC pause (G1 Evacuation Pause) (young)
Desired survivor size 322961408 bytes, new threshold 15 (max 15)
- age   1:  118663648 bytes,  118663648 total
- age   2:   11632592 bytes,  130296240 total
- age   3:    8552784 bytes,  138849024 total
- age   4:    3489712 bytes,  142338736 total
, 0.0472190 secs]
   [Parallel Time: 43.6 ms, GC Workers: 30]
      [GC Worker Start (ms): Min: 207016.2, Avg: 207016.8, Max: 207017.5, Diff: 1.3]
      [Ext Root Scanning (ms): Min: 0.0, Avg: 0.4, Max: 1.8, Diff: 1.8, Sum: 10.7]
      [Update RS (ms): Min: 8.3, Avg: 9.2, Max: 9.6, Diff: 1.3, Sum: 276.6]
         [Processed Buffers: Min: 9, Avg: 11.9, Max: 17, Diff: 8, Sum: 357]
      [Scan RS (ms): Min: 0.0, Avg: 0.2, Max: 0.4, Diff: 0.3, Sum: 5.9]
      [Code Root Scanning (ms): Min: 0.0, Avg: 0.0, Max: 0.0, Diff: 0.0, Sum: 0.1]
      [Object Copy (ms): Min: 32.6, Avg: 32.8, Max: 32.9, Diff: 0.3, Sum: 982.9]
      [Termination (ms): Min: 0.0, Avg: 0.0, Max: 0.0, Diff: 0.0, Sum: 0.3]
         [Termination Attempts: Min: 1, Avg: 1.1, Max: 2, Diff: 1, Sum: 34]
      [GC Worker Other (ms): Min: 0.0, Avg: 0.1, Max: 0.3, Diff: 0.3, Sum: 4.3]
      [GC Worker Total (ms): Min: 41.9, Avg: 42.7, Max: 43.3, Diff: 1.4, Sum: 1280.6]
      [GC Worker End (ms): Min: 207059.4, Avg: 207059.5, Max: 207059.6, Diff: 0.3]
   [Code Root Fixup: 0.0 ms]
   [Code Root Purge: 0.0 ms]
   [Clear CT: 0.9 ms]
   [Other: 2.7 ms]
      [Choose CSet: 0.0 ms]
      [Ref Proc: 0.5 ms]
      [Ref Enq: 0.0 ms]
      [Redirty Cards: 0.4 ms]
      [Humongous Register: 0.1 ms]
      [Humongous Reclaim: 0.0 ms]
      [Free CSet: 1.4 ms]
   [Eden: 4752.0M(4752.0M)->0.0B(4636.0M) Survivors: 160.0M->276.0M Heap: 6330.7M(8192.0M)->1693.3M(8192.0M)]
 [Times: user=1.30 sys=0.01, real=0.05 secs] 
2018-10-15T09:28:50.477+0200: 207.063: Total time for which application threads were stopped: 0.0484879 seconds, Stopping threads took: 0.0005717 seconds
2018-10-15T09:28:50.949+0200: 207.535: Application time: 0.4717226 seconds
2018-10-15T09:28:50.950+0200: 207.536: [GC pause (G1 Evacuation Pause) (young)
Desired survivor size 322961408 bytes, new threshold 15 (max 15)
- age   1:  120704896 bytes,  120704896 total
- age   2:  110318240 bytes,  231023136 total
- age   3:   11619248 bytes,  242642384 total
- age   4:    8280456 bytes,  250922840 total
- age   5:    3489312 bytes,  254412152 total
, 0.0575531 secs]
   [Parallel Time: 53.2 ms, GC Workers: 30]
      [GC Worker Start (ms): Min: 207536.3, Avg: 207536.5, Max: 207536.9, Diff: 0.6]
      [Ext Root Scanning (ms): Min: 0.0, Avg: 0.5, Max: 1.8, Diff: 1.8, Sum: 15.0]
      [Update RS (ms): Min: 7.9, Avg: 9.0, Max: 9.4, Diff: 1.5, Sum: 269.2]
         [Processed Buffers: Min: 10, Avg: 11.8, Max: 17, Diff: 7, Sum: 354]
      [Scan RS (ms): Min: 0.0, Avg: 0.2, Max: 0.4, Diff: 0.3, Sum: 7.1]
      [Code Root Scanning (ms): Min: 0.0, Avg: 0.0, Max: 0.0, Diff: 0.0, Sum: 0.1]
      [Object Copy (ms): Min: 42.6, Avg: 42.8, Max: 42.9, Diff: 0.3, Sum: 1283.5]
      [Termination (ms): Min: 0.0, Avg: 0.0, Max: 0.1, Diff: 0.0, Sum: 1.4]
         [Termination Attempts: Min: 2, Avg: 19.4, Max: 26, Diff: 24, Sum: 583]
      [GC Worker Other (ms): Min: 0.0, Avg: 0.1, Max: 0.3, Diff: 0.2, Sum: 4.1]
      [GC Worker Total (ms): Min: 52.3, Avg: 52.7, Max: 52.9, Diff: 0.7, Sum: 1580.4]
      [GC Worker End (ms): Min: 207589.1, Avg: 207589.2, Max: 207589.3, Diff: 0.2]
   [Code Root Fixup: 0.0 ms]
   [Code Root Purge: 0.0 ms]
   [Clear CT: 0.9 ms]
   [Other: 3.4 ms]
      [Choose CSet: 0.0 ms]
      [Ref Proc: 0.4 ms]
      [Ref Enq: 0.0 ms]
      [Redirty Cards: 0.4 ms]
      [Humongous Register: 0.1 ms]
      [Humongous Reclaim: 0.1 ms]
      [Free CSet: 2.0 ms]
   [Eden: 4636.0M(4636.0M)->0.0B(4532.0M) Survivors: 276.0M->380.0M Heap: 6329.3M(8192.0M)->1799.0M(8192.0M)]
 [Times: user=1.60 sys=0.00, real=0.06 secs] 
2018-10-15T09:28:51.008+0200: 207.594: Total time for which application threads were stopped: 0.0588897 seconds, Stopping threads took: 0.0005256 seconds
2018-10-15T09:28:51.459+0200: 208.045: Application time: 0.4508983 seconds
2018-10-15T09:28:51.460+0200: 208.046: [GC pause (G1 Evacuation Pause) (young)
Desired survivor size 322961408 bytes, new threshold 3 (max 15)
- age   1:  117582752 bytes,  117582752 total
- age   2:  114129720 bytes,  231712472 total
- age   3:  109081352 bytes,  340793824 total
- age   4:   11565200 bytes,  352359024 total
- age   5:    8238968 bytes,  360597992 total
- age   6:    3489312 bytes,  364087304 total
, 0.0847895 secs]
   [Parallel Time: 80.5 ms, GC Workers: 30]
      [GC Worker Start (ms): Min: 208046.2, Avg: 208046.5, Max: 208047.1, Diff: 0.9]
      [Ext Root Scanning (ms): Min: 0.0, Avg: 0.4, Max: 1.8, Diff: 1.7, Sum: 13.2]
      [Update RS (ms): Min: 8.3, Avg: 9.2, Max: 9.6, Diff: 1.3, Sum: 276.9]
         [Processed Buffers: Min: 9, Avg: 11.6, Max: 16, Diff: 7, Sum: 347]
      [Scan RS (ms): Min: 0.0, Avg: 0.2, Max: 0.4, Diff: 0.3, Sum: 7.3]
      [Code Root Scanning (ms): Min: 0.0, Avg: 0.0, Max: 0.0, Diff: 0.0, Sum: 0.1]
      [Object Copy (ms): Min: 68.7, Avg: 68.9, Max: 69.7, Diff: 1.0, Sum: 2066.4]
      [Termination (ms): Min: 0.0, Avg: 1.0, Max: 1.1, Diff: 1.1, Sum: 29.2]
         [Termination Attempts: Min: 1, Avg: 353.4, Max: 387, Diff: 386, Sum: 10602]
      [GC Worker Other (ms): Min: 0.0, Avg: 0.1, Max: 0.3, Diff: 0.3, Sum: 4.1]
      [GC Worker Total (ms): Min: 79.3, Avg: 79.9, Max: 80.3, Diff: 0.9, Sum: 2397.1]
      [GC Worker End (ms): Min: 208126.3, Avg: 208126.4, Max: 208126.5, Diff: 0.2]
   [Code Root Fixup: 0.0 ms]
   [Code Root Purge: 0.0 ms]
   [Clear CT: 1.0 ms]
   [Other: 3.2 ms]
      [Choose CSet: 0.0 ms]
      [Ref Proc: 0.5 ms]
      [Ref Enq: 0.0 ms]
      [Redirty Cards: 0.9 ms]
      [Humongous Register: 0.1 ms]
      [Humongous Reclaim: 0.0 ms]
      [Free CSet: 1.3 ms]
   [Eden: 4532.0M(4532.0M)->0.0B(4552.0M) Survivors: 380.0M->360.0M Heap: 6331.0M(8192.0M)->1906.0M(8192.0M)]
 [Times: user=2.42 sys=0.00, real=0.09 secs] 
2018-10-15T09:28:51.545+0200: 208.131: Total time for which application threads were stopped: 0.0860553 seconds, Stopping threads took: 0.0005776 seconds
2018-10-15T09:28:52.013+0200: 208.599: Application time: 0.4681141 seconds
2018-10-15T09:28:52.014+0200: 208.600: [GC pause (G1 Evacuation Pause) (young)
Desired survivor size 322961408 bytes, new threshold 3 (max 15)
- age   1:  114678608 bytes,  114678608 total
- age   2:  111048072 bytes,  225726680 total
- age   3:  112567328 bytes,  338294008 total
, 0.0737094 secs]
   [Parallel Time: 69.3 ms, GC Workers: 30]
      [GC Worker Start (ms): Min: 208600.5, Avg: 208600.9, Max: 208601.5, Diff: 1.0]
      [Ext Root Scanning (ms): Min: 0.0, Avg: 0.4, Max: 1.9, Diff: 1.9, Sum: 11.5]
      [Update RS (ms): Min: 16.4, Avg: 17.6, Max: 18.0, Diff: 1.6, Sum: 529.4]
         [Processed Buffers: Min: 17, Avg: 20.4, Max: 25, Diff: 8, Sum: 613]
      [Scan RS (ms): Min: 1.7, Avg: 2.0, Max: 2.2, Diff: 0.5, Sum: 59.5]
      [Code Root Scanning (ms): Min: 0.0, Avg: 0.0, Max: 0.0, Diff: 0.0, Sum: 0.0]
      [Object Copy (ms): Min: 48.2, Avg: 48.4, Max: 48.5, Diff: 0.3, Sum: 1451.5]
      [Termination (ms): Min: 0.0, Avg: 0.1, Max: 0.2, Diff: 0.2, Sum: 2.5]
         [Termination Attempts: Min: 1, Avg: 5.0, Max: 8, Diff: 7, Sum: 151]
      [GC Worker Other (ms): Min: 0.0, Avg: 0.1, Max: 0.3, Diff: 0.2, Sum: 3.7]
      [GC Worker Total (ms): Min: 68.0, Avg: 68.6, Max: 69.2, Diff: 1.1, Sum: 2058.1]
      [GC Worker End (ms): Min: 208669.4, Avg: 208669.5, Max: 208669.6, Diff: 0.3]
   [Code Root Fixup: 0.0 ms]
   [Code Root Purge: 0.0 ms]
   [Clear CT: 1.0 ms]
   [Other: 3.3 ms]
      [Choose CSet: 0.0 ms]
      [Ref Proc: 0.4 ms]
      [Ref Enq: 0.0 ms]
      [Redirty Cards: 0.9 ms]
      [Humongous Register: 0.1 ms]
      [Humongous Reclaim: 0.0 ms]
      [Free CSet: 1.5 ms]
   [Eden: 4552.0M(4552.0M)->0.0B(4564.0M) Survivors: 360.0M->348.0M Heap: 6458.0M(8192.0M)->2028.0M(8192.0M)]
 [Times: user=2.08 sys=0.01, real=0.07 secs] 
2018-10-15T09:28:52.088+0200: 208.674: Total time for which application threads were stopped: 0.0749896 seconds, Stopping threads took: 0.0005539 seconds
2018-10-15T09:28:52.573+0200: 209.159: Application time: 0.4849014 seconds
2018-10-15T09:28:52.574+0200: 209.160: [GC pause (G1 Evacuation Pause) (young)
Desired survivor size 322961408 bytes, new threshold 3 (max 15)
- age   1:  112736336 bytes,  112736336 total
- age   2:  105112616 bytes,  217848952 total
- age   3:  105966072 bytes,  323815024 total
, 0.0702564 secs]
   [Parallel Time: 65.9 ms, GC Workers: 30]
      [GC Worker Start (ms): Min: 209160.3, Avg: 209161.1, Max: 209161.7, Diff: 1.4]
      [Ext Root Scanning (ms): Min: 0.0, Avg: 0.3, Max: 1.7, Diff: 1.7, Sum: 9.2]
      [Update RS (ms): Min: 17.8, Avg: 18.6, Max: 19.1, Diff: 1.2, Sum: 557.7]
         [Processed Buffers: Min: 18, Avg: 22.3, Max: 30, Diff: 12, Sum: 668]
      [Scan RS (ms): Min: 1.2, Avg: 1.5, Max: 1.6, Diff: 0.5, Sum: 44.4]
      [Code Root Scanning (ms): Min: 0.0, Avg: 0.0, Max: 0.0, Diff: 0.0, Sum: 0.0]
      [Object Copy (ms): Min: 44.3, Avg: 44.4, Max: 44.6, Diff: 0.3, Sum: 1331.8]
      [Termination (ms): Min: 0.0, Avg: 0.1, Max: 0.2, Diff: 0.2, Sum: 2.9]
         [Termination Attempts: Min: 1, Avg: 5.4, Max: 10, Diff: 9, Sum: 163]
      [GC Worker Other (ms): Min: 0.0, Avg: 0.1, Max: 0.2, Diff: 0.2, Sum: 3.2]
      [GC Worker Total (ms): Min: 64.3, Avg: 65.0, Max: 65.7, Diff: 1.5, Sum: 1949.3]
      [GC Worker End (ms): Min: 209225.9, Avg: 209226.0, Max: 209226.2, Diff: 0.2]
   [Code Root Fixup: 0.0 ms]
   [Code Root Purge: 0.0 ms]
   [Clear CT: 0.8 ms]
   [Other: 3.5 ms]
      [Choose CSet: 0.0 ms]
      [Ref Proc: 0.4 ms]
      [Ref Enq: 0.0 ms]
      [Redirty Cards: 0.8 ms]
      [Humongous Register: 0.1 ms]
      [Humongous Reclaim: 0.1 ms]
      [Free CSet: 1.7 ms]
   [Eden: 4564.0M(4564.0M)->0.0B(4572.0M) Survivors: 348.0M->340.0M Heap: 6592.0M(8192.0M)->2150.5M(8192.0M)]
 [Times: user=1.99 sys=0.00, real=0.07 secs] 
2018-10-15T09:28:52.645+0200: 209.231: Total time for which application threads were stopped: 0.0715843 seconds, Stopping threads took: 0.0005646 seconds
2018-10-15T09:28:53.130+0200: 209.716: Application time: 0.4851061 seconds
2018-10-15T09:28:53.131+0200: 209.717: [GC pause (G1 Evacuation Pause) (young)
Desired survivor size 322961408 bytes, new threshold 15 (max 15)
- age   1:  114395368 bytes,  114395368 total
- age   2:  103796136 bytes,  218191504 total
- age   3:  104000968 bytes,  322192472 total
, 0.0720532 secs]
   [Parallel Time: 68.1 ms, GC Workers: 30]
      [GC Worker Start (ms): Min: 209717.0, Avg: 209717.4, Max: 209718.0, Diff: 1.0]
      [Ext Root Scanning (ms): Min: 0.0, Avg: 0.4, Max: 1.8, Diff: 1.8, Sum: 13.2]
      [Update RS (ms): Min: 19.8, Avg: 20.5, Max: 20.9, Diff: 1.1, Sum: 615.8]
         [Processed Buffers: Min: 21, Avg: 24.4, Max: 32, Diff: 11, Sum: 731]
      [Scan RS (ms): Min: 1.8, Avg: 2.0, Max: 2.2, Diff: 0.4, Sum: 61.3]
      [Code Root Scanning (ms): Min: 0.0, Avg: 0.0, Max: 0.0, Diff: 0.0, Sum: 0.0]
      [Object Copy (ms): Min: 44.3, Avg: 44.4, Max: 44.5, Diff: 0.2, Sum: 1331.0]
      [Termination (ms): Min: 0.0, Avg: 0.1, Max: 0.1, Diff: 0.1, Sum: 3.1]
         [Termination Attempts: Min: 2, Avg: 4.9, Max: 13, Diff: 11, Sum: 146]
      [GC Worker Other (ms): Min: 0.0, Avg: 0.1, Max: 0.2, Diff: 0.2, Sum: 2.9]
      [GC Worker Total (ms): Min: 67.0, Avg: 67.6, Max: 68.0, Diff: 1.1, Sum: 2027.3]
      [GC Worker End (ms): Min: 209784.9, Avg: 209785.0, Max: 209785.1, Diff: 0.2]
   [Code Root Fixup: 0.0 ms]
   [Code Root Purge: 0.0 ms]
   [Clear CT: 1.0 ms]
   [Other: 2.9 ms]
      [Choose CSet: 0.0 ms]
      [Ref Proc: 0.5 ms]
      [Ref Enq: 0.0 ms]
      [Redirty Cards: 0.4 ms]
      [Humongous Register: 0.1 ms]
      [Humongous Reclaim: 0.0 ms]
      [Free CSet: 1.5 ms]
   [Eden: 4572.0M(4572.0M)->0.0B(4464.0M) Survivors: 340.0M->448.0M Heap: 6722.5M(8192.0M)->2262.0M(8192.0M)]
 [Times: user=2.04 sys=0.01, real=0.07 secs] 
2018-10-15T09:28:53.203+0200: 209.789: Total time for which application threads were stopped: 0.0733158 seconds, Stopping threads took: 0.0005760 seconds
2018-10-15T09:28:53.668+0200: 210.254: Application time: 0.4654456 seconds
2018-10-15T09:28:53.669+0200: 210.255: [GC pause (G1 Evacuation Pause) (young)
Desired survivor size 322961408 bytes, new threshold 3 (max 15)
- age   1:  116730344 bytes,  116730344 total
- age   2:  106306592 bytes,  223036936 total
- age   3:  102270952 bytes,  325307888 total
- age   4:  103755632 bytes,  429063520 total
, 0.0686679 secs]
   [Parallel Time: 64.2 ms, GC Workers: 30]
      [GC Worker Start (ms): Min: 210255.7, Avg: 210256.0, Max: 210256.6, Diff: 0.9]
      [Ext Root Scanning (ms): Min: 0.0, Avg: 0.4, Max: 1.8, Diff: 1.8, Sum: 12.8]
      [Update RS (ms): Min: 9.3, Avg: 10.4, Max: 11.1, Diff: 1.8, Sum: 312.7]
         [Processed Buffers: Min: 10, Avg: 13.3, Max: 20, Diff: 10, Sum: 398]
      [Scan RS (ms): Min: 0.0, Avg: 0.2, Max: 0.4, Diff: 0.3, Sum: 7.1]
      [Code Root Scanning (ms): Min: 0.0, Avg: 0.0, Max: 0.0, Diff: 0.0, Sum: 0.1]
      [Object Copy (ms): Min: 51.9, Avg: 52.4, Max: 52.5, Diff: 0.6, Sum: 1571.0]
      [Termination (ms): Min: 0.0, Avg: 0.0, Max: 0.1, Diff: 0.1, Sum: 1.1]
         [Termination Attempts: Min: 1, Avg: 14.2, Max: 21, Diff: 20, Sum: 426]
      [GC Worker Other (ms): Min: 0.0, Avg: 0.1, Max: 0.3, Diff: 0.2, Sum: 4.0]
      [GC Worker Total (ms): Min: 63.0, Avg: 63.6, Max: 64.1, Diff: 1.1, Sum: 1908.9]
      [GC Worker End (ms): Min: 210319.6, Avg: 210319.7, Max: 210319.8, Diff: 0.2]
   [Code Root Fixup: 0.0 ms]
   [Code Root Purge: 0.0 ms]
   [Clear CT: 0.9 ms]
   [Other: 3.5 ms]
      [Choose CSet: 0.0 ms]
      [Ref Proc: 0.5 ms]
      [Ref Enq: 0.0 ms]
      [Redirty Cards: 1.1 ms]
      [Humongous Register: 0.1 ms]
      [Humongous Reclaim: 0.0 ms]
      [Free CSet: 1.3 ms]
   [Eden: 4464.0M(4464.0M)->0.0B(4584.0M) Survivors: 448.0M->328.0M Heap: 6726.0M(8192.0M)->2379.9M(8192.0M)]
 [Times: user=1.94 sys=0.01, real=0.07 secs] 
2018-10-15T09:28:53.738+0200: 210.324: Total time for which application threads were stopped: 0.0698862 seconds, Stopping threads took: 0.0005349 seconds
2018-10-15T09:28:54.234+0200: 210.820: Application time: 0.4955361 seconds
2018-10-15T09:28:54.237+0200: 210.823: [GC pause (G1 Evacuation Pause) (young)
Desired survivor size 322961408 bytes, new threshold 15 (max 15)
- age   1:  113331936 bytes,  113331936 total
- age   2:  101088872 bytes,  214420808 total
- age   3:   97823256 bytes,  312244064 total
, 0.0781917 secs]
   [Parallel Time: 74.6 ms, GC Workers: 30]
      [GC Worker Start (ms): Min: 210822.9, Avg: 210823.6, Max: 210824.1, Diff: 1.1]
      [Ext Root Scanning (ms): Min: 0.0, Avg: 0.3, Max: 1.8, Diff: 1.8, Sum: 10.2]
      [Update RS (ms): Min: 17.3, Avg: 18.2, Max: 18.9, Diff: 1.6, Sum: 545.6]
         [Processed Buffers: Min: 18, Avg: 22.3, Max: 35, Diff: 17, Sum: 670]
      [Scan RS (ms): Min: 0.9, Avg: 1.6, Max: 1.9, Diff: 1.0, Sum: 47.5]
      [Code Root Scanning (ms): Min: 0.0, Avg: 0.0, Max: 0.0, Diff: 0.0, Sum: 0.1]
      [Object Copy (ms): Min: 52.5, Avg: 52.7, Max: 53.3, Diff: 0.8, Sum: 1582.0]
      [Termination (ms): Min: 0.0, Avg: 0.7, Max: 0.8, Diff: 0.8, Sum: 20.4]
         [Termination Attempts: Min: 1, Avg: 415.5, Max: 451, Diff: 450, Sum: 12464]
      [GC Worker Other (ms): Min: 0.0, Avg: 0.2, Max: 0.4, Diff: 0.4, Sum: 5.1]
      [GC Worker Total (ms): Min: 73.2, Avg: 73.7, Max: 74.4, Diff: 1.3, Sum: 2210.8]
      [GC Worker End (ms): Min: 210897.2, Avg: 210897.3, Max: 210897.4, Diff: 0.3]
   [Code Root Fixup: 0.0 ms]
   [Code Root Purge: 0.0 ms]
   [Clear CT: 0.8 ms]
   [Other: 2.7 ms]
      [Choose CSet: 0.0 ms]
      [Ref Proc: 0.5 ms]
      [Ref Enq: 0.0 ms]
      [Redirty Cards: 0.4 ms]
      [Humongous Register: 0.1 ms]
      [Humongous Reclaim: 0.0 ms]
      [Free CSet: 1.3 ms]
   [Eden: 4584.0M(4584.0M)->0.0B(4396.0M) Survivors: 328.0M->448.0M Heap: 6963.9M(8192.0M)->2497.9M(8192.0M)]
 [Times: user=2.24 sys=0.00, real=0.08 secs] 
2018-10-15T09:28:54.315+0200: 210.901: Total time for which application threads were stopped: 0.0811217 seconds, Stopping threads took: 0.0022506 seconds
2018-10-15T09:28:54.772+0200: 211.358: Application time: 0.4569454 seconds
2018-10-15T09:28:54.773+0200: 211.359: [GC pause (G1 Evacuation Pause) (young)
Desired survivor size 318767104 bytes, new threshold 3 (max 15)
- age   1:  125257064 bytes,  125257064 total
- age   2:  106340904 bytes,  231597968 total
- age   3:   99924688 bytes,  331522656 total
- age   4:   97467552 bytes,  428990208 total
, 0.0941226 secs]
   [Parallel Time: 89.8 ms, GC Workers: 30]
      [GC Worker Start (ms): Min: 211359.3, Avg: 211359.9, Max: 211360.7, Diff: 1.4]
      [Ext Root Scanning (ms): Min: 0.0, Avg: 0.3, Max: 1.9, Diff: 1.8, Sum: 9.8]
      [Update RS (ms): Min: 9.8, Avg: 10.9, Max: 12.3, Diff: 2.4, Sum: 326.7]
         [Processed Buffers: Min: 11, Avg: 13.4, Max: 19, Diff: 8, Sum: 402]
      [Scan RS (ms): Min: 0.0, Avg: 0.2, Max: 0.4, Diff: 0.3, Sum: 6.3]
      [Code Root Scanning (ms): Min: 0.0, Avg: 0.0, Max: 0.0, Diff: 0.0, Sum: 0.1]
      [Object Copy (ms): Min: 75.4, Avg: 76.4, Max: 77.5, Diff: 2.1, Sum: 2293.0]
      [Termination (ms): Min: 0.0, Avg: 0.9, Max: 1.0, Diff: 1.0, Sum: 28.3]
         [Termination Attempts: Min: 1, Avg: 568.8, Max: 632, Diff: 631, Sum: 17063]
      [GC Worker Other (ms): Min: 0.0, Avg: 0.1, Max: 0.3, Diff: 0.2, Sum: 4.2]
      [GC Worker Total (ms): Min: 88.1, Avg: 88.9, Max: 89.7, Diff: 1.5, Sum: 2668.4]
      [GC Worker End (ms): Min: 211448.7, Avg: 211448.9, Max: 211449.0, Diff: 0.3]
   [Code Root Fixup: 0.0 ms]
   [Code Root Purge: 0.0 ms]
   [Clear CT: 0.9 ms]
   [Other: 3.5 ms]
      [Choose CSet: 0.0 ms]
      [Ref Proc: 0.5 ms]
      [Ref Enq: 0.0 ms]
      [Redirty Cards: 1.1 ms]
      [Humongous Register: 0.1 ms]
      [Humongous Reclaim: 0.0 ms]
      [Free CSet: 1.3 ms]
   [Eden: 4396.0M(4396.0M)->0.0B(4340.0M) Survivors: 448.0M->360.0M Heap: 6893.9M(8192.0M)->2639.2M(8192.0M)]
 [Times: user=2.70 sys=0.01, real=0.09 secs] 
2018-10-15T09:28:54.867+0200: 211.453: Total time for which application threads were stopped: 0.0953629 seconds, Stopping threads took: 0.0005700 seconds
2018-10-15T09:28:55.312+0200: 211.898: Application time: 0.4448127 seconds
2018-10-15T09:28:55.313+0200: 211.899: [GC pause (G1 Evacuation Pause) (young)
Desired survivor size 308281344 bytes, new threshold 3 (max 15)
- age   1:  112984008 bytes,  112984008 total
- age   2:  118371168 bytes,  231355176 total
- age   3:  105551240 bytes,  336906416 total
, 0.0744243 secs]
   [Parallel Time: 69.4 ms, GC Workers: 30]
      [GC Worker Start (ms): Min: 211899.4, Avg: 211899.9, Max: 211900.7, Diff: 1.2]
      [Ext Root Scanning (ms): Min: 0.0, Avg: 0.4, Max: 1.9, Diff: 1.9, Sum: 11.6]
      [Update RS (ms): Min: 19.2, Avg: 20.3, Max: 21.4, Diff: 2.2, Sum: 608.4]
         [Processed Buffers: Min: 18, Avg: 24.0, Max: 34, Diff: 16, Sum: 721]
      [Scan RS (ms): Min: 1.0, Avg: 2.1, Max: 2.3, Diff: 1.3, Sum: 62.8]
      [Code Root Scanning (ms): Min: 0.0, Avg: 0.0, Max: 0.0, Diff: 0.0, Sum: 0.0]
      [Object Copy (ms): Min: 45.6, Avg: 45.7, Max: 45.8, Diff: 0.2, Sum: 1371.2]
      [Termination (ms): Min: 0.0, Avg: 0.1, Max: 0.2, Diff: 0.2, Sum: 2.6]
         [Termination Attempts: Min: 2, Avg: 5.9, Max: 8, Diff: 6, Sum: 177]
      [GC Worker Other (ms): Min: 0.0, Avg: 0.1, Max: 0.3, Diff: 0.3, Sum: 3.9]
      [GC Worker Total (ms): Min: 67.9, Avg: 68.7, Max: 69.3, Diff: 1.4, Sum: 2060.5]
      [GC Worker End (ms): Min: 211968.5, Avg: 211968.6, Max: 211968.8, Diff: 0.3]
   [Code Root Fixup: 0.0 ms]
   [Code Root Purge: 0.0 ms]
   [Clear CT: 1.0 ms]
   [Other: 4.0 ms]
      [Choose CSet: 0.0 ms]
      [Ref Proc: 0.5 ms]
      [Ref Enq: 0.0 ms]
      [Redirty Cards: 0.9 ms]
      [Humongous Register: 0.1 ms]
      [Humongous Reclaim: 0.1 ms]
      [Free CSet: 2.0 ms]
   [Eden: 4340.0M(4340.0M)->0.0B(4224.0M) Survivors: 360.0M->352.0M Heap: 6979.2M(8192.0M)->2766.0M(8192.0M)]
 [Times: user=2.09 sys=0.00, real=0.07 secs] 
2018-10-15T09:28:55.388+0200: 211.974: Total time for which application threads were stopped: 0.0757749 seconds, Stopping threads took: 0.0005316 seconds
2018-10-15T09:28:55.829+0200: 212.415: Application time: 0.4410812 seconds
2018-10-15T09:28:55.830+0200: 212.416: [GC pause (G1 Evacuation Pause) (young)
Desired survivor size 299892736 bytes, new threshold 3 (max 15)
- age   1:  115004952 bytes,  115004952 total
- age   2:  105410024 bytes,  220414976 total
- age   3:  116790616 bytes,  337205592 total
, 0.0686669 secs]
   [Parallel Time: 64.7 ms, GC Workers: 30]
      [GC Worker Start (ms): Min: 212416.4, Avg: 212417.2, Max: 212418.0, Diff: 1.5]
      [Ext Root Scanning (ms): Min: 0.0, Avg: 0.3, Max: 1.8, Diff: 1.8, Sum: 9.3]
      [Update RS (ms): Min: 17.7, Avg: 18.5, Max: 19.0, Diff: 1.3, Sum: 555.6]
         [Processed Buffers: Min: 18, Avg: 21.8, Max: 28, Diff: 10, Sum: 654]
      [Scan RS (ms): Min: 1.6, Avg: 1.8, Max: 1.9, Diff: 0.3, Sum: 53.9]
      [Code Root Scanning (ms): Min: 0.0, Avg: 0.0, Max: 0.0, Diff: 0.0, Sum: 0.0]
      [Object Copy (ms): Min: 42.8, Avg: 42.9, Max: 43.0, Diff: 0.2, Sum: 1285.9]
      [Termination (ms): Min: 0.0, Avg: 0.0, Max: 0.0, Diff: 0.0, Sum: 0.2]
         [Termination Attempts: Min: 1, Avg: 1.0, Max: 2, Diff: 1, Sum: 31]
      [GC Worker Other (ms): Min: 0.0, Avg: 0.1, Max: 0.3, Diff: 0.3, Sum: 4.3]
      [GC Worker Total (ms): Min: 62.8, Avg: 63.6, Max: 64.5, Diff: 1.7, Sum: 1909.2]
      [GC Worker End (ms): Min: 212480.7, Avg: 212480.8, Max: 212481.0, Diff: 0.3]
   [Code Root Fixup: 0.0 ms]
   [Code Root Purge: 0.0 ms]
   [Clear CT: 0.9 ms]
   [Other: 3.0 ms]
      [Choose CSet: 0.0 ms]
      [Ref Proc: 0.5 ms]
      [Ref Enq: 0.0 ms]
      [Redirty Cards: 0.7 ms]
      [Humongous Register: 0.1 ms]
      [Humongous Reclaim: 0.0 ms]
      [Free CSet: 1.3 ms]
   [Eden: 4224.0M(4224.0M)->0.0B(4116.0M) Survivors: 352.0M->336.0M Heap: 6990.0M(8192.0M)->2890.0M(8192.0M)]
 [Times: user=1.94 sys=0.00, real=0.07 secs] 
2018-10-15T09:28:55.899+0200: 212.485: Total time for which application threads were stopped: 0.0699616 seconds, Stopping threads took: 0.0005819 seconds
2018-10-15T09:28:56.324+0200: 212.910: Application time: 0.4253963 seconds
2018-10-15T09:28:56.325+0200: 212.911: [GC pause (G1 Evacuation Pause) (young)
Desired survivor size 293601280 bytes, new threshold 3 (max 15)
- age   1:   98862912 bytes,   98862912 total
- age   2:  108785400 bytes,  207648312 total
- age   3:  104603080 bytes,  312251392 total
, 0.0709761 secs]
   [Parallel Time: 66.8 ms, GC Workers: 30]
      [GC Worker Start (ms): Min: 212911.7, Avg: 212912.4, Max: 212913.1, Diff: 1.4]
      [Ext Root Scanning (ms): Min: 0.0, Avg: 0.3, Max: 1.9, Diff: 1.8, Sum: 10.4]
      [Update RS (ms): Min: 19.8, Avg: 20.9, Max: 22.2, Diff: 2.3, Sum: 625.7]
         [Processed Buffers: Min: 19, Avg: 23.8, Max: 33, Diff: 14, Sum: 713]
      [Scan RS (ms): Min: 1.6, Avg: 2.7, Max: 3.1, Diff: 1.6, Sum: 82.5]
      [Code Root Scanning (ms): Min: 0.0, Avg: 0.0, Max: 0.0, Diff: 0.0, Sum: 0.1]
      [Object Copy (ms): Min: 41.5, Avg: 41.7, Max: 41.9, Diff: 0.3, Sum: 1250.6]
      [Termination (ms): Min: 0.0, Avg: 0.0, Max: 0.0, Diff: 0.0, Sum: 0.1]
         [Termination Attempts: Min: 1, Avg: 1.0, Max: 1, Diff: 0, Sum: 30]
      [GC Worker Other (ms): Min: 0.0, Avg: 0.1, Max: 0.2, Diff: 0.2, Sum: 3.8]
      [GC Worker Total (ms): Min: 65.1, Avg: 65.8, Max: 66.5, Diff: 1.4, Sum: 1973.1]
      [GC Worker End (ms): Min: 212978.1, Avg: 212978.2, Max: 212978.3, Diff: 0.2]
   [Code Root Fixup: 0.0 ms]
   [Code Root Purge: 0.0 ms]
   [Clear CT: 0.9 ms]
   [Other: 3.3 ms]
      [Choose CSet: 0.0 ms]
      [Ref Proc: 0.5 ms]
      [Ref Enq: 0.0 ms]
      [Redirty Cards: 0.9 ms]
      [Humongous Register: 0.1 ms]
      [Humongous Reclaim: 0.0 ms]
      [Free CSet: 1.4 ms]
   [Eden: 4116.0M(4116.0M)->0.0B(4028.0M) Survivors: 336.0M->316.0M Heap: 7006.0M(8192.0M)->2996.0M(8192.0M)]
 [Times: user=2.00 sys=0.00, real=0.07 secs] 
2018-10-15T09:28:56.396+0200: 212.983: Total time for which application threads were stopped: 0.0722062 seconds, Stopping threads took: 0.0005443 seconds
2018-10-15T09:28:56.822+0200: 213.408: Application time: 0.4256541 seconds
2018-10-15T09:28:56.823+0200: 213.409: [GC pause (G1 Evacuation Pause) (young)
Desired survivor size 285212672 bytes, new threshold 3 (max 15)
- age   1:  103479928 bytes,  103479928 total
- age   2:   94769616 bytes,  198249544 total
- age   3:  107583736 bytes,  305833280 total
, 0.0676118 secs]
   [Parallel Time: 63.5 ms, GC Workers: 30]
      [GC Worker Start (ms): Min: 213409.6, Avg: 213410.0, Max: 213410.6, Diff: 1.0]
      [Ext Root Scanning (ms): Min: 0.0, Avg: 0.4, Max: 1.9, Diff: 1.9, Sum: 12.7]
      [Update RS (ms): Min: 16.6, Avg: 17.7, Max: 18.0, Diff: 1.4, Sum: 531.9]
         [Processed Buffers: Min: 18, Avg: 21.6, Max: 30, Diff: 12, Sum: 647]
      [Scan RS (ms): Min: 1.0, Avg: 1.3, Max: 1.4, Diff: 0.5, Sum: 39.2]
      [Code Root Scanning (ms): Min: 0.0, Avg: 0.0, Max: 0.0, Diff: 0.0, Sum: 0.0]
      [Object Copy (ms): Min: 43.1, Avg: 43.2, Max: 43.3, Diff: 0.2, Sum: 1294.9]
      [Termination (ms): Min: 0.0, Avg: 0.1, Max: 0.1, Diff: 0.1, Sum: 2.1]
         [Termination Attempts: Min: 3, Avg: 4.4, Max: 6, Diff: 3, Sum: 133]
      [GC Worker Other (ms): Min: 0.0, Avg: 0.1, Max: 0.2, Diff: 0.2, Sum: 3.8]
      [GC Worker Total (ms): Min: 62.1, Avg: 62.8, Max: 63.2, Diff: 1.1, Sum: 1884.5]
      [GC Worker End (ms): Min: 213472.7, Avg: 213472.8, Max: 213472.9, Diff: 0.3]
   [Code Root Fixup: 0.0 ms]
   [Code Root Purge: 0.0 ms]
   [Clear CT: 0.9 ms]
   [Other: 3.1 ms]
      [Choose CSet: 0.0 ms]
      [Ref Proc: 0.5 ms]
      [Ref Enq: 0.0 ms]
      [Redirty Cards: 0.8 ms]
      [Humongous Register: 0.1 ms]
      [Humongous Reclaim: 0.0 ms]
      [Free CSet: 1.3 ms]
   [Eden: 4028.0M(4028.0M)->0.0B(3892.0M) Survivors: 316.0M->316.0M Heap: 7024.0M(8192.0M)->3132.5M(8192.0M)]
 [Times: user=1.91 sys=0.01, real=0.07 secs] 
2018-10-15T09:28:56.891+0200: 213.477: Total time for which application threads were stopped: 0.0688842 seconds, Stopping threads took: 0.0005681 seconds
2018-10-15T09:28:57.290+0200: 213.876: Application time: 0.3984815 seconds
2018-10-15T09:28:57.291+0200: 213.877: [GC pause (G1 Evacuation Pause) (young)
Desired survivor size 276824064 bytes, new threshold 3 (max 15)
- age   1:  106594080 bytes,  106594080 total
- age   2:   99157648 bytes,  205751728 total
- age   3:   93916632 bytes,  299668360 total
, 0.0730546 secs]
   [Parallel Time: 69.4 ms, GC Workers: 30]
      [GC Worker Start (ms): Min: 213876.9, Avg: 213877.7, Max: 213878.4, Diff: 1.5]
      [Ext Root Scanning (ms): Min: 0.0, Avg: 0.3, Max: 1.7, Diff: 1.7, Sum: 9.8]
      [Update RS (ms): Min: 19.9, Avg: 20.4, Max: 21.0, Diff: 1.1, Sum: 612.2]
         [Processed Buffers: Min: 18, Avg: 23.5, Max: 30, Diff: 12, Sum: 704]
      [Scan RS (ms): Min: 0.9, Avg: 1.3, Max: 1.6, Diff: 0.6, Sum: 39.0]
      [Code Root Scanning (ms): Min: 0.0, Avg: 0.0, Max: 0.0, Diff: 0.0, Sum: 0.0]
      [Object Copy (ms): Min: 45.8, Avg: 46.0, Max: 46.2, Diff: 0.3, Sum: 1379.5]
      [Termination (ms): Min: 0.0, Avg: 0.2, Max: 0.2, Diff: 0.2, Sum: 4.7]
         [Termination Attempts: Min: 1, Avg: 86.0, Max: 97, Diff: 96, Sum: 2580]
      [GC Worker Other (ms): Min: 0.0, Avg: 0.1, Max: 0.3, Diff: 0.2, Sum: 4.1]
      [GC Worker Total (ms): Min: 67.5, Avg: 68.3, Max: 69.1, Diff: 1.6, Sum: 2049.3]
      [GC Worker End (ms): Min: 213945.9, Avg: 213946.0, Max: 213946.1, Diff: 0.2]
   [Code Root Fixup: 0.0 ms]
   [Code Root Purge: 0.0 ms]
   [Clear CT: 0.8 ms]
   [Other: 2.9 ms]
      [Choose CSet: 0.0 ms]
      [Ref Proc: 0.5 ms]
      [Ref Enq: 0.0 ms]
      [Redirty Cards: 0.7 ms]
      [Humongous Register: 0.1 ms]
      [Humongous Reclaim: 0.0 ms]
      [Free CSet: 1.2 ms]
   [Eden: 3892.0M(3892.0M)->0.0B(3772.0M) Survivors: 316.0M->320.0M Heap: 7024.5M(8192.0M)->3250.0M(8192.0M)]
 [Times: user=2.08 sys=0.00, real=0.08 secs] 
2018-10-15T09:28:57.364+0200: 213.950: Total time for which application threads were stopped: 0.0743063 seconds, Stopping threads took: 0.0005766 seconds
2018-10-15T09:28:57.765+0200: 214.351: Application time: 0.4009761 seconds
2018-10-15T09:28:57.766+0200: 214.352: [GC pause (G1 Evacuation Pause) (young)
Desired survivor size 268435456 bytes, new threshold 3 (max 15)
- age   1:  101959728 bytes,  101959728 total
- age   2:   99501272 bytes,  201461000 total
- age   3:   98561296 bytes,  300022296 total
, 0.0670290 secs]
   [Parallel Time: 63.1 ms, GC Workers: 30]
      [GC Worker Start (ms): Min: 214352.3, Avg: 214352.7, Max: 214353.3, Diff: 1.0]
      [Ext Root Scanning (ms): Min: 0.0, Avg: 0.4, Max: 1.7, Diff: 1.7, Sum: 11.5]
      [Update RS (ms): Min: 17.4, Avg: 18.4, Max: 18.7, Diff: 1.3, Sum: 551.9]
         [Processed Buffers: Min: 17, Avg: 21.4, Max: 28, Diff: 11, Sum: 642]
      [Scan RS (ms): Min: 2.0, Avg: 2.2, Max: 2.4, Diff: 0.4, Sum: 65.6]
      [Code Root Scanning (ms): Min: 0.0, Avg: 0.0, Max: 0.0, Diff: 0.0, Sum: 0.0]
      [Object Copy (ms): Min: 41.1, Avg: 41.2, Max: 41.3, Diff: 0.2, Sum: 1236.6]
      [Termination (ms): Min: 0.0, Avg: 0.1, Max: 0.2, Diff: 0.2, Sum: 2.7]
         [Termination Attempts: Min: 1, Avg: 5.4, Max: 9, Diff: 8, Sum: 163]
      [GC Worker Other (ms): Min: 0.0, Avg: 0.1, Max: 0.2, Diff: 0.2, Sum: 3.2]
      [GC Worker Total (ms): Min: 61.8, Avg: 62.4, Max: 62.9, Diff: 1.1, Sum: 1871.6]
      [GC Worker End (ms): Min: 214415.0, Avg: 214415.1, Max: 214415.3, Diff: 0.2]
   [Code Root Fixup: 0.0 ms]
   [Code Root Purge: 0.0 ms]
   [Clear CT: 0.9 ms]
   [Other: 3.0 ms]
      [Choose CSet: 0.0 ms]
      [Ref Proc: 0.4 ms]
      [Ref Enq: 0.0 ms]
      [Redirty Cards: 0.8 ms]
      [Humongous Register: 0.1 ms]
      [Humongous Reclaim: 0.1 ms]
      [Free CSet: 1.2 ms]
   [Eden: 3772.0M(3772.0M)->0.0B(3684.0M) Survivors: 320.0M->300.0M Heap: 7022.0M(8192.0M)->3358.0M(8192.0M)]
 [Times: user=1.90 sys=0.00, real=0.07 secs] 
2018-10-15T09:28:57.833+0200: 214.419: Total time for which application threads were stopped: 0.0683571 seconds, Stopping threads took: 0.0006077 seconds
2018-10-15T09:28:58.215+0200: 214.801: Application time: 0.3818177 seconds
2018-10-15T09:28:58.216+0200: 214.802: [GC pause (G1 Evacuation Pause) (young)
Desired survivor size 262144000 bytes, new threshold 3 (max 15)
- age   1:   92288936 bytes,   92288936 total
- age   2:   94063880 bytes,  186352816 total
- age   3:   97778680 bytes,  284131496 total
, 0.0673594 secs]
   [Parallel Time: 63.4 ms, GC Workers: 30]
      [GC Worker Start (ms): Min: 214802.4, Avg: 214802.9, Max: 214803.6, Diff: 1.2]
      [Ext Root Scanning (ms): Min: 0.0, Avg: 0.4, Max: 1.7, Diff: 1.7, Sum: 10.6]
      [Update RS (ms): Min: 19.1, Avg: 20.0, Max: 20.4, Diff: 1.3, Sum: 600.9]
         [Processed Buffers: Min: 18, Avg: 23.1, Max: 29, Diff: 11, Sum: 694]
      [Scan RS (ms): Min: 1.3, Avg: 1.7, Max: 1.9, Diff: 0.5, Sum: 50.8]
      [Code Root Scanning (ms): Min: 0.0, Avg: 0.0, Max: 0.0, Diff: 0.0, Sum: 0.0]
      [Object Copy (ms): Min: 40.2, Avg: 40.3, Max: 40.4, Diff: 0.2, Sum: 1208.7]
      [Termination (ms): Min: 0.1, Avg: 0.1, Max: 0.2, Diff: 0.1, Sum: 3.8]
         [Termination Attempts: Min: 1, Avg: 29.8, Max: 38, Diff: 37, Sum: 893]
      [GC Worker Other (ms): Min: 0.0, Avg: 0.1, Max: 0.2, Diff: 0.2, Sum: 3.2]
      [GC Worker Total (ms): Min: 61.9, Avg: 62.6, Max: 63.2, Diff: 1.3, Sum: 1878.0]
      [GC Worker End (ms): Min: 214865.4, Avg: 214865.5, Max: 214865.7, Diff: 0.2]
   [Code Root Fixup: 0.0 ms]
   [Code Root Purge: 0.0 ms]
   [Clear CT: 0.9 ms]
   [Other: 3.0 ms]
      [Choose CSet: 0.0 ms]
      [Ref Proc: 0.5 ms]
      [Ref Enq: 0.0 ms]
      [Redirty Cards: 0.9 ms]
      [Humongous Register: 0.1 ms]
      [Humongous Reclaim: 0.1 ms]
      [Free CSet: 1.2 ms]
   [Eden: 3684.0M(3684.0M)->0.0B(3576.0M) Survivors: 300.0M->292.0M Heap: 7042.0M(8192.0M)->3470.5M(8192.0M)]
 [Times: user=1.90 sys=0.01, real=0.07 secs] 
2018-10-15T09:28:58.284+0200: 214.870: Total time for which application threads were stopped: 0.0686575 seconds, Stopping threads took: 0.0005856 seconds
2018-10-15T09:28:58.661+0200: 215.247: Application time: 0.3768796 seconds
2018-10-15T09:28:58.662+0200: 215.248: [GC pause (G1 Evacuation Pause) (young)
Desired survivor size 253755392 bytes, new threshold 3 (max 15)
- age   1:   91045888 bytes,   91045888 total
- age   2:   85779728 bytes,  176825616 total
- age   3:   93881800 bytes,  270707416 total
, 0.0631201 secs]
   [Parallel Time: 59.2 ms, GC Workers: 30]
      [GC Worker Start (ms): Min: 215247.9, Avg: 215248.3, Max: 215248.9, Diff: 1.0]
      [Ext Root Scanning (ms): Min: 0.0, Avg: 0.5, Max: 1.9, Diff: 1.9, Sum: 13.8]
      [Update RS (ms): Min: 17.4, Avg: 18.6, Max: 18.9, Diff: 1.5, Sum: 557.1]
         [Processed Buffers: Min: 17, Avg: 20.9, Max: 26, Diff: 9, Sum: 627]
      [Scan RS (ms): Min: 0.9, Avg: 1.2, Max: 1.4, Diff: 0.5, Sum: 37.2]
      [Code Root Scanning (ms): Min: 0.0, Avg: 0.0, Max: 0.0, Diff: 0.0, Sum: 0.0]
      [Object Copy (ms): Min: 37.9, Avg: 38.0, Max: 38.2, Diff: 0.2, Sum: 1141.1]
      [Termination (ms): Min: 0.0, Avg: 0.1, Max: 0.2, Diff: 0.2, Sum: 3.0]
         [Termination Attempts: Min: 1, Avg: 5.4, Max: 10, Diff: 9, Sum: 161]
      [GC Worker Other (ms): Min: 0.0, Avg: 0.1, Max: 0.2, Diff: 0.2, Sum: 3.1]
      [GC Worker Total (ms): Min: 57.8, Avg: 58.5, Max: 58.9, Diff: 1.1, Sum: 1755.4]
      [GC Worker End (ms): Min: 215306.7, Avg: 215306.8, Max: 215306.9, Diff: 0.2]
   [Code Root Fixup: 0.0 ms]
   [Code Root Purge: 0.0 ms]
   [Clear CT: 0.9 ms]
   [Other: 3.0 ms]
      [Choose CSet: 0.0 ms]
      [Ref Proc: 0.5 ms]
      [Ref Enq: 0.0 ms]
      [Redirty Cards: 0.8 ms]
      [Humongous Register: 0.1 ms]
      [Humongous Reclaim: 0.1 ms]
      [Free CSet: 1.2 ms]
   [Eden: 3576.0M(3576.0M)->0.0B(3492.0M) Survivors: 292.0M->276.0M Heap: 7046.5M(8192.0M)->3576.0M(8192.0M)]
 [Times: user=1.78 sys=0.00, real=0.07 secs] 
2018-10-15T09:28:58.725+0200: 215.311: Total time for which application threads were stopped: 0.0643578 seconds, Stopping threads took: 0.0005517 seconds
2018-10-15T09:28:59.085+0200: 215.671: Application time: 0.3599660 seconds
2018-10-15T09:28:59.086+0200: 215.672: [GC pause (G1 Evacuation Pause) (young)
Desired survivor size 247463936 bytes, new threshold 3 (max 15)
- age   1:   83922096 bytes,   83922096 total
- age   2:   85718640 bytes,  169640736 total
- age   3:   85625160 bytes,  255265896 total
, 0.0599172 secs]
   [Parallel Time: 56.3 ms, GC Workers: 30]
      [GC Worker Start (ms): Min: 215672.3, Avg: 215672.8, Max: 215673.4, Diff: 1.1]
      [Ext Root Scanning (ms): Min: 0.0, Avg: 0.4, Max: 1.8, Diff: 1.8, Sum: 12.4]
      [Update RS (ms): Min: 19.6, Avg: 20.6, Max: 21.0, Diff: 1.4, Sum: 617.6]
         [Processed Buffers: Min: 18, Avg: 22.9, Max: 30, Diff: 12, Sum: 688]
      [Scan RS (ms): Min: 1.0, Avg: 1.3, Max: 1.5, Diff: 0.5, Sum: 40.1]
      [Code Root Scanning (ms): Min: 0.0, Avg: 0.0, Max: 0.0, Diff: 0.0, Sum: 0.0]
      [Object Copy (ms): Min: 33.2, Avg: 33.3, Max: 33.4, Diff: 0.3, Sum: 997.7]
      [Termination (ms): Min: 0.0, Avg: 0.0, Max: 0.0, Diff: 0.0, Sum: 0.1]
         [Termination Attempts: Min: 1, Avg: 1.0, Max: 1, Diff: 0, Sum: 30]
      [GC Worker Other (ms): Min: 0.0, Avg: 0.1, Max: 0.3, Diff: 0.2, Sum: 3.8]
      [GC Worker Total (ms): Min: 55.1, Avg: 55.7, Max: 56.2, Diff: 1.2, Sum: 1671.8]
      [GC Worker End (ms): Min: 215728.4, Avg: 215728.5, Max: 215728.6, Diff: 0.2]
   [Code Root Fixup: 0.0 ms]
   [Code Root Purge: 0.0 ms]
   [Clear CT: 0.8 ms]
   [Other: 2.8 ms]
      [Choose CSet: 0.0 ms]
      [Ref Proc: 0.4 ms]
      [Ref Enq: 0.0 ms]
      [Redirty Cards: 0.8 ms]
      [Humongous Register: 0.1 ms]
      [Humongous Reclaim: 0.0 ms]
      [Free CSet: 1.0 ms]
   [Eden: 3492.0M(3492.0M)->0.0B(3392.0M) Survivors: 276.0M->268.0M Heap: 7068.0M(8192.0M)->3682.0M(8192.0M)]
 [Times: user=1.70 sys=0.00, real=0.06 secs] 
2018-10-15T09:28:59.146+0200: 215.732: Total time for which application threads were stopped: 0.0612074 seconds, Stopping threads took: 0.0005929 seconds
2018-10-15T09:28:59.505+0200: 216.091: Application time: 0.3588326 seconds
2018-10-15T09:28:59.506+0200: 216.092: [GC pause (G1 Evacuation Pause) (young)
Desired survivor size 241172480 bytes, new threshold 3 (max 15)
- age   1:   87879160 bytes,   87879160 total
- age   2:   73702432 bytes,  161581592 total
- age   3:   81795744 bytes,  243377336 total
, 0.0584068 secs]
   [Parallel Time: 55.2 ms, GC Workers: 30]
      [GC Worker Start (ms): Min: 216092.3, Avg: 216092.7, Max: 216093.4, Diff: 1.1]
      [Ext Root Scanning (ms): Min: 0.0, Avg: 0.4, Max: 1.7, Diff: 1.7, Sum: 12.3]
      [Update RS (ms): Min: 17.8, Avg: 18.8, Max: 19.3, Diff: 1.4, Sum: 564.4]
         [Processed Buffers: Min: 17, Avg: 20.8, Max: 29, Diff: 12, Sum: 625]
      [Scan RS (ms): Min: 1.0, Avg: 1.4, Max: 1.5, Diff: 0.5, Sum: 40.7]
      [Code Root Scanning (ms): Min: 0.0, Avg: 0.0, Max: 0.0, Diff: 0.0, Sum: 0.0]
      [Object Copy (ms): Min: 33.6, Avg: 33.7, Max: 33.9, Diff: 0.3, Sum: 1011.9]
      [Termination (ms): Min: 0.0, Avg: 0.1, Max: 0.2, Diff: 0.2, Sum: 2.4]
         [Termination Attempts: Min: 1, Avg: 5.4, Max: 9, Diff: 8, Sum: 161]
      [GC Worker Other (ms): Min: 0.0, Avg: 0.1, Max: 0.2, Diff: 0.2, Sum: 2.8]
      [GC Worker Total (ms): Min: 53.8, Avg: 54.5, Max: 55.0, Diff: 1.1, Sum: 1634.5]
      [GC Worker End (ms): Min: 216147.1, Avg: 216147.2, Max: 216147.3, Diff: 0.2]
   [Code Root Fixup: 0.0 ms]
   [Code Root Purge: 0.0 ms]
   [Clear CT: 0.7 ms]
   [Other: 2.5 ms]
      [Choose CSet: 0.0 ms]
      [Ref Proc: 0.3 ms]
      [Ref Enq: 0.0 ms]
      [Redirty Cards: 0.7 ms]
      [Humongous Register: 0.1 ms]
      [Humongous Reclaim: 0.1 ms]
      [Free CSet: 1.0 ms]
   [Eden: 3392.0M(3392.0M)->0.0B(3288.0M) Survivors: 268.0M->268.0M Heap: 7074.0M(8192.0M)->3786.0M(8192.0M)]
 [Times: user=1.66 sys=0.00, real=0.06 secs] 
2018-10-15T09:28:59.565+0200: 216.151: Total time for which application threads were stopped: 0.0596752 seconds, Stopping threads took: 0.0005762 seconds
2018-10-15T09:28:59.900+0200: 216.486: Application time: 0.3357584 seconds
2018-10-15T09:28:59.903+0200: 216.489: [GC pause (G1 Evacuation Pause) (young)
Desired survivor size 234881024 bytes, new threshold 3 (max 15)
- age   1:   88708496 bytes,   88708496 total
- age   2:   83827824 bytes,  172536320 total
- age   3:   73207168 bytes,  245743488 total
, 0.0625465 secs]
   [Parallel Time: 59.4 ms, GC Workers: 30]
      [GC Worker Start (ms): Min: 216488.9, Avg: 216489.4, Max: 216490.0, Diff: 1.0]
      [Ext Root Scanning (ms): Min: 0.0, Avg: 0.4, Max: 1.8, Diff: 1.8, Sum: 12.2]
      [Update RS (ms): Min: 25.9, Avg: 26.5, Max: 26.8, Diff: 0.9, Sum: 794.2]
         [Processed Buffers: Min: 24, Avg: 29.8, Max: 37, Diff: 13, Sum: 894]
      [Scan RS (ms): Min: 0.0, Avg: 0.1, Max: 0.2, Diff: 0.2, Sum: 4.2]
      [Code Root Scanning (ms): Min: 0.0, Avg: 0.0, Max: 0.0, Diff: 0.0, Sum: 0.0]
      [Object Copy (ms): Min: 31.3, Avg: 31.6, Max: 31.7, Diff: 0.4, Sum: 946.6]
      [Termination (ms): Min: 0.0, Avg: 0.0, Max: 0.0, Diff: 0.0, Sum: 0.2]
         [Termination Attempts: Min: 1, Avg: 1.1, Max: 2, Diff: 1, Sum: 32]
      [GC Worker Other (ms): Min: 0.0, Avg: 0.1, Max: 0.2, Diff: 0.2, Sum: 3.8]
      [GC Worker Total (ms): Min: 58.1, Avg: 58.7, Max: 59.2, Diff: 1.1, Sum: 1761.3]
      [GC Worker End (ms): Min: 216548.0, Avg: 216548.1, Max: 216548.2, Diff: 0.2]
   [Code Root Fixup: 0.0 ms]
   [Code Root Purge: 0.0 ms]
   [Clear CT: 0.6 ms]
   [Other: 2.5 ms]
      [Choose CSet: 0.0 ms]
      [Ref Proc: 0.5 ms]
      [Ref Enq: 0.0 ms]
      [Redirty Cards: 0.6 ms]
      [Humongous Register: 0.1 ms]
      [Humongous Reclaim: 0.1 ms]
      [Free CSet: 0.9 ms]
   [Eden: 3288.0M(3288.0M)->0.0B(3176.0M) Survivors: 268.0M->276.0M Heap: 7074.0M(8192.0M)->3892.0M(8192.0M)]
 [Times: user=1.78 sys=0.00, real=0.07 secs] 
2018-10-15T09:28:59.965+0200: 216.551: Total time for which application threads were stopped: 0.0649736 seconds, Stopping threads took: 0.0017459 seconds
2018-10-15T09:29:00.297+0200: 216.883: Application time: 0.3317412 seconds
2018-10-15T09:29:00.298+0200: 216.884: [GC pause (G1 Evacuation Pause) (young)
Desired survivor size 226492416 bytes, new threshold 3 (max 15)
- age   1:   86251064 bytes,   86251064 total
- age   2:   80637344 bytes,  166888408 total
- age   3:   83162528 bytes,  250050936 total
, 0.0648893 secs]
   [Parallel Time: 61.5 ms, GC Workers: 30]
      [GC Worker Start (ms): Min: 216884.4, Avg: 216884.8, Max: 216885.4, Diff: 0.9]
      [Ext Root Scanning (ms): Min: 0.0, Avg: 0.4, Max: 1.8, Diff: 1.8, Sum: 13.4]
      [Update RS (ms): Min: 25.9, Avg: 26.7, Max: 26.9, Diff: 1.1, Sum: 799.9]
         [Processed Buffers: Min: 24, Avg: 29.7, Max: 37, Diff: 13, Sum: 892]
      [Scan RS (ms): Min: 0.0, Avg: 0.1, Max: 0.3, Diff: 0.2, Sum: 3.8]
      [Code Root Scanning (ms): Min: 0.0, Avg: 0.0, Max: 0.0, Diff: 0.0, Sum: 0.0]
      [Object Copy (ms): Min: 33.4, Avg: 33.5, Max: 33.6, Diff: 0.3, Sum: 1004.8]
      [Termination (ms): Min: 0.0, Avg: 0.0, Max: 0.0, Diff: 0.0, Sum: 0.2]
         [Termination Attempts: Min: 1, Avg: 1.0, Max: 1, Diff: 0, Sum: 30]
      [GC Worker Other (ms): Min: 0.0, Avg: 0.1, Max: 0.2, Diff: 0.2, Sum: 3.8]
      [GC Worker Total (ms): Min: 60.2, Avg: 60.9, Max: 61.3, Diff: 1.1, Sum: 1826.0]
      [GC Worker End (ms): Min: 216945.5, Avg: 216945.7, Max: 216945.8, Diff: 0.2]
   [Code Root Fixup: 0.0 ms]
   [Code Root Purge: 0.0 ms]
   [Clear CT: 0.7 ms]
   [Other: 2.6 ms]
      [Choose CSet: 0.0 ms]
      [Ref Proc: 0.5 ms]
      [Ref Enq: 0.0 ms]
      [Redirty Cards: 0.8 ms]
      [Humongous Register: 0.1 ms]
      [Humongous Reclaim: 0.1 ms]
      [Free CSet: 0.9 ms]
   [Eden: 3176.0M(3176.0M)->0.0B(3080.0M) Survivors: 276.0M->268.0M Heap: 7068.0M(8192.0M)->3996.0M(8192.0M)]
 [Times: user=1.85 sys=0.00, real=0.06 secs] 
2018-10-15T09:29:00.363+0200: 216.949: Total time for which application threads were stopped: 0.0662102 seconds, Stopping threads took: 0.0005785 seconds
2018-10-15T09:29:00.695+0200: 217.281: Application time: 0.3315840 seconds
2018-10-15T09:29:00.696+0200: 217.282: [GC pause (G1 Evacuation Pause) (young) (initial-mark)
Desired survivor size 220200960 bytes, new threshold 3 (max 15)
- age   1:   81389768 bytes,   81389768 total
- age   2:   78479016 bytes,  159868784 total
- age   3:   80400488 bytes,  240269272 total
, 0.0590807 secs]
   [Parallel Time: 55.7 ms, GC Workers: 30]
      [GC Worker Start (ms): Min: 217282.6, Avg: 217283.5, Max: 217284.2, Diff: 1.6]
      [Ext Root Scanning (ms): Min: 1.4, Avg: 2.2, Max: 2.9, Diff: 1.5, Sum: 65.6]
      [Update RS (ms): Min: 16.6, Avg: 17.3, Max: 18.1, Diff: 1.6, Sum: 518.3]
         [Processed Buffers: Min: 12, Avg: 18.6, Max: 22, Diff: 10, Sum: 558]
      [Scan RS (ms): Min: 1.4, Avg: 1.9, Max: 2.2, Diff: 0.8, Sum: 56.9]
      [Code Root Scanning (ms): Min: 0.0, Avg: 0.0, Max: 0.0, Diff: 0.0, Sum: 0.0]
      [Object Copy (ms): Min: 32.8, Avg: 32.9, Max: 33.0, Diff: 0.2, Sum: 986.0]
      [Termination (ms): Min: 0.0, Avg: 0.1, Max: 0.1, Diff: 0.1, Sum: 2.1]
         [Termination Attempts: Min: 1, Avg: 4.9, Max: 9, Diff: 8, Sum: 146]
      [GC Worker Other (ms): Min: 0.0, Avg: 0.1, Max: 0.2, Diff: 0.2, Sum: 2.6]
      [GC Worker Total (ms): Min: 53.5, Avg: 54.4, Max: 55.2, Diff: 1.7, Sum: 1631.6]
      [GC Worker End (ms): Min: 217337.8, Avg: 217337.8, Max: 217337.9, Diff: 0.2]
   [Code Root Fixup: 0.0 ms]
   [Code Root Purge: 0.0 ms]
   [Clear CT: 0.6 ms]
   [Other: 2.7 ms]
      [Choose CSet: 0.0 ms]
      [Ref Proc: 0.4 ms]
      [Ref Enq: 0.0 ms]
      [Redirty Cards: 0.8 ms]
      [Humongous Register: 0.1 ms]
      [Humongous Reclaim: 0.1 ms]
      [Free CSet: 0.9 ms]
   [Eden: 3080.0M(3080.0M)->0.0B(3000.0M) Survivors: 268.0M->256.0M Heap: 7076.0M(8192.0M)->4086.0M(8192.0M)]
 [Times: user=1.59 sys=0.01, real=0.06 secs] 
2018-10-15T09:29:00.755+0200: 217.341: [GC concurrent-root-region-scan-start]
2018-10-15T09:29:00.755+0200: 217.341: Total time for which application threads were stopped: 0.0603812 seconds, Stopping threads took: 0.0006074 seconds
2018-10-15T09:29:00.812+0200: 217.398: [GC concurrent-root-region-scan-end, 0.0563953 secs]
2018-10-15T09:29:00.812+0200: 217.398: [GC concurrent-mark-start]
2018-10-15T09:29:01.100+0200: 217.686: [GC concurrent-mark-end, 0.2880361 secs]
2018-10-15T09:29:01.100+0200: 217.686: Application time: 0.3444177 seconds
2018-10-15T09:29:01.101+0200: 217.687: [GC remark 2018-10-15T09:29:01.101+0200: 217.687: [Finalize Marking, 0.0006860 secs] 2018-10-15T09:29:01.101+0200: 217.687: [GC ref-proc, 0.0011634 secs] 2018-10-15T09:29:01.103+0200: 217.689: [Unloading, 0.0131426 secs], 0.0162454 secs]
 [Times: user=0.38 sys=0.01, real=0.02 secs] 
2018-10-15T09:29:01.117+0200: 217.703: Total time for which application threads were stopped: 0.0172801 seconds, Stopping threads took: 0.0005333 seconds
2018-10-15T09:29:01.117+0200: 217.703: Application time: 0.0000475 seconds
2018-10-15T09:29:01.117+0200: 217.703: [GC cleanup 6466M->5082M(8192M), 0.0080136 secs]
 [Times: user=0.19 sys=0.00, real=0.01 secs] 
2018-10-15T09:29:01.125+0200: 217.712: Total time for which application threads were stopped: 0.0085009 seconds, Stopping threads took: 0.0000572 seconds
2018-10-15T09:29:01.126+0200: 217.712: [GC concurrent-cleanup-start]
2018-10-15T09:29:01.127+0200: 217.713: [GC concurrent-cleanup-end, 0.0015011 secs]
2018-10-15T09:29:01.189+0200: 217.775: Application time: 0.0635972 seconds
2018-10-15T09:29:01.190+0200: 217.776: [GC pause (G1 Evacuation Pause) (young)
Desired survivor size 213909504 bytes, new threshold 3 (max 15)
- age   1:   78610400 bytes,   78610400 total
- age   2:   73722744 bytes,  152333144 total
- age   3:   77888184 bytes,  230221328 total
, 0.0629782 secs]
   [Parallel Time: 59.8 ms, GC Workers: 30]
      [GC Worker Start (ms): Min: 217776.4, Avg: 217776.9, Max: 217777.5, Diff: 1.1]
      [Ext Root Scanning (ms): Min: 0.0, Avg: 0.3, Max: 1.7, Diff: 1.7, Sum: 9.8]
      [Update RS (ms): Min: 13.3, Avg: 14.0, Max: 15.3, Diff: 2.0, Sum: 419.6]
         [Processed Buffers: Min: 14, Avg: 20.5, Max: 29, Diff: 15, Sum: 614]
      [Scan RS (ms): Min: 1.3, Avg: 2.3, Max: 2.6, Diff: 1.3, Sum: 69.9]
      [Code Root Scanning (ms): Min: 0.0, Avg: 0.0, Max: 0.0, Diff: 0.0, Sum: 0.0]
      [Object Copy (ms): Min: 41.8, Avg: 42.0, Max: 42.6, Diff: 0.8, Sum: 1258.8]
      [Termination (ms): Min: 0.0, Avg: 0.4, Max: 0.5, Diff: 0.5, Sum: 12.5]
         [Termination Attempts: Min: 1, Avg: 316.6, Max: 352, Diff: 351, Sum: 9497]
      [GC Worker Other (ms): Min: 0.0, Avg: 0.1, Max: 0.2, Diff: 0.2, Sum: 3.5]
      [GC Worker Total (ms): Min: 58.4, Avg: 59.1, Max: 59.7, Diff: 1.3, Sum: 1774.2]
      [GC Worker End (ms): Min: 217835.9, Avg: 217836.0, Max: 217836.1, Diff: 0.2]
   [Code Root Fixup: 0.0 ms]
   [Code Root Purge: 0.0 ms]
   [Clear CT: 0.5 ms]
   [Other: 2.6 ms]
      [Choose CSet: 0.0 ms]
      [Ref Proc: 0.5 ms]
      [Ref Enq: 0.0 ms]
      [Redirty Cards: 0.7 ms]
      [Humongous Register: 0.1 ms]
      [Humongous Reclaim: 0.0 ms]
      [Free CSet: 0.8 ms]
   [Eden: 3000.0M(3000.0M)->0.0B(160.0M) Survivors: 256.0M->248.0M Heap: 5702.0M(8192.0M)->2796.0M(8192.0M)]
 [Times: user=1.79 sys=0.01, real=0.07 secs] 
2018-10-15T09:29:01.253+0200: 217.839: Total time for which application threads were stopped: 0.0641287 seconds, Stopping threads took: 0.0004372 seconds
2018-10-15T09:29:01.272+0200: 217.858: Application time: 0.0188582 seconds
2018-10-15T09:29:01.273+0200: 217.859: [GC pause (G1 Evacuation Pause) (mixed)
Desired survivor size 27262976 bytes, new threshold 1 (max 15)
- age   1:   75532128 bytes,   75532128 total
- age   2:   71027248 bytes,  146559376 total
- age   3:   73044928 bytes,  219604304 total
, 0.0500823 secs]
   [Parallel Time: 46.2 ms, GC Workers: 30]
      [GC Worker Start (ms): Min: 217859.1, Avg: 217859.5, Max: 217860.1, Diff: 1.0]
      [Ext Root Scanning (ms): Min: 0.0, Avg: 0.3, Max: 1.7, Diff: 1.7, Sum: 10.4]
      [Update RS (ms): Min: 16.3, Avg: 17.4, Max: 17.7, Diff: 1.4, Sum: 520.7]
         [Processed Buffers: Min: 21, Avg: 25.4, Max: 34, Diff: 13, Sum: 761]
      [Scan RS (ms): Min: 1.8, Avg: 2.1, Max: 2.4, Diff: 0.6, Sum: 62.9]
      [Code Root Scanning (ms): Min: 0.0, Avg: 0.0, Max: 0.1, Diff: 0.1, Sum: 0.1]
      [Object Copy (ms): Min: 25.6, Avg: 25.8, Max: 25.8, Diff: 0.2, Sum: 773.2]
      [Termination (ms): Min: 0.0, Avg: 0.0, Max: 0.0, Diff: 0.0, Sum: 0.3]
         [Termination Attempts: Min: 1, Avg: 1.5, Max: 2, Diff: 1, Sum: 45]
      [GC Worker Other (ms): Min: 0.0, Avg: 0.1, Max: 0.1, Diff: 0.1, Sum: 1.8]
      [GC Worker Total (ms): Min: 45.0, Avg: 45.6, Max: 46.1, Diff: 1.1, Sum: 1369.4]
      [GC Worker End (ms): Min: 217905.1, Avg: 217905.1, Max: 217905.2, Diff: 0.1]
   [Code Root Fixup: 0.0 ms]
   [Code Root Purge: 0.0 ms]
   [Clear CT: 0.6 ms]
   [Other: 3.2 ms]
      [Choose CSet: 0.2 ms]
      [Ref Proc: 0.5 ms]
      [Ref Enq: 0.0 ms]
      [Redirty Cards: 1.0 ms]
      [Humongous Register: 0.1 ms]
      [Humongous Reclaim: 0.0 ms]
      [Free CSet: 1.1 ms]
   [Eden: 160.0M(160.0M)->0.0B(356.0M) Survivors: 248.0M->52.0M Heap: 2956.0M(8192.0M)->2018.0M(8192.0M)]
 [Times: user=1.41 sys=0.00, real=0.04 secs] 
2018-10-15T09:29:01.323+0200: 217.909: Total time for which application threads were stopped: 0.0509266 seconds, Stopping threads took: 0.0002598 seconds
2018-10-15T09:29:01.373+0200: 217.959: Application time: 0.0495252 seconds
2018-10-15T09:29:01.373+0200: 217.959: [GC pause (G1 Evacuation Pause) (mixed)
Desired survivor size 27262976 bytes, new threshold 15 (max 15)
- age   1:    5356264 bytes,    5356264 total
, 0.0339396 secs]
   [Parallel Time: 30.5 ms, GC Workers: 30]
      [GC Worker Start (ms): Min: 217959.8, Avg: 217960.4, Max: 217961.1, Diff: 1.3]
      [Ext Root Scanning (ms): Min: 0.0, Avg: 0.3, Max: 1.5, Diff: 1.5, Sum: 8.4]
      [Update RS (ms): Min: 23.7, Avg: 24.3, Max: 24.7, Diff: 1.1, Sum: 730.2]
         [Processed Buffers: Min: 28, Avg: 34.2, Max: 45, Diff: 17, Sum: 1026]
      [Scan RS (ms): Min: 0.9, Avg: 1.2, Max: 1.3, Diff: 0.4, Sum: 35.8]
      [Code Root Scanning (ms): Min: 0.0, Avg: 0.0, Max: 0.1, Diff: 0.1, Sum: 0.3]
      [Object Copy (ms): Min: 3.7, Avg: 3.8, Max: 3.9, Diff: 0.2, Sum: 114.8]
      [Termination (ms): Min: 0.0, Avg: 0.0, Max: 0.0, Diff: 0.0, Sum: 0.6]
         [Termination Attempts: Min: 4, Avg: 7.3, Max: 13, Diff: 9, Sum: 218]
      [GC Worker Other (ms): Min: 0.0, Avg: 0.1, Max: 0.1, Diff: 0.1, Sum: 1.7]
      [GC Worker Total (ms): Min: 29.0, Avg: 29.7, Max: 30.3, Diff: 1.3, Sum: 891.7]
      [GC Worker End (ms): Min: 217990.1, Avg: 217990.1, Max: 217990.2, Diff: 0.1]
   [Code Root Fixup: 0.0 ms]
   [Code Root Purge: 0.0 ms]
   [Clear CT: 0.7 ms]
   [Other: 2.7 ms]
      [Choose CSet: 0.2 ms]
      [Ref Proc: 0.4 ms]
      [Ref Enq: 0.0 ms]
      [Redirty Cards: 0.3 ms]
      [Humongous Register: 0.1 ms]
      [Humongous Reclaim: 0.0 ms]
      [Free CSet: 1.3 ms]
   [Eden: 356.0M(356.0M)->0.0B(356.0M) Survivors: 52.0M->52.0M Heap: 2374.0M(8192.0M)->1258.0M(8192.0M)]
 [Times: user=0.91 sys=0.00, real=0.03 secs] 
2018-10-15T09:29:01.407+0200: 217.993: Total time for which application threads were stopped: 0.0348884 seconds, Stopping threads took: 0.0003286 seconds
2018-10-15T09:29:01.445+0200: 218.031: Application time: 0.0378191 seconds
2018-10-15T09:29:01.446+0200: 218.032: [GC pause (G1 Evacuation Pause) (mixed)
Desired survivor size 27262976 bytes, new threshold 15 (max 15)
- age   1:   11345808 bytes,   11345808 total
- age   2:    4018784 bytes,   15364592 total
, 0.0120465 secs]
   [Parallel Time: 10.2 ms, GC Workers: 30]
      [GC Worker Start (ms): Min: 218032.3, Avg: 218032.5, Max: 218032.7, Diff: 0.3]
      [Ext Root Scanning (ms): Min: 0.2, Avg: 0.4, Max: 1.7, Diff: 1.5, Sum: 13.0]
      [Update RS (ms): Min: 3.3, Avg: 4.3, Max: 5.1, Diff: 1.9, Sum: 128.0]
         [Processed Buffers: Min: 4, Avg: 7.4, Max: 14, Diff: 10, Sum: 223]
      [Scan RS (ms): Min: 0.0, Avg: 0.1, Max: 0.3, Diff: 0.3, Sum: 2.5]
      [Code Root Scanning (ms): Min: 0.0, Avg: 0.0, Max: 0.0, Diff: 0.0, Sum: 0.0]
      [Object Copy (ms): Min: 4.2, Avg: 4.9, Max: 5.1, Diff: 0.9, Sum: 148.1]
      [Termination (ms): Min: 0.0, Avg: 0.0, Max: 0.0, Diff: 0.0, Sum: 0.9]
         [Termination Attempts: Min: 3, Avg: 11.9, Max: 18, Diff: 15, Sum: 358]
      [GC Worker Other (ms): Min: 0.0, Avg: 0.1, Max: 0.1, Diff: 0.1, Sum: 1.6]
      [GC Worker Total (ms): Min: 9.6, Avg: 9.8, Max: 9.9, Diff: 0.3, Sum: 294.1]
      [GC Worker End (ms): Min: 218042.3, Avg: 218042.3, Max: 218042.4, Diff: 0.1]
   [Code Root Fixup: 0.0 ms]
   [Code Root Purge: 0.0 ms]
   [Clear CT: 0.4 ms]
   [Other: 1.5 ms]
      [Choose CSet: 0.0 ms]
      [Ref Proc: 0.5 ms]
      [Ref Enq: 0.0 ms]
      [Redirty Cards: 0.3 ms]
      [Humongous Register: 0.1 ms]
      [Humongous Reclaim: 0.0 ms]
      [Free CSet: 0.2 ms]
   [Eden: 356.0M(356.0M)->0.0B(4876.0M) Survivors: 52.0M->36.0M Heap: 1614.0M(8192.0M)->1252.6M(8192.0M)]
 [Times: user=0.30 sys=0.00, real=0.01 secs] 
2018-10-15T09:29:01.458+0200: 218.044: Total time for which application threads were stopped: 0.0130277 seconds, Stopping threads took: 0.0004105 seconds
2018-10-15T09:29:01.975+0200: 218.561: Application time: 0.5162979 seconds
2018-10-15T09:29:01.976+0200: 218.562: [GC pause (G1 Evacuation Pause) (young)
Desired survivor size 322961408 bytes, new threshold 15 (max 15)
- age   1:    9706856 bytes,    9706856 total
- age   2:   10987440 bytes,   20694296 total
- age   3:    3970336 bytes,   24664632 total
, 0.0376174 secs]
   [Parallel Time: 34.0 ms, GC Workers: 30]
      [GC Worker Start (ms): Min: 218561.9, Avg: 218562.4, Max: 218563.1, Diff: 1.1]
      [Ext Root Scanning (ms): Min: 0.0, Avg: 0.4, Max: 1.9, Diff: 1.9, Sum: 11.6]
      [Update RS (ms): Min: 9.0, Avg: 10.2, Max: 12.1, Diff: 3.1, Sum: 305.9]
         [Processed Buffers: Min: 9, Avg: 12.7, Max: 17, Diff: 8, Sum: 382]
      [Scan RS (ms): Min: 0.0, Avg: 0.2, Max: 0.4, Diff: 0.3, Sum: 6.7]
      [Code Root Scanning (ms): Min: 0.0, Avg: 0.0, Max: 0.0, Diff: 0.0, Sum: 0.1]
      [Object Copy (ms): Min: 20.6, Avg: 22.2, Max: 22.3, Diff: 1.8, Sum: 665.5]
      [Termination (ms): Min: 0.0, Avg: 0.1, Max: 0.2, Diff: 0.2, Sum: 2.8]
         [Termination Attempts: Min: 1, Avg: 4.7, Max: 8, Diff: 7, Sum: 141]
      [GC Worker Other (ms): Min: 0.0, Avg: 0.1, Max: 0.2, Diff: 0.2, Sum: 3.5]
      [GC Worker Total (ms): Min: 32.5, Avg: 33.2, Max: 33.8, Diff: 1.3, Sum: 996.2]
      [GC Worker End (ms): Min: 218595.5, Avg: 218595.6, Max: 218595.7, Diff: 0.2]
   [Code Root Fixup: 0.0 ms]
   [Code Root Purge: 0.0 ms]
   [Clear CT: 0.9 ms]
   [Other: 2.7 ms]
      [Choose CSet: 0.0 ms]
      [Ref Proc: 0.5 ms]
      [Ref Enq: 0.0 ms]
      [Redirty Cards: 0.4 ms]
      [Humongous Register: 0.1 ms]
      [Humongous Reclaim: 0.0 ms]
      [Free CSet: 1.3 ms]
   [Eden: 4876.0M(4876.0M)->0.0B(4744.0M) Survivors: 36.0M->168.0M Heap: 6128.6M(8192.0M)->1384.4M(8192.0M)]
 [Times: user=1.02 sys=0.00, real=0.04 secs] 
2018-10-15T09:29:02.013+0200: 218.599: Total time for which application threads were stopped: 0.0388630 seconds, Stopping threads took: 0.0005474 seconds
2018-10-15T09:29:02.505+0200: 219.091: Application time: 0.4917293 seconds
2018-10-15T09:29:02.506+0200: 219.092: [GC pause (G1 Evacuation Pause) (young)
Desired survivor size 322961408 bytes, new threshold 15 (max 15)
- age   1:  124814408 bytes,  124814408 total
- age   2:    8822816 bytes,  133637224 total
- age   3:   10697856 bytes,  144335080 total
- age   4:    3882792 bytes,  148217872 total
, 0.0543235 secs]
   [Parallel Time: 50.7 ms, GC Workers: 30]
      [GC Worker Start (ms): Min: 219092.4, Avg: 219092.7, Max: 219093.1, Diff: 0.7]
      [Ext Root Scanning (ms): Min: 0.0, Avg: 0.5, Max: 1.8, Diff: 1.8, Sum: 14.7]
      [Update RS (ms): Min: 9.2, Avg: 10.2, Max: 10.5, Diff: 1.3, Sum: 304.9]
         [Processed Buffers: Min: 10, Avg: 13.0, Max: 18, Diff: 8, Sum: 389]
      [Scan RS (ms): Min: 0.0, Avg: 0.2, Max: 0.3, Diff: 0.3, Sum: 6.3]
      [Code Root Scanning (ms): Min: 0.0, Avg: 0.0, Max: 0.0, Diff: 0.0, Sum: 0.1]
      [Object Copy (ms): Min: 38.9, Avg: 39.1, Max: 39.3, Diff: 0.4, Sum: 1173.3]
      [Termination (ms): Min: 0.0, Avg: 0.1, Max: 0.2, Diff: 0.2, Sum: 4.4]
         [Termination Attempts: Min: 1, Avg: 67.6, Max: 78, Diff: 77, Sum: 2029]
      [GC Worker Other (ms): Min: 0.0, Avg: 0.1, Max: 0.3, Diff: 0.3, Sum: 4.4]
      [GC Worker Total (ms): Min: 49.7, Avg: 50.3, Max: 50.6, Diff: 0.9, Sum: 1508.1]
      [GC Worker End (ms): Min: 219142.8, Avg: 219142.9, Max: 219143.1, Diff: 0.3]
   [Code Root Fixup: 0.0 ms]
   [Code Root Purge: 0.0 ms]
   [Clear CT: 0.9 ms]
   [Other: 2.7 ms]
      [Choose CSet: 0.0 ms]
      [Ref Proc: 0.5 ms]
      [Ref Enq: 0.0 ms]
      [Redirty Cards: 0.4 ms]
      [Humongous Register: 0.1 ms]
      [Humongous Reclaim: 0.0 ms]
      [Free CSet: 1.3 ms]
   [Eden: 4744.0M(4744.0M)->0.0B(4624.0M) Survivors: 168.0M->288.0M Heap: 6128.4M(8192.0M)->1503.5M(8192.0M)]
 [Times: user=1.53 sys=0.00, real=0.05 secs] 
2018-10-15T09:29:02.561+0200: 219.147: Total time for which application threads were stopped: 0.0555215 seconds, Stopping threads took: 0.0005210 seconds
2018-10-15T09:29:03.036+0200: 219.622: Application time: 0.4756307 seconds
2018-10-15T09:29:03.037+0200: 219.623: [GC pause (G1 Evacuation Pause) (young)
Desired survivor size 322961408 bytes, new threshold 15 (max 15)
- age   1:  124590704 bytes,  124590704 total
- age   2:  120091832 bytes,  244682536 total
- age   3:    8791248 bytes,  253473784 total
- age   4:   10411888 bytes,  263885672 total
- age   5:    3881704 bytes,  267767376 total
, 0.0607499 secs]
   [Parallel Time: 57.2 ms, GC Workers: 30]
      [GC Worker Start (ms): Min: 219623.7, Avg: 219624.0, Max: 219624.6, Diff: 1.0]
      [Ext Root Scanning (ms): Min: 0.0, Avg: 0.5, Max: 1.9, Diff: 1.9, Sum: 14.0]
      [Update RS (ms): Min: 9.6, Avg: 10.6, Max: 11.2, Diff: 1.5, Sum: 319.3]
         [Processed Buffers: Min: 9, Avg: 13.0, Max: 18, Diff: 9, Sum: 390]
      [Scan RS (ms): Min: 0.0, Avg: 0.2, Max: 0.4, Diff: 0.3, Sum: 7.0]
      [Code Root Scanning (ms): Min: 0.0, Avg: 0.0, Max: 0.0, Diff: 0.0, Sum: 0.1]
      [Object Copy (ms): Min: 44.8, Avg: 45.1, Max: 45.2, Diff: 0.4, Sum: 1352.5]
      [Termination (ms): Min: 0.0, Avg: 0.0, Max: 0.0, Diff: 0.0, Sum: 0.8]
         [Termination Attempts: Min: 1, Avg: 13.5, Max: 20, Diff: 19, Sum: 405]
      [GC Worker Other (ms): Min: 0.0, Avg: 0.1, Max: 0.3, Diff: 0.2, Sum: 4.0]
      [GC Worker Total (ms): Min: 56.0, Avg: 56.6, Max: 57.1, Diff: 1.1, Sum: 1697.8]
      [GC Worker End (ms): Min: 219680.5, Avg: 219680.6, Max: 219680.7, Diff: 0.2]
   [Code Root Fixup: 0.0 ms]
   [Code Root Purge: 0.0 ms]
   [Clear CT: 0.9 ms]
   [Other: 2.5 ms]
      [Choose CSet: 0.0 ms]
      [Ref Proc: 0.4 ms]
      [Ref Enq: 0.0 ms]
      [Redirty Cards: 0.4 ms]
      [Humongous Register: 0.1 ms]
      [Humongous Reclaim: 0.0 ms]
      [Free CSet: 1.3 ms]
   [Eden: 4624.0M(4624.0M)->0.0B(4520.0M) Survivors: 288.0M->392.0M Heap: 6127.5M(8192.0M)->1607.5M(8192.0M)]
 [Times: user=1.71 sys=0.00, real=0.06 secs] 
2018-10-15T09:29:03.098+0200: 219.684: Total time for which application threads were stopped: 0.0620174 seconds, Stopping threads took: 0.0005921 seconds
2018-10-15T09:29:03.560+0200: 220.146: Application time: 0.4613029 seconds
2018-10-15T09:29:03.561+0200: 220.147: [GC pause (G1 Evacuation Pause) (young)
Desired survivor size 322961408 bytes, new threshold 3 (max 15)
- age   1:  120057680 bytes,  120057680 total
- age   2:  116703808 bytes,  236761488 total
- age   3:  118729392 bytes,  355490880 total
- age   4:    8784512 bytes,  364275392 total
- age   5:   10311184 bytes,  374586576 total
- age   6:    3881704 bytes,  378468280 total
, 0.0691984 secs]
   [Parallel Time: 65.3 ms, GC Workers: 30]
      [GC Worker Start (ms): Min: 220147.0, Avg: 220147.3, Max: 220147.9, Diff: 0.9]
      [Ext Root Scanning (ms): Min: 0.0, Avg: 0.5, Max: 1.9, Diff: 1.9, Sum: 14.1]
      [Update RS (ms): Min: 9.2, Avg: 10.4, Max: 11.0, Diff: 1.8, Sum: 312.6]
         [Processed Buffers: Min: 10, Avg: 12.7, Max: 16, Diff: 6, Sum: 380]
      [Scan RS (ms): Min: 0.0, Avg: 0.2, Max: 0.4, Diff: 0.3, Sum: 7.2]
      [Code Root Scanning (ms): Min: 0.0, Avg: 0.0, Max: 0.0, Diff: 0.0, Sum: 0.1]
      [Object Copy (ms): Min: 53.2, Avg: 53.5, Max: 53.6, Diff: 0.5, Sum: 1604.6]
      [Termination (ms): Min: 0.0, Avg: 0.0, Max: 0.0, Diff: 0.0, Sum: 0.2]
         [Termination Attempts: Min: 1, Avg: 1.0, Max: 1, Diff: 0, Sum: 30]
      [GC Worker Other (ms): Min: 0.0, Avg: 0.2, Max: 0.3, Diff: 0.3, Sum: 4.8]
      [GC Worker Total (ms): Min: 64.2, Avg: 64.8, Max: 65.2, Diff: 1.0, Sum: 1943.6]
      [GC Worker End (ms): Min: 220211.9, Avg: 220212.1, Max: 220212.2, Diff: 0.3]
   [Code Root Fixup: 0.0 ms]
   [Code Root Purge: 0.0 ms]
   [Clear CT: 0.8 ms]
   [Other: 3.0 ms]
      [Choose CSet: 0.0 ms]
      [Ref Proc: 0.4 ms]
      [Ref Enq: 0.0 ms]
      [Redirty Cards: 0.8 ms]
      [Humongous Register: 0.1 ms]
      [Humongous Reclaim: 0.0 ms]
      [Free CSet: 1.3 ms]
   [Eden: 4520.0M(4520.0M)->0.0B(4560.0M) Survivors: 392.0M->352.0M Heap: 6127.5M(8192.0M)->1703.6M(8192.0M)]
 [Times: user=1.98 sys=0.01, real=0.07 secs] 
2018-10-15T09:29:03.630+0200: 220.216: Total time for which application threads were stopped: 0.0704465 seconds, Stopping threads took: 0.0005485 seconds
2018-10-15T09:29:04.114+0200: 220.700: Application time: 0.4835625 seconds
2018-10-15T09:29:04.115+0200: 220.701: [GC pause (G1 Evacuation Pause) (young)
Desired survivor size 322961408 bytes, new threshold 3 (max 15)
- age   1:  110155024 bytes,  110155024 total
- age   2:  111664304 bytes,  221819328 total
- age   3:  116045456 bytes,  337864784 total
, 0.0754282 secs]
   [Parallel Time: 71.0 ms, GC Workers: 30]
      [GC Worker Start (ms): Min: 220701.1, Avg: 220702.0, Max: 220702.7, Diff: 1.5]
      [Ext Root Scanning (ms): Min: 0.0, Avg: 0.3, Max: 1.8, Diff: 1.8, Sum: 10.0]
      [Update RS (ms): Min: 18.2, Avg: 18.9, Max: 19.3, Diff: 1.1, Sum: 567.8]
         [Processed Buffers: Min: 18, Avg: 22.1, Max: 28, Diff: 10, Sum: 662]
      [Scan RS (ms): Min: 2.7, Avg: 3.1, Max: 3.3, Diff: 0.6, Sum: 93.2]
      [Code Root Scanning (ms): Min: 0.0, Avg: 0.0, Max: 0.0, Diff: 0.0, Sum: 0.1]
      [Object Copy (ms): Min: 47.2, Avg: 47.3, Max: 47.4, Diff: 0.2, Sum: 1417.8]
      [Termination (ms): Min: 0.0, Avg: 0.1, Max: 0.2, Diff: 0.2, Sum: 2.5]
         [Termination Attempts: Min: 1, Avg: 5.2, Max: 9, Diff: 8, Sum: 157]
      [GC Worker Other (ms): Min: 0.0, Avg: 0.1, Max: 0.2, Diff: 0.2, Sum: 3.5]
      [GC Worker Total (ms): Min: 69.1, Avg: 69.8, Max: 70.6, Diff: 1.5, Sum: 2094.8]
      [GC Worker End (ms): Min: 220771.7, Avg: 220771.8, Max: 220771.9, Diff: 0.2]
   [Code Root Fixup: 0.0 ms]
   [Code Root Purge: 0.0 ms]
   [Clear CT: 1.0 ms]
   [Other: 3.4 ms]
      [Choose CSet: 0.0 ms]
      [Ref Proc: 0.5 ms]
      [Ref Enq: 0.0 ms]
      [Redirty Cards: 0.9 ms]
      [Humongous Register: 0.1 ms]
      [Humongous Reclaim: 0.0 ms]
      [Free CSet: 1.5 ms]
   [Eden: 4560.0M(4560.0M)->0.0B(4564.0M) Survivors: 352.0M->348.0M Heap: 6263.6M(8192.0M)->1848.0M(8192.0M)]
 [Times: user=2.12 sys=0.01, real=0.07 secs] 
2018-10-15T09:29:04.190+0200: 220.776: Total time for which application threads were stopped: 0.0767157 seconds, Stopping threads took: 0.0005729 seconds
2018-10-15T09:29:04.662+0200: 221.248: Application time: 0.4717886 seconds
2018-10-15T09:29:04.663+0200: 221.249: [GC pause (G1 Evacuation Pause) (young)
Desired survivor size 322961408 bytes, new threshold 3 (max 15)
- age   1:  116913240 bytes,  116913240 total
- age   2:  105206528 bytes,  222119768 total
- age   3:  110449984 bytes,  332569752 total
, 0.0765734 secs]
   [Parallel Time: 72.4 ms, GC Workers: 30]
      [GC Worker Start (ms): Min: 221249.6, Avg: 221250.1, Max: 221250.7, Diff: 1.1]
      [Ext Root Scanning (ms): Min: 0.0, Avg: 0.4, Max: 1.9, Diff: 1.9, Sum: 12.2]
      [Update RS (ms): Min: 19.1, Avg: 20.2, Max: 20.7, Diff: 1.6, Sum: 605.0]
         [Processed Buffers: Min: 19, Avg: 24.1, Max: 31, Diff: 12, Sum: 723]
      [Scan RS (ms): Min: 1.4, Avg: 2.0, Max: 2.2, Diff: 0.8, Sum: 60.2]
      [Code Root Scanning (ms): Min: 0.0, Avg: 0.0, Max: 0.0, Diff: 0.0, Sum: 0.0]
      [Object Copy (ms): Min: 48.6, Avg: 48.7, Max: 48.9, Diff: 0.3, Sum: 1462.4]
      [Termination (ms): Min: 0.0, Avg: 0.1, Max: 0.2, Diff: 0.1, Sum: 3.2]
         [Termination Attempts: Min: 1, Avg: 9.9, Max: 20, Diff: 19, Sum: 298]
      [GC Worker Other (ms): Min: 0.0, Avg: 0.1, Max: 0.3, Diff: 0.2, Sum: 4.0]
      [GC Worker Total (ms): Min: 71.0, Avg: 71.6, Max: 72.1, Diff: 1.1, Sum: 2147.0]
      [GC Worker End (ms): Min: 221321.6, Avg: 221321.7, Max: 221321.8, Diff: 0.2]
   [Code Root Fixup: 0.0 ms]
   [Code Root Purge: 0.0 ms]
   [Clear CT: 1.0 ms]
   [Other: 3.2 ms]
      [Choose CSet: 0.0 ms]
      [Ref Proc: 0.4 ms]
      [Ref Enq: 0.0 ms]
      [Redirty Cards: 0.9 ms]
      [Humongous Register: 0.1 ms]
      [Humongous Reclaim: 0.0 ms]
      [Free CSet: 1.4 ms]
   [Eden: 4564.0M(4564.0M)->0.0B(4568.0M) Survivors: 348.0M->344.0M Heap: 6412.0M(8192.0M)->1982.0M(8192.0M)]
 [Times: user=2.18 sys=0.00, real=0.08 secs] 
2018-10-15T09:29:04.740+0200: 221.326: Total time for which application threads were stopped: 0.0778215 seconds, Stopping threads took: 0.0005668 seconds
2018-10-15T09:29:05.220+0200: 221.806: Application time: 0.4798940 seconds
2018-10-15T09:29:05.221+0200: 221.807: [GC pause (G1 Evacuation Pause) (young)
Desired survivor size 322961408 bytes, new threshold 3 (max 15)
- age   1:  116049952 bytes,  116049952 total
- age   2:  108314752 bytes,  224364704 total
- age   3:  104476000 bytes,  328840704 total
, 0.0733769 secs]
   [Parallel Time: 69.2 ms, GC Workers: 30]
      [GC Worker Start (ms): Min: 221807.3, Avg: 221807.8, Max: 221808.5, Diff: 1.2]
      [Ext Root Scanning (ms): Min: 0.0, Avg: 0.4, Max: 1.8, Diff: 1.8, Sum: 12.2]
      [Update RS (ms): Min: 18.3, Avg: 19.1, Max: 19.5, Diff: 1.2, Sum: 572.9]
         [Processed Buffers: Min: 17, Avg: 21.8, Max: 29, Diff: 12, Sum: 655]
      [Scan RS (ms): Min: 1.6, Avg: 1.9, Max: 2.1, Diff: 0.5, Sum: 56.5]
      [Code Root Scanning (ms): Min: 0.0, Avg: 0.0, Max: 0.0, Diff: 0.0, Sum: 0.0]
      [Object Copy (ms): Min: 46.9, Avg: 46.9, Max: 47.0, Diff: 0.1, Sum: 1407.6]
      [Termination (ms): Min: 0.0, Avg: 0.0, Max: 0.0, Diff: 0.0, Sum: 0.3]
         [Termination Attempts: Min: 1, Avg: 1.5, Max: 2, Diff: 1, Sum: 44]
      [GC Worker Other (ms): Min: 0.0, Avg: 0.1, Max: 0.3, Diff: 0.3, Sum: 4.4]
      [GC Worker Total (ms): Min: 67.7, Avg: 68.5, Max: 69.0, Diff: 1.4, Sum: 2053.9]
      [GC Worker End (ms): Min: 221876.1, Avg: 221876.2, Max: 221876.4, Diff: 0.3]
   [Code Root Fixup: 0.0 ms]
   [Code Root Purge: 0.0 ms]
   [Clear CT: 1.0 ms]
   [Other: 3.2 ms]
      [Choose CSet: 0.0 ms]
      [Ref Proc: 0.5 ms]
      [Ref Enq: 0.0 ms]
      [Redirty Cards: 0.7 ms]
      [Humongous Register: 0.1 ms]
      [Humongous Reclaim: 0.0 ms]
      [Free CSet: 1.4 ms]
   [Eden: 4568.0M(4568.0M)->0.0B(4548.0M) Survivors: 344.0M->364.0M Heap: 6550.0M(8192.0M)->2130.0M(8192.0M)]
 [Times: user=2.09 sys=0.00, real=0.08 secs] 
2018-10-15T09:29:05.295+0200: 221.881: Total time for which application threads were stopped: 0.0746400 seconds, Stopping threads took: 0.0005796 seconds
2018-10-15T09:29:05.764+0200: 222.350: Application time: 0.4690171 seconds
2018-10-15T09:29:05.765+0200: 222.351: [GC pause (G1 Evacuation Pause) (young)
Desired survivor size 322961408 bytes, new threshold 3 (max 15)
- age   1:  127126592 bytes,  127126592 total
- age   2:  108108768 bytes,  235235360 total
- age   3:  107529464 bytes,  342764824 total
, 0.0758611 secs]
   [Parallel Time: 71.7 ms, GC Workers: 30]
      [GC Worker Start (ms): Min: 222351.0, Avg: 222351.4, Max: 222352.0, Diff: 1.0]
      [Ext Root Scanning (ms): Min: 0.0, Avg: 0.5, Max: 1.9, Diff: 1.9, Sum: 13.9]
      [Update RS (ms): Min: 19.2, Avg: 20.4, Max: 21.6, Diff: 2.4, Sum: 612.1]
         [Processed Buffers: Min: 19, Avg: 23.9, Max: 31, Diff: 12, Sum: 717]
      [Scan RS (ms): Min: 0.4, Avg: 1.5, Max: 1.8, Diff: 1.3, Sum: 45.7]
      [Code Root Scanning (ms): Min: 0.0, Avg: 0.0, Max: 0.0, Diff: 0.0, Sum: 0.0]
      [Object Copy (ms): Min: 48.3, Avg: 48.4, Max: 48.5, Diff: 0.2, Sum: 1452.4]
      [Termination (ms): Min: 0.0, Avg: 0.0, Max: 0.0, Diff: 0.0, Sum: 0.2]
         [Termination Attempts: Min: 1, Avg: 1.1, Max: 2, Diff: 1, Sum: 33]
      [GC Worker Other (ms): Min: 0.0, Avg: 0.1, Max: 0.3, Diff: 0.3, Sum: 4.3]
      [GC Worker Total (ms): Min: 70.2, Avg: 71.0, Max: 71.4, Diff: 1.2, Sum: 2128.6]
      [GC Worker End (ms): Min: 222422.2, Avg: 222422.4, Max: 222422.5, Diff: 0.3]
   [Code Root Fixup: 0.0 ms]
   [Code Root Purge: 0.0 ms]
   [Clear CT: 0.9 ms]
   [Other: 3.3 ms]
      [Choose CSet: 0.0 ms]
      [Ref Proc: 0.5 ms]
      [Ref Enq: 0.0 ms]
      [Redirty Cards: 0.9 ms]
      [Humongous Register: 0.1 ms]
      [Humongous Reclaim: 0.0 ms]
      [Free CSet: 1.4 ms]
   [Eden: 4548.0M(4548.0M)->0.0B(4540.0M) Survivors: 364.0M->372.0M Heap: 6678.0M(8192.0M)->2272.0M(8192.0M)]
 [Times: user=2.16 sys=0.00, real=0.07 secs] 
2018-10-15T09:29:05.841+0200: 222.427: Total time for which application threads were stopped: 0.0771745 seconds, Stopping threads took: 0.0005998 seconds
2018-10-15T09:29:06.316+0200: 222.902: Application time: 0.4749698 seconds
2018-10-15T09:29:06.317+0200: 222.903: [GC pause (G1 Evacuation Pause) (young)
Desired survivor size 322961408 bytes, new threshold 3 (max 15)
- age   1:  128282848 bytes,  128282848 total
- age   2:  121026336 bytes,  249309184 total
- age   3:  106769072 bytes,  356078256 total
, 0.0732336 secs]
   [Parallel Time: 69.1 ms, GC Workers: 30]
      [GC Worker Start (ms): Min: 222903.2, Avg: 222903.8, Max: 222904.4, Diff: 1.2]
      [Ext Root Scanning (ms): Min: 0.0, Avg: 0.4, Max: 1.7, Diff: 1.7, Sum: 10.8]
      [Update RS (ms): Min: 17.8, Avg: 18.6, Max: 19.2, Diff: 1.4, Sum: 559.2]
         [Processed Buffers: Min: 17, Avg: 21.5, Max: 29, Diff: 12, Sum: 646]
      [Scan RS (ms): Min: 0.9, Avg: 1.3, Max: 1.5, Diff: 0.7, Sum: 39.9]
      [Code Root Scanning (ms): Min: 0.0, Avg: 0.0, Max: 0.0, Diff: 0.0, Sum: 0.0]
      [Object Copy (ms): Min: 47.6, Avg: 47.7, Max: 47.8, Diff: 0.2, Sum: 1430.3]
      [Termination (ms): Min: 0.0, Avg: 0.1, Max: 0.2, Diff: 0.2, Sum: 2.5]
         [Termination Attempts: Min: 1, Avg: 5.8, Max: 9, Diff: 8, Sum: 174]
      [GC Worker Other (ms): Min: 0.0, Avg: 0.1, Max: 0.3, Diff: 0.2, Sum: 3.8]
      [GC Worker Total (ms): Min: 67.5, Avg: 68.2, Max: 68.8, Diff: 1.3, Sum: 2046.7]
      [GC Worker End (ms): Min: 222971.9, Avg: 222972.0, Max: 222972.1, Diff: 0.2]
   [Code Root Fixup: 0.0 ms]
   [Code Root Purge: 0.0 ms]
   [Clear CT: 1.1 ms]
   [Other: 3.0 ms]
      [Choose CSet: 0.0 ms]
      [Ref Proc: 0.4 ms]
      [Ref Enq: 0.0 ms]
      [Redirty Cards: 0.7 ms]
      [Humongous Register: 0.1 ms]
      [Humongous Reclaim: 0.0 ms]
      [Free CSet: 1.3 ms]
   [Eden: 4540.0M(4540.0M)->0.0B(4532.0M) Survivors: 372.0M->380.0M Heap: 6812.0M(8192.0M)->2406.0M(8192.0M)]
 [Times: user=2.08 sys=0.00, real=0.07 secs] 
2018-10-15T09:29:06.390+0200: 222.976: Total time for which application threads were stopped: 0.0745458 seconds, Stopping threads took: 0.0005972 seconds
2018-10-15T09:29:06.863+0200: 223.449: Application time: 0.4727039 seconds
2018-10-15T09:29:06.864+0200: 223.450: [GC pause (G1 Evacuation Pause) (young)
Desired survivor size 322961408 bytes, new threshold 3 (max 15)
- age   1:  122999720 bytes,  122999720 total
- age   2:  116132920 bytes,  239132640 total
- age   3:  116645248 bytes,  355777888 total
, 0.0778678 secs]
   [Parallel Time: 73.5 ms, GC Workers: 30]
      [GC Worker Start (ms): Min: 223450.4, Avg: 223451.1, Max: 223451.9, Diff: 1.5]
      [Ext Root Scanning (ms): Min: 0.0, Avg: 0.3, Max: 1.9, Diff: 1.9, Sum: 10.3]
      [Update RS (ms): Min: 19.4, Avg: 20.2, Max: 20.6, Diff: 1.3, Sum: 606.4]
         [Processed Buffers: Min: 20, Avg: 23.5, Max: 32, Diff: 12, Sum: 705]
      [Scan RS (ms): Min: 1.6, Avg: 1.9, Max: 2.0, Diff: 0.5, Sum: 56.6]
      [Code Root Scanning (ms): Min: 0.0, Avg: 0.0, Max: 0.0, Diff: 0.0, Sum: 0.0]
      [Object Copy (ms): Min: 49.9, Avg: 50.0, Max: 50.1, Diff: 0.2, Sum: 1499.0]
      [Termination (ms): Min: 0.0, Avg: 0.0, Max: 0.1, Diff: 0.0, Sum: 1.0]
         [Termination Attempts: Min: 1, Avg: 11.3, Max: 17, Diff: 16, Sum: 338]
      [GC Worker Other (ms): Min: 0.0, Avg: 0.1, Max: 0.3, Diff: 0.3, Sum: 4.4]
      [GC Worker Total (ms): Min: 71.7, Avg: 72.6, Max: 73.4, Diff: 1.7, Sum: 2177.7]
      [GC Worker End (ms): Min: 223523.6, Avg: 223523.7, Max: 223523.9, Diff: 0.3]
   [Code Root Fixup: 0.0 ms]
   [Code Root Purge: 0.0 ms]
   [Clear CT: 1.0 ms]
   [Other: 3.4 ms]
      [Choose CSet: 0.0 ms]
      [Ref Proc: 0.4 ms]
      [Ref Enq: 0.0 ms]
      [Redirty Cards: 1.0 ms]
      [Humongous Register: 0.1 ms]
      [Humongous Reclaim: 0.0 ms]
      [Free CSet: 1.4 ms]
   [Eden: 4532.0M(4532.0M)->0.0B(4444.0M) Survivors: 380.0M->368.0M Heap: 6938.0M(8192.0M)->2530.0M(8192.0M)]
 [Times: user=2.21 sys=0.00, real=0.07 secs] 
2018-10-15T09:29:06.942+0200: 223.528: Total time for which application threads were stopped: 0.0791633 seconds, Stopping threads took: 0.0006045 seconds
2018-10-15T09:29:07.399+0200: 223.985: Application time: 0.4573058 seconds
2018-10-15T09:29:07.400+0200: 223.987: [GC pause (G1 Evacuation Pause) (young)
Desired survivor size 316669952 bytes, new threshold 3 (max 15)
- age   1:  120430600 bytes,  120430600 total
- age   2:  116077080 bytes,  236507680 total
- age   3:  115114400 bytes,  351622080 total
, 0.0749055 secs]
   [Parallel Time: 70.5 ms, GC Workers: 30]
      [GC Worker Start (ms): Min: 223986.9, Avg: 223987.1, Max: 223987.7, Diff: 0.8]
      [Ext Root Scanning (ms): Min: 0.0, Avg: 0.5, Max: 1.8, Diff: 1.8, Sum: 14.4]
      [Update RS (ms): Min: 17.5, Avg: 18.7, Max: 19.2, Diff: 1.7, Sum: 560.5]
         [Processed Buffers: Min: 17, Avg: 21.2, Max: 29, Diff: 12, Sum: 636]
      [Scan RS (ms): Min: 2.4, Avg: 2.9, Max: 3.1, Diff: 0.7, Sum: 86.3]
      [Code Root Scanning (ms): Min: 0.0, Avg: 0.0, Max: 0.0, Diff: 0.0, Sum: 0.1]
      [Object Copy (ms): Min: 47.3, Avg: 47.6, Max: 47.8, Diff: 0.4, Sum: 1428.1]
      [Termination (ms): Min: 0.0, Avg: 0.1, Max: 0.2, Diff: 0.2, Sum: 2.6]
         [Termination Attempts: Min: 1, Avg: 4.9, Max: 10, Diff: 9, Sum: 147]
      [GC Worker Other (ms): Min: 0.0, Avg: 0.1, Max: 0.2, Diff: 0.2, Sum: 3.6]
      [GC Worker Total (ms): Min: 69.3, Avg: 69.9, Max: 70.1, Diff: 0.8, Sum: 2095.6]
      [GC Worker End (ms): Min: 224056.9, Avg: 224057.0, Max: 224057.1, Diff: 0.2]
   [Code Root Fixup: 0.0 ms]
   [Code Root Purge: 0.0 ms]
   [Clear CT: 0.9 ms]
   [Other: 3.6 ms]
      [Choose CSet: 0.0 ms]
      [Ref Proc: 0.5 ms]
      [Ref Enq: 0.0 ms]
      [Redirty Cards: 1.1 ms]
      [Humongous Register: 0.1 ms]
      [Humongous Reclaim: 0.0 ms]
      [Free CSet: 1.4 ms]
   [Eden: 4444.0M(4444.0M)->0.0B(4320.0M) Survivors: 368.0M->360.0M Heap: 6974.0M(8192.0M)->2662.0M(8192.0M)]
 [Times: user=2.13 sys=0.01, real=0.08 secs] 
2018-10-15T09:29:07.476+0200: 224.062: Total time for which application threads were stopped: 0.0761822 seconds, Stopping threads took: 0.0005823 seconds
2018-10-15T09:29:07.927+0200: 224.513: Application time: 0.4511314 seconds
2018-10-15T09:29:07.928+0200: 224.514: [GC pause (G1 Evacuation Pause) (young)
Desired survivor size 308281344 bytes, new threshold 3 (max 15)
- age   1:  112575728 bytes,  112575728 total
- age   2:  113880312 bytes,  226456040 total
- age   3:  115021112 bytes,  341477152 total
, 0.0829086 secs]
   [Parallel Time: 78.9 ms, GC Workers: 30]
      [GC Worker Start (ms): Min: 224514.2, Avg: 224514.8, Max: 224515.5, Diff: 1.3]
      [Ext Root Scanning (ms): Min: 0.0, Avg: 0.3, Max: 1.8, Diff: 1.8, Sum: 9.2]
      [Update RS (ms): Min: 18.1, Avg: 19.1, Max: 19.5, Diff: 1.4, Sum: 573.1]
         [Processed Buffers: Min: 19, Avg: 23.1, Max: 29, Diff: 10, Sum: 693]
      [Scan RS (ms): Min: 2.1, Avg: 2.5, Max: 2.7, Diff: 0.6, Sum: 75.5]
      [Code Root Scanning (ms): Min: 0.0, Avg: 0.0, Max: 0.0, Diff: 0.0, Sum: 0.0]
      [Object Copy (ms): Min: 55.5, Avg: 55.6, Max: 55.9, Diff: 0.4, Sum: 1667.5]
      [Termination (ms): Min: 0.0, Avg: 0.4, Max: 0.4, Diff: 0.4, Sum: 10.6]
         [Termination Attempts: Min: 1, Avg: 149.7, Max: 165, Diff: 164, Sum: 4492]
      [GC Worker Other (ms): Min: 0.0, Avg: 0.1, Max: 0.3, Diff: 0.2, Sum: 3.9]
      [GC Worker Total (ms): Min: 77.3, Avg: 78.0, Max: 78.7, Diff: 1.4, Sum: 2340.0]
      [GC Worker End (ms): Min: 224592.7, Avg: 224592.8, Max: 224592.9, Diff: 0.2]
   [Code Root Fixup: 0.0 ms]
   [Code Root Purge: 0.0 ms]
   [Clear CT: 0.8 ms]
   [Other: 3.1 ms]
      [Choose CSet: 0.0 ms]
      [Ref Proc: 0.5 ms]
      [Ref Enq: 0.0 ms]
      [Redirty Cards: 0.8 ms]
      [Humongous Register: 0.1 ms]
      [Humongous Reclaim: 0.0 ms]
      [Free CSet: 1.4 ms]
   [Eden: 4320.0M(4320.0M)->0.0B(4196.0M) Survivors: 360.0M->352.0M Heap: 6982.0M(8192.0M)->2792.5M(8192.0M)]
 [Times: user=2.37 sys=0.01, real=0.08 secs] 
2018-10-15T09:29:08.011+0200: 224.597: Total time for which application threads were stopped: 0.0841567 seconds, Stopping threads took: 0.0005527 seconds
2018-10-15T09:29:08.444+0200: 225.031: Application time: 0.4335487 seconds
2018-10-15T09:29:08.446+0200: 225.032: [GC pause (G1 Evacuation Pause) (young)
Desired survivor size 299892736 bytes, new threshold 3 (max 15)
- age   1:  114131104 bytes,  114131104 total
- age   2:  105712664 bytes,  219843768 total
- age   3:  112927800 bytes,  332771568 total
, 0.0746515 secs]
   [Parallel Time: 69.7 ms, GC Workers: 30]
      [GC Worker Start (ms): Min: 225031.9, Avg: 225032.4, Max: 225033.1, Diff: 1.2]
      [Ext Root Scanning (ms): Min: 0.0, Avg: 0.4, Max: 1.9, Diff: 1.9, Sum: 10.8]
      [Update RS (ms): Min: 21.0, Avg: 22.1, Max: 22.6, Diff: 1.5, Sum: 663.4]
         [Processed Buffers: Min: 21, Avg: 25.4, Max: 31, Diff: 10, Sum: 762]
      [Scan RS (ms): Min: 1.2, Avg: 1.5, Max: 1.7, Diff: 0.5, Sum: 45.4]
      [Code Root Scanning (ms): Min: 0.0, Avg: 0.0, Max: 0.0, Diff: 0.0, Sum: 0.0]
      [Object Copy (ms): Min: 44.6, Avg: 44.7, Max: 44.8, Diff: 0.2, Sum: 1341.9]
      [Termination (ms): Min: 0.0, Avg: 0.1, Max: 0.2, Diff: 0.2, Sum: 2.4]
         [Termination Attempts: Min: 1, Avg: 5.0, Max: 7, Diff: 6, Sum: 149]
      [GC Worker Other (ms): Min: 0.0, Avg: 0.1, Max: 0.3, Diff: 0.2, Sum: 3.8]
      [GC Worker Total (ms): Min: 68.3, Avg: 68.9, Max: 69.6, Diff: 1.2, Sum: 2067.8]
      [GC Worker End (ms): Min: 225101.2, Avg: 225101.3, Max: 225101.5, Diff: 0.2]
   [Code Root Fixup: 0.0 ms]
   [Code Root Purge: 0.0 ms]
   [Clear CT: 0.9 ms]
   [Other: 4.0 ms]
      [Choose CSet: 0.0 ms]
      [Ref Proc: 0.4 ms]
      [Ref Enq: 0.0 ms]
      [Redirty Cards: 0.9 ms]
      [Humongous Register: 0.1 ms]
      [Humongous Reclaim: 0.1 ms]
      [Free CSet: 2.0 ms]
   [Eden: 4196.0M(4196.0M)->0.0B(4096.0M) Survivors: 352.0M->332.0M Heap: 6988.5M(8192.0M)->2916.0M(8192.0M)]
 [Times: user=2.09 sys=0.00, real=0.07 secs] 
2018-10-15T09:29:08.520+0200: 225.107: Total time for which application threads were stopped: 0.0760301 seconds, Stopping threads took: 0.0005692 seconds
2018-10-15T09:29:08.937+0200: 225.523: Application time: 0.4160678 seconds
2018-10-15T09:29:08.938+0200: 225.524: [GC pause (G1 Evacuation Pause) (young)
Desired survivor size 291504128 bytes, new threshold 3 (max 15)
- age   1:  108039184 bytes,  108039184 total
- age   2:  107203656 bytes,  215242840 total
- age   3:  104671632 bytes,  319914472 total
, 0.0720705 secs]
   [Parallel Time: 68.1 ms, GC Workers: 30]
      [GC Worker Start (ms): Min: 225524.0, Avg: 225524.7, Max: 225525.3, Diff: 1.3]
      [Ext Root Scanning (ms): Min: 0.0, Avg: 0.3, Max: 1.9, Diff: 1.9, Sum: 10.4]
      [Update RS (ms): Min: 19.2, Avg: 20.1, Max: 20.4, Diff: 1.2, Sum: 601.5]
         [Processed Buffers: Min: 18, Avg: 23.0, Max: 31, Diff: 13, Sum: 689]
      [Scan RS (ms): Min: 2.0, Avg: 2.3, Max: 2.5, Diff: 0.4, Sum: 69.3]
      [Code Root Scanning (ms): Min: 0.0, Avg: 0.0, Max: 0.0, Diff: 0.0, Sum: 0.1]
      [Object Copy (ms): Min: 44.2, Avg: 44.2, Max: 44.4, Diff: 0.2, Sum: 1327.2]
      [Termination (ms): Min: 0.0, Avg: 0.1, Max: 0.1, Diff: 0.1, Sum: 2.7]
         [Termination Attempts: Min: 1, Avg: 52.8, Max: 65, Diff: 64, Sum: 1583]
      [GC Worker Other (ms): Min: 0.0, Avg: 0.2, Max: 0.3, Diff: 0.3, Sum: 4.6]
      [GC Worker Total (ms): Min: 66.4, Avg: 67.2, Max: 67.8, Diff: 1.4, Sum: 2015.6]
      [GC Worker End (ms): Min: 225591.7, Avg: 225591.9, Max: 225592.0, Diff: 0.3]
   [Code Root Fixup: 0.0 ms]
   [Code Root Purge: 0.0 ms]
   [Clear CT: 0.9 ms]
   [Other: 3.0 ms]
      [Choose CSet: 0.0 ms]
      [Ref Proc: 0.4 ms]
      [Ref Enq: 0.0 ms]
      [Redirty Cards: 0.8 ms]
      [Humongous Register: 0.1 ms]
      [Humongous Reclaim: 0.0 ms]
      [Free CSet: 1.3 ms]
   [Eden: 4096.0M(4096.0M)->0.0B(3992.0M) Survivors: 332.0M->320.0M Heap: 7012.0M(8192.0M)->3030.0M(8192.0M)]
 [Times: user=2.04 sys=0.01, real=0.07 secs] 
2018-10-15T09:29:09.010+0200: 225.596: Total time for which application threads were stopped: 0.0733338 seconds, Stopping threads took: 0.0005650 seconds
2018-10-15T09:29:09.416+0200: 226.002: Application time: 0.4059279 seconds
2018-10-15T09:29:09.417+0200: 226.003: [GC pause (G1 Evacuation Pause) (young)
Desired survivor size 283115520 bytes, new threshold 3 (max 15)
- age   1:   99354120 bytes,   99354120 total
- age   2:   96311208 bytes,  195665328 total
- age   3:  102452848 bytes,  298118176 total
, 0.0762625 secs]
   [Parallel Time: 72.4 ms, GC Workers: 30]
      [GC Worker Start (ms): Min: 226003.3, Avg: 226003.8, Max: 226004.5, Diff: 1.3]
      [Ext Root Scanning (ms): Min: 0.0, Avg: 0.3, Max: 1.9, Diff: 1.8, Sum: 10.3]
      [Update RS (ms): Min: 16.4, Avg: 17.1, Max: 17.6, Diff: 1.2, Sum: 512.7]
         [Processed Buffers: Min: 17, Avg: 20.8, Max: 28, Diff: 11, Sum: 623]
      [Scan RS (ms): Min: 1.4, Avg: 1.9, Max: 2.2, Diff: 0.7, Sum: 55.7]
      [Code Root Scanning (ms): Min: 0.0, Avg: 0.0, Max: 0.0, Diff: 0.0, Sum: 0.0]
      [Object Copy (ms): Min: 51.3, Avg: 51.5, Max: 52.1, Diff: 0.8, Sum: 1544.0]
      [Termination (ms): Min: 0.0, Avg: 0.7, Max: 0.8, Diff: 0.8, Sum: 20.5]
         [Termination Attempts: Min: 1, Avg: 213.5, Max: 245, Diff: 244, Sum: 6406]
      [GC Worker Other (ms): Min: 0.0, Avg: 0.1, Max: 0.3, Diff: 0.2, Sum: 3.9]
      [GC Worker Total (ms): Min: 70.9, Avg: 71.6, Max: 72.2, Diff: 1.3, Sum: 2147.1]
      [GC Worker End (ms): Min: 226075.3, Avg: 226075.4, Max: 226075.5, Diff: 0.2]
   [Code Root Fixup: 0.0 ms]
   [Code Root Purge: 0.0 ms]
   [Clear CT: 0.7 ms]
   [Other: 3.1 ms]
      [Choose CSet: 0.0 ms]
      [Ref Proc: 0.4 ms]
      [Ref Enq: 0.0 ms]
      [Redirty Cards: 0.8 ms]
      [Humongous Register: 0.1 ms]
      [Humongous Reclaim: 0.0 ms]
      [Free CSet: 1.3 ms]
   [Eden: 3992.0M(3992.0M)->0.0B(3860.0M) Survivors: 320.0M->320.0M Heap: 7022.0M(8192.0M)->3162.0M(8192.0M)]
 [Times: user=2.18 sys=0.00, real=0.08 secs] 
2018-10-15T09:29:09.493+0200: 226.079: Total time for which application threads were stopped: 0.0775265 seconds, Stopping threads took: 0.0005619 seconds
2018-10-15T09:29:09.891+0200: 226.477: Application time: 0.3976454 seconds
2018-10-15T09:29:09.892+0200: 226.478: [GC pause (G1 Evacuation Pause) (young)
Desired survivor size 274726912 bytes, new threshold 3 (max 15)
- age   1:  109965720 bytes,  109965720 total
- age   2:   95213016 bytes,  205178736 total
- age   3:   95558776 bytes,  300737512 total
, 0.0690552 secs]
   [Parallel Time: 65.2 ms, GC Workers: 30]
      [GC Worker Start (ms): Min: 226478.4, Avg: 226478.7, Max: 226479.4, Diff: 0.9]
      [Ext Root Scanning (ms): Min: 0.0, Avg: 0.5, Max: 1.8, Diff: 1.8, Sum: 13.6]
      [Update RS (ms): Min: 19.0, Avg: 19.9, Max: 20.3, Diff: 1.3, Sum: 596.7]
         [Processed Buffers: Min: 17, Avg: 22.7, Max: 30, Diff: 13, Sum: 682]
      [Scan RS (ms): Min: 1.8, Avg: 2.1, Max: 2.3, Diff: 0.5, Sum: 64.5]
      [Code Root Scanning (ms): Min: 0.0, Avg: 0.0, Max: 0.0, Diff: 0.0, Sum: 0.0]
      [Object Copy (ms): Min: 41.8, Avg: 41.9, Max: 42.1, Diff: 0.3, Sum: 1258.5]
      [Termination (ms): Min: 0.0, Avg: 0.1, Max: 0.1, Diff: 0.1, Sum: 2.8]
         [Termination Attempts: Min: 1, Avg: 4.4, Max: 11, Diff: 10, Sum: 132]
      [GC Worker Other (ms): Min: 0.0, Avg: 0.1, Max: 0.2, Diff: 0.2, Sum: 2.8]
      [GC Worker Total (ms): Min: 63.9, Avg: 64.6, Max: 65.0, Diff: 1.1, Sum: 1938.9]
      [GC Worker End (ms): Min: 226543.3, Avg: 226543.4, Max: 226543.5, Diff: 0.2]
   [Code Root Fixup: 0.0 ms]
   [Code Root Purge: 0.0 ms]
   [Clear CT: 0.7 ms]
   [Other: 3.0 ms]
      [Choose CSet: 0.0 ms]
      [Ref Proc: 0.5 ms]
      [Ref Enq: 0.0 ms]
      [Redirty Cards: 0.8 ms]
      [Humongous Register: 0.1 ms]
      [Humongous Reclaim: 0.1 ms]
      [Free CSet: 1.2 ms]
   [Eden: 3860.0M(3860.0M)->0.0B(3716.0M) Survivors: 320.0M->328.0M Heap: 7022.0M(8192.0M)->3296.5M(8192.0M)]
 [Times: user=1.97 sys=0.00, real=0.06 secs] 
2018-10-15T09:29:09.961+0200: 226.547: Total time for which application threads were stopped: 0.0703300 seconds, Stopping threads took: 0.0005823 seconds
2018-10-15T09:29:10.348+0200: 226.934: Application time: 0.3867954 seconds
2018-10-15T09:29:10.349+0200: 226.935: [GC pause (G1 Evacuation Pause) (young)
Desired survivor size 266338304 bytes, new threshold 3 (max 15)
- age   1:   99760032 bytes,   99760032 total
- age   2:  105394632 bytes,  205154664 total
- age   3:   94181712 bytes,  299336376 total
, 0.0772185 secs]
   [Parallel Time: 72.9 ms, GC Workers: 30]
      [GC Worker Start (ms): Min: 226935.7, Avg: 226936.4, Max: 226937.1, Diff: 1.5]
      [Ext Root Scanning (ms): Min: 0.0, Avg: 0.3, Max: 1.7, Diff: 1.7, Sum: 9.5]
      [Update RS (ms): Min: 19.8, Avg: 20.7, Max: 21.3, Diff: 1.5, Sum: 620.8]
         [Processed Buffers: Min: 20, Avg: 25.0, Max: 34, Diff: 14, Sum: 749]
      [Scan RS (ms): Min: 0.9, Avg: 1.4, Max: 1.8, Diff: 0.8, Sum: 43.3]
      [Code Root Scanning (ms): Min: 0.0, Avg: 0.0, Max: 0.0, Diff: 0.0, Sum: 0.0]
      [Object Copy (ms): Min: 48.7, Avg: 48.8, Max: 49.1, Diff: 0.3, Sum: 1465.0]
      [Termination (ms): Min: 0.0, Avg: 0.3, Max: 0.3, Diff: 0.3, Sum: 8.4]
         [Termination Attempts: Min: 1, Avg: 152.6, Max: 168, Diff: 167, Sum: 4577]
      [GC Worker Other (ms): Min: 0.0, Avg: 0.1, Max: 0.3, Diff: 0.2, Sum: 4.1]
      [GC Worker Total (ms): Min: 70.9, Avg: 71.7, Max: 72.5, Diff: 1.6, Sum: 2151.2]
      [GC Worker End (ms): Min: 227008.0, Avg: 227008.1, Max: 227008.3, Diff: 0.2]
   [Code Root Fixup: 0.0 ms]
   [Code Root Purge: 0.0 ms]
   [Clear CT: 0.7 ms]
   [Other: 3.6 ms]
      [Choose CSet: 0.0 ms]
      [Ref Proc: 0.4 ms]
      [Ref Enq: 0.0 ms]
      [Redirty Cards: 0.8 ms]
      [Humongous Register: 0.1 ms]
      [Humongous Reclaim: 0.1 ms]
      [Free CSet: 1.7 ms]
   [Eden: 3716.0M(3716.0M)->0.0B(3616.0M) Survivors: 328.0M->316.0M Heap: 7012.5M(8192.0M)->3408.0M(8192.0M)]
 [Times: user=2.18 sys=0.00, real=0.08 secs] 
2018-10-15T09:29:10.427+0200: 227.013: Total time for which application threads were stopped: 0.0786171 seconds, Stopping threads took: 0.0005663 seconds
2018-10-15T09:29:10.809+0200: 227.395: Application time: 0.3819851 seconds
2018-10-15T09:29:10.813+0200: 227.399: [GC pause (G1 Evacuation Pause) (young)
Desired survivor size 257949696 bytes, new threshold 3 (max 15)
- age   1:   95080632 bytes,   95080632 total
- age   2:   93054664 bytes,  188135296 total
- age   3:  102552064 bytes,  290687360 total
, 0.0707313 secs]
   [Parallel Time: 67.1 ms, GC Workers: 30]
      [GC Worker Start (ms): Min: 227399.4, Avg: 227399.9, Max: 227400.5, Diff: 1.1]
      [Ext Root Scanning (ms): Min: 0.0, Avg: 0.4, Max: 1.8, Diff: 1.7, Sum: 11.1]
      [Update RS (ms): Min: 18.7, Avg: 19.6, Max: 20.0, Diff: 1.3, Sum: 588.9]
         [Processed Buffers: Min: 18, Avg: 22.5, Max: 30, Diff: 12, Sum: 675]
      [Scan RS (ms): Min: 1.1, Avg: 1.3, Max: 1.5, Diff: 0.4, Sum: 40.3]
      [Code Root Scanning (ms): Min: 0.0, Avg: 0.0, Max: 0.0, Diff: 0.0, Sum: 0.0]
      [Object Copy (ms): Min: 44.3, Avg: 44.4, Max: 44.8, Diff: 0.5, Sum: 1333.1]
      [Termination (ms): Min: 0.0, Avg: 0.3, Max: 0.4, Diff: 0.4, Sum: 10.2]
         [Termination Attempts: Min: 1, Avg: 127.8, Max: 146, Diff: 145, Sum: 3834]
      [GC Worker Other (ms): Min: 0.0, Avg: 0.1, Max: 0.3, Diff: 0.2, Sum: 4.3]
      [GC Worker Total (ms): Min: 65.6, Avg: 66.3, Max: 66.9, Diff: 1.3, Sum: 1987.9]
      [GC Worker End (ms): Min: 227466.1, Avg: 227466.2, Max: 227466.3, Diff: 0.2]
   [Code Root Fixup: 0.0 ms]
   [Code Root Purge: 0.0 ms]
   [Clear CT: 0.7 ms]
   [Other: 2.9 ms]
      [Choose CSet: 0.0 ms]
      [Ref Proc: 0.5 ms]
      [Ref Enq: 0.0 ms]
      [Redirty Cards: 0.8 ms]
      [Humongous Register: 0.1 ms]
      [Humongous Reclaim: 0.0 ms]
      [Free CSet: 1.1 ms]
   [Eden: 3616.0M(3616.0M)->0.0B(3564.0M) Survivors: 316.0M->280.0M Heap: 7024.0M(8192.0M)->3496.5M(8192.0M)]
 [Times: user=2.01 sys=0.00, real=0.07 secs] 
2018-10-15T09:29:10.884+0200: 227.470: Total time for which application threads were stopped: 0.0751922 seconds, Stopping threads took: 0.0037750 seconds
2018-10-15T09:29:11.275+0200: 227.861: Application time: 0.3906243 seconds
2018-10-15T09:29:11.276+0200: 227.862: [GC pause (G1 Evacuation Pause) (young)
Desired survivor size 253755392 bytes, new threshold 3 (max 15)
- age   1:   84459912 bytes,   84459912 total
- age   2:   89326048 bytes,  173785960 total
- age   3:   92294544 bytes,  266080504 total
, 0.0657387 secs]
   [Parallel Time: 61.2 ms, GC Workers: 30]
      [GC Worker Start (ms): Min: 227862.7, Avg: 227863.2, Max: 227863.8, Diff: 1.1]
      [Ext Root Scanning (ms): Min: 0.0, Avg: 0.4, Max: 1.8, Diff: 1.8, Sum: 10.6]
      [Update RS (ms): Min: 20.1, Avg: 20.9, Max: 21.3, Diff: 1.2, Sum: 626.2]
         [Processed Buffers: Min: 19, Avg: 24.6, Max: 31, Diff: 12, Sum: 737]
      [Scan RS (ms): Min: 1.4, Avg: 1.8, Max: 2.0, Diff: 0.7, Sum: 54.0]
      [Code Root Scanning (ms): Min: 0.0, Avg: 0.0, Max: 0.0, Diff: 0.0, Sum: 0.0]
      [Object Copy (ms): Min: 37.1, Avg: 37.2, Max: 37.3, Diff: 0.2, Sum: 1117.1]
      [Termination (ms): Min: 0.0, Avg: 0.1, Max: 0.2, Diff: 0.1, Sum: 2.8]
         [Termination Attempts: Min: 2, Avg: 5.2, Max: 8, Diff: 6, Sum: 156]
      [GC Worker Other (ms): Min: 0.0, Avg: 0.1, Max: 0.2, Diff: 0.2, Sum: 3.2]
      [GC Worker Total (ms): Min: 59.9, Avg: 60.5, Max: 61.0, Diff: 1.1, Sum: 1813.8]
      [GC Worker End (ms): Min: 227923.5, Avg: 227923.6, Max: 227923.8, Diff: 0.2]
   [Code Root Fixup: 0.0 ms]
   [Code Root Purge: 0.0 ms]
   [Clear CT: 0.9 ms]
   [Other: 3.7 ms]
      [Choose CSet: 0.0 ms]
      [Ref Proc: 0.5 ms]
      [Ref Enq: 0.0 ms]
      [Redirty Cards: 0.8 ms]
      [Humongous Register: 0.1 ms]
      [Humongous Reclaim: 0.1 ms]
      [Free CSet: 1.7 ms]
   [Eden: 3564.0M(3564.0M)->0.0B(3460.0M) Survivors: 280.0M->276.0M Heap: 7060.5M(8192.0M)->3604.0M(8192.0M)]
 [Times: user=1.85 sys=0.00, real=0.06 secs] 
2018-10-15T09:29:11.342+0200: 227.928: Total time for which application threads were stopped: 0.0678125 seconds, Stopping threads took: 0.0012455 seconds
2018-10-15T09:29:11.715+0200: 228.301: Application time: 0.3721336 seconds
2018-10-15T09:29:11.716+0200: 228.302: [GC pause (G1 Evacuation Pause) (young)
Desired survivor size 245366784 bytes, new threshold 3 (max 15)
- age   1:   80182368 bytes,   80182368 total
- age   2:   79602096 bytes,  159784464 total
- age   3:   88710424 bytes,  248494888 total
, 0.0600840 secs]
   [Parallel Time: 56.5 ms, GC Workers: 30]
      [GC Worker Start (ms): Min: 228302.7, Avg: 228303.4, Max: 228304.1, Diff: 1.4]
      [Ext Root Scanning (ms): Min: 0.0, Avg: 0.3, Max: 1.8, Diff: 1.8, Sum: 9.8]
      [Update RS (ms): Min: 19.8, Avg: 20.4, Max: 20.9, Diff: 1.2, Sum: 613.0]
         [Processed Buffers: Min: 18, Avg: 22.3, Max: 28, Diff: 10, Sum: 669]
      [Scan RS (ms): Min: 1.3, Avg: 1.7, Max: 1.8, Diff: 0.5, Sum: 49.6]
      [Code Root Scanning (ms): Min: 0.0, Avg: 0.0, Max: 0.0, Diff: 0.0, Sum: 0.0]
      [Object Copy (ms): Min: 32.8, Avg: 32.9, Max: 33.0, Diff: 0.2, Sum: 985.9]
      [Termination (ms): Min: 0.0, Avg: 0.0, Max: 0.0, Diff: 0.0, Sum: 0.3]
         [Termination Attempts: Min: 1, Avg: 1.6, Max: 2, Diff: 1, Sum: 47]
      [GC Worker Other (ms): Min: 0.0, Avg: 0.1, Max: 0.3, Diff: 0.2, Sum: 3.9]
      [GC Worker Total (ms): Min: 54.7, Avg: 55.4, Max: 56.2, Diff: 1.5, Sum: 1662.6]
      [GC Worker End (ms): Min: 228358.7, Avg: 228358.9, Max: 228359.0, Diff: 0.2]
   [Code Root Fixup: 0.0 ms]
   [Code Root Purge: 0.0 ms]
   [Clear CT: 0.8 ms]
   [Other: 2.7 ms]
      [Choose CSet: 0.0 ms]
      [Ref Proc: 0.5 ms]
      [Ref Enq: 0.0 ms]
      [Redirty Cards: 0.6 ms]
      [Humongous Register: 0.1 ms]
      [Humongous Reclaim: 0.1 ms]
      [Free CSet: 1.1 ms]
   [Eden: 3460.0M(3460.0M)->0.0B(3380.0M) Survivors: 276.0M->260.0M Heap: 7064.0M(8192.0M)->3704.0M(8192.0M)]
 [Times: user=1.69 sys=0.00, real=0.06 secs] 
2018-10-15T09:29:11.777+0200: 228.363: Total time for which application threads were stopped: 0.0620553 seconds, Stopping threads took: 0.0012971 seconds
2018-10-15T09:29:12.135+0200: 228.721: Application time: 0.3586766 seconds
2018-10-15T09:29:12.136+0200: 228.722: [GC pause (G1 Evacuation Pause) (young)
Desired survivor size 239075328 bytes, new threshold 3 (max 15)
- age   1:   90038688 bytes,   90038688 total
- age   2:   72464800 bytes,  162503488 total
- age   3:   78878600 bytes,  241382088 total
, 0.0645648 secs]
   [Parallel Time: 61.0 ms, GC Workers: 30]
      [GC Worker Start (ms): Min: 228722.7, Avg: 228723.2, Max: 228723.8, Diff: 1.1]
      [Ext Root Scanning (ms): Min: 0.0, Avg: 0.4, Max: 1.9, Diff: 1.9, Sum: 12.5]
      [Update RS (ms): Min: 17.0, Avg: 18.0, Max: 18.3, Diff: 1.3, Sum: 538.9]
         [Processed Buffers: Min: 16, Avg: 20.2, Max: 26, Diff: 10, Sum: 606]
      [Scan RS (ms): Min: 1.9, Avg: 2.1, Max: 2.2, Diff: 0.4, Sum: 61.7]
      [Code Root Scanning (ms): Min: 0.0, Avg: 0.0, Max: 0.0, Diff: 0.0, Sum: 0.0]
      [Object Copy (ms): Min: 39.3, Avg: 39.4, Max: 39.7, Diff: 0.4, Sum: 1182.1]
      [Termination (ms): Min: 0.0, Avg: 0.3, Max: 0.4, Diff: 0.4, Sum: 9.1]
         [Termination Attempts: Min: 1, Avg: 110.5, Max: 131, Diff: 130, Sum: 3316]
      [GC Worker Other (ms): Min: 0.0, Avg: 0.1, Max: 0.3, Diff: 0.3, Sum: 4.1]
      [GC Worker Total (ms): Min: 59.6, Avg: 60.3, Max: 60.9, Diff: 1.3, Sum: 1808.4]
      [GC Worker End (ms): Min: 228783.4, Avg: 228783.5, Max: 228783.6, Diff: 0.2]
   [Code Root Fixup: 0.0 ms]
   [Code Root Purge: 0.0 ms]
   [Clear CT: 0.8 ms]
   [Other: 2.8 ms]
      [Choose CSet: 0.0 ms]
      [Ref Proc: 0.4 ms]
      [Ref Enq: 0.0 ms]
      [Redirty Cards: 0.8 ms]
      [Humongous Register: 0.1 ms]
      [Humongous Reclaim: 0.1 ms]
      [Free CSet: 1.1 ms]
   [Eden: 3380.0M(3380.0M)->0.0B(3240.0M) Survivors: 260.0M->276.0M Heap: 7084.0M(8192.0M)->3822.5M(8192.0M)]
 [Times: user=1.84 sys=0.00, real=0.06 secs] 
2018-10-15T09:29:12.201+0200: 228.787: Total time for which application threads were stopped: 0.0658089 seconds, Stopping threads took: 0.0005614 seconds
2018-10-15T09:29:12.577+0200: 229.163: Application time: 0.3758385 seconds
2018-10-15T09:29:12.578+0200: 229.164: [GC pause (G1 Evacuation Pause) (young)
Desired survivor size 230686720 bytes, new threshold 3 (max 15)
- age   1:   94248992 bytes,   94248992 total
- age   2:   83849624 bytes,  178098616 total
- age   3:   71803216 bytes,  249901832 total
, 0.0591277 secs]
   [Parallel Time: 55.8 ms, GC Workers: 30]
      [GC Worker Start (ms): Min: 229163.9, Avg: 229164.4, Max: 229164.8, Diff: 0.9]
      [Ext Root Scanning (ms): Min: 0.0, Avg: 0.4, Max: 1.8, Diff: 1.7, Sum: 11.1]
      [Update RS (ms): Min: 16.8, Avg: 18.1, Max: 28.9, Diff: 12.1, Sum: 542.8]
         [Processed Buffers: Min: 7, Avg: 22.0, Max: 28, Diff: 21, Sum: 661]
      [Scan RS (ms): Min: 0.1, Avg: 1.1, Max: 1.3, Diff: 1.2, Sum: 32.3]
      [Code Root Scanning (ms): Min: 0.0, Avg: 0.0, Max: 0.0, Diff: 0.0, Sum: 0.0]
      [Object Copy (ms): Min: 25.6, Avg: 35.5, Max: 36.7, Diff: 11.0, Sum: 1063.8]
      [Termination (ms): Min: 0.0, Avg: 0.1, Max: 0.2, Diff: 0.2, Sum: 2.7]
         [Termination Attempts: Min: 1, Avg: 4.6, Max: 9, Diff: 8, Sum: 139]
      [GC Worker Other (ms): Min: 0.0, Avg: 0.1, Max: 0.2, Diff: 0.2, Sum: 2.6]
      [GC Worker Total (ms): Min: 54.7, Avg: 55.2, Max: 55.8, Diff: 1.0, Sum: 1655.2]
      [GC Worker End (ms): Min: 229219.5, Avg: 229219.6, Max: 229219.7, Diff: 0.2]
   [Code Root Fixup: 0.0 ms]
   [Code Root Purge: 0.0 ms]
   [Clear CT: 0.8 ms]
   [Other: 2.5 ms]
      [Choose CSet: 0.0 ms]
      [Ref Proc: 0.5 ms]
      [Ref Enq: 0.0 ms]
      [Redirty Cards: 0.6 ms]
      [Humongous Register: 0.1 ms]
      [Humongous Reclaim: 0.1 ms]
      [Free CSet: 0.9 ms]
   [Eden: 3240.0M(3240.0M)->0.0B(3136.0M) Survivors: 276.0M->280.0M Heap: 7062.5M(8192.0M)->3928.0M(8192.0M)]
 [Times: user=1.65 sys=0.01, real=0.06 secs] 
2018-10-15T09:29:12.637+0200: 229.223: Total time for which application threads were stopped: 0.0600757 seconds, Stopping threads took: 0.0003221 seconds
2018-10-15T09:29:13.053+0200: 229.639: Application time: 0.4158274 seconds
2018-10-15T09:29:13.053+0200: 229.639: [GC pause (G1 Evacuation Pause) (young)
Desired survivor size 224395264 bytes, new threshold 3 (max 15)
- age   1:   85315040 bytes,   85315040 total
- age   2:   88958616 bytes,  174273656 total
- age   3:   83235360 bytes,  257509016 total
, 0.0587814 secs]
   [Parallel Time: 55.6 ms, GC Workers: 30]
      [GC Worker Start (ms): Min: 229639.7, Avg: 229640.0, Max: 229640.4, Diff: 0.7]
      [Ext Root Scanning (ms): Min: 0.0, Avg: 0.3, Max: 1.7, Diff: 1.7, Sum: 10.1]
      [Update RS (ms): Min: 19.0, Avg: 20.2, Max: 20.5, Diff: 1.5, Sum: 605.2]
         [Processed Buffers: Min: 21, Avg: 27.5, Max: 33, Diff: 12, Sum: 824]
      [Scan RS (ms): Min: 0.0, Avg: 0.1, Max: 0.2, Diff: 0.2, Sum: 3.4]
      [Code Root Scanning (ms): Min: 0.0, Avg: 0.0, Max: 0.0, Diff: 0.0, Sum: 0.0]
      [Object Copy (ms): Min: 34.3, Avg: 34.4, Max: 34.5, Diff: 0.2, Sum: 1033.1]
      [Termination (ms): Min: 0.0, Avg: 0.0, Max: 0.0, Diff: 0.0, Sum: 0.5]
         [Termination Attempts: Min: 1, Avg: 5.7, Max: 10, Diff: 9, Sum: 171]
      [GC Worker Other (ms): Min: 0.0, Avg: 0.1, Max: 0.2, Diff: 0.2, Sum: 3.5]
      [GC Worker Total (ms): Min: 54.8, Avg: 55.2, Max: 55.5, Diff: 0.7, Sum: 1655.9]
      [GC Worker End (ms): Min: 229695.1, Avg: 229695.2, Max: 229695.3, Diff: 0.2]
   [Code Root Fixup: 0.0 ms]
   [Code Root Purge: 0.0 ms]
   [Clear CT: 0.5 ms]
   [Other: 2.6 ms]
      [Choose CSet: 0.0 ms]
      [Ref Proc: 0.5 ms]
      [Ref Enq: 0.0 ms]
      [Redirty Cards: 0.7 ms]
      [Humongous Register: 0.1 ms]
      [Humongous Reclaim: 0.1 ms]
      [Free CSet: 0.9 ms]
   [Eden: 3136.0M(3136.0M)->0.0B(3032.0M) Survivors: 280.0M->276.0M Heap: 7064.0M(8192.0M)->4036.0M(8192.0M)]
 [Times: user=1.68 sys=0.00, real=0.06 secs] 
2018-10-15T09:29:13.112+0200: 229.698: Total time for which application threads were stopped: 0.0596162 seconds, Stopping threads took: 0.0003124 seconds
2018-10-15T09:29:13.618+0200: 230.204: Application time: 0.5051051 seconds
2018-10-15T09:29:13.618+0200: 230.204: [GC pause (G1 Evacuation Pause) (young) (initial-mark)
Desired survivor size 218103808 bytes, new threshold 3 (max 15)
- age   1:   79369360 bytes,   79369360 total
- age   2:   83563880 bytes,  162933240 total
- age   3:   87179520 bytes,  250112760 total
, 0.0528921 secs]
   [Parallel Time: 49.8 ms, GC Workers: 30]
      [GC Worker Start (ms): Min: 230204.5, Avg: 230205.1, Max: 230205.8, Diff: 1.2]
      [Ext Root Scanning (ms): Min: 1.5, Avg: 2.0, Max: 2.7, Diff: 1.2, Sum: 59.7]
      [Update RS (ms): Min: 11.9, Avg: 12.7, Max: 13.3, Diff: 1.3, Sum: 379.8]
         [Processed Buffers: Min: 17, Avg: 21.4, Max: 27, Diff: 10, Sum: 643]
      [Scan RS (ms): Min: 1.4, Avg: 1.7, Max: 1.8, Diff: 0.5, Sum: 50.1]
      [Code Root Scanning (ms): Min: 0.0, Avg: 0.0, Max: 0.0, Diff: 0.0, Sum: 0.0]
      [Object Copy (ms): Min: 32.3, Avg: 32.4, Max: 32.5, Diff: 0.2, Sum: 972.7]
      [Termination (ms): Min: 0.0, Avg: 0.1, Max: 0.1, Diff: 0.1, Sum: 2.1]
         [Termination Attempts: Min: 2, Avg: 5.8, Max: 8, Diff: 6, Sum: 175]
      [GC Worker Other (ms): Min: 0.0, Avg: 0.1, Max: 0.2, Diff: 0.2, Sum: 2.6]
      [GC Worker Total (ms): Min: 48.2, Avg: 48.9, Max: 49.6, Diff: 1.4, Sum: 1467.0]
      [GC Worker End (ms): Min: 230253.9, Avg: 230254.0, Max: 230254.1, Diff: 0.2]
   [Code Root Fixup: 0.0 ms]
   [Code Root Purge: 0.0 ms]
   [Clear CT: 0.7 ms]
   [Other: 2.4 ms]
      [Choose CSet: 0.0 ms]
      [Ref Proc: 0.4 ms]
      [Ref Enq: 0.0 ms]
      [Redirty Cards: 0.5 ms]
      [Humongous Register: 0.1 ms]
      [Humongous Reclaim: 0.0 ms]
      [Free CSet: 0.9 ms]
   [Eden: 3032.0M(3032.0M)->0.0B(2980.0M) Survivors: 276.0M->244.0M Heap: 7068.0M(8192.0M)->4118.0M(8192.0M)]
 [Times: user=1.44 sys=0.00, real=0.05 secs] 
2018-10-15T09:29:13.671+0200: 230.257: [GC concurrent-root-region-scan-start]
2018-10-15T09:29:13.671+0200: 230.257: Total time for which application threads were stopped: 0.0536787 seconds, Stopping threads took: 0.0002037 seconds
2018-10-15T09:29:13.702+0200: 230.288: [GC concurrent-root-region-scan-end, 0.0307343 secs]
2018-10-15T09:29:13.702+0200: 230.288: [GC concurrent-mark-start]
2018-10-15T09:29:13.786+0200: 230.372: [GC concurrent-mark-end, 0.0837473 secs]
2018-10-15T09:29:13.786+0200: 230.372: Application time: 0.1145595 seconds
2018-10-15T09:29:13.786+0200: 230.372: [GC remark 2018-10-15T09:29:13.786+0200: 230.372: [Finalize Marking, 0.0007093 secs] 2018-10-15T09:29:13.787+0200: 230.373: [GC ref-proc, 0.0010986 secs] 2018-10-15T09:29:13.788+0200: 230.374: [Unloading, 0.0097126 secs], 0.0126060 secs]
 [Times: user=0.29 sys=0.00, real=0.01 secs] 
2018-10-15T09:29:13.799+0200: 230.385: Total time for which application threads were stopped: 0.0130324 seconds, Stopping threads took: 0.0001592 seconds
2018-10-15T09:29:13.799+0200: 230.385: Application time: 0.0000422 seconds
2018-10-15T09:29:13.799+0200: 230.385: [GC cleanup 4502M->3030M(8192M), 0.0070437 secs]
 [Times: user=0.17 sys=0.00, real=0.01 secs] 
2018-10-15T09:29:13.806+0200: 230.392: Total time for which application threads were stopped: 0.0073243 seconds, Stopping threads took: 0.0000495 seconds
2018-10-15T09:29:13.806+0200: 230.392: [GC concurrent-cleanup-start]
2018-10-15T09:29:13.808+0200: 230.394: [GC concurrent-cleanup-end, 0.0013373 secs]
2018-10-15T09:29:14.773+0200: 231.359: Application time: 0.9664608 seconds
2018-10-15T09:29:14.773+0200: 231.359: Total time for which application threads were stopped: 0.0003441 seconds, Stopping threads took: 0.0001118 seconds
2018-10-15T09:29:14.873+0200: 231.459: Application time: 0.1000822 seconds
2018-10-15T09:29:14.873+0200: 231.459: Total time for which application threads were stopped: 0.0001981 seconds, Stopping threads took: 0.0000838 seconds
2018-10-15T09:29:14.873+0200: 231.459: Application time: 0.0001106 seconds
2018-10-15T09:29:14.874+0200: 231.460: Total time for which application threads were stopped: 0.0001925 seconds, Stopping threads took: 0.0001205 seconds
2018-10-15T09:29:14.874+0200: 231.460: Application time: 0.0000451 seconds
2018-10-15T09:29:14.874+0200: 231.460: Total time for which application threads were stopped: 0.0001105 seconds, Stopping threads took: 0.0000498 seconds
2018-10-15T09:29:14.874+0200: 231.460: Application time: 0.0001293 seconds
2018-10-15T09:29:14.874+0200: 231.460: Total time for which application threads were stopped: 0.0001652 seconds, Stopping threads took: 0.0001019 seconds
2018-10-15T09:29:14.874+0200: 231.460: Application time: 0.0002067 seconds
2018-10-15T09:29:14.874+0200: 231.460: Total time for which application threads were stopped: 0.0001097 seconds, Stopping threads took: 0.0000498 seconds
2018-10-15T09:29:14.874+0200: 231.460: Application time: 0.0000518 seconds
2018-10-15T09:29:14.875+0200: 231.461: Total time for which application threads were stopped: 0.0001543 seconds, Stopping threads took: 0.0000971 seconds
2018-10-15T09:29:14.875+0200: 231.461: Application time: 0.0000341 seconds
2018-10-15T09:29:14.875+0200: 231.461: Total time for which application threads were stopped: 0.0001439 seconds, Stopping threads took: 0.0000870 seconds
2018-10-15T09:29:14.875+0200: 231.461: Application time: 0.0000383 seconds
2018-10-15T09:29:14.875+0200: 231.461: Total time for which application threads were stopped: 0.0001326 seconds, Stopping threads took: 0.0000792 seconds
2018-10-15T09:29:14.875+0200: 231.461: Application time: 0.0000945 seconds
2018-10-15T09:29:14.875+0200: 231.461: Total time for which application threads were stopped: 0.0000989 seconds, Stopping threads took: 0.0000442 seconds
2018-10-15T09:29:14.875+0200: 231.461: Application time: 0.0001023 seconds
2018-10-15T09:29:14.875+0200: 231.461: Total time for which application threads were stopped: 0.0001024 seconds, Stopping threads took: 0.0000486 seconds
2018-10-15T09:29:14.875+0200: 231.461: Application time: 0.0000419 seconds
2018-10-15T09:29:14.875+0200: 231.462: Total time for which application threads were stopped: 0.0001086 seconds, Stopping threads took: 0.0000378 seconds
2018-10-15T09:29:14.876+0200: 231.462: Application time: 0.0000915 seconds
2018-10-15T09:29:14.876+0200: 231.462: Total time for which application threads were stopped: 0.0002966 seconds, Stopping threads took: 0.0000885 seconds
2018-10-15T09:29:14.877+0200: 231.463: Application time: 0.0012409 seconds
2018-10-15T09:29:14.877+0200: 231.463: Total time for which application threads were stopped: 0.0000934 seconds, Stopping threads took: 0.0000194 seconds
2018-10-15T09:29:14.973+0200: 231.559: Application time: 0.0959243 seconds
2018-10-15T09:29:14.973+0200: 231.559: Total time for which application threads were stopped: 0.0001668 seconds, Stopping threads took: 0.0000683 seconds
2018-10-15T09:29:14.973+0200: 231.560: Application time: 0.0001824 seconds
2018-10-15T09:29:14.974+0200: 231.560: Total time for which application threads were stopped: 0.0000922 seconds, Stopping threads took: 0.0000172 seconds
2018-10-15T09:29:15.974+0200: 232.560: Application time: 1.0001436 seconds
2018-10-15T09:29:15.974+0200: 232.560: Total time for which application threads were stopped: 0.0002275 seconds, Stopping threads took: 0.0001047 seconds
2018-10-15T09:29:20.182+0200: 236.768: Application time: 4.2079064 seconds
2018-10-15T09:29:20.184+0200: 236.770: Total time for which application threads were stopped: 0.0023404 seconds, Stopping threads took: 0.0001084 seconds
2018-10-15T09:29:20.196+0200: 236.782: Application time: 0.0112917 seconds
2018-10-15T09:29:20.196+0200: 236.782: Total time for which application threads were stopped: 0.0004196 seconds, Stopping threads took: 0.0002047 seconds
2018-10-15T09:29:20.196+0200: 236.782: Application time: 0.0000652 seconds
2018-10-15T09:29:20.196+0200: 236.782: Total time for which application threads were stopped: 0.0001834 seconds, Stopping threads took: 0.0000973 seconds
2018-10-15T09:29:20.196+0200: 236.782: Application time: 0.0000508 seconds
2018-10-15T09:29:20.196+0200: 236.782: Total time for which application threads were stopped: 0.0001339 seconds, Stopping threads took: 0.0000628 seconds
2018-10-15T09:29:20.196+0200: 236.782: Application time: 0.0000451 seconds
2018-10-15T09:29:20.197+0200: 236.783: Total time for which application threads were stopped: 0.0001170 seconds, Stopping threads took: 0.0000481 seconds
2018-10-15T09:29:20.197+0200: 236.783: Application time: 0.0000435 seconds
2018-10-15T09:29:20.197+0200: 236.783: Total time for which application threads were stopped: 0.0001159 seconds, Stopping threads took: 0.0000482 seconds
2018-10-15T09:29:20.197+0200: 236.783: Application time: 0.0000422 seconds
2018-10-15T09:29:20.197+0200: 236.783: Total time for which application threads were stopped: 0.0001213 seconds, Stopping threads took: 0.0000536 seconds
2018-10-15T09:29:20.197+0200: 236.783: Application time: 0.0000422 seconds
2018-10-15T09:29:20.197+0200: 236.783: Total time for which application threads were stopped: 0.0001074 seconds, Stopping threads took: 0.0000414 seconds
2018-10-15T09:29:20.197+0200: 236.783: Application time: 0.0000412 seconds
2018-10-15T09:29:20.197+0200: 236.783: Total time for which application threads were stopped: 0.0001031 seconds, Stopping threads took: 0.0000362 seconds
2018-10-15T09:29:20.197+0200: 236.783: Application time: 0.0000420 seconds
2018-10-15T09:29:20.197+0200: 236.783: Total time for which application threads were stopped: 0.0001167 seconds, Stopping threads took: 0.0000495 seconds
2018-10-15T09:29:20.197+0200: 236.783: Application time: 0.0000410 seconds
2018-10-15T09:29:20.198+0200: 236.784: Total time for which application threads were stopped: 0.0001209 seconds, Stopping threads took: 0.0000542 seconds
2018-10-15T09:29:20.198+0200: 236.784: Application time: 0.0000412 seconds
2018-10-15T09:29:20.198+0200: 236.784: Total time for which application threads were stopped: 0.0001061 seconds, Stopping threads took: 0.0000407 seconds
2018-10-15T09:29:20.198+0200: 236.784: Application time: 0.0000401 seconds
2018-10-15T09:29:20.198+0200: 236.784: Total time for which application threads were stopped: 0.0001092 seconds, Stopping threads took: 0.0000418 seconds
2018-10-15T09:29:20.198+0200: 236.784: Application time: 0.0000409 seconds
2018-10-15T09:29:20.198+0200: 236.784: Total time for which application threads were stopped: 0.0000778 seconds, Stopping threads took: 0.0000165 seconds
2018-10-15T09:29:20.198+0200: 236.784: Application time: 0.0000395 seconds
2018-10-15T09:29:20.198+0200: 236.784: Total time for which application threads were stopped: 0.0000772 seconds, Stopping threads took: 0.0000152 seconds
2018-10-15T09:29:20.198+0200: 236.784: Application time: 0.0000410 seconds
2018-10-15T09:29:20.198+0200: 236.784: Total time for which application threads were stopped: 0.0000839 seconds, Stopping threads took: 0.0000198 seconds
2018-10-15T09:29:20.198+0200: 236.784: Application time: 0.0000398 seconds
2018-10-15T09:29:20.198+0200: 236.784: Total time for which application threads were stopped: 0.0000820 seconds, Stopping threads took: 0.0000198 seconds
2018-10-15T09:29:20.198+0200: 236.784: Application time: 0.0000417 seconds
2018-10-15T09:29:20.198+0200: 236.785: Total time for which application threads were stopped: 0.0001161 seconds, Stopping threads took: 0.0000197 seconds
2018-10-15T09:29:20.199+0200: 236.785: Application time: 0.0000415 seconds
2018-10-15T09:29:20.199+0200: 236.785: Total time for which application threads were stopped: 0.0000892 seconds, Stopping threads took: 0.0000230 seconds
2018-10-15T09:29:20.199+0200: 236.785: Application time: 0.0000408 seconds
2018-10-15T09:29:20.199+0200: 236.785: Total time for which application threads were stopped: 0.0000795 seconds, Stopping threads took: 0.0000173 seconds
2018-10-15T09:29:20.199+0200: 236.785: Application time: 0.0000404 seconds
2018-10-15T09:29:20.199+0200: 236.785: Total time for which application threads were stopped: 0.0000799 seconds, Stopping threads took: 0.0000175 seconds
2018-10-15T09:29:20.199+0200: 236.785: Application time: 0.0000412 seconds
2018-10-15T09:29:20.199+0200: 236.785: Total time for which application threads were stopped: 0.0000841 seconds, Stopping threads took: 0.0000195 seconds
2018-10-15T09:29:20.199+0200: 236.785: Application time: 0.0000403 seconds
2018-10-15T09:29:20.199+0200: 236.785: Total time for which application threads were stopped: 0.0000763 seconds, Stopping threads took: 0.0000148 seconds
2018-10-15T09:29:20.199+0200: 236.785: Application time: 0.0000412 seconds
2018-10-15T09:29:20.199+0200: 236.785: Total time for which application threads were stopped: 0.0000751 seconds, Stopping threads took: 0.0000148 seconds
2018-10-15T09:29:20.199+0200: 236.785: Application time: 0.0000398 seconds
2018-10-15T09:29:20.199+0200: 236.785: Total time for which application threads were stopped: 0.0000912 seconds, Stopping threads took: 0.0000260 seconds
2018-10-15T09:29:20.199+0200: 236.785: Application time: 0.0000406 seconds
2018-10-15T09:29:20.200+0200: 236.786: Total time for which application threads were stopped: 0.0001159 seconds, Stopping threads took: 0.0000176 seconds
2018-10-15T09:29:20.200+0200: 236.786: Application time: 0.0000412 seconds
2018-10-15T09:29:20.200+0200: 236.786: Total time for which application threads were stopped: 0.0000858 seconds, Stopping threads took: 0.0000198 seconds
2018-10-15T09:29:20.200+0200: 236.786: Application time: 0.0000415 seconds
2018-10-15T09:29:20.200+0200: 236.786: Total time for which application threads were stopped: 0.0000926 seconds, Stopping threads took: 0.0000271 seconds
2018-10-15T09:29:20.200+0200: 236.786: Application time: 0.0000447 seconds
2018-10-15T09:29:20.200+0200: 236.786: Total time for which application threads were stopped: 0.0000724 seconds, Stopping threads took: 0.0000281 seconds
2018-10-15T09:29:20.200+0200: 236.786: Application time: 0.0000344 seconds
2018-10-15T09:29:20.200+0200: 236.786: Total time for which application threads were stopped: 0.0000616 seconds, Stopping threads took: 0.0000154 seconds
2018-10-15T09:29:20.200+0200: 236.786: Application time: 0.0000335 seconds
2018-10-15T09:29:20.200+0200: 236.786: Total time for which application threads were stopped: 0.0000622 seconds, Stopping threads took: 0.0000158 seconds
2018-10-15T09:29:20.200+0200: 236.786: Application time: 0.0000350 seconds
2018-10-15T09:29:20.200+0200: 236.786: Total time for which application threads were stopped: 0.0000605 seconds, Stopping threads took: 0.0000151 seconds
2018-10-15T09:29:20.200+0200: 236.786: Application time: 0.0000316 seconds
2018-10-15T09:29:20.200+0200: 236.786: Total time for which application threads were stopped: 0.0000623 seconds, Stopping threads took: 0.0000152 seconds
2018-10-15T09:29:20.200+0200: 236.786: Application time: 0.0000490 seconds
2018-10-15T09:29:20.200+0200: 236.786: Total time for which application threads were stopped: 0.0000650 seconds, Stopping threads took: 0.0000194 seconds
2018-10-15T09:29:20.200+0200: 236.787: Application time: 0.0000358 seconds
2018-10-15T09:29:20.201+0200: 236.787: Total time for which application threads were stopped: 0.0000628 seconds, Stopping threads took: 0.0000167 seconds
2018-10-15T09:29:20.201+0200: 236.787: Application time: 0.0000338 seconds
2018-10-15T09:29:20.201+0200: 236.787: Total time for which application threads were stopped: 0.0000626 seconds, Stopping threads took: 0.0000157 seconds
2018-10-15T09:29:20.201+0200: 236.787: Application time: 0.0000324 seconds
2018-10-15T09:29:20.201+0200: 236.787: Total time for which application threads were stopped: 0.0000618 seconds, Stopping threads took: 0.0000155 seconds
2018-10-15T09:29:20.201+0200: 236.787: Application time: 0.0000332 seconds
2018-10-15T09:29:20.201+0200: 236.787: Total time for which application threads were stopped: 0.0001797 seconds, Stopping threads took: 0.0000153 seconds
2018-10-15T09:29:20.201+0200: 236.787: Application time: 0.0000320 seconds
2018-10-15T09:29:20.201+0200: 236.787: Total time for which application threads were stopped: 0.0001436 seconds, Stopping threads took: 0.0000150 seconds
2018-10-15T09:29:21.201+0200: 237.787: Application time: 1.0001735 seconds
2018-10-15T09:29:21.202+0200: 237.788: Total time for which application threads were stopped: 0.0005463 seconds, Stopping threads took: 0.0000884 seconds
Heap
 garbage-first heap   total 8388608K, used 4958208K [0x00000005c0000000, 0x00000005c0404000, 0x00000007c0000000)
  region size 4096K, 611 young (2502656K), 61 survivors (249856K)
 Metaspace       used 74334K, capacity 76638K, committed 79644K, reserved 1118208K
  class space    used 10641K, capacity 11060K, committed 11596K, reserved 1048576K
2018-10-15T09:29:25.495+0200: 242.081: Application time: 4.2927518 seconds
